INFO: [vitis-run 60-1548] Creating build summary session with primary output /home/silvenchen/Desktop/DitBlock/WorkDCT/DitBlock/DitBlock/DitBlock.hlsrun_csim_summary, at Thu Feb 13 21:24:46 2025
INFO: [vitis-run 82-31] Launching vitis_hls: vitis_hls -nolog -run csim -work_dir /home/silvenchen/Desktop/DitBlock/WorkDCT/DitBlock/DitBlock -config /home/silvenchen/Desktop/DitBlock/WorkDCT/DitBlock/hls_config.cfg -cmdlineconfig /home/silvenchen/Desktop/DitBlock/WorkDCT/DitBlock/DitBlock/hls/config.cmdline

****** Vitis HLS - High-Level Synthesis from C, C++ and OpenCL v2023.2 (64-bit)
  **** SW Build 4023990 on Oct 11 2023
  **** IP Build 4028589 on Sat Oct 14 00:45:43 MDT 2023
  **** SharedData Build 4025554 on Tue Oct 10 17:18:54 MDT 2023
    ** Copyright 1986-2022 Xilinx, Inc. All Rights Reserved.
    ** Copyright 2022-2023 Advanced Micro Devices, Inc. All Rights Reserved.

source /tools/Xilinx/Vitis_HLS/2023.2/scripts/vitis_hls/hls.tcl -notrace
INFO: [HLS 200-10] Running '/tools/Xilinx/Vitis_HLS/2023.2/bin/unwrapped/lnx64.o/vitis_hls'
INFO: [HLS 200-10] For user 'silvenchen' on host 'silvenchen-ASUS-TUF-Gaming-F15-FX507ZM-FX507ZM' (Linux_x86_64 version 5.19.0-32-generic) on Thu Feb 13 21:24:47 CST 2025
INFO: [HLS 200-10] On os Ubuntu 22.04.2 LTS
INFO: [HLS 200-10] In directory '/home/silvenchen/Desktop/DitBlock/WorkDCT/DitBlock'
INFO: [HLS 200-1909] Reading HLS ini file /home/silvenchen/Desktop/DitBlock/WorkDCT/DitBlock/hls_config.cfg
INFO: [HLS 200-1909] Reading HLS ini file /home/silvenchen/Desktop/DitBlock/WorkDCT/DitBlock/DitBlock/hls/config.cmdline
INFO: [HLS 200-2005] Using work_dir /home/silvenchen/Desktop/DitBlock/WorkDCT/DitBlock/DitBlock 
INFO: [HLS 200-1510] Running: open_project /home/silvenchen/Desktop/DitBlock/WorkDCT/DitBlock/DitBlock -diskless 
INFO: [HLS 200-1510] Running: open_solution hls 
INFO: [HLS 200-1505] Using default flow_target 'vivado'
Resolution: For help on HLS 200-1505 see docs.xilinx.com/access/sources/dita/topic?Doc_Version=2023.2%20English&url=ug1448-hls-guidance&resourceid=200-1505.html
INFO: [HLS 200-1510] Running: apply_ini /home/silvenchen/Desktop/DitBlock/WorkDCT/DitBlock/hls_config.cfg 
INFO: [HLS 200-1909] Reading HLS ini file /home/silvenchen/Desktop/DitBlock/WorkDCT/DitBlock/hls_config.cfg
INFO: [HLS 200-1465] Applying ini 'syn.file=kernel.cpp' at /home/silvenchen/Desktop/DitBlock/WorkDCT/DitBlock/hls_config.cfg(8)
INFO: [HLS 200-10] Adding design file '/home/silvenchen/Desktop/DitBlock/WorkDCT/DitBlock/kernel.cpp' to the project
INFO: [HLS 200-1465] Applying ini 'syn.file=kernel.h' at /home/silvenchen/Desktop/DitBlock/WorkDCT/DitBlock/hls_config.cfg(9)
INFO: [HLS 200-10] Adding design file '/home/silvenchen/Desktop/DitBlock/WorkDCT/DitBlock/kernel.h' to the project
INFO: [HLS 200-1465] Applying ini 'tb.file=tb_dit.cpp' at /home/silvenchen/Desktop/DitBlock/WorkDCT/DitBlock/hls_config.cfg(10)
INFO: [HLS 200-10] Adding test bench file '/home/silvenchen/Desktop/DitBlock/WorkDCT/DitBlock/tb_dit.cpp' to the project
INFO: [HLS 200-1465] Applying ini 'syn.top=allo_DDitBlock' at /home/silvenchen/Desktop/DitBlock/WorkDCT/DitBlock/hls_config.cfg(11)
INFO: [HLS 200-1465] Applying ini 'flow_target=vivado' at /home/silvenchen/Desktop/DitBlock/WorkDCT/DitBlock/hls_config.cfg(4)
INFO: [HLS 200-1505] Using flow_target 'vivado'
Resolution: For help on HLS 200-1505 see docs.xilinx.com/access/sources/dita/topic?Doc_Version=2023.2%20English&url=ug1448-hls-guidance&resourceid=200-1505.html
INFO: [HLS 200-1465] Applying ini 'part=xcu280-fsvh2892-2L-e' at /home/silvenchen/Desktop/DitBlock/WorkDCT/DitBlock/hls_config.cfg(1)
INFO: [HLS 200-1611] Setting target device to 'xcu280-fsvh2892-2L-e'
INFO: [HLS 200-1465] Applying ini 'clock=100MHz' at /home/silvenchen/Desktop/DitBlock/WorkDCT/DitBlock/hls_config.cfg(7)
INFO: [SYN 201-201] Setting up clock 'default' with a period of 10ns.
INFO: [HLS 200-1465] Applying ini 'package.output.format=ip_catalog' at /home/silvenchen/Desktop/DitBlock/WorkDCT/DitBlock/hls_config.cfg(5)
INFO: [HLS 200-1510] Running: apply_ini /home/silvenchen/Desktop/DitBlock/WorkDCT/DitBlock/DitBlock/hls/config.cmdline 
INFO: [HLS 200-1909] Reading HLS ini file /home/silvenchen/Desktop/DitBlock/WorkDCT/DitBlock/DitBlock/hls/config.cmdline
INFO: [HLS 200-1510] Running: csim_design 
INFO: [SIM 211-2] *************** CSIM start ***************
INFO: [SIM 211-4] CSIM will launch GCC as the compiler.
INFO: [HLS 200-2036] Building debug C Simulation binaries
   Compiling ../../../../kernel.cpp in debug mode
   Generating csim.exe
make: Warning: File '/dev/null' has modification time 13105 s in the future
make: warning:  Clock skew detected.  Your build may be incomplete.
start loading files
finish loading files
Input Address: 0x7f2e2cdff010
Gamma_arr Address: 0x2370af0
Beta Address: 0x2371300
start computing
0.37832	-1.32609	0.125043	-1.12969	-1.146	1.91383	-0.574215	-1.06487	0.355258	1.87684	0.645132	0.0977266	1.35905	-0.52002	-0.664366	0.467366	0.488767	-0.473909	1.1032	-0.232694	-1.37637	-1.94663	0.143939	-0.562479	0.936583	-0.108921	1.29246	-0.346686	0.0462334	0.0016116	3.03964	0.755603	1.30485	1.10635	-1.2951	1.15759	0.916349	2.41326	0.203636	-0.296418	-0.221065	-0.124716	0.288353	0.602504	0.192313	0.274053	-0.219569	-1.2525	0.371138	0.990621	1.35427	-0.290532	-1.72642	1.26406	1.19415	0.0515639	-0.250841	0.324163	-0.613581	-1.13262	-1.69195	1.99337	-0.976293	0.349744	1.25221	0.817861	-0.0604699	-0.765298	0.200776	0.196068	-1.0471	0.198841	-0.296422	0.567609	0.279448	0.741858	1.84014	0.555478	-0.875782	-0.180541	0.434103	-1.36599	1.36183	1.22843	-2.5367	0.462816	-0.061276	0.59279	0.95177	-1.02455	0.566096	-0.281848	-0.634404	0.462523	0.00377231	0.584803	0.073374	1.25193	0.454071	-0.0178489	-0.554427	-1.07946	-0.525071	-0.932719	1.65253	-1.01902	0.222375	-0.104327	1.31998	0.3264	0.533874	-0.915329	-1.40564	0.671132	-1.49303	0.767055	-0.33607	-1.45936	1.22181	-1.96017	0.0968173	0.69681	-0.511598	0.366654	0.518076	0.621853	0.852155	-0.246864	0.67366	0.0512183	-0.847413	0.729953	0.6063	0.25619	-0.770677	0.796657	-0.995629	-0.370415	-0.548422	-0.126881	0.124153	0.446611	1.43127	-0.42871	-1.29946	-0.241257	-0.277004	0.353462	1.87071	-1.67611	0.42258	-0.59159	1.13578	0.369234	1.00654	-1.02489	-0.232332	0.337119	-1.22858	-1.5521	0.563992	-0.086437	-1.28575	1.19773	0.749891	-0.716696	-1.64811	-1.98249	-0.175841	1.02071	-0.801553	2.46162	-1.24466	1.55547	-1.38596	-0.722466	0.441945	0.909689	0.464696	-1.4345	1.43764	0.302507	-0.805186	-0.382325	-0.538527	-1.13284	-1.079	-0.626576	-2.02787	1.35931	-0.537225	0.913426	0.723138	0.129256	-1.14251	-0.140951	-1.16025	-0.214977	0.0412597	0.541548	0.847514	0.536698	-0.301453	0.730794	0.117865	-0.509895	-0.823351	1.81166	-2.06933	-1.43352	-0.241332	0.598172	0.50869	-0.705654	0.163076	1.58214	1.80222	1.21648	0.516619	0.712449	0.384682	-0.490726	-1.2731	-0.281383	0.566793	0.0160731	0.97081	0.276072	-1.37121	-0.672468	-0.791146	-1.84854	-0.108896	1.51627	0.812622	1.2604	0.507893	-0.886976	-2.37828	-0.17749	1.69178	2.35785	1.71705	-0.459428	1.02275	0.0800579	-0.547805	-0.281525	0.42563	-1.34964	0.927775	0.297949	-1.84275	-0.0889433	0.203949	0.4582	-0.0646507	-0.221814	-0.0439144	1.06658	-0.898072	-0.502646	-0.171482	2.89865	-0.946335	0.147083	-0.682267	-1.77906	-0.202746	1.65817	-3.01437	-1.83583	2.16102	-0.620323	0.0313907	-0.769092	1.68238	0.281266	0.0805315	-0.982621	-0.0542375	-1.70268	-1.44697	0.0279047	0.729908	-1.56911	-0.0820894	0.814383	1.27114	2.99956	-1.01989	-1.0973	0.746596	-0.056898	0.677722	0.891492	0.668003	0.259228	-0.689629	-0.731804	-0.759594	-0.906109	0.273529	-1.14665	0.111156	0.0127346	1.3441	0.69189	-0.272466	-0.152129	1.90761	0.176688	1.50266	0.583322	0.247892	-0.644294	0.378895	2.27538	-0.351702	0.175424	-2.53743	0.216862	0.556152	-0.522303	-0.232018	1.08438	-0.718429	-1.92103	0.342298	1.9695	0.597753	-0.723089	-0.000502594	1.13042	0.0470919	-1.11675	-1.50304	-1.30163	0.458043	1.93503	-0.254795	-0.974717	-1.77929	-0.581029	-0.965753	0.00698958	1.14207	-0.278776	1.28299	1.03011	-0.790337	0.0470256	-0.198483	0.50728	-0.52095	0.497632	-0.373385	-1.81419	-0.173547	-0.0955897	0.297213	-0.146559	0.142654	0.888217	0.10765	0.623733	0.0188875	1.67137	-0.163279	-0.319578	-1.60564	0.415665	-1.49121	1.61878	-1.21283	-0.537494	-0.859482	-1.1696	0.00480241	0.0185586	0.0634687	0.860078	0.529915	0.829185	1.14841	0.904996	1.25538	0.00978036	-0.0847321	0.387728	2.08193	-0.654007	-0.0554364	-1.48567	-0.716608	-0.223399	0.480396	0.483576	-0.245887	2.03376	-0.542115	0.810264	2.41249	1.5334	1.58197	-1.37659	1.005	0.517542	-2.42346	-0.761674	-1.62126	-0.0478774	0.965633	0.178518	0.016717	0.243521	0.556263	1.29588	-1.53121	1.57781	-0.0409499	-1.06652	0.178064	-0.616542	-2.00284	-0.0490749	-0.357848	0.299665	0.743819	1.42178	0.0253296	0.309435	0.265108	0.336347	0.655519	-0.727905	-1.07565	-1.39253	0.879118	-1.30547	-0.287627	0.870571	-1.85587	0.0875966	-2.25355	-0.39383	0.353204	-1.36432	-0.9709