

================================================================
== Vitis HLS Report for 'adaLN_modulate'
================================================================
* Date:           Mon Feb 17 20:37:37 2025

* Version:        2023.2 (Build 4023990 on Oct 11 2023)
* Project:        DitBlock
* Solution:       hls (Vivado IP Flow Target)
* Product family: virtexuplusHBM
* Target device:  xcu280-fsvh2892-2L-e


================================================================
== Performance Estimates
================================================================
+ Timing: 
    * Summary: 
    +--------+----------+----------+------------+
    |  Clock |  Target  | Estimated| Uncertainty|
    +--------+----------+----------+------------+
    |ap_clk  |  10.00 ns|  6.536 ns|     2.70 ns|
    +--------+----------+----------+------------+

+ Latency: 
    * Summary: 
    +---------+---------+----------+----------+--------+--------+---------+
    |  Latency (cycles) |  Latency (absolute) |     Interval    | Pipeline|
    |   min   |   max   |    min   |    max   |   min  |   max  |   Type  |
    +---------+---------+----------+----------+--------+--------+---------+
    |   134219|   134219|  1.342 ms|  1.342 ms|  134219|  134219|       no|
    +---------+---------+----------+----------+--------+--------+---------+

    + Detail: 
        * Instance: 
        +----------------------------------------------------------+-----------------------------------------------+---------+---------+-----------+-----------+------+------+----------+
        |                                                          |                                               |  Latency (cycles) |   Latency (absolute)  |   Interval  | Pipeline |
        |                         Instance                         |                     Module                    |   min   |   max   |    min    |    max    |  min |  max |   Type   |
        +----------------------------------------------------------+-----------------------------------------------+---------+---------+-----------+-----------+------+------+----------+
        |grp_adaLN_modulate_Pipeline_VITIS_LOOP_466_2_fu_118       |adaLN_modulate_Pipeline_VITIS_LOOP_466_2       |      514|      514|   5.140 us|   5.140 us|   514|   514|        no|
        |grp_adaLN_modulate_Pipeline_l_load_A_tile_ak_fu_124       |adaLN_modulate_Pipeline_l_load_A_tile_ak       |      130|      130|   1.300 us|   1.300 us|   130|   130|        no|
        |grp_adaLN_modulate_Pipeline_l_load_B_tile_bk_l_bj_fu_132  |adaLN_modulate_Pipeline_l_load_B_tile_bk_l_bj  |     1026|     1026|  10.260 us|  10.260 us|  1026|  1026|        no|
        |grp_adaLN_modulate_Pipeline_l_bias_add_fu_147             |adaLN_modulate_Pipeline_l_bias_add             |      518|      518|   5.180 us|   5.180 us|   518|   518|        no|
        |grp_systolic_tile_modulate_fu_156                         |systolic_tile_modulate                         |     1039|     1039|  10.390 us|  10.390 us|  1028|  1028|  dataflow|
        |grp_adaLN_modulate_Pipeline_l_store_C_tile_sj_fu_177      |adaLN_modulate_Pipeline_l_store_C_tile_sj      |       10|       10|   0.100 us|   0.100 us|    10|    10|        no|
        +----------------------------------------------------------+-----------------------------------------------+---------+---------+-----------+-----------+------+------+----------+

        * Loop: 
        +----------+---------+---------+----------+-----------+-----------+------+----------+
        |          |  Latency (cycles) | Iteration|  Initiation Interval  | Trip |          |
        | Loop Name|   min   |   max   |  Latency |  achieved |   target  | Count| Pipelined|
        +----------+---------+---------+----------+-----------+-----------+------+----------+
        |- l_ni    |   133184|   133184|      2081|          -|          -|    64|        no|
        +----------+---------+---------+----------+-----------+-----------+------+----------+



================================================================
== Utilization Estimates
================================================================
* Summary: 
+---------------------+---------+------+---------+---------+-----+
|         Name        | BRAM_18K|  DSP |    FF   |   LUT   | URAM|
+---------------------+---------+------+---------+---------+-----+
|DSP                  |        -|     -|        -|        -|    -|
|Expression           |        -|     -|        0|       49|    -|
|FIFO                 |        -|     -|        -|        -|    -|
|Instance             |        -|    42|     4980|     6052|    -|
|Memory               |        1|     -|      288|      585|    0|
|Multiplexer          |        -|     -|        -|      485|    -|
|Register             |        -|     -|      287|        -|    -|
+---------------------+---------+------+---------+---------+-----+
|Total                |        1|    42|     5555|     7171|    0|
+---------------------+---------+------+---------+---------+-----+
|Available SLR        |     1344|  3008|   869120|   434560|  320|
+---------------------+---------+------+---------+---------+-----+
|Utilization SLR (%)  |       ~0|     1|       ~0|        1|    0|
+---------------------+---------+------+---------+---------+-----+
|Available            |     4032|  9024|  2607360|  1303680|  960|
+---------------------+---------+------+---------+---------+-----+
|Utilization (%)      |       ~0|    ~0|       ~0|       ~0|    0|
+---------------------+---------+------+---------+---------+-----+

+ Detail: 
    * Instance: 
    +----------------------------------------------------------+-----------------------------------------------+---------+----+------+------+-----+
    |                         Instance                         |                     Module                    | BRAM_18K| DSP|  FF  |  LUT | URAM|
    +----------------------------------------------------------+-----------------------------------------------+---------+----+------+------+-----+
    |grp_adaLN_modulate_Pipeline_VITIS_LOOP_466_2_fu_118       |adaLN_modulate_Pipeline_VITIS_LOOP_466_2       |        0|   0|    12|    62|    0|
    |grp_adaLN_modulate_Pipeline_l_bias_add_fu_147             |adaLN_modulate_Pipeline_l_bias_add             |        0|   2|   441|   363|    0|
    |grp_adaLN_modulate_Pipeline_l_load_A_tile_ak_fu_124       |adaLN_modulate_Pipeline_l_load_A_tile_ak       |        0|   0|    19|    69|    0|
    |grp_adaLN_modulate_Pipeline_l_load_B_tile_bk_l_bj_fu_132  |adaLN_modulate_Pipeline_l_load_B_tile_bk_l_bj  |        0|   0|    37|   178|    0|
    |grp_adaLN_modulate_Pipeline_l_store_C_tile_sj_fu_177      |adaLN_modulate_Pipeline_l_store_C_tile_sj      |        0|   0|     6|   110|    0|
    |grp_systolic_tile_modulate_fu_156                         |systolic_tile_modulate                         |        0|  40|  4465|  5270|    0|
    +----------------------------------------------------------+-----------------------------------------------+---------+----+------+------+-----+
    |Total                                                     |                                               |        0|  42|  4980|  6052|    0|
    +----------------------------------------------------------+-----------------------------------------------+---------+----+------+------+-----+

    * DSP: 
    N/A

    * Memory: 
    +-------------+----------------------------------------+---------+----+----+-----+------+-----+------+-------------+
    |    Memory   |                 Module                 | BRAM_18K| FF | LUT| URAM| Words| Bits| Banks| W*Bits*Banks|
    +-------------+----------------------------------------+---------+----+----+-----+------+-----+------+-------------+
    |Y_0_U        |adaLN_modulate_Y_0_RAM_AUTO_1R1W        |        1|   0|   0|    0|   512|   32|     1|        16384|
    |local_A_0_U  |adaLN_modulate_local_A_0_RAM_AUTO_1R1W  |        0|  32|  65|    0|   128|   32|     1|         4096|
    |local_B_U    |adaLN_modulate_local_A_0_RAM_AUTO_1R1W  |        0|  32|  65|    0|   128|   32|     1|         4096|
    |local_B_1_U  |adaLN_modulate_local_A_0_RAM_AUTO_1R1W  |        0|  32|  65|    0|   128|   32|     1|         4096|
    |local_B_2_U  |adaLN_modulate_local_A_0_RAM_AUTO_1R1W  |        0|  32|  65|    0|   128|   32|     1|         4096|
    |local_B_3_U  |adaLN_modulate_local_A_0_RAM_AUTO_1R1W  |        0|  32|  65|    0|   128|   32|     1|         4096|
    |local_B_4_U  |adaLN_modulate_local_A_0_RAM_AUTO_1R1W  |        0|  32|  65|    0|   128|   32|     1|         4096|
    |local_B_5_U  |adaLN_modulate_local_A_0_RAM_AUTO_1R1W  |        0|  32|  65|    0|   128|   32|     1|         4096|
    |local_B_6_U  |adaLN_modulate_local_A_0_RAM_AUTO_1R1W  |        0|  32|  65|    0|   128|   32|     1|         4096|
    |local_B_7_U  |adaLN_modulate_local_A_0_RAM_AUTO_1R1W  |        0|  32|  65|    0|   128|   32|     1|         4096|
    +-------------+----------------------------------------+---------+----+----+-----+------+-----+------+-------------+
    |Total        |                                        |        1| 288| 585|    0|  1664|  320|    10|        53248|
    +-------------+----------------------------------------+---------+----+----+-----+------+-----+------+-------------+

    * FIFO: 
    N/A

    * Expression: 
    +----------------------------------------------------+----------+----+---+----+------------+------------+
    |                    Variable Name                   | Operation| DSP| FF| LUT| Bitwidth P0| Bitwidth P1|
    +----------------------------------------------------+----------+----+---+----+------------+------------+
    |add_ln421_fu_205_p2                                 |         +|   0|  0|  14|           7|           1|
    |icmp_ln421_fu_199_p2                                |      icmp|   0|  0|  15|           7|           8|
    |v228_fu_211_p2                                      |      icmp|   0|  0|  14|           7|           1|
    |ap_block_state4_on_subcall_done                     |        or|   0|  0|   2|           1|           1|
    |ap_sync_grp_systolic_tile_modulate_fu_156_ap_done   |        or|   0|  0|   2|           1|           1|
    |ap_sync_grp_systolic_tile_modulate_fu_156_ap_ready  |        or|   0|  0|   2|           1|           1|
    +----------------------------------------------------+----------+----+---+----+------------+------------+
    |Total                                               |          |   0|  0|  49|          24|          13|
    +----------------------------------------------------+----------+----+---+----+------------+------------+

    * Multiplexer: 
    +--------------------+----+-----------+-----+-----------+
    |        Name        | LUT| Input Size| Bits| Total Bits|
    +--------------------+----+-----------+-----+-----------+
    |Y_0_address0        |  20|          4|    9|         36|
    |Y_0_ce0             |  20|          4|    1|          4|
    |Y_0_ce1             |   9|          2|    1|          2|
    |Y_0_d0              |  20|          4|   32|        128|
    |Y_0_we0             |  20|          4|    1|          4|
    |ap_NS_fsm           |  54|         10|    1|         10|
    |local_A_0_address0  |  14|          3|    7|         21|
    |local_A_0_ce0       |  14|          3|    1|          3|
    |local_A_0_we0       |   9|          2|    1|          2|
    |local_B_1_address0  |  14|          3|    7|         21|
    |local_B_1_ce0       |  14|          3|    1|          3|
    |local_B_1_we0       |   9|          2|    1|          2|
    |local_B_2_address0  |  14|          3|    7|         21|
    |local_B_2_ce0       |  14|          3|    1|          3|
    |local_B_2_we0       |   9|          2|    1|          2|
    |local_B_3_address0  |  14|          3|    7|         21|
    |local_B_3_ce0       |  14|          3|    1|          3|
    |local_B_3_we0       |   9|          2|    1|          2|
    |local_B_4_address0  |  14|          3|    7|         21|
    |local_B_4_ce0       |  14|          3|    1|          3|
    |local_B_4_we0       |   9|          2|    1|          2|
    |local_B_5_address0  |  14|          3|    7|         21|
    |local_B_5_ce0       |  14|          3|    1|          3|
    |local_B_5_we0       |   9|          2|    1|          2|
    |local_B_6_address0  |  14|          3|    7|         21|
    |local_B_6_ce0       |  14|          3|    1|          3|
    |local_B_6_we0       |   9|          2|    1|          2|
    |local_B_7_address0  |  14|          3|    7|         21|
    |local_B_7_ce0       |  14|          3|    1|          3|
    |local_B_7_we0       |   9|          2|    1|          2|
    |local_B_address0    |  14|          3|    7|         21|
    |local_B_ce0         |  14|          3|    1|          3|
    |local_B_we0         |   9|          2|    1|          2|
    |ni_fu_42            |   9|          2|    7|         14|
    +--------------------+----+-----------+-----+-----------+
    |Total               | 485|        102|  133|        432|
    +--------------------+----+-----------+-----+-----------+

    * Register: 
    +-----------------------------------------------------------------------+----+----+-----+-----------+
    |                                  Name                                 | FF | LUT| Bits| Const Bits|
    +-----------------------------------------------------------------------+----+----+-----+-----------+
    |ap_CS_fsm                                                              |   9|   0|    9|          0|
    |ap_sync_reg_grp_systolic_tile_modulate_fu_156_ap_done                  |   1|   0|    1|          0|
    |ap_sync_reg_grp_systolic_tile_modulate_fu_156_ap_ready                 |   1|   0|    1|          0|
    |grp_adaLN_modulate_Pipeline_VITIS_LOOP_466_2_fu_118_ap_start_reg       |   1|   0|    1|          0|
    |grp_adaLN_modulate_Pipeline_l_bias_add_fu_147_ap_start_reg             |   1|   0|    1|          0|
    |grp_adaLN_modulate_Pipeline_l_load_A_tile_ak_fu_124_ap_start_reg       |   1|   0|    1|          0|
    |grp_adaLN_modulate_Pipeline_l_load_B_tile_bk_l_bj_fu_132_ap_start_reg  |   1|   0|    1|          0|
    |grp_adaLN_modulate_Pipeline_l_store_C_tile_sj_fu_177_ap_start_reg      |   1|   0|    1|          0|
    |grp_systolic_tile_modulate_fu_156_ap_start_reg                         |   1|   0|    1|          0|
    |local_C_0_1_fu_86                                                      |  32|   0|   32|          0|
    |local_C_0_2_fu_90                                                      |  32|   0|   32|          0|
    |local_C_0_3_fu_94                                                      |  32|   0|   32|          0|
    |local_C_0_4_fu_98                                                      |  32|   0|   32|          0|
    |local_C_0_5_fu_102                                                     |  32|   0|   32|          0|
    |local_C_0_6_fu_106                                                     |  32|   0|   32|          0|
    |local_C_0_7_fu_110                                                     |  32|   0|   32|          0|
    |local_C_0_fu_82                                                        |  32|   0|   32|          0|
    |ni_fu_42                                                               |   7|   0|    7|          0|
    |tmp_s_reg_331                                                          |   6|   0|    9|          3|
    |v228_reg_326                                                           |   1|   0|    1|          0|
    +-----------------------------------------------------------------------+----+----+-----+-----------+
    |Total                                                                  | 287|   0|  290|          3|
    +-----------------------------------------------------------------------+----+----+-----+-----------+



================================================================
== Interface
================================================================
* Summary: 
+-----------------+-----+-----+------------+----------------+--------------+
|    RTL Ports    | Dir | Bits|  Protocol  |  Source Object |    C Type    |
+-----------------+-----+-----+------------+----------------+--------------+
|ap_clk           |   in|    1|  ap_ctrl_hs|  adaLN_modulate|  return value|
|ap_rst           |   in|    1|  ap_ctrl_hs|  adaLN_modulate|  return value|
|ap_start         |   in|    1|  ap_ctrl_hs|  adaLN_modulate|  return value|
|ap_done          |  out|    1|  ap_ctrl_hs|  adaLN_modulate|  return value|
|ap_idle          |  out|    1|  ap_ctrl_hs|  adaLN_modulate|  return value|
|ap_ready         |  out|    1|  ap_ctrl_hs|  adaLN_modulate|  return value|
|v236_0_address0  |  out|    7|   ap_memory|          v236_0|         array|
|v236_0_ce0       |  out|    1|   ap_memory|          v236_0|         array|
|v236_0_q0        |   in|   32|   ap_memory|          v236_0|         array|
|v237_address0    |  out|   16|   ap_memory|            v237|         array|
|v237_ce0         |  out|    1|   ap_memory|            v237|         array|
|v237_q0          |   in|   32|   ap_memory|            v237|         array|
|v238_address0    |  out|    9|   ap_memory|            v238|         array|
|v238_ce0         |  out|    1|   ap_memory|            v238|         array|
|v238_q0          |   in|   32|   ap_memory|            v238|         array|
|v239_address0    |  out|    9|   ap_memory|            v239|         array|
|v239_ce0         |  out|    1|   ap_memory|            v239|         array|
|v239_we0         |  out|    1|   ap_memory|            v239|         array|
|v239_d0          |  out|   32|   ap_memory|            v239|         array|
+-----------------+-----+-----+------------+----------------+--------------+

