

================================================================
== Vitis HLS Report for 'allo_DDitBlock_Pipeline_VITIS_LOOP_25175_7_VITIS_LOOP_25176_8'
================================================================
* Date:           Mon Feb 17 20:37:38 2025

* Version:        2023.2 (Build 4023990 on Oct 11 2023)
* Project:        DitBlock
* Solution:       hls (Vivado IP Flow Target)
* Product family: virtexuplusHBM
* Target device:  xcu280-fsvh2892-2L-e


================================================================
== Performance Estimates
================================================================
+ Timing: 
    * Summary: 
    +--------+----------+----------+------------+
    |  Clock |  Target  | Estimated| Uncertainty|
    +--------+----------+----------+------------+
    |ap_clk  |  10.00 ns|  3.061 ns|     2.70 ns|
    +--------+----------+----------+------------+

+ Latency: 
    * Summary: 
    +---------+---------+----------+----------+-------+-------+---------+
    |  Latency (cycles) |  Latency (absolute) |    Interval   | Pipeline|
    |   min   |   max   |    min   |    max   |  min  |  max  |   Type  |
    +---------+---------+----------+----------+-------+-------+---------+
    |    65538|    65538|  0.655 ms|  0.655 ms|  65538|  65538|       no|
    +---------+---------+----------+----------+-------+-------+---------+

    + Detail: 
        * Instance: 
        N/A

        * Loop: 
        +-----------------------------------------+---------+---------+----------+-----------+-----------+-------+----------+
        |                                         |  Latency (cycles) | Iteration|  Initiation Interval  |  Trip |          |
        |                Loop Name                |   min   |   max   |  Latency |  achieved |   target  | Count | Pipelined|
        +-----------------------------------------+---------+---------+----------+-----------+-----------+-------+----------+
        |- VITIS_LOOP_25175_7_VITIS_LOOP_25176_8  |    65536|    65536|         2|          1|          1|  65536|       yes|
        +-----------------------------------------+---------+---------+----------+-----------+-----------+-------+----------+



================================================================
== Utilization Estimates
================================================================
* Summary: 
+---------------------+---------+------+---------+---------+-----+
|         Name        | BRAM_18K|  DSP |    FF   |   LUT   | URAM|
+---------------------+---------+------+---------+---------+-----+
|DSP                  |        -|     -|        -|        -|    -|
|Expression           |        -|     -|        0|      142|    -|
|FIFO                 |        -|     -|        -|        -|    -|
|Instance             |        -|     -|        -|        -|    -|
|Memory               |        -|     -|        -|        -|    -|
|Multiplexer          |        -|     -|        -|       54|    -|
|Register             |        -|     -|       55|        -|    -|
+---------------------+---------+------+---------+---------+-----+
|Total                |        0|     0|       55|      196|    0|
+---------------------+---------+------+---------+---------+-----+
|Available SLR        |     1344|  3008|   869120|   434560|  320|
+---------------------+---------+------+---------+---------+-----+
|Utilization SLR (%)  |        0|     0|       ~0|       ~0|    0|
+---------------------+---------+------+---------+---------+-----+
|Available            |     4032|  9024|  2607360|  1303680|  960|
+---------------------+---------+------+---------+---------+-----+
|Utilization (%)      |        0|     0|       ~0|       ~0|    0|
+---------------------+---------+------+---------+---------+-----+

+ Detail: 
    * Instance: 
    N/A

    * DSP: 
    N/A

    * Memory: 
    N/A

    * FIFO: 
    N/A

    * Expression: 
    +----------------------------+----------+----+---+----+------------+------------+
    |        Variable Name       | Operation| DSP| FF| LUT| Bitwidth P0| Bitwidth P1|
    +----------------------------+----------+----+---+----+------------+------------+
    |add_ln25175_1_fu_110_p2     |         +|   0|  0|  24|          17|           1|
    |add_ln25175_fu_122_p2       |         +|   0|  0|  15|           8|           1|
    |add_ln25176_fu_177_p2       |         +|   0|  0|  17|          10|           1|
    |add_ln25177_fu_166_p2       |         +|   0|  0|  23|          16|          16|
    |icmp_ln25175_fu_104_p2      |      icmp|   0|  0|  25|          17|          18|
    |icmp_ln25176_fu_128_p2      |      icmp|   0|  0|  18|          10|          11|
    |select_ln25175_1_fu_142_p3  |    select|   0|  0|   8|           1|           8|
    |select_ln25175_fu_134_p3    |    select|   0|  0|  10|           1|           1|
    |ap_enable_pp0               |       xor|   0|  0|   2|           1|           2|
    +----------------------------+----------+----+---+----+------------+------------+
    |Total                       |          |   0|  0| 142|          81|          59|
    +----------------------------+----------+----+---+----+------------+------------+

    * Multiplexer: 
    +-------------------------+----+-----------+-----+-----------+
    |           Name          | LUT| Input Size| Bits| Total Bits|
    +-------------------------+----+-----------+-----+-----------+
    |ap_done_int              |   9|          2|    1|          2|
    |ap_enable_reg_pp0_iter1  |   9|          2|    1|          2|
    |ap_enable_reg_pp0_iter2  |   9|          2|    1|          2|
    |i_3_fu_52                |   9|          2|    8|         16|
    |indvar_flatten6_fu_56    |   9|          2|   17|         34|
    |j_fu_48                  |   9|          2|   10|         20|
    +-------------------------+----+-----------+-----+-----------+
    |Total                    |  54|         12|   38|         76|
    +-------------------------+----+-----------+-----+-----------+

    * Register: 
    +-------------------------+----+----+-----+-----------+
    |           Name          | FF | LUT| Bits| Const Bits|
    +-------------------------+----+----+-----+-----------+
    |ap_CS_fsm                |   1|   0|    1|          0|
    |ap_done_reg              |   1|   0|    1|          0|
    |ap_enable_reg_pp0_iter1  |   1|   0|    1|          0|
    |ap_enable_reg_pp0_iter2  |   1|   0|    1|          0|
    |i_3_fu_52                |   8|   0|    8|          0|
    |indvar_flatten6_fu_56    |  17|   0|   17|          0|
    |j_fu_48                  |  10|   0|   10|          0|
    |zext_ln25177_1_reg_227   |  16|   0|   64|         48|
    +-------------------------+----+----+-----+-----------+
    |Total                    |  55|   0|  103|         48|
    +-------------------------+----+----+-----+-----------+



================================================================
== Interface
================================================================
* Summary: 
+------------------------+-----+-----+------------+---------------------------------------------------------------+--------------+
|        RTL Ports       | Dir | Bits|  Protocol  |                         Source Object                         |    C Type    |
+------------------------+-----+-----+------------+---------------------------------------------------------------+--------------+
|ap_clk                  |   in|    1|  ap_ctrl_hs|  allo_DDitBlock_Pipeline_VITIS_LOOP_25175_7_VITIS_LOOP_25176_8|  return value|
|ap_rst                  |   in|    1|  ap_ctrl_hs|  allo_DDitBlock_Pipeline_VITIS_LOOP_25175_7_VITIS_LOOP_25176_8|  return value|
|ap_start                |   in|    1|  ap_ctrl_hs|  allo_DDitBlock_Pipeline_VITIS_LOOP_25175_7_VITIS_LOOP_25176_8|  return value|
|ap_done                 |  out|    1|  ap_ctrl_hs|  allo_DDitBlock_Pipeline_VITIS_LOOP_25175_7_VITIS_LOOP_25176_8|  return value|
|ap_idle                 |  out|    1|  ap_ctrl_hs|  allo_DDitBlock_Pipeline_VITIS_LOOP_25175_7_VITIS_LOOP_25176_8|  return value|
|ap_ready                |  out|    1|  ap_ctrl_hs|  allo_DDitBlock_Pipeline_VITIS_LOOP_25175_7_VITIS_LOOP_25176_8|  return value|
|adaLN_weight1_address0  |  out|   16|   ap_memory|                                                  adaLN_weight1|         array|
|adaLN_weight1_ce0       |  out|    1|   ap_memory|                                                  adaLN_weight1|         array|
|adaLN_weight1_q0        |   in|   32|   ap_memory|                                                  adaLN_weight1|         array|
|adaLN_weight_address0   |  out|   16|   ap_memory|                                                   adaLN_weight|         array|
|adaLN_weight_ce0        |  out|    1|   ap_memory|                                                   adaLN_weight|         array|
|adaLN_weight_we0        |  out|    1|   ap_memory|                                                   adaLN_weight|         array|
|adaLN_weight_d0         |  out|   32|   ap_memory|                                                   adaLN_weight|         array|
+------------------------+-----+-----+------------+---------------------------------------------------------------+--------------+

