

================================================================
== Vitis HLS Report for 'dataflow_in_loop_l_ni1'
================================================================
* Date:           Mon Feb 17 20:38:04 2025

* Version:        2023.2 (Build 4023990 on Oct 11 2023)
* Project:        DitBlock
* Solution:       hls (Vivado IP Flow Target)
* Product family: virtexuplusHBM
* Target device:  xcu280-fsvh2892-2L-e


================================================================
== Performance Estimates
================================================================
+ Timing: 
    * Summary: 
    +--------+----------+----------+------------+
    |  Clock |  Target  | Estimated| Uncertainty|
    +--------+----------+----------+------------+
    |ap_clk  |  10.00 ns|  7.523 ns|     2.70 ns|
    +--------+----------+----------+------------+

+ Latency: 
    * Summary: 
    +---------+---------+-----------+-----------+------+------+----------+
    |  Latency (cycles) |   Latency (absolute)  |   Interval  | Pipeline |
    |   min   |   max   |    min    |    max    |  min |  max |   Type   |
    +---------+---------+-----------+-----------+------+------+----------+
    |     5212|     5212|  52.120 us|  52.120 us|  4100|  4100|  dataflow|
    +---------+---------+-----------+-----------+------+------+----------+

    + Detail: 
        * Instance: 
        +-----------------------------------------------------------+--------------------------------------------------------+---------+---------+-----------+-----------+------+------+----------+
        |                                                           |                                                        |  Latency (cycles) |   Latency (absolute)  |   Interval  | Pipeline |
        |                          Instance                         |                         Module                         |   min   |   max   |    min    |    max    |  min |  max |   Type   |
        +-----------------------------------------------------------+--------------------------------------------------------+---------+---------+-----------+-----------+------+------+----------+
        |dataflow_in_loop_l_ni1_Loop_l_load_A_tile_ak1_proc4426_U0  |dataflow_in_loop_l_ni1_Loop_l_load_A_tile_ak1_proc4426  |     4099|     4099|  40.990 us|  40.990 us|  4099|  4099|        no|
        |dataflow_in_loop_l_ni1_Loop_l_load_B_tile_bk1_proc4527_U0  |dataflow_in_loop_l_ni1_Loop_l_load_B_tile_bk1_proc4527  |     4098|     4098|  40.980 us|  40.980 us|  4098|  4098|        no|
        |systolic_tile_Q46_U0                                       |systolic_tile_Q46                                       |     1044|     1044|  10.440 us|  10.440 us|  1030|  1030|  dataflow|
        |dataflow_in_loop_l_ni1_Loop_l_store_C_tile_sj1_proc47_U0   |dataflow_in_loop_l_ni1_Loop_l_store_C_tile_sj1_proc47   |       67|       67|   0.670 us|   0.670 us|    67|    67|        no|
        +-----------------------------------------------------------+--------------------------------------------------------+---------+---------+-----------+-----------+------+------+----------+

        * Loop: 
        N/A



================================================================
== Utilization Estimates
================================================================
* Summary: 
+---------------------+---------+------+---------+---------+-----+
|         Name        | BRAM_18K|  DSP |    FF   |   LUT   | URAM|
+---------------------+---------+------+---------+---------+-----+
|DSP                  |        -|     -|        -|        -|    -|
|Expression           |        -|     -|        0|      342|    -|
|FIFO                 |        -|     -|     4362|     2598|    -|
|Instance             |        -|   320|    28736|    35879|    -|
|Memory               |       32|     -|        0|        0|    0|
|Multiplexer          |        -|     -|        -|      738|    -|
|Register             |        -|     -|       82|        -|    -|
+---------------------+---------+------+---------+---------+-----+
|Total                |       32|   320|    33180|    39557|    0|
+---------------------+---------+------+---------+---------+-----+
|Available SLR        |     1344|  3008|   869120|   434560|  320|
+---------------------+---------+------+---------+---------+-----+
|Utilization SLR (%)  |        2|    10|        3|        9|    0|
+---------------------+---------+------+---------+---------+-----+
|Available            |     4032|  9024|  2607360|  1303680|  960|
+---------------------+---------+------+---------+---------+-----+
|Utilization (%)      |       ~0|     3|        1|        3|    0|
+---------------------+---------+------+---------+---------+-----+

+ Detail: 
    * Instance: 
    +-----------------------------------------------------------+--------------------------------------------------------+---------+-----+-------+-------+-----+
    |                          Instance                         |                         Module                         | BRAM_18K| DSP |   FF  |  LUT  | URAM|
    +-----------------------------------------------------------+--------------------------------------------------------+---------+-----+-------+-------+-----+
    |dataflow_in_loop_l_ni1_Loop_l_load_A_tile_ak1_proc4426_U0  |dataflow_in_loop_l_ni1_Loop_l_load_A_tile_ak1_proc4426  |        0|    0|     55|    269|    0|
    |dataflow_in_loop_l_ni1_Loop_l_load_B_tile_bk1_proc4527_U0  |dataflow_in_loop_l_ni1_Loop_l_load_B_tile_bk1_proc4527  |        0|    0|     43|    190|    0|
    |dataflow_in_loop_l_ni1_Loop_l_store_C_tile_sj1_proc47_U0   |dataflow_in_loop_l_ni1_Loop_l_store_C_tile_sj1_proc47   |        0|    0|     34|    626|    0|
    |systolic_tile_Q46_U0                                       |systolic_tile_Q46                                       |        0|  320|  28604|  34794|    0|
    +-----------------------------------------------------------+--------------------------------------------------------+---------+-----+-------+-------+-----+
    |Total                                                      |                                                        |        0|  320|  28736|  35879|    0|
    +-----------------------------------------------------------+--------------------------------------------------------+---------+-----+-------+-------+-----+

    * DSP: 
    N/A

    * Memory: 
    +--------------+-----------------------------------------------+---------+---+----+-----+------+-----+------+-------------+
    |    Memory    |                     Module                    | BRAM_18K| FF| LUT| URAM| Words| Bits| Banks| W*Bits*Banks|
    +--------------+-----------------------------------------------+---------+---+----+-----+------+-----+------+-------------+
    |local_B1_U    |dataflow_in_loop_l_ni1_local_B1_RAM_AUTO_1R1W  |        2|  0|   0|    0|   512|   32|     1|        16384|
    |local_B1_1_U  |dataflow_in_loop_l_ni1_local_B1_RAM_AUTO_1R1W  |        2|  0|   0|    0|   512|   32|     1|        16384|
    |local_B1_2_U  |dataflow_in_loop_l_ni1_local_B1_RAM_AUTO_1R1W  |        2|  0|   0|    0|   512|   32|     1|        16384|
    |local_B1_3_U  |dataflow_in_loop_l_ni1_local_B1_RAM_AUTO_1R1W  |        2|  0|   0|    0|   512|   32|     1|        16384|
    |local_B1_4_U  |dataflow_in_loop_l_ni1_local_B1_RAM_AUTO_1R1W  |        2|  0|   0|    0|   512|   32|     1|        16384|
    |local_B1_5_U  |dataflow_in_loop_l_ni1_local_B1_RAM_AUTO_1R1W  |        2|  0|   0|    0|   512|   32|     1|        16384|
    |local_B1_6_U  |dataflow_in_loop_l_ni1_local_B1_RAM_AUTO_1R1W  |        2|  0|   0|    0|   512|   32|     1|        16384|
    |local_B1_7_U  |dataflow_in_loop_l_ni1_local_B1_RAM_AUTO_1R1W  |        2|  0|   0|    0|   512|   32|     1|        16384|
    |local_A1_U    |dataflow_in_loop_l_ni1_local_B1_RAM_AUTO_1R1W  |        2|  0|   0|    0|   512|   32|     1|        16384|
    |local_A1_1_U  |dataflow_in_loop_l_ni1_local_B1_RAM_AUTO_1R1W  |        2|  0|   0|    0|   512|   32|     1|        16384|
    |local_A1_2_U  |dataflow_in_loop_l_ni1_local_B1_RAM_AUTO_1R1W  |        2|  0|   0|    0|   512|   32|     1|        16384|
    |local_A1_3_U  |dataflow_in_loop_l_ni1_local_B1_RAM_AUTO_1R1W  |        2|  0|   0|    0|   512|   32|     1|        16384|
    |local_A1_4_U  |dataflow_in_loop_l_ni1_local_B1_RAM_AUTO_1R1W  |        2|  0|   0|    0|   512|   32|     1|        16384|
    |local_A1_5_U  |dataflow_in_loop_l_ni1_local_B1_RAM_AUTO_1R1W  |        2|  0|   0|    0|   512|   32|     1|        16384|
    |local_A1_6_U  |dataflow_in_loop_l_ni1_local_B1_RAM_AUTO_1R1W  |        2|  0|   0|    0|   512|   32|     1|        16384|
    |local_A1_7_U  |dataflow_in_loop_l_ni1_local_B1_RAM_AUTO_1R1W  |        2|  0|   0|    0|   512|   32|     1|        16384|
    +--------------+-----------------------------------------------+---------+---+----+-----+------+-----+------+-------------+
    |Total         |                                               |       32|  0|   0|    0|  8192|  512|    16|       262144|
    +--------------+-----------------------------------------------+---------+---+----+-----+------+-----+------+-------------+

    * FIFO: 
    +---------------+---------+----+----+-----+------+-----+---------+
    |      Name     | BRAM_18K| FF | LUT| URAM| Depth| Bits| Size:D*B|
    +---------------+---------+----+----+-----+------+-----+---------+
    |local_C1_10_U  |        0|  68|   0|    -|     2|   32|       64|
    |local_C1_11_U  |        0|  68|   0|    -|     2|   32|       64|
    |local_C1_12_U  |        0|  68|   0|    -|     2|   32|       64|
    |local_C1_13_U  |        0|  68|   0|    -|     2|   32|       64|
    |local_C1_14_U  |        0|  68|   0|    -|     2|   32|       64|
    |local_C1_15_U  |        0|  68|   0|    -|     2|   32|       64|
    |local_C1_16_U  |        0|  68|   0|    -|     2|   32|       64|
    |local_C1_17_U  |        0|  68|   0|    -|     2|   32|       64|
    |local_C1_18_U  |        0|  68|   0|    -|     2|   32|       64|
    |local_C1_19_U  |        0|  68|   0|    -|     2|   32|       64|
    |local_C1_1_U   |        0|  68|   0|    -|     2|   32|       64|
    |local_C1_20_U  |        0|  68|   0|    -|     2|   32|       64|
    |local_C1_21_U  |        0|  68|   0|    -|     2|   32|       64|
    |local_C1_22_U  |        0|  68|   0|    -|     2|   32|       64|
    |local_C1_23_U  |        0|  68|   0|    -|     2|   32|       64|
    |local_C1_24_U  |        0|  68|   0|    -|     2|   32|       64|
    |local_C1_25_U  |        0|  68|   0|    -|     2|   32|       64|
    |local_C1_26_U  |        0|  68|   0|    -|     2|   32|       64|
    |local_C1_27_U  |        0|  68|   0|    -|     2|   32|       64|
    |local_C1_28_U  |        0|  68|   0|    -|     2|   32|       64|
    |local_C1_29_U  |        0|  68|   0|    -|     2|   32|       64|
    |local_C1_2_U   |        0|  68|   0|    -|     2|   32|       64|
    |local_C1_30_U  |        0|  68|   0|    -|     2|   32|       64|
    |local_C1_31_U  |        0|  68|   0|    -|     2|   32|       64|
    |local_C1_32_U  |        0|  68|   0|    -|     2|   32|       64|
    |local_C1_33_U  |        0|  68|   0|    -|     2|   32|       64|
    |local_C1_34_U  |        0|  68|   0|    -|     2|   32|       64|
    |local_C1_35_U  |        0|  68|   0|    -|     2|   32|       64|
    |local_C1_36_U  |        0|  68|   0|    -|     2|   32|       64|
    |local_C1_37_U  |        0|  68|   0|    -|     2|   32|       64|
    |local_C1_38_U  |        0|  68|   0|    -|     2|   32|       64|
    |local_C1_39_U  |        0|  68|   0|    -|     2|   32|       64|
    |local_C1_3_U   |        0|  68|   0|    -|     2|   32|       64|
    |local_C1_40_U  |        0|  68|   0|    -|     2|   32|       64|
    |local_C1_41_U  |        0|  68|   0|    -|     2|   32|       64|
    |local_C1_42_U  |        0|  68|   0|    -|     2|   32|       64|
    |local_C1_43_U  |        0|  68|   0|    -|     2|   32|       64|
    |local_C1_44_U  |        0|  68|   0|    -|     2|   32|       64|
    |local_C1_45_U  |        0|  68|   0|    -|     2|   32|       64|
    |local_C1_46_U  |        0|  68|   0|    -|     2|   32|       64|
    |local_C1_47_U  |        0|  68|   0|    -|     2|   32|       64|
    |local_C1_48_U  |        0|  68|   0|    -|     2|   32|       64|
    |local_C1_49_U  |        0|  68|   0|    -|     2|   32|       64|
    |local_C1_4_U   |        0|  68|   0|    -|     2|   32|       64|
    |local_C1_50_U  |        0|  68|   0|    -|     2|   32|       64|
    |local_C1_51_U  |        0|  68|   0|    -|     2|   32|       64|
    |local_C1_52_U  |        0|  68|   0|    -|     2|   32|       64|
    |local_C1_53_U  |        0|  68|   0|    -|     2|   32|       64|
    |local_C1_54_U  |        0|  68|   0|    -|     2|   32|       64|
    |local_C1_55_U  |        0|  68|   0|    -|     2|   32|       64|
    |local_C1_56_U  |        0|  68|   0|    -|     2|   32|       64|
    |local_C1_57_U  |        0|  68|   0|    -|     2|   32|       64|
    |local_C1_58_U  |        0|  68|   0|    -|     2|   32|       64|
    |local_C1_59_U  |        0|  68|   0|    -|     2|   32|       64|
    |local_C1_5_U   |        0|  68|   0|    -|     2|   32|       64|
    |local_C1_60_U  |        0|  68|   0|    -|     2|   32|       64|
    |local_C1_61_U  |        0|  68|   0|    -|     2|   32|       64|
    |local_C1_62_U  |        0|  68|   0|    -|     2|   32|       64|
    |local_C1_63_U  |        0|  68|   0|    -|     2|   32|       64|
    |local_C1_6_U   |        0|  68|   0|    -|     2|   32|       64|
    |local_C1_7_U   |        0|  68|   0|    -|     2|   32|       64|
    |local_C1_8_U   |        0|  68|   0|    -|     2|   32|       64|
    |local_C1_9_U   |        0|  68|   0|    -|     2|   32|       64|
    |local_C1_U     |        0|  68|   0|    -|     2|   32|       64|
    |mi1_c_i_U      |        0|   5|   0|    -|     3|    7|       21|
    |ni1_c_i_U      |        0|   5|   0|    -|     3|    6|       18|
    +---------------+---------+----+----+-----+------+-----+---------+
    |Total          |        0|4362|   0|    0|   134| 2061|     4135|
    +---------------+---------+----+----+-----+------+-----+---------+

    * Expression: 
    +----------------------------------------------------------------------------+----------+----+---+----+------------+------------+
    |                                Variable Name                               | Operation| DSP| FF| LUT| Bitwidth P0| Bitwidth P1|
    +----------------------------------------------------------------------------+----------+----+---+----+------------+------------+
    |ap_channel_done_local_A1                                                    |       and|   0|  0|   2|           1|           1|
    |ap_channel_done_local_A1_1                                                  |       and|   0|  0|   2|           1|           1|
    |ap_channel_done_local_A1_2                                                  |       and|   0|  0|   2|           1|           1|
    |ap_channel_done_local_A1_3                                                  |       and|   0|  0|   2|           1|           1|
    |ap_channel_done_local_A1_4                                                  |       and|   0|  0|   2|           1|           1|
    |ap_channel_done_local_A1_5                                                  |       and|   0|  0|   2|           1|           1|
    |ap_channel_done_local_A1_6                                                  |       and|   0|  0|   2|           1|           1|
    |ap_channel_done_local_A1_7                                                  |       and|   0|  0|   2|           1|           1|
    |ap_channel_done_local_B1                                                    |       and|   0|  0|   2|           1|           1|
    |ap_channel_done_local_B1_1                                                  |       and|   0|  0|   2|           1|           1|
    |ap_channel_done_local_B1_2                                                  |       and|   0|  0|   2|           1|           1|
    |ap_channel_done_local_B1_3                                                  |       and|   0|  0|   2|           1|           1|
    |ap_channel_done_local_B1_4                                                  |       and|   0|  0|   2|           1|           1|
    |ap_channel_done_local_B1_5                                                  |       and|   0|  0|   2|           1|           1|
    |ap_channel_done_local_B1_6                                                  |       and|   0|  0|   2|           1|           1|
    |ap_channel_done_local_B1_7                                                  |       and|   0|  0|   2|           1|           1|
    |ap_channel_done_local_C1                                                    |       and|   0|  0|   2|           1|           1|
    |ap_channel_done_local_C1_1                                                  |       and|   0|  0|   2|           1|           1|
    |ap_channel_done_local_C1_10                                                 |       and|   0|  0|   2|           1|           1|
    |ap_channel_done_local_C1_11                                                 |       and|   0|  0|   2|           1|           1|
    |ap_channel_done_local_C1_12                                                 |       and|   0|  0|   2|           1|           1|
    |ap_channel_done_local_C1_13                                                 |       and|   0|  0|   2|           1|           1|
    |ap_channel_done_local_C1_14                                                 |       and|   0|  0|   2|           1|           1|
    |ap_channel_done_local_C1_15                                                 |       and|   0|  0|   2|           1|           1|
    |ap_channel_done_local_C1_16                                                 |       and|   0|  0|   2|           1|           1|
    |ap_channel_done_local_C1_17                                                 |       and|   0|  0|   2|           1|           1|
    |ap_channel_done_local_C1_18                                                 |       and|   0|  0|   2|           1|           1|
    |ap_channel_done_local_C1_19                                                 |       and|   0|  0|   2|           1|           1|
    |ap_channel_done_local_C1_2                                                  |       and|   0|  0|   2|           1|           1|
    |ap_channel_done_local_C1_20                                                 |       and|   0|  0|   2|           1|           1|
    |ap_channel_done_local_C1_21                                                 |       and|   0|  0|   2|           1|           1|
    |ap_channel_done_local_C1_22                                                 |       and|   0|  0|   2|           1|           1|
    |ap_channel_done_local_C1_23                                                 |       and|   0|  0|   2|           1|           1|
    |ap_channel_done_local_C1_24                                                 |       and|   0|  0|   2|           1|           1|
    |ap_channel_done_local_C1_25                                                 |       and|   0|  0|   2|           1|           1|
    |ap_channel_done_local_C1_26                                                 |       and|   0|  0|   2|           1|           1|
    |ap_channel_done_local_C1_27                                                 |       and|   0|  0|   2|           1|           1|
    |ap_channel_done_local_C1_28                                                 |       and|   0|  0|   2|           1|           1|
    |ap_channel_done_local_C1_29                                                 |       and|   0|  0|   2|           1|           1|
    |ap_channel_done_local_C1_3                                                  |       and|   0|  0|   2|           1|           1|
    |ap_channel_done_local_C1_30                                                 |       and|   0|  0|   2|           1|           1|
    |ap_channel_done_local_C1_31                                                 |       and|   0|  0|   2|           1|           1|
    |ap_channel_done_local_C1_32                                                 |       and|   0|  0|   2|           1|           1|
    |ap_channel_done_local_C1_33                                                 |       and|   0|  0|   2|           1|           1|
    |ap_channel_done_local_C1_34                                                 |       and|   0|  0|   2|           1|           1|
    |ap_channel_done_local_C1_35                                                 |       and|   0|  0|   2|           1|           1|
    |ap_channel_done_local_C1_36                                                 |       and|   0|  0|   2|           1|           1|
    |ap_channel_done_local_C1_37                                                 |       and|   0|  0|   2|           1|           1|
    |ap_channel_done_local_C1_38                                                 |       and|   0|  0|   2|           1|           1|
    |ap_channel_done_local_C1_39                                                 |       and|   0|  0|   2|           1|           1|
    |ap_channel_done_local_C1_4                                                  |       and|   0|  0|   2|           1|           1|
    |ap_channel_done_local_C1_40                                                 |       and|   0|  0|   2|           1|           1|
    |ap_channel_done_local_C1_41                                                 |       and|   0|  0|   2|           1|           1|
    |ap_channel_done_local_C1_42                                                 |       and|   0|  0|   2|           1|           1|
    |ap_channel_done_local_C1_43                                                 |       and|   0|  0|   2|           1|           1|
    |ap_channel_done_local_C1_44                                                 |       and|   0|  0|   2|           1|           1|
    |ap_channel_done_local_C1_45                                                 |       and|   0|  0|   2|           1|           1|
    |ap_channel_done_local_C1_46                                                 |       and|   0|  0|   2|           1|           1|
    |ap_channel_done_local_C1_47                                                 |       and|   0|  0|   2|           1|           1|
    |ap_channel_done_local_C1_48                                                 |       and|   0|  0|   2|           1|           1|
    |ap_channel_done_local_C1_49                                                 |       and|   0|  0|   2|           1|           1|
    |ap_channel_done_local_C1_5                                                  |       and|   0|  0|   2|           1|           1|
    |ap_channel_done_local_C1_50                                                 |       and|   0|  0|   2|           1|           1|
    |ap_channel_done_local_C1_51                                                 |       and|   0|  0|   2|           1|           1|
    |ap_channel_done_local_C1_52                                                 |       and|   0|  0|   2|           1|           1|
    |ap_channel_done_local_C1_53                                                 |       and|   0|  0|   2|           1|           1|
    |ap_channel_done_local_C1_54                                                 |       and|   0|  0|   2|           1|           1|
    |ap_channel_done_local_C1_55                                                 |       and|   0|  0|   2|           1|           1|
    |ap_channel_done_local_C1_56                                                 |       and|   0|  0|   2|           1|           1|
    |ap_channel_done_local_C1_57                                                 |       and|   0|  0|   2|           1|           1|
    |ap_channel_done_local_C1_58                                                 |       and|   0|  0|   2|           1|           1|
    |ap_channel_done_local_C1_59                                                 |       and|   0|  0|   2|           1|           1|
    |ap_channel_done_local_C1_6                                                  |       and|   0|  0|   2|           1|           1|
    |ap_channel_done_local_C1_60                                                 |       and|   0|  0|   2|           1|           1|
    |ap_channel_done_local_C1_61                                                 |       and|   0|  0|   2|           1|           1|
    |ap_channel_done_local_C1_62                                                 |       and|   0|  0|   2|           1|           1|
    |ap_channel_done_local_C1_63                                                 |       and|   0|  0|   2|           1|           1|
    |ap_channel_done_local_C1_7                                                  |       and|   0|  0|   2|           1|           1|
    |ap_channel_done_local_C1_8                                                  |       and|   0|  0|   2|           1|           1|
    |ap_channel_done_local_C1_9                                                  |       and|   0|  0|   2|           1|           1|
    |ap_idle                                                                     |       and|   0|  0|   2|           1|           1|
    |ap_sync_ready                                                               |       and|   0|  0|   2|           1|           1|
    |dataflow_in_loop_l_ni1_Loop_l_load_A_tile_ak1_proc4426_U0_ap_continue       |       and|   0|  0|   2|           1|           1|
    |dataflow_in_loop_l_ni1_Loop_l_load_A_tile_ak1_proc4426_U0_ap_start          |       and|   0|  0|   2|           1|           1|
    |dataflow_in_loop_l_ni1_Loop_l_load_B_tile_bk1_proc4527_U0_ap_continue       |       and|   0|  0|   2|           1|           1|
    |dataflow_in_loop_l_ni1_Loop_l_load_B_tile_bk1_proc4527_U0_ap_start          |       and|   0|  0|   2|           1|           1|
    |dataflow_in_loop_l_ni1_Loop_l_store_C_tile_sj1_proc47_U0_ap_start           |       and|   0|  0|   2|           1|           1|
    |systolic_tile_Q46_U0_ap_continue                                            |       and|   0|  0|   2|           1|           1|
    |systolic_tile_Q46_U0_ap_start                                               |       and|   0|  0|   2|           1|           1|
    |ap_sync_channel_write_local_A1                                              |        or|   0|  0|   2|           1|           1|
    |ap_sync_channel_write_local_A1_1                                            |        or|   0|  0|   2|           1|           1|
    |ap_sync_channel_write_local_A1_2                                            |        or|   0|  0|   2|           1|           1|
    |ap_sync_channel_write_local_A1_3                                            |        or|   0|  0|   2|           1|           1|
    |ap_sync_channel_write_local_A1_4                                            |        or|   0|  0|   2|           1|           1|
    |ap_sync_channel_write_local_A1_5                                            |        or|   0|  0|   2|           1|           1|
    |ap_sync_channel_write_local_A1_6                                            |        or|   0|  0|   2|           1|           1|
    |ap_sync_channel_write_local_A1_7                                            |        or|   0|  0|   2|           1|           1|
    |ap_sync_channel_write_local_B1                                              |        or|   0|  0|   2|           1|           1|
    |ap_sync_channel_write_local_B1_1                                            |        or|   0|  0|   2|           1|           1|
    |ap_sync_channel_write_local_B1_2                                            |        or|   0|  0|   2|           1|           1|
    |ap_sync_channel_write_local_B1_3                                            |        or|   0|  0|   2|           1|           1|
    |ap_sync_channel_write_local_B1_4                                            |        or|   0|  0|   2|           1|           1|
    |ap_sync_channel_write_local_B1_5                                            |        or|   0|  0|   2|           1|           1|
    |ap_sync_channel_write_local_B1_6                                            |        or|   0|  0|   2|           1|           1|
    |ap_sync_channel_write_local_B1_7                                            |        or|   0|  0|   2|           1|           1|
    |ap_sync_channel_write_local_C1                                              |        or|   0|  0|   2|           1|           1|
    |ap_sync_channel_write_local_C1_1                                            |        or|   0|  0|   2|           1|           1|
    |ap_sync_channel_write_local_C1_10                                           |        or|   0|  0|   2|           1|           1|
    |ap_sync_channel_write_local_C1_11                                           |        or|   0|  0|   2|           1|           1|
    |ap_sync_channel_write_local_C1_12                                           |        or|   0|  0|   2|           1|           1|
    |ap_sync_channel_write_local_C1_13                                           |        or|   0|  0|   2|           1|           1|
    |ap_sync_channel_write_local_C1_14                                           |        or|   0|  0|   2|           1|           1|
    |ap_sync_channel_write_local_C1_15                                           |        or|   0|  0|   2|           1|           1|
    |ap_sync_channel_write_local_C1_16                                           |        or|   0|  0|   2|           1|           1|
    |ap_sync_channel_write_local_C1_17                                           |        or|   0|  0|   2|           1|           1|
    |ap_sync_channel_write_local_C1_18                                           |        or|   0|  0|   2|           1|           1|
    |ap_sync_channel_write_local_C1_19                                           |        or|   0|  0|   2|           1|           1|
    |ap_sync_channel_write_local_C1_2                                            |        or|   0|  0|   2|           1|           1|
    |ap_sync_channel_write_local_C1_20                                           |        or|   0|  0|   2|           1|           1|
    |ap_sync_channel_write_local_C1_21                                           |        or|   0|  0|   2|           1|           1|
    |ap_sync_channel_write_local_C1_22                                           |        or|   0|  0|   2|           1|           1|
    |ap_sync_channel_write_local_C1_23                                           |        or|   0|  0|   2|           1|           1|
    |ap_sync_channel_write_local_C1_24                                           |        or|   0|  0|   2|           1|           1|
    |ap_sync_channel_write_local_C1_25                                           |        or|   0|  0|   2|           1|           1|
    |ap_sync_channel_write_local_C1_26                                           |        or|   0|  0|   2|           1|           1|
    |ap_sync_channel_write_local_C1_27                                           |        or|   0|  0|   2|           1|           1|
    |ap_sync_channel_write_local_C1_28                                           |        or|   0|  0|   2|           1|           1|
    |ap_sync_channel_write_local_C1_29                                           |        or|   0|  0|   2|           1|           1|
    |ap_sync_channel_write_local_C1_3                                            |        or|   0|  0|   2|           1|           1|
    |ap_sync_channel_write_local_C1_30                                           |        or|   0|  0|   2|           1|           1|
    |ap_sync_channel_write_local_C1_31                                           |        or|   0|  0|   2|           1|           1|
    |ap_sync_channel_write_local_C1_32                                           |        or|   0|  0|   2|           1|           1|
    |ap_sync_channel_write_local_C1_33                                           |        or|   0|  0|   2|           1|           1|
    |ap_sync_channel_write_local_C1_34                                           |        or|   0|  0|   2|           1|           1|
    |ap_sync_channel_write_local_C1_35                                           |        or|   0|  0|   2|           1|           1|
    |ap_sync_channel_write_local_C1_36                                           |        or|   0|  0|   2|           1|           1|
    |ap_sync_channel_write_local_C1_37                                           |        or|   0|  0|   2|           1|           1|
    |ap_sync_channel_write_local_C1_38                                           |        or|   0|  0|   2|           1|           1|
    |ap_sync_channel_write_local_C1_39                                           |        or|   0|  0|   2|           1|           1|
    |ap_sync_channel_write_local_C1_4                                            |        or|   0|  0|   2|           1|           1|
    |ap_sync_channel_write_local_C1_40                                           |        or|   0|  0|   2|           1|           1|
    |ap_sync_channel_write_local_C1_41                                           |        or|   0|  0|   2|           1|           1|
    |ap_sync_channel_write_local_C1_42                                           |        or|   0|  0|   2|           1|           1|
    |ap_sync_channel_write_local_C1_43                                           |        or|   0|  0|   2|           1|           1|
    |ap_sync_channel_write_local_C1_44                                           |        or|   0|  0|   2|           1|           1|
    |ap_sync_channel_write_local_C1_45                                           |        or|   0|  0|   2|           1|           1|
    |ap_sync_channel_write_local_C1_46                                           |        or|   0|  0|   2|           1|           1|
    |ap_sync_channel_write_local_C1_47                                           |        or|   0|  0|   2|           1|           1|
    |ap_sync_channel_write_local_C1_48                                           |        or|   0|  0|   2|           1|           1|
    |ap_sync_channel_write_local_C1_49                                           |        or|   0|  0|   2|           1|           1|
    |ap_sync_channel_write_local_C1_5                                            |        or|   0|  0|   2|           1|           1|
    |ap_sync_channel_write_local_C1_50                                           |        or|   0|  0|   2|           1|           1|
    |ap_sync_channel_write_local_C1_51                                           |        or|   0|  0|   2|           1|           1|
    |ap_sync_channel_write_local_C1_52                                           |        or|   0|  0|   2|           1|           1|
    |ap_sync_channel_write_local_C1_53                                           |        or|   0|  0|   2|           1|           1|
    |ap_sync_channel_write_local_C1_54                                           |        or|   0|  0|   2|           1|           1|
    |ap_sync_channel_write_local_C1_55                                           |        or|   0|  0|   2|           1|           1|
    |ap_sync_channel_write_local_C1_56                                           |        or|   0|  0|   2|           1|           1|
    |ap_sync_channel_write_local_C1_57                                           |        or|   0|  0|   2|           1|           1|
    |ap_sync_channel_write_local_C1_58                                           |        or|   0|  0|   2|           1|           1|
    |ap_sync_channel_write_local_C1_59                                           |        or|   0|  0|   2|           1|           1|
    |ap_sync_channel_write_local_C1_6                                            |        or|   0|  0|   2|           1|           1|
    |ap_sync_channel_write_local_C1_60                                           |        or|   0|  0|   2|           1|           1|
    |ap_sync_channel_write_local_C1_61                                           |        or|   0|  0|   2|           1|           1|
    |ap_sync_channel_write_local_C1_62                                           |        or|   0|  0|   2|           1|           1|
    |ap_sync_channel_write_local_C1_63                                           |        or|   0|  0|   2|           1|           1|
    |ap_sync_channel_write_local_C1_7                                            |        or|   0|  0|   2|           1|           1|
    |ap_sync_channel_write_local_C1_8                                            |        or|   0|  0|   2|           1|           1|
    |ap_sync_channel_write_local_C1_9                                            |        or|   0|  0|   2|           1|           1|
    |ap_sync_dataflow_in_loop_l_ni1_Loop_l_load_A_tile_ak1_proc4426_U0_ap_ready  |        or|   0|  0|   2|           1|           1|
    |ap_sync_dataflow_in_loop_l_ni1_Loop_l_load_B_tile_bk1_proc4527_U0_ap_ready  |        or|   0|  0|   2|           1|           1|
    +----------------------------------------------------------------------------+----------+----+---+----+------------+------------+
    |Total                                                                       |          |   0|  0| 342|         171|         171|
    +----------------------------------------------------------------------------+----------+----+---+----+------------+------------+

    * Multiplexer: 
    +--------------------------------------------------------------------------------+----+-----------+-----+-----------+
    |                                      Name                                      | LUT| Input Size| Bits| Total Bits|
    +--------------------------------------------------------------------------------+----+-----------+-----+-----------+
    |ap_sync_reg_channel_write_local_A1                                              |   9|          2|    1|          2|
    |ap_sync_reg_channel_write_local_A1_1                                            |   9|          2|    1|          2|
    |ap_sync_reg_channel_write_local_A1_2                                            |   9|          2|    1|          2|
    |ap_sync_reg_channel_write_local_A1_3                                            |   9|          2|    1|          2|
    |ap_sync_reg_channel_write_local_A1_4                                            |   9|          2|    1|          2|
    |ap_sync_reg_channel_write_local_A1_5                                            |   9|          2|    1|          2|
    |ap_sync_reg_channel_write_local_A1_6                                            |   9|          2|    1|          2|
    |ap_sync_reg_channel_write_local_A1_7                                            |   9|          2|    1|          2|
    |ap_sync_reg_channel_write_local_B1                                              |   9|          2|    1|          2|
    |ap_sync_reg_channel_write_local_B1_1                                            |   9|          2|    1|          2|
    |ap_sync_reg_channel_write_local_B1_2                                            |   9|          2|    1|          2|
    |ap_sync_reg_channel_write_local_B1_3                                            |   9|          2|    1|          2|
    |ap_sync_reg_channel_write_local_B1_4                                            |   9|          2|    1|          2|
    |ap_sync_reg_channel_write_local_B1_5                                            |   9|          2|    1|          2|
    |ap_sync_reg_channel_write_local_B1_6                                            |   9|          2|    1|          2|
    |ap_sync_reg_channel_write_local_B1_7                                            |   9|          2|    1|          2|
    |ap_sync_reg_channel_write_local_C1                                              |   9|          2|    1|          2|
    |ap_sync_reg_channel_write_local_C1_1                                            |   9|          2|    1|          2|
    |ap_sync_reg_channel_write_local_C1_10                                           |   9|          2|    1|          2|
    |ap_sync_reg_channel_write_local_C1_11                                           |   9|          2|    1|          2|
    |ap_sync_reg_channel_write_local_C1_12                                           |   9|          2|    1|          2|
    |ap_sync_reg_channel_write_local_C1_13                                           |   9|          2|    1|          2|
    |ap_sync_reg_channel_write_local_C1_14                                           |   9|          2|    1|          2|
    |ap_sync_reg_channel_write_local_C1_15                                           |   9|          2|    1|          2|
    |ap_sync_reg_channel_write_local_C1_16                                           |   9|          2|    1|          2|
    |ap_sync_reg_channel_write_local_C1_17                                           |   9|          2|    1|          2|
    |ap_sync_reg_channel_write_local_C1_18                                           |   9|          2|    1|          2|
    |ap_sync_reg_channel_write_local_C1_19                                           |   9|          2|    1|          2|
    |ap_sync_reg_channel_write_local_C1_2                                            |   9|          2|    1|          2|
    |ap_sync_reg_channel_write_local_C1_20                                           |   9|          2|    1|          2|
    |ap_sync_reg_channel_write_local_C1_21                                           |   9|          2|    1|          2|
    |ap_sync_reg_channel_write_local_C1_22                                           |   9|          2|    1|          2|
    |ap_sync_reg_channel_write_local_C1_23                                           |   9|          2|    1|          2|
    |ap_sync_reg_channel_write_local_C1_24                                           |   9|          2|    1|          2|
    |ap_sync_reg_channel_write_local_C1_25                                           |   9|          2|    1|          2|
    |ap_sync_reg_channel_write_local_C1_26                                           |   9|          2|    1|          2|
    |ap_sync_reg_channel_write_local_C1_27                                           |   9|          2|    1|          2|
    |ap_sync_reg_channel_write_local_C1_28                                           |   9|          2|    1|          2|
    |ap_sync_reg_channel_write_local_C1_29                                           |   9|          2|    1|          2|
    |ap_sync_reg_channel_write_local_C1_3                                            |   9|          2|    1|          2|
    |ap_sync_reg_channel_write_local_C1_30                                           |   9|          2|    1|          2|
    |ap_sync_reg_channel_write_local_C1_31                                           |   9|          2|    1|          2|
    |ap_sync_reg_channel_write_local_C1_32                                           |   9|          2|    1|          2|
    |ap_sync_reg_channel_write_local_C1_33                                           |   9|          2|    1|          2|
    |ap_sync_reg_channel_write_local_C1_34                                           |   9|          2|    1|          2|
    |ap_sync_reg_channel_write_local_C1_35                                           |   9|          2|    1|          2|
    |ap_sync_reg_channel_write_local_C1_36                                           |   9|          2|    1|          2|
    |ap_sync_reg_channel_write_local_C1_37                                           |   9|          2|    1|          2|
    |ap_sync_reg_channel_write_local_C1_38                                           |   9|          2|    1|          2|
    |ap_sync_reg_channel_write_local_C1_39                                           |   9|          2|    1|          2|
    |ap_sync_reg_channel_write_local_C1_4                                            |   9|          2|    1|          2|
    |ap_sync_reg_channel_write_local_C1_40                                           |   9|          2|    1|          2|
    |ap_sync_reg_channel_write_local_C1_41                                           |   9|          2|    1|          2|
    |ap_sync_reg_channel_write_local_C1_42                                           |   9|          2|    1|          2|
    |ap_sync_reg_channel_write_local_C1_43                                           |   9|          2|    1|          2|
    |ap_sync_reg_channel_write_local_C1_44                                           |   9|          2|    1|          2|
    |ap_sync_reg_channel_write_local_C1_45                                           |   9|          2|    1|          2|
    |ap_sync_reg_channel_write_local_C1_46                                           |   9|          2|    1|          2|
    |ap_sync_reg_channel_write_local_C1_47                                           |   9|          2|    1|          2|
    |ap_sync_reg_channel_write_local_C1_48                                           |   9|          2|    1|          2|
    |ap_sync_reg_channel_write_local_C1_49                                           |   9|          2|    1|          2|
    |ap_sync_reg_channel_write_local_C1_5                                            |   9|          2|    1|          2|
    |ap_sync_reg_channel_write_local_C1_50                                           |   9|          2|    1|          2|
    |ap_sync_reg_channel_write_local_C1_51                                           |   9|          2|    1|          2|
    |ap_sync_reg_channel_write_local_C1_52                                           |   9|          2|    1|          2|
    |ap_sync_reg_channel_write_local_C1_53                                           |   9|          2|    1|          2|
    |ap_sync_reg_channel_write_local_C1_54                                           |   9|          2|    1|          2|
    |ap_sync_reg_channel_write_local_C1_55                                           |   9|          2|    1|          2|
    |ap_sync_reg_channel_write_local_C1_56                                           |   9|          2|    1|          2|
    |ap_sync_reg_channel_write_local_C1_57                                           |   9|          2|    1|          2|
    |ap_sync_reg_channel_write_local_C1_58                                           |   9|          2|    1|          2|
    |ap_sync_reg_channel_write_local_C1_59                                           |   9|          2|    1|          2|
    |ap_sync_reg_channel_write_local_C1_6                                            |   9|          2|    1|          2|
    |ap_sync_reg_channel_write_local_C1_60                                           |   9|          2|    1|          2|
    |ap_sync_reg_channel_write_local_C1_61                                           |   9|          2|    1|          2|
    |ap_sync_reg_channel_write_local_C1_62                                           |   9|          2|    1|          2|
    |ap_sync_reg_channel_write_local_C1_63                                           |   9|          2|    1|          2|
    |ap_sync_reg_channel_write_local_C1_7                                            |   9|          2|    1|          2|
    |ap_sync_reg_channel_write_local_C1_8                                            |   9|          2|    1|          2|
    |ap_sync_reg_channel_write_local_C1_9                                            |   9|          2|    1|          2|
    |ap_sync_reg_dataflow_in_loop_l_ni1_Loop_l_load_A_tile_ak1_proc4426_U0_ap_ready  |   9|          2|    1|          2|
    |ap_sync_reg_dataflow_in_loop_l_ni1_Loop_l_load_B_tile_bk1_proc4527_U0_ap_ready  |   9|          2|    1|          2|
    +--------------------------------------------------------------------------------+----+-----------+-----+-----------+
    |Total                                                                           | 738|        164|   82|        164|
    +--------------------------------------------------------------------------------+----+-----------+-----+-----------+

    * Register: 
    +--------------------------------------------------------------------------------+---+----+-----+-----------+
    |                                      Name                                      | FF| LUT| Bits| Const Bits|
    +--------------------------------------------------------------------------------+---+----+-----+-----------+
    |ap_sync_reg_channel_write_local_A1                                              |  1|   0|    1|          0|
    |ap_sync_reg_channel_write_local_A1_1                                            |  1|   0|    1|          0|
    |ap_sync_reg_channel_write_local_A1_2                                            |  1|   0|    1|          0|
    |ap_sync_reg_channel_write_local_A1_3                                            |  1|   0|    1|          0|
    |ap_sync_reg_channel_write_local_A1_4                                            |  1|   0|    1|          0|
    |ap_sync_reg_channel_write_local_A1_5                                            |  1|   0|    1|          0|
    |ap_sync_reg_channel_write_local_A1_6                                            |  1|   0|    1|          0|
    |ap_sync_reg_channel_write_local_A1_7                                            |  1|   0|    1|          0|
    |ap_sync_reg_channel_write_local_B1                                              |  1|   0|    1|          0|
    |ap_sync_reg_channel_write_local_B1_1                                            |  1|   0|    1|          0|
    |ap_sync_reg_channel_write_local_B1_2                                            |  1|   0|    1|          0|
    |ap_sync_reg_channel_write_local_B1_3                                            |  1|   0|    1|          0|
    |ap_sync_reg_channel_write_local_B1_4                                            |  1|   0|    1|          0|
    |ap_sync_reg_channel_write_local_B1_5                                            |  1|   0|    1|          0|
    |ap_sync_reg_channel_write_local_B1_6                                            |  1|   0|    1|          0|
    |ap_sync_reg_channel_write_local_B1_7                                            |  1|   0|    1|          0|
    |ap_sync_reg_channel_write_local_C1                                              |  1|   0|    1|          0|
    |ap_sync_reg_channel_write_local_C1_1                                            |  1|   0|    1|          0|
    |ap_sync_reg_channel_write_local_C1_10                                           |  1|   0|    1|          0|
    |ap_sync_reg_channel_write_local_C1_11                                           |  1|   0|    1|          0|
    |ap_sync_reg_channel_write_local_C1_12                                           |  1|   0|    1|          0|
    |ap_sync_reg_channel_write_local_C1_13                                           |  1|   0|    1|          0|
    |ap_sync_reg_channel_write_local_C1_14                                           |  1|   0|    1|          0|
    |ap_sync_reg_channel_write_local_C1_15                                           |  1|   0|    1|          0|
    |ap_sync_reg_channel_write_local_C1_16                                           |  1|   0|    1|          0|
    |ap_sync_reg_channel_write_local_C1_17                                           |  1|   0|    1|          0|
    |ap_sync_reg_channel_write_local_C1_18                                           |  1|   0|    1|          0|
    |ap_sync_reg_channel_write_local_C1_19                                           |  1|   0|    1|          0|
    |ap_sync_reg_channel_write_local_C1_2                                            |  1|   0|    1|          0|
    |ap_sync_reg_channel_write_local_C1_20                                           |  1|   0|    1|          0|
    |ap_sync_reg_channel_write_local_C1_21                                           |  1|   0|    1|          0|
    |ap_sync_reg_channel_write_local_C1_22                                           |  1|   0|    1|          0|
    |ap_sync_reg_channel_write_local_C1_23                                           |  1|   0|    1|          0|
    |ap_sync_reg_channel_write_local_C1_24                                           |  1|   0|    1|          0|
    |ap_sync_reg_channel_write_local_C1_25                                           |  1|   0|    1|          0|
    |ap_sync_reg_channel_write_local_C1_26                                           |  1|   0|    1|          0|
    |ap_sync_reg_channel_write_local_C1_27                                           |  1|   0|    1|          0|
    |ap_sync_reg_channel_write_local_C1_28                                           |  1|   0|    1|          0|
    |ap_sync_reg_channel_write_local_C1_29                                           |  1|   0|    1|          0|
    |ap_sync_reg_channel_write_local_C1_3                                            |  1|   0|    1|          0|
    |ap_sync_reg_channel_write_local_C1_30                                           |  1|   0|    1|          0|
    |ap_sync_reg_channel_write_local_C1_31                                           |  1|   0|    1|          0|
    |ap_sync_reg_channel_write_local_C1_32                                           |  1|   0|    1|          0|
    |ap_sync_reg_channel_write_local_C1_33                                           |  1|   0|    1|          0|
    |ap_sync_reg_channel_write_local_C1_34                                           |  1|   0|    1|          0|
    |ap_sync_reg_channel_write_local_C1_35                                           |  1|   0|    1|          0|
    |ap_sync_reg_channel_write_local_C1_36                                           |  1|   0|    1|          0|
    |ap_sync_reg_channel_write_local_C1_37                                           |  1|   0|    1|          0|
    |ap_sync_reg_channel_write_local_C1_38                                           |  1|   0|    1|          0|
    |ap_sync_reg_channel_write_local_C1_39                                           |  1|   0|    1|          0|
    |ap_sync_reg_channel_write_local_C1_4                                            |  1|   0|    1|          0|
    |ap_sync_reg_channel_write_local_C1_40                                           |  1|   0|    1|          0|
    |ap_sync_reg_channel_write_local_C1_41                                           |  1|   0|    1|          0|
    |ap_sync_reg_channel_write_local_C1_42                                           |  1|   0|    1|          0|
    |ap_sync_reg_channel_write_local_C1_43                                           |  1|   0|    1|          0|
    |ap_sync_reg_channel_write_local_C1_44                                           |  1|   0|    1|          0|
    |ap_sync_reg_channel_write_local_C1_45                                           |  1|   0|    1|          0|
    |ap_sync_reg_channel_write_local_C1_46                                           |  1|   0|    1|          0|
    |ap_sync_reg_channel_write_local_C1_47                                           |  1|   0|    1|          0|
    |ap_sync_reg_channel_write_local_C1_48                                           |  1|   0|    1|          0|
    |ap_sync_reg_channel_write_local_C1_49                                           |  1|   0|    1|          0|
    |ap_sync_reg_channel_write_local_C1_5                                            |  1|   0|    1|          0|
    |ap_sync_reg_channel_write_local_C1_50                                           |  1|   0|    1|          0|
    |ap_sync_reg_channel_write_local_C1_51                                           |  1|   0|    1|          0|
    |ap_sync_reg_channel_write_local_C1_52                                           |  1|   0|    1|          0|
    |ap_sync_reg_channel_write_local_C1_53                                           |  1|   0|    1|          0|
    |ap_sync_reg_channel_write_local_C1_54                                           |  1|   0|    1|          0|
    |ap_sync_reg_channel_write_local_C1_55                                           |  1|   0|    1|          0|
    |ap_sync_reg_channel_write_local_C1_56                                           |  1|   0|    1|          0|
    |ap_sync_reg_channel_write_local_C1_57                                           |  1|   0|    1|          0|
    |ap_sync_reg_channel_write_local_C1_58                                           |  1|   0|    1|          0|
    |ap_sync_reg_channel_write_local_C1_59                                           |  1|   0|    1|          0|
    |ap_sync_reg_channel_write_local_C1_6                                            |  1|   0|    1|          0|
    |ap_sync_reg_channel_write_local_C1_60                                           |  1|   0|    1|          0|
    |ap_sync_reg_channel_write_local_C1_61                                           |  1|   0|    1|          0|
    |ap_sync_reg_channel_write_local_C1_62                                           |  1|   0|    1|          0|
    |ap_sync_reg_channel_write_local_C1_63                                           |  1|   0|    1|          0|
    |ap_sync_reg_channel_write_local_C1_7                                            |  1|   0|    1|          0|
    |ap_sync_reg_channel_write_local_C1_8                                            |  1|   0|    1|          0|
    |ap_sync_reg_channel_write_local_C1_9                                            |  1|   0|    1|          0|
    |ap_sync_reg_dataflow_in_loop_l_ni1_Loop_l_load_A_tile_ak1_proc4426_U0_ap_ready  |  1|   0|    1|          0|
    |ap_sync_reg_dataflow_in_loop_l_ni1_Loop_l_load_B_tile_bk1_proc4527_U0_ap_ready  |  1|   0|    1|          0|
    +--------------------------------------------------------------------------------+---+----+-----+-----------+
    |Total                                                                           | 82|   0|   82|          0|
    +--------------------------------------------------------------------------------+---+----+-----+-----------+



================================================================
== Interface
================================================================
* Summary: 
+----------------+-----+-----+------------+------------------------+--------------+
|    RTL Ports   | Dir | Bits|  Protocol  |      Source Object     |    C Type    |
+----------------+-----+-----+------------+------------------------+--------------+
|ap_clk          |   in|    1|  ap_ctrl_hs|  dataflow_in_loop_l_ni1|  return value|
|ap_rst          |   in|    1|  ap_ctrl_hs|  dataflow_in_loop_l_ni1|  return value|
|ap_start        |   in|    1|  ap_ctrl_hs|  dataflow_in_loop_l_ni1|  return value|
|ap_done         |  out|    1|  ap_ctrl_hs|  dataflow_in_loop_l_ni1|  return value|
|ap_ready        |  out|    1|  ap_ctrl_hs|  dataflow_in_loop_l_ni1|  return value|
|ap_idle         |  out|    1|  ap_ctrl_hs|  dataflow_in_loop_l_ni1|  return value|
|ap_continue     |   in|    1|  ap_ctrl_hs|  dataflow_in_loop_l_ni1|  return value|
|ni1             |   in|    7|     ap_none|                     ni1|        scalar|
|ni1_ap_vld      |   in|    1|     ap_none|                     ni1|        scalar|
|mi1             |   in|    7|     ap_none|                     mi1|        scalar|
|mi1_ap_vld      |   in|    1|     ap_none|                     mi1|        scalar|
|v1933_address0  |  out|   19|   ap_memory|                   v1933|         array|
|v1933_ce0       |  out|    1|   ap_memory|                   v1933|         array|
|v1933_d0        |  out|   32|   ap_memory|                   v1933|         array|
|v1933_q0        |   in|   32|   ap_memory|                   v1933|         array|
|v1933_we0       |  out|    1|   ap_memory|                   v1933|         array|
|v1933_address1  |  out|   19|   ap_memory|                   v1933|         array|
|v1933_ce1       |  out|    1|   ap_memory|                   v1933|         array|
|v1933_d1        |  out|   32|   ap_memory|                   v1933|         array|
|v1933_q1        |   in|   32|   ap_memory|                   v1933|         array|
|v1933_we1       |  out|    1|   ap_memory|                   v1933|         array|
|v1932_address0  |  out|   18|   ap_memory|                   v1932|         array|
|v1932_ce0       |  out|    1|   ap_memory|                   v1932|         array|
|v1932_d0        |  out|   32|   ap_memory|                   v1932|         array|
|v1932_q0        |   in|   32|   ap_memory|                   v1932|         array|
|v1932_we0       |  out|    1|   ap_memory|                   v1932|         array|
|v1932_address1  |  out|   18|   ap_memory|                   v1932|         array|
|v1932_ce1       |  out|    1|   ap_memory|                   v1932|         array|
|v1932_d1        |  out|   32|   ap_memory|                   v1932|         array|
|v1932_q1        |   in|   32|   ap_memory|                   v1932|         array|
|v1932_we1       |  out|    1|   ap_memory|                   v1932|         array|
|v1931_address0  |  out|   19|   ap_memory|                   v1931|         array|
|v1931_ce0       |  out|    1|   ap_memory|                   v1931|         array|
|v1931_d0        |  out|   32|   ap_memory|                   v1931|         array|
|v1931_q0        |   in|   32|   ap_memory|                   v1931|         array|
|v1931_we0       |  out|    1|   ap_memory|                   v1931|         array|
|v1931_address1  |  out|   19|   ap_memory|                   v1931|         array|
|v1931_ce1       |  out|    1|   ap_memory|                   v1931|         array|
|v1931_d1        |  out|   32|   ap_memory|                   v1931|         array|
|v1931_q1        |   in|   32|   ap_memory|                   v1931|         array|
|v1931_we1       |  out|    1|   ap_memory|                   v1931|         array|
+----------------+-----+-----+------------+------------------------+--------------+

