

================================================================
== Vitis HLS Report for 'dataflow_parent_loop_proc43'
================================================================
* Date:           Mon Feb 17 20:38:04 2025

* Version:        2023.2 (Build 4023990 on Oct 11 2023)
* Project:        DitBlock
* Solution:       hls (Vivado IP Flow Target)
* Product family: virtexuplusHBM
* Target device:  xcu280-fsvh2892-2L-e


================================================================
== Performance Estimates
================================================================
+ Timing: 
    * Summary: 
    +--------+----------+----------+------------+
    |  Clock |  Target  | Estimated| Uncertainty|
    +--------+----------+----------+------------+
    |ap_clk  |  10.00 ns|  7.523 ns|     2.70 ns|
    +--------+----------+----------+------------+

+ Latency: 
    * Summary: 
    +---------+---------+----------+----------+--------+--------+---------+
    |  Latency (cycles) |  Latency (absolute) |     Interval    | Pipeline|
    |   min   |   max   |    min   |    max   |   min  |   max  |   Type  |
    +---------+---------+----------+----------+--------+--------+---------+
    |   263514|   263514|  2.635 ms|  2.635 ms|  263514|  263514|       no|
    +---------+---------+----------+----------+--------+--------+---------+

    + Detail: 
        * Instance: 
        +---------------------------+------------------------+---------+---------+-----------+-----------+------+------+----------+
        |                           |                        |  Latency (cycles) |   Latency (absolute)  |   Interval  | Pipeline |
        |          Instance         |         Module         |   min   |   max   |    min    |    max    |  min |  max |   Type   |
        +---------------------------+------------------------+---------+---------+-----------+-----------+------+------+----------+
        |dataflow_in_loop_l_ni1_U0  |dataflow_in_loop_l_ni1  |     5212|     5212|  52.120 us|  52.120 us|  4100|  4100|  dataflow|
        +---------------------------+------------------------+---------+---------+-----------+-----------+------+------+----------+

        * Loop: 
        +----------+---------+---------+----------+-----------+-----------+------+----------+
        |          |  Latency (cycles) | Iteration|  Initiation Interval  | Trip |          |
        | Loop Name|   min   |   max   |  Latency |  achieved |   target  | Count| Pipelined|
        +----------+---------+---------+----------+-----------+-----------+------+----------+
        |- l_ni1   |   263513|   263513|      5214|          -|          -|    64|        no|
        +----------+---------+---------+----------+-----------+-----------+------+----------+



================================================================
== Utilization Estimates
================================================================
* Summary: 
+---------------------+---------+------+---------+---------+-----+
|         Name        | BRAM_18K|  DSP |    FF   |   LUT   | URAM|
+---------------------+---------+------+---------+---------+-----+
|DSP                  |        -|     -|        -|        -|    -|
|Expression           |        -|     -|      110|       28|    -|
|FIFO                 |        -|     -|        -|        -|    -|
|Instance             |       32|   320|    33180|    39557|    0|
|Memory               |        -|     -|        -|        -|    -|
|Multiplexer          |        -|     -|        -|       18|    -|
|Register             |        -|     -|       14|        -|    -|
+---------------------+---------+------+---------+---------+-----+
|Total                |       32|   320|    33304|    39603|    0|
+---------------------+---------+------+---------+---------+-----+
|Available SLR        |     1344|  3008|   869120|   434560|  320|
+---------------------+---------+------+---------+---------+-----+
|Utilization SLR (%)  |        2|    10|        3|        9|    0|
+---------------------+---------+------+---------+---------+-----+
|Available            |     4032|  9024|  2607360|  1303680|  960|
+---------------------+---------+------+---------+---------+-----+
|Utilization (%)      |       ~0|     3|        1|        3|    0|
+---------------------+---------+------+---------+---------+-----+

+ Detail: 
    * Instance: 
    +---------------------------+------------------------+---------+-----+-------+-------+-----+
    |          Instance         |         Module         | BRAM_18K| DSP |   FF  |  LUT  | URAM|
    +---------------------------+------------------------+---------+-----+-------+-------+-----+
    |dataflow_in_loop_l_ni1_U0  |dataflow_in_loop_l_ni1  |       32|  320|  33180|  39557|    0|
    +---------------------------+------------------------+---------+-----+-------+-------+-----+
    |Total                      |                        |       32|  320|  33180|  39557|    0|
    +---------------------------+------------------------+---------+-----+-------+-------+-----+

    * DSP: 
    N/A

    * Memory: 
    N/A

    * FIFO: 
    N/A

    * Expression: 
    +----------------------------+----------+----+----+----+------------+------------+
    |        Variable Name       | Operation| DSP| FF | LUT| Bitwidth P0| Bitwidth P1|
    +----------------------------+----------+----+----+----+------------+------------+
    |loop_dataflow_input_count   |         +|   0|  35|   9|           7|           1|
    |loop_dataflow_output_count  |         +|   0|  35|   9|           7|           1|
    |bound_minus_1               |         -|   0|  40|  10|           8|           1|
    +----------------------------+----------+----+----+----+------------+------------+
    |Total                       |          |   0| 110|  28|          22|           3|
    +----------------------------+----------+----+----+----+------------+------------+

    * Multiplexer: 
    +----------------------------+----+-----------+-----+-----------+
    |            Name            | LUT| Input Size| Bits| Total Bits|
    +----------------------------+----+-----------+-----+-----------+
    |loop_dataflow_input_count   |   9|          2|    7|         14|
    |loop_dataflow_output_count  |   9|          2|    7|         14|
    +----------------------------+----+-----------+-----+-----------+
    |Total                       |  18|          4|   14|         28|
    +----------------------------+----+-----------+-----+-----------+

    * Register: 
    +----------------------------+---+----+-----+-----------+
    |            Name            | FF| LUT| Bits| Const Bits|
    +----------------------------+---+----+-----+-----------+
    |loop_dataflow_input_count   |  7|   0|    7|          0|
    |loop_dataflow_output_count  |  7|   0|    7|          0|
    +----------------------------+---+----+-----+-----------+
    |Total                       | 14|   0|   14|          0|
    +----------------------------+---+----+-----+-----------+



================================================================
== Interface
================================================================
* Summary: 
+----------------+-----+-----+------------+-----------------------------+--------------+
|    RTL Ports   | Dir | Bits|  Protocol  |        Source Object        |    C Type    |
+----------------+-----+-----+------------+-----------------------------+--------------+
|mi1             |   in|    8|     ap_none|                          mi1|        scalar|
|mi1_ap_vld      |   in|    1|     ap_none|                          mi1|        scalar|
|v1933_address0  |  out|   19|   ap_memory|                        v1933|         array|
|v1933_ce0       |  out|    1|   ap_memory|                        v1933|         array|
|v1933_d0        |  out|   32|   ap_memory|                        v1933|         array|
|v1933_q0        |   in|   32|   ap_memory|                        v1933|         array|
|v1933_we0       |  out|    1|   ap_memory|                        v1933|         array|
|v1933_address1  |  out|   19|   ap_memory|                        v1933|         array|
|v1933_ce1       |  out|    1|   ap_memory|                        v1933|         array|
|v1933_d1        |  out|   32|   ap_memory|                        v1933|         array|
|v1933_q1        |   in|   32|   ap_memory|                        v1933|         array|
|v1933_we1       |  out|    1|   ap_memory|                        v1933|         array|
|v1932_address0  |  out|   18|   ap_memory|                        v1932|         array|
|v1932_ce0       |  out|    1|   ap_memory|                        v1932|         array|
|v1932_d0        |  out|   32|   ap_memory|                        v1932|         array|
|v1932_q0        |   in|   32|   ap_memory|                        v1932|         array|
|v1932_we0       |  out|    1|   ap_memory|                        v1932|         array|
|v1932_address1  |  out|   18|   ap_memory|                        v1932|         array|
|v1932_ce1       |  out|    1|   ap_memory|                        v1932|         array|
|v1932_d1        |  out|   32|   ap_memory|                        v1932|         array|
|v1932_q1        |   in|   32|   ap_memory|                        v1932|         array|
|v1932_we1       |  out|    1|   ap_memory|                        v1932|         array|
|v1931_address0  |  out|   19|   ap_memory|                        v1931|         array|
|v1931_ce0       |  out|    1|   ap_memory|                        v1931|         array|
|v1931_d0        |  out|   32|   ap_memory|                        v1931|         array|
|v1931_q0        |   in|   32|   ap_memory|                        v1931|         array|
|v1931_we0       |  out|    1|   ap_memory|                        v1931|         array|
|v1931_address1  |  out|   19|   ap_memory|                        v1931|         array|
|v1931_ce1       |  out|    1|   ap_memory|                        v1931|         array|
|v1931_d1        |  out|   32|   ap_memory|                        v1931|         array|
|v1931_q1        |   in|   32|   ap_memory|                        v1931|         array|
|v1931_we1       |  out|    1|   ap_memory|                        v1931|         array|
|ap_clk          |   in|    1|  ap_ctrl_hs|  dataflow_parent_loop_proc43|  return value|
|ap_rst          |   in|    1|  ap_ctrl_hs|  dataflow_parent_loop_proc43|  return value|
|ap_start        |   in|    1|  ap_ctrl_hs|  dataflow_parent_loop_proc43|  return value|
|ap_done         |  out|    1|  ap_ctrl_hs|  dataflow_parent_loop_proc43|  return value|
|ap_ready        |  out|    1|  ap_ctrl_hs|  dataflow_parent_loop_proc43|  return value|
|ap_idle         |  out|    1|  ap_ctrl_hs|  dataflow_parent_loop_proc43|  return value|
|ap_continue     |   in|    1|  ap_ctrl_hs|  dataflow_parent_loop_proc43|  return value|
+----------------+-----+-----+------------+-----------------------------+--------------+

