

================================================================
== Vitis HLS Report for 'dataflow_in_loop_l_ni1_Loop_l_store_C_tile_sj1_proc47'
================================================================
* Date:           Mon Feb 17 20:38:02 2025

* Version:        2023.2 (Build 4023990 on Oct 11 2023)
* Project:        DitBlock
* Solution:       hls (Vivado IP Flow Target)
* Product family: virtexuplusHBM
* Target device:  xcu280-fsvh2892-2L-e


================================================================
== Performance Estimates
================================================================
+ Timing: 
    * Summary: 
    +--------+----------+----------+------------+
    |  Clock |  Target  | Estimated| Uncertainty|
    +--------+----------+----------+------------+
    |ap_clk  |  10.00 ns|  5.638 ns|     2.70 ns|
    +--------+----------+----------+------------+

+ Latency: 
    * Summary: 
    +---------+---------+----------+----------+-----+-----+---------+
    |  Latency (cycles) |  Latency (absolute) |  Interval | Pipeline|
    |   min   |   max   |    min   |    max   | min | max |   Type  |
    +---------+---------+----------+----------+-----+-----+---------+
    |       67|       67|  0.670 us|  0.670 us|   67|   67|       no|
    +---------+---------+----------+----------+-----+-----+---------+

    + Detail: 
        * Instance: 
        +---------------------------------------------------------------------------------------------+----------------------------------------------------------------------------------+---------+---------+----------+----------+-----+-----+---------+
        |                                                                                             |                                                                                  |  Latency (cycles) |  Latency (absolute) |  Interval | Pipeline|
        |                                           Instance                                          |                                      Module                                      |   min   |   max   |    min   |    max   | min | max |   Type  |
        +---------------------------------------------------------------------------------------------+----------------------------------------------------------------------------------+---------+---------+----------+----------+-----+-----+---------+
        |grp_dataflow_in_loop_l_ni1_Loop_l_store_C_tile_sj1_proc47_Pipeline_l_store_C_tile_sj_fu_568  |dataflow_in_loop_l_ni1_Loop_l_store_C_tile_sj1_proc47_Pipeline_l_store_C_tile_sj  |       66|       66|  0.660 us|  0.660 us|   66|   66|       no|
        +---------------------------------------------------------------------------------------------+----------------------------------------------------------------------------------+---------+---------+----------+----------+-----+-----+---------+

        * Loop: 
        N/A



================================================================
== Utilization Estimates
================================================================
* Summary: 
+---------------------+---------+------+---------+---------+-----+
|         Name        | BRAM_18K|  DSP |    FF   |   LUT   | URAM|
+---------------------+---------+------+---------+---------+-----+
|DSP                  |        -|     -|        -|        -|    -|
|Expression           |        -|     -|        0|        2|    -|
|FIFO                 |        -|     -|        -|        -|    -|
|Instance             |        -|     -|       17|      583|    -|
|Memory               |        -|     -|        -|        -|    -|
|Multiplexer          |        -|     -|        -|       41|    -|
|Register             |        -|     -|       17|        -|    -|
+---------------------+---------+------+---------+---------+-----+
|Total                |        0|     0|       34|      626|    0|
+---------------------+---------+------+---------+---------+-----+
|Available SLR        |     1344|  3008|   869120|   434560|  320|
+---------------------+---------+------+---------+---------+-----+
|Utilization SLR (%)  |        0|     0|       ~0|       ~0|    0|
+---------------------+---------+------+---------+---------+-----+
|Available            |     4032|  9024|  2607360|  1303680|  960|
+---------------------+---------+------+---------+---------+-----+
|Utilization (%)      |        0|     0|       ~0|       ~0|    0|
+---------------------+---------+------+---------+---------+-----+

+ Detail: 
    * Instance: 
    +---------------------------------------------------------------------------------------------+----------------------------------------------------------------------------------+---------+----+----+-----+-----+
    |                                           Instance                                          |                                      Module                                      | BRAM_18K| DSP| FF | LUT | URAM|
    +---------------------------------------------------------------------------------------------+----------------------------------------------------------------------------------+---------+----+----+-----+-----+
    |grp_dataflow_in_loop_l_ni1_Loop_l_store_C_tile_sj1_proc47_Pipeline_l_store_C_tile_sj_fu_568  |dataflow_in_loop_l_ni1_Loop_l_store_C_tile_sj1_proc47_Pipeline_l_store_C_tile_sj  |        0|   0|  17|  583|    0|
    +---------------------------------------------------------------------------------------------+----------------------------------------------------------------------------------+---------+----+----+-----+-----+
    |Total                                                                                        |                                                                                  |        0|   0|  17|  583|    0|
    +---------------------------------------------------------------------------------------------+----------------------------------------------------------------------------------+---------+----+----+-----+-----+

    * DSP: 
    N/A

    * Memory: 
    N/A

    * FIFO: 
    N/A

    * Expression: 
    +-----------------+----------+----+---+----+------------+------------+
    |  Variable Name  | Operation| DSP| FF| LUT| Bitwidth P0| Bitwidth P1|
    +-----------------+----------+----+---+----+------------+------------+
    |ap_block_state1  |        or|   0|  0|   2|           1|           1|
    +-----------------+----------+----+---+----+------------+------------+
    |Total            |          |   0|  0|   2|           1|           1|
    +-----------------+----------+----+---+----+------------+------------+

    * Multiplexer: 
    +-----------+----+-----------+-----+-----------+
    |    Name   | LUT| Input Size| Bits| Total Bits|
    +-----------+----+-----------+-----+-----------+
    |ap_NS_fsm  |  14|          3|    1|          3|
    |ap_done    |   9|          2|    1|          2|
    |mi1_blk_n  |   9|          2|    1|          2|
    |ni1_blk_n  |   9|          2|    1|          2|
    +-----------+----+-----------+-----+-----------+
    |Total      |  41|          9|    4|          9|
    +-----------+----+-----------+-----+-----------+

    * Register: 
    +----------------------------------------------------------------------------------------------------------+---+----+-----+-----------+
    |                                                   Name                                                   | FF| LUT| Bits| Const Bits|
    +----------------------------------------------------------------------------------------------------------+---+----+-----+-----------+
    |ap_CS_fsm                                                                                                 |  2|   0|    2|          0|
    |ap_done_reg                                                                                               |  1|   0|    1|          0|
    |grp_dataflow_in_loop_l_ni1_Loop_l_store_C_tile_sj1_proc47_Pipeline_l_store_C_tile_sj_fu_568_ap_start_reg  |  1|   0|    1|          0|
    |tmp_reg_722                                                                                               |  7|   0|   10|          3|
    |tmp_s_reg_727                                                                                             |  6|   0|    9|          3|
    +----------------------------------------------------------------------------------------------------------+---+----+-----+-----------+
    |Total                                                                                                     | 17|   0|   23|          6|
    +----------------------------------------------------------------------------------------------------------+---+----+-----+-----------+



================================================================
== Interface
================================================================
* Summary: 
+--------------------+-----+-----+------------+-------------------------------------------------------+--------------+
|      RTL Ports     | Dir | Bits|  Protocol  |                     Source Object                     |    C Type    |
+--------------------+-----+-----+------------+-------------------------------------------------------+--------------+
|ap_clk              |   in|    1|  ap_ctrl_hs|  dataflow_in_loop_l_ni1_Loop_l_store_C_tile_sj1_proc47|  return value|
|ap_rst              |   in|    1|  ap_ctrl_hs|  dataflow_in_loop_l_ni1_Loop_l_store_C_tile_sj1_proc47|  return value|
|ap_start            |   in|    1|  ap_ctrl_hs|  dataflow_in_loop_l_ni1_Loop_l_store_C_tile_sj1_proc47|  return value|
|ap_done             |  out|    1|  ap_ctrl_hs|  dataflow_in_loop_l_ni1_Loop_l_store_C_tile_sj1_proc47|  return value|
|ap_continue         |   in|    1|  ap_ctrl_hs|  dataflow_in_loop_l_ni1_Loop_l_store_C_tile_sj1_proc47|  return value|
|ap_idle             |  out|    1|  ap_ctrl_hs|  dataflow_in_loop_l_ni1_Loop_l_store_C_tile_sj1_proc47|  return value|
|ap_ready            |  out|    1|  ap_ctrl_hs|  dataflow_in_loop_l_ni1_Loop_l_store_C_tile_sj1_proc47|  return value|
|ni1_dout            |   in|    6|     ap_fifo|                                                    ni1|       pointer|
|ni1_num_data_valid  |   in|    3|     ap_fifo|                                                    ni1|       pointer|
|ni1_fifo_cap        |   in|    3|     ap_fifo|                                                    ni1|       pointer|
|ni1_empty_n         |   in|    1|     ap_fifo|                                                    ni1|       pointer|
|ni1_read            |  out|    1|     ap_fifo|                                                    ni1|       pointer|
|local_C1_63_i       |   in|   32|     ap_none|                                          local_C1_63_i|       pointer|
|local_C1_62_i       |   in|   32|     ap_none|                                          local_C1_62_i|       pointer|
|local_C1_61_i       |   in|   32|     ap_none|                                          local_C1_61_i|       pointer|
|local_C1_60_i       |   in|   32|     ap_none|                                          local_C1_60_i|       pointer|
|local_C1_59_i       |   in|   32|     ap_none|                                          local_C1_59_i|       pointer|
|local_C1_58_i       |   in|   32|     ap_none|                                          local_C1_58_i|       pointer|
|local_C1_57_i       |   in|   32|     ap_none|                                          local_C1_57_i|       pointer|
|local_C1_56_i       |   in|   32|     ap_none|                                          local_C1_56_i|       pointer|
|local_C1_55_i       |   in|   32|     ap_none|                                          local_C1_55_i|       pointer|
|local_C1_54_i       |   in|   32|     ap_none|                                          local_C1_54_i|       pointer|
|local_C1_53_i       |   in|   32|     ap_none|                                          local_C1_53_i|       pointer|
|local_C1_52_i       |   in|   32|     ap_none|                                          local_C1_52_i|       pointer|
|local_C1_51_i       |   in|   32|     ap_none|                                          local_C1_51_i|       pointer|
|local_C1_50_i       |   in|   32|     ap_none|                                          local_C1_50_i|       pointer|
|local_C1_49_i       |   in|   32|     ap_none|                                          local_C1_49_i|       pointer|
|local_C1_48_i       |   in|   32|     ap_none|                                          local_C1_48_i|       pointer|
|local_C1_47_i       |   in|   32|     ap_none|                                          local_C1_47_i|       pointer|
|local_C1_46_i       |   in|   32|     ap_none|                                          local_C1_46_i|       pointer|
|local_C1_45_i       |   in|   32|     ap_none|                                          local_C1_45_i|       pointer|
|local_C1_44_i       |   in|   32|     ap_none|                                          local_C1_44_i|       pointer|
|local_C1_43_i       |   in|   32|     ap_none|                                          local_C1_43_i|       pointer|
|local_C1_42_i       |   in|   32|     ap_none|                                          local_C1_42_i|       pointer|
|local_C1_41_i       |   in|   32|     ap_none|                                          local_C1_41_i|       pointer|
|local_C1_40_i       |   in|   32|     ap_none|                                          local_C1_40_i|       pointer|
|local_C1_39_i       |   in|   32|     ap_none|                                          local_C1_39_i|       pointer|
|local_C1_38_i       |   in|   32|     ap_none|                                          local_C1_38_i|       pointer|
|local_C1_37_i       |   in|   32|     ap_none|                                          local_C1_37_i|       pointer|
|local_C1_36_i       |   in|   32|     ap_none|                                          local_C1_36_i|       pointer|
|local_C1_35_i       |   in|   32|     ap_none|                                          local_C1_35_i|       pointer|
|local_C1_34_i       |   in|   32|     ap_none|                                          local_C1_34_i|       pointer|
|local_C1_33_i       |   in|   32|     ap_none|                                          local_C1_33_i|       pointer|
|local_C1_32_i       |   in|   32|     ap_none|                                          local_C1_32_i|       pointer|
|local_C1_31_i       |   in|   32|     ap_none|                                          local_C1_31_i|       pointer|
|local_C1_30_i       |   in|   32|     ap_none|                                          local_C1_30_i|       pointer|
|local_C1_29_i       |   in|   32|     ap_none|                                          local_C1_29_i|       pointer|
|local_C1_28_i       |   in|   32|     ap_none|                                          local_C1_28_i|       pointer|
|local_C1_27_i       |   in|   32|     ap_none|                                          local_C1_27_i|       pointer|
|local_C1_26_i       |   in|   32|     ap_none|                                          local_C1_26_i|       pointer|
|local_C1_25_i       |   in|   32|     ap_none|                                          local_C1_25_i|       pointer|
|local_C1_24_i       |   in|   32|     ap_none|                                          local_C1_24_i|       pointer|
|local_C1_23_i       |   in|   32|     ap_none|                                          local_C1_23_i|       pointer|
|local_C1_22_i       |   in|   32|     ap_none|                                          local_C1_22_i|       pointer|
|local_C1_21_i       |   in|   32|     ap_none|                                          local_C1_21_i|       pointer|
|local_C1_20_i       |   in|   32|     ap_none|                                          local_C1_20_i|       pointer|
|local_C1_19_i       |   in|   32|     ap_none|                                          local_C1_19_i|       pointer|
|local_C1_18_i       |   in|   32|     ap_none|                                          local_C1_18_i|       pointer|
|local_C1_17_i       |   in|   32|     ap_none|                                          local_C1_17_i|       pointer|
|local_C1_16_i       |   in|   32|     ap_none|                                          local_C1_16_i|       pointer|
|local_C1_15_i       |   in|   32|     ap_none|                                          local_C1_15_i|       pointer|
|local_C1_14_i       |   in|   32|     ap_none|                                          local_C1_14_i|       pointer|
|local_C1_13_i       |   in|   32|     ap_none|                                          local_C1_13_i|       pointer|
|local_C1_12_i       |   in|   32|     ap_none|                                          local_C1_12_i|       pointer|
|local_C1_11_i       |   in|   32|     ap_none|                                          local_C1_11_i|       pointer|
|local_C1_10_i       |   in|   32|     ap_none|                                          local_C1_10_i|       pointer|
|local_C1_9_i        |   in|   32|     ap_none|                                           local_C1_9_i|       pointer|
|local_C1_8_i        |   in|   32|     ap_none|                                           local_C1_8_i|       pointer|
|local_C1_7_i        |   in|   32|     ap_none|                                           local_C1_7_i|       pointer|
|local_C1_6_i        |   in|   32|     ap_none|                                           local_C1_6_i|       pointer|
|local_C1_5_i        |   in|   32|     ap_none|                                           local_C1_5_i|       pointer|
|local_C1_4_i        |   in|   32|     ap_none|                                           local_C1_4_i|       pointer|
|local_C1_3_i        |   in|   32|     ap_none|                                           local_C1_3_i|       pointer|
|local_C1_2_i        |   in|   32|     ap_none|                                           local_C1_2_i|       pointer|
|local_C1_1_i        |   in|   32|     ap_none|                                           local_C1_1_i|       pointer|
|local_C1_i          |   in|   32|     ap_none|                                             local_C1_i|       pointer|
|mi1_dout            |   in|    7|     ap_fifo|                                                    mi1|       pointer|
|mi1_num_data_valid  |   in|    3|     ap_fifo|                                                    mi1|       pointer|
|mi1_fifo_cap        |   in|    3|     ap_fifo|                                                    mi1|       pointer|
|mi1_empty_n         |   in|    1|     ap_fifo|                                                    mi1|       pointer|
|mi1_read            |  out|    1|     ap_fifo|                                                    mi1|       pointer|
|v1933_address1      |  out|   19|   ap_memory|                                                  v1933|         array|
|v1933_ce1           |  out|    1|   ap_memory|                                                  v1933|         array|
|v1933_we1           |  out|    1|   ap_memory|                                                  v1933|         array|
|v1933_d1            |  out|   32|   ap_memory|                                                  v1933|         array|
+--------------------+-----+-----+------------+-------------------------------------------------------+--------------+

