

================================================================
== Vitis HLS Report for 'dataflow_in_loop_l_ni1_Loop_l_load_A_tile_ak1_proc4426_Pipeline_l_load_A_tile_ak'
================================================================
* Date:           Mon Feb 17 20:37:41 2025

* Version:        2023.2 (Build 4023990 on Oct 11 2023)
* Project:        DitBlock
* Solution:       hls (Vivado IP Flow Target)
* Product family: virtexuplusHBM
* Target device:  xcu280-fsvh2892-2L-e


================================================================
== Performance Estimates
================================================================
+ Timing: 
    * Summary: 
    +--------+----------+----------+------------+
    |  Clock |  Target  | Estimated| Uncertainty|
    +--------+----------+----------+------------+
    |ap_clk  |  10.00 ns|  5.638 ns|     2.70 ns|
    +--------+----------+----------+------------+

+ Latency: 
    * Summary: 
    +---------+---------+-----------+-----------+------+------+---------+
    |  Latency (cycles) |   Latency (absolute)  |   Interval  | Pipeline|
    |   min   |   max   |    min    |    max    |  min |  max |   Type  |
    +---------+---------+-----------+-----------+------+------+---------+
    |     4098|     4098|  40.980 us|  40.980 us|  4098|  4098|       no|
    +---------+---------+-----------+-----------+------+------+---------+

    + Detail: 
        * Instance: 
        N/A

        * Loop: 
        +---------------------------+---------+---------+----------+-----------+-----------+------+----------+
        |                           |  Latency (cycles) | Iteration|  Initiation Interval  | Trip |          |
        |         Loop Name         |   min   |   max   |  Latency |  achieved |   target  | Count| Pipelined|
        +---------------------------+---------+---------+----------+-----------+-----------+------+----------+
        |- l_load_A_tile_ak1_l_ai1  |     4096|     4096|         2|          1|          1|  4096|       yes|
        +---------------------------+---------+---------+----------+-----------+-----------+------+----------+



================================================================
== Utilization Estimates
================================================================
* Summary: 
+---------------------+---------+------+---------+---------+-----+
|         Name        | BRAM_18K|  DSP |    FF   |   LUT   | URAM|
+---------------------+---------+------+---------+---------+-----+
|DSP                  |        -|     -|        -|        -|    -|
|Expression           |        -|     -|        0|      141|    -|
|FIFO                 |        -|     -|        -|        -|    -|
|Instance             |        -|     -|        -|        -|    -|
|Memory               |        -|     -|        -|        -|    -|
|Multiplexer          |        -|     -|        -|       72|    -|
|Register             |        -|     -|       43|        -|    -|
+---------------------+---------+------+---------+---------+-----+
|Total                |        0|     0|       43|      213|    0|
+---------------------+---------+------+---------+---------+-----+
|Available SLR        |     1344|  3008|   869120|   434560|  320|
+---------------------+---------+------+---------+---------+-----+
|Utilization SLR (%)  |        0|     0|       ~0|       ~0|    0|
+---------------------+---------+------+---------+---------+-----+
|Available            |     4032|  9024|  2607360|  1303680|  960|
+---------------------+---------+------+---------+---------+-----+
|Utilization (%)      |        0|     0|       ~0|       ~0|    0|
+---------------------+---------+------+---------+---------+-----+

+ Detail: 
    * Instance: 
    N/A

    * DSP: 
    N/A

    * Memory: 
    N/A

    * FIFO: 
    N/A

    * Expression: 
    +---------------------------+----------+----+---+----+------------+------------+
    |       Variable Name       | Operation| DSP| FF| LUT| Bitwidth P0| Bitwidth P1|
    +---------------------------+----------+----+---+----+------------+------------+
    |add_ln3497_1_fu_271_p2     |         +|   0|  0|  17|          10|           1|
    |add_ln3497_fu_259_p2       |         +|   0|  0|  20|          13|           1|
    |add_ln3498_fu_336_p2       |         +|   0|  0|  12|           4|           1|
    |add_ln3503_1_fu_325_p2     |         +|   0|  0|  26|          19|          19|
    |add_ln3503_fu_311_p2       |         +|   0|  0|  17|          10|          10|
    |icmp_ln3497_fu_253_p2      |      icmp|   0|  0|  21|          13|          14|
    |icmp_ln3498_fu_277_p2      |      icmp|   0|  0|  12|           4|           5|
    |select_ln3497_1_fu_291_p3  |    select|   0|  0|  10|           1|          10|
    |select_ln3497_fu_283_p3    |    select|   0|  0|   4|           1|           1|
    |ap_enable_pp0              |       xor|   0|  0|   2|           1|           2|
    +---------------------------+----------+----+---+----+------------+------------+
    |Total                      |          |   0|  0| 141|          76|          64|
    +---------------------------+----------+----+---+----+------------+------------+

    * Multiplexer: 
    +----------------------------------------+----+-----------+-----+-----------+
    |                  Name                  | LUT| Input Size| Bits| Total Bits|
    +----------------------------------------+----+-----------+-----+-----------+
    |ai1_fu_86                               |   9|          2|    4|          8|
    |ak1_fu_90                               |   9|          2|   10|         20|
    |ap_done_int                             |   9|          2|    1|          2|
    |ap_enable_reg_pp0_iter1                 |   9|          2|    1|          2|
    |ap_sig_allocacmp_ai1_load               |   9|          2|    4|          8|
    |ap_sig_allocacmp_ak1_load               |   9|          2|   10|         20|
    |ap_sig_allocacmp_indvar_flatten_i_load  |   9|          2|   13|         26|
    |indvar_flatten_i_fu_94                  |   9|          2|   13|         26|
    +----------------------------------------+----+-----------+-----+-----------+
    |Total                                   |  72|         16|   56|        112|
    +----------------------------------------+----+-----------+-----+-----------+

    * Register: 
    +-------------------------+----+----+-----+-----------+
    |           Name          | FF | LUT| Bits| Const Bits|
    +-------------------------+----+----+-----+-----------+
    |ai1_fu_86                |   4|   0|    4|          0|
    |ak1_fu_90                |  10|   0|   10|          0|
    |ap_CS_fsm                |   1|   0|    1|          0|
    |ap_done_reg              |   1|   0|    1|          0|
    |ap_enable_reg_pp0_iter1  |   1|   0|    1|          0|
    |indvar_flatten_i_fu_94   |  13|   0|   13|          0|
    |select_ln3497_1_reg_396  |  10|   0|   10|          0|
    |trunc_ln3501_reg_401     |   3|   0|    3|          0|
    +-------------------------+----+----+-----+-----------+
    |Total                    |  43|   0|   43|          0|
    +-------------------------+----+----+-----+-----------+



================================================================
== Interface
================================================================
* Summary: 
+-----------------------+-----+-----+------------+----------------------------------------------------------------------------------+--------------+
|       RTL Ports       | Dir | Bits|  Protocol  |                                   Source Object                                  |    C Type    |
+-----------------------+-----+-----+------------+----------------------------------------------------------------------------------+--------------+
|ap_clk                 |   in|    1|  ap_ctrl_hs|  dataflow_in_loop_l_ni1_Loop_l_load_A_tile_ak1_proc4426_Pipeline_l_load_A_tile_ak|  return value|
|ap_rst                 |   in|    1|  ap_ctrl_hs|  dataflow_in_loop_l_ni1_Loop_l_load_A_tile_ak1_proc4426_Pipeline_l_load_A_tile_ak|  return value|
|ap_start               |   in|    1|  ap_ctrl_hs|  dataflow_in_loop_l_ni1_Loop_l_load_A_tile_ak1_proc4426_Pipeline_l_load_A_tile_ak|  return value|
|ap_done                |  out|    1|  ap_ctrl_hs|  dataflow_in_loop_l_ni1_Loop_l_load_A_tile_ak1_proc4426_Pipeline_l_load_A_tile_ak|  return value|
|ap_idle                |  out|    1|  ap_ctrl_hs|  dataflow_in_loop_l_ni1_Loop_l_load_A_tile_ak1_proc4426_Pipeline_l_load_A_tile_ak|  return value|
|ap_ready               |  out|    1|  ap_ctrl_hs|  dataflow_in_loop_l_ni1_Loop_l_load_A_tile_ak1_proc4426_Pipeline_l_load_A_tile_ak|  return value|
|local_A1_7_i_address0  |  out|    9|   ap_memory|                                                                      local_A1_7_i|         array|
|local_A1_7_i_ce0       |  out|    1|   ap_memory|                                                                      local_A1_7_i|         array|
|local_A1_7_i_we0       |  out|    1|   ap_memory|                                                                      local_A1_7_i|         array|
|local_A1_7_i_d0        |  out|   32|   ap_memory|                                                                      local_A1_7_i|         array|
|local_A1_6_i_address0  |  out|    9|   ap_memory|                                                                      local_A1_6_i|         array|
|local_A1_6_i_ce0       |  out|    1|   ap_memory|                                                                      local_A1_6_i|         array|
|local_A1_6_i_we0       |  out|    1|   ap_memory|                                                                      local_A1_6_i|         array|
|local_A1_6_i_d0        |  out|   32|   ap_memory|                                                                      local_A1_6_i|         array|
|local_A1_5_i_address0  |  out|    9|   ap_memory|                                                                      local_A1_5_i|         array|
|local_A1_5_i_ce0       |  out|    1|   ap_memory|                                                                      local_A1_5_i|         array|
|local_A1_5_i_we0       |  out|    1|   ap_memory|                                                                      local_A1_5_i|         array|
|local_A1_5_i_d0        |  out|   32|   ap_memory|                                                                      local_A1_5_i|         array|
|local_A1_4_i_address0  |  out|    9|   ap_memory|                                                                      local_A1_4_i|         array|
|local_A1_4_i_ce0       |  out|    1|   ap_memory|                                                                      local_A1_4_i|         array|
|local_A1_4_i_we0       |  out|    1|   ap_memory|                                                                      local_A1_4_i|         array|
|local_A1_4_i_d0        |  out|   32|   ap_memory|                                                                      local_A1_4_i|         array|
|local_A1_3_i_address0  |  out|    9|   ap_memory|                                                                      local_A1_3_i|         array|
|local_A1_3_i_ce0       |  out|    1|   ap_memory|                                                                      local_A1_3_i|         array|
|local_A1_3_i_we0       |  out|    1|   ap_memory|                                                                      local_A1_3_i|         array|
|local_A1_3_i_d0        |  out|   32|   ap_memory|                                                                      local_A1_3_i|         array|
|local_A1_2_i_address0  |  out|    9|   ap_memory|                                                                      local_A1_2_i|         array|
|local_A1_2_i_ce0       |  out|    1|   ap_memory|                                                                      local_A1_2_i|         array|
|local_A1_2_i_we0       |  out|    1|   ap_memory|                                                                      local_A1_2_i|         array|
|local_A1_2_i_d0        |  out|   32|   ap_memory|                                                                      local_A1_2_i|         array|
|local_A1_1_i_address0  |  out|    9|   ap_memory|                                                                      local_A1_1_i|         array|
|local_A1_1_i_ce0       |  out|    1|   ap_memory|                                                                      local_A1_1_i|         array|
|local_A1_1_i_we0       |  out|    1|   ap_memory|                                                                      local_A1_1_i|         array|
|local_A1_1_i_d0        |  out|   32|   ap_memory|                                                                      local_A1_1_i|         array|
|local_A1_i_address0    |  out|    9|   ap_memory|                                                                        local_A1_i|         array|
|local_A1_i_ce0         |  out|    1|   ap_memory|                                                                        local_A1_i|         array|
|local_A1_i_we0         |  out|    1|   ap_memory|                                                                        local_A1_i|         array|
|local_A1_i_d0          |  out|   32|   ap_memory|                                                                        local_A1_i|         array|
|v1942_i                |   in|    1|     ap_none|                                                                           v1942_i|        scalar|
|tmp_i                  |   in|   10|     ap_none|                                                                             tmp_i|        scalar|
|v1931_address0         |  out|   19|   ap_memory|                                                                             v1931|         array|
|v1931_ce0              |  out|    1|   ap_memory|                                                                             v1931|         array|
|v1931_q0               |   in|   32|   ap_memory|                                                                             v1931|         array|
+-----------------------+-----+-----+------------+----------------------------------------------------------------------------------+--------------+

