

================================================================
== Vitis HLS Report for 'generic_tanh_float_s'
================================================================
* Date:           Mon Feb 17 20:39:12 2025

* Version:        2023.2 (Build 4023990 on Oct 11 2023)
* Project:        DitBlock
* Solution:       hls (Vivado IP Flow Target)
* Product family: virtexuplusHBM
* Target device:  xcu280-fsvh2892-2L-e


================================================================
== Performance Estimates
================================================================
+ Timing: 
    * Summary: 
    +--------+----------+----------+------------+
    |  Clock |  Target  | Estimated| Uncertainty|
    +--------+----------+----------+------------+
    |ap_clk  |  10.00 ns|  7.279 ns|     2.70 ns|
    +--------+----------+----------+------------+

+ Latency: 
    * Summary: 
    +---------+---------+----------+----------+-----+-----+---------+
    |  Latency (cycles) |  Latency (absolute) |  Interval | Pipeline|
    |   min   |   max   |    min   |    max   | min | max |   Type  |
    +---------+---------+----------+----------+-----+-----+---------+
    |       28|       28|  0.280 us|  0.280 us|    1|    1|      yes|
    +---------+---------+----------+----------+-----+-----+---------+

    + Detail: 
        * Instance: 
        +--------------------------------+----------------------+---------+---------+-----------+-----------+-----+-----+---------+
        |                                |                      |  Latency (cycles) |   Latency (absolute)  |  Interval | Pipeline|
        |            Instance            |        Module        |   min   |   max   |    min    |    max    | min | max |   Type  |
        +--------------------------------+----------------------+---------+---------+-----------+-----------+-----+-----+---------+
        |grp_exp_generic_double_s_fu_89  |exp_generic_double_s  |        7|        7|  70.000 ns|  70.000 ns|    1|    1|      yes|
        +--------------------------------+----------------------+---------+---------+-----------+-----------+-----+-----+---------+

        * Loop: 
        N/A



================================================================
== Utilization Estimates
================================================================
* Summary: 
+---------------------+---------+------+---------+---------+-----+
|         Name        | BRAM_18K|  DSP |    FF   |   LUT   | URAM|
+---------------------+---------+------+---------+---------+-----+
|DSP                  |        -|     -|        -|        -|    -|
|Expression           |        -|     -|        0|      380|    -|
|FIFO                 |        -|     -|        -|        -|    -|
|Instance             |        5|    38|     2101|     4423|    -|
|Memory               |        -|     -|        -|        -|    -|
|Multiplexer          |        -|     -|        -|      124|    -|
|Register             |        -|     -|     2572|      352|    -|
+---------------------+---------+------+---------+---------+-----+
|Total                |        5|    38|     4673|     5279|    0|
+---------------------+---------+------+---------+---------+-----+
|Available SLR        |     1344|  3008|   869120|   434560|  320|
+---------------------+---------+------+---------+---------+-----+
|Utilization SLR (%)  |       ~0|     1|       ~0|        1|    0|
+---------------------+---------+------+---------+---------+-----+
|Available            |     4032|  9024|  2607360|  1303680|  960|
+---------------------+---------+------+---------+---------+-----+
|Utilization (%)      |       ~0|    ~0|       ~0|       ~0|    0|
+---------------------+---------+------+---------+---------+-----+

+ Detail: 
    * Instance: 
    +--------------------------------------------+--------------------------------------+---------+----+-----+------+-----+
    |                  Instance                  |                Module                | BRAM_18K| DSP|  FF |  LUT | URAM|
    +--------------------------------------------+--------------------------------------+---------+----+-----+------+-----+
    |dadd_64ns_64ns_64_3_full_dsp_1_x_U3537      |dadd_64ns_64ns_64_3_full_dsp_1_x      |        0|   3|  343|   708|    0|
    |grp_exp_generic_double_s_fu_89              |exp_generic_double_s                  |        5|  24|  922|  2734|    0|
    |fadd_32ns_32ns_32_3_full_dsp_1_x_U3529      |fadd_32ns_32ns_32_3_full_dsp_1_x      |        0|   2|  177|   226|    0|
    |fadd_32ns_32ns_32_3_full_dsp_1_x_U3530      |fadd_32ns_32ns_32_3_full_dsp_1_x      |        0|   2|  177|   226|    0|
    |faddfsub_32ns_32ns_32_3_full_dsp_1_x_U3528  |faddfsub_32ns_32ns_32_3_full_dsp_1_x  |        0|   2|  177|   226|    0|
    |fcmp_32ns_32ns_1_1_no_dsp_1_U3536           |fcmp_32ns_32ns_1_1_no_dsp_1           |        0|   0|    0|     0|    0|
    |fdiv_32ns_32ns_32_6_no_dsp_1_x_U3533        |fdiv_32ns_32ns_32_6_no_dsp_1_x        |        0|   0|    0|     0|    0|
    |fmul_32ns_32ns_32_2_max_dsp_1_x_U3532       |fmul_32ns_32ns_32_2_max_dsp_1_x       |        0|   3|  128|    77|    0|
    |fpext_32ns_64_1_no_dsp_1_U3535              |fpext_32ns_64_1_no_dsp_1              |        0|   0|    0|     0|    0|
    |fptrunc_64ns_32_2_no_dsp_1_x_U3534          |fptrunc_64ns_32_2_no_dsp_1_x          |        0|   0|    0|     0|    0|
    |fsub_32ns_32ns_32_3_full_dsp_1_U3531        |fsub_32ns_32ns_32_3_full_dsp_1        |        0|   2|  177|   226|    0|
    +--------------------------------------------+--------------------------------------+---------+----+-----+------+-----+
    |Total                                       |                                      |        5|  38| 2101|  4423|    0|
    +--------------------------------------------+--------------------------------------+---------+----+-----+------+-----+

    * DSP: 
    N/A

    * Memory: 
    N/A

    * FIFO: 
    N/A

    * Expression: 
    +--------------------------------------+----------+----+---+----+------------+------------+
    |             Variable Name            | Operation| DSP| FF| LUT| Bitwidth P0| Bitwidth P1|
    +--------------------------------------+----------+----+---+----+------------+------------+
    |and_ln46_fu_223_p2                    |       and|   0|  0|   2|           1|           1|
    |ap_condition_460                      |       and|   0|  0|   2|           1|           1|
    |ap_condition_535                      |       and|   0|  0|   2|           1|           1|
    |ap_condition_540                      |       and|   0|  0|   2|           1|           1|
    |ap_condition_642                      |       and|   0|  0|   2|           1|           1|
    |ap_condition_747                      |       and|   0|  0|   2|           1|           1|
    |ap_condition_754                      |       and|   0|  0|   2|           1|           1|
    |ap_condition_895                      |       and|   0|  0|   2|           1|           1|
    |ap_predicate_op71_call_state5_state4  |       and|   0|  0|   2|           1|           1|
    |ap_predicate_pred152_state26          |       and|   0|  0|   2|           1|           1|
    |ap_predicate_pred160_state26          |       and|   0|  0|   2|           1|           1|
    |ap_predicate_pred514_state17          |       and|   0|  0|   2|           1|           1|
    |ap_predicate_pred607_state27          |       and|   0|  0|   2|           1|           1|
    |ap_predicate_pred785_state21          |       and|   0|  0|   2|           1|           1|
    |ap_predicate_pred790_state21          |       and|   0|  0|   2|           1|           1|
    |icmp_ln10_fu_278_p2                   |      icmp|   0|  0|  15|           8|           7|
    |icmp_ln36_fu_199_p2                   |      icmp|   0|  0|  15|           8|           2|
    |icmp_ln38_fu_246_p2                   |      icmp|   0|  0|  30|          23|           1|
    |icmp_ln45_fu_205_p2                   |      icmp|   0|  0|  15|           8|           7|
    |icmp_ln46_1_fu_217_p2                 |      icmp|   0|  0|  30|          23|           1|
    |icmp_ln46_fu_211_p2                   |      icmp|   0|  0|  15|           8|           7|
    |icmp_ln54_fu_229_p2                   |      icmp|   0|  0|  15|           8|           7|
    |icmp_ln9_fu_272_p2                    |      icmp|   0|  0|  15|           8|           1|
    |ap_condition_595                      |        or|   0|  0|   2|           1|           1|
    |ap_condition_760                      |        or|   0|  0|   2|           1|           1|
    |or_ln55_fu_235_p2                     |        or|   0|  0|  33|          32|          33|
    |ap_return                             |    select|   0|  0|  32|           1|          32|
    |select_ln38_fu_299_p3                 |    select|   0|  0|  31|           1|          31|
    |x_3_fu_252_p3                         |    select|   0|  0|  32|           1|          32|
    |ap_enable_pp0                         |       xor|   0|  0|   2|           1|           2|
    |xor_ln66_fu_288_p2                    |       xor|   0|  0|  33|          32|          33|
    |xor_ln83_fu_310_p2                    |       xor|   0|  0|  33|          32|          33|
    +--------------------------------------+----------+----+---+----+------------+------------+
    |Total                                 |          |   0|  0| 380|         211|         246|
    +--------------------------------------+----------+----+---+----+------------+------------+

    * Multiplexer: 
    +----------------------------------------+----+-----------+-----+-----------+
    |                  Name                  | LUT| Input Size| Bits| Total Bits|
    +----------------------------------------+----+-----------+-----+-----------+
    |ap_phi_mux_resultf_3_phi_fu_76_p10      |   9|          2|   32|         64|
    |ap_phi_reg_pp0_iter17_expx_reg_58       |   9|          2|   32|         64|
    |ap_phi_reg_pp0_iter27_resultf_3_reg_72  |   9|          2|   32|         64|
    |ap_phi_reg_pp0_iter28_resultf_3_reg_72  |   9|          2|   32|         64|
    |ap_phi_reg_pp0_iter2_resultf_3_reg_72   |   9|          2|   32|         64|
    |ap_phi_reg_pp0_iter4_expx_reg_58        |  14|          3|   32|         96|
    |ap_phi_reg_pp0_iter5_resultf_3_reg_72   |   9|          2|   32|         64|
    |grp_fu_100_opcode                       |  14|          3|    2|          6|
    |grp_fu_100_p0                           |  14|          3|   32|         96|
    |grp_fu_100_p1                           |  14|          3|   32|         96|
    |grp_fu_125_p0                           |  14|          3|   32|         96|
    +----------------------------------------+----+-----------+-----+-----------+
    |Total                                   | 124|         27|  322|        774|
    +----------------------------------------+----+-----------+-----+-----------+

    * Register: 
    +---------------------------------------------+----+----+-----+-----------+
    |                     Name                    | FF | LUT| Bits| Const Bits|
    +---------------------------------------------+----+----+-----+-----------+
    |abst_in_reg_332                              |  31|   0|   32|          1|
    |add2_reg_417                                 |  32|   0|   32|          0|
    |add_reg_379                                  |  32|   0|   32|          0|
    |and_ln46_reg_349                             |   1|   0|    1|          0|
    |ap_CS_fsm                                    |   1|   0|    1|          0|
    |ap_enable_reg_pp0_iter1                      |   1|   0|    1|          0|
    |ap_enable_reg_pp0_iter10                     |   1|   0|    1|          0|
    |ap_enable_reg_pp0_iter11                     |   1|   0|    1|          0|
    |ap_enable_reg_pp0_iter12                     |   1|   0|    1|          0|
    |ap_enable_reg_pp0_iter13                     |   1|   0|    1|          0|
    |ap_enable_reg_pp0_iter14                     |   1|   0|    1|          0|
    |ap_enable_reg_pp0_iter15                     |   1|   0|    1|          0|
    |ap_enable_reg_pp0_iter16                     |   1|   0|    1|          0|
    |ap_enable_reg_pp0_iter17                     |   1|   0|    1|          0|
    |ap_enable_reg_pp0_iter18                     |   1|   0|    1|          0|
    |ap_enable_reg_pp0_iter19                     |   1|   0|    1|          0|
    |ap_enable_reg_pp0_iter2                      |   1|   0|    1|          0|
    |ap_enable_reg_pp0_iter20                     |   1|   0|    1|          0|
    |ap_enable_reg_pp0_iter21                     |   1|   0|    1|          0|
    |ap_enable_reg_pp0_iter22                     |   1|   0|    1|          0|
    |ap_enable_reg_pp0_iter23                     |   1|   0|    1|          0|
    |ap_enable_reg_pp0_iter24                     |   1|   0|    1|          0|
    |ap_enable_reg_pp0_iter25                     |   1|   0|    1|          0|
    |ap_enable_reg_pp0_iter26                     |   1|   0|    1|          0|
    |ap_enable_reg_pp0_iter27                     |   1|   0|    1|          0|
    |ap_enable_reg_pp0_iter28                     |   1|   0|    1|          0|
    |ap_enable_reg_pp0_iter3                      |   1|   0|    1|          0|
    |ap_enable_reg_pp0_iter4                      |   1|   0|    1|          0|
    |ap_enable_reg_pp0_iter5                      |   1|   0|    1|          0|
    |ap_enable_reg_pp0_iter6                      |   1|   0|    1|          0|
    |ap_enable_reg_pp0_iter7                      |   1|   0|    1|          0|
    |ap_enable_reg_pp0_iter8                      |   1|   0|    1|          0|
    |ap_enable_reg_pp0_iter9                      |   1|   0|    1|          0|
    |ap_phi_reg_pp0_iter10_expx_reg_58            |  32|   0|   32|          0|
    |ap_phi_reg_pp0_iter10_resultf_3_reg_72       |  32|   0|   32|          0|
    |ap_phi_reg_pp0_iter11_expx_reg_58            |  32|   0|   32|          0|
    |ap_phi_reg_pp0_iter11_resultf_3_reg_72       |  32|   0|   32|          0|
    |ap_phi_reg_pp0_iter12_expx_reg_58            |  32|   0|   32|          0|
    |ap_phi_reg_pp0_iter12_resultf_3_reg_72       |  32|   0|   32|          0|
    |ap_phi_reg_pp0_iter13_expx_reg_58            |  32|   0|   32|          0|
    |ap_phi_reg_pp0_iter13_resultf_3_reg_72       |  32|   0|   32|          0|
    |ap_phi_reg_pp0_iter14_expx_reg_58            |  32|   0|   32|          0|
    |ap_phi_reg_pp0_iter14_resultf_3_reg_72       |  32|   0|   32|          0|
    |ap_phi_reg_pp0_iter15_expx_reg_58            |  32|   0|   32|          0|
    |ap_phi_reg_pp0_iter15_resultf_3_reg_72       |  32|   0|   32|          0|
    |ap_phi_reg_pp0_iter16_expx_reg_58            |  32|   0|   32|          0|
    |ap_phi_reg_pp0_iter16_resultf_3_reg_72       |  32|   0|   32|          0|
    |ap_phi_reg_pp0_iter17_expx_reg_58            |  32|   0|   32|          0|
    |ap_phi_reg_pp0_iter17_resultf_3_reg_72       |  32|   0|   32|          0|
    |ap_phi_reg_pp0_iter18_resultf_3_reg_72       |  32|   0|   32|          0|
    |ap_phi_reg_pp0_iter19_resultf_3_reg_72       |  32|   0|   32|          0|
    |ap_phi_reg_pp0_iter1_expx_reg_58             |  32|   0|   32|          0|
    |ap_phi_reg_pp0_iter1_resultf_3_reg_72        |  32|   0|   32|          0|
    |ap_phi_reg_pp0_iter20_resultf_3_reg_72       |  32|   0|   32|          0|
    |ap_phi_reg_pp0_iter21_resultf_3_reg_72       |  32|   0|   32|          0|
    |ap_phi_reg_pp0_iter22_resultf_3_reg_72       |  32|   0|   32|          0|
    |ap_phi_reg_pp0_iter23_resultf_3_reg_72       |  32|   0|   32|          0|
    |ap_phi_reg_pp0_iter24_resultf_3_reg_72       |  32|   0|   32|          0|
    |ap_phi_reg_pp0_iter25_resultf_3_reg_72       |  32|   0|   32|          0|
    |ap_phi_reg_pp0_iter26_resultf_3_reg_72       |  32|   0|   32|          0|
    |ap_phi_reg_pp0_iter27_resultf_3_reg_72       |  32|   0|   32|          0|
    |ap_phi_reg_pp0_iter28_resultf_3_reg_72       |  32|   0|   32|          0|
    |ap_phi_reg_pp0_iter2_expx_reg_58             |  32|   0|   32|          0|
    |ap_phi_reg_pp0_iter2_resultf_3_reg_72        |  32|   0|   32|          0|
    |ap_phi_reg_pp0_iter3_expx_reg_58             |  32|   0|   32|          0|
    |ap_phi_reg_pp0_iter3_resultf_3_reg_72        |  32|   0|   32|          0|
    |ap_phi_reg_pp0_iter4_expx_reg_58             |  32|   0|   32|          0|
    |ap_phi_reg_pp0_iter4_resultf_3_reg_72        |  32|   0|   32|          0|
    |ap_phi_reg_pp0_iter5_expx_reg_58             |  32|   0|   32|          0|
    |ap_phi_reg_pp0_iter5_resultf_3_reg_72        |  32|   0|   32|          0|
    |ap_phi_reg_pp0_iter6_expx_reg_58             |  32|   0|   32|          0|
    |ap_phi_reg_pp0_iter6_resultf_3_reg_72        |  32|   0|   32|          0|
    |ap_phi_reg_pp0_iter7_expx_reg_58             |  32|   0|   32|          0|
    |ap_phi_reg_pp0_iter7_resultf_3_reg_72        |  32|   0|   32|          0|
    |ap_phi_reg_pp0_iter8_expx_reg_58             |  32|   0|   32|          0|
    |ap_phi_reg_pp0_iter8_resultf_3_reg_72        |  32|   0|   32|          0|
    |ap_phi_reg_pp0_iter9_expx_reg_58             |  32|   0|   32|          0|
    |ap_phi_reg_pp0_iter9_resultf_3_reg_72        |  32|   0|   32|          0|
    |ap_predicate_pred152_state26                 |   1|   0|    1|          0|
    |ap_predicate_pred160_state26                 |   1|   0|    1|          0|
    |ap_predicate_pred514_state17                 |   1|   0|    1|          0|
    |ap_predicate_pred607_state27                 |   1|   0|    1|          0|
    |ap_predicate_pred785_state21                 |   1|   0|    1|          0|
    |ap_predicate_pred790_state21                 |   1|   0|    1|          0|
    |din_sign_reg_327                             |   1|   0|    1|          0|
    |expx_reg_58                                  |  32|   0|   32|          0|
    |grp_exp_generic_double_s_fu_89_ap_start_reg  |   1|   0|    1|          0|
    |icmp_ln10_reg_388                            |   1|   0|    1|          0|
    |icmp_ln36_reg_341                            |   1|   0|    1|          0|
    |icmp_ln38_reg_367                            |   1|   0|    1|          0|
    |icmp_ln45_reg_345                            |   1|   0|    1|          0|
    |icmp_ln54_reg_357                            |   1|   0|    1|          0|
    |icmp_ln9_reg_384                             |   1|   0|    1|          0|
    |reg_146                                      |  32|   0|   32|          0|
    |sub_i_reg_407                                |  64|   0|   64|          0|
    |tmp_5_reg_353                                |   1|   0|    1|          0|
    |tmp_s_reg_402                                |  64|   0|   64|          0|
    |x_3_reg_372                                  |  32|   0|   32|          0|
    |xd_reg_392                                   |  64|   0|   64|          0|
    |abst_in_reg_332                              |  64|  32|   32|          1|
    |and_ln46_reg_349                             |  64|  32|    1|          0|
    |din_sign_reg_327                             |  64|  32|    1|          0|
    |expx_reg_58                                  |  64|  32|   32|          0|
    |icmp_ln10_reg_388                            |  64|  32|    1|          0|
    |icmp_ln36_reg_341                            |  64|  32|    1|          0|
    |icmp_ln38_reg_367                            |  64|  32|    1|          0|
    |icmp_ln45_reg_345                            |  64|  32|    1|          0|
    |icmp_ln54_reg_357                            |  64|  32|    1|          0|
    |icmp_ln9_reg_384                             |  64|  32|    1|          0|
    |tmp_5_reg_353                                |  64|  32|    1|          0|
    +---------------------------------------------+----+----+-----+-----------+
    |Total                                        |2572| 352| 1942|          2|
    +---------------------------------------------+----+----+-----+-----------+



================================================================
== Interface
================================================================
* Summary: 
+-----------+-----+-----+------------+---------------------+--------------+
| RTL Ports | Dir | Bits|  Protocol  |    Source Object    |    C Type    |
+-----------+-----+-----+------------+---------------------+--------------+
|ap_clk     |   in|    1|  ap_ctrl_hs|  generic_tanh<float>|  return value|
|ap_rst     |   in|    1|  ap_ctrl_hs|  generic_tanh<float>|  return value|
|ap_start   |   in|    1|  ap_ctrl_hs|  generic_tanh<float>|  return value|
|ap_done    |  out|    1|  ap_ctrl_hs|  generic_tanh<float>|  return value|
|ap_idle    |  out|    1|  ap_ctrl_hs|  generic_tanh<float>|  return value|
|ap_ready   |  out|    1|  ap_ctrl_hs|  generic_tanh<float>|  return value|
|ap_return  |  out|   32|  ap_ctrl_hs|  generic_tanh<float>|  return value|
|t_in       |   in|   32|     ap_none|                 t_in|        scalar|
+-----------+-----+-----+------------+---------------------+--------------+

