

================================================================
== Vitis HLS Report for 'layer_norm'
================================================================
* Date:           Mon Feb 17 20:37:41 2025

* Version:        2023.2 (Build 4023990 on Oct 11 2023)
* Project:        DitBlock
* Solution:       hls (Vivado IP Flow Target)
* Product family: virtexuplusHBM
* Target device:  xcu280-fsvh2892-2L-e


================================================================
== Performance Estimates
================================================================
+ Timing: 
    * Summary: 
    +--------+----------+----------+------------+
    |  Clock |  Target  | Estimated| Uncertainty|
    +--------+----------+----------+------------+
    |ap_clk  |  10.00 ns|  7.088 ns|     2.70 ns|
    +--------+----------+----------+------------+

+ Latency: 
    * Summary: 
    +---------+---------+-----------+-----------+---------+---------+---------+
    |  Latency (cycles) |   Latency (absolute)  |      Interval     | Pipeline|
    |   min   |   max   |    min    |    max    |   min   |   max   |   Type  |
    +---------+---------+-----------+-----------+---------+---------+---------+
    |  1603609|  1603609|  16.036 ms|  16.036 ms|  1603609|  1603609|       no|
    +---------+---------+-----------+-----------+---------+---------+---------+

    + Detail: 
        * Instance: 
        +------------------------------------------------+--------------------------------------+---------+---------+-----------+-----------+---------+---------+---------+
        |                                                |                                      |  Latency (cycles) |   Latency (absolute)  |      Interval     | Pipeline|
        |                    Instance                    |                Module                |   min   |   max   |    min    |    max    |   min   |   max   |   Type  |
        +------------------------------------------------+--------------------------------------+---------+---------+-----------+-----------+---------+---------+---------+
        |grp_layer_norm_Pipeline_VITIS_LOOP_486_1_fu_88  |layer_norm_Pipeline_VITIS_LOOP_486_1  |     1026|     1026|  10.260 us|  10.260 us|     1026|     1026|       no|
        |grp_layer_norm_Pipeline_VITIS_LOOP_490_2_fu_94  |layer_norm_Pipeline_VITIS_LOOP_490_2  |     1026|     1026|  10.260 us|  10.260 us|     1026|     1026|       no|
        |grp_layer_norm_Pipeline_l_sum_i2_l_j1_fu_100    |layer_norm_Pipeline_l_sum_i2_l_j1     |  1048584|  1048584|  10.486 ms|  10.486 ms|  1048584|  1048584|       no|
        |grp_layer_norm_Pipeline_l_mean_var_i3_fu_108    |layer_norm_Pipeline_l_mean_var_i3     |     1033|     1033|  10.330 us|  10.330 us|     1033|     1033|       no|
        |grp_layer_norm_Pipeline_l_j2_fu_115             |layer_norm_Pipeline_l_j2              |      524|      524|   5.240 us|   5.240 us|      524|      524|       no|
        +------------------------------------------------+--------------------------------------+---------+---------+-----------+-----------+---------+---------+---------+

        * Loop: 
        +-------------+---------+---------+----------+-----------+-----------+------+----------+
        |             |  Latency (cycles) | Iteration|  Initiation Interval  | Trip |          |
        |  Loop Name  |   min   |   max   |  Latency |  achieved |   target  | Count| Pipelined|
        +-------------+---------+---------+----------+-----------+-----------+------+----------+
        |- l_norm_i4  |   552960|   552960|       540|          -|          -|  1024|        no|
        +-------------+---------+---------+----------+-----------+-----------+------+----------+



================================================================
== Utilization Estimates
================================================================
* Summary: 
+---------------------+---------+------+---------+---------+-----+
|         Name        | BRAM_18K|  DSP |    FF   |   LUT   | URAM|
+---------------------+---------+------+---------+---------+-----+
|DSP                  |        -|     -|        -|        -|    -|
|Expression           |        -|     -|        0|       39|    -|
|FIFO                 |        -|     -|        -|        -|    -|
|Instance             |        -|    14|     2097|     2065|    -|
|Memory               |        6|     -|        0|        0|    0|
|Multiplexer          |        -|     -|        -|      536|    -|
|Register             |        -|     -|      314|        -|    -|
+---------------------+---------+------+---------+---------+-----+
|Total                |        6|    14|     2411|     2640|    0|
+---------------------+---------+------+---------+---------+-----+
|Available SLR        |     1344|  3008|   869120|   434560|  320|
+---------------------+---------+------+---------+---------+-----+
|Utilization SLR (%)  |       ~0|    ~0|       ~0|       ~0|    0|
+---------------------+---------+------+---------+---------+-----+
|Available            |     4032|  9024|  2607360|  1303680|  960|
+---------------------+---------+------+---------+---------+-----+
|Utilization (%)      |       ~0|    ~0|       ~0|       ~0|    0|
+---------------------+---------+------+---------+---------+-----+

+ Detail: 
    * Instance: 
    +------------------------------------------------+--------------------------------------+---------+----+-----+-----+-----+
    |                    Instance                    |                Module                | BRAM_18K| DSP|  FF | LUT | URAM|
    +------------------------------------------------+--------------------------------------+---------+----+-----+-----+-----+
    |dadd_64ns_64ns_64_3_full_dsp_1_U226             |dadd_64ns_64ns_64_3_full_dsp_1        |        0|   3|  343|  708|    0|
    |faddfsub_32ns_32ns_32_3_full_dsp_1_U227         |faddfsub_32ns_32ns_32_3_full_dsp_1    |        0|   2|  177|  226|    0|
    |fmul_32ns_32ns_32_2_max_dsp_1_U228              |fmul_32ns_32ns_32_2_max_dsp_1         |        0|   3|  128|   77|    0|
    |fpext_32ns_64_1_no_dsp_1_U224                   |fpext_32ns_64_1_no_dsp_1              |        0|   0|    0|    0|    0|
    |fptrunc_64ns_32_2_no_dsp_1_U223                 |fptrunc_64ns_32_2_no_dsp_1            |        0|   0|    0|    0|    0|
    |fsqrt_32ns_32ns_32_6_no_dsp_1_U225              |fsqrt_32ns_32ns_32_6_no_dsp_1         |        0|   0|    0|    0|    0|
    |grp_layer_norm_Pipeline_VITIS_LOOP_486_1_fu_88  |layer_norm_Pipeline_VITIS_LOOP_486_1  |        0|   0|   13|   64|    0|
    |grp_layer_norm_Pipeline_VITIS_LOOP_490_2_fu_94  |layer_norm_Pipeline_VITIS_LOOP_490_2  |        0|   0|   13|   64|    0|
    |grp_layer_norm_Pipeline_l_j2_fu_115             |layer_norm_Pipeline_l_j2              |        0|   0|  212|  131|    0|
    |grp_layer_norm_Pipeline_l_mean_var_i3_fu_108    |layer_norm_Pipeline_l_mean_var_i3     |        0|   6|  591|  293|    0|
    |grp_layer_norm_Pipeline_l_sum_i2_l_j1_fu_100    |layer_norm_Pipeline_l_sum_i2_l_j1     |        0|   0|  620|  502|    0|
    +------------------------------------------------+--------------------------------------+---------+----+-----+-----+-----+
    |Total                                           |                                      |        0|  14| 2097| 2065|    0|
    +------------------------------------------------+--------------------------------------+---------+----+-----+-----+-----+

    * DSP: 
    N/A

    * Memory: 
    +---------+--------------------------------+---------+---+----+-----+------+-----+------+-------------+
    |  Memory |             Module             | BRAM_18K| FF| LUT| URAM| Words| Bits| Banks| W*Bits*Banks|
    +---------+--------------------------------+---------+---+----+-----+------+-----+------+-------------+
    |mean2_U  |layer_norm_mean2_RAM_AUTO_1R1W  |        2|  0|   0|    0|  1024|   32|     1|        32768|
    |mean_U   |layer_norm_mean_RAM_AUTO_1R1W   |        2|  0|   0|    0|  1024|   32|     1|        32768|
    |var_U    |layer_norm_var_RAM_AUTO_1R1W    |        2|  0|   0|    0|  1024|   32|     1|        32768|
    +---------+--------------------------------+---------+---+----+-----+------+-----+------+-------------+
    |Total    |                                |        6|  0|   0|    0|  3072|   96|     3|        98304|
    +---------+--------------------------------+---------+---+----+-----+------+-----+------+-------------+

    * FIFO: 
    N/A

    * Expression: 
    +---------------------------------+----------+----+---+----+------------+------------+
    |          Variable Name          | Operation| DSP| FF| LUT| Bitwidth P0| Bitwidth P1|
    +---------------------------------+----------+----+---+----+------------+------------+
    |add_ln520_fu_158_p2              |         +|   0|  0|  18|          11|           1|
    |icmp_ln520_fu_152_p2             |      icmp|   0|  0|  19|          11|          12|
    |ap_block_state2_on_subcall_done  |        or|   0|  0|   2|           1|           1|
    +---------------------------------+----------+----+---+----+------------+------------+
    |Total                            |          |   0|  0|  39|          23|          14|
    +---------------------------------+----------+----+---+----+------------+------------+

    * Multiplexer: 
    +-------------------+-----+-----------+-----+-----------+
    |        Name       | LUT | Input Size| Bits| Total Bits|
    +-------------------+-----+-----------+-----+-----------+
    |ap_NS_fsm          |  113|         23|    1|         23|
    |grp_fu_243_ce      |   20|          4|    1|          4|
    |grp_fu_243_opcode  |   20|          4|    2|          8|
    |grp_fu_243_p0      |   20|          4|   32|        128|
    |grp_fu_243_p1      |   20|          4|   32|        128|
    |grp_fu_247_ce      |   14|          3|    1|          3|
    |grp_fu_247_p0      |   14|          3|   32|         96|
    |grp_fu_247_p1      |   14|          3|   32|         96|
    |i4_fu_48           |    9|          2|   11|         22|
    |mean2_address0     |   20|          4|   10|         40|
    |mean2_address1     |   14|          3|   10|         30|
    |mean2_ce0          |   20|          4|    1|          4|
    |mean2_ce1          |   14|          3|    1|          3|
    |mean2_d0           |   20|          4|   32|        128|
    |mean2_we0          |   20|          4|    1|          4|
    |mean_address0      |   26|          5|   10|         50|
    |mean_ce0           |   26|          5|    1|          5|
    |mean_ce1           |    9|          2|    1|          2|
    |mean_d0            |   20|          4|   32|        128|
    |mean_we0           |   20|          4|    1|          4|
    |v262_address0      |   14|          3|   19|         57|
    |v262_ce0           |   14|          3|    1|          3|
    |v262_ce1           |    9|          2|    1|          2|
    |v262_we1           |    9|          2|    1|          2|
    |var_address0       |   14|          3|   10|         30|
    |var_ce0            |   14|          3|    1|          3|
    |var_we0            |    9|          2|    1|          2|
    +-------------------+-----+-----------+-----+-----------+
    |Total              |  536|        110|  278|       1005|
    +-------------------+-----+-----------+-----+-----------+

    * Register: 
    +-------------------------------------------------------------+----+----+-----+-----------+
    |                             Name                            | FF | LUT| Bits| Const Bits|
    +-------------------------------------------------------------+----+----+-----+-----------+
    |add_reg_223                                                  |  64|   0|   64|          0|
    |ap_CS_fsm                                                    |  22|   0|   22|          0|
    |conv_reg_218                                                 |  64|   0|   64|          0|
    |grp_layer_norm_Pipeline_VITIS_LOOP_486_1_fu_88_ap_start_reg  |   1|   0|    1|          0|
    |grp_layer_norm_Pipeline_VITIS_LOOP_490_2_fu_94_ap_start_reg  |   1|   0|    1|          0|
    |grp_layer_norm_Pipeline_l_j2_fu_115_ap_start_reg             |   1|   0|    1|          0|
    |grp_layer_norm_Pipeline_l_mean_var_i3_fu_108_ap_start_reg    |   1|   0|    1|          0|
    |grp_layer_norm_Pipeline_l_sum_i2_l_j1_fu_100_ap_start_reg    |   1|   0|    1|          0|
    |i4_fu_48                                                     |  11|   0|   11|          0|
    |mean_load_reg_208                                            |  32|   0|   32|          0|
    |tmp_s_reg_238                                                |  10|   0|   19|          9|
    |trunc_ln520_reg_190                                          |  10|   0|   10|          0|
    |v1_reg_233                                                   |  32|   0|   32|          0|
    |v_reg_228                                                    |  32|   0|   32|          0|
    |var_load_reg_213                                             |  32|   0|   32|          0|
    +-------------------------------------------------------------+----+----+-----+-----------+
    |Total                                                        | 314|   0|  323|          9|
    +-------------------------------------------------------------+----+----+-----+-----------+



================================================================
== Interface
================================================================
* Summary: 
+---------------+-----+-----+------------+--------------+--------------+
|   RTL Ports   | Dir | Bits|  Protocol  | Source Object|    C Type    |
+---------------+-----+-----+------------+--------------+--------------+
|ap_clk         |   in|    1|  ap_ctrl_hs|    layer_norm|  return value|
|ap_rst         |   in|    1|  ap_ctrl_hs|    layer_norm|  return value|
|ap_start       |   in|    1|  ap_ctrl_hs|    layer_norm|  return value|
|ap_done        |  out|    1|  ap_ctrl_hs|    layer_norm|  return value|
|ap_idle        |  out|    1|  ap_ctrl_hs|    layer_norm|  return value|
|ap_ready       |  out|    1|  ap_ctrl_hs|    layer_norm|  return value|
|v262_address0  |  out|   19|   ap_memory|          v262|         array|
|v262_ce0       |  out|    1|   ap_memory|          v262|         array|
|v262_q0        |   in|   32|   ap_memory|          v262|         array|
|v262_address1  |  out|   19|   ap_memory|          v262|         array|
|v262_ce1       |  out|    1|   ap_memory|          v262|         array|
|v262_we1       |  out|    1|   ap_memory|          v262|         array|
|v262_d1        |  out|   32|   ap_memory|          v262|         array|
+---------------+-----+-----+------------+--------------+--------------+

