

================================================================
== Vitis HLS Report for 'PE_kernel_Q_1_1_166'
================================================================
* Date:           Mon Feb 17 20:37:44 2025

* Version:        2023.2 (Build 4023990 on Oct 11 2023)
* Project:        DitBlock
* Solution:       hls (Vivado IP Flow Target)
* Product family: virtexuplusHBM
* Target device:  xcu280-fsvh2892-2L-e


================================================================
== Performance Estimates
================================================================
+ Timing: 
    * Summary: 
    +--------+----------+----------+------------+
    |  Clock |  Target  | Estimated| Uncertainty|
    +--------+----------+----------+------------+
    |ap_clk  |  10.00 ns|  6.536 ns|     2.70 ns|
    +--------+----------+----------+------------+

+ Latency: 
    * Summary: 
    +---------+---------+-----------+-----------+------+------+---------+
    |  Latency (cycles) |   Latency (absolute)  |   Interval  | Pipeline|
    |   min   |   max   |    min    |    max    |  min |  max |   Type  |
    +---------+---------+-----------+-----------+------+------+---------+
    |     1029|     1029|  10.290 us|  10.290 us|  1029|  1029|       no|
    +---------+---------+-----------+-----------+------+------+---------+

    + Detail: 
        * Instance: 
        N/A

        * Loop: 
        +---------------+---------+---------+----------+-----------+-----------+------+----------+
        |               |  Latency (cycles) | Iteration|  Initiation Interval  | Trip |          |
        |   Loop Name   |   min   |   max   |  Latency |  achieved |   target  | Count| Pipelined|
        +---------------+---------+---------+----------+-----------+-----------+------+----------+
        |- l_S_k_0_k19  |     1027|     1027|         6|          2|          1|   512|       yes|
        +---------------+---------+---------+----------+-----------+-----------+------+----------+



================================================================
== Utilization Estimates
================================================================
* Summary: 
+---------------------+---------+------+---------+---------+-----+
|         Name        | BRAM_18K|  DSP |    FF   |   LUT   | URAM|
+---------------------+---------+------+---------+---------+-----+
|DSP                  |        -|     -|        -|        -|    -|
|Expression           |        -|     -|        0|       43|    -|
|FIFO                 |        -|     -|        -|        -|    -|
|Instance             |        -|     5|      305|      303|    -|
|Memory               |        -|     -|        -|        -|    -|
|Multiplexer          |        -|     -|        -|      116|    -|
|Register             |        -|     -|      125|        -|    -|
+---------------------+---------+------+---------+---------+-----+
|Total                |        0|     5|      430|      462|    0|
+---------------------+---------+------+---------+---------+-----+
|Available SLR        |     1344|  3008|   869120|   434560|  320|
+---------------------+---------+------+---------+---------+-----+
|Utilization SLR (%)  |        0|    ~0|       ~0|       ~0|    0|
+---------------------+---------+------+---------+---------+-----+
|Available            |     4032|  9024|  2607360|  1303680|  960|
+---------------------+---------+------+---------+---------+-----+
|Utilization (%)      |        0|    ~0|       ~0|       ~0|    0|
+---------------------+---------+------+---------+---------+-----+

+ Detail: 
    * Instance: 
    +-------------------------------------+--------------------------------+---------+----+-----+-----+-----+
    |               Instance              |             Module             | BRAM_18K| DSP|  FF | LUT | URAM|
    +-------------------------------------+--------------------------------+---------+----+-----+-----+-----+
    |fadd_32ns_32ns_32_3_full_dsp_1_U375  |fadd_32ns_32ns_32_3_full_dsp_1  |        0|   2|  177|  226|    0|
    |fmul_32ns_32ns_32_2_max_dsp_1_U376   |fmul_32ns_32ns_32_2_max_dsp_1   |        0|   3|  128|   77|    0|
    +-------------------------------------+--------------------------------+---------+----+-----+-----+-----+
    |Total                                |                                |        0|   5|  305|  303|    0|
    +-------------------------------------+--------------------------------+---------+----+-----+-----+-----+

    * DSP: 
    N/A

    * Memory: 
    N/A

    * FIFO: 
    N/A

    * Expression: 
    +----------------------------------+----------+----+---+----+------------+------------+
    |           Variable Name          | Operation| DSP| FF| LUT| Bitwidth P0| Bitwidth P1|
    +----------------------------------+----------+----+---+----+------------+------------+
    |k19_2_fu_116_p2                   |         +|   0|  0|  17|          10|           1|
    |ap_block_pp0_stage1_01001         |       and|   0|  0|   2|           1|           1|
    |icmp_ln936_fu_110_p2              |      icmp|   0|  0|  18|          10|          11|
    |ap_block_state1                   |        or|   0|  0|   2|           1|           1|
    |ap_block_state3_pp0_stage1_iter0  |        or|   0|  0|   2|           1|           1|
    |ap_enable_pp0                     |       xor|   0|  0|   2|           1|           2|
    +----------------------------------+----------+----+---+----+------------+------------+
    |Total                             |          |   0|  0|  43|          24|          17|
    +----------------------------------+----------+----+---+----+------------+------------+

    * Multiplexer: 
    +------------------------------+----+-----------+-----+-----------+
    |             Name             | LUT| Input Size| Bits| Total Bits|
    +------------------------------+----+-----------+-----+-----------+
    |A_fifo1_1_1_blk_n             |   9|          2|    1|          2|
    |A_fifo1_1_2_blk_n             |   9|          2|    1|          2|
    |B_fifo1_1_1_blk_n             |   9|          2|    1|          2|
    |B_fifo1_1_2_blk_n             |   9|          2|    1|          2|
    |ap_NS_fsm                     |  26|          5|    1|          5|
    |ap_done                       |   9|          2|    1|          2|
    |ap_enable_reg_pp0_iter2       |   9|          2|    1|          2|
    |ap_sig_allocacmp_v519_load_1  |   9|          2|   32|         64|
    |k19_fu_50                     |   9|          2|   10|         20|
    |v507_1_1                      |   9|          2|   32|         64|
    |v519_fu_46                    |   9|          2|   32|         64|
    +------------------------------+----+-----------+-----+-----------+
    |Total                         | 116|         25|  113|        229|
    +------------------------------+----+-----------+-----+-----------+

    * Register: 
    +-------------------------+----+----+-----+-----------+
    |           Name          | FF | LUT| Bits| Const Bits|
    +-------------------------+----+----+-----+-----------+
    |ap_CS_fsm                |   4|   0|    4|          0|
    |ap_done_reg              |   1|   0|    1|          0|
    |ap_enable_reg_pp0_iter0  |   1|   0|    1|          0|
    |ap_enable_reg_pp0_iter1  |   1|   0|    1|          0|
    |ap_enable_reg_pp0_iter2  |   1|   0|    1|          0|
    |icmp_ln936_reg_164       |   1|   0|    1|          0|
    |k19_2_reg_168            |  10|   0|   10|          0|
    |k19_fu_50                |  10|   0|   10|          0|
    |v507_1_1_preg            |  32|   0|   32|          0|
    |v518_reg_183             |  32|   0|   32|          0|
    |v519_fu_46               |  32|   0|   32|          0|
    +-------------------------+----+----+-----+-----------+
    |Total                    | 125|   0|  125|          0|
    +-------------------------+----+----+-----+-----------+



================================================================
== Interface
================================================================
* Summary: 
+----------------------------+-----+-----+------------+---------------------+--------------+
|          RTL Ports         | Dir | Bits|  Protocol  |    Source Object    |    C Type    |
+----------------------------+-----+-----+------------+---------------------+--------------+
|ap_clk                      |   in|    1|  ap_ctrl_hs|  PE_kernel_Q_1_1.166|  return value|
|ap_rst                      |   in|    1|  ap_ctrl_hs|  PE_kernel_Q_1_1.166|  return value|
|ap_start                    |   in|    1|  ap_ctrl_hs|  PE_kernel_Q_1_1.166|  return value|
|ap_done                     |  out|    1|  ap_ctrl_hs|  PE_kernel_Q_1_1.166|  return value|
|ap_continue                 |   in|    1|  ap_ctrl_hs|  PE_kernel_Q_1_1.166|  return value|
|ap_idle                     |  out|    1|  ap_ctrl_hs|  PE_kernel_Q_1_1.166|  return value|
|ap_ready                    |  out|    1|  ap_ctrl_hs|  PE_kernel_Q_1_1.166|  return value|
|A_fifo1_1_1_dout            |   in|   32|     ap_fifo|          A_fifo1_1_1|       pointer|
|A_fifo1_1_1_num_data_valid  |   in|    5|     ap_fifo|          A_fifo1_1_1|       pointer|
|A_fifo1_1_1_fifo_cap        |   in|    5|     ap_fifo|          A_fifo1_1_1|       pointer|
|A_fifo1_1_1_empty_n         |   in|    1|     ap_fifo|          A_fifo1_1_1|       pointer|
|A_fifo1_1_1_read            |  out|    1|     ap_fifo|          A_fifo1_1_1|       pointer|
|B_fifo1_1_1_dout            |   in|   32|     ap_fifo|          B_fifo1_1_1|       pointer|
|B_fifo1_1_1_num_data_valid  |   in|    5|     ap_fifo|          B_fifo1_1_1|       pointer|
|B_fifo1_1_1_fifo_cap        |   in|    5|     ap_fifo|          B_fifo1_1_1|       pointer|
|B_fifo1_1_1_empty_n         |   in|    1|     ap_fifo|          B_fifo1_1_1|       pointer|
|B_fifo1_1_1_read            |  out|    1|     ap_fifo|          B_fifo1_1_1|       pointer|
|A_fifo1_1_2_din             |  out|   32|     ap_fifo|          A_fifo1_1_2|       pointer|
|A_fifo1_1_2_num_data_valid  |   in|    5|     ap_fifo|          A_fifo1_1_2|       pointer|
|A_fifo1_1_2_fifo_cap        |   in|    5|     ap_fifo|          A_fifo1_1_2|       pointer|
|A_fifo1_1_2_full_n          |   in|    1|     ap_fifo|          A_fifo1_1_2|       pointer|
|A_fifo1_1_2_write           |  out|    1|     ap_fifo|          A_fifo1_1_2|       pointer|
|B_fifo1_1_2_din             |  out|   32|     ap_fifo|          B_fifo1_1_2|       pointer|
|B_fifo1_1_2_num_data_valid  |   in|    5|     ap_fifo|          B_fifo1_1_2|       pointer|
|B_fifo1_1_2_fifo_cap        |   in|    5|     ap_fifo|          B_fifo1_1_2|       pointer|
|B_fifo1_1_2_full_n          |   in|    1|     ap_fifo|          B_fifo1_1_2|       pointer|
|B_fifo1_1_2_write           |  out|    1|     ap_fifo|          B_fifo1_1_2|       pointer|
|v507_1_1                    |  out|   32|     ap_none|             v507_1_1|       pointer|
+----------------------------+-----+-----+------------+---------------------+--------------+

