

================================================================
== Vitis HLS Report for 'PE_kernel_QKT_2_7_1181'
================================================================
* Date:           Mon Feb 17 20:38:22 2025

* Version:        2023.2 (Build 4023990 on Oct 11 2023)
* Project:        DitBlock
* Solution:       hls (Vivado IP Flow Target)
* Product family: virtexuplusHBM
* Target device:  xcu280-fsvh2892-2L-e


================================================================
== Performance Estimates
================================================================
+ Timing: 
    * Summary: 
    +--------+----------+----------+------------+
    |  Clock |  Target  | Estimated| Uncertainty|
    +--------+----------+----------+------------+
    |ap_clk  |  10.00 ns|  6.536 ns|     2.70 ns|
    +--------+----------+----------+------------+

+ Latency: 
    * Summary: 
    +---------+---------+----------+----------+-----+-----+---------+
    |  Latency (cycles) |  Latency (absolute) |  Interval | Pipeline|
    |   min   |   max   |    min   |    max   | min | max |   Type  |
    +---------+---------+----------+----------+-----+-----+---------+
    |      133|      133|  1.330 us|  1.330 us|  133|  133|       no|
    +---------+---------+----------+----------+-----+-----+---------+

    + Detail: 
        * Instance: 
        N/A

        * Loop: 
        +----------------+---------+---------+----------+-----------+-----------+------+----------+
        |                |  Latency (cycles) | Iteration|  Initiation Interval  | Trip |          |
        |    Loop Name   |   min   |   max   |  Latency |  achieved |   target  | Count| Pipelined|
        +----------------+---------+---------+----------+-----------+-----------+------+----------+
        |- l_S_k_0_k266  |      131|      131|         6|          2|          1|    64|       yes|
        +----------------+---------+---------+----------+-----------+-----------+------+----------+



================================================================
== Utilization Estimates
================================================================
* Summary: 
+---------------------+---------+------+---------+---------+-----+
|         Name        | BRAM_18K|  DSP |    FF   |   LUT   | URAM|
+---------------------+---------+------+---------+---------+-----+
|DSP                  |        -|     -|        -|        -|    -|
|Expression           |        -|     -|        0|       37|    -|
|FIFO                 |        -|     -|        -|        -|    -|
|Instance             |        -|     5|      305|      303|    -|
|Memory               |        -|     -|        -|        -|    -|
|Multiplexer          |        -|     -|        -|      125|    -|
|Register             |        -|     -|      120|        -|    -|
+---------------------+---------+------+---------+---------+-----+
|Total                |        0|     5|      425|      465|    0|
+---------------------+---------+------+---------+---------+-----+
|Available SLR        |     1344|  3008|   869120|   434560|  320|
+---------------------+---------+------+---------+---------+-----+
|Utilization SLR (%)  |        0|    ~0|       ~0|       ~0|    0|
+---------------------+---------+------+---------+---------+-----+
|Available            |     4032|  9024|  2607360|  1303680|  960|
+---------------------+---------+------+---------+---------+-----+
|Utilization (%)      |        0|    ~0|       ~0|       ~0|    0|
+---------------------+---------+------+---------+---------+-----+

+ Detail: 
    * Instance: 
    +--------------------------------------+--------------------------------+---------+----+-----+-----+-----+
    |               Instance               |             Module             | BRAM_18K| DSP|  FF | LUT | URAM|
    +--------------------------------------+--------------------------------+---------+----+-----+-----+-----+
    |fadd_32ns_32ns_32_3_full_dsp_1_U1810  |fadd_32ns_32ns_32_3_full_dsp_1  |        0|   2|  177|  226|    0|
    |fmul_32ns_32ns_32_2_max_dsp_1_U1811   |fmul_32ns_32ns_32_2_max_dsp_1   |        0|   3|  128|   77|    0|
    +--------------------------------------+--------------------------------+---------+----+-----+-----+-----+
    |Total                                 |                                |        0|   5|  305|  303|    0|
    +--------------------------------------+--------------------------------+---------+----+-----+-----+-----+

    * DSP: 
    N/A

    * Memory: 
    N/A

    * FIFO: 
    N/A

    * Expression: 
    +----------------------------------+----------+----+---+----+------------+------------+
    |           Variable Name          | Operation| DSP| FF| LUT| Bitwidth P0| Bitwidth P1|
    +----------------------------------+----------+----+---+----+------------+------------+
    |k266_2_fu_116_p2                  |         +|   0|  0|  14|           7|           1|
    |ap_block_pp0_stage1_01001         |       and|   0|  0|   2|           1|           1|
    |icmp_ln11875_fu_110_p2            |      icmp|   0|  0|  15|           7|           8|
    |ap_block_state1                   |        or|   0|  0|   2|           1|           1|
    |ap_block_state3_pp0_stage1_iter0  |        or|   0|  0|   2|           1|           1|
    |ap_enable_pp0                     |       xor|   0|  0|   2|           1|           2|
    +----------------------------------+----------+----+---+----+------------+------------+
    |Total                             |          |   0|  0|  37|          18|          14|
    +----------------------------------+----------+----+---+----+------------+------------+

    * Multiplexer: 
    +-------------------------------+----+-----------+-----+-----------+
    |              Name             | LUT| Input Size| Bits| Total Bits|
    +-------------------------------+----+-----------+-----+-----------+
    |A_fifo4_7_2_blk_n              |   9|          2|    1|          2|
    |A_fifo4_7_3_blk_n              |   9|          2|    1|          2|
    |B_fifo4_2_7_blk_n              |   9|          2|    1|          2|
    |B_fifo4_2_8_blk_n              |   9|          2|    1|          2|
    |ap_NS_fsm                      |  26|          5|    1|          5|
    |ap_done                        |   9|          2|    1|          2|
    |ap_enable_reg_pp0_iter2        |   9|          2|    1|          2|
    |ap_sig_allocacmp_v6499_load_1  |   9|          2|   32|         64|
    |k266_fu_50                     |   9|          2|    7|         14|
    |real_start                     |   9|          2|    1|          2|
    |v6487_7_2                      |   9|          2|   32|         64|
    |v6499_fu_46                    |   9|          2|   32|         64|
    +-------------------------------+----+-----------+-----+-----------+
    |Total                          | 125|         27|  111|        225|
    +-------------------------------+----+-----------+-----+-----------+

    * Register: 
    +-------------------------+----+----+-----+-----------+
    |           Name          | FF | LUT| Bits| Const Bits|
    +-------------------------+----+----+-----+-----------+
    |ap_CS_fsm                |   4|   0|    4|          0|
    |ap_done_reg              |   1|   0|    1|          0|
    |ap_enable_reg_pp0_iter0  |   1|   0|    1|          0|
    |ap_enable_reg_pp0_iter1  |   1|   0|    1|          0|
    |ap_enable_reg_pp0_iter2  |   1|   0|    1|          0|
    |icmp_ln11875_reg_164     |   1|   0|    1|          0|
    |k266_2_reg_168           |   7|   0|    7|          0|
    |k266_fu_50               |   7|   0|    7|          0|
    |start_once_reg           |   1|   0|    1|          0|
    |v6487_7_2_preg           |  32|   0|   32|          0|
    |v6498_reg_183            |  32|   0|   32|          0|
    |v6499_fu_46              |  32|   0|   32|          0|
    +-------------------------+----+----+-----+-----------+
    |Total                    | 120|   0|  120|          0|
    +-------------------------+----+----+-----+-----------+



================================================================
== Interface
================================================================
* Summary: 
+----------------------------+-----+-----+------------+------------------------+--------------+
|          RTL Ports         | Dir | Bits|  Protocol  |      Source Object     |    C Type    |
+----------------------------+-----+-----+------------+------------------------+--------------+
|ap_clk                      |   in|    1|  ap_ctrl_hs|  PE_kernel_QKT_2_7.1181|  return value|
|ap_rst                      |   in|    1|  ap_ctrl_hs|  PE_kernel_QKT_2_7.1181|  return value|
|ap_start                    |   in|    1|  ap_ctrl_hs|  PE_kernel_QKT_2_7.1181|  return value|
|start_full_n                |   in|    1|  ap_ctrl_hs|  PE_kernel_QKT_2_7.1181|  return value|
|ap_done                     |  out|    1|  ap_ctrl_hs|  PE_kernel_QKT_2_7.1181|  return value|
|ap_continue                 |   in|    1|  ap_ctrl_hs|  PE_kernel_QKT_2_7.1181|  return value|
|ap_idle                     |  out|    1|  ap_ctrl_hs|  PE_kernel_QKT_2_7.1181|  return value|
|ap_ready                    |  out|    1|  ap_ctrl_hs|  PE_kernel_QKT_2_7.1181|  return value|
|start_out                   |  out|    1|  ap_ctrl_hs|  PE_kernel_QKT_2_7.1181|  return value|
|start_write                 |  out|    1|  ap_ctrl_hs|  PE_kernel_QKT_2_7.1181|  return value|
|A_fifo4_7_2_dout            |   in|   32|     ap_fifo|             A_fifo4_7_2|       pointer|
|A_fifo4_7_2_num_data_valid  |   in|    5|     ap_fifo|             A_fifo4_7_2|       pointer|
|A_fifo4_7_2_fifo_cap        |   in|    5|     ap_fifo|             A_fifo4_7_2|       pointer|
|A_fifo4_7_2_empty_n         |   in|    1|     ap_fifo|             A_fifo4_7_2|       pointer|
|A_fifo4_7_2_read            |  out|    1|     ap_fifo|             A_fifo4_7_2|       pointer|
|B_fifo4_2_7_dout            |   in|   32|     ap_fifo|             B_fifo4_2_7|       pointer|
|B_fifo4_2_7_num_data_valid  |   in|    5|     ap_fifo|             B_fifo4_2_7|       pointer|
|B_fifo4_2_7_fifo_cap        |   in|    5|     ap_fifo|             B_fifo4_2_7|       pointer|
|B_fifo4_2_7_empty_n         |   in|    1|     ap_fifo|             B_fifo4_2_7|       pointer|
|B_fifo4_2_7_read            |  out|    1|     ap_fifo|             B_fifo4_2_7|       pointer|
|A_fifo4_7_3_din             |  out|   32|     ap_fifo|             A_fifo4_7_3|       pointer|
|A_fifo4_7_3_num_data_valid  |   in|    5|     ap_fifo|             A_fifo4_7_3|       pointer|
|A_fifo4_7_3_fifo_cap        |   in|    5|     ap_fifo|             A_fifo4_7_3|       pointer|
|A_fifo4_7_3_full_n          |   in|    1|     ap_fifo|             A_fifo4_7_3|       pointer|
|A_fifo4_7_3_write           |  out|    1|     ap_fifo|             A_fifo4_7_3|       pointer|
|B_fifo4_2_8_din             |  out|   32|     ap_fifo|             B_fifo4_2_8|       pointer|
|B_fifo4_2_8_num_data_valid  |   in|    5|     ap_fifo|             B_fifo4_2_8|       pointer|
|B_fifo4_2_8_fifo_cap        |   in|    5|     ap_fifo|             B_fifo4_2_8|       pointer|
|B_fifo4_2_8_full_n          |   in|    1|     ap_fifo|             B_fifo4_2_8|       pointer|
|B_fifo4_2_8_write           |  out|    1|     ap_fifo|             B_fifo4_2_8|       pointer|
|v6487_7_2                   |  out|   32|     ap_none|               v6487_7_2|       pointer|
+----------------------------+-----+-----+------------+------------------------+--------------+

