

================================================================
== Vitis HLS Report for 'scaled_dot_product_attention_Pipeline_l_mha_merge_i17_l_j15'
================================================================
* Date:           Mon Feb 17 20:39:05 2025

* Version:        2023.2 (Build 4023990 on Oct 11 2023)
* Project:        DitBlock
* Solution:       hls (Vivado IP Flow Target)
* Product family: virtexuplusHBM
* Target device:  xcu280-fsvh2892-2L-e


================================================================
== Performance Estimates
================================================================
+ Timing: 
    * Summary: 
    +--------+----------+----------+------------+
    |  Clock |  Target  | Estimated| Uncertainty|
    +--------+----------+----------+------------+
    |ap_clk  |  10.00 ns|  3.912 ns|     2.70 ns|
    +--------+----------+----------+------------+

+ Latency: 
    * Summary: 
    +---------+---------+----------+----------+-------+-------+---------+
    |  Latency (cycles) |  Latency (absolute) |    Interval   | Pipeline|
    |   min   |   max   |    min   |    max   |  min  |  max  |   Type  |
    +---------+---------+----------+----------+-------+-------+---------+
    |    65538|    65538|  0.655 ms|  0.655 ms|  65538|  65538|       no|
    +---------+---------+----------+----------+-------+-------+---------+

    + Detail: 
        * Instance: 
        N/A

        * Loop: 
        +-------------------------+---------+---------+----------+-----------+-----------+-------+----------+
        |                         |  Latency (cycles) | Iteration|  Initiation Interval  |  Trip |          |
        |        Loop Name        |   min   |   max   |  Latency |  achieved |   target  | Count | Pipelined|
        +-------------------------+---------+---------+----------+-----------+-----------+-------+----------+
        |- l_mha_merge_i17_l_j15  |    65536|    65536|         2|          1|          1|  65536|       yes|
        +-------------------------+---------+---------+----------+-----------+-----------+-------+----------+



================================================================
== Utilization Estimates
================================================================
* Summary: 
+---------------------+---------+------+---------+---------+-----+
|         Name        | BRAM_18K|  DSP |    FF   |   LUT   | URAM|
+---------------------+---------+------+---------+---------+-----+
|DSP                  |        -|     -|        -|        -|    -|
|Expression           |        -|     -|        0|      155|    -|
|FIFO                 |        -|     -|        -|        -|    -|
|Instance             |        -|     -|        -|        -|    -|
|Memory               |        -|     -|        -|        -|    -|
|Multiplexer          |        -|     -|        -|       54|    -|
|Register             |        -|     -|       58|        -|    -|
+---------------------+---------+------+---------+---------+-----+
|Total                |        0|     0|       58|      209|    0|
+---------------------+---------+------+---------+---------+-----+
|Available SLR        |     1344|  3008|   869120|   434560|  320|
+---------------------+---------+------+---------+---------+-----+
|Utilization SLR (%)  |        0|     0|       ~0|       ~0|    0|
+---------------------+---------+------+---------+---------+-----+
|Available            |     4032|  9024|  2607360|  1303680|  960|
+---------------------+---------+------+---------+---------+-----+
|Utilization (%)      |        0|     0|       ~0|       ~0|    0|
+---------------------+---------+------+---------+---------+-----+

+ Detail: 
    * Instance: 
    N/A

    * DSP: 
    N/A

    * Memory: 
    N/A

    * FIFO: 
    N/A

    * Expression: 
    +----------------------------+----------+----+---+----+------------+------------+
    |        Variable Name       | Operation| DSP| FF| LUT| Bitwidth P0| Bitwidth P1|
    +----------------------------+----------+----+---+----+------------+------------+
    |add_ln15627_1_fu_131_p2     |         +|   0|  0|  24|          17|           1|
    |add_ln15627_fu_143_p2       |         +|   0|  0|  18|          11|           1|
    |add_ln15628_fu_207_p2       |         +|   0|  0|  14|           7|           1|
    |add_ln15629_fu_187_p2       |         +|   0|  0|  23|          16|          16|
    |add_ln15630_fu_202_p2       |         +|   0|  0|  16|           9|           9|
    |icmp_ln15627_fu_125_p2      |      icmp|   0|  0|  25|          17|          18|
    |icmp_ln15628_fu_149_p2      |      icmp|   0|  0|  15|           7|           8|
    |select_ln15627_1_fu_163_p3  |    select|   0|  0|  11|           1|          11|
    |select_ln15627_fu_155_p3    |    select|   0|  0|   7|           1|           1|
    |ap_enable_pp0               |       xor|   0|  0|   2|           1|           2|
    +----------------------------+----------+----+---+----+------------+------------+
    |Total                       |          |   0|  0| 155|          87|          68|
    +----------------------------+----------+----+---+----+------------+------------+

    * Multiplexer: 
    +-------------------------+----+-----------+-----+-----------+
    |           Name          | LUT| Input Size| Bits| Total Bits|
    +-------------------------+----+-----------+-----+-----------+
    |ap_done_int              |   9|          2|    1|          2|
    |ap_enable_reg_pp0_iter1  |   9|          2|    1|          2|
    |ap_enable_reg_pp0_iter2  |   9|          2|    1|          2|
    |i17_fu_62                |   9|          2|   11|         22|
    |indvar_flatten45_fu_66   |   9|          2|   17|         34|
    |j15_fu_58                |   9|          2|    7|         14|
    +-------------------------+----+-----------+-----+-----------+
    |Total                    |  54|         12|   38|         76|
    +-------------------------+----+-----------+-----+-----------+

    * Register: 
    +-------------------------+----+----+-----+-----------+
    |           Name          | FF | LUT| Bits| Const Bits|
    +-------------------------+----+----+-----+-----------+
    |add_ln15630_reg_278      |   9|   0|    9|          0|
    |ap_CS_fsm                |   1|   0|    1|          0|
    |ap_done_reg              |   1|   0|    1|          0|
    |ap_enable_reg_pp0_iter1  |   1|   0|    1|          0|
    |ap_enable_reg_pp0_iter2  |   1|   0|    1|          0|
    |i17_fu_62                |  11|   0|   11|          0|
    |indvar_flatten45_fu_66   |  17|   0|   17|          0|
    |j15_fu_58                |   7|   0|    7|          0|
    |trunc_ln15629_reg_268    |  10|   0|   10|          0|
    +-------------------------+----+----+-----+-----------+
    |Total                    |  58|   0|   58|          0|
    +-------------------------+----+----+-----+-----------+



================================================================
== Interface
================================================================
* Summary: 
+----------------+-----+-----+------------+-------------------------------------------------------------+--------------+
|    RTL Ports   | Dir | Bits|  Protocol  |                        Source Object                        |    C Type    |
+----------------+-----+-----+------------+-------------------------------------------------------------+--------------+
|ap_clk          |   in|    1|  ap_ctrl_hs|  scaled_dot_product_attention_Pipeline_l_mha_merge_i17_l_j15|  return value|
|ap_rst          |   in|    1|  ap_ctrl_hs|  scaled_dot_product_attention_Pipeline_l_mha_merge_i17_l_j15|  return value|
|ap_start        |   in|    1|  ap_ctrl_hs|  scaled_dot_product_attention_Pipeline_l_mha_merge_i17_l_j15|  return value|
|ap_done         |  out|    1|  ap_ctrl_hs|  scaled_dot_product_attention_Pipeline_l_mha_merge_i17_l_j15|  return value|
|ap_idle         |  out|    1|  ap_ctrl_hs|  scaled_dot_product_attention_Pipeline_l_mha_merge_i17_l_j15|  return value|
|ap_ready        |  out|    1|  ap_ctrl_hs|  scaled_dot_product_attention_Pipeline_l_mha_merge_i17_l_j15|  return value|
|Q_h_address0    |  out|   16|   ap_memory|                                                          Q_h|         array|
|Q_h_ce0         |  out|    1|   ap_memory|                                                          Q_h|         array|
|Q_h_q0          |   in|   32|   ap_memory|                                                          Q_h|         array|
|tmp_4           |   in|    9|     ap_none|                                                        tmp_4|        scalar|
|v8567_address1  |  out|   19|   ap_memory|                                                        v8567|         array|
|v8567_ce1       |  out|    1|   ap_memory|                                                        v8567|         array|
|v8567_we1       |  out|    1|   ap_memory|                                                        v8567|         array|
|v8567_d1        |  out|   32|   ap_memory|                                                        v8567|         array|
+----------------+-----+-----+------------+-------------------------------------------------------------+--------------+

