

================================================================
== Vitis HLS Report for 'scaled_dot_product_attention'
================================================================
* Date:           Mon Feb 17 20:39:06 2025

* Version:        2023.2 (Build 4023990 on Oct 11 2023)
* Project:        DitBlock
* Solution:       hls (Vivado IP Flow Target)
* Product family: virtexuplusHBM
* Target device:  xcu280-fsvh2892-2L-e


================================================================
== Performance Estimates
================================================================
+ Timing: 
    * Summary: 
    +--------+----------+----------+------------+
    |  Clock |  Target  | Estimated| Uncertainty|
    +--------+----------+----------+------------+
    |ap_clk  |  10.00 ns|  7.399 ns|     2.70 ns|
    +--------+----------+----------+------------+

+ Latency: 
    * Summary: 
    +-----------+-----------+-----------+-----------+-----------+-----------+---------+
    |    Latency (cycles)   |   Latency (absolute)  |        Interval       | Pipeline|
    |    min    |    max    |    min    |    max    |    min    |    max    |   Type  |
    +-----------+-----------+-----------+-----------+-----------+-----------+---------+
    |  196434329|  196434329|  1.964 sec|  1.964 sec|  196434329|  196434329|       no|
    +-----------+-----------+-----------+-----------+-----------+-----------+---------+

    + Detail: 
        * Instance: 
        +----------------------------------------------------------------------------------------+-----------------------------------------------------------------------------+---------+---------+-----------+-----------+---------+---------+---------+
        |                                                                                        |                                                                             |  Latency (cycles) |   Latency (absolute)  |      Interval     | Pipeline|
        |                                        Instance                                        |                                    Module                                   |   min   |   max   |    min    |    max    |   min   |   max   |   Type  |
        +----------------------------------------------------------------------------------------+-----------------------------------------------------------------------------+---------+---------+-----------+-----------+---------+---------+---------+
        |grp_scaled_dot_product_attention_Pipeline_l_mha_split_i15_l_j13_fu_88                   |scaled_dot_product_attention_Pipeline_l_mha_split_i15_l_j13                  |    65538|    65538|   0.655 ms|   0.655 ms|    65538|    65538|       no|
        |grp_scaled_dot_product_attention_Pipeline_VITIS_LOOP_15595_1_VITIS_LOOP_15596_2_fu_102  |scaled_dot_product_attention_Pipeline_VITIS_LOOP_15595_1_VITIS_LOOP_15596_2  |  1048578|  1048578|  10.486 ms|  10.486 ms|  1048578|  1048578|       no|
        |grp_scaled_dot_product_attention_Pipeline_VITIS_LOOP_12557_1_fu_107                     |scaled_dot_product_attention_Pipeline_VITIS_LOOP_12557_1                     |     1026|     1026|  10.260 us|  10.260 us|     1026|     1026|       no|
        |grp_scaled_dot_product_attention_Pipeline_VITIS_LOOP_12561_2_fu_112                     |scaled_dot_product_attention_Pipeline_VITIS_LOOP_12561_2                     |     1026|     1026|  10.260 us|  10.260 us|     1026|     1026|       no|
        |grp_systolic_QKT_fu_117                                                                 |systolic_QKT                                                                 |  8482177|  8482177|  84.822 ms|  84.822 ms|  8482177|  8482177|       no|
        |grp_scaled_dot_product_attention_Pipeline_l_mha_scale_i16_l_j14_fu_124                  |scaled_dot_product_attention_Pipeline_l_mha_scale_i16_l_j14                  |  1048581|  1048581|  10.486 ms|  10.486 ms|  1048581|  1048581|       no|
        |grp_scaled_dot_product_attention_Pipeline_l_row_max_i12_l_j10_fu_129                    |scaled_dot_product_attention_Pipeline_l_row_max_i12_l_j10                    |  2097155|  2097155|  20.972 ms|  20.972 ms|  2097155|  2097155|       no|
        |grp_scaled_dot_product_attention_Pipeline_l_exp_sum_i13_l_j11_fu_135                    |scaled_dot_product_attention_Pipeline_l_exp_sum_i13_l_j11                    |  2097164|  2097164|  20.972 ms|  20.972 ms|  2097164|  2097164|       no|
        |grp_scaled_dot_product_attention_Pipeline_l_update_i14_l_j12_fu_142                     |scaled_dot_product_attention_Pipeline_l_update_i14_l_j12                     |  1048585|  1048585|  10.486 ms|  10.486 ms|  1048585|  1048585|       no|
        |grp_systolic_YV_fu_148                                                                  |systolic_YV                                                                  |  8666497|  8666497|  86.665 ms|  86.665 ms|  8666497|  8666497|       no|
        |grp_scaled_dot_product_attention_Pipeline_l_mha_merge_i17_l_j15_fu_155                  |scaled_dot_product_attention_Pipeline_l_mha_merge_i17_l_j15                  |    65538|    65538|   0.655 ms|   0.655 ms|    65538|    65538|       no|
        +----------------------------------------------------------------------------------------+-----------------------------------------------------------------------------+---------+---------+-----------+-----------+---------+---------+---------+

        * Loop: 
        +--------------+-----------+-----------+----------+-----------+-----------+------+----------+
        |              |    Latency (cycles)   | Iteration|  Initiation Interval  | Trip |          |
        |   Loop Name  |    min    |    max    |  Latency |  achieved |   target  | Count| Pipelined|
        +--------------+-----------+-----------+----------+-----------+-----------+------+----------+
        |- l_S_h_0_h1  |  196434328|  196434328|  24554291|          -|          -|     8|        no|
        +--------------+-----------+-----------+----------+-----------+-----------+------+----------+



================================================================
== Utilization Estimates
================================================================
* Summary: 
+---------------------+---------+------+---------+---------+-----+
|         Name        | BRAM_18K|  DSP |    FF   |   LUT   | URAM|
+---------------------+---------+------+---------+---------+-----+
|DSP                  |        -|     -|        -|        -|    -|
|Expression           |        -|     -|        0|       34|    -|
|FIFO                 |        -|     -|        -|        -|    -|
|Instance             |       64|   647|    68688|    82973|    0|
|Memory               |      388|     -|      128|     4480|  256|
|Multiplexer          |        -|     -|        -|      598|    -|
|Register             |        -|     -|       39|        -|    -|
+---------------------+---------+------+---------+---------+-----+
|Total                |      452|   647|    68855|    88085|  256|
+---------------------+---------+------+---------+---------+-----+
|Available SLR        |     1344|  3008|   869120|   434560|  320|
+---------------------+---------+------+---------+---------+-----+
|Utilization SLR (%)  |       33|    21|        7|       20|   80|
+---------------------+---------+------+---------+---------+-----+
|Available            |     4032|  9024|  2607360|  1303680|  960|
+---------------------+---------+------+---------+---------+-----+
|Utilization (%)      |       11|     7|        2|        6|   26|
+---------------------+---------+------+---------+---------+-----+

+ Detail: 
    * Instance: 
    +----------------------------------------------------------------------------------------+-----------------------------------------------------------------------------+---------+-----+-------+-------+-----+
    |                                        Instance                                        |                                    Module                                   | BRAM_18K| DSP |   FF  |  LUT  | URAM|
    +----------------------------------------------------------------------------------------+-----------------------------------------------------------------------------+---------+-----+-------+-------+-----+
    |grp_scaled_dot_product_attention_Pipeline_VITIS_LOOP_12557_1_fu_107                     |scaled_dot_product_attention_Pipeline_VITIS_LOOP_12557_1                     |        0|    0|     13|     64|    0|
    |grp_scaled_dot_product_attention_Pipeline_VITIS_LOOP_12561_2_fu_112                     |scaled_dot_product_attention_Pipeline_VITIS_LOOP_12561_2                     |        0|    0|     13|     64|    0|
    |grp_scaled_dot_product_attention_Pipeline_VITIS_LOOP_15595_1_VITIS_LOOP_15596_2_fu_102  |scaled_dot_product_attention_Pipeline_VITIS_LOOP_15595_1_VITIS_LOOP_15596_2  |        0|    0|     46|    208|    0|
    |grp_scaled_dot_product_attention_Pipeline_l_exp_sum_i13_l_j11_fu_135                    |scaled_dot_product_attention_Pipeline_l_exp_sum_i13_l_j11                    |        0|    7|    776|   1220|    0|
    |grp_scaled_dot_product_attention_Pipeline_l_mha_merge_i17_l_j15_fu_155                  |scaled_dot_product_attention_Pipeline_l_mha_merge_i17_l_j15                  |        0|    0|     58|    209|    0|
    |grp_scaled_dot_product_attention_Pipeline_l_mha_scale_i16_l_j14_fu_124                  |scaled_dot_product_attention_Pipeline_l_mha_scale_i16_l_j14                  |        0|    0|    201|    249|    0|
    |grp_scaled_dot_product_attention_Pipeline_l_mha_split_i15_l_j13_fu_88                   |scaled_dot_product_attention_Pipeline_l_mha_split_i15_l_j13                  |        0|    0|     71|    232|    0|
    |grp_scaled_dot_product_attention_Pipeline_l_row_max_i12_l_j10_fu_129                    |scaled_dot_product_attention_Pipeline_l_row_max_i12_l_j10                    |        0|    0|    173|    434|    0|
    |grp_scaled_dot_product_attention_Pipeline_l_update_i14_l_j12_fu_142                     |scaled_dot_product_attention_Pipeline_l_update_i14_l_j12                     |        0|    0|    241|    249|    0|
    |grp_systolic_QKT_fu_117                                                                 |systolic_QKT                                                                 |        0|  320|  33565|  40276|    0|
    |grp_systolic_YV_fu_148                                                                  |systolic_YV                                                                  |       64|  320|  33531|  39768|    0|
    +----------------------------------------------------------------------------------------+-----------------------------------------------------------------------------+---------+-----+-------+-------+-----+
    |Total                                                                                   |                                                                             |       64|  647|  68688|  82973|    0|
    +----------------------------------------------------------------------------------------+-----------------------------------------------------------------------------+---------+-----+-------+-------+-----+

    * DSP: 
    N/A

    * Memory: 
    +-------+--------------------------------------------------+---------+-----+------+-----+---------+-----+------+-------------+
    | Memory|                      Module                      | BRAM_18K|  FF |  LUT | URAM|  Words  | Bits| Banks| W*Bits*Banks|
    +-------+--------------------------------------------------+---------+-----+------+-----+---------+-----+------+-------------+
    |S_U    |layer_norm_mean_RAM_AUTO_1R1W                     |        2|    0|     0|    0|     1024|   32|     1|        32768|
    |M_U    |layer_norm_var_RAM_AUTO_1R1W                      |        2|    0|     0|    0|     1024|   32|     1|        32768|
    |Q_h_U  |scaled_dot_product_attention_Q_h_RAM_AUTO_1R1W    |      128|    0|     0|    0|    65536|   32|     1|      2097152|
    |K_h_U  |scaled_dot_product_attention_Q_h_RAM_AUTO_1R1W    |      128|    0|     0|    0|    65536|   32|     1|      2097152|
    |V_h_U  |scaled_dot_product_attention_Q_h_RAM_AUTO_1R1W    |      128|    0|     0|    0|    65536|   32|     1|      2097152|
    |Y1_U   |scaled_dot_product_attention_Y1_RAM_2P_URAM_1R1W  |        0|  128|  4480|  256|  1048576|   32|     1|     33554432|
    +-------+--------------------------------------------------+---------+-----+------+-----+---------+-----+------+-------------+
    |Total  |                                                  |      388|  128|  4480|  256|  1247232|  192|     6|     39911424|
    +-------+--------------------------------------------------+---------+-----+------+-----+---------+-----+------+-------------+

    * FIFO: 
    N/A

    * Expression: 
    +------------------------------------------+----------+----+---+----+------------+------------+
    |               Variable Name              | Operation| DSP| FF| LUT| Bitwidth P0| Bitwidth P1|
    +------------------------------------------+----------+----+---+----+------------+------------+
    |add_ln15573_fu_177_p2                     |         +|   0|  0|  12|           4|           1|
    |icmp_ln15573_fu_171_p2                    |      icmp|   0|  0|  12|           4|           5|
    |ap_block_state3_on_subcall_done           |        or|   0|  0|   2|           1|           1|
    |ap_sync_grp_systolic_QKT_fu_117_ap_done   |        or|   0|  0|   2|           1|           1|
    |ap_sync_grp_systolic_QKT_fu_117_ap_ready  |        or|   0|  0|   2|           1|           1|
    |ap_sync_grp_systolic_YV_fu_148_ap_done    |        or|   0|  0|   2|           1|           1|
    |ap_sync_grp_systolic_YV_fu_148_ap_ready   |        or|   0|  0|   2|           1|           1|
    +------------------------------------------+----------+----+---+----+------------+------------+
    |Total                                     |          |   0|  0|  34|          13|          11|
    +------------------------------------------+----------+----+---+----+------------+------------+

    * Multiplexer: 
    +---------------+----+-----------+-----+-----------+
    |      Name     | LUT| Input Size| Bits| Total Bits|
    +---------------+----+-----------+-----+-----------+
    |K_h_address0   |  14|          3|   16|         48|
    |K_h_ce0        |  14|          3|    1|          3|
    |K_h_we0        |   9|          2|    1|          2|
    |M_address0     |  20|          4|   10|         40|
    |M_ce0          |  20|          4|    1|          4|
    |M_d0           |  14|          3|   32|         96|
    |M_we0          |  14|          3|    1|          3|
    |Q_h_address0   |  26|          5|   16|         80|
    |Q_h_ce0        |  26|          5|    1|          5|
    |Q_h_d0         |  14|          3|   32|         96|
    |Q_h_we0        |  14|          3|    1|          3|
    |S_address0     |  20|          4|   10|         40|
    |S_ce0          |  20|          4|    1|          4|
    |S_ce1          |   9|          2|    1|          2|
    |S_d0           |  14|          3|   32|         96|
    |S_we0          |  14|          3|    1|          3|
    |V_h_address0   |  14|          3|   16|         48|
    |V_h_ce0        |  14|          3|    1|          3|
    |V_h_we0        |   9|          2|    1|          2|
    |Y1_address0    |  31|          6|   20|        120|
    |Y1_address1    |  31|          6|   20|        120|
    |Y1_ce0         |  31|          6|    1|          6|
    |Y1_ce1         |  31|          6|    1|          6|
    |Y1_d1          |  31|          6|   32|        192|
    |Y1_we1         |  31|          6|    1|          6|
    |ap_NS_fsm      |  86|         18|    1|         18|
    |grp_fu_217_ce  |   9|          2|    1|          2|
    |grp_fu_221_ce  |   9|          2|    1|          2|
    |h1_fu_60       |   9|          2|    4|          8|
    +---------------+----+-----------+-----+-----------+
    |Total          | 598|        122|  257|       1058|
    +---------------+----+-----------+-----+-----------+

    * Register: 
    +-----------------------------------------------------------------------------------------------------+----+----+-----+-----------+
    |                                                 Name                                                | FF | LUT| Bits| Const Bits|
    +-----------------------------------------------------------------------------------------------------+----+----+-----+-----------+
    |ap_CS_fsm                                                                                            |  17|   0|   17|          0|
    |ap_sync_reg_grp_systolic_QKT_fu_117_ap_done                                                          |   1|   0|    1|          0|
    |ap_sync_reg_grp_systolic_QKT_fu_117_ap_ready                                                         |   1|   0|    1|          0|
    |ap_sync_reg_grp_systolic_YV_fu_148_ap_done                                                           |   1|   0|    1|          0|
    |ap_sync_reg_grp_systolic_YV_fu_148_ap_ready                                                          |   1|   0|    1|          0|
    |grp_scaled_dot_product_attention_Pipeline_VITIS_LOOP_12557_1_fu_107_ap_start_reg                     |   1|   0|    1|          0|
    |grp_scaled_dot_product_attention_Pipeline_VITIS_LOOP_12561_2_fu_112_ap_start_reg                     |   1|   0|    1|          0|
    |grp_scaled_dot_product_attention_Pipeline_VITIS_LOOP_15595_1_VITIS_LOOP_15596_2_fu_102_ap_start_reg  |   1|   0|    1|          0|
    |grp_scaled_dot_product_attention_Pipeline_l_exp_sum_i13_l_j11_fu_135_ap_start_reg                    |   1|   0|    1|          0|
    |grp_scaled_dot_product_attention_Pipeline_l_mha_merge_i17_l_j15_fu_155_ap_start_reg                  |   1|   0|    1|          0|
    |grp_scaled_dot_product_attention_Pipeline_l_mha_scale_i16_l_j14_fu_124_ap_start_reg                  |   1|   0|    1|          0|
    |grp_scaled_dot_product_attention_Pipeline_l_mha_split_i15_l_j13_fu_88_ap_start_reg                   |   1|   0|    1|          0|
    |grp_scaled_dot_product_attention_Pipeline_l_row_max_i12_l_j10_fu_129_ap_start_reg                    |   1|   0|    1|          0|
    |grp_scaled_dot_product_attention_Pipeline_l_update_i14_l_j12_fu_142_ap_start_reg                     |   1|   0|    1|          0|
    |grp_systolic_QKT_fu_117_ap_start_reg                                                                 |   1|   0|    1|          0|
    |grp_systolic_YV_fu_148_ap_start_reg                                                                  |   1|   0|    1|          0|
    |h1_fu_60                                                                                             |   4|   0|    4|          0|
    |tmp_4_reg_211                                                                                        |   3|   0|    9|          6|
    +-----------------------------------------------------------------------------------------------------+----+----+-----+-----------+
    |Total                                                                                                |  39|   0|   45|          6|
    +-----------------------------------------------------------------------------------------------------+----+----+-----+-----------+



================================================================
== Interface
================================================================
* Summary: 
+---------------------+-----+-----+------------+------------------------------+--------------+
|      RTL Ports      | Dir | Bits|  Protocol  |         Source Object        |    C Type    |
+---------------------+-----+-----+------------+------------------------------+--------------+
|ap_clk               |   in|    1|  ap_ctrl_hs|  scaled_dot_product_attention|  return value|
|ap_rst               |   in|    1|  ap_ctrl_hs|  scaled_dot_product_attention|  return value|
|ap_start             |   in|    1|  ap_ctrl_hs|  scaled_dot_product_attention|  return value|
|ap_done              |  out|    1|  ap_ctrl_hs|  scaled_dot_product_attention|  return value|
|ap_idle              |  out|    1|  ap_ctrl_hs|  scaled_dot_product_attention|  return value|
|ap_ready             |  out|    1|  ap_ctrl_hs|  scaled_dot_product_attention|  return value|
|grp_fu_598_p_din0    |  out|   32|  ap_ctrl_hs|  scaled_dot_product_attention|  return value|
|grp_fu_598_p_din1    |  out|   32|  ap_ctrl_hs|  scaled_dot_product_attention|  return value|
|grp_fu_598_p_dout0   |   in|   32|  ap_ctrl_hs|  scaled_dot_product_attention|  return value|
|grp_fu_598_p_ce      |  out|    1|  ap_ctrl_hs|  scaled_dot_product_attention|  return value|
|grp_fu_590_p_din0    |  out|   32|  ap_ctrl_hs|  scaled_dot_product_attention|  return value|
|grp_fu_590_p_din1    |  out|   32|  ap_ctrl_hs|  scaled_dot_product_attention|  return value|
|grp_fu_590_p_opcode  |  out|    2|  ap_ctrl_hs|  scaled_dot_product_attention|  return value|
|grp_fu_590_p_dout0   |   in|   32|  ap_ctrl_hs|  scaled_dot_product_attention|  return value|
|grp_fu_590_p_ce      |  out|    1|  ap_ctrl_hs|  scaled_dot_product_attention|  return value|
|v8564_address0       |  out|   19|   ap_memory|                         v8564|         array|
|v8564_ce0            |  out|    1|   ap_memory|                         v8564|         array|
|v8564_q0             |   in|   32|   ap_memory|                         v8564|         array|
|v8565_address0       |  out|   19|   ap_memory|                         v8565|         array|
|v8565_ce0            |  out|    1|   ap_memory|                         v8565|         array|
|v8565_q0             |   in|   32|   ap_memory|                         v8565|         array|
|v8566_address0       |  out|   19|   ap_memory|                         v8566|         array|
|v8566_ce0            |  out|    1|   ap_memory|                         v8566|         array|
|v8566_q0             |   in|   32|   ap_memory|                         v8566|         array|
|v8567_address1       |  out|   19|   ap_memory|                         v8567|         array|
|v8567_ce1            |  out|    1|   ap_memory|                         v8567|         array|
|v8567_we1            |  out|    1|   ap_memory|                         v8567|         array|
|v8567_d1             |  out|   32|   ap_memory|                         v8567|         array|
+---------------------+-----+-----+------------+------------------------------+--------------+

