

================================================================
== Vitis HLS Report for 'systolic_Q'
================================================================
* Date:           Mon Feb 17 20:38:04 2025

* Version:        2023.2 (Build 4023990 on Oct 11 2023)
* Project:        DitBlock
* Solution:       hls (Vivado IP Flow Target)
* Product family: virtexuplusHBM
* Target device:  xcu280-fsvh2892-2L-e


================================================================
== Performance Estimates
================================================================
+ Timing: 
    * Summary: 
    +--------+----------+----------+------------+
    |  Clock |  Target  | Estimated| Uncertainty|
    +--------+----------+----------+------------+
    |ap_clk  |  10.00 ns|  7.523 ns|     2.70 ns|
    +--------+----------+----------+------------+

+ Latency: 
    * Summary: 
    +----------+----------+-----------+-----------+----------+----------+---------+
    |   Latency (cycles)  |   Latency (absolute)  |       Interval      | Pipeline|
    |    min   |    max   |    min    |    max    |    min   |    max   |   Type  |
    +----------+----------+-----------+-----------+----------+----------+---------+
    |  33729921|  33729921|  0.337 sec|  0.337 sec|  33729921|  33729921|       no|
    +----------+----------+-----------+-----------+----------+----------+---------+

    + Detail: 
        * Instance: 
        +--------------------------------+-----------------------------+---------+---------+----------+----------+--------+--------+---------+
        |                                |                             |  Latency (cycles) |  Latency (absolute) |     Interval    | Pipeline|
        |            Instance            |            Module           |   min   |   max   |    min   |    max   |   min  |   max  |   Type  |
        +--------------------------------+-----------------------------+---------+---------+----------+----------+--------+--------+---------+
        |dataflow_parent_loop_proc43_U0  |dataflow_parent_loop_proc43  |   263514|   263514|  2.635 ms|  2.635 ms|  263514|  263514|       no|
        +--------------------------------+-----------------------------+---------+---------+----------+----------+--------+--------+---------+

        * Loop: 
        +--------------------+----------+----------+----------+-----------+-----------+------+----------+
        |                    |   Latency (cycles)  | Iteration|  Initiation Interval  | Trip |          |
        |      Loop Name     |    min   |    max   |  Latency |  achieved |   target  | Count| Pipelined|
        +--------------------+----------+----------+----------+-----------+-----------+------+----------+
        |- l_outer_tile_mi1  |  33729920|  33729920|    263516|          -|          -|   128|        no|
        +--------------------+----------+----------+----------+-----------+-----------+------+----------+



================================================================
== Utilization Estimates
================================================================
* Summary: 
+---------------------+---------+------+---------+---------+-----+
|         Name        | BRAM_18K|  DSP |    FF   |   LUT   | URAM|
+---------------------+---------+------+---------+---------+-----+
|DSP                  |        -|     -|        -|        -|    -|
|Expression           |        -|     -|      124|       31|    -|
|FIFO                 |        -|     -|        -|        -|    -|
|Instance             |       32|   320|    33304|    39603|    0|
|Memory               |        -|     -|        -|        -|    -|
|Multiplexer          |        -|     -|        -|       18|    -|
|Register             |        -|     -|       16|        -|    -|
+---------------------+---------+------+---------+---------+-----+
|Total                |       32|   320|    33444|    39652|    0|
+---------------------+---------+------+---------+---------+-----+
|Available SLR        |     1344|  3008|   869120|   434560|  320|
+---------------------+---------+------+---------+---------+-----+
|Utilization SLR (%)  |        2|    10|        3|        9|    0|
+---------------------+---------+------+---------+---------+-----+
|Available            |     4032|  9024|  2607360|  1303680|  960|
+---------------------+---------+------+---------+---------+-----+
|Utilization (%)      |       ~0|     3|        1|        3|    0|
+---------------------+---------+------+---------+---------+-----+

+ Detail: 
    * Instance: 
    +--------------------------------+-----------------------------+---------+-----+-------+-------+-----+
    |            Instance            |            Module           | BRAM_18K| DSP |   FF  |  LUT  | URAM|
    +--------------------------------+-----------------------------+---------+-----+-------+-------+-----+
    |dataflow_parent_loop_proc43_U0  |dataflow_parent_loop_proc43  |       32|  320|  33304|  39603|    0|
    +--------------------------------+-----------------------------+---------+-----+-------+-------+-----+
    |Total                           |                             |       32|  320|  33304|  39603|    0|
    +--------------------------------+-----------------------------+---------+-----+-------+-------+-----+

    * DSP: 
    N/A

    * Memory: 
    N/A

    * FIFO: 
    N/A

    * Expression: 
    +----------------------------+----------+----+----+----+------------+------------+
    |        Variable Name       | Operation| DSP| FF | LUT| Bitwidth P0| Bitwidth P1|
    +----------------------------+----------+----+----+----+------------+------------+
    |loop_dataflow_input_count   |         +|   0|  40|  10|           8|           1|
    |loop_dataflow_output_count  |         +|   0|  40|  10|           8|           1|
    |bound_minus_1               |         -|   0|  44|  11|           9|           1|
    +----------------------------+----------+----+----+----+------------+------------+
    |Total                       |          |   0| 124|  31|          25|           3|
    +----------------------------+----------+----+----+----+------------+------------+

    * Multiplexer: 
    +----------------------------+----+-----------+-----+-----------+
    |            Name            | LUT| Input Size| Bits| Total Bits|
    +----------------------------+----+-----------+-----+-----------+
    |loop_dataflow_input_count   |   9|          2|    8|         16|
    |loop_dataflow_output_count  |   9|          2|    8|         16|
    +----------------------------+----+-----------+-----+-----------+
    |Total                       |  18|          4|   16|         32|
    +----------------------------+----+-----------+-----+-----------+

    * Register: 
    +----------------------------+---+----+-----+-----------+
    |            Name            | FF| LUT| Bits| Const Bits|
    +----------------------------+---+----+-----+-----------+
    |loop_dataflow_input_count   |  8|   0|    8|          0|
    |loop_dataflow_output_count  |  8|   0|    8|          0|
    +----------------------------+---+----+-----+-----------+
    |Total                       | 16|   0|   16|          0|
    +----------------------------+---+----+-----+-----------+



================================================================
== Interface
================================================================
* Summary: 
+----------------+-----+-----+------------+--------------+--------------+
|    RTL Ports   | Dir | Bits|  Protocol  | Source Object|    C Type    |
+----------------+-----+-----+------------+--------------+--------------+
|v1931_address0  |  out|   19|   ap_memory|         v1931|         array|
|v1931_ce0       |  out|    1|   ap_memory|         v1931|         array|
|v1931_d0        |  out|   32|   ap_memory|         v1931|         array|
|v1931_q0        |   in|   32|   ap_memory|         v1931|         array|
|v1931_we0       |  out|    1|   ap_memory|         v1931|         array|
|v1931_address1  |  out|   19|   ap_memory|         v1931|         array|
|v1931_ce1       |  out|    1|   ap_memory|         v1931|         array|
|v1931_d1        |  out|   32|   ap_memory|         v1931|         array|
|v1931_q1        |   in|   32|   ap_memory|         v1931|         array|
|v1931_we1       |  out|    1|   ap_memory|         v1931|         array|
|v1932_address0  |  out|   18|   ap_memory|         v1932|         array|
|v1932_ce0       |  out|    1|   ap_memory|         v1932|         array|
|v1932_d0        |  out|   32|   ap_memory|         v1932|         array|
|v1932_q0        |   in|   32|   ap_memory|         v1932|         array|
|v1932_we0       |  out|    1|   ap_memory|         v1932|         array|
|v1932_address1  |  out|   18|   ap_memory|         v1932|         array|
|v1932_ce1       |  out|    1|   ap_memory|         v1932|         array|
|v1932_d1        |  out|   32|   ap_memory|         v1932|         array|
|v1932_q1        |   in|   32|   ap_memory|         v1932|         array|
|v1932_we1       |  out|    1|   ap_memory|         v1932|         array|
|v1933_address0  |  out|   19|   ap_memory|         v1933|         array|
|v1933_ce0       |  out|    1|   ap_memory|         v1933|         array|
|v1933_d0        |  out|   32|   ap_memory|         v1933|         array|
|v1933_q0        |   in|   32|   ap_memory|         v1933|         array|
|v1933_we0       |  out|    1|   ap_memory|         v1933|         array|
|v1933_address1  |  out|   19|   ap_memory|         v1933|         array|
|v1933_ce1       |  out|    1|   ap_memory|         v1933|         array|
|v1933_d1        |  out|   32|   ap_memory|         v1933|         array|
|v1933_q1        |   in|   32|   ap_memory|         v1933|         array|
|v1933_we1       |  out|    1|   ap_memory|         v1933|         array|
|ap_clk          |   in|    1|  ap_ctrl_hs|    systolic_Q|  return value|
|ap_rst          |   in|    1|  ap_ctrl_hs|    systolic_Q|  return value|
|ap_start        |   in|    1|  ap_ctrl_hs|    systolic_Q|  return value|
|ap_done         |  out|    1|  ap_ctrl_hs|    systolic_Q|  return value|
|ap_ready        |  out|    1|  ap_ctrl_hs|    systolic_Q|  return value|
|ap_idle         |  out|    1|  ap_ctrl_hs|    systolic_Q|  return value|
|ap_continue     |   in|    1|  ap_ctrl_hs|    systolic_Q|  return value|
+----------------+-----+-----+------------+--------------+--------------+

