

================================================================
== Vitis HLS Report for 'systolic_YV'
================================================================
* Date:           Mon Feb 17 20:39:05 2025

* Version:        2023.2 (Build 4023990 on Oct 11 2023)
* Project:        DitBlock
* Solution:       hls (Vivado IP Flow Target)
* Product family: virtexuplusHBM
* Target device:  xcu280-fsvh2892-2L-e


================================================================
== Performance Estimates
================================================================
+ Timing: 
    * Summary: 
    +--------+----------+----------+------------+
    |  Clock |  Target  | Estimated| Uncertainty|
    +--------+----------+----------+------------+
    |ap_clk  |  10.00 ns|  7.399 ns|     2.70 ns|
    +--------+----------+----------+------------+

+ Latency: 
    * Summary: 
    +---------+---------+-----------+-----------+---------+---------+---------+
    |  Latency (cycles) |   Latency (absolute)  |      Interval     | Pipeline|
    |   min   |   max   |    min    |    max    |   min   |   max   |   Type  |
    +---------+---------+-----------+-----------+---------+---------+---------+
    |  8666497|  8666497|  86.665 ms|  86.665 ms|  8666497|  8666497|       no|
    +---------+---------+-----------+-----------+---------+---------+---------+

    + Detail: 
        * Instance: 
        +------------------------------+---------------------------+---------+---------+----------+----------+-------+-------+---------+
        |                              |                           |  Latency (cycles) |  Latency (absolute) |    Interval   | Pipeline|
        |           Instance           |           Module          |   min   |   max   |    min   |    max   |  min  |  max  |   Type  |
        +------------------------------+---------------------------+---------+---------+----------+----------+-------+-------+---------+
        |dataflow_parent_loop_proc_U0  |dataflow_parent_loop_proc  |    67706|    67706|  0.677 ms|  0.677 ms|  67706|  67706|       no|
        +------------------------------+---------------------------+---------+---------+----------+----------+-------+-------+---------+

        * Loop: 
        +--------------------+---------+---------+----------+-----------+-----------+------+----------+
        |                    |  Latency (cycles) | Iteration|  Initiation Interval  | Trip |          |
        |      Loop Name     |   min   |   max   |  Latency |  achieved |   target  | Count| Pipelined|
        +--------------------+---------+---------+----------+-----------+-----------+------+----------+
        |- l_outer_tile_mi5  |  8666496|  8666496|     67708|          -|          -|   128|        no|
        +--------------------+---------+---------+----------+-----------+-----------+------+----------+



================================================================
== Utilization Estimates
================================================================
* Summary: 
+---------------------+---------+------+---------+---------+-----+
|         Name        | BRAM_18K|  DSP |    FF   |   LUT   | URAM|
+---------------------+---------+------+---------+---------+-----+
|DSP                  |        -|     -|        -|        -|    -|
|Expression           |        -|     -|      124|       31|    -|
|FIFO                 |        -|     -|        -|        -|    -|
|Instance             |       64|   320|    33391|    39719|    0|
|Memory               |        -|     -|        -|        -|    -|
|Multiplexer          |        -|     -|        -|       18|    -|
|Register             |        -|     -|       16|        -|    -|
+---------------------+---------+------+---------+---------+-----+
|Total                |       64|   320|    33531|    39768|    0|
+---------------------+---------+------+---------+---------+-----+
|Available SLR        |     1344|  3008|   869120|   434560|  320|
+---------------------+---------+------+---------+---------+-----+
|Utilization SLR (%)  |        4|    10|        3|        9|    0|
+---------------------+---------+------+---------+---------+-----+
|Available            |     4032|  9024|  2607360|  1303680|  960|
+---------------------+---------+------+---------+---------+-----+
|Utilization (%)      |        1|     3|        1|        3|    0|
+---------------------+---------+------+---------+---------+-----+

+ Detail: 
    * Instance: 
    +------------------------------+---------------------------+---------+-----+-------+-------+-----+
    |           Instance           |           Module          | BRAM_18K| DSP |   FF  |  LUT  | URAM|
    +------------------------------+---------------------------+---------+-----+-------+-------+-----+
    |dataflow_parent_loop_proc_U0  |dataflow_parent_loop_proc  |       64|  320|  33391|  39719|    0|
    +------------------------------+---------------------------+---------+-----+-------+-------+-----+
    |Total                         |                           |       64|  320|  33391|  39719|    0|
    +------------------------------+---------------------------+---------+-----+-------+-------+-----+

    * DSP: 
    N/A

    * Memory: 
    N/A

    * FIFO: 
    N/A

    * Expression: 
    +----------------------------+----------+----+----+----+------------+------------+
    |        Variable Name       | Operation| DSP| FF | LUT| Bitwidth P0| Bitwidth P1|
    +----------------------------+----------+----+----+----+------------+------------+
    |loop_dataflow_input_count   |         +|   0|  40|  10|           8|           1|
    |loop_dataflow_output_count  |         +|   0|  40|  10|           8|           1|
    |bound_minus_1               |         -|   0|  44|  11|           9|           1|
    +----------------------------+----------+----+----+----+------------+------------+
    |Total                       |          |   0| 124|  31|          25|           3|
    +----------------------------+----------+----+----+----+------------+------------+

    * Multiplexer: 
    +----------------------------+----+-----------+-----+-----------+
    |            Name            | LUT| Input Size| Bits| Total Bits|
    +----------------------------+----+-----------+-----+-----------+
    |loop_dataflow_input_count   |   9|          2|    8|         16|
    |loop_dataflow_output_count  |   9|          2|    8|         16|
    +----------------------------+----+-----------+-----+-----------+
    |Total                       |  18|          4|   16|         32|
    +----------------------------+----+-----------+-----+-----------+

    * Register: 
    +----------------------------+---+----+-----+-----------+
    |            Name            | FF| LUT| Bits| Const Bits|
    +----------------------------+---+----+-----+-----------+
    |loop_dataflow_input_count   |  8|   0|    8|          0|
    |loop_dataflow_output_count  |  8|   0|    8|          0|
    +----------------------------+---+----+-----+-----------+
    |Total                       | 16|   0|   16|          0|
    +----------------------------+---+----+-----+-----------+



================================================================
== Interface
================================================================
* Summary: 
+----------------+-----+-----+------------+--------------+--------------+
|    RTL Ports   | Dir | Bits|  Protocol  | Source Object|    C Type    |
+----------------+-----+-----+------------+--------------+--------------+
|v8545_address0  |  out|   20|   ap_memory|         v8545|         array|
|v8545_ce0       |  out|    1|   ap_memory|         v8545|         array|
|v8545_d0        |  out|   32|   ap_memory|         v8545|         array|
|v8545_q0        |   in|   32|   ap_memory|         v8545|         array|
|v8545_we0       |  out|    1|   ap_memory|         v8545|         array|
|v8545_address1  |  out|   20|   ap_memory|         v8545|         array|
|v8545_ce1       |  out|    1|   ap_memory|         v8545|         array|
|v8545_d1        |  out|   32|   ap_memory|         v8545|         array|
|v8545_q1        |   in|   32|   ap_memory|         v8545|         array|
|v8545_we1       |  out|    1|   ap_memory|         v8545|         array|
|v8546_address0  |  out|   16|   ap_memory|         v8546|         array|
|v8546_ce0       |  out|    1|   ap_memory|         v8546|         array|
|v8546_d0        |  out|   32|   ap_memory|         v8546|         array|
|v8546_q0        |   in|   32|   ap_memory|         v8546|         array|
|v8546_we0       |  out|    1|   ap_memory|         v8546|         array|
|v8546_address1  |  out|   16|   ap_memory|         v8546|         array|
|v8546_ce1       |  out|    1|   ap_memory|         v8546|         array|
|v8546_d1        |  out|   32|   ap_memory|         v8546|         array|
|v8546_q1        |   in|   32|   ap_memory|         v8546|         array|
|v8546_we1       |  out|    1|   ap_memory|         v8546|         array|
|v8547_address0  |  out|   16|   ap_memory|         v8547|         array|
|v8547_ce0       |  out|    1|   ap_memory|         v8547|         array|
|v8547_d0        |  out|   32|   ap_memory|         v8547|         array|
|v8547_q0        |   in|   32|   ap_memory|         v8547|         array|
|v8547_we0       |  out|    1|   ap_memory|         v8547|         array|
|v8547_address1  |  out|   16|   ap_memory|         v8547|         array|
|v8547_ce1       |  out|    1|   ap_memory|         v8547|         array|
|v8547_d1        |  out|   32|   ap_memory|         v8547|         array|
|v8547_q1        |   in|   32|   ap_memory|         v8547|         array|
|v8547_we1       |  out|    1|   ap_memory|         v8547|         array|
|ap_clk          |   in|    1|  ap_ctrl_hs|   systolic_YV|  return value|
|ap_rst          |   in|    1|  ap_ctrl_hs|   systolic_YV|  return value|
|ap_start        |   in|    1|  ap_ctrl_hs|   systolic_YV|  return value|
|ap_done         |  out|    1|  ap_ctrl_hs|   systolic_YV|  return value|
|ap_ready        |  out|    1|  ap_ctrl_hs|   systolic_YV|  return value|
|ap_idle         |  out|    1|  ap_ctrl_hs|   systolic_YV|  return value|
|ap_continue     |   in|    1|  ap_ctrl_hs|   systolic_YV|  return value|
+----------------+-----+-----+------------+--------------+--------------+

