

================================================================
== Vitis HLS Report for 'adaLN_modulate_Pipeline_l_bias_add'
================================================================
* Date:           Mon Feb 17 20:37:37 2025

* Version:        2023.2 (Build 4023990 on Oct 11 2023)
* Project:        DitBlock
* Solution:       hls (Vivado IP Flow Target)
* Product family: virtexuplusHBM
* Target device:  xcu280-fsvh2892-2L-e


================================================================
== Performance Estimates
================================================================
+ Timing: 
    * Summary: 
    +--------+----------+----------+------------+
    |  Clock |  Target  | Estimated| Uncertainty|
    +--------+----------+----------+------------+
    |ap_clk  |  10.00 ns|  6.149 ns|     2.70 ns|
    +--------+----------+----------+------------+

+ Latency: 
    * Summary: 
    +---------+---------+----------+----------+-----+-----+---------+
    |  Latency (cycles) |  Latency (absolute) |  Interval | Pipeline|
    |   min   |   max   |    min   |    max   | min | max |   Type  |
    +---------+---------+----------+----------+-----+-----+---------+
    |      518|      518|  5.180 us|  5.180 us|  518|  518|       no|
    +---------+---------+----------+----------+-----+-----+---------+

    + Detail: 
        * Instance: 
        N/A

        * Loop: 
        +--------------+---------+---------+----------+-----------+-----------+------+----------+
        |              |  Latency (cycles) | Iteration|  Initiation Interval  | Trip |          |
        |   Loop Name  |   min   |   max   |  Latency |  achieved |   target  | Count| Pipelined|
        +--------------+---------+---------+----------+-----------+-----------+------+----------+
        |- l_bias_add  |      516|      516|         6|          1|          1|   512|       yes|
        +--------------+---------+---------+----------+-----------+-----------+------+----------+



================================================================
== Utilization Estimates
================================================================
* Summary: 
+---------------------+---------+------+---------+---------+-----+
|         Name        | BRAM_18K|  DSP |    FF   |   LUT   | URAM|
+---------------------+---------+------+---------+---------+-----+
|DSP                  |        -|     -|        -|        -|    -|
|Expression           |        -|     -|        0|       37|    -|
|FIFO                 |        -|     -|        -|        -|    -|
|Instance             |        -|     2|      177|      226|    -|
|Memory               |        -|     -|        -|        -|    -|
|Multiplexer          |        -|     -|        -|       36|    -|
|Register             |        -|     -|      264|       64|    -|
+---------------------+---------+------+---------+---------+-----+
|Total                |        0|     2|      441|      363|    0|
+---------------------+---------+------+---------+---------+-----+
|Available SLR        |     1344|  3008|   869120|   434560|  320|
+---------------------+---------+------+---------+---------+-----+
|Utilization SLR (%)  |        0|    ~0|       ~0|       ~0|    0|
+---------------------+---------+------+---------+---------+-----+
|Available            |     4032|  9024|  2607360|  1303680|  960|
+---------------------+---------+------+---------+---------+-----+
|Utilization (%)      |        0|    ~0|       ~0|       ~0|    0|
+---------------------+---------+------+---------+---------+-----+

+ Detail: 
    * Instance: 
    +-------------------------------------+--------------------------------+---------+----+-----+-----+-----+
    |               Instance              |             Module             | BRAM_18K| DSP|  FF | LUT | URAM|
    +-------------------------------------+--------------------------------+---------+----+-----+-----+-----+
    |fadd_32ns_32ns_32_3_full_dsp_1_U170  |fadd_32ns_32ns_32_3_full_dsp_1  |        0|   2|  177|  226|    0|
    +-------------------------------------+--------------------------------+---------+----+-----+-----+-----+
    |Total                                |                                |        0|   2|  177|  226|    0|
    +-------------------------------------+--------------------------------+---------+----+-----+-----+-----+

    * DSP: 
    N/A

    * Memory: 
    N/A

    * FIFO: 
    N/A

    * Expression: 
    +---------------------+----------+----+---+----+------------+------------+
    |    Variable Name    | Operation| DSP| FF| LUT| Bitwidth P0| Bitwidth P1|
    +---------------------+----------+----+---+----+------------+------------+
    |add_ln474_fu_97_p2   |         +|   0|  0|  17|          10|           1|
    |icmp_ln474_fu_91_p2  |      icmp|   0|  0|  18|          10|          11|
    |ap_enable_pp0        |       xor|   0|  0|   2|           1|           2|
    +---------------------+----------+----+---+----+------------+------------+
    |Total                |          |   0|  0|  37|          21|          14|
    +---------------------+----------+----+---+----+------------+------------+

    * Multiplexer: 
    +-------------------------+----+-----------+-----+-----------+
    |           Name          | LUT| Input Size| Bits| Total Bits|
    +-------------------------+----+-----------+-----+-----------+
    |ap_done_int              |   9|          2|    1|          2|
    |ap_enable_reg_pp0_iter1  |   9|          2|    1|          2|
    |ap_sig_allocacmp_i_7     |   9|          2|   10|         20|
    |i_fu_32                  |   9|          2|   10|         20|
    +-------------------------+----+-----------+-----+-----------+
    |Total                    |  36|          8|   22|         44|
    +-------------------------+----+-----------+-----+-----------+

    * Register: 
    +----------------------------------+----+----+-----+-----------+
    |               Name               | FF | LUT| Bits| Const Bits|
    +----------------------------------+----+----+-----+-----------+
    |Y_0_addr_reg_135                  |   9|   0|    9|          0|
    |Y_0_load_reg_146                  |  32|   0|   32|          0|
    |add_reg_151                       |  32|   0|   32|          0|
    |ap_CS_fsm                         |   1|   0|    1|          0|
    |ap_done_reg                       |   1|   0|    1|          0|
    |ap_enable_reg_pp0_iter1           |   1|   0|    1|          0|
    |ap_enable_reg_pp0_iter2           |   1|   0|    1|          0|
    |ap_enable_reg_pp0_iter3           |   1|   0|    1|          0|
    |ap_enable_reg_pp0_iter4           |   1|   0|    1|          0|
    |ap_enable_reg_pp0_iter5           |   1|   0|    1|          0|
    |ap_loop_exit_ready_pp0_iter1_reg  |   1|   0|    1|          0|
    |ap_loop_exit_ready_pp0_iter2_reg  |   1|   0|    1|          0|
    |ap_loop_exit_ready_pp0_iter3_reg  |   1|   0|    1|          0|
    |ap_loop_exit_ready_pp0_iter4_reg  |   1|   0|    1|          0|
    |i_fu_32                           |  10|   0|   10|          0|
    |v238_load_reg_141                 |  32|   0|   32|          0|
    |zext_ln474_reg_125                |  10|   0|   64|         54|
    |Y_0_addr_reg_135                  |  64|  32|    9|          0|
    |zext_ln474_reg_125                |  64|  32|   64|         54|
    +----------------------------------+----+----+-----+-----------+
    |Total                             | 264|  64|  263|        108|
    +----------------------------------+----+----+-----+-----------+



================================================================
== Interface
================================================================
* Summary: 
+---------------+-----+-----+------------+------------------------------------+--------------+
|   RTL Ports   | Dir | Bits|  Protocol  |            Source Object           |    C Type    |
+---------------+-----+-----+------------+------------------------------------+--------------+
|ap_clk         |   in|    1|  ap_ctrl_hs|  adaLN_modulate_Pipeline_l_bias_add|  return value|
|ap_rst         |   in|    1|  ap_ctrl_hs|  adaLN_modulate_Pipeline_l_bias_add|  return value|
|ap_start       |   in|    1|  ap_ctrl_hs|  adaLN_modulate_Pipeline_l_bias_add|  return value|
|ap_done        |  out|    1|  ap_ctrl_hs|  adaLN_modulate_Pipeline_l_bias_add|  return value|
|ap_idle        |  out|    1|  ap_ctrl_hs|  adaLN_modulate_Pipeline_l_bias_add|  return value|
|ap_ready       |  out|    1|  ap_ctrl_hs|  adaLN_modulate_Pipeline_l_bias_add|  return value|
|v238_address0  |  out|    9|   ap_memory|                                v238|         array|
|v238_ce0       |  out|    1|   ap_memory|                                v238|         array|
|v238_q0        |   in|   32|   ap_memory|                                v238|         array|
|Y_0_address0   |  out|    9|   ap_memory|                                 Y_0|         array|
|Y_0_ce0        |  out|    1|   ap_memory|                                 Y_0|         array|
|Y_0_we0        |  out|    1|   ap_memory|                                 Y_0|         array|
|Y_0_d0         |  out|   32|   ap_memory|                                 Y_0|         array|
|Y_0_address1   |  out|    9|   ap_memory|                                 Y_0|         array|
|Y_0_ce1        |  out|    1|   ap_memory|                                 Y_0|         array|
|Y_0_q1         |   in|   32|   ap_memory|                                 Y_0|         array|
|v239_address0  |  out|    9|   ap_memory|                                v239|         array|
|v239_ce0       |  out|    1|   ap_memory|                                v239|         array|
|v239_we0       |  out|    1|   ap_memory|                                v239|         array|
|v239_d0        |  out|   32|   ap_memory|                                v239|         array|
+---------------+-----+-----+------------+------------------------------------+--------------+

