

================================================================
== Vitis HLS Report for 'allo_DDitBlock_Pipeline_VITIS_LOOP_25459_42_VITIS_LOOP_25460_43'
================================================================
* Date:           Wed Feb  5 22:37:01 2025

* Version:        2023.2 (Build 4023990 on Oct 11 2023)
* Project:        DitBlock
* Solution:       hls (Vivado IP Flow Target)
* Product family: virtexuplusHBM
* Target device:  xcu280-fsvh2892-2L-e


================================================================
== Performance Estimates
================================================================
+ Timing: 
    * Summary: 
    +--------+----------+----------+------------+
    |  Clock |  Target  | Estimated| Uncertainty|
    +--------+----------+----------+------------+
    |ap_clk  |  10.00 ns|  3.912 ns|     2.70 ns|
    +--------+----------+----------+------------+

+ Latency: 
    * Summary: 
    +---------+---------+----------+----------+--------+--------+---------+
    |  Latency (cycles) |  Latency (absolute) |     Interval    | Pipeline|
    |   min   |   max   |    min   |    max   |   min  |   max  |   Type  |
    +---------+---------+----------+----------+--------+--------+---------+
    |   262146|   262146|  2.621 ms|  2.621 ms|  262146|  262146|       no|
    +---------+---------+----------+----------+--------+--------+---------+

    + Detail: 
        * Instance: 
        N/A

        * Loop: 
        +-------------------------------------------+---------+---------+----------+-----------+-----------+--------+----------+
        |                                           |  Latency (cycles) | Iteration|  Initiation Interval  |  Trip  |          |
        |                 Loop Name                 |   min   |   max   |  Latency |  achieved |   target  |  Count | Pipelined|
        +-------------------------------------------+---------+---------+----------+-----------+-----------+--------+----------+
        |- VITIS_LOOP_25459_42_VITIS_LOOP_25460_43  |   262144|   262144|         2|          1|          1|  262144|       yes|
        +-------------------------------------------+---------+---------+----------+-----------+-----------+--------+----------+



================================================================
== Utilization Estimates
================================================================
* Summary: 
+---------------------+---------+------+---------+---------+-----+
|         Name        | BRAM_18K|  DSP |    FF   |   LUT   | URAM|
+---------------------+---------+------+---------+---------+-----+
|DSP                  |        -|     -|        -|        -|    -|
|Expression           |        -|     -|        0|      152|    -|
|FIFO                 |        -|     -|        -|        -|    -|
|Instance             |        -|     -|        -|        -|    -|
|Memory               |        -|     -|        -|        -|    -|
|Multiplexer          |        -|     -|        -|       54|    -|
|Register             |        -|     -|       61|        -|    -|
+---------------------+---------+------+---------+---------+-----+
|Total                |        0|     0|       61|      206|    0|
+---------------------+---------+------+---------+---------+-----+
|Available SLR        |     1344|  3008|   869120|   434560|  320|
+---------------------+---------+------+---------+---------+-----+
|Utilization SLR (%)  |        0|     0|       ~0|       ~0|    0|
+---------------------+---------+------+---------+---------+-----+
|Available            |     4032|  9024|  2607360|  1303680|  960|
+---------------------+---------+------+---------+---------+-----+
|Utilization (%)      |        0|     0|       ~0|       ~0|    0|
+---------------------+---------+------+---------+---------+-----+

+ Detail: 
    * Instance: 
    N/A

    * DSP: 
    N/A

    * Memory: 
    N/A

    * FIFO: 
    N/A

    * Expression: 
    +----------------------------+----------+----+---+----+------------+------------+
    |        Variable Name       | Operation| DSP| FF| LUT| Bitwidth P0| Bitwidth P1|
    +----------------------------+----------+----+---+----+------------+------------+
    |add_ln25459_1_fu_118_p2     |         +|   0|  0|  26|          19|           1|
    |add_ln25459_fu_130_p2       |         +|   0|  0|  17|          10|           1|
    |add_ln25460_fu_185_p2       |         +|   0|  0|  17|          10|           1|
    |add_ln25461_fu_174_p2       |         +|   0|  0|  25|          18|          18|
    |icmp_ln25459_fu_112_p2      |      icmp|   0|  0|  27|          19|          20|
    |icmp_ln25460_fu_136_p2      |      icmp|   0|  0|  18|          10|          11|
    |select_ln25459_1_fu_150_p3  |    select|   0|  0|  10|           1|          10|
    |select_ln25459_fu_142_p3    |    select|   0|  0|  10|           1|           1|
    |ap_enable_pp0               |       xor|   0|  0|   2|           1|           2|
    +----------------------------+----------+----+---+----+------------+------------+
    |Total                       |          |   0|  0| 152|          89|          65|
    +----------------------------+----------+----+---+----+------------+------------+

    * Multiplexer: 
    +-------------------------+----+-----------+-----+-----------+
    |           Name          | LUT| Input Size| Bits| Total Bits|
    +-------------------------+----+-----------+-----+-----------+
    |ap_done_int              |   9|          2|    1|          2|
    |ap_enable_reg_pp0_iter1  |   9|          2|    1|          2|
    |ap_enable_reg_pp0_iter2  |   9|          2|    1|          2|
    |i_fu_56                  |   9|          2|   10|         20|
    |indvar_flatten153_fu_60  |   9|          2|   19|         38|
    |j_fu_52                  |   9|          2|   10|         20|
    +-------------------------+----+-----------+-----+-----------+
    |Total                    |  54|         12|   42|         84|
    +-------------------------+----+-----------+-----+-----------+

    * Register: 
    +-------------------------+----+----+-----+-----------+
    |           Name          | FF | LUT| Bits| Const Bits|
    +-------------------------+----+----+-----+-----------+
    |ap_CS_fsm                |   1|   0|    1|          0|
    |ap_done_reg              |   1|   0|    1|          0|
    |ap_enable_reg_pp0_iter1  |   1|   0|    1|          0|
    |ap_enable_reg_pp0_iter2  |   1|   0|    1|          0|
    |i_fu_56                  |  10|   0|   10|          0|
    |indvar_flatten153_fu_60  |  19|   0|   19|          0|
    |j_fu_52                  |  10|   0|   10|          0|
    |zext_ln25461_1_reg_235   |  18|   0|   64|         46|
    +-------------------------+----+----+-----+-----------+
    |Total                    |  61|   0|  107|         46|
    +-------------------------+----+----+-----+-----------+



================================================================
== Interface
================================================================
* Summary: 
+-------------------+-----+-----+------------+-----------------------------------------------------------------+--------------+
|     RTL Ports     | Dir | Bits|  Protocol  |                          Source Object                          |    C Type    |
+-------------------+-----+-----+------------+-----------------------------------------------------------------+--------------+
|ap_clk             |   in|    1|  ap_ctrl_hs|  allo_DDitBlock_Pipeline_VITIS_LOOP_25459_42_VITIS_LOOP_25460_43|  return value|
|ap_rst             |   in|    1|  ap_ctrl_hs|  allo_DDitBlock_Pipeline_VITIS_LOOP_25459_42_VITIS_LOOP_25460_43|  return value|
|ap_start           |   in|    1|  ap_ctrl_hs|  allo_DDitBlock_Pipeline_VITIS_LOOP_25459_42_VITIS_LOOP_25460_43|  return value|
|ap_done            |  out|    1|  ap_ctrl_hs|  allo_DDitBlock_Pipeline_VITIS_LOOP_25459_42_VITIS_LOOP_25460_43|  return value|
|ap_idle            |  out|    1|  ap_ctrl_hs|  allo_DDitBlock_Pipeline_VITIS_LOOP_25459_42_VITIS_LOOP_25460_43|  return value|
|ap_ready           |  out|    1|  ap_ctrl_hs|  allo_DDitBlock_Pipeline_VITIS_LOOP_25459_42_VITIS_LOOP_25460_43|  return value|
|v13559_address0    |  out|   18|   ap_memory|                                                           v13559|         array|
|v13559_ce0         |  out|    1|   ap_memory|                                                           v13559|         array|
|v13559_q0          |   in|   32|   ap_memory|                                                           v13559|         array|
|buffer_w_address1  |  out|   18|   ap_memory|                                                         buffer_w|         array|
|buffer_w_ce1       |  out|    1|   ap_memory|                                                         buffer_w|         array|
|buffer_w_we1       |  out|    1|   ap_memory|                                                         buffer_w|         array|
|buffer_w_d1        |  out|   32|   ap_memory|                                                         buffer_w|         array|
+-------------------+-----+-----+------------+-----------------------------------------------------------------+--------------+

