

================================================================
== Vitis HLS Report for 'allo_DDitBlock_Pipeline_VITIS_LOOP_25406_31_VITIS_LOOP_25407_32'
================================================================
* Date:           Wed Feb  5 22:35:53 2025

* Version:        2023.2 (Build 4023990 on Oct 11 2023)
* Project:        DitBlock
* Solution:       hls (Vivado IP Flow Target)
* Product family: virtexuplusHBM
* Target device:  xcu280-fsvh2892-2L-e


================================================================
== Performance Estimates
================================================================
+ Timing: 
    * Summary: 
    +--------+----------+----------+------------+
    |  Clock |  Target  | Estimated| Uncertainty|
    +--------+----------+----------+------------+
    |ap_clk  |  10.00 ns|  3.059 ns|     2.70 ns|
    +--------+----------+----------+------------+

+ Latency: 
    * Summary: 
    +---------+---------+----------+----------+-------+-------+---------+
    |  Latency (cycles) |  Latency (absolute) |    Interval   | Pipeline|
    |   min   |   max   |    min   |    max   |  min  |  max  |   Type  |
    +---------+---------+----------+----------+-------+-------+---------+
    |    32770|    32770|  0.328 ms|  0.328 ms|  32770|  32770|       no|
    +---------+---------+----------+----------+-------+-------+---------+

    + Detail: 
        * Instance: 
        N/A

        * Loop: 
        +-------------------------------------------+---------+---------+----------+-----------+-----------+-------+----------+
        |                                           |  Latency (cycles) | Iteration|  Initiation Interval  |  Trip |          |
        |                 Loop Name                 |   min   |   max   |  Latency |  achieved |   target  | Count | Pipelined|
        +-------------------------------------------+---------+---------+----------+-----------+-----------+-------+----------+
        |- VITIS_LOOP_25406_31_VITIS_LOOP_25407_32  |    32768|    32768|         2|          1|          1|  32768|       yes|
        +-------------------------------------------+---------+---------+----------+-----------+-----------+-------+----------+



================================================================
== Utilization Estimates
================================================================
* Summary: 
+---------------------+---------+------+---------+---------+-----+
|         Name        | BRAM_18K|  DSP |    FF   |   LUT   | URAM|
+---------------------+---------+------+---------+---------+-----+
|DSP                  |        -|     -|        -|        -|    -|
|Expression           |        -|     -|        0|      133|    -|
|FIFO                 |        -|     -|        -|        -|    -|
|Instance             |        -|     -|        -|        -|    -|
|Memory               |        -|     -|        -|        -|    -|
|Multiplexer          |        -|     -|        -|       54|    -|
|Register             |        -|     -|       52|        -|    -|
+---------------------+---------+------+---------+---------+-----+
|Total                |        0|     0|       52|      187|    0|
+---------------------+---------+------+---------+---------+-----+
|Available SLR        |     1344|  3008|   869120|   434560|  320|
+---------------------+---------+------+---------+---------+-----+
|Utilization SLR (%)  |        0|     0|       ~0|       ~0|    0|
+---------------------+---------+------+---------+---------+-----+
|Available            |     4032|  9024|  2607360|  1303680|  960|
+---------------------+---------+------+---------+---------+-----+
|Utilization (%)      |        0|     0|       ~0|       ~0|    0|
+---------------------+---------+------+---------+---------+-----+

+ Detail: 
    * Instance: 
    N/A

    * DSP: 
    N/A

    * Memory: 
    N/A

    * FIFO: 
    N/A

    * Expression: 
    +----------------------------+----------+----+---+----+------------+------------+
    |        Variable Name       | Operation| DSP| FF| LUT| Bitwidth P0| Bitwidth P1|
    +----------------------------+----------+----+---+----+------------+------------+
    |add_ln25406_1_fu_110_p2     |         +|   0|  0|  23|          16|           1|
    |add_ln25406_fu_122_p2       |         +|   0|  0|  18|          11|           1|
    |add_ln25407_fu_177_p2       |         +|   0|  0|  13|           6|           1|
    |add_ln25408_fu_166_p2       |         +|   0|  0|  22|          15|          15|
    |icmp_ln25406_fu_104_p2      |      icmp|   0|  0|  24|          16|          17|
    |icmp_ln25407_fu_128_p2      |      icmp|   0|  0|  14|           6|           7|
    |select_ln25406_1_fu_142_p3  |    select|   0|  0|  11|           1|          11|
    |select_ln25406_fu_134_p3    |    select|   0|  0|   6|           1|           1|
    |ap_enable_pp0               |       xor|   0|  0|   2|           1|           2|
    +----------------------------+----------+----+---+----+------------+------------+
    |Total                       |          |   0|  0| 133|          73|          56|
    +----------------------------+----------+----+---+----+------------+------------+

    * Multiplexer: 
    +-------------------------+----+-----------+-----+-----------+
    |           Name          | LUT| Input Size| Bits| Total Bits|
    +-------------------------+----+-----------+-----+-----------+
    |ap_done_int              |   9|          2|    1|          2|
    |ap_enable_reg_pp0_iter1  |   9|          2|    1|          2|
    |ap_enable_reg_pp0_iter2  |   9|          2|    1|          2|
    |i_fu_52                  |   9|          2|   11|         22|
    |indvar_flatten83_fu_56   |   9|          2|   16|         32|
    |j_fu_48                  |   9|          2|    6|         12|
    +-------------------------+----+-----------+-----+-----------+
    |Total                    |  54|         12|   36|         72|
    +-------------------------+----+-----------+-----+-----------+

    * Register: 
    +-------------------------+----+----+-----+-----------+
    |           Name          | FF | LUT| Bits| Const Bits|
    +-------------------------+----+----+-----+-----------+
    |ap_CS_fsm                |   1|   0|    1|          0|
    |ap_done_reg              |   1|   0|    1|          0|
    |ap_enable_reg_pp0_iter1  |   1|   0|    1|          0|
    |ap_enable_reg_pp0_iter2  |   1|   0|    1|          0|
    |i_fu_52                  |  11|   0|   11|          0|
    |indvar_flatten83_fu_56   |  16|   0|   16|          0|
    |j_fu_48                  |   6|   0|    6|          0|
    |zext_ln25408_1_reg_227   |  15|   0|   64|         49|
    +-------------------------+----+----+-----+-----------+
    |Total                    |  52|   0|  101|         49|
    +-------------------------+----+----+-----+-----------+



================================================================
== Interface
================================================================
* Summary: 
+---------------------+-----+-----+------------+-----------------------------------------------------------------+--------------+
|      RTL Ports      | Dir | Bits|  Protocol  |                          Source Object                          |    C Type    |
+---------------------+-----+-----+------------+-----------------------------------------------------------------+--------------+
|ap_clk               |   in|    1|  ap_ctrl_hs|  allo_DDitBlock_Pipeline_VITIS_LOOP_25406_31_VITIS_LOOP_25407_32|  return value|
|ap_rst               |   in|    1|  ap_ctrl_hs|  allo_DDitBlock_Pipeline_VITIS_LOOP_25406_31_VITIS_LOOP_25407_32|  return value|
|ap_start             |   in|    1|  ap_ctrl_hs|  allo_DDitBlock_Pipeline_VITIS_LOOP_25406_31_VITIS_LOOP_25407_32|  return value|
|ap_done              |  out|    1|  ap_ctrl_hs|  allo_DDitBlock_Pipeline_VITIS_LOOP_25406_31_VITIS_LOOP_25407_32|  return value|
|ap_idle              |  out|    1|  ap_ctrl_hs|  allo_DDitBlock_Pipeline_VITIS_LOOP_25406_31_VITIS_LOOP_25407_32|  return value|
|ap_ready             |  out|    1|  ap_ctrl_hs|  allo_DDitBlock_Pipeline_VITIS_LOOP_25406_31_VITIS_LOOP_25407_32|  return value|
|v13542_address0      |  out|   15|   ap_memory|                                                           v13542|         array|
|v13542_ce0           |  out|    1|   ap_memory|                                                           v13542|         array|
|v13542_q0            |   in|   32|   ap_memory|                                                           v13542|         array|
|buffer_cos_address0  |  out|   15|   ap_memory|                                                       buffer_cos|         array|
|buffer_cos_ce0       |  out|    1|   ap_memory|                                                       buffer_cos|         array|
|buffer_cos_we0       |  out|    1|   ap_memory|                                                       buffer_cos|         array|
|buffer_cos_d0        |  out|   32|   ap_memory|                                                       buffer_cos|         array|
+---------------------+-----+-----+------------+-----------------------------------------------------------------+--------------+

