

================================================================
== Vitis HLS Report for 'dataflow_in_loop_l_ni5_Loop_l_store_C_tile_sj5_proc55_Pipeline_l_store_C_tile_sj'
================================================================
* Date:           Mon Feb 17 20:39:01 2025

* Version:        2023.2 (Build 4023990 on Oct 11 2023)
* Project:        DitBlock
* Solution:       hls (Vivado IP Flow Target)
* Product family: virtexuplusHBM
* Target device:  xcu280-fsvh2892-2L-e


================================================================
== Performance Estimates
================================================================
+ Timing: 
    * Summary: 
    +--------+----------+----------+------------+
    |  Clock |  Target  | Estimated| Uncertainty|
    +--------+----------+----------+------------+
    |ap_clk  |  10.00 ns|  4.204 ns|     2.70 ns|
    +--------+----------+----------+------------+

+ Latency: 
    * Summary: 
    +---------+---------+----------+----------+-----+-----+---------+
    |  Latency (cycles) |  Latency (absolute) |  Interval | Pipeline|
    |   min   |   max   |    min   |    max   | min | max |   Type  |
    +---------+---------+----------+----------+-----+-----+---------+
    |       66|       66|  0.660 us|  0.660 us|   66|   66|       no|
    +---------+---------+----------+----------+-----+-----+---------+

    + Detail: 
        * Instance: 
        N/A

        * Loop: 
        +----------------------------+---------+---------+----------+-----------+-----------+------+----------+
        |                            |  Latency (cycles) | Iteration|  Initiation Interval  | Trip |          |
        |          Loop Name         |   min   |   max   |  Latency |  achieved |   target  | Count| Pipelined|
        +----------------------------+---------+---------+----------+-----------+-----------+------+----------+
        |- l_store_C_tile_sj5_l_si5  |       64|       64|         1|          1|          1|    64|       yes|
        +----------------------------+---------+---------+----------+-----------+-----------+------+----------+



================================================================
== Utilization Estimates
================================================================
* Summary: 
+---------------------+---------+------+---------+---------+-----+
|         Name        | BRAM_18K|  DSP |    FF   |   LUT   | URAM|
+---------------------+---------+------+---------+---------+-----+
|DSP                  |        -|     -|        -|        -|    -|
|Expression           |        -|     -|        0|      127|    -|
|FIFO                 |        -|     -|        -|        -|    -|
|Instance             |        -|     -|        0|      387|    -|
|Memory               |        -|     -|        -|        -|    -|
|Multiplexer          |        -|     -|        -|       63|    -|
|Register             |        -|     -|       17|        -|    -|
+---------------------+---------+------+---------+---------+-----+
|Total                |        0|     0|       17|      577|    0|
+---------------------+---------+------+---------+---------+-----+
|Available SLR        |     1344|  3008|   869120|   434560|  320|
+---------------------+---------+------+---------+---------+-----+
|Utilization SLR (%)  |        0|     0|       ~0|       ~0|    0|
+---------------------+---------+------+---------+---------+-----+
|Available            |     4032|  9024|  2607360|  1303680|  960|
+---------------------+---------+------+---------+---------+-----+
|Utilization (%)      |        0|     0|       ~0|       ~0|    0|
+---------------------+---------+------+---------+---------+-----+

+ Detail: 
    * Instance: 
    +-----------------------------+-----------------------+---------+----+---+----+-----+
    |           Instance          |         Module        | BRAM_18K| DSP| FF| LUT| URAM|
    +-----------------------------+-----------------------+---------+----+---+----+-----+
    |sparsemux_17_3_32_1_1_U3215  |sparsemux_17_3_32_1_1  |        0|   0|  0|  43|    0|
    |sparsemux_17_3_32_1_1_U3216  |sparsemux_17_3_32_1_1  |        0|   0|  0|  43|    0|
    |sparsemux_17_3_32_1_1_U3217  |sparsemux_17_3_32_1_1  |        0|   0|  0|  43|    0|
    |sparsemux_17_3_32_1_1_U3218  |sparsemux_17_3_32_1_1  |        0|   0|  0|  43|    0|
    |sparsemux_17_3_32_1_1_U3219  |sparsemux_17_3_32_1_1  |        0|   0|  0|  43|    0|
    |sparsemux_17_3_32_1_1_U3220  |sparsemux_17_3_32_1_1  |        0|   0|  0|  43|    0|
    |sparsemux_17_3_32_1_1_U3221  |sparsemux_17_3_32_1_1  |        0|   0|  0|  43|    0|
    |sparsemux_17_3_32_1_1_U3222  |sparsemux_17_3_32_1_1  |        0|   0|  0|  43|    0|
    |sparsemux_17_3_32_1_1_U3223  |sparsemux_17_3_32_1_1  |        0|   0|  0|  43|    0|
    +-----------------------------+-----------------------+---------+----+---+----+-----+
    |Total                        |                       |        0|   0|  0| 387|    0|
    +-----------------------------+-----------------------+---------+----+---+----+-----+

    * DSP: 
    N/A

    * Memory: 
    N/A

    * FIFO: 
    N/A

    * Expression: 
    +----------------------------+----------+----+---+----+------------+------------+
    |        Variable Name       | Operation| DSP| FF| LUT| Bitwidth P0| Bitwidth P1|
    +----------------------------+----------+----+---+----+------------+------------+
    |add_ln15556_1_fu_643_p2     |         +|   0|  0|  14|           7|           1|
    |add_ln15556_fu_655_p2       |         +|   0|  0|  12|           4|           1|
    |add_ln15557_fu_1095_p2      |         +|   0|  0|  12|           4|           1|
    |add_ln15560_1_fu_1084_p2    |         +|   0|  0|  23|          16|          16|
    |add_ln15560_fu_1070_p2      |         +|   0|  0|  17|          10|          10|
    |empty_fu_691_p2             |         +|   0|  0|  14|           7|           7|
    |icmp_ln15556_fu_637_p2      |      icmp|   0|  0|  15|           7|           8|
    |icmp_ln15557_fu_661_p2      |      icmp|   0|  0|  12|           4|           5|
    |select_ln15556_1_fu_675_p3  |    select|   0|  0|   4|           1|           4|
    |select_ln15556_fu_667_p3    |    select|   0|  0|   4|           1|           1|
    +----------------------------+----------+----+---+----+------------+------------+
    |Total                       |          |   0|  0| 127|          61|          54|
    +----------------------------+----------+----+---+----+------------+------------+

    * Multiplexer: 
    +--------------------------------------+----+-----------+-----+-----------+
    |                 Name                 | LUT| Input Size| Bits| Total Bits|
    +--------------------------------------+----+-----------+-----+-----------+
    |ap_done_int                           |   9|          2|    1|          2|
    |ap_sig_allocacmp_indvar_flatten_load  |   9|          2|    7|         14|
    |ap_sig_allocacmp_si5_load             |   9|          2|    4|          8|
    |ap_sig_allocacmp_sj5_load             |   9|          2|    4|          8|
    |indvar_flatten_fu_202                 |   9|          2|    7|         14|
    |si5_fu_194                            |   9|          2|    4|          8|
    |sj5_fu_198                            |   9|          2|    4|          8|
    +--------------------------------------+----+-----------+-----+-----------+
    |Total                                 |  63|         14|   31|         62|
    +--------------------------------------+----+-----------+-----+-----------+

    * Register: 
    +-----------------------+---+----+-----+-----------+
    |          Name         | FF| LUT| Bits| Const Bits|
    +-----------------------+---+----+-----+-----------+
    |ap_CS_fsm              |  1|   0|    1|          0|
    |ap_done_reg            |  1|   0|    1|          0|
    |indvar_flatten_fu_202  |  7|   0|    7|          0|
    |si5_fu_194             |  4|   0|    4|          0|
    |sj5_fu_198             |  4|   0|    4|          0|
    +-----------------------+---+----+-----+-----------+
    |Total                  | 17|   0|   17|          0|
    +-----------------------+---+----+-----+-----------+



================================================================
== Interface
================================================================
* Summary: 
+--------------------+-----+-----+------------+----------------------------------------------------------------------------------+--------------+
|      RTL Ports     | Dir | Bits|  Protocol  |                                   Source Object                                  |    C Type    |
+--------------------+-----+-----+------------+----------------------------------------------------------------------------------+--------------+
|ap_clk              |   in|    1|  ap_ctrl_hs|  dataflow_in_loop_l_ni5_Loop_l_store_C_tile_sj5_proc55_Pipeline_l_store_C_tile_sj|  return value|
|ap_rst              |   in|    1|  ap_ctrl_hs|  dataflow_in_loop_l_ni5_Loop_l_store_C_tile_sj5_proc55_Pipeline_l_store_C_tile_sj|  return value|
|ap_start            |   in|    1|  ap_ctrl_hs|  dataflow_in_loop_l_ni5_Loop_l_store_C_tile_sj5_proc55_Pipeline_l_store_C_tile_sj|  return value|
|ap_done             |  out|    1|  ap_ctrl_hs|  dataflow_in_loop_l_ni5_Loop_l_store_C_tile_sj5_proc55_Pipeline_l_store_C_tile_sj|  return value|
|ap_idle             |  out|    1|  ap_ctrl_hs|  dataflow_in_loop_l_ni5_Loop_l_store_C_tile_sj5_proc55_Pipeline_l_store_C_tile_sj|  return value|
|ap_ready            |  out|    1|  ap_ctrl_hs|  dataflow_in_loop_l_ni5_Loop_l_store_C_tile_sj5_proc55_Pipeline_l_store_C_tile_sj|  return value|
|p_cast              |   in|    6|     ap_none|                                                                            p_cast|        scalar|
|local_C5_63_i_load  |   in|   32|     ap_none|                                                                local_C5_63_i_load|        scalar|
|local_C5_62_i_load  |   in|   32|     ap_none|                                                                local_C5_62_i_load|        scalar|
|local_C5_61_i_load  |   in|   32|     ap_none|                                                                local_C5_61_i_load|        scalar|
|local_C5_60_i_load  |   in|   32|     ap_none|                                                                local_C5_60_i_load|        scalar|
|local_C5_59_i_load  |   in|   32|     ap_none|                                                                local_C5_59_i_load|        scalar|
|local_C5_58_i_load  |   in|   32|     ap_none|                                                                local_C5_58_i_load|        scalar|
|local_C5_57_i_load  |   in|   32|     ap_none|                                                                local_C5_57_i_load|        scalar|
|local_C5_56_i_load  |   in|   32|     ap_none|                                                                local_C5_56_i_load|        scalar|
|local_C5_55_i_load  |   in|   32|     ap_none|                                                                local_C5_55_i_load|        scalar|
|local_C5_54_i_load  |   in|   32|     ap_none|                                                                local_C5_54_i_load|        scalar|
|local_C5_53_i_load  |   in|   32|     ap_none|                                                                local_C5_53_i_load|        scalar|
|local_C5_52_i_load  |   in|   32|     ap_none|                                                                local_C5_52_i_load|        scalar|
|local_C5_51_i_load  |   in|   32|     ap_none|                                                                local_C5_51_i_load|        scalar|
|local_C5_50_i_load  |   in|   32|     ap_none|                                                                local_C5_50_i_load|        scalar|
|local_C5_49_i_load  |   in|   32|     ap_none|                                                                local_C5_49_i_load|        scalar|
|local_C5_48_i_load  |   in|   32|     ap_none|                                                                local_C5_48_i_load|        scalar|
|local_C5_47_i_load  |   in|   32|     ap_none|                                                                local_C5_47_i_load|        scalar|
|local_C5_46_i_load  |   in|   32|     ap_none|                                                                local_C5_46_i_load|        scalar|
|local_C5_45_i_load  |   in|   32|     ap_none|                                                                local_C5_45_i_load|        scalar|
|local_C5_44_i_load  |   in|   32|     ap_none|                                                                local_C5_44_i_load|        scalar|
|local_C5_43_i_load  |   in|   32|     ap_none|                                                                local_C5_43_i_load|        scalar|
|local_C5_42_i_load  |   in|   32|     ap_none|                                                                local_C5_42_i_load|        scalar|
|local_C5_41_i_load  |   in|   32|     ap_none|                                                                local_C5_41_i_load|        scalar|
|local_C5_40_i_load  |   in|   32|     ap_none|                                                                local_C5_40_i_load|        scalar|
|local_C5_39_i_load  |   in|   32|     ap_none|                                                                local_C5_39_i_load|        scalar|
|local_C5_38_i_load  |   in|   32|     ap_none|                                                                local_C5_38_i_load|        scalar|
|local_C5_37_i_load  |   in|   32|     ap_none|                                                                local_C5_37_i_load|        scalar|
|local_C5_36_i_load  |   in|   32|     ap_none|                                                                local_C5_36_i_load|        scalar|
|local_C5_35_i_load  |   in|   32|     ap_none|                                                                local_C5_35_i_load|        scalar|
|local_C5_34_i_load  |   in|   32|     ap_none|                                                                local_C5_34_i_load|        scalar|
|local_C5_33_i_load  |   in|   32|     ap_none|                                                                local_C5_33_i_load|        scalar|
|local_C5_32_i_load  |   in|   32|     ap_none|                                                                local_C5_32_i_load|        scalar|
|local_C5_31_i_load  |   in|   32|     ap_none|                                                                local_C5_31_i_load|        scalar|
|local_C5_30_i_load  |   in|   32|     ap_none|                                                                local_C5_30_i_load|        scalar|
|local_C5_29_i_load  |   in|   32|     ap_none|                                                                local_C5_29_i_load|        scalar|
|local_C5_28_i_load  |   in|   32|     ap_none|                                                                local_C5_28_i_load|        scalar|
|local_C5_27_i_load  |   in|   32|     ap_none|                                                                local_C5_27_i_load|        scalar|
|local_C5_26_i_load  |   in|   32|     ap_none|                                                                local_C5_26_i_load|        scalar|
|local_C5_25_i_load  |   in|   32|     ap_none|                                                                local_C5_25_i_load|        scalar|
|local_C5_24_i_load  |   in|   32|     ap_none|                                                                local_C5_24_i_load|        scalar|
|local_C5_23_i_load  |   in|   32|     ap_none|                                                                local_C5_23_i_load|        scalar|
|local_C5_22_i_load  |   in|   32|     ap_none|                                                                local_C5_22_i_load|        scalar|
|local_C5_21_i_load  |   in|   32|     ap_none|                                                                local_C5_21_i_load|        scalar|
|local_C5_20_i_load  |   in|   32|     ap_none|                                                                local_C5_20_i_load|        scalar|
|local_C5_19_i_load  |   in|   32|     ap_none|                                                                local_C5_19_i_load|        scalar|
|local_C5_18_i_load  |   in|   32|     ap_none|                                                                local_C5_18_i_load|        scalar|
|local_C5_17_i_load  |   in|   32|     ap_none|                                                                local_C5_17_i_load|        scalar|
|local_C5_16_i_load  |   in|   32|     ap_none|                                                                local_C5_16_i_load|        scalar|
|local_C5_15_i_load  |   in|   32|     ap_none|                                                                local_C5_15_i_load|        scalar|
|local_C5_14_i_load  |   in|   32|     ap_none|                                                                local_C5_14_i_load|        scalar|
|local_C5_13_i_load  |   in|   32|     ap_none|                                                                local_C5_13_i_load|        scalar|
|local_C5_12_i_load  |   in|   32|     ap_none|                                                                local_C5_12_i_load|        scalar|
|local_C5_11_i_load  |   in|   32|     ap_none|                                                                local_C5_11_i_load|        scalar|
|local_C5_10_i_load  |   in|   32|     ap_none|                                                                local_C5_10_i_load|        scalar|
|local_C5_9_i_load   |   in|   32|     ap_none|                                                                 local_C5_9_i_load|        scalar|
|local_C5_8_i_load   |   in|   32|     ap_none|                                                                 local_C5_8_i_load|        scalar|
|local_C5_7_i_load   |   in|   32|     ap_none|                                                                 local_C5_7_i_load|        scalar|
|local_C5_6_i_load   |   in|   32|     ap_none|                                                                 local_C5_6_i_load|        scalar|
|local_C5_5_i_load   |   in|   32|     ap_none|                                                                 local_C5_5_i_load|        scalar|
|local_C5_4_i_load   |   in|   32|     ap_none|                                                                 local_C5_4_i_load|        scalar|
|local_C5_3_i_load   |   in|   32|     ap_none|                                                                 local_C5_3_i_load|        scalar|
|local_C5_2_i_load   |   in|   32|     ap_none|                                                                 local_C5_2_i_load|        scalar|
|local_C5_1_i_load   |   in|   32|     ap_none|                                                                 local_C5_1_i_load|        scalar|
|local_C5_i_load     |   in|   32|     ap_none|                                                                   local_C5_i_load|        scalar|
|tmp                 |   in|   10|     ap_none|                                                                               tmp|        scalar|
|v8547_address0      |  out|   16|   ap_memory|                                                                             v8547|         array|
|v8547_ce0           |  out|    1|   ap_memory|                                                                             v8547|         array|
|v8547_we0           |  out|    1|   ap_memory|                                                                             v8547|         array|
|v8547_d0            |  out|   32|   ap_memory|                                                                             v8547|         array|
+--------------------+-----+-----+------------+----------------------------------------------------------------------------------+--------------+

