

================================================================
== Vitis HLS Report for 'dataflow_in_loop_l_ni5'
================================================================
* Date:           Mon Feb 17 20:39:04 2025

* Version:        2023.2 (Build 4023990 on Oct 11 2023)
* Project:        DitBlock
* Solution:       hls (Vivado IP Flow Target)
* Product family: virtexuplusHBM
* Target device:  xcu280-fsvh2892-2L-e


================================================================
== Performance Estimates
================================================================
+ Timing: 
    * Summary: 
    +--------+----------+----------+------------+
    |  Clock |  Target  | Estimated| Uncertainty|
    +--------+----------+----------+------------+
    |ap_clk  |  10.00 ns|  7.399 ns|     2.70 ns|
    +--------+----------+----------+------------+

+ Latency: 
    * Summary: 
    +---------+---------+----------+----------+------+------+----------+
    |  Latency (cycles) |  Latency (absolute) |   Interval  | Pipeline |
    |   min   |   max   |    min   |    max   |  min |  max |   Type   |
    +---------+---------+----------+----------+------+------+----------+
    |    10332|    10332|  0.103 ms|  0.103 ms|  8196|  8196|  dataflow|
    +---------+---------+----------+----------+------+------+----------+

    + Detail: 
        * Instance: 
        +-----------------------------------------------------------+--------------------------------------------------------+---------+---------+-----------+-----------+------+------+----------+
        |                                                           |                                                        |  Latency (cycles) |   Latency (absolute)  |   Interval  | Pipeline |
        |                          Instance                         |                         Module                         |   min   |   max   |    min    |    max    |  min |  max |   Type   |
        +-----------------------------------------------------------+--------------------------------------------------------+---------+---------+-----------+-----------+------+------+----------+
        |dataflow_in_loop_l_ni5_Loop_l_load_A_tile_ak5_proc5230_U0  |dataflow_in_loop_l_ni5_Loop_l_load_A_tile_ak5_proc5230  |     8195|     8195|  81.950 us|  81.950 us|  8195|  8195|        no|
        |dataflow_in_loop_l_ni5_Loop_l_load_B_tile_bk5_proc5331_U0  |dataflow_in_loop_l_ni5_Loop_l_load_B_tile_bk5_proc5331  |     8194|     8194|  81.940 us|  81.940 us|  8194|  8194|        no|
        |systolic_tile_YV54_U0                                      |systolic_tile_YV54                                      |     2068|     2068|  20.680 us|  20.680 us|  2054|  2054|  dataflow|
        |dataflow_in_loop_l_ni5_Loop_l_store_C_tile_sj5_proc55_U0   |dataflow_in_loop_l_ni5_Loop_l_store_C_tile_sj5_proc55   |       67|       67|   0.670 us|   0.670 us|    67|    67|        no|
        +-----------------------------------------------------------+--------------------------------------------------------+---------+---------+-----------+-----------+------+------+----------+

        * Loop: 
        N/A



================================================================
== Utilization Estimates
================================================================
* Summary: 
+---------------------+---------+------+---------+---------+-----+
|         Name        | BRAM_18K|  DSP |    FF   |   LUT   | URAM|
+---------------------+---------+------+---------+---------+-----+
|DSP                  |        -|     -|        -|        -|    -|
|Expression           |        -|     -|        0|      342|    -|
|FIFO                 |        -|     -|     4362|     2594|    -|
|Instance             |        -|   320|    28869|    36008|    -|
|Memory               |       64|     -|        0|        0|    0|
|Multiplexer          |        -|     -|        -|      738|    -|
|Register             |        -|     -|       82|        -|    -|
+---------------------+---------+------+---------+---------+-----+
|Total                |       64|   320|    33313|    39682|    0|
+---------------------+---------+------+---------+---------+-----+
|Available SLR        |     1344|  3008|   869120|   434560|  320|
+---------------------+---------+------+---------+---------+-----+
|Utilization SLR (%)  |        4|    10|        3|        9|    0|
+---------------------+---------+------+---------+---------+-----+
|Available            |     4032|  9024|  2607360|  1303680|  960|
+---------------------+---------+------+---------+---------+-----+
|Utilization (%)      |        1|     3|        1|        3|    0|
+---------------------+---------+------+---------+---------+-----+

+ Detail: 
    * Instance: 
    +-----------------------------------------------------------+--------------------------------------------------------+---------+-----+-------+-------+-----+
    |                          Instance                         |                         Module                         | BRAM_18K| DSP |   FF  |  LUT  | URAM|
    +-----------------------------------------------------------+--------------------------------------------------------+---------+-----+-------+-------+-----+
    |dataflow_in_loop_l_ni5_Loop_l_load_A_tile_ak5_proc5230_U0  |dataflow_in_loop_l_ni5_Loop_l_load_A_tile_ak5_proc5230  |        0|    0|     58|    271|    0|
    |dataflow_in_loop_l_ni5_Loop_l_load_B_tile_bk5_proc5331_U0  |dataflow_in_loop_l_ni5_Loop_l_load_B_tile_bk5_proc5331  |        0|    0|     46|    191|    0|
    |dataflow_in_loop_l_ni5_Loop_l_store_C_tile_sj5_proc55_U0   |dataflow_in_loop_l_ni5_Loop_l_store_C_tile_sj5_proc55   |        0|    0|     31|    620|    0|
    |systolic_tile_YV54_U0                                      |systolic_tile_YV54                                      |        0|  320|  28734|  34926|    0|
    +-----------------------------------------------------------+--------------------------------------------------------+---------+-----+-------+-------+-----+
    |Total                                                      |                                                        |        0|  320|  28869|  36008|    0|
    +-----------------------------------------------------------+--------------------------------------------------------+---------+-----+-------+-------+-----+

    * DSP: 
    N/A

    * Memory: 
    +--------------+-----------------------------------------------+---------+---+----+-----+------+-----+------+-------------+
    |    Memory    |                     Module                    | BRAM_18K| FF| LUT| URAM| Words| Bits| Banks| W*Bits*Banks|
    +--------------+-----------------------------------------------+---------+---+----+-----+------+-----+------+-------------+
    |local_B5_U    |dataflow_in_loop_l_ni5_local_B5_RAM_AUTO_1R1W  |        4|  0|   0|    0|  1024|   32|     1|        32768|
    |local_B5_1_U  |dataflow_in_loop_l_ni5_local_B5_RAM_AUTO_1R1W  |        4|  0|   0|    0|  1024|   32|     1|        32768|
    |local_B5_2_U  |dataflow_in_loop_l_ni5_local_B5_RAM_AUTO_1R1W  |        4|  0|   0|    0|  1024|   32|     1|        32768|
    |local_B5_3_U  |dataflow_in_loop_l_ni5_local_B5_RAM_AUTO_1R1W  |        4|  0|   0|    0|  1024|   32|     1|        32768|
    |local_B5_4_U  |dataflow_in_loop_l_ni5_local_B5_RAM_AUTO_1R1W  |        4|  0|   0|    0|  1024|   32|     1|        32768|
    |local_B5_5_U  |dataflow_in_loop_l_ni5_local_B5_RAM_AUTO_1R1W  |        4|  0|   0|    0|  1024|   32|     1|        32768|
    |local_B5_6_U  |dataflow_in_loop_l_ni5_local_B5_RAM_AUTO_1R1W  |        4|  0|   0|    0|  1024|   32|     1|        32768|
    |local_B5_7_U  |dataflow_in_loop_l_ni5_local_B5_RAM_AUTO_1R1W  |        4|  0|   0|    0|  1024|   32|     1|        32768|
    |local_A5_U    |dataflow_in_loop_l_ni5_local_B5_RAM_AUTO_1R1W  |        4|  0|   0|    0|  1024|   32|     1|        32768|
    |local_A5_1_U  |dataflow_in_loop_l_ni5_local_B5_RAM_AUTO_1R1W  |        4|  0|   0|    0|  1024|   32|     1|        32768|
    |local_A5_2_U  |dataflow_in_loop_l_ni5_local_B5_RAM_AUTO_1R1W  |        4|  0|   0|    0|  1024|   32|     1|        32768|
    |local_A5_3_U  |dataflow_in_loop_l_ni5_local_B5_RAM_AUTO_1R1W  |        4|  0|   0|    0|  1024|   32|     1|        32768|
    |local_A5_4_U  |dataflow_in_loop_l_ni5_local_B5_RAM_AUTO_1R1W  |        4|  0|   0|    0|  1024|   32|     1|        32768|
    |local_A5_5_U  |dataflow_in_loop_l_ni5_local_B5_RAM_AUTO_1R1W  |        4|  0|   0|    0|  1024|   32|     1|        32768|
    |local_A5_6_U  |dataflow_in_loop_l_ni5_local_B5_RAM_AUTO_1R1W  |        4|  0|   0|    0|  1024|   32|     1|        32768|
    |local_A5_7_U  |dataflow_in_loop_l_ni5_local_B5_RAM_AUTO_1R1W  |        4|  0|   0|    0|  1024|   32|     1|        32768|
    +--------------+-----------------------------------------------+---------+---+----+-----+------+-----+------+-------------+
    |Total         |                                               |       64|  0|   0|    0| 16384|  512|    16|       524288|
    +--------------+-----------------------------------------------+---------+---+----+-----+------+-----+------+-------------+

    * FIFO: 
    +---------------+---------+----+----+-----+------+-----+---------+
    |      Name     | BRAM_18K| FF | LUT| URAM| Depth| Bits| Size:D*B|
    +---------------+---------+----+----+-----+------+-----+---------+
    |local_C5_10_U  |        0|  68|   0|    -|     2|   32|       64|
    |local_C5_11_U  |        0|  68|   0|    -|     2|   32|       64|
    |local_C5_12_U  |        0|  68|   0|    -|     2|   32|       64|
    |local_C5_13_U  |        0|  68|   0|    -|     2|   32|       64|
    |local_C5_14_U  |        0|  68|   0|    -|     2|   32|       64|
    |local_C5_15_U  |        0|  68|   0|    -|     2|   32|       64|
    |local_C5_16_U  |        0|  68|   0|    -|     2|   32|       64|
    |local_C5_17_U  |        0|  68|   0|    -|     2|   32|       64|
    |local_C5_18_U  |        0|  68|   0|    -|     2|   32|       64|
    |local_C5_19_U  |        0|  68|   0|    -|     2|   32|       64|
    |local_C5_1_U   |        0|  68|   0|    -|     2|   32|       64|
    |local_C5_20_U  |        0|  68|   0|    -|     2|   32|       64|
    |local_C5_21_U  |        0|  68|   0|    -|     2|   32|       64|
    |local_C5_22_U  |        0|  68|   0|    -|     2|   32|       64|
    |local_C5_23_U  |        0|  68|   0|    -|     2|   32|       64|
    |local_C5_24_U  |        0|  68|   0|    -|     2|   32|       64|
    |local_C5_25_U  |        0|  68|   0|    -|     2|   32|       64|
    |local_C5_26_U  |        0|  68|   0|    -|     2|   32|       64|
    |local_C5_27_U  |        0|  68|   0|    -|     2|   32|       64|
    |local_C5_28_U  |        0|  68|   0|    -|     2|   32|       64|
    |local_C5_29_U  |        0|  68|   0|    -|     2|   32|       64|
    |local_C5_2_U   |        0|  68|   0|    -|     2|   32|       64|
    |local_C5_30_U  |        0|  68|   0|    -|     2|   32|       64|
    |local_C5_31_U  |        0|  68|   0|    -|     2|   32|       64|
    |local_C5_32_U  |        0|  68|   0|    -|     2|   32|       64|
    |local_C5_33_U  |        0|  68|   0|    -|     2|   32|       64|
    |local_C5_34_U  |        0|  68|   0|    -|     2|   32|       64|
    |local_C5_35_U  |        0|  68|   0|    -|     2|   32|       64|
    |local_C5_36_U  |        0|  68|   0|    -|     2|   32|       64|
    |local_C5_37_U  |        0|  68|   0|    -|     2|   32|       64|
    |local_C5_38_U  |        0|  68|   0|    -|     2|   32|       64|
    |local_C5_39_U  |        0|  68|   0|    -|     2|   32|       64|
    |local_C5_3_U   |        0|  68|   0|    -|     2|   32|       64|
    |local_C5_40_U  |        0|  68|   0|    -|     2|   32|       64|
    |local_C5_41_U  |        0|  68|   0|    -|     2|   32|       64|
    |local_C5_42_U  |        0|  68|   0|    -|     2|   32|       64|
    |local_C5_43_U  |        0|  68|   0|    -|     2|   32|       64|
    |local_C5_44_U  |        0|  68|   0|    -|     2|   32|       64|
    |local_C5_45_U  |        0|  68|   0|    -|     2|   32|       64|
    |local_C5_46_U  |        0|  68|   0|    -|     2|   32|       64|
    |local_C5_47_U  |        0|  68|   0|    -|     2|   32|       64|
    |local_C5_48_U  |        0|  68|   0|    -|     2|   32|       64|
    |local_C5_49_U  |        0|  68|   0|    -|     2|   32|       64|
    |local_C5_4_U   |        0|  68|   0|    -|     2|   32|       64|
    |local_C5_50_U  |        0|  68|   0|    -|     2|   32|       64|
    |local_C5_51_U  |        0|  68|   0|    -|     2|   32|       64|
    |local_C5_52_U  |        0|  68|   0|    -|     2|   32|       64|
    |local_C5_53_U  |        0|  68|   0|    -|     2|   32|       64|
    |local_C5_54_U  |        0|  68|   0|    -|     2|   32|       64|
    |local_C5_55_U  |        0|  68|   0|    -|     2|   32|       64|
    |local_C5_56_U  |        0|  68|   0|    -|     2|   32|       64|
    |local_C5_57_U  |        0|  68|   0|    -|     2|   32|       64|
    |local_C5_58_U  |        0|  68|   0|    -|     2|   32|       64|
    |local_C5_59_U  |        0|  68|   0|    -|     2|   32|       64|
    |local_C5_5_U   |        0|  68|   0|    -|     2|   32|       64|
    |local_C5_60_U  |        0|  68|   0|    -|     2|   32|       64|
    |local_C5_61_U  |        0|  68|   0|    -|     2|   32|       64|
    |local_C5_62_U  |        0|  68|   0|    -|     2|   32|       64|
    |local_C5_63_U  |        0|  68|   0|    -|     2|   32|       64|
    |local_C5_6_U   |        0|  68|   0|    -|     2|   32|       64|
    |local_C5_7_U   |        0|  68|   0|    -|     2|   32|       64|
    |local_C5_8_U   |        0|  68|   0|    -|     2|   32|       64|
    |local_C5_9_U   |        0|  68|   0|    -|     2|   32|       64|
    |local_C5_U     |        0|  68|   0|    -|     2|   32|       64|
    |mi5_c_i_U      |        0|   5|   0|    -|     3|    7|       21|
    |ni5_c_i_U      |        0|   5|   0|    -|     3|    3|        9|
    +---------------+---------+----+----+-----+------+-----+---------+
    |Total          |        0|4362|   0|    0|   134| 2058|     4126|
    +---------------+---------+----+----+-----+------+-----+---------+

    * Expression: 
    +----------------------------------------------------------------------------+----------+----+---+----+------------+------------+
    |                                Variable Name                               | Operation| DSP| FF| LUT| Bitwidth P0| Bitwidth P1|
    +----------------------------------------------------------------------------+----------+----+---+----+------------+------------+
    |ap_channel_done_local_A5                                                    |       and|   0|  0|   2|           1|           1|
    |ap_channel_done_local_A5_1                                                  |       and|   0|  0|   2|           1|           1|
    |ap_channel_done_local_A5_2                                                  |       and|   0|  0|   2|           1|           1|
    |ap_channel_done_local_A5_3                                                  |       and|   0|  0|   2|           1|           1|
    |ap_channel_done_local_A5_4                                                  |       and|   0|  0|   2|           1|           1|
    |ap_channel_done_local_A5_5                                                  |       and|   0|  0|   2|           1|           1|
    |ap_channel_done_local_A5_6                                                  |       and|   0|  0|   2|           1|           1|
    |ap_channel_done_local_A5_7                                                  |       and|   0|  0|   2|           1|           1|
    |ap_channel_done_local_B5                                                    |       and|   0|  0|   2|           1|           1|
    |ap_channel_done_local_B5_1                                                  |       and|   0|  0|   2|           1|           1|
    |ap_channel_done_local_B5_2                                                  |       and|   0|  0|   2|           1|           1|
    |ap_channel_done_local_B5_3                                                  |       and|   0|  0|   2|           1|           1|
    |ap_channel_done_local_B5_4                                                  |       and|   0|  0|   2|           1|           1|
    |ap_channel_done_local_B5_5                                                  |       and|   0|  0|   2|           1|           1|
    |ap_channel_done_local_B5_6                                                  |       and|   0|  0|   2|           1|           1|
    |ap_channel_done_local_B5_7                                                  |       and|   0|  0|   2|           1|           1|
    |ap_channel_done_local_C5                                                    |       and|   0|  0|   2|           1|           1|
    |ap_channel_done_local_C5_1                                                  |       and|   0|  0|   2|           1|           1|
    |ap_channel_done_local_C5_10                                                 |       and|   0|  0|   2|           1|           1|
    |ap_channel_done_local_C5_11                                                 |       and|   0|  0|   2|           1|           1|
    |ap_channel_done_local_C5_12                                                 |       and|   0|  0|   2|           1|           1|
    |ap_channel_done_local_C5_13                                                 |       and|   0|  0|   2|           1|           1|
    |ap_channel_done_local_C5_14                                                 |       and|   0|  0|   2|           1|           1|
    |ap_channel_done_local_C5_15                                                 |       and|   0|  0|   2|           1|           1|
    |ap_channel_done_local_C5_16                                                 |       and|   0|  0|   2|           1|           1|
    |ap_channel_done_local_C5_17                                                 |       and|   0|  0|   2|           1|           1|
    |ap_channel_done_local_C5_18                                                 |       and|   0|  0|   2|           1|           1|
    |ap_channel_done_local_C5_19                                                 |       and|   0|  0|   2|           1|           1|
    |ap_channel_done_local_C5_2                                                  |       and|   0|  0|   2|           1|           1|
    |ap_channel_done_local_C5_20                                                 |       and|   0|  0|   2|           1|           1|
    |ap_channel_done_local_C5_21                                                 |       and|   0|  0|   2|           1|           1|
    |ap_channel_done_local_C5_22                                                 |       and|   0|  0|   2|           1|           1|
    |ap_channel_done_local_C5_23                                                 |       and|   0|  0|   2|           1|           1|
    |ap_channel_done_local_C5_24                                                 |       and|   0|  0|   2|           1|           1|
    |ap_channel_done_local_C5_25                                                 |       and|   0|  0|   2|           1|           1|
    |ap_channel_done_local_C5_26                                                 |       and|   0|  0|   2|           1|           1|
    |ap_channel_done_local_C5_27                                                 |       and|   0|  0|   2|           1|           1|
    |ap_channel_done_local_C5_28                                                 |       and|   0|  0|   2|           1|           1|
    |ap_channel_done_local_C5_29                                                 |       and|   0|  0|   2|           1|           1|
    |ap_channel_done_local_C5_3                                                  |       and|   0|  0|   2|           1|           1|
    |ap_channel_done_local_C5_30                                                 |       and|   0|  0|   2|           1|           1|
    |ap_channel_done_local_C5_31                                                 |       and|   0|  0|   2|           1|           1|
    |ap_channel_done_local_C5_32                                                 |       and|   0|  0|   2|           1|           1|
    |ap_channel_done_local_C5_33                                                 |       and|   0|  0|   2|           1|           1|
    |ap_channel_done_local_C5_34                                                 |       and|   0|  0|   2|           1|           1|
    |ap_channel_done_local_C5_35                                                 |       and|   0|  0|   2|           1|           1|
    |ap_channel_done_local_C5_36                                                 |       and|   0|  0|   2|           1|           1|
    |ap_channel_done_local_C5_37                                                 |       and|   0|  0|   2|           1|           1|
    |ap_channel_done_local_C5_38                                                 |       and|   0|  0|   2|           1|           1|
    |ap_channel_done_local_C5_39                                                 |       and|   0|  0|   2|           1|           1|
    |ap_channel_done_local_C5_4                                                  |       and|   0|  0|   2|           1|           1|
    |ap_channel_done_local_C5_40                                                 |       and|   0|  0|   2|           1|           1|
    |ap_channel_done_local_C5_41                                                 |       and|   0|  0|   2|           1|           1|
    |ap_channel_done_local_C5_42                                                 |       and|   0|  0|   2|           1|           1|
    |ap_channel_done_local_C5_43                                                 |       and|   0|  0|   2|           1|           1|
    |ap_channel_done_local_C5_44                                                 |       and|   0|  0|   2|           1|           1|
    |ap_channel_done_local_C5_45                                                 |       and|   0|  0|   2|           1|           1|
    |ap_channel_done_local_C5_46                                                 |       and|   0|  0|   2|           1|           1|
    |ap_channel_done_local_C5_47                                                 |       and|   0|  0|   2|           1|           1|
    |ap_channel_done_local_C5_48                                                 |       and|   0|  0|   2|           1|           1|
    |ap_channel_done_local_C5_49                                                 |       and|   0|  0|   2|           1|           1|
    |ap_channel_done_local_C5_5                                                  |       and|   0|  0|   2|           1|           1|
    |ap_channel_done_local_C5_50                                                 |       and|   0|  0|   2|           1|           1|
    |ap_channel_done_local_C5_51                                                 |       and|   0|  0|   2|           1|           1|
    |ap_channel_done_local_C5_52                                                 |       and|   0|  0|   2|           1|           1|
    |ap_channel_done_local_C5_53                                                 |       and|   0|  0|   2|           1|           1|
    |ap_channel_done_local_C5_54                                                 |       and|   0|  0|   2|           1|           1|
    |ap_channel_done_local_C5_55                                                 |       and|   0|  0|   2|           1|           1|
    |ap_channel_done_local_C5_56                                                 |       and|   0|  0|   2|           1|           1|
    |ap_channel_done_local_C5_57                                                 |       and|   0|  0|   2|           1|           1|
    |ap_channel_done_local_C5_58                                                 |       and|   0|  0|   2|           1|           1|
    |ap_channel_done_local_C5_59                                                 |       and|   0|  0|   2|           1|           1|
    |ap_channel_done_local_C5_6                                                  |       and|   0|  0|   2|           1|           1|
    |ap_channel_done_local_C5_60                                                 |       and|   0|  0|   2|           1|           1|
    |ap_channel_done_local_C5_61                                                 |       and|   0|  0|   2|           1|           1|
    |ap_channel_done_local_C5_62                                                 |       and|   0|  0|   2|           1|           1|
    |ap_channel_done_local_C5_63                                                 |       and|   0|  0|   2|           1|           1|
    |ap_channel_done_local_C5_7                                                  |       and|   0|  0|   2|           1|           1|
    |ap_channel_done_local_C5_8                                                  |       and|   0|  0|   2|           1|           1|
    |ap_channel_done_local_C5_9                                                  |       and|   0|  0|   2|           1|           1|
    |ap_idle                                                                     |       and|   0|  0|   2|           1|           1|
    |ap_sync_ready                                                               |       and|   0|  0|   2|           1|           1|
    |dataflow_in_loop_l_ni5_Loop_l_load_A_tile_ak5_proc5230_U0_ap_continue       |       and|   0|  0|   2|           1|           1|
    |dataflow_in_loop_l_ni5_Loop_l_load_A_tile_ak5_proc5230_U0_ap_start          |       and|   0|  0|   2|           1|           1|
    |dataflow_in_loop_l_ni5_Loop_l_load_B_tile_bk5_proc5331_U0_ap_continue       |       and|   0|  0|   2|           1|           1|
    |dataflow_in_loop_l_ni5_Loop_l_load_B_tile_bk5_proc5331_U0_ap_start          |       and|   0|  0|   2|           1|           1|
    |dataflow_in_loop_l_ni5_Loop_l_store_C_tile_sj5_proc55_U0_ap_start           |       and|   0|  0|   2|           1|           1|
    |systolic_tile_YV54_U0_ap_continue                                           |       and|   0|  0|   2|           1|           1|
    |systolic_tile_YV54_U0_ap_start                                              |       and|   0|  0|   2|           1|           1|
    |ap_sync_channel_write_local_A5                                              |        or|   0|  0|   2|           1|           1|
    |ap_sync_channel_write_local_A5_1                                            |        or|   0|  0|   2|           1|           1|
    |ap_sync_channel_write_local_A5_2                                            |        or|   0|  0|   2|           1|           1|
    |ap_sync_channel_write_local_A5_3                                            |        or|   0|  0|   2|           1|           1|
    |ap_sync_channel_write_local_A5_4                                            |        or|   0|  0|   2|           1|           1|
    |ap_sync_channel_write_local_A5_5                                            |        or|   0|  0|   2|           1|           1|
    |ap_sync_channel_write_local_A5_6                                            |        or|   0|  0|   2|           1|           1|
    |ap_sync_channel_write_local_A5_7                                            |        or|   0|  0|   2|           1|           1|
    |ap_sync_channel_write_local_B5                                              |        or|   0|  0|   2|           1|           1|
    |ap_sync_channel_write_local_B5_1                                            |        or|   0|  0|   2|           1|           1|
    |ap_sync_channel_write_local_B5_2                                            |        or|   0|  0|   2|           1|           1|
    |ap_sync_channel_write_local_B5_3                                            |        or|   0|  0|   2|           1|           1|
    |ap_sync_channel_write_local_B5_4                                            |        or|   0|  0|   2|           1|           1|
    |ap_sync_channel_write_local_B5_5                                            |        or|   0|  0|   2|           1|           1|
    |ap_sync_channel_write_local_B5_6                                            |        or|   0|  0|   2|           1|           1|
    |ap_sync_channel_write_local_B5_7                                            |        or|   0|  0|   2|           1|           1|
    |ap_sync_channel_write_local_C5                                              |        or|   0|  0|   2|           1|           1|
    |ap_sync_channel_write_local_C5_1                                            |        or|   0|  0|   2|           1|           1|
    |ap_sync_channel_write_local_C5_10                                           |        or|   0|  0|   2|           1|           1|
    |ap_sync_channel_write_local_C5_11                                           |        or|   0|  0|   2|           1|           1|
    |ap_sync_channel_write_local_C5_12                                           |        or|   0|  0|   2|           1|           1|
    |ap_sync_channel_write_local_C5_13                                           |        or|   0|  0|   2|           1|           1|
    |ap_sync_channel_write_local_C5_14                                           |        or|   0|  0|   2|           1|           1|
    |ap_sync_channel_write_local_C5_15                                           |        or|   0|  0|   2|           1|           1|
    |ap_sync_channel_write_local_C5_16                                           |        or|   0|  0|   2|           1|           1|
    |ap_sync_channel_write_local_C5_17                                           |        or|   0|  0|   2|           1|           1|
    |ap_sync_channel_write_local_C5_18                                           |        or|   0|  0|   2|           1|           1|
    |ap_sync_channel_write_local_C5_19                                           |        or|   0|  0|   2|           1|           1|
    |ap_sync_channel_write_local_C5_2                                            |        or|   0|  0|   2|           1|           1|
    |ap_sync_channel_write_local_C5_20                                           |        or|   0|  0|   2|           1|           1|
    |ap_sync_channel_write_local_C5_21                                           |        or|   0|  0|   2|           1|           1|
    |ap_sync_channel_write_local_C5_22                                           |        or|   0|  0|   2|           1|           1|
    |ap_sync_channel_write_local_C5_23                                           |        or|   0|  0|   2|           1|           1|
    |ap_sync_channel_write_local_C5_24                                           |        or|   0|  0|   2|           1|           1|
    |ap_sync_channel_write_local_C5_25                                           |        or|   0|  0|   2|           1|           1|
    |ap_sync_channel_write_local_C5_26                                           |        or|   0|  0|   2|           1|           1|
    |ap_sync_channel_write_local_C5_27                                           |        or|   0|  0|   2|           1|           1|
    |ap_sync_channel_write_local_C5_28                                           |        or|   0|  0|   2|           1|           1|
    |ap_sync_channel_write_local_C5_29                                           |        or|   0|  0|   2|           1|           1|
    |ap_sync_channel_write_local_C5_3                                            |        or|   0|  0|   2|           1|           1|
    |ap_sync_channel_write_local_C5_30                                           |        or|   0|  0|   2|           1|           1|
    |ap_sync_channel_write_local_C5_31                                           |        or|   0|  0|   2|           1|           1|
    |ap_sync_channel_write_local_C5_32                                           |        or|   0|  0|   2|           1|           1|
    |ap_sync_channel_write_local_C5_33                                           |        or|   0|  0|   2|           1|           1|
    |ap_sync_channel_write_local_C5_34                                           |        or|   0|  0|   2|           1|           1|
    |ap_sync_channel_write_local_C5_35                                           |        or|   0|  0|   2|           1|           1|
    |ap_sync_channel_write_local_C5_36                                           |        or|   0|  0|   2|           1|           1|
    |ap_sync_channel_write_local_C5_37                                           |        or|   0|  0|   2|           1|           1|
    |ap_sync_channel_write_local_C5_38                                           |        or|   0|  0|   2|           1|           1|
    |ap_sync_channel_write_local_C5_39                                           |        or|   0|  0|   2|           1|           1|
    |ap_sync_channel_write_local_C5_4                                            |        or|   0|  0|   2|           1|           1|
    |ap_sync_channel_write_local_C5_40                                           |        or|   0|  0|   2|           1|           1|
    |ap_sync_channel_write_local_C5_41                                           |        or|   0|  0|   2|           1|           1|
    |ap_sync_channel_write_local_C5_42                                           |        or|   0|  0|   2|           1|           1|
    |ap_sync_channel_write_local_C5_43                                           |        or|   0|  0|   2|           1|           1|
    |ap_sync_channel_write_local_C5_44                                           |        or|   0|  0|   2|           1|           1|
    |ap_sync_channel_write_local_C5_45                                           |        or|   0|  0|   2|           1|           1|
    |ap_sync_channel_write_local_C5_46                                           |        or|   0|  0|   2|           1|           1|
    |ap_sync_channel_write_local_C5_47                                           |        or|   0|  0|   2|           1|           1|
    |ap_sync_channel_write_local_C5_48                                           |        or|   0|  0|   2|           1|           1|
    |ap_sync_channel_write_local_C5_49                                           |        or|   0|  0|   2|           1|           1|
    |ap_sync_channel_write_local_C5_5                                            |        or|   0|  0|   2|           1|           1|
    |ap_sync_channel_write_local_C5_50                                           |        or|   0|  0|   2|           1|           1|
    |ap_sync_channel_write_local_C5_51                                           |        or|   0|  0|   2|           1|           1|
    |ap_sync_channel_write_local_C5_52                                           |        or|   0|  0|   2|           1|           1|
    |ap_sync_channel_write_local_C5_53                                           |        or|   0|  0|   2|           1|           1|
    |ap_sync_channel_write_local_C5_54                                           |        or|   0|  0|   2|           1|           1|
    |ap_sync_channel_write_local_C5_55                                           |        or|   0|  0|   2|           1|           1|
    |ap_sync_channel_write_local_C5_56                                           |        or|   0|  0|   2|           1|           1|
    |ap_sync_channel_write_local_C5_57                                           |        or|   0|  0|   2|           1|           1|
    |ap_sync_channel_write_local_C5_58                                           |        or|   0|  0|   2|           1|           1|
    |ap_sync_channel_write_local_C5_59                                           |        or|   0|  0|   2|           1|           1|
    |ap_sync_channel_write_local_C5_6                                            |        or|   0|  0|   2|           1|           1|
    |ap_sync_channel_write_local_C5_60                                           |        or|   0|  0|   2|           1|           1|
    |ap_sync_channel_write_local_C5_61                                           |        or|   0|  0|   2|           1|           1|
    |ap_sync_channel_write_local_C5_62                                           |        or|   0|  0|   2|           1|           1|
    |ap_sync_channel_write_local_C5_63                                           |        or|   0|  0|   2|           1|           1|
    |ap_sync_channel_write_local_C5_7                                            |        or|   0|  0|   2|           1|           1|
    |ap_sync_channel_write_local_C5_8                                            |        or|   0|  0|   2|           1|           1|
    |ap_sync_channel_write_local_C5_9                                            |        or|   0|  0|   2|           1|           1|
    |ap_sync_dataflow_in_loop_l_ni5_Loop_l_load_A_tile_ak5_proc5230_U0_ap_ready  |        or|   0|  0|   2|           1|           1|
    |ap_sync_dataflow_in_loop_l_ni5_Loop_l_load_B_tile_bk5_proc5331_U0_ap_ready  |        or|   0|  0|   2|           1|           1|
    +----------------------------------------------------------------------------+----------+----+---+----+------------+------------+
    |Total                                                                       |          |   0|  0| 342|         171|         171|
    +----------------------------------------------------------------------------+----------+----+---+----+------------+------------+

    * Multiplexer: 
    +--------------------------------------------------------------------------------+----+-----------+-----+-----------+
    |                                      Name                                      | LUT| Input Size| Bits| Total Bits|
    +--------------------------------------------------------------------------------+----+-----------+-----+-----------+
    |ap_sync_reg_channel_write_local_A5                                              |   9|          2|    1|          2|
    |ap_sync_reg_channel_write_local_A5_1                                            |   9|          2|    1|          2|
    |ap_sync_reg_channel_write_local_A5_2                                            |   9|          2|    1|          2|
    |ap_sync_reg_channel_write_local_A5_3                                            |   9|          2|    1|          2|
    |ap_sync_reg_channel_write_local_A5_4                                            |   9|          2|    1|          2|
    |ap_sync_reg_channel_write_local_A5_5                                            |   9|          2|    1|          2|
    |ap_sync_reg_channel_write_local_A5_6                                            |   9|          2|    1|          2|
    |ap_sync_reg_channel_write_local_A5_7                                            |   9|          2|    1|          2|
    |ap_sync_reg_channel_write_local_B5                                              |   9|          2|    1|          2|
    |ap_sync_reg_channel_write_local_B5_1                                            |   9|          2|    1|          2|
    |ap_sync_reg_channel_write_local_B5_2                                            |   9|          2|    1|          2|
    |ap_sync_reg_channel_write_local_B5_3                                            |   9|          2|    1|          2|
    |ap_sync_reg_channel_write_local_B5_4                                            |   9|          2|    1|          2|
    |ap_sync_reg_channel_write_local_B5_5                                            |   9|          2|    1|          2|
    |ap_sync_reg_channel_write_local_B5_6                                            |   9|          2|    1|          2|
    |ap_sync_reg_channel_write_local_B5_7                                            |   9|          2|    1|          2|
    |ap_sync_reg_channel_write_local_C5                                              |   9|          2|    1|          2|
    |ap_sync_reg_channel_write_local_C5_1                                            |   9|          2|    1|          2|
    |ap_sync_reg_channel_write_local_C5_10                                           |   9|          2|    1|          2|
    |ap_sync_reg_channel_write_local_C5_11                                           |   9|          2|    1|          2|
    |ap_sync_reg_channel_write_local_C5_12                                           |   9|          2|    1|          2|
    |ap_sync_reg_channel_write_local_C5_13                                           |   9|          2|    1|          2|
    |ap_sync_reg_channel_write_local_C5_14                                           |   9|          2|    1|          2|
    |ap_sync_reg_channel_write_local_C5_15                                           |   9|          2|    1|          2|
    |ap_sync_reg_channel_write_local_C5_16                                           |   9|          2|    1|          2|
    |ap_sync_reg_channel_write_local_C5_17                                           |   9|          2|    1|          2|
    |ap_sync_reg_channel_write_local_C5_18                                           |   9|          2|    1|          2|
    |ap_sync_reg_channel_write_local_C5_19                                           |   9|          2|    1|          2|
    |ap_sync_reg_channel_write_local_C5_2                                            |   9|          2|    1|          2|
    |ap_sync_reg_channel_write_local_C5_20                                           |   9|          2|    1|          2|
    |ap_sync_reg_channel_write_local_C5_21                                           |   9|          2|    1|          2|
    |ap_sync_reg_channel_write_local_C5_22                                           |   9|          2|    1|          2|
    |ap_sync_reg_channel_write_local_C5_23                                           |   9|          2|    1|          2|
    |ap_sync_reg_channel_write_local_C5_24                                           |   9|          2|    1|          2|
    |ap_sync_reg_channel_write_local_C5_25                                           |   9|          2|    1|          2|
    |ap_sync_reg_channel_write_local_C5_26                                           |   9|          2|    1|          2|
    |ap_sync_reg_channel_write_local_C5_27                                           |   9|          2|    1|          2|
    |ap_sync_reg_channel_write_local_C5_28                                           |   9|          2|    1|          2|
    |ap_sync_reg_channel_write_local_C5_29                                           |   9|          2|    1|          2|
    |ap_sync_reg_channel_write_local_C5_3                                            |   9|          2|    1|          2|
    |ap_sync_reg_channel_write_local_C5_30                                           |   9|          2|    1|          2|
    |ap_sync_reg_channel_write_local_C5_31                                           |   9|          2|    1|          2|
    |ap_sync_reg_channel_write_local_C5_32                                           |   9|          2|    1|          2|
    |ap_sync_reg_channel_write_local_C5_33                                           |   9|          2|    1|          2|
    |ap_sync_reg_channel_write_local_C5_34                                           |   9|          2|    1|          2|
    |ap_sync_reg_channel_write_local_C5_35                                           |   9|          2|    1|          2|
    |ap_sync_reg_channel_write_local_C5_36                                           |   9|          2|    1|          2|
    |ap_sync_reg_channel_write_local_C5_37                                           |   9|          2|    1|          2|
    |ap_sync_reg_channel_write_local_C5_38                                           |   9|          2|    1|          2|
    |ap_sync_reg_channel_write_local_C5_39                                           |   9|          2|    1|          2|
    |ap_sync_reg_channel_write_local_C5_4                                            |   9|          2|    1|          2|
    |ap_sync_reg_channel_write_local_C5_40                                           |   9|          2|    1|          2|
    |ap_sync_reg_channel_write_local_C5_41                                           |   9|          2|    1|          2|
    |ap_sync_reg_channel_write_local_C5_42                                           |   9|          2|    1|          2|
    |ap_sync_reg_channel_write_local_C5_43                                           |   9|          2|    1|          2|
    |ap_sync_reg_channel_write_local_C5_44                                           |   9|          2|    1|          2|
    |ap_sync_reg_channel_write_local_C5_45                                           |   9|          2|    1|          2|
    |ap_sync_reg_channel_write_local_C5_46                                           |   9|          2|    1|          2|
    |ap_sync_reg_channel_write_local_C5_47                                           |   9|          2|    1|          2|
    |ap_sync_reg_channel_write_local_C5_48                                           |   9|          2|    1|          2|
    |ap_sync_reg_channel_write_local_C5_49                                           |   9|          2|    1|          2|
    |ap_sync_reg_channel_write_local_C5_5                                            |   9|          2|    1|          2|
    |ap_sync_reg_channel_write_local_C5_50                                           |   9|          2|    1|          2|
    |ap_sync_reg_channel_write_local_C5_51                                           |   9|          2|    1|          2|
    |ap_sync_reg_channel_write_local_C5_52                                           |   9|          2|    1|          2|
    |ap_sync_reg_channel_write_local_C5_53                                           |   9|          2|    1|          2|
    |ap_sync_reg_channel_write_local_C5_54                                           |   9|          2|    1|          2|
    |ap_sync_reg_channel_write_local_C5_55                                           |   9|          2|    1|          2|
    |ap_sync_reg_channel_write_local_C5_56                                           |   9|          2|    1|          2|
    |ap_sync_reg_channel_write_local_C5_57                                           |   9|          2|    1|          2|
    |ap_sync_reg_channel_write_local_C5_58                                           |   9|          2|    1|          2|
    |ap_sync_reg_channel_write_local_C5_59                                           |   9|          2|    1|          2|
    |ap_sync_reg_channel_write_local_C5_6                                            |   9|          2|    1|          2|
    |ap_sync_reg_channel_write_local_C5_60                                           |   9|          2|    1|          2|
    |ap_sync_reg_channel_write_local_C5_61                                           |   9|          2|    1|          2|
    |ap_sync_reg_channel_write_local_C5_62                                           |   9|          2|    1|          2|
    |ap_sync_reg_channel_write_local_C5_63                                           |   9|          2|    1|          2|
    |ap_sync_reg_channel_write_local_C5_7                                            |   9|          2|    1|          2|
    |ap_sync_reg_channel_write_local_C5_8                                            |   9|          2|    1|          2|
    |ap_sync_reg_channel_write_local_C5_9                                            |   9|          2|    1|          2|
    |ap_sync_reg_dataflow_in_loop_l_ni5_Loop_l_load_A_tile_ak5_proc5230_U0_ap_ready  |   9|          2|    1|          2|
    |ap_sync_reg_dataflow_in_loop_l_ni5_Loop_l_load_B_tile_bk5_proc5331_U0_ap_ready  |   9|          2|    1|          2|
    +--------------------------------------------------------------------------------+----+-----------+-----+-----------+
    |Total                                                                           | 738|        164|   82|        164|
    +--------------------------------------------------------------------------------+----+-----------+-----+-----------+

    * Register: 
    +--------------------------------------------------------------------------------+---+----+-----+-----------+
    |                                      Name                                      | FF| LUT| Bits| Const Bits|
    +--------------------------------------------------------------------------------+---+----+-----+-----------+
    |ap_sync_reg_channel_write_local_A5                                              |  1|   0|    1|          0|
    |ap_sync_reg_channel_write_local_A5_1                                            |  1|   0|    1|          0|
    |ap_sync_reg_channel_write_local_A5_2                                            |  1|   0|    1|          0|
    |ap_sync_reg_channel_write_local_A5_3                                            |  1|   0|    1|          0|
    |ap_sync_reg_channel_write_local_A5_4                                            |  1|   0|    1|          0|
    |ap_sync_reg_channel_write_local_A5_5                                            |  1|   0|    1|          0|
    |ap_sync_reg_channel_write_local_A5_6                                            |  1|   0|    1|          0|
    |ap_sync_reg_channel_write_local_A5_7                                            |  1|   0|    1|          0|
    |ap_sync_reg_channel_write_local_B5                                              |  1|   0|    1|          0|
    |ap_sync_reg_channel_write_local_B5_1                                            |  1|   0|    1|          0|
    |ap_sync_reg_channel_write_local_B5_2                                            |  1|   0|    1|          0|
    |ap_sync_reg_channel_write_local_B5_3                                            |  1|   0|    1|          0|
    |ap_sync_reg_channel_write_local_B5_4                                            |  1|   0|    1|          0|
    |ap_sync_reg_channel_write_local_B5_5                                            |  1|   0|    1|          0|
    |ap_sync_reg_channel_write_local_B5_6                                            |  1|   0|    1|          0|
    |ap_sync_reg_channel_write_local_B5_7                                            |  1|   0|    1|          0|
    |ap_sync_reg_channel_write_local_C5                                              |  1|   0|    1|          0|
    |ap_sync_reg_channel_write_local_C5_1                                            |  1|   0|    1|          0|
    |ap_sync_reg_channel_write_local_C5_10                                           |  1|   0|    1|          0|
    |ap_sync_reg_channel_write_local_C5_11                                           |  1|   0|    1|          0|
    |ap_sync_reg_channel_write_local_C5_12                                           |  1|   0|    1|          0|
    |ap_sync_reg_channel_write_local_C5_13                                           |  1|   0|    1|          0|
    |ap_sync_reg_channel_write_local_C5_14                                           |  1|   0|    1|          0|
    |ap_sync_reg_channel_write_local_C5_15                                           |  1|   0|    1|          0|
    |ap_sync_reg_channel_write_local_C5_16                                           |  1|   0|    1|          0|
    |ap_sync_reg_channel_write_local_C5_17                                           |  1|   0|    1|          0|
    |ap_sync_reg_channel_write_local_C5_18                                           |  1|   0|    1|          0|
    |ap_sync_reg_channel_write_local_C5_19                                           |  1|   0|    1|          0|
    |ap_sync_reg_channel_write_local_C5_2                                            |  1|   0|    1|          0|
    |ap_sync_reg_channel_write_local_C5_20                                           |  1|   0|    1|          0|
    |ap_sync_reg_channel_write_local_C5_21                                           |  1|   0|    1|          0|
    |ap_sync_reg_channel_write_local_C5_22                                           |  1|   0|    1|          0|
    |ap_sync_reg_channel_write_local_C5_23                                           |  1|   0|    1|          0|
    |ap_sync_reg_channel_write_local_C5_24                                           |  1|   0|    1|          0|
    |ap_sync_reg_channel_write_local_C5_25                                           |  1|   0|    1|          0|
    |ap_sync_reg_channel_write_local_C5_26                                           |  1|   0|    1|          0|
    |ap_sync_reg_channel_write_local_C5_27                                           |  1|   0|    1|          0|
    |ap_sync_reg_channel_write_local_C5_28                                           |  1|   0|    1|          0|
    |ap_sync_reg_channel_write_local_C5_29                                           |  1|   0|    1|          0|
    |ap_sync_reg_channel_write_local_C5_3                                            |  1|   0|    1|          0|
    |ap_sync_reg_channel_write_local_C5_30                                           |  1|   0|    1|          0|
    |ap_sync_reg_channel_write_local_C5_31                                           |  1|   0|    1|          0|
    |ap_sync_reg_channel_write_local_C5_32                                           |  1|   0|    1|          0|
    |ap_sync_reg_channel_write_local_C5_33                                           |  1|   0|    1|          0|
    |ap_sync_reg_channel_write_local_C5_34                                           |  1|   0|    1|          0|
    |ap_sync_reg_channel_write_local_C5_35                                           |  1|   0|    1|          0|
    |ap_sync_reg_channel_write_local_C5_36                                           |  1|   0|    1|          0|
    |ap_sync_reg_channel_write_local_C5_37                                           |  1|   0|    1|          0|
    |ap_sync_reg_channel_write_local_C5_38                                           |  1|   0|    1|          0|
    |ap_sync_reg_channel_write_local_C5_39                                           |  1|   0|    1|          0|
    |ap_sync_reg_channel_write_local_C5_4                                            |  1|   0|    1|          0|
    |ap_sync_reg_channel_write_local_C5_40                                           |  1|   0|    1|          0|
    |ap_sync_reg_channel_write_local_C5_41                                           |  1|   0|    1|          0|
    |ap_sync_reg_channel_write_local_C5_42                                           |  1|   0|    1|          0|
    |ap_sync_reg_channel_write_local_C5_43                                           |  1|   0|    1|          0|
    |ap_sync_reg_channel_write_local_C5_44                                           |  1|   0|    1|          0|
    |ap_sync_reg_channel_write_local_C5_45                                           |  1|   0|    1|          0|
    |ap_sync_reg_channel_write_local_C5_46                                           |  1|   0|    1|          0|
    |ap_sync_reg_channel_write_local_C5_47                                           |  1|   0|    1|          0|
    |ap_sync_reg_channel_write_local_C5_48                                           |  1|   0|    1|          0|
    |ap_sync_reg_channel_write_local_C5_49                                           |  1|   0|    1|          0|
    |ap_sync_reg_channel_write_local_C5_5                                            |  1|   0|    1|          0|
    |ap_sync_reg_channel_write_local_C5_50                                           |  1|   0|    1|          0|
    |ap_sync_reg_channel_write_local_C5_51                                           |  1|   0|    1|          0|
    |ap_sync_reg_channel_write_local_C5_52                                           |  1|   0|    1|          0|
    |ap_sync_reg_channel_write_local_C5_53                                           |  1|   0|    1|          0|
    |ap_sync_reg_channel_write_local_C5_54                                           |  1|   0|    1|          0|
    |ap_sync_reg_channel_write_local_C5_55                                           |  1|   0|    1|          0|
    |ap_sync_reg_channel_write_local_C5_56                                           |  1|   0|    1|          0|
    |ap_sync_reg_channel_write_local_C5_57                                           |  1|   0|    1|          0|
    |ap_sync_reg_channel_write_local_C5_58                                           |  1|   0|    1|          0|
    |ap_sync_reg_channel_write_local_C5_59                                           |  1|   0|    1|          0|
    |ap_sync_reg_channel_write_local_C5_6                                            |  1|   0|    1|          0|
    |ap_sync_reg_channel_write_local_C5_60                                           |  1|   0|    1|          0|
    |ap_sync_reg_channel_write_local_C5_61                                           |  1|   0|    1|          0|
    |ap_sync_reg_channel_write_local_C5_62                                           |  1|   0|    1|          0|
    |ap_sync_reg_channel_write_local_C5_63                                           |  1|   0|    1|          0|
    |ap_sync_reg_channel_write_local_C5_7                                            |  1|   0|    1|          0|
    |ap_sync_reg_channel_write_local_C5_8                                            |  1|   0|    1|          0|
    |ap_sync_reg_channel_write_local_C5_9                                            |  1|   0|    1|          0|
    |ap_sync_reg_dataflow_in_loop_l_ni5_Loop_l_load_A_tile_ak5_proc5230_U0_ap_ready  |  1|   0|    1|          0|
    |ap_sync_reg_dataflow_in_loop_l_ni5_Loop_l_load_B_tile_bk5_proc5331_U0_ap_ready  |  1|   0|    1|          0|
    +--------------------------------------------------------------------------------+---+----+-----+-----------+
    |Total                                                                           | 82|   0|   82|          0|
    +--------------------------------------------------------------------------------+---+----+-----+-----------+



================================================================
== Interface
================================================================
* Summary: 
+----------------+-----+-----+------------+------------------------+--------------+
|    RTL Ports   | Dir | Bits|  Protocol  |      Source Object     |    C Type    |
+----------------+-----+-----+------------+------------------------+--------------+
|ap_clk          |   in|    1|  ap_ctrl_hs|  dataflow_in_loop_l_ni5|  return value|
|ap_rst          |   in|    1|  ap_ctrl_hs|  dataflow_in_loop_l_ni5|  return value|
|ap_start        |   in|    1|  ap_ctrl_hs|  dataflow_in_loop_l_ni5|  return value|
|ap_done         |  out|    1|  ap_ctrl_hs|  dataflow_in_loop_l_ni5|  return value|
|ap_ready        |  out|    1|  ap_ctrl_hs|  dataflow_in_loop_l_ni5|  return value|
|ap_idle         |  out|    1|  ap_ctrl_hs|  dataflow_in_loop_l_ni5|  return value|
|ap_continue     |   in|    1|  ap_ctrl_hs|  dataflow_in_loop_l_ni5|  return value|
|ni5             |   in|    4|     ap_none|                     ni5|        scalar|
|ni5_ap_vld      |   in|    1|     ap_none|                     ni5|        scalar|
|mi5             |   in|    7|     ap_none|                     mi5|        scalar|
|mi5_ap_vld      |   in|    1|     ap_none|                     mi5|        scalar|
|v8547_address0  |  out|   16|   ap_memory|                   v8547|         array|
|v8547_ce0       |  out|    1|   ap_memory|                   v8547|         array|
|v8547_d0        |  out|   32|   ap_memory|                   v8547|         array|
|v8547_q0        |   in|   32|   ap_memory|                   v8547|         array|
|v8547_we0       |  out|    1|   ap_memory|                   v8547|         array|
|v8547_address1  |  out|   16|   ap_memory|                   v8547|         array|
|v8547_ce1       |  out|    1|   ap_memory|                   v8547|         array|
|v8547_d1        |  out|   32|   ap_memory|                   v8547|         array|
|v8547_q1        |   in|   32|   ap_memory|                   v8547|         array|
|v8547_we1       |  out|    1|   ap_memory|                   v8547|         array|
|v8546_address0  |  out|   16|   ap_memory|                   v8546|         array|
|v8546_ce0       |  out|    1|   ap_memory|                   v8546|         array|
|v8546_d0        |  out|   32|   ap_memory|                   v8546|         array|
|v8546_q0        |   in|   32|   ap_memory|                   v8546|         array|
|v8546_we0       |  out|    1|   ap_memory|                   v8546|         array|
|v8546_address1  |  out|   16|   ap_memory|                   v8546|         array|
|v8546_ce1       |  out|    1|   ap_memory|                   v8546|         array|
|v8546_d1        |  out|   32|   ap_memory|                   v8546|         array|
|v8546_q1        |   in|   32|   ap_memory|                   v8546|         array|
|v8546_we1       |  out|    1|   ap_memory|                   v8546|         array|
|v8545_address0  |  out|   20|   ap_memory|                   v8545|         array|
|v8545_ce0       |  out|    1|   ap_memory|                   v8545|         array|
|v8545_d0        |  out|   32|   ap_memory|                   v8545|         array|
|v8545_q0        |   in|   32|   ap_memory|                   v8545|         array|
|v8545_we0       |  out|    1|   ap_memory|                   v8545|         array|
|v8545_address1  |  out|   20|   ap_memory|                   v8545|         array|
|v8545_ce1       |  out|    1|   ap_memory|                   v8545|         array|
|v8545_d1        |  out|   32|   ap_memory|                   v8545|         array|
|v8545_q1        |   in|   32|   ap_memory|                   v8545|         array|
|v8545_we1       |  out|    1|   ap_memory|                   v8545|         array|
+----------------+-----+-----+------------+------------------------+--------------+

