

================================================================
== Vitis HLS Report for 'layer_norm_Pipeline_l_sum_i2_l_j1'
================================================================
* Date:           Wed Feb  5 22:35:28 2025

* Version:        2023.2 (Build 4023990 on Oct 11 2023)
* Project:        DitBlock
* Solution:       hls (Vivado IP Flow Target)
* Product family: virtexuplusHBM
* Target device:  xcu280-fsvh2892-2L-e


================================================================
== Performance Estimates
================================================================
+ Timing: 
    * Summary: 
    +--------+----------+----------+------------+
    |  Clock |  Target  | Estimated| Uncertainty|
    +--------+----------+----------+------------+
    |ap_clk  |  10.00 ns|  6.536 ns|     2.70 ns|
    +--------+----------+----------+------------+

+ Latency: 
    * Summary: 
    +---------+---------+-----------+-----------+---------+---------+---------+
    |  Latency (cycles) |   Latency (absolute)  |      Interval     | Pipeline|
    |   min   |   max   |    min    |    max    |   min   |   max   |   Type  |
    +---------+---------+-----------+-----------+---------+---------+---------+
    |  1048584|  1048584|  10.486 ms|  10.486 ms|  1048584|  1048584|       no|
    +---------+---------+-----------+-----------+---------+---------+---------+

    + Detail: 
        * Instance: 
        N/A

        * Loop: 
        +-----------------+---------+---------+----------+-----------+-----------+--------+----------+
        |                 |  Latency (cycles) | Iteration|  Initiation Interval  |  Trip  |          |
        |    Loop Name    |   min   |   max   |  Latency |  achieved |   target  |  Count | Pipelined|
        +-----------------+---------+---------+----------+-----------+-----------+--------+----------+
        |- l_sum_i2_l_j1  |  1048582|  1048582|         9|          2|          1|  524288|       yes|
        +-----------------+---------+---------+----------+-----------+-----------+--------+----------+



================================================================
== Utilization Estimates
================================================================
* Summary: 
+---------------------+---------+------+---------+---------+-----+
|         Name        | BRAM_18K|  DSP |    FF   |   LUT   | URAM|
+---------------------+---------+------+---------+---------+-----+
|DSP                  |        -|     -|        -|        -|    -|
|Expression           |        -|     -|        0|      177|    -|
|FIFO                 |        -|     -|        -|        -|    -|
|Instance             |        -|     -|        -|        -|    -|
|Memory               |        -|     -|        -|        -|    -|
|Multiplexer          |        -|     -|        -|      165|    -|
|Register             |        -|     -|      620|      160|    -|
+---------------------+---------+------+---------+---------+-----+
|Total                |        0|     0|      620|      502|    0|
+---------------------+---------+------+---------+---------+-----+
|Available SLR        |     1344|  3008|   869120|   434560|  320|
+---------------------+---------+------+---------+---------+-----+
|Utilization SLR (%)  |        0|     0|       ~0|       ~0|    0|
+---------------------+---------+------+---------+---------+-----+
|Available            |     4032|  9024|  2607360|  1303680|  960|
+---------------------+---------+------+---------+---------+-----+
|Utilization (%)      |        0|     0|       ~0|       ~0|    0|
+---------------------+---------+------+---------+---------+-----+

+ Detail: 
    * Instance: 
    N/A

    * DSP: 
    N/A

    * Memory: 
    N/A

    * FIFO: 
    N/A

    * Expression: 
    +--------------------------+----------+----+---+----+------------+------------+
    |       Variable Name      | Operation| DSP| FF| LUT| Bitwidth P0| Bitwidth P1|
    +--------------------------+----------+----+---+----+------------+------------+
    |add_ln625_1_fu_170_p2     |         +|   0|  0|  27|          20|           1|
    |add_ln625_fu_182_p2       |         +|   0|  0|  18|          11|           1|
    |add_ln626_fu_249_p2       |         +|   0|  0|  17|          10|           1|
    |add_ln627_fu_238_p2       |         +|   0|  0|  26|          19|          19|
    |icmp_ln625_fu_164_p2      |      icmp|   0|  0|  28|          20|          21|
    |icmp_ln626_1_fu_255_p2    |      icmp|   0|  0|  18|          10|          11|
    |icmp_ln626_fu_188_p2      |      icmp|   0|  0|  18|          10|          11|
    |or_ln625_fu_194_p2        |        or|   0|  0|   2|           1|           1|
    |select_ln625_1_fu_208_p3  |    select|   0|  0|  11|           1|          11|
    |select_ln625_fu_200_p3    |    select|   0|  0|  10|           1|           1|
    |ap_enable_pp0             |       xor|   0|  0|   2|           1|           2|
    +--------------------------+----------+----+---+----+------------+------------+
    |Total                     |          |   0|  0| 177|         104|          80|
    +--------------------------+----------+----+---+----+------------+------------+

    * Multiplexer: 
    +---------------------------------------+----+-----------+-----+-----------+
    |                  Name                 | LUT| Input Size| Bits| Total Bits|
    +---------------------------------------+----+-----------+-----+-----------+
    |ap_NS_fsm                              |  14|          3|    1|          3|
    |ap_done_int                            |   9|          2|    1|          2|
    |ap_enable_reg_pp0_iter0                |   9|          2|    1|          2|
    |ap_enable_reg_pp0_iter1                |   9|          2|    1|          2|
    |ap_phi_mux_first_iter_0_phi_fu_124_p4  |   9|          2|    1|          2|
    |ap_sig_allocacmp_v274_load             |  14|          3|   32|         96|
    |ap_sig_allocacmp_v278_load             |  14|          3|   32|         96|
    |grp_fu_132_p0                          |  14|          3|   32|         96|
    |grp_fu_132_p1                          |  14|          3|   32|         96|
    |i2_fu_62                               |   9|          2|   11|         22|
    |indvar_flatten_fu_66                   |   9|          2|   20|         40|
    |j1_fu_58                               |   9|          2|   10|         20|
    |mean_address0                          |  14|          3|   10|         30|
    |v274_fu_70                             |   9|          2|   32|         64|
    |v278_fu_74                             |   9|          2|   32|         64|
    +---------------------------------------+----+-----------+-----+-----------+
    |Total                                  | 165|         36|  248|        635|
    +---------------------------------------+----+-----------+-----+-----------+

    * Register: 
    +----------------------------------+----+----+-----+-----------+
    |               Name               | FF | LUT| Bits| Const Bits|
    +----------------------------------+----+----+-----+-----------+
    |ap_CS_fsm                         |   2|   0|    2|          0|
    |ap_done_reg                       |   1|   0|    1|          0|
    |ap_enable_reg_pp0_iter0_reg       |   1|   0|    1|          0|
    |ap_enable_reg_pp0_iter1           |   1|   0|    1|          0|
    |ap_enable_reg_pp0_iter2           |   1|   0|    1|          0|
    |ap_enable_reg_pp0_iter3           |   1|   0|    1|          0|
    |ap_enable_reg_pp0_iter4           |   1|   0|    1|          0|
    |ap_loop_exit_ready_pp0_iter1_reg  |   1|   0|    1|          0|
    |ap_loop_exit_ready_pp0_iter2_reg  |   1|   0|    1|          0|
    |ap_loop_exit_ready_pp0_iter3_reg  |   1|   0|    1|          0|
    |first_iter_0_reg_120              |   1|   0|    1|          0|
    |i2_fu_62                          |  11|   0|   11|          0|
    |icmp_ln625_reg_337                |   1|   0|    1|          0|
    |icmp_ln626_1_reg_361              |   1|   0|    1|          0|
    |indvar_flatten_fu_66              |  20|   0|   20|          0|
    |j1_fu_58                          |  10|   0|   10|          0|
    |mean2_addr_reg_350                |  10|   0|   10|          0|
    |mean2_load_reg_382                |  32|   0|   32|          0|
    |mean_addr_reg_345                 |  10|   0|   10|          0|
    |mean_load_reg_365                 |  32|   0|   32|          0|
    |or_ln625_reg_341                  |   1|   0|    1|          0|
    |reg_140                           |  32|   0|   32|          0|
    |v273_reg_370                      |  32|   0|   32|          0|
    |v274_fu_70                        |  32|   0|   32|          0|
    |v277_reg_387                      |  32|   0|   32|          0|
    |v278_fu_74                        |  32|   0|   32|          0|
    |icmp_ln625_reg_337                |  64|  32|    1|          0|
    |icmp_ln626_1_reg_361              |  64|  32|    1|          0|
    |mean2_addr_reg_350                |  64|  32|   10|          0|
    |mean_addr_reg_345                 |  64|  32|   10|          0|
    |or_ln625_reg_341                  |  64|  32|    1|          0|
    +----------------------------------+----+----+-----+-----------+
    |Total                             | 620| 160|  323|          0|
    +----------------------------------+----+----+-----+-----------+



================================================================
== Interface
================================================================
* Summary: 
+---------------------+-----+-----+------------+-----------------------------------+--------------+
|      RTL Ports      | Dir | Bits|  Protocol  |           Source Object           |    C Type    |
+---------------------+-----+-----+------------+-----------------------------------+--------------+
|ap_clk               |   in|    1|  ap_ctrl_hs|  layer_norm_Pipeline_l_sum_i2_l_j1|  return value|
|ap_rst               |   in|    1|  ap_ctrl_hs|  layer_norm_Pipeline_l_sum_i2_l_j1|  return value|
|ap_start             |   in|    1|  ap_ctrl_hs|  layer_norm_Pipeline_l_sum_i2_l_j1|  return value|
|ap_done              |  out|    1|  ap_ctrl_hs|  layer_norm_Pipeline_l_sum_i2_l_j1|  return value|
|ap_idle              |  out|    1|  ap_ctrl_hs|  layer_norm_Pipeline_l_sum_i2_l_j1|  return value|
|ap_ready             |  out|    1|  ap_ctrl_hs|  layer_norm_Pipeline_l_sum_i2_l_j1|  return value|
|grp_fu_247_p_din0    |  out|   32|  ap_ctrl_hs|  layer_norm_Pipeline_l_sum_i2_l_j1|  return value|
|grp_fu_247_p_din1    |  out|   32|  ap_ctrl_hs|  layer_norm_Pipeline_l_sum_i2_l_j1|  return value|
|grp_fu_247_p_opcode  |  out|    1|  ap_ctrl_hs|  layer_norm_Pipeline_l_sum_i2_l_j1|  return value|
|grp_fu_247_p_dout0   |   in|   32|  ap_ctrl_hs|  layer_norm_Pipeline_l_sum_i2_l_j1|  return value|
|grp_fu_247_p_ce      |  out|    1|  ap_ctrl_hs|  layer_norm_Pipeline_l_sum_i2_l_j1|  return value|
|grp_fu_251_p_din0    |  out|   32|  ap_ctrl_hs|  layer_norm_Pipeline_l_sum_i2_l_j1|  return value|
|grp_fu_251_p_din1    |  out|   32|  ap_ctrl_hs|  layer_norm_Pipeline_l_sum_i2_l_j1|  return value|
|grp_fu_251_p_dout0   |   in|   32|  ap_ctrl_hs|  layer_norm_Pipeline_l_sum_i2_l_j1|  return value|
|grp_fu_251_p_ce      |  out|    1|  ap_ctrl_hs|  layer_norm_Pipeline_l_sum_i2_l_j1|  return value|
|v262_address0        |  out|   19|   ap_memory|                               v262|         array|
|v262_ce0             |  out|    1|   ap_memory|                               v262|         array|
|v262_q0              |   in|   32|   ap_memory|                               v262|         array|
|mean_address0        |  out|   10|   ap_memory|                               mean|         array|
|mean_ce0             |  out|    1|   ap_memory|                               mean|         array|
|mean_we0             |  out|    1|   ap_memory|                               mean|         array|
|mean_d0              |  out|   32|   ap_memory|                               mean|         array|
|mean_q0              |   in|   32|   ap_memory|                               mean|         array|
|mean2_address0       |  out|   10|   ap_memory|                              mean2|         array|
|mean2_ce0            |  out|    1|   ap_memory|                              mean2|         array|
|mean2_we0            |  out|    1|   ap_memory|                              mean2|         array|
|mean2_d0             |  out|   32|   ap_memory|                              mean2|         array|
|mean2_address1       |  out|   10|   ap_memory|                              mean2|         array|
|mean2_ce1            |  out|    1|   ap_memory|                              mean2|         array|
|mean2_q1             |   in|   32|   ap_memory|                              mean2|         array|
+---------------------+-----+-----+------------+-----------------------------------+--------------+

