

================================================================
== Vitis HLS Report for 'PE_kernel_Q_3_6_1'
================================================================
* Date:           Wed Feb  5 22:35:43 2025

* Version:        2023.2 (Build 4023990 on Oct 11 2023)
* Project:        DitBlock
* Solution:       hls (Vivado IP Flow Target)
* Product family: virtexuplusHBM
* Target device:  xcu280-fsvh2892-2L-e


================================================================
== Performance Estimates
================================================================
+ Timing: 
    * Summary: 
    +--------+----------+----------+------------+
    |  Clock |  Target  | Estimated| Uncertainty|
    +--------+----------+----------+------------+
    |ap_clk  |  10.00 ns|  6.536 ns|     2.70 ns|
    +--------+----------+----------+------------+

+ Latency: 
    * Summary: 
    +---------+---------+-----------+-----------+------+------+---------+
    |  Latency (cycles) |   Latency (absolute)  |   Interval  | Pipeline|
    |   min   |   max   |    min    |    max    |  min |  max |   Type  |
    +---------+---------+-----------+-----------+------+------+---------+
    |     1029|     1029|  10.290 us|  10.290 us|  1029|  1029|       no|
    +---------+---------+-----------+-----------+------+------+---------+

    + Detail: 
        * Instance: 
        N/A

        * Loop: 
        +---------------+---------+---------+----------+-----------+-----------+------+----------+
        |               |  Latency (cycles) | Iteration|  Initiation Interval  | Trip |          |
        |   Loop Name   |   min   |   max   |  Latency |  achieved |   target  | Count| Pipelined|
        +---------------+---------+---------+----------+-----------+-----------+------+----------+
        |- l_S_k_0_k61  |     1027|     1027|         6|          2|          1|   512|       yes|
        +---------------+---------+---------+----------+-----------+-----------+------+----------+



================================================================
== Utilization Estimates
================================================================
* Summary: 
+---------------------+---------+------+---------+---------+-----+
|         Name        | BRAM_18K|  DSP |    FF   |   LUT   | URAM|
+---------------------+---------+------+---------+---------+-----+
|DSP                  |        -|     -|        -|        -|    -|
|Expression           |        -|     -|        0|       47|    -|
|FIFO                 |        -|     -|        -|        -|    -|
|Instance             |        -|     5|      305|      303|    -|
|Memory               |        -|     -|        -|        -|    -|
|Multiplexer          |        -|     -|        -|      150|    -|
|Register             |        -|     -|      127|        -|    -|
+---------------------+---------+------+---------+---------+-----+
|Total                |        0|     5|      432|      500|    0|
+---------------------+---------+------+---------+---------+-----+
|Available SLR        |     1344|  3008|   869120|   434560|  320|
+---------------------+---------+------+---------+---------+-----+
|Utilization SLR (%)  |        0|    ~0|       ~0|       ~0|    0|
+---------------------+---------+------+---------+---------+-----+
|Available            |     4032|  9024|  2607360|  1303680|  960|
+---------------------+---------+------+---------+---------+-----+
|Utilization (%)      |        0|    ~0|       ~0|       ~0|    0|
+---------------------+---------+------+---------+---------+-----+

+ Detail: 
    * Instance: 
    +-------------------------------------+--------------------------------+---------+----+-----+-----+-----+
    |               Instance              |             Module             | BRAM_18K| DSP|  FF | LUT | URAM|
    +-------------------------------------+--------------------------------+---------+----+-----+-----+-----+
    |fadd_32ns_32ns_32_3_full_dsp_1_U660  |fadd_32ns_32ns_32_3_full_dsp_1  |        0|   2|  177|  226|    0|
    |fmul_32ns_32ns_32_2_max_dsp_1_U661   |fmul_32ns_32ns_32_2_max_dsp_1   |        0|   3|  128|   77|    0|
    +-------------------------------------+--------------------------------+---------+----+-----+-----+-----+
    |Total                                |                                |        0|   5|  305|  303|    0|
    +-------------------------------------+--------------------------------+---------+----+-----+-----+-----+

    * DSP: 
    N/A

    * Memory: 
    N/A

    * FIFO: 
    N/A

    * Expression: 
    +----------------------------------+----------+----+---+----+------------+------------+
    |           Variable Name          | Operation| DSP| FF| LUT| Bitwidth P0| Bitwidth P1|
    +----------------------------------+----------+----+---+----+------------+------------+
    |k61_2_fu_116_p2                   |         +|   0|  0|  17|          10|           1|
    |ap_block_pp0_stage1_01001         |       and|   0|  0|   2|           1|           1|
    |ap_condition_269                  |       and|   0|  0|   2|           1|           1|
    |ap_condition_272                  |       and|   0|  0|   2|           1|           1|
    |icmp_ln2748_fu_110_p2             |      icmp|   0|  0|  18|          10|          11|
    |ap_block_pp0_stage0_11001         |        or|   0|  0|   2|           1|           1|
    |ap_block_state2_pp0_stage1_iter0  |        or|   0|  0|   2|           1|           1|
    |ap_enable_pp0                     |       xor|   0|  0|   2|           1|           2|
    +----------------------------------+----------+----+---+----+------------+------------+
    |Total                             |          |   0|  0|  47|          26|          19|
    +----------------------------------+----------+----+---+----+------------+------------+

    * Multiplexer: 
    +-------------------------------+----+-----------+-----+-----------+
    |              Name             | LUT| Input Size| Bits| Total Bits|
    +-------------------------------+----+-----------+-----+-----------+
    |A_fifo1_6_3_blk_n              |   9|          2|    1|          2|
    |A_fifo1_6_4_blk_n              |   9|          2|    1|          2|
    |B_fifo1_3_6_blk_n              |   9|          2|    1|          2|
    |B_fifo1_3_7_blk_n              |   9|          2|    1|          2|
    |ap_NS_fsm                      |  14|          3|    1|          3|
    |ap_done_int                    |   9|          2|    1|          2|
    |ap_enable_reg_pp0_iter0        |   9|          2|    1|          2|
    |ap_enable_reg_pp0_iter1        |   9|          2|    1|          2|
    |ap_sig_allocacmp_k61_1         |   9|          2|   10|         20|
    |ap_sig_allocacmp_v1401_load    |  14|          3|   32|         96|
    |ap_sig_allocacmp_v1401_load_1  |  14|          3|   32|         96|
    |k61_fu_50                      |   9|          2|   10|         20|
    |real_start                     |   9|          2|    1|          2|
    |v1389_6_3                      |   9|          2|   32|         64|
    |v1401_fu_46                    |   9|          2|   32|         64|
    +-------------------------------+----+-----------+-----+-----------+
    |Total                          | 150|         33|  157|        379|
    +-------------------------------+----+-----------+-----+-----------+

    * Register: 
    +-----------------------------------+----+----+-----+-----------+
    |                Name               | FF | LUT| Bits| Const Bits|
    +-----------------------------------+----+----+-----+-----------+
    |ap_CS_fsm                          |   2|   0|    2|          0|
    |ap_done_reg                        |   1|   0|    1|          0|
    |ap_enable_reg_pp0_iter0_reg        |   1|   0|    1|          0|
    |ap_enable_reg_pp0_iter1            |   1|   0|    1|          0|
    |ap_enable_reg_pp0_iter2            |   1|   0|    1|          0|
    |ap_loop_exit_ready_pp0_iter1_reg   |   1|   0|    1|          0|
    |ap_loop_init_pp0_iter1_reg         |   1|   0|    1|          0|
    |icmp_ln2748_reg_164                |   1|   0|    1|          0|
    |icmp_ln2748_reg_164_pp0_iter1_reg  |   1|   0|    1|          0|
    |k61_2_reg_168                      |  10|   0|   10|          0|
    |k61_fu_50                          |  10|   0|   10|          0|
    |start_once_reg                     |   1|   0|    1|          0|
    |v1389_6_3_preg                     |  32|   0|   32|          0|
    |v1400_reg_183                      |  32|   0|   32|          0|
    |v1401_fu_46                        |  32|   0|   32|          0|
    +-----------------------------------+----+----+-----+-----------+
    |Total                              | 127|   0|  127|          0|
    +-----------------------------------+----+----+-----+-----------+



================================================================
== Interface
================================================================
* Summary: 
+----------------------------+-----+-----+------------+-------------------+--------------+
|          RTL Ports         | Dir | Bits|  Protocol  |   Source Object   |    C Type    |
+----------------------------+-----+-----+------------+-------------------+--------------+
|ap_clk                      |   in|    1|  ap_ctrl_hs|  PE_kernel_Q_3_6.1|  return value|
|ap_rst                      |   in|    1|  ap_ctrl_hs|  PE_kernel_Q_3_6.1|  return value|
|ap_start                    |   in|    1|  ap_ctrl_hs|  PE_kernel_Q_3_6.1|  return value|
|start_full_n                |   in|    1|  ap_ctrl_hs|  PE_kernel_Q_3_6.1|  return value|
|ap_done                     |  out|    1|  ap_ctrl_hs|  PE_kernel_Q_3_6.1|  return value|
|ap_continue                 |   in|    1|  ap_ctrl_hs|  PE_kernel_Q_3_6.1|  return value|
|ap_idle                     |  out|    1|  ap_ctrl_hs|  PE_kernel_Q_3_6.1|  return value|
|ap_ready                    |  out|    1|  ap_ctrl_hs|  PE_kernel_Q_3_6.1|  return value|
|start_out                   |  out|    1|  ap_ctrl_hs|  PE_kernel_Q_3_6.1|  return value|
|start_write                 |  out|    1|  ap_ctrl_hs|  PE_kernel_Q_3_6.1|  return value|
|A_fifo1_6_3_dout            |   in|   32|     ap_fifo|        A_fifo1_6_3|       pointer|
|A_fifo1_6_3_num_data_valid  |   in|    5|     ap_fifo|        A_fifo1_6_3|       pointer|
|A_fifo1_6_3_fifo_cap        |   in|    5|     ap_fifo|        A_fifo1_6_3|       pointer|
|A_fifo1_6_3_empty_n         |   in|    1|     ap_fifo|        A_fifo1_6_3|       pointer|
|A_fifo1_6_3_read            |  out|    1|     ap_fifo|        A_fifo1_6_3|       pointer|
|B_fifo1_3_6_dout            |   in|   32|     ap_fifo|        B_fifo1_3_6|       pointer|
|B_fifo1_3_6_num_data_valid  |   in|    5|     ap_fifo|        B_fifo1_3_6|       pointer|
|B_fifo1_3_6_fifo_cap        |   in|    5|     ap_fifo|        B_fifo1_3_6|       pointer|
|B_fifo1_3_6_empty_n         |   in|    1|     ap_fifo|        B_fifo1_3_6|       pointer|
|B_fifo1_3_6_read            |  out|    1|     ap_fifo|        B_fifo1_3_6|       pointer|
|A_fifo1_6_4_din             |  out|   32|     ap_fifo|        A_fifo1_6_4|       pointer|
|A_fifo1_6_4_num_data_valid  |   in|    5|     ap_fifo|        A_fifo1_6_4|       pointer|
|A_fifo1_6_4_fifo_cap        |   in|    5|     ap_fifo|        A_fifo1_6_4|       pointer|
|A_fifo1_6_4_full_n          |   in|    1|     ap_fifo|        A_fifo1_6_4|       pointer|
|A_fifo1_6_4_write           |  out|    1|     ap_fifo|        A_fifo1_6_4|       pointer|
|B_fifo1_3_7_din             |  out|   32|     ap_fifo|        B_fifo1_3_7|       pointer|
|B_fifo1_3_7_num_data_valid  |   in|    5|     ap_fifo|        B_fifo1_3_7|       pointer|
|B_fifo1_3_7_fifo_cap        |   in|    5|     ap_fifo|        B_fifo1_3_7|       pointer|
|B_fifo1_3_7_full_n          |   in|    1|     ap_fifo|        B_fifo1_3_7|       pointer|
|B_fifo1_3_7_write           |  out|    1|     ap_fifo|        B_fifo1_3_7|       pointer|
|v1389_6_3                   |  out|   32|      ap_vld|          v1389_6_3|       pointer|
|v1389_6_3_ap_vld            |  out|    1|      ap_vld|          v1389_6_3|       pointer|
+----------------------------+-----+-----+------------+-------------------+--------------+

