

================================================================
== Vitis HLS Report for 'PE_kernel_QKT_0_6_1'
================================================================
* Date:           Wed Feb  5 22:36:10 2025

* Version:        2023.2 (Build 4023990 on Oct 11 2023)
* Project:        DitBlock
* Solution:       hls (Vivado IP Flow Target)
* Product family: virtexuplusHBM
* Target device:  xcu280-fsvh2892-2L-e


================================================================
== Performance Estimates
================================================================
+ Timing: 
    * Summary: 
    +--------+----------+----------+------------+
    |  Clock |  Target  | Estimated| Uncertainty|
    +--------+----------+----------+------------+
    |ap_clk  |  10.00 ns|  6.536 ns|     2.70 ns|
    +--------+----------+----------+------------+

+ Latency: 
    * Summary: 
    +---------+---------+----------+----------+-----+-----+---------+
    |  Latency (cycles) |  Latency (absolute) |  Interval | Pipeline|
    |   min   |   max   |    min   |    max   | min | max |   Type  |
    +---------+---------+----------+----------+-----+-----+---------+
    |      133|      133|  1.330 us|  1.330 us|  133|  133|       no|
    +---------+---------+----------+----------+-----+-----+---------+

    + Detail: 
        * Instance: 
        N/A

        * Loop: 
        +----------------+---------+---------+----------+-----------+-----------+------+----------+
        |                |  Latency (cycles) | Iteration|  Initiation Interval  | Trip |          |
        |    Loop Name   |   min   |   max   |  Latency |  achieved |   target  | Count| Pipelined|
        +----------------+---------+---------+----------+-----------+-----------+------+----------+
        |- l_S_k_0_k256  |      131|      131|         6|          2|          1|    64|       yes|
        +----------------+---------+---------+----------+-----------+-----------+------+----------+



================================================================
== Utilization Estimates
================================================================
* Summary: 
+---------------------+---------+------+---------+---------+-----+
|         Name        | BRAM_18K|  DSP |    FF   |   LUT   | URAM|
+---------------------+---------+------+---------+---------+-----+
|DSP                  |        -|     -|        -|        -|    -|
|Expression           |        -|     -|        0|       41|    -|
|FIFO                 |        -|     -|        -|        -|    -|
|Instance             |        -|     5|      305|      303|    -|
|Memory               |        -|     -|        -|        -|    -|
|Multiplexer          |        -|     -|        -|      150|    -|
|Register             |        -|     -|      121|        -|    -|
+---------------------+---------+------+---------+---------+-----+
|Total                |        0|     5|      426|      494|    0|
+---------------------+---------+------+---------+---------+-----+
|Available SLR        |     1344|  3008|   869120|   434560|  320|
+---------------------+---------+------+---------+---------+-----+
|Utilization SLR (%)  |        0|    ~0|       ~0|       ~0|    0|
+---------------------+---------+------+---------+---------+-----+
|Available            |     4032|  9024|  2607360|  1303680|  960|
+---------------------+---------+------+---------+---------+-----+
|Utilization (%)      |        0|    ~0|       ~0|       ~0|    0|
+---------------------+---------+------+---------+---------+-----+

+ Detail: 
    * Instance: 
    +--------------------------------------+--------------------------------+---------+----+-----+-----+-----+
    |               Instance               |             Module             | BRAM_18K| DSP|  FF | LUT | URAM|
    +--------------------------------------+--------------------------------+---------+----+-----+-----+-----+
    |fadd_32ns_32ns_32_3_full_dsp_1_U1579  |fadd_32ns_32ns_32_3_full_dsp_1  |        0|   2|  177|  226|    0|
    |fmul_32ns_32ns_32_2_max_dsp_1_U1580   |fmul_32ns_32ns_32_2_max_dsp_1   |        0|   3|  128|   77|    0|
    +--------------------------------------+--------------------------------+---------+----+-----+-----+-----+
    |Total                                 |                                |        0|   5|  305|  303|    0|
    +--------------------------------------+--------------------------------+---------+----+-----+-----+-----+

    * DSP: 
    N/A

    * Memory: 
    N/A

    * FIFO: 
    N/A

    * Expression: 
    +----------------------------------+----------+----+---+----+------------+------------+
    |           Variable Name          | Operation| DSP| FF| LUT| Bitwidth P0| Bitwidth P1|
    +----------------------------------+----------+----+---+----+------------+------------+
    |k256_2_fu_116_p2                  |         +|   0|  0|  14|           7|           1|
    |ap_block_pp0_stage1_01001         |       and|   0|  0|   2|           1|           1|
    |ap_condition_269                  |       and|   0|  0|   2|           1|           1|
    |ap_condition_272                  |       and|   0|  0|   2|           1|           1|
    |icmp_ln11606_fu_110_p2            |      icmp|   0|  0|  15|           7|           8|
    |ap_block_pp0_stage0_11001         |        or|   0|  0|   2|           1|           1|
    |ap_block_state2_pp0_stage1_iter0  |        or|   0|  0|   2|           1|           1|
    |ap_enable_pp0                     |       xor|   0|  0|   2|           1|           2|
    +----------------------------------+----------+----+---+----+------------+------------+
    |Total                             |          |   0|  0|  41|          20|          16|
    +----------------------------------+----------+----+---+----+------------+------------+

    * Multiplexer: 
    +-------------------------------+----+-----------+-----+-----------+
    |              Name             | LUT| Input Size| Bits| Total Bits|
    +-------------------------------+----+-----------+-----+-----------+
    |A_fifo4_6_0_blk_n              |   9|          2|    1|          2|
    |A_fifo4_6_1_blk_n              |   9|          2|    1|          2|
    |B_fifo4_0_6_blk_n              |   9|          2|    1|          2|
    |B_fifo4_0_7_blk_n              |   9|          2|    1|          2|
    |ap_NS_fsm                      |  14|          3|    1|          3|
    |ap_done_int                    |   9|          2|    1|          2|
    |ap_enable_reg_pp0_iter0        |   9|          2|    1|          2|
    |ap_enable_reg_pp0_iter1        |   9|          2|    1|          2|
    |ap_sig_allocacmp_k256_1        |   9|          2|    7|         14|
    |ap_sig_allocacmp_v6289_load    |  14|          3|   32|         96|
    |ap_sig_allocacmp_v6289_load_1  |  14|          3|   32|         96|
    |k256_fu_50                     |   9|          2|    7|         14|
    |real_start                     |   9|          2|    1|          2|
    |v6277_6_0                      |   9|          2|   32|         64|
    |v6289_fu_46                    |   9|          2|   32|         64|
    +-------------------------------+----+-----------+-----+-----------+
    |Total                          | 150|         33|  151|        367|
    +-------------------------------+----+-----------+-----+-----------+

    * Register: 
    +------------------------------------+----+----+-----+-----------+
    |                Name                | FF | LUT| Bits| Const Bits|
    +------------------------------------+----+----+-----+-----------+
    |ap_CS_fsm                           |   2|   0|    2|          0|
    |ap_done_reg                         |   1|   0|    1|          0|
    |ap_enable_reg_pp0_iter0_reg         |   1|   0|    1|          0|
    |ap_enable_reg_pp0_iter1             |   1|   0|    1|          0|
    |ap_enable_reg_pp0_iter2             |   1|   0|    1|          0|
    |ap_loop_exit_ready_pp0_iter1_reg    |   1|   0|    1|          0|
    |ap_loop_init_pp0_iter1_reg          |   1|   0|    1|          0|
    |icmp_ln11606_reg_164                |   1|   0|    1|          0|
    |icmp_ln11606_reg_164_pp0_iter1_reg  |   1|   0|    1|          0|
    |k256_2_reg_168                      |   7|   0|    7|          0|
    |k256_fu_50                          |   7|   0|    7|          0|
    |start_once_reg                      |   1|   0|    1|          0|
    |v6277_6_0_preg                      |  32|   0|   32|          0|
    |v6288_reg_183                       |  32|   0|   32|          0|
    |v6289_fu_46                         |  32|   0|   32|          0|
    +------------------------------------+----+----+-----+-----------+
    |Total                               | 121|   0|  121|          0|
    +------------------------------------+----+----+-----+-----------+



================================================================
== Interface
================================================================
* Summary: 
+----------------------------+-----+-----+------------+---------------------+--------------+
|          RTL Ports         | Dir | Bits|  Protocol  |    Source Object    |    C Type    |
+----------------------------+-----+-----+------------+---------------------+--------------+
|ap_clk                      |   in|    1|  ap_ctrl_hs|  PE_kernel_QKT_0_6.1|  return value|
|ap_rst                      |   in|    1|  ap_ctrl_hs|  PE_kernel_QKT_0_6.1|  return value|
|ap_start                    |   in|    1|  ap_ctrl_hs|  PE_kernel_QKT_0_6.1|  return value|
|start_full_n                |   in|    1|  ap_ctrl_hs|  PE_kernel_QKT_0_6.1|  return value|
|ap_done                     |  out|    1|  ap_ctrl_hs|  PE_kernel_QKT_0_6.1|  return value|
|ap_continue                 |   in|    1|  ap_ctrl_hs|  PE_kernel_QKT_0_6.1|  return value|
|ap_idle                     |  out|    1|  ap_ctrl_hs|  PE_kernel_QKT_0_6.1|  return value|
|ap_ready                    |  out|    1|  ap_ctrl_hs|  PE_kernel_QKT_0_6.1|  return value|
|start_out                   |  out|    1|  ap_ctrl_hs|  PE_kernel_QKT_0_6.1|  return value|
|start_write                 |  out|    1|  ap_ctrl_hs|  PE_kernel_QKT_0_6.1|  return value|
|A_fifo4_6_0_dout            |   in|   32|     ap_fifo|          A_fifo4_6_0|       pointer|
|A_fifo4_6_0_num_data_valid  |   in|    5|     ap_fifo|          A_fifo4_6_0|       pointer|
|A_fifo4_6_0_fifo_cap        |   in|    5|     ap_fifo|          A_fifo4_6_0|       pointer|
|A_fifo4_6_0_empty_n         |   in|    1|     ap_fifo|          A_fifo4_6_0|       pointer|
|A_fifo4_6_0_read            |  out|    1|     ap_fifo|          A_fifo4_6_0|       pointer|
|B_fifo4_0_6_dout            |   in|   32|     ap_fifo|          B_fifo4_0_6|       pointer|
|B_fifo4_0_6_num_data_valid  |   in|    5|     ap_fifo|          B_fifo4_0_6|       pointer|
|B_fifo4_0_6_fifo_cap        |   in|    5|     ap_fifo|          B_fifo4_0_6|       pointer|
|B_fifo4_0_6_empty_n         |   in|    1|     ap_fifo|          B_fifo4_0_6|       pointer|
|B_fifo4_0_6_read            |  out|    1|     ap_fifo|          B_fifo4_0_6|       pointer|
|A_fifo4_6_1_din             |  out|   32|     ap_fifo|          A_fifo4_6_1|       pointer|
|A_fifo4_6_1_num_data_valid  |   in|    5|     ap_fifo|          A_fifo4_6_1|       pointer|
|A_fifo4_6_1_fifo_cap        |   in|    5|     ap_fifo|          A_fifo4_6_1|       pointer|
|A_fifo4_6_1_full_n          |   in|    1|     ap_fifo|          A_fifo4_6_1|       pointer|
|A_fifo4_6_1_write           |  out|    1|     ap_fifo|          A_fifo4_6_1|       pointer|
|B_fifo4_0_7_din             |  out|   32|     ap_fifo|          B_fifo4_0_7|       pointer|
|B_fifo4_0_7_num_data_valid  |   in|    5|     ap_fifo|          B_fifo4_0_7|       pointer|
|B_fifo4_0_7_fifo_cap        |   in|    5|     ap_fifo|          B_fifo4_0_7|       pointer|
|B_fifo4_0_7_full_n          |   in|    1|     ap_fifo|          B_fifo4_0_7|       pointer|
|B_fifo4_0_7_write           |  out|    1|     ap_fifo|          B_fifo4_0_7|       pointer|
|v6277_6_0                   |  out|   32|      ap_vld|            v6277_6_0|       pointer|
|v6277_6_0_ap_vld            |  out|    1|      ap_vld|            v6277_6_0|       pointer|
+----------------------------+-----+-----+------------+---------------------+--------------+

