

================================================================
== Vitis HLS Report for 'PE_kernel_YV_7_3_1'
================================================================
* Date:           Wed Feb  5 22:36:35 2025

* Version:        2023.2 (Build 4023990 on Oct 11 2023)
* Project:        DitBlock
* Solution:       hls (Vivado IP Flow Target)
* Product family: virtexuplusHBM
* Target device:  xcu280-fsvh2892-2L-e


================================================================
== Performance Estimates
================================================================
+ Timing: 
    * Summary: 
    +--------+----------+----------+------------+
    |  Clock |  Target  | Estimated| Uncertainty|
    +--------+----------+----------+------------+
    |ap_clk  |  10.00 ns|  6.536 ns|     2.70 ns|
    +--------+----------+----------+------------+

+ Latency: 
    * Summary: 
    +---------+---------+-----------+-----------+------+------+---------+
    |  Latency (cycles) |   Latency (absolute)  |   Interval  | Pipeline|
    |   min   |   max   |    min    |    max    |  min |  max |   Type  |
    +---------+---------+-----------+-----------+------+------+---------+
    |     2053|     2053|  20.530 us|  20.530 us|  2053|  2053|       no|
    +---------+---------+-----------+-----------+------+------+---------+

    + Detail: 
        * Instance: 
        N/A

        * Loop: 
        +----------------+---------+---------+----------+-----------+-----------+------+----------+
        |                |  Latency (cycles) | Iteration|  Initiation Interval  | Trip |          |
        |    Loop Name   |   min   |   max   |  Latency |  achieved |   target  | Count| Pipelined|
        +----------------+---------+---------+----------+-----------+-----------+------+----------+
        |- l_S_k_0_k305  |     2051|     2051|         6|          2|          1|  1024|       yes|
        +----------------+---------+---------+----------+-----------+-----------+------+----------+



================================================================
== Utilization Estimates
================================================================
* Summary: 
+---------------------+---------+------+---------+---------+-----+
|         Name        | BRAM_18K|  DSP |    FF   |   LUT   | URAM|
+---------------------+---------+------+---------+---------+-----+
|DSP                  |        -|     -|        -|        -|    -|
|Expression           |        -|     -|        0|       49|    -|
|FIFO                 |        -|     -|        -|        -|    -|
|Instance             |        -|     5|      305|      303|    -|
|Memory               |        -|     -|        -|        -|    -|
|Multiplexer          |        -|     -|        -|      150|    -|
|Register             |        -|     -|      129|        -|    -|
+---------------------+---------+------+---------+---------+-----+
|Total                |        0|     5|      434|      502|    0|
+---------------------+---------+------+---------+---------+-----+
|Available SLR        |     1344|  3008|   869120|   434560|  320|
+---------------------+---------+------+---------+---------+-----+
|Utilization SLR (%)  |        0|    ~0|       ~0|       ~0|    0|
+---------------------+---------+------+---------+---------+-----+
|Available            |     4032|  9024|  2607360|  1303680|  960|
+---------------------+---------+------+---------+---------+-----+
|Utilization (%)      |        0|    ~0|       ~0|       ~0|    0|
+---------------------+---------+------+---------+---------+-----+

+ Detail: 
    * Instance: 
    +--------------------------------------+--------------------------------+---------+----+-----+-----+-----+
    |               Instance               |             Module             | BRAM_18K| DSP|  FF | LUT | URAM|
    +--------------------------------------+--------------------------------+---------+----+-----+-----+-----+
    |fadd_32ns_32ns_32_3_full_dsp_1_U2365  |fadd_32ns_32ns_32_3_full_dsp_1  |        0|   2|  177|  226|    0|
    |fmul_32ns_32ns_32_2_max_dsp_1_U2366   |fmul_32ns_32ns_32_2_max_dsp_1   |        0|   3|  128|   77|    0|
    +--------------------------------------+--------------------------------+---------+----+-----+-----+-----+
    |Total                                 |                                |        0|   5|  305|  303|    0|
    +--------------------------------------+--------------------------------+---------+----+-----+-----+-----+

    * DSP: 
    N/A

    * Memory: 
    N/A

    * FIFO: 
    N/A

    * Expression: 
    +----------------------------------+----------+----+---+----+------------+------------+
    |           Variable Name          | Operation| DSP| FF| LUT| Bitwidth P0| Bitwidth P1|
    +----------------------------------+----------+----+---+----+------------+------------+
    |k305_2_fu_116_p2                  |         +|   0|  0|  18|          11|           1|
    |ap_block_pp0_stage1_01001         |       and|   0|  0|   2|           1|           1|
    |ap_condition_269                  |       and|   0|  0|   2|           1|           1|
    |ap_condition_272                  |       and|   0|  0|   2|           1|           1|
    |icmp_ln13976_fu_110_p2            |      icmp|   0|  0|  19|          11|          12|
    |ap_block_pp0_stage0_11001         |        or|   0|  0|   2|           1|           1|
    |ap_block_state2_pp0_stage1_iter0  |        or|   0|  0|   2|           1|           1|
    |ap_enable_pp0                     |       xor|   0|  0|   2|           1|           2|
    +----------------------------------+----------+----+---+----+------------+------------+
    |Total                             |          |   0|  0|  49|          28|          20|
    +----------------------------------+----------+----+---+----+------------+------------+

    * Multiplexer: 
    +-------------------------------+----+-----------+-----+-----------+
    |              Name             | LUT| Input Size| Bits| Total Bits|
    +-------------------------------+----+-----------+-----+-----------+
    |A_fifo5_3_7_blk_n              |   9|          2|    1|          2|
    |A_fifo5_3_8_blk_n              |   9|          2|    1|          2|
    |B_fifo5_7_3_blk_n              |   9|          2|    1|          2|
    |B_fifo5_7_4_blk_n              |   9|          2|    1|          2|
    |ap_NS_fsm                      |  14|          3|    1|          3|
    |ap_done_int                    |   9|          2|    1|          2|
    |ap_enable_reg_pp0_iter0        |   9|          2|    1|          2|
    |ap_enable_reg_pp0_iter1        |   9|          2|    1|          2|
    |ap_sig_allocacmp_k305_1        |   9|          2|   11|         22|
    |ap_sig_allocacmp_v7595_load    |  14|          3|   32|         96|
    |ap_sig_allocacmp_v7595_load_1  |  14|          3|   32|         96|
    |k305_fu_50                     |   9|          2|   11|         22|
    |real_start                     |   9|          2|    1|          2|
    |v7583_3_7                      |   9|          2|   32|         64|
    |v7595_fu_46                    |   9|          2|   32|         64|
    +-------------------------------+----+-----------+-----+-----------+
    |Total                          | 150|         33|  159|        383|
    +-------------------------------+----+-----------+-----+-----------+

    * Register: 
    +------------------------------------+----+----+-----+-----------+
    |                Name                | FF | LUT| Bits| Const Bits|
    +------------------------------------+----+----+-----+-----------+
    |ap_CS_fsm                           |   2|   0|    2|          0|
    |ap_done_reg                         |   1|   0|    1|          0|
    |ap_enable_reg_pp0_iter0_reg         |   1|   0|    1|          0|
    |ap_enable_reg_pp0_iter1             |   1|   0|    1|          0|
    |ap_enable_reg_pp0_iter2             |   1|   0|    1|          0|
    |ap_loop_exit_ready_pp0_iter1_reg    |   1|   0|    1|          0|
    |ap_loop_init_pp0_iter1_reg          |   1|   0|    1|          0|
    |icmp_ln13976_reg_164                |   1|   0|    1|          0|
    |icmp_ln13976_reg_164_pp0_iter1_reg  |   1|   0|    1|          0|
    |k305_2_reg_168                      |  11|   0|   11|          0|
    |k305_fu_50                          |  11|   0|   11|          0|
    |start_once_reg                      |   1|   0|    1|          0|
    |v7583_3_7_preg                      |  32|   0|   32|          0|
    |v7594_reg_183                       |  32|   0|   32|          0|
    |v7595_fu_46                         |  32|   0|   32|          0|
    +------------------------------------+----+----+-----+-----------+
    |Total                               | 129|   0|  129|          0|
    +------------------------------------+----+----+-----+-----------+



================================================================
== Interface
================================================================
* Summary: 
+----------------------------+-----+-----+------------+--------------------+--------------+
|          RTL Ports         | Dir | Bits|  Protocol  |    Source Object   |    C Type    |
+----------------------------+-----+-----+------------+--------------------+--------------+
|ap_clk                      |   in|    1|  ap_ctrl_hs|  PE_kernel_YV_7_3.1|  return value|
|ap_rst                      |   in|    1|  ap_ctrl_hs|  PE_kernel_YV_7_3.1|  return value|
|ap_start                    |   in|    1|  ap_ctrl_hs|  PE_kernel_YV_7_3.1|  return value|
|start_full_n                |   in|    1|  ap_ctrl_hs|  PE_kernel_YV_7_3.1|  return value|
|ap_done                     |  out|    1|  ap_ctrl_hs|  PE_kernel_YV_7_3.1|  return value|
|ap_continue                 |   in|    1|  ap_ctrl_hs|  PE_kernel_YV_7_3.1|  return value|
|ap_idle                     |  out|    1|  ap_ctrl_hs|  PE_kernel_YV_7_3.1|  return value|
|ap_ready                    |  out|    1|  ap_ctrl_hs|  PE_kernel_YV_7_3.1|  return value|
|start_out                   |  out|    1|  ap_ctrl_hs|  PE_kernel_YV_7_3.1|  return value|
|start_write                 |  out|    1|  ap_ctrl_hs|  PE_kernel_YV_7_3.1|  return value|
|A_fifo5_3_7_dout            |   in|   32|     ap_fifo|         A_fifo5_3_7|       pointer|
|A_fifo5_3_7_num_data_valid  |   in|    5|     ap_fifo|         A_fifo5_3_7|       pointer|
|A_fifo5_3_7_fifo_cap        |   in|    5|     ap_fifo|         A_fifo5_3_7|       pointer|
|A_fifo5_3_7_empty_n         |   in|    1|     ap_fifo|         A_fifo5_3_7|       pointer|
|A_fifo5_3_7_read            |  out|    1|     ap_fifo|         A_fifo5_3_7|       pointer|
|B_fifo5_7_3_dout            |   in|   32|     ap_fifo|         B_fifo5_7_3|       pointer|
|B_fifo5_7_3_num_data_valid  |   in|    5|     ap_fifo|         B_fifo5_7_3|       pointer|
|B_fifo5_7_3_fifo_cap        |   in|    5|     ap_fifo|         B_fifo5_7_3|       pointer|
|B_fifo5_7_3_empty_n         |   in|    1|     ap_fifo|         B_fifo5_7_3|       pointer|
|B_fifo5_7_3_read            |  out|    1|     ap_fifo|         B_fifo5_7_3|       pointer|
|A_fifo5_3_8_din             |  out|   32|     ap_fifo|         A_fifo5_3_8|       pointer|
|A_fifo5_3_8_num_data_valid  |   in|    5|     ap_fifo|         A_fifo5_3_8|       pointer|
|A_fifo5_3_8_fifo_cap        |   in|    5|     ap_fifo|         A_fifo5_3_8|       pointer|
|A_fifo5_3_8_full_n          |   in|    1|     ap_fifo|         A_fifo5_3_8|       pointer|
|A_fifo5_3_8_write           |  out|    1|     ap_fifo|         A_fifo5_3_8|       pointer|
|B_fifo5_7_4_din             |  out|   32|     ap_fifo|         B_fifo5_7_4|       pointer|
|B_fifo5_7_4_num_data_valid  |   in|    5|     ap_fifo|         B_fifo5_7_4|       pointer|
|B_fifo5_7_4_fifo_cap        |   in|    5|     ap_fifo|         B_fifo5_7_4|       pointer|
|B_fifo5_7_4_full_n          |   in|    1|     ap_fifo|         B_fifo5_7_4|       pointer|
|B_fifo5_7_4_write           |  out|    1|     ap_fifo|         B_fifo5_7_4|       pointer|
|v7583_3_7                   |  out|   32|      ap_vld|           v7583_3_7|       pointer|
|v7583_3_7_ap_vld            |  out|    1|      ap_vld|           v7583_3_7|       pointer|
+----------------------------+-----+-----+------------+--------------------+--------------+

