

================================================================
== Vitis HLS Report for 'pow_generic_double_s'
================================================================
* Date:           Wed Feb  5 22:36:58 2025

* Version:        2023.2 (Build 4023990 on Oct 11 2023)
* Project:        DitBlock
* Solution:       hls (Vivado IP Flow Target)
* Product family: virtexuplusHBM
* Target device:  xcu280-fsvh2892-2L-e


================================================================
== Performance Estimates
================================================================
+ Timing: 
    * Summary: 
    +--------+----------+----------+------------+
    |  Clock |  Target  | Estimated| Uncertainty|
    +--------+----------+----------+------------+
    |ap_clk  |  10.00 ns|  7.268 ns|     2.70 ns|
    +--------+----------+----------+------------+

+ Latency: 
    * Summary: 
    +---------+---------+----------+----------+-----+-----+---------+
    |  Latency (cycles) |  Latency (absolute) |  Interval | Pipeline|
    |   min   |   max   |    min   |    max   | min | max |   Type  |
    +---------+---------+----------+----------+-----+-----+---------+
    |       18|       18|  0.180 us|  0.180 us|    1|    1|      yes|
    +---------+---------+----------+----------+-----+-----+---------+

    + Detail: 
        * Instance: 
        N/A

        * Loop: 
        N/A



================================================================
== Utilization Estimates
================================================================
* Summary: 
+---------------------+---------+------+---------+---------+-----+
|         Name        | BRAM_18K|  DSP |    FF   |   LUT   | URAM|
+---------------------+---------+------+---------+---------+-----+
|DSP                  |        -|     1|        -|        -|    -|
|Expression           |        -|     -|        0|     4313|    -|
|FIFO                 |        -|     -|        -|        -|    -|
|Instance             |        -|    90|        0|     1093|    -|
|Memory               |        5|     -|     1032|     1041|    -|
|Multiplexer          |        -|     -|        -|        -|    -|
|Register             |        -|     -|     2899|      544|    -|
+---------------------+---------+------+---------+---------+-----+
|Total                |        5|    91|     3931|     6991|    0|
+---------------------+---------+------+---------+---------+-----+
|Available SLR        |     1344|  3008|   869120|   434560|  320|
+---------------------+---------+------+---------+---------+-----+
|Utilization SLR (%)  |       ~0|     3|       ~0|        1|    0|
+---------------------+---------+------+---------+---------+-----+
|Available            |     4032|  9024|  2607360|  1303680|  960|
+---------------------+---------+------+---------+---------+-----+
|Utilization (%)      |       ~0|     1|       ~0|       ~0|    0|
+---------------------+---------+------+---------+---------+-----+

+ Detail: 
    * Instance: 
    +-----------------------------+-----------------------+---------+----+---+-----+-----+
    |           Instance          |         Module        | BRAM_18K| DSP| FF| LUT | URAM|
    +-----------------------------+-----------------------+---------+----+---+-----+-----+
    |mul_12s_80ns_90_1_1_U3024    |mul_12s_80ns_90_1_1    |        0|   5|  0|   89|    0|
    |mul_13s_71s_71_1_1_U3025     |mul_13s_71s_71_1_1     |        0|   4|  0|   64|    0|
    |mul_40ns_40ns_80_1_1_U3026   |mul_40ns_40ns_80_1_1   |        0|   5|  0|   28|    0|
    |mul_43ns_36ns_79_1_1_U3027   |mul_43ns_36ns_79_1_1   |        0|   4|  0|   19|    0|
    |mul_49ns_44ns_93_1_1_U3028   |mul_49ns_44ns_93_1_1   |        0|   6|  0|   17|    0|
    |mul_50ns_50ns_100_1_1_U3029  |mul_50ns_50ns_100_1_1  |        0|   9|  0|   21|    0|
    |mul_54s_6ns_54_1_1_U3030     |mul_54s_6ns_54_1_1     |        0|   3|  0|   25|    0|
    |mul_6ns_73ns_79_1_1_U3019    |mul_6ns_73ns_79_1_1    |        0|   4|  0|   69|    0|
    |mul_6ns_77ns_83_1_1_U3020    |mul_6ns_77ns_83_1_1    |        0|   4|  0|   80|    0|
    |mul_6ns_82ns_88_1_1_U3021    |mul_6ns_82ns_88_1_1    |        0|   5|  0|   97|    0|
    |mul_6ns_87ns_93_1_1_U3022    |mul_6ns_87ns_93_1_1    |        0|   5|  0|  119|    0|
    |mul_6ns_92ns_98_1_1_U3023    |mul_6ns_92ns_98_1_1    |        0|   5|  0|  140|    0|
    |mul_71ns_4ns_75_1_1_U3034    |mul_71ns_4ns_75_1_1    |        0|   0|  0|   64|    0|
    |mul_77s_54ns_130_1_1_U3031   |mul_77s_54ns_130_1_1   |        0|  13|  0|   80|    0|
    |mul_77s_55ns_130_1_1_U3032   |mul_77s_55ns_130_1_1   |        0|  13|  0|   80|    0|
    |mul_83ns_6ns_89_1_1_U3033    |mul_83ns_6ns_89_1_1    |        0|   5|  0|  101|    0|
    +-----------------------------+-----------------------+---------+----+---+-----+-----+
    |Total                        |                       |        0|  90|  0| 1093|    0|
    +-----------------------------+-----------------------+---------+----+---+-----+-----+

    * DSP: 
    +--------------------------------------+--------------------------------+--------------+
    |               Instance               |             Module             |  Expression  |
    +--------------------------------------+--------------------------------+--------------+
    |mac_muladd_16s_15ns_19s_31_4_1_U3035  |mac_muladd_16s_15ns_19s_31_4_1  |  i0 * i1 + i2|
    +--------------------------------------+--------------------------------+--------------+

    * Memory: 
    +-------------------------------------------------------------------------+----------------------------------------------------------------------------------+---------+-----+-----+-----+------+-----+------+-------------+
    |                                  Memory                                 |                                      Module                                      | BRAM_18K|  FF | LUT | URAM| Words| Bits| Banks| W*Bits*Banks|
    +-------------------------------------------------------------------------+----------------------------------------------------------------------------------+---------+-----+-----+-----+------+-----+------+-------------+
    |pow_reduce_anonymous_namespace_log0_lut_table_array_U                    |pow_generic_double_s_pow_reduce_anonymous_namespace_log0_lut_table_array_ROM_cud  |        0|  128|  129|    0|    64|  109|     1|         6976|
    |pow_reduce_anonymous_namespace_log_inverse_lut_table_pow_0_5_64_array_U  |pow_generic_double_s_pow_reduce_anonymous_namespace_log_inverse_lut_table_powbkb  |        0|    8|    9|    0|    64|    6|     1|          384|
    |pow_reduce_anonymous_namespace_log_lut_table_ap_fixed_12_6_64_array_U    |pow_generic_double_s_pow_reduce_anonymous_namespace_log_lut_table_ap_fixed_12fYi  |        0|  128|  129|    0|    64|   97|     1|         6208|
    |pow_reduce_anonymous_namespace_log_lut_table_ap_fixed_17_6_64_array_U    |pow_generic_double_s_pow_reduce_anonymous_namespace_log_lut_table_ap_fixed_17g8j  |        0|  128|  129|    0|    64|   92|     1|         5888|
    |pow_reduce_anonymous_namespace_log_lut_table_ap_fixed_22_6_64_array_U    |pow_generic_double_s_pow_reduce_anonymous_namespace_log_lut_table_ap_fixed_22hbi  |        0|  128|  129|    0|    64|   87|     1|         5568|
    |pow_reduce_anonymous_namespace_log_lut_table_ap_fixed_27_6_64_array_U    |pow_generic_double_s_pow_reduce_anonymous_namespace_log_lut_table_ap_fixed_27ibs  |        0|  128|  129|    0|    64|   82|     1|         5248|
    |pow_reduce_anonymous_namespace_log_lut_table_ap_fixed_32_6_64_array_U    |pow_generic_double_s_pow_reduce_anonymous_namespace_log_lut_table_ap_fixed_32jbC  |        0|  128|  129|    0|    64|   77|     1|         4928|
    |pow_reduce_anonymous_namespace_log_lut_table_ap_fixed_4_4_16_array_U     |pow_generic_double_s_pow_reduce_anonymous_namespace_log_lut_table_ap_fixed_4_dEe  |        0|  128|  129|    0|    16|  105|     1|         1680|
    |pow_reduce_anonymous_namespace_log_lut_table_ap_fixed_7_6_64_array_U     |pow_generic_double_s_pow_reduce_anonymous_namespace_log_lut_table_ap_fixed_7_eOg  |        0|  128|  129|    0|    64|  102|     1|         6528|
    |pow_reduce_anonymous_namespace_table_exp_Z1_ap_ufixed_array_U            |pow_generic_double_s_pow_reduce_anonymous_namespace_table_exp_Z1_ap_ufixed_arkbM  |        2|    0|    0|    0|   256|   58|     1|        14848|
    |pow_reduce_anonymous_namespace_table_f_Z2_ap_ufixed_array_U              |pow_generic_double_s_pow_reduce_anonymous_namespace_table_f_Z2_ap_ufixed_arramb6  |        2|    0|    0|    0|   256|   42|     1|        10752|
    |pow_reduce_anonymous_namespace_table_f_Z3_ap_ufixed_array_U              |pow_generic_double_s_pow_reduce_anonymous_namespace_table_f_Z3_ap_ufixed_arralbW  |        1|    0|    0|    0|   256|   26|     1|         6656|
    +-------------------------------------------------------------------------+----------------------------------------------------------------------------------+---------+-----+-----+-----+------+-----+------+-------------+
    |Total                                                                    |                                                                                  |        5| 1032| 1041|    0|  1296|  883|    12|        75664|
    +-------------------------------------------------------------------------+----------------------------------------------------------------------------------+---------+-----+-----+-----+------+-----+------+-------------+

    * FIFO: 
    N/A

    * Expression: 
    +---------------------------+----------+----+---+-----+------------+------------+
    |       Variable Name       | Operation| DSP| FF| LUT | Bitwidth P0| Bitwidth P1|
    +---------------------------+----------+----+---+-----+------------+------------+
    |add_ln209_1_fu_1447_p2     |         +|   0|  0|  110|         103|         103|
    |add_ln209_2_fu_1457_p2     |         +|   0|  0|  109|         109|         109|
    |add_ln209_3_fu_1463_p2     |         +|   0|  0|   93|          93|          93|
    |add_ln209_4_fu_1469_p2     |         +|   0|  0|  107|          83|          83|
    |add_ln209_5_fu_1479_p2     |         +|   0|  0|   93|          93|          93|
    |add_ln209_fu_1441_p2       |         +|   0|  0|  109|         109|         109|
    |add_ln265_fu_1843_p2       |         +|   0|  0|   44|          44|          44|
    |add_ln280_fu_1919_p2       |         +|   0|  0|   52|          52|          52|
    |add_ln44_1_fu_873_p2       |         +|   0|  0|   82|          82|          82|
    |add_ln44_2_fu_950_p2       |         +|   0|  0|  102|         102|         102|
    |add_ln44_3_fu_1039_p2      |         +|   0|  0|  121|         121|         121|
    |add_ln44_4_fu_1123_p2      |         +|   0|  0|  126|         126|         126|
    |add_ln44_5_fu_1207_p2      |         +|   0|  0|  131|         131|         131|
    |add_ln44_6_fu_1353_p2      |         +|   0|  0|  136|         136|         136|
    |add_ln44_fu_788_p2         |         +|   0|  0|   76|          76|          76|
    |add_ln525_1_fu_1563_p2     |         +|   0|  0|  127|         120|         120|
    |add_ln525_fu_1553_p2       |         +|   0|  0|  109|         109|         109|
    |add_ln563_1_fu_1680_p2     |         +|   0|  0|   20|          13|           1|
    |add_ln616_1_fu_2035_p2     |         +|   0|  0|  114|         107|         107|
    |add_ln616_fu_2010_p2       |         +|   0|  0|   65|          58|           5|
    |b_exp_1_fu_1294_p2         |         +|   0|  0|   19|          12|          11|
    |b_exp_fu_1272_p2           |         +|   0|  0|   19|          12|          11|
    |exp_Z1P_m_1_l_fu_1925_p2   |         +|   0|  0|   52|          52|          52|
    |exp_Z2P_m_1_fu_1849_p2     |         +|   0|  0|   44|          44|          44|
    |exp_Z4_m_1_fu_1796_p2      |         +|   0|  0|   43|          36|          36|
    |log_sum_1_fu_1489_p2       |         +|   0|  0|  109|         109|         109|
    |out_exp_fu_2120_p2         |         +|   0|  0|   18|          11|          10|
    |r_exp_1_fu_2049_p2         |         +|   0|  0|   20|          13|           2|
    |m_diff_fu_1716_p2          |         -|   0|  0|   66|          59|          59|
    |sub_ln44_1_fu_899_p2       |         -|   0|  0|   82|          82|          82|
    |sub_ln44_2_fu_977_p2       |         -|   0|  0|  102|         102|         102|
    |sub_ln44_3_fu_1065_p2      |         -|   0|  0|  121|         121|         121|
    |sub_ln44_4_fu_1149_p2      |         -|   0|  0|  126|         126|         126|
    |sub_ln44_5_fu_1233_p2      |         -|   0|  0|  131|         131|         131|
    |sub_ln44_6_fu_1379_p2      |         -|   0|  0|  136|         136|         136|
    |sub_ln44_fu_811_p2         |         -|   0|  0|   76|          76|          76|
    |sub_ln522_fu_1525_p2       |         -|   0|  0|  125|         118|         118|
    |and_ln18_fu_2177_p2        |       and|   0|  0|    2|           1|           1|
    |and_ln342_1_fu_2159_p2     |       and|   0|  0|    2|           1|           1|
    |and_ln342_fu_2154_p2       |       and|   0|  0|    2|           1|           1|
    |and_ln350_fu_2244_p2       |       and|   0|  0|    2|           1|           1|
    |and_ln628_fu_2267_p2       |       and|   0|  0|    2|           1|           1|
    |and_ln629_1_fu_2286_p2     |       and|   0|  0|    2|           1|           1|
    |and_ln629_fu_2272_p2       |       and|   0|  0|    2|           1|           1|
    |and_ln645_fu_2310_p2       |       and|   0|  0|    2|           1|           1|
    |x_is_1_fu_1951_p2          |       and|   0|  0|    2|           1|           1|
    |x_is_NaN_fu_1971_p2        |       and|   0|  0|    2|           1|           1|
    |x_is_inf_fu_1976_p2        |       and|   0|  0|    2|           1|           1|
    |x_is_neg_fu_1991_p2        |       and|   0|  0|    2|           1|           1|
    |x_is_p1_fu_1960_p2         |       and|   0|  0|    2|           1|           1|
    |icmp_ln18_fu_1284_p2       |      icmp|   0|  0|   18|          11|           2|
    |icmp_ln340_1_fu_681_p2     |      icmp|   0|  0|   59|          52|           1|
    |icmp_ln340_fu_1278_p2      |      icmp|   0|  0|   19|          12|           1|
    |icmp_ln563_fu_1674_p2      |      icmp|   0|  0|   25|          18|           1|
    |icmp_ln628_1_fu_2071_p2    |      icmp|   0|  0|   10|           3|           1|
    |icmp_ln628_fu_1630_p2      |      icmp|   0|  0|  137|         130|         130|
    |icmp_ln645_fu_2082_p2      |      icmp|   0|  0|   20|          13|          11|
    |x_is_0_fu_1289_p2          |      icmp|   0|  0|   18|          11|           1|
    |or_ln18_fu_2183_p2         |        or|   0|  0|    2|           1|           1|
    |or_ln342_fu_2165_p2        |        or|   0|  0|    2|           1|           1|
    |or_ln350_fu_2257_p2        |        or|   0|  0|    2|           1|           1|
    |or_ln357_fu_1980_p2        |        or|   0|  0|    2|           1|           1|
    |or_ln378_fu_1996_p2        |        or|   0|  0|    2|           1|           1|
    |or_ln628_1_fu_2299_p2      |        or|   0|  0|    2|           1|           1|
    |or_ln628_fu_2077_p2        |        or|   0|  0|    2|           1|           1|
    |ap_return                  |    select|   0|  0|   63|           1|          64|
    |b_exp_2_fu_1300_p3         |    select|   0|  0|   12|           1|          12|
    |eZ_fu_770_p3               |    select|   0|  0|   72|           1|          76|
    |mul_ln516_fu_614_p0        |    select|   0|  0|   54|           1|          54|
    |out_sig_fu_2108_p3         |    select|   0|  0|   52|           1|          52|
    |r_exp_2_fu_2054_p3         |    select|   0|  0|   13|           1|          13|
    |r_exp_fu_1694_p3           |    select|   0|  0|   13|           1|          13|
    |select_ln18_fu_2232_p3     |    select|   0|  0|   63|           1|          64|
    |select_ln342_fu_2226_p3    |    select|   0|  0|   63|           1|          64|
    |select_ln350_fu_2249_p3    |    select|   0|  0|   63|           1|          64|
    |select_ln378_1_fu_2140_p3  |    select|   0|  0|   63|           1|          64|
    |select_ln378_fu_2002_p3    |    select|   0|  0|   62|           1|          62|
    |select_ln563_fu_1686_p3    |    select|   0|  0|   13|           1|          13|
    |select_ln629_1_fu_2291_p3  |    select|   0|  0|   63|           1|          64|
    |select_ln629_fu_2278_p3    |    select|   0|  0|   63|           1|          64|
    |ap_enable_pp0              |       xor|   0|  0|    2|           1|           2|
    |xor_ln18_1_fu_2239_p2      |       xor|   0|  0|    2|           1|           2|
    |xor_ln18_fu_1966_p2        |       xor|   0|  0|    2|           1|           2|
    |xor_ln341_fu_1955_p2       |       xor|   0|  0|    2|           1|           2|
    |xor_ln342_fu_2171_p2       |       xor|   0|  0|    2|           1|           2|
    |xor_ln350_fu_2261_p2       |       xor|   0|  0|    2|           1|           2|
    |xor_ln357_fu_1985_p2       |       xor|   0|  0|    2|           1|           2|
    |xor_ln378_fu_2148_p2       |       xor|   0|  0|    2|           1|           2|
    |xor_ln628_fu_2304_p2       |       xor|   0|  0|    2|           1|           2|
    |xor_ln629_fu_2221_p2       |       xor|   0|  0|    2|           1|           2|
    +---------------------------+----------+----+---+-----+------------+------------+
    |Total                      |          |   0|  0| 4313|        3402|        3959|
    +---------------------------+----------+----+---+-----+------------+------------+

    * Multiplexer: 
    N/A

    * Register: 
    +-------------------------------+----+----+-----+-----------+
    |              Name             | FF | LUT| Bits| Const Bits|
    +-------------------------------+----+----+-----+-----------+
    |Z2_reg_2625                    |   8|   0|    8|          0|
    |Z2_reg_2625_pp0_iter15_reg     |   8|   0|    8|          0|
    |Z3_reg_2632                    |   8|   0|    8|          0|
    |Z4_reg_2637                    |  35|   0|   35|          0|
    |a_1_reg_2407                   |   6|   0|    6|          0|
    |a_2_reg_2424                   |   6|   0|    6|          0|
    |a_reg_2385                     |   4|   0|    4|          0|
    |and_ln18_reg_2711              |   1|   0|    1|          0|
    |and_ln342_1_reg_2706           |   1|   0|    1|          0|
    |ap_CS_fsm                      |   1|   0|    1|          0|
    |ap_enable_reg_pp0_iter1        |   1|   0|    1|          0|
    |ap_enable_reg_pp0_iter10       |   1|   0|    1|          0|
    |ap_enable_reg_pp0_iter11       |   1|   0|    1|          0|
    |ap_enable_reg_pp0_iter12       |   1|   0|    1|          0|
    |ap_enable_reg_pp0_iter13       |   1|   0|    1|          0|
    |ap_enable_reg_pp0_iter14       |   1|   0|    1|          0|
    |ap_enable_reg_pp0_iter15       |   1|   0|    1|          0|
    |ap_enable_reg_pp0_iter16       |   1|   0|    1|          0|
    |ap_enable_reg_pp0_iter17       |   1|   0|    1|          0|
    |ap_enable_reg_pp0_iter18       |   1|   0|    1|          0|
    |ap_enable_reg_pp0_iter2        |   1|   0|    1|          0|
    |ap_enable_reg_pp0_iter3        |   1|   0|    1|          0|
    |ap_enable_reg_pp0_iter4        |   1|   0|    1|          0|
    |ap_enable_reg_pp0_iter5        |   1|   0|    1|          0|
    |ap_enable_reg_pp0_iter6        |   1|   0|    1|          0|
    |ap_enable_reg_pp0_iter7        |   1|   0|    1|          0|
    |ap_enable_reg_pp0_iter8        |   1|   0|    1|          0|
    |ap_enable_reg_pp0_iter9        |   1|   0|    1|          0|
    |b_exp_2_reg_2522               |  12|   0|   12|          0|
    |bs_exp_reg_2341                |  11|   0|   11|          0|
    |bs_sig_reg_2348                |  52|   0|   52|          0|
    |bs_sign_reg_2334               |   1|   0|    1|          0|
    |exp_Z1P_m_1_reg_2673           |  50|   0|   50|          0|
    |exp_Z1_hi_reg_2678             |  50|   0|   50|          0|
    |exp_Z1_reg_2668                |  58|   0|   58|          0|
    |exp_Z2P_m_1_reg_2657           |  44|   0|   44|          0|
    |icmp_ln18_reg_2508             |   1|   0|    1|          0|
    |icmp_ln340_1_reg_2371          |   1|   0|    1|          0|
    |icmp_ln340_reg_2503            |   1|   0|    1|          0|
    |icmp_ln628_reg_2597            |   1|   0|    1|          0|
    |icmp_ln645_reg_2696            |   1|   0|    1|          0|
    |m_diff_hi_reg_2620             |   8|   0|    8|          0|
    |mul_ln516_reg_2378             |  54|   0|   54|          0|
    |or_ln18_reg_2716               |   1|   0|    1|          0|
    |or_ln628_reg_2690              |   1|   0|    1|          0|
    |r_exp_reg_2613                 |  13|   0|   13|          0|
    |select_ln378_1_reg_2701        |  64|   0|   64|          0|
    |sub_ln44_1_reg_2418            |  82|   0|   82|          0|
    |tmp_10_reg_2413                |  67|   0|   67|          0|
    |tmp_11_reg_2441                |  86|   0|   86|          0|
    |tmp_12_reg_2446                |   6|   0|    6|          0|
    |tmp_13_reg_2452                |  87|   0|   87|          0|
    |tmp_14_reg_2458                |  81|   0|   81|          0|
    |tmp_15_reg_2463                |   6|   0|    6|          0|
    |tmp_16_reg_2469                |  82|   0|   82|          0|
    |tmp_17_reg_2475                |  76|   0|   76|          0|
    |tmp_18_reg_2480                |   6|   0|    6|          0|
    |tmp_18_reg_2480_pp0_iter7_reg  |   6|   0|    6|          0|
    |tmp_19_reg_2486                |  77|   0|   77|          0|
    |tmp_20_reg_2492                |  71|   0|   71|          0|
    |tmp_21_reg_2497                |   6|   0|    6|          0|
    |tmp_22_reg_2567                |  72|   0|   72|          0|
    |tmp_23_reg_2572                |  40|   0|   40|          0|
    |tmp_2_reg_2355                 |   1|   0|    1|          0|
    |tmp_3_reg_2396                 |   1|   0|    1|          0|
    |tmp_5_reg_2582                 |   1|   0|    1|          0|
    |tmp_5_reg_2582_pp0_iter11_reg  |   1|   0|    1|          0|
    |tmp_9_reg_2602                 |   1|   0|    1|          0|
    |trunc_ln1_reg_2577             |  77|   0|   77|          0|
    |trunc_ln39_1_reg_2430          |  76|   0|   76|          0|
    |trunc_ln39_reg_2391            |  50|   0|   50|          0|
    |trunc_ln3_reg_2592             |  59|   0|   59|          0|
    |x_is_0_reg_2515                |   1|   0|    1|          0|
    |x_is_neg_reg_2683              |   1|   0|    1|          0|
    |z2_reg_2401                    |  73|   0|   73|          0|
    |z4_reg_2435                    |  92|   0|   92|          0|
    |zext_ln502_reg_2361            |   6|   0|   64|         58|
    |a_1_reg_2407                   |  64|  32|    6|          0|
    |a_2_reg_2424                   |  64|  32|    6|          0|
    |a_reg_2385                     |  64|  32|    4|          0|
    |bs_exp_reg_2341                |  64|  32|   11|          0|
    |bs_sign_reg_2334               |  64|  32|    1|          0|
    |icmp_ln18_reg_2508             |  64|  32|    1|          0|
    |icmp_ln340_1_reg_2371          |  64|  32|    1|          0|
    |icmp_ln340_reg_2503            |  64|  32|    1|          0|
    |icmp_ln628_reg_2597            |  64|  32|    1|          0|
    |r_exp_reg_2613                 |  64|  32|   13|          0|
    |tmp_12_reg_2446                |  64|  32|    6|          0|
    |tmp_15_reg_2463                |  64|  32|    6|          0|
    |tmp_2_reg_2355                 |  64|  32|    1|          0|
    |tmp_9_reg_2602                 |  64|  32|    1|          0|
    |trunc_ln3_reg_2592             |  64|  32|   59|          0|
    |x_is_0_reg_2515                |  64|  32|    1|          0|
    |zext_ln502_reg_2361            |  64|  32|   64|         58|
    +-------------------------------+----+----+-----+-----------+
    |Total                          |2899| 544| 2052|        116|
    +-------------------------------+----+----+-----+-----------+



================================================================
== Interface
================================================================
* Summary: 
+-----------+-----+-----+------------+---------------------+--------------+
| RTL Ports | Dir | Bits|  Protocol  |    Source Object    |    C Type    |
+-----------+-----+-----+------------+---------------------+--------------+
|ap_clk     |   in|    1|  ap_ctrl_hs|  pow_generic<double>|  return value|
|ap_rst     |   in|    1|  ap_ctrl_hs|  pow_generic<double>|  return value|
|ap_start   |   in|    1|  ap_ctrl_hs|  pow_generic<double>|  return value|
|ap_done    |  out|    1|  ap_ctrl_hs|  pow_generic<double>|  return value|
|ap_idle    |  out|    1|  ap_ctrl_hs|  pow_generic<double>|  return value|
|ap_ready   |  out|    1|  ap_ctrl_hs|  pow_generic<double>|  return value|
|ap_return  |  out|   64|  ap_ctrl_hs|  pow_generic<double>|  return value|
|base_r     |   in|   64|     ap_none|               base_r|        scalar|
+-----------+-----+-----+------------+---------------------+--------------+

