

================================================================
== Vitis HLS Report for 'RoPE_Pipeline_l_rotary_1_i8_l_j6'
================================================================
* Date:           Wed Feb  5 22:35:54 2025

* Version:        2023.2 (Build 4023990 on Oct 11 2023)
* Project:        DitBlock
* Solution:       hls (Vivado IP Flow Target)
* Product family: virtexuplusHBM
* Target device:  xcu280-fsvh2892-2L-e


================================================================
== Performance Estimates
================================================================
+ Timing: 
    * Summary: 
    +--------+----------+----------+------------+
    |  Clock |  Target  | Estimated| Uncertainty|
    +--------+----------+----------+------------+
    |ap_clk  |  10.00 ns|  6.149 ns|     2.70 ns|
    +--------+----------+----------+------------+

+ Latency: 
    * Summary: 
    +---------+---------+----------+----------+-------+-------+---------+
    |  Latency (cycles) |  Latency (absolute) |    Interval   | Pipeline|
    |   min   |   max   |    min   |    max   |  min  |  max  |   Type  |
    +---------+---------+----------+----------+-------+-------+---------+
    |    32775|    32775|  0.328 ms|  0.328 ms|  32775|  32775|       no|
    +---------+---------+----------+----------+-------+-------+---------+

    + Detail: 
        * Instance: 
        N/A

        * Loop: 
        +----------------------+---------+---------+----------+-----------+-----------+-------+----------+
        |                      |  Latency (cycles) | Iteration|  Initiation Interval  |  Trip |          |
        |       Loop Name      |   min   |   max   |  Latency |  achieved |   target  | Count | Pipelined|
        +----------------------+---------+---------+----------+-----------+-----------+-------+----------+
        |- l_rotary_1_i8_l_j6  |    32773|    32773|         7|          1|          1|  32768|       yes|
        +----------------------+---------+---------+----------+-----------+-----------+-------+----------+



================================================================
== Utilization Estimates
================================================================
* Summary: 
+---------------------+---------+------+---------+---------+-----+
|         Name        | BRAM_18K|  DSP |    FF   |   LUT   | URAM|
+---------------------+---------+------+---------+---------+-----+
|DSP                  |        -|     -|        -|        -|    -|
|Expression           |        -|     -|        0|      133|    -|
|FIFO                 |        -|     -|        -|        -|    -|
|Instance             |        -|     -|        -|        -|    -|
|Memory               |        -|     -|        -|        -|    -|
|Multiplexer          |        -|     -|        -|       54|    -|
|Register             |        -|     -|      222|       32|    -|
+---------------------+---------+------+---------+---------+-----+
|Total                |        0|     0|      222|      219|    0|
+---------------------+---------+------+---------+---------+-----+
|Available SLR        |     1344|  3008|   869120|   434560|  320|
+---------------------+---------+------+---------+---------+-----+
|Utilization SLR (%)  |        0|     0|       ~0|       ~0|    0|
+---------------------+---------+------+---------+---------+-----+
|Available            |     4032|  9024|  2607360|  1303680|  960|
+---------------------+---------+------+---------+---------+-----+
|Utilization (%)      |        0|     0|       ~0|       ~0|    0|
+---------------------+---------+------+---------+---------+-----+

+ Detail: 
    * Instance: 
    N/A

    * DSP: 
    N/A

    * Memory: 
    N/A

    * FIFO: 
    N/A

    * Expression: 
    +---------------------------+----------+----+---+----+------------+------------+
    |       Variable Name       | Operation| DSP| FF| LUT| Bitwidth P0| Bitwidth P1|
    +---------------------------+----------+----+---+----+------------+------------+
    |add_ln9629_1_fu_167_p2     |         +|   0|  0|  23|          16|           1|
    |add_ln9629_fu_179_p2       |         +|   0|  0|  18|          11|           1|
    |add_ln9630_fu_237_p2       |         +|   0|  0|  13|           6|           1|
    |add_ln9631_fu_223_p2       |         +|   0|  0|  22|          15|          15|
    |icmp_ln9629_fu_161_p2      |      icmp|   0|  0|  24|          16|          17|
    |icmp_ln9630_fu_185_p2      |      icmp|   0|  0|  14|           6|           7|
    |select_ln9629_1_fu_199_p3  |    select|   0|  0|  11|           1|          11|
    |select_ln9629_fu_191_p3    |    select|   0|  0|   6|           1|           1|
    |ap_enable_pp0              |       xor|   0|  0|   2|           1|           2|
    +---------------------------+----------+----+---+----+------------+------------+
    |Total                      |          |   0|  0| 133|          73|          56|
    +---------------------------+----------+----+---+----+------------+------------+

    * Multiplexer: 
    +-------------------------+----+-----------+-----+-----------+
    |           Name          | LUT| Input Size| Bits| Total Bits|
    +-------------------------+----+-----------+-----+-----------+
    |ap_done_int              |   9|          2|    1|          2|
    |ap_enable_reg_pp0_iter1  |   9|          2|    1|          2|
    |ap_enable_reg_pp0_iter2  |   9|          2|    1|          2|
    |i8_fu_54                 |   9|          2|   11|         22|
    |indvar_flatten27_fu_58   |   9|          2|   16|         32|
    |j6_fu_50                 |   9|          2|    6|         12|
    +-------------------------+----+-----------+-----+-----------+
    |Total                    |  54|         12|   36|         72|
    +-------------------------+----+-----------+-----+-----------+

    * Register: 
    +----------------------------------+----+----+-----+-----------+
    |               Name               | FF | LUT| Bits| Const Bits|
    +----------------------------------+----+----+-----+-----------+
    |ap_CS_fsm                         |   1|   0|    1|          0|
    |ap_done_reg                       |   1|   0|    1|          0|
    |ap_enable_reg_pp0_iter1           |   1|   0|    1|          0|
    |ap_enable_reg_pp0_iter2           |   1|   0|    1|          0|
    |ap_enable_reg_pp0_iter3           |   1|   0|    1|          0|
    |ap_enable_reg_pp0_iter4           |   1|   0|    1|          0|
    |ap_enable_reg_pp0_iter5           |   1|   0|    1|          0|
    |ap_enable_reg_pp0_iter6           |   1|   0|    1|          0|
    |ap_enable_reg_pp0_iter7           |   1|   0|    1|          0|
    |ap_loop_exit_ready_pp0_iter2_reg  |   1|   0|    1|          0|
    |ap_loop_exit_ready_pp0_iter3_reg  |   1|   0|    1|          0|
    |ap_loop_exit_ready_pp0_iter4_reg  |   1|   0|    1|          0|
    |ap_loop_exit_ready_pp0_iter5_reg  |   1|   0|    1|          0|
    |ap_loop_exit_ready_pp0_iter6_reg  |   1|   0|    1|          0|
    |i8_fu_54                          |  11|   0|   11|          0|
    |indvar_flatten27_fu_58            |  16|   0|   16|          0|
    |j6_fu_50                          |   6|   0|    6|          0|
    |v5245_reg_328                     |  32|   0|   32|          0|
    |v5248_reg_333                     |  32|   0|   32|          0|
    |v5249_reg_338                     |  32|   0|   32|          0|
    |zext_ln9631_1_reg_283             |  15|   0|   64|         49|
    |zext_ln9631_1_reg_283             |  64|  32|   64|         49|
    +----------------------------------+----+----+-----+-----------+
    |Total                             | 222|  32|  271|         98|
    +----------------------------------+----+----+-----+-----------+



================================================================
== Interface
================================================================
* Summary: 
+---------------------+-----+-----+------------+----------------------------------+--------------+
|      RTL Ports      | Dir | Bits|  Protocol  |           Source Object          |    C Type    |
+---------------------+-----+-----+------------+----------------------------------+--------------+
|ap_clk               |   in|    1|  ap_ctrl_hs|  RoPE_Pipeline_l_rotary_1_i8_l_j6|  return value|
|ap_rst               |   in|    1|  ap_ctrl_hs|  RoPE_Pipeline_l_rotary_1_i8_l_j6|  return value|
|ap_start             |   in|    1|  ap_ctrl_hs|  RoPE_Pipeline_l_rotary_1_i8_l_j6|  return value|
|ap_done              |  out|    1|  ap_ctrl_hs|  RoPE_Pipeline_l_rotary_1_i8_l_j6|  return value|
|ap_idle              |  out|    1|  ap_ctrl_hs|  RoPE_Pipeline_l_rotary_1_i8_l_j6|  return value|
|ap_ready             |  out|    1|  ap_ctrl_hs|  RoPE_Pipeline_l_rotary_1_i8_l_j6|  return value|
|grp_fu_197_p_din0    |  out|   32|  ap_ctrl_hs|  RoPE_Pipeline_l_rotary_1_i8_l_j6|  return value|
|grp_fu_197_p_din1    |  out|   32|  ap_ctrl_hs|  RoPE_Pipeline_l_rotary_1_i8_l_j6|  return value|
|grp_fu_197_p_opcode  |  out|    1|  ap_ctrl_hs|  RoPE_Pipeline_l_rotary_1_i8_l_j6|  return value|
|grp_fu_197_p_dout0   |   in|   32|  ap_ctrl_hs|  RoPE_Pipeline_l_rotary_1_i8_l_j6|  return value|
|grp_fu_197_p_ce      |  out|    1|  ap_ctrl_hs|  RoPE_Pipeline_l_rotary_1_i8_l_j6|  return value|
|grp_fu_201_p_din0    |  out|   32|  ap_ctrl_hs|  RoPE_Pipeline_l_rotary_1_i8_l_j6|  return value|
|grp_fu_201_p_din1    |  out|   32|  ap_ctrl_hs|  RoPE_Pipeline_l_rotary_1_i8_l_j6|  return value|
|grp_fu_201_p_dout0   |   in|   32|  ap_ctrl_hs|  RoPE_Pipeline_l_rotary_1_i8_l_j6|  return value|
|grp_fu_201_p_ce      |  out|    1|  ap_ctrl_hs|  RoPE_Pipeline_l_rotary_1_i8_l_j6|  return value|
|grp_fu_205_p_din0    |  out|   32|  ap_ctrl_hs|  RoPE_Pipeline_l_rotary_1_i8_l_j6|  return value|
|grp_fu_205_p_din1    |  out|   32|  ap_ctrl_hs|  RoPE_Pipeline_l_rotary_1_i8_l_j6|  return value|
|grp_fu_205_p_dout0   |   in|   32|  ap_ctrl_hs|  RoPE_Pipeline_l_rotary_1_i8_l_j6|  return value|
|grp_fu_205_p_ce      |  out|    1|  ap_ctrl_hs|  RoPE_Pipeline_l_rotary_1_i8_l_j6|  return value|
|v5223_address0       |  out|   15|   ap_memory|                             v5223|         array|
|v5223_ce0            |  out|    1|   ap_memory|                             v5223|         array|
|v5223_q0             |   in|   32|   ap_memory|                             v5223|         array|
|v5224_address0       |  out|   15|   ap_memory|                             v5224|         array|
|v5224_ce0            |  out|    1|   ap_memory|                             v5224|         array|
|v5224_q0             |   in|   32|   ap_memory|                             v5224|         array|
|X_1_h_address0       |  out|   15|   ap_memory|                             X_1_h|         array|
|X_1_h_ce0            |  out|    1|   ap_memory|                             X_1_h|         array|
|X_1_h_q0             |   in|   32|   ap_memory|                             X_1_h|         array|
|X_2_h_address0       |  out|   15|   ap_memory|                             X_2_h|         array|
|X_2_h_ce0            |  out|    1|   ap_memory|                             X_2_h|         array|
|X_2_h_q0             |   in|   32|   ap_memory|                             X_2_h|         array|
|X_1_rotary_address0  |  out|   15|   ap_memory|                        X_1_rotary|         array|
|X_1_rotary_ce0       |  out|    1|   ap_memory|                        X_1_rotary|         array|
|X_1_rotary_we0       |  out|    1|   ap_memory|                        X_1_rotary|         array|
|X_1_rotary_d0        |  out|   32|   ap_memory|                        X_1_rotary|         array|
+---------------------+-----+-----+------------+----------------------------------+--------------+

