

================================================================
== Vitis HLS Report for 'RoPE_Pipeline_VITIS_LOOP_9618_1_VITIS_LOOP_9619_2'
================================================================
* Date:           Wed Feb  5 22:35:54 2025

* Version:        2023.2 (Build 4023990 on Oct 11 2023)
* Project:        DitBlock
* Solution:       hls (Vivado IP Flow Target)
* Product family: virtexuplusHBM
* Target device:  xcu280-fsvh2892-2L-e


================================================================
== Performance Estimates
================================================================
+ Timing: 
    * Summary: 
    +--------+----------+----------+------------+
    |  Clock |  Target  | Estimated| Uncertainty|
    +--------+----------+----------+------------+
    |ap_clk  |  10.00 ns|  3.059 ns|     2.70 ns|
    +--------+----------+----------+------------+

+ Latency: 
    * Summary: 
    +---------+---------+----------+----------+-------+-------+---------+
    |  Latency (cycles) |  Latency (absolute) |    Interval   | Pipeline|
    |   min   |   max   |    min   |    max   |  min  |  max  |   Type  |
    +---------+---------+----------+----------+-------+-------+---------+
    |    32770|    32770|  0.328 ms|  0.328 ms|  32770|  32770|       no|
    +---------+---------+----------+----------+-------+-------+---------+

    + Detail: 
        * Instance: 
        N/A

        * Loop: 
        +---------------------------------------+---------+---------+----------+-----------+-----------+-------+----------+
        |                                       |  Latency (cycles) | Iteration|  Initiation Interval  |  Trip |          |
        |               Loop Name               |   min   |   max   |  Latency |  achieved |   target  | Count | Pipelined|
        +---------------------------------------+---------+---------+----------+-----------+-----------+-------+----------+
        |- VITIS_LOOP_9618_1_VITIS_LOOP_9619_2  |    32768|    32768|         1|          1|          1|  32768|       yes|
        +---------------------------------------+---------+---------+----------+-----------+-----------+-------+----------+



================================================================
== Utilization Estimates
================================================================
* Summary: 
+---------------------+---------+------+---------+---------+-----+
|         Name        | BRAM_18K|  DSP |    FF   |   LUT   | URAM|
+---------------------+---------+------+---------+---------+-----+
|DSP                  |        -|     -|        -|        -|    -|
|Expression           |        -|     -|        0|      133|    -|
|FIFO                 |        -|     -|        -|        -|    -|
|Instance             |        -|     -|        -|        -|    -|
|Memory               |        -|     -|        -|        -|    -|
|Multiplexer          |        -|     -|        -|       45|    -|
|Register             |        -|     -|       36|        -|    -|
+---------------------+---------+------+---------+---------+-----+
|Total                |        0|     0|       36|      178|    0|
+---------------------+---------+------+---------+---------+-----+
|Available SLR        |     1344|  3008|   869120|   434560|  320|
+---------------------+---------+------+---------+---------+-----+
|Utilization SLR (%)  |        0|     0|       ~0|       ~0|    0|
+---------------------+---------+------+---------+---------+-----+
|Available            |     4032|  9024|  2607360|  1303680|  960|
+---------------------+---------+------+---------+---------+-----+
|Utilization (%)      |        0|     0|       ~0|       ~0|    0|
+---------------------+---------+------+---------+---------+-----+

+ Detail: 
    * Instance: 
    N/A

    * DSP: 
    N/A

    * Memory: 
    N/A

    * FIFO: 
    N/A

    * Expression: 
    +---------------------------+----------+----+---+----+------------+------------+
    |       Variable Name       | Operation| DSP| FF| LUT| Bitwidth P0| Bitwidth P1|
    +---------------------------+----------+----+---+----+------------+------------+
    |add_ln9618_1_fu_94_p2      |         +|   0|  0|  23|          16|           1|
    |add_ln9618_fu_106_p2       |         +|   0|  0|  18|          11|           1|
    |add_ln9619_fu_161_p2       |         +|   0|  0|  13|           6|           1|
    |add_ln9620_fu_150_p2       |         +|   0|  0|  22|          15|          15|
    |icmp_ln9618_fu_88_p2       |      icmp|   0|  0|  24|          16|          17|
    |icmp_ln9619_fu_112_p2      |      icmp|   0|  0|  14|           6|           7|
    |select_ln9618_1_fu_126_p3  |    select|   0|  0|  11|           1|          11|
    |select_ln9618_fu_118_p3    |    select|   0|  0|   6|           1|           1|
    |ap_enable_pp0              |       xor|   0|  0|   2|           1|           2|
    +---------------------------+----------+----+---+----+------------+------------+
    |Total                      |          |   0|  0| 133|          73|          56|
    +---------------------------+----------+----+---+----+------------+------------+

    * Multiplexer: 
    +-------------------------+----+-----------+-----+-----------+
    |           Name          | LUT| Input Size| Bits| Total Bits|
    +-------------------------+----+-----------+-----+-----------+
    |ap_done_int              |   9|          2|    1|          2|
    |ap_enable_reg_pp0_iter1  |   9|          2|    1|          2|
    |indvar_flatten13_fu_52   |   9|          2|   16|         32|
    |v5236_fu_48              |   9|          2|   11|         22|
    |v5237_fu_44              |   9|          2|    6|         12|
    +-------------------------+----+-----------+-----+-----------+
    |Total                    |  45|         10|   35|         70|
    +-------------------------+----+-----------+-----+-----------+

    * Register: 
    +-------------------------+----+----+-----+-----------+
    |           Name          | FF | LUT| Bits| Const Bits|
    +-------------------------+----+----+-----+-----------+
    |ap_CS_fsm                |   1|   0|    1|          0|
    |ap_done_reg              |   1|   0|    1|          0|
    |ap_enable_reg_pp0_iter1  |   1|   0|    1|          0|
    |indvar_flatten13_fu_52   |  16|   0|   16|          0|
    |v5236_fu_48              |  11|   0|   11|          0|
    |v5237_fu_44              |   6|   0|    6|          0|
    +-------------------------+----+----+-----+-----------+
    |Total                    |  36|   0|   36|          0|
    +-------------------------+----+----+-----+-----------+



================================================================
== Interface
================================================================
* Summary: 
+---------------------+-----+-----+------------+---------------------------------------------------+--------------+
|      RTL Ports      | Dir | Bits|  Protocol  |                   Source Object                   |    C Type    |
+---------------------+-----+-----+------------+---------------------------------------------------+--------------+
|ap_clk               |   in|    1|  ap_ctrl_hs|  RoPE_Pipeline_VITIS_LOOP_9618_1_VITIS_LOOP_9619_2|  return value|
|ap_rst               |   in|    1|  ap_ctrl_hs|  RoPE_Pipeline_VITIS_LOOP_9618_1_VITIS_LOOP_9619_2|  return value|
|ap_start             |   in|    1|  ap_ctrl_hs|  RoPE_Pipeline_VITIS_LOOP_9618_1_VITIS_LOOP_9619_2|  return value|
|ap_done              |  out|    1|  ap_ctrl_hs|  RoPE_Pipeline_VITIS_LOOP_9618_1_VITIS_LOOP_9619_2|  return value|
|ap_idle              |  out|    1|  ap_ctrl_hs|  RoPE_Pipeline_VITIS_LOOP_9618_1_VITIS_LOOP_9619_2|  return value|
|ap_ready             |  out|    1|  ap_ctrl_hs|  RoPE_Pipeline_VITIS_LOOP_9618_1_VITIS_LOOP_9619_2|  return value|
|X_1_rotary_address0  |  out|   15|   ap_memory|                                         X_1_rotary|         array|
|X_1_rotary_ce0       |  out|    1|   ap_memory|                                         X_1_rotary|         array|
|X_1_rotary_we0       |  out|    1|   ap_memory|                                         X_1_rotary|         array|
|X_1_rotary_d0        |  out|   32|   ap_memory|                                         X_1_rotary|         array|
+---------------------+-----+-----+------------+---------------------------------------------------+--------------+

