

================================================================
== Vitis HLS Report for 'scaled_dot_product_attention_Pipeline_VITIS_LOOP_15723_5_VITIS_LOOP_15724_6'
================================================================
* Date:           Wed Feb  5 22:36:22 2025

* Version:        2023.2 (Build 4023990 on Oct 11 2023)
* Project:        DitBlock
* Solution:       hls (Vivado IP Flow Target)
* Product family: virtexuplusHBM
* Target device:  xcu280-fsvh2892-2L-e


================================================================
== Performance Estimates
================================================================
+ Timing: 
    * Summary: 
    +--------+----------+----------+------------+
    |  Clock |  Target  | Estimated| Uncertainty|
    +--------+----------+----------+------------+
    |ap_clk  |  10.00 ns|  3.093 ns|     2.70 ns|
    +--------+----------+----------+------------+

+ Latency: 
    * Summary: 
    +---------+---------+-----------+-----------+---------+---------+---------+
    |  Latency (cycles) |   Latency (absolute)  |      Interval     | Pipeline|
    |   min   |   max   |    min    |    max    |   min   |   max   |   Type  |
    +---------+---------+-----------+-----------+---------+---------+---------+
    |  1048578|  1048578|  10.486 ms|  10.486 ms|  1048578|  1048578|       no|
    +---------+---------+-----------+-----------+---------+---------+---------+

    + Detail: 
        * Instance: 
        N/A

        * Loop: 
        +-----------------------------------------+---------+---------+----------+-----------+-----------+---------+----------+
        |                                         |  Latency (cycles) | Iteration|  Initiation Interval  |   Trip  |          |
        |                Loop Name                |   min   |   max   |  Latency |  achieved |   target  |  Count  | Pipelined|
        +-----------------------------------------+---------+---------+----------+-----------+-----------+---------+----------+
        |- VITIS_LOOP_15723_5_VITIS_LOOP_15724_6  |  1048576|  1048576|         1|          1|          1|  1048576|       yes|
        +-----------------------------------------+---------+---------+----------+-----------+-----------+---------+----------+



================================================================
== Utilization Estimates
================================================================
* Summary: 
+---------------------+---------+------+---------+---------+-----+
|         Name        | BRAM_18K|  DSP |    FF   |   LUT   | URAM|
+---------------------+---------+------+---------+---------+-----+
|DSP                  |        -|     -|        -|        -|    -|
|Expression           |        -|     -|        0|      163|    -|
|FIFO                 |        -|     -|        -|        -|    -|
|Instance             |        -|     -|        -|        -|    -|
|Memory               |        -|     -|        -|        -|    -|
|Multiplexer          |        -|     -|        -|       45|    -|
|Register             |        -|     -|       46|        -|    -|
+---------------------+---------+------+---------+---------+-----+
|Total                |        0|     0|       46|      208|    0|
+---------------------+---------+------+---------+---------+-----+
|Available SLR        |     1344|  3008|   869120|   434560|  320|
+---------------------+---------+------+---------+---------+-----+
|Utilization SLR (%)  |        0|     0|       ~0|       ~0|    0|
+---------------------+---------+------+---------+---------+-----+
|Available            |     4032|  9024|  2607360|  1303680|  960|
+---------------------+---------+------+---------+---------+-----+
|Utilization (%)      |        0|     0|       ~0|       ~0|    0|
+---------------------+---------+------+---------+---------+-----+

+ Detail: 
    * Instance: 
    N/A

    * DSP: 
    N/A

    * Memory: 
    N/A

    * FIFO: 
    N/A

    * Expression: 
    +----------------------------+----------+----+---+----+------------+------------+
    |        Variable Name       | Operation| DSP| FF| LUT| Bitwidth P0| Bitwidth P1|
    +----------------------------+----------+----+---+----+------------+------------+
    |add_ln15723_1_fu_90_p2      |         +|   0|  0|  28|          21|           1|
    |add_ln15723_fu_102_p2       |         +|   0|  0|  18|          11|           1|
    |add_ln15724_fu_157_p2       |         +|   0|  0|  18|          11|           1|
    |add_ln15725_fu_146_p2       |         +|   0|  0|  27|          20|          20|
    |icmp_ln15723_fu_84_p2       |      icmp|   0|  0|  29|          21|          22|
    |icmp_ln15724_fu_108_p2      |      icmp|   0|  0|  19|          11|          12|
    |select_ln15723_1_fu_122_p3  |    select|   0|  0|  11|           1|          11|
    |select_ln15723_fu_114_p3    |    select|   0|  0|  11|           1|           1|
    |ap_enable_pp0               |       xor|   0|  0|   2|           1|           2|
    +----------------------------+----------+----+---+----+------------+------------+
    |Total                       |          |   0|  0| 163|          98|          71|
    +----------------------------+----------+----+---+----+------------+------------+

    * Multiplexer: 
    +-------------------------+----+-----------+-----+-----------+
    |           Name          | LUT| Input Size| Bits| Total Bits|
    +-------------------------+----+-----------+-----+-----------+
    |ap_done_int              |   9|          2|    1|          2|
    |ap_enable_reg_pp0_iter1  |   9|          2|    1|          2|
    |indvar_flatten24_fu_48   |   9|          2|   21|         42|
    |v8584_fu_44              |   9|          2|   11|         22|
    |v8585_fu_40              |   9|          2|   11|         22|
    +-------------------------+----+-----------+-----+-----------+
    |Total                    |  45|         10|   45|         90|
    +-------------------------+----+-----------+-----+-----------+

    * Register: 
    +-------------------------+----+----+-----+-----------+
    |           Name          | FF | LUT| Bits| Const Bits|
    +-------------------------+----+----+-----+-----------+
    |ap_CS_fsm                |   1|   0|    1|          0|
    |ap_done_reg              |   1|   0|    1|          0|
    |ap_enable_reg_pp0_iter1  |   1|   0|    1|          0|
    |indvar_flatten24_fu_48   |  21|   0|   21|          0|
    |v8584_fu_44              |  11|   0|   11|          0|
    |v8585_fu_40              |  11|   0|   11|          0|
    +-------------------------+----+----+-----+-----------+
    |Total                    |  46|   0|   46|          0|
    +-------------------------+----+----+-----+-----------+



================================================================
== Interface
================================================================
* Summary: 
+--------------+-----+-----+------------+-----------------------------------------------------------------------------+--------------+
|   RTL Ports  | Dir | Bits|  Protocol  |                                Source Object                                |    C Type    |
+--------------+-----+-----+------------+-----------------------------------------------------------------------------+--------------+
|ap_clk        |   in|    1|  ap_ctrl_hs|  scaled_dot_product_attention_Pipeline_VITIS_LOOP_15723_5_VITIS_LOOP_15724_6|  return value|
|ap_rst        |   in|    1|  ap_ctrl_hs|  scaled_dot_product_attention_Pipeline_VITIS_LOOP_15723_5_VITIS_LOOP_15724_6|  return value|
|ap_start      |   in|    1|  ap_ctrl_hs|  scaled_dot_product_attention_Pipeline_VITIS_LOOP_15723_5_VITIS_LOOP_15724_6|  return value|
|ap_done       |  out|    1|  ap_ctrl_hs|  scaled_dot_product_attention_Pipeline_VITIS_LOOP_15723_5_VITIS_LOOP_15724_6|  return value|
|ap_idle       |  out|    1|  ap_ctrl_hs|  scaled_dot_product_attention_Pipeline_VITIS_LOOP_15723_5_VITIS_LOOP_15724_6|  return value|
|ap_ready      |  out|    1|  ap_ctrl_hs|  scaled_dot_product_attention_Pipeline_VITIS_LOOP_15723_5_VITIS_LOOP_15724_6|  return value|
|Y_t_address0  |  out|   20|   ap_memory|                                                                          Y_t|         array|
|Y_t_ce0       |  out|    1|   ap_memory|                                                                          Y_t|         array|
|Y_t_we0       |  out|    1|   ap_memory|                                                                          Y_t|         array|
|Y_t_d0        |  out|   32|   ap_memory|                                                                          Y_t|         array|
+--------------+-----+-----+------------+-----------------------------------------------------------------------------+--------------+

