

================================================================
== Vitis HLS Report for 'systolic_tile_QKT'
================================================================
* Date:           Wed Feb  5 22:36:22 2025

* Version:        2023.2 (Build 4023990 on Oct 11 2023)
* Project:        DitBlock
* Solution:       hls (Vivado IP Flow Target)
* Product family: virtexuplusHBM
* Target device:  xcu280-fsvh2892-2L-e


================================================================
== Performance Estimates
================================================================
+ Timing: 
    * Summary: 
    +--------+----------+----------+------------+
    |  Clock |  Target  | Estimated| Uncertainty|
    +--------+----------+----------+------------+
    |ap_clk  |  10.00 ns|  6.536 ns|     2.70 ns|
    +--------+----------+----------+------------+

+ Latency: 
    * Summary: 
    +---------+---------+----------+----------+-----+-----+----------+
    |  Latency (cycles) |  Latency (absolute) |  Interval | Pipeline |
    |   min   |   max   |    min   |    max   | min | max |   Type   |
    +---------+---------+----------+----------+-----+-----+----------+
    |      148|      148|  1.480 us|  1.480 us|  134|  134|  dataflow|
    +---------+---------+----------+----------+-----+-----+----------+

    + Detail: 
        * Instance: 
        +----------------------------------------------------+-------------------------------------------------+---------+---------+----------+----------+-----+-----+---------+
        |                                                    |                                                 |  Latency (cycles) |  Latency (absolute) |  Interval | Pipeline|
        |                      Instance                      |                      Module                     |   min   |   max   |    min   |    max   | min | max |   Type  |
        +----------------------------------------------------+-------------------------------------------------+---------+---------+----------+----------+-----+-----+---------+
        |systolic_tile_QKT_Loop_l_data_load_k272_proc26_U0   |systolic_tile_QKT_Loop_l_data_load_k272_proc26   |       66|       66|  0.660 us|  0.660 us|   66|   66|       no|
        |PE_kernel_QKT_0_0_1_U0                              |PE_kernel_QKT_0_0_1                              |      133|      133|  1.330 us|  1.330 us|  133|  133|       no|
        |PE_kernel_QKT_1_0_1_U0                              |PE_kernel_QKT_1_0_1                              |      133|      133|  1.330 us|  1.330 us|  133|  133|       no|
        |PE_kernel_QKT_0_1_1_U0                              |PE_kernel_QKT_0_1_1                              |      133|      133|  1.330 us|  1.330 us|  133|  133|       no|
        |PE_kernel_QKT_2_0_1_U0                              |PE_kernel_QKT_2_0_1                              |      133|      133|  1.330 us|  1.330 us|  133|  133|       no|
        |PE_kernel_QKT_1_1_1_U0                              |PE_kernel_QKT_1_1_1                              |      133|      133|  1.330 us|  1.330 us|  133|  133|       no|
        |PE_kernel_QKT_0_2_1_U0                              |PE_kernel_QKT_0_2_1                              |      133|      133|  1.330 us|  1.330 us|  133|  133|       no|
        |PE_kernel_QKT_3_0_1_U0                              |PE_kernel_QKT_3_0_1                              |      133|      133|  1.330 us|  1.330 us|  133|  133|       no|
        |PE_kernel_QKT_2_1_1_U0                              |PE_kernel_QKT_2_1_1                              |      133|      133|  1.330 us|  1.330 us|  133|  133|       no|
        |PE_kernel_QKT_1_2_1_U0                              |PE_kernel_QKT_1_2_1                              |      133|      133|  1.330 us|  1.330 us|  133|  133|       no|
        |PE_kernel_QKT_0_3_1_U0                              |PE_kernel_QKT_0_3_1                              |      133|      133|  1.330 us|  1.330 us|  133|  133|       no|
        |PE_kernel_QKT_4_0_1_U0                              |PE_kernel_QKT_4_0_1                              |      133|      133|  1.330 us|  1.330 us|  133|  133|       no|
        |PE_kernel_QKT_3_1_1_U0                              |PE_kernel_QKT_3_1_1                              |      133|      133|  1.330 us|  1.330 us|  133|  133|       no|
        |PE_kernel_QKT_2_2_1_U0                              |PE_kernel_QKT_2_2_1                              |      133|      133|  1.330 us|  1.330 us|  133|  133|       no|
        |PE_kernel_QKT_1_3_1_U0                              |PE_kernel_QKT_1_3_1                              |      133|      133|  1.330 us|  1.330 us|  133|  133|       no|
        |PE_kernel_QKT_0_4_1_U0                              |PE_kernel_QKT_0_4_1                              |      133|      133|  1.330 us|  1.330 us|  133|  133|       no|
        |PE_kernel_QKT_5_0_1_U0                              |PE_kernel_QKT_5_0_1                              |      133|      133|  1.330 us|  1.330 us|  133|  133|       no|
        |PE_kernel_QKT_4_1_1_U0                              |PE_kernel_QKT_4_1_1                              |      133|      133|  1.330 us|  1.330 us|  133|  133|       no|
        |PE_kernel_QKT_3_2_1_U0                              |PE_kernel_QKT_3_2_1                              |      133|      133|  1.330 us|  1.330 us|  133|  133|       no|
        |PE_kernel_QKT_2_3_1_U0                              |PE_kernel_QKT_2_3_1                              |      133|      133|  1.330 us|  1.330 us|  133|  133|       no|
        |PE_kernel_QKT_1_4_1_U0                              |PE_kernel_QKT_1_4_1                              |      133|      133|  1.330 us|  1.330 us|  133|  133|       no|
        |PE_kernel_QKT_0_5_1_U0                              |PE_kernel_QKT_0_5_1                              |      133|      133|  1.330 us|  1.330 us|  133|  133|       no|
        |PE_kernel_QKT_6_0_1_U0                              |PE_kernel_QKT_6_0_1                              |      133|      133|  1.330 us|  1.330 us|  133|  133|       no|
        |PE_kernel_QKT_5_1_1_U0                              |PE_kernel_QKT_5_1_1                              |      133|      133|  1.330 us|  1.330 us|  133|  133|       no|
        |PE_kernel_QKT_4_2_1_U0                              |PE_kernel_QKT_4_2_1                              |      133|      133|  1.330 us|  1.330 us|  133|  133|       no|
        |PE_kernel_QKT_3_3_1_U0                              |PE_kernel_QKT_3_3_1                              |      133|      133|  1.330 us|  1.330 us|  133|  133|       no|
        |PE_kernel_QKT_2_4_1_U0                              |PE_kernel_QKT_2_4_1                              |      133|      133|  1.330 us|  1.330 us|  133|  133|       no|
        |PE_kernel_QKT_1_5_1_U0                              |PE_kernel_QKT_1_5_1                              |      133|      133|  1.330 us|  1.330 us|  133|  133|       no|
        |PE_kernel_QKT_0_6_1_U0                              |PE_kernel_QKT_0_6_1                              |      133|      133|  1.330 us|  1.330 us|  133|  133|       no|
        |PE_kernel_QKT_7_0_1_U0                              |PE_kernel_QKT_7_0_1                              |      133|      133|  1.330 us|  1.330 us|  133|  133|       no|
        |PE_kernel_QKT_6_1_1_U0                              |PE_kernel_QKT_6_1_1                              |      133|      133|  1.330 us|  1.330 us|  133|  133|       no|
        |PE_kernel_QKT_5_2_1_U0                              |PE_kernel_QKT_5_2_1                              |      133|      133|  1.330 us|  1.330 us|  133|  133|       no|
        |PE_kernel_QKT_4_3_1_U0                              |PE_kernel_QKT_4_3_1                              |      133|      133|  1.330 us|  1.330 us|  133|  133|       no|
        |PE_kernel_QKT_3_4_1_U0                              |PE_kernel_QKT_3_4_1                              |      133|      133|  1.330 us|  1.330 us|  133|  133|       no|
        |PE_kernel_QKT_2_5_1_U0                              |PE_kernel_QKT_2_5_1                              |      133|      133|  1.330 us|  1.330 us|  133|  133|       no|
        |PE_kernel_QKT_1_6_1_U0                              |PE_kernel_QKT_1_6_1                              |      133|      133|  1.330 us|  1.330 us|  133|  133|       no|
        |PE_kernel_QKT_0_7_1_U0                              |PE_kernel_QKT_0_7_1                              |      133|      133|  1.330 us|  1.330 us|  133|  133|       no|
        |PE_kernel_QKT_7_1_1_U0                              |PE_kernel_QKT_7_1_1                              |      133|      133|  1.330 us|  1.330 us|  133|  133|       no|
        |PE_kernel_QKT_6_2_1_U0                              |PE_kernel_QKT_6_2_1                              |      133|      133|  1.330 us|  1.330 us|  133|  133|       no|
        |PE_kernel_QKT_5_3_1_U0                              |PE_kernel_QKT_5_3_1                              |      133|      133|  1.330 us|  1.330 us|  133|  133|       no|
        |PE_kernel_QKT_4_4_1_U0                              |PE_kernel_QKT_4_4_1                              |      133|      133|  1.330 us|  1.330 us|  133|  133|       no|
        |PE_kernel_QKT_3_5_1_U0                              |PE_kernel_QKT_3_5_1                              |      133|      133|  1.330 us|  1.330 us|  133|  133|       no|
        |PE_kernel_QKT_2_6_1_U0                              |PE_kernel_QKT_2_6_1                              |      133|      133|  1.330 us|  1.330 us|  133|  133|       no|
        |PE_kernel_QKT_1_7_1_U0                              |PE_kernel_QKT_1_7_1                              |      133|      133|  1.330 us|  1.330 us|  133|  133|       no|
        |PE_kernel_QKT_7_2_1_U0                              |PE_kernel_QKT_7_2_1                              |      133|      133|  1.330 us|  1.330 us|  133|  133|       no|
        |PE_kernel_QKT_6_3_1_U0                              |PE_kernel_QKT_6_3_1                              |      133|      133|  1.330 us|  1.330 us|  133|  133|       no|
        |PE_kernel_QKT_5_4_1_U0                              |PE_kernel_QKT_5_4_1                              |      133|      133|  1.330 us|  1.330 us|  133|  133|       no|
        |PE_kernel_QKT_4_5_1_U0                              |PE_kernel_QKT_4_5_1                              |      133|      133|  1.330 us|  1.330 us|  133|  133|       no|
        |PE_kernel_QKT_3_6_1_U0                              |PE_kernel_QKT_3_6_1                              |      133|      133|  1.330 us|  1.330 us|  133|  133|       no|
        |PE_kernel_QKT_2_7_1_U0                              |PE_kernel_QKT_2_7_1                              |      133|      133|  1.330 us|  1.330 us|  133|  133|       no|
        |PE_kernel_QKT_7_3_1_U0                              |PE_kernel_QKT_7_3_1                              |      133|      133|  1.330 us|  1.330 us|  133|  133|       no|
        |PE_kernel_QKT_6_4_1_U0                              |PE_kernel_QKT_6_4_1                              |      133|      133|  1.330 us|  1.330 us|  133|  133|       no|
        |PE_kernel_QKT_5_5_1_U0                              |PE_kernel_QKT_5_5_1                              |      133|      133|  1.330 us|  1.330 us|  133|  133|       no|
        |PE_kernel_QKT_4_6_1_U0                              |PE_kernel_QKT_4_6_1                              |      133|      133|  1.330 us|  1.330 us|  133|  133|       no|
        |PE_kernel_QKT_3_7_1_U0                              |PE_kernel_QKT_3_7_1                              |      133|      133|  1.330 us|  1.330 us|  133|  133|       no|
        |PE_kernel_QKT_7_4_1_U0                              |PE_kernel_QKT_7_4_1                              |      133|      133|  1.330 us|  1.330 us|  133|  133|       no|
        |PE_kernel_QKT_6_5_1_U0                              |PE_kernel_QKT_6_5_1                              |      133|      133|  1.330 us|  1.330 us|  133|  133|       no|
        |PE_kernel_QKT_5_6_1_U0                              |PE_kernel_QKT_5_6_1                              |      133|      133|  1.330 us|  1.330 us|  133|  133|       no|
        |PE_kernel_QKT_4_7_1_U0                              |PE_kernel_QKT_4_7_1                              |      133|      133|  1.330 us|  1.330 us|  133|  133|       no|
        |PE_kernel_QKT_7_5_1_U0                              |PE_kernel_QKT_7_5_1                              |      133|      133|  1.330 us|  1.330 us|  133|  133|       no|
        |PE_kernel_QKT_6_6_1_U0                              |PE_kernel_QKT_6_6_1                              |      133|      133|  1.330 us|  1.330 us|  133|  133|       no|
        |PE_kernel_QKT_5_7_1_U0                              |PE_kernel_QKT_5_7_1                              |      133|      133|  1.330 us|  1.330 us|  133|  133|       no|
        |PE_kernel_QKT_7_6_1_U0                              |PE_kernel_QKT_7_6_1                              |      133|      133|  1.330 us|  1.330 us|  133|  133|       no|
        |PE_kernel_QKT_6_7_1_U0                              |PE_kernel_QKT_6_7_1                              |      133|      133|  1.330 us|  1.330 us|  133|  133|       no|
        |PE_kernel_QKT_7_7_1_U0                              |PE_kernel_QKT_7_7_1                              |      133|      133|  1.330 us|  1.330 us|  133|  133|       no|
        |systolic_tile_QKT_Loop_l_data_drain_k273_proc27_U0  |systolic_tile_QKT_Loop_l_data_drain_k273_proc27  |       66|       66|  0.660 us|  0.660 us|   66|   66|       no|
        +----------------------------------------------------+-------------------------------------------------+---------+---------+----------+----------+-----+-----+---------+

        * Loop: 
        N/A



================================================================
== Utilization Estimates
================================================================
* Summary: 
+---------------------+---------+------+---------+---------+-----+
|         Name        | BRAM_18K|  DSP |    FF   |   LUT   | URAM|
+---------------------+---------+------+---------+---------+-----+
|DSP                  |        -|     -|        -|        -|    -|
|Expression           |        -|     -|        0|       10|    -|
|FIFO                 |        -|     -|     1008|     4320|    -|
|Instance             |        -|   320|    27270|    31924|    -|
|Memory               |        -|     -|        -|        -|    -|
|Multiplexer          |        -|     -|        -|        -|    -|
|Register             |        -|     -|        -|        -|    -|
+---------------------+---------+------+---------+---------+-----+
|Total                |        0|   320|    28278|    36254|    0|
+---------------------+---------+------+---------+---------+-----+
|Available SLR        |     1344|  3008|   869120|   434560|  320|
+---------------------+---------+------+---------+---------+-----+
|Utilization SLR (%)  |        0|    10|        3|        8|    0|
+---------------------+---------+------+---------+---------+-----+
|Available            |     4032|  9024|  2607360|  1303680|  960|
+---------------------+---------+------+---------+---------+-----+
|Utilization (%)      |        0|     3|        1|        2|    0|
+---------------------+---------+------+---------+---------+-----+

+ Detail: 
    * Instance: 
    +----------------------------------------------------+-------------------------------------------------+---------+----+-----+-----+-----+
    |                      Instance                      |                      Module                     | BRAM_18K| DSP|  FF | LUT | URAM|
    +----------------------------------------------------+-------------------------------------------------+---------+----+-----+-----+-----+
    |PE_kernel_QKT_0_0_1_U0                              |PE_kernel_QKT_0_0_1                              |        0|   5|  425|  485|    0|
    |PE_kernel_QKT_0_1_1_U0                              |PE_kernel_QKT_0_1_1                              |        0|   5|  425|  485|    0|
    |PE_kernel_QKT_0_2_1_U0                              |PE_kernel_QKT_0_2_1                              |        0|   5|  426|  494|    0|
    |PE_kernel_QKT_0_3_1_U0                              |PE_kernel_QKT_0_3_1                              |        0|   5|  426|  494|    0|
    |PE_kernel_QKT_0_4_1_U0                              |PE_kernel_QKT_0_4_1                              |        0|   5|  426|  494|    0|
    |PE_kernel_QKT_0_5_1_U0                              |PE_kernel_QKT_0_5_1                              |        0|   5|  426|  494|    0|
    |PE_kernel_QKT_0_6_1_U0                              |PE_kernel_QKT_0_6_1                              |        0|   5|  426|  494|    0|
    |PE_kernel_QKT_0_7_1_U0                              |PE_kernel_QKT_0_7_1                              |        0|   5|  426|  494|    0|
    |PE_kernel_QKT_1_0_1_U0                              |PE_kernel_QKT_1_0_1                              |        0|   5|  426|  494|    0|
    |PE_kernel_QKT_1_1_1_U0                              |PE_kernel_QKT_1_1_1                              |        0|   5|  425|  485|    0|
    |PE_kernel_QKT_1_2_1_U0                              |PE_kernel_QKT_1_2_1                              |        0|   5|  425|  485|    0|
    |PE_kernel_QKT_1_3_1_U0                              |PE_kernel_QKT_1_3_1                              |        0|   5|  426|  494|    0|
    |PE_kernel_QKT_1_4_1_U0                              |PE_kernel_QKT_1_4_1                              |        0|   5|  426|  494|    0|
    |PE_kernel_QKT_1_5_1_U0                              |PE_kernel_QKT_1_5_1                              |        0|   5|  426|  494|    0|
    |PE_kernel_QKT_1_6_1_U0                              |PE_kernel_QKT_1_6_1                              |        0|   5|  426|  494|    0|
    |PE_kernel_QKT_1_7_1_U0                              |PE_kernel_QKT_1_7_1                              |        0|   5|  426|  494|    0|
    |PE_kernel_QKT_2_0_1_U0                              |PE_kernel_QKT_2_0_1                              |        0|   5|  426|  494|    0|
    |PE_kernel_QKT_2_1_1_U0                              |PE_kernel_QKT_2_1_1                              |        0|   5|  426|  494|    0|
    |PE_kernel_QKT_2_2_1_U0                              |PE_kernel_QKT_2_2_1                              |        0|   5|  425|  485|    0|
    |PE_kernel_QKT_2_3_1_U0                              |PE_kernel_QKT_2_3_1                              |        0|   5|  425|  485|    0|
    |PE_kernel_QKT_2_4_1_U0                              |PE_kernel_QKT_2_4_1                              |        0|   5|  426|  494|    0|
    |PE_kernel_QKT_2_5_1_U0                              |PE_kernel_QKT_2_5_1                              |        0|   5|  426|  494|    0|
    |PE_kernel_QKT_2_6_1_U0                              |PE_kernel_QKT_2_6_1                              |        0|   5|  426|  494|    0|
    |PE_kernel_QKT_2_7_1_U0                              |PE_kernel_QKT_2_7_1                              |        0|   5|  426|  494|    0|
    |PE_kernel_QKT_3_0_1_U0                              |PE_kernel_QKT_3_0_1                              |        0|   5|  426|  494|    0|
    |PE_kernel_QKT_3_1_1_U0                              |PE_kernel_QKT_3_1_1                              |        0|   5|  426|  494|    0|
    |PE_kernel_QKT_3_2_1_U0                              |PE_kernel_QKT_3_2_1                              |        0|   5|  426|  494|    0|
    |PE_kernel_QKT_3_3_1_U0                              |PE_kernel_QKT_3_3_1                              |        0|   5|  425|  485|    0|
    |PE_kernel_QKT_3_4_1_U0                              |PE_kernel_QKT_3_4_1                              |        0|   5|  425|  485|    0|
    |PE_kernel_QKT_3_5_1_U0                              |PE_kernel_QKT_3_5_1                              |        0|   5|  426|  494|    0|
    |PE_kernel_QKT_3_6_1_U0                              |PE_kernel_QKT_3_6_1                              |        0|   5|  426|  494|    0|
    |PE_kernel_QKT_3_7_1_U0                              |PE_kernel_QKT_3_7_1                              |        0|   5|  426|  494|    0|
    |PE_kernel_QKT_4_0_1_U0                              |PE_kernel_QKT_4_0_1                              |        0|   5|  426|  494|    0|
    |PE_kernel_QKT_4_1_1_U0                              |PE_kernel_QKT_4_1_1                              |        0|   5|  426|  494|    0|
    |PE_kernel_QKT_4_2_1_U0                              |PE_kernel_QKT_4_2_1                              |        0|   5|  426|  494|    0|
    |PE_kernel_QKT_4_3_1_U0                              |PE_kernel_QKT_4_3_1                              |        0|   5|  426|  494|    0|
    |PE_kernel_QKT_4_4_1_U0                              |PE_kernel_QKT_4_4_1                              |        0|   5|  425|  485|    0|
    |PE_kernel_QKT_4_5_1_U0                              |PE_kernel_QKT_4_5_1                              |        0|   5|  425|  485|    0|
    |PE_kernel_QKT_4_6_1_U0                              |PE_kernel_QKT_4_6_1                              |        0|   5|  426|  494|    0|
    |PE_kernel_QKT_4_7_1_U0                              |PE_kernel_QKT_4_7_1                              |        0|   5|  426|  494|    0|
    |PE_kernel_QKT_5_0_1_U0                              |PE_kernel_QKT_5_0_1                              |        0|   5|  426|  494|    0|
    |PE_kernel_QKT_5_1_1_U0                              |PE_kernel_QKT_5_1_1                              |        0|   5|  426|  494|    0|
    |PE_kernel_QKT_5_2_1_U0                              |PE_kernel_QKT_5_2_1                              |        0|   5|  426|  494|    0|
    |PE_kernel_QKT_5_3_1_U0                              |PE_kernel_QKT_5_3_1                              |        0|   5|  426|  494|    0|
    |PE_kernel_QKT_5_4_1_U0                              |PE_kernel_QKT_5_4_1                              |        0|   5|  426|  494|    0|
    |PE_kernel_QKT_5_5_1_U0                              |PE_kernel_QKT_5_5_1                              |        0|   5|  425|  485|    0|
    |PE_kernel_QKT_5_6_1_U0                              |PE_kernel_QKT_5_6_1                              |        0|   5|  425|  485|    0|
    |PE_kernel_QKT_5_7_1_U0                              |PE_kernel_QKT_5_7_1                              |        0|   5|  426|  494|    0|
    |PE_kernel_QKT_6_0_1_U0                              |PE_kernel_QKT_6_0_1                              |        0|   5|  426|  494|    0|
    |PE_kernel_QKT_6_1_1_U0                              |PE_kernel_QKT_6_1_1                              |        0|   5|  426|  494|    0|
    |PE_kernel_QKT_6_2_1_U0                              |PE_kernel_QKT_6_2_1                              |        0|   5|  426|  494|    0|
    |PE_kernel_QKT_6_3_1_U0                              |PE_kernel_QKT_6_3_1                              |        0|   5|  426|  494|    0|
    |PE_kernel_QKT_6_4_1_U0                              |PE_kernel_QKT_6_4_1                              |        0|   5|  426|  494|    0|
    |PE_kernel_QKT_6_5_1_U0                              |PE_kernel_QKT_6_5_1                              |        0|   5|  426|  494|    0|
    |PE_kernel_QKT_6_6_1_U0                              |PE_kernel_QKT_6_6_1                              |        0|   5|  425|  485|    0|
    |PE_kernel_QKT_6_7_1_U0                              |PE_kernel_QKT_6_7_1                              |        0|   5|  425|  485|    0|
    |PE_kernel_QKT_7_0_1_U0                              |PE_kernel_QKT_7_0_1                              |        0|   5|  426|  494|    0|
    |PE_kernel_QKT_7_1_1_U0                              |PE_kernel_QKT_7_1_1                              |        0|   5|  426|  494|    0|
    |PE_kernel_QKT_7_2_1_U0                              |PE_kernel_QKT_7_2_1                              |        0|   5|  426|  494|    0|
    |PE_kernel_QKT_7_3_1_U0                              |PE_kernel_QKT_7_3_1                              |        0|   5|  426|  494|    0|
    |PE_kernel_QKT_7_4_1_U0                              |PE_kernel_QKT_7_4_1                              |        0|   5|  426|  494|    0|
    |PE_kernel_QKT_7_5_1_U0                              |PE_kernel_QKT_7_5_1                              |        0|   5|  426|  494|    0|
    |PE_kernel_QKT_7_6_1_U0                              |PE_kernel_QKT_7_6_1                              |        0|   5|  426|  494|    0|
    |PE_kernel_QKT_7_7_1_U0                              |PE_kernel_QKT_7_7_1                              |        0|   5|  425|  485|    0|
    |systolic_tile_QKT_Loop_l_data_drain_k273_proc27_U0  |systolic_tile_QKT_Loop_l_data_drain_k273_proc27  |        0|   0|   10|  217|    0|
    |systolic_tile_QKT_Loop_l_data_load_k272_proc26_U0   |systolic_tile_QKT_Loop_l_data_load_k272_proc26   |        0|   0|   11|  226|    0|
    +----------------------------------------------------+-------------------------------------------------+---------+----+-----+-----+-----+
    |Total                                               |                                                 |        0| 320|27270|31924|    0|
    +----------------------------------------------------+-------------------------------------------------+---------+----+-----+-----+-----+

    * DSP: 
    N/A

    * Memory: 
    N/A

    * FIFO: 
    +--------------+---------+----+----+-----+------+-----+---------+
    |     Name     | BRAM_18K| FF | LUT| URAM| Depth| Bits| Size:D*B|
    +--------------+---------+----+----+-----+------+-----+---------+
    |A_fifo4_10_U  |        0|   7|   0|    -|     9|   32|      288|
    |A_fifo4_11_U  |        0|   7|   0|    -|     9|   32|      288|
    |A_fifo4_12_U  |        0|   7|   0|    -|     9|   32|      288|
    |A_fifo4_13_U  |        0|   7|   0|    -|     9|   32|      288|
    |A_fifo4_14_U  |        0|   7|   0|    -|     9|   32|      288|
    |A_fifo4_15_U  |        0|   7|   0|    -|     9|   32|      288|
    |A_fifo4_16_U  |        0|   7|   0|    -|     9|   32|      288|
    |A_fifo4_17_U  |        0|   7|   0|    -|     9|   32|      288|
    |A_fifo4_18_U  |        0|   7|   0|    -|     9|   32|      288|
    |A_fifo4_19_U  |        0|   7|   0|    -|     9|   32|      288|
    |A_fifo4_1_U   |        0|   7|   0|    -|     9|   32|      288|
    |A_fifo4_20_U  |        0|   7|   0|    -|     9|   32|      288|
    |A_fifo4_21_U  |        0|   7|   0|    -|     9|   32|      288|
    |A_fifo4_22_U  |        0|   7|   0|    -|     9|   32|      288|
    |A_fifo4_23_U  |        0|   7|   0|    -|     9|   32|      288|
    |A_fifo4_24_U  |        0|   7|   0|    -|     9|   32|      288|
    |A_fifo4_25_U  |        0|   7|   0|    -|     9|   32|      288|
    |A_fifo4_26_U  |        0|   7|   0|    -|     9|   32|      288|
    |A_fifo4_27_U  |        0|   7|   0|    -|     9|   32|      288|
    |A_fifo4_28_U  |        0|   7|   0|    -|     9|   32|      288|
    |A_fifo4_29_U  |        0|   7|   0|    -|     9|   32|      288|
    |A_fifo4_2_U   |        0|   7|   0|    -|     9|   32|      288|
    |A_fifo4_30_U  |        0|   7|   0|    -|     9|   32|      288|
    |A_fifo4_31_U  |        0|   7|   0|    -|     9|   32|      288|
    |A_fifo4_32_U  |        0|   7|   0|    -|     9|   32|      288|
    |A_fifo4_33_U  |        0|   7|   0|    -|     9|   32|      288|
    |A_fifo4_34_U  |        0|   7|   0|    -|     9|   32|      288|
    |A_fifo4_35_U  |        0|   7|   0|    -|     9|   32|      288|
    |A_fifo4_36_U  |        0|   7|   0|    -|     9|   32|      288|
    |A_fifo4_37_U  |        0|   7|   0|    -|     9|   32|      288|
    |A_fifo4_38_U  |        0|   7|   0|    -|     9|   32|      288|
    |A_fifo4_39_U  |        0|   7|   0|    -|     9|   32|      288|
    |A_fifo4_3_U   |        0|   7|   0|    -|     9|   32|      288|
    |A_fifo4_40_U  |        0|   7|   0|    -|     9|   32|      288|
    |A_fifo4_41_U  |        0|   7|   0|    -|     9|   32|      288|
    |A_fifo4_42_U  |        0|   7|   0|    -|     9|   32|      288|
    |A_fifo4_43_U  |        0|   7|   0|    -|     9|   32|      288|
    |A_fifo4_44_U  |        0|   7|   0|    -|     9|   32|      288|
    |A_fifo4_45_U  |        0|   7|   0|    -|     9|   32|      288|
    |A_fifo4_46_U  |        0|   7|   0|    -|     9|   32|      288|
    |A_fifo4_47_U  |        0|   7|   0|    -|     9|   32|      288|
    |A_fifo4_48_U  |        0|   7|   0|    -|     9|   32|      288|
    |A_fifo4_49_U  |        0|   7|   0|    -|     9|   32|      288|
    |A_fifo4_4_U   |        0|   7|   0|    -|     9|   32|      288|
    |A_fifo4_50_U  |        0|   7|   0|    -|     9|   32|      288|
    |A_fifo4_51_U  |        0|   7|   0|    -|     9|   32|      288|
    |A_fifo4_52_U  |        0|   7|   0|    -|     9|   32|      288|
    |A_fifo4_53_U  |        0|   7|   0|    -|     9|   32|      288|
    |A_fifo4_54_U  |        0|   7|   0|    -|     9|   32|      288|
    |A_fifo4_55_U  |        0|   7|   0|    -|     9|   32|      288|
    |A_fifo4_56_U  |        0|   7|   0|    -|     9|   32|      288|
    |A_fifo4_57_U  |        0|   7|   0|    -|     9|   32|      288|
    |A_fifo4_58_U  |        0|   7|   0|    -|     9|   32|      288|
    |A_fifo4_59_U  |        0|   7|   0|    -|     9|   32|      288|
    |A_fifo4_5_U   |        0|   7|   0|    -|     9|   32|      288|
    |A_fifo4_60_U  |        0|   7|   0|    -|     9|   32|      288|
    |A_fifo4_61_U  |        0|   7|   0|    -|     9|   32|      288|
    |A_fifo4_62_U  |        0|   7|   0|    -|     9|   32|      288|
    |A_fifo4_63_U  |        0|   7|   0|    -|     9|   32|      288|
    |A_fifo4_64_U  |        0|   7|   0|    -|     9|   32|      288|
    |A_fifo4_65_U  |        0|   7|   0|    -|     9|   32|      288|
    |A_fifo4_66_U  |        0|   7|   0|    -|     9|   32|      288|
    |A_fifo4_67_U  |        0|   7|   0|    -|     9|   32|      288|
    |A_fifo4_68_U  |        0|   7|   0|    -|     9|   32|      288|
    |A_fifo4_69_U  |        0|   7|   0|    -|     9|   32|      288|
    |A_fifo4_6_U   |        0|   7|   0|    -|     9|   32|      288|
    |A_fifo4_70_U  |        0|   7|   0|    -|     9|   32|      288|
    |A_fifo4_71_U  |        0|   7|   0|    -|     9|   32|      288|
    |A_fifo4_7_U   |        0|   7|   0|    -|     9|   32|      288|
    |A_fifo4_8_U   |        0|   7|   0|    -|     9|   32|      288|
    |A_fifo4_9_U   |        0|   7|   0|    -|     9|   32|      288|
    |A_fifo4_U     |        0|   7|   0|    -|     9|   32|      288|
    |B_fifo4_10_U  |        0|   7|   0|    -|     9|   32|      288|
    |B_fifo4_11_U  |        0|   7|   0|    -|     9|   32|      288|
    |B_fifo4_12_U  |        0|   7|   0|    -|     9|   32|      288|
    |B_fifo4_13_U  |        0|   7|   0|    -|     9|   32|      288|
    |B_fifo4_14_U  |        0|   7|   0|    -|     9|   32|      288|
    |B_fifo4_15_U  |        0|   7|   0|    -|     9|   32|      288|
    |B_fifo4_16_U  |        0|   7|   0|    -|     9|   32|      288|
    |B_fifo4_17_U  |        0|   7|   0|    -|     9|   32|      288|
    |B_fifo4_18_U  |        0|   7|   0|    -|     9|   32|      288|
    |B_fifo4_19_U  |        0|   7|   0|    -|     9|   32|      288|
    |B_fifo4_1_U   |        0|   7|   0|    -|     9|   32|      288|
    |B_fifo4_20_U  |        0|   7|   0|    -|     9|   32|      288|
    |B_fifo4_21_U  |        0|   7|   0|    -|     9|   32|      288|
    |B_fifo4_22_U  |        0|   7|   0|    -|     9|   32|      288|
    |B_fifo4_23_U  |        0|   7|   0|    -|     9|   32|      288|
    |B_fifo4_24_U  |        0|   7|   0|    -|     9|   32|      288|
    |B_fifo4_25_U  |        0|   7|   0|    -|     9|   32|      288|
    |B_fifo4_26_U  |        0|   7|   0|    -|     9|   32|      288|
    |B_fifo4_27_U  |        0|   7|   0|    -|     9|   32|      288|
    |B_fifo4_28_U  |        0|   7|   0|    -|     9|   32|      288|
    |B_fifo4_29_U  |        0|   7|   0|    -|     9|   32|      288|
    |B_fifo4_2_U   |        0|   7|   0|    -|     9|   32|      288|
    |B_fifo4_30_U  |        0|   7|   0|    -|     9|   32|      288|
    |B_fifo4_31_U  |        0|   7|   0|    -|     9|   32|      288|
    |B_fifo4_32_U  |        0|   7|   0|    -|     9|   32|      288|
    |B_fifo4_33_U  |        0|   7|   0|    -|     9|   32|      288|
    |B_fifo4_34_U  |        0|   7|   0|    -|     9|   32|      288|
    |B_fifo4_35_U  |        0|   7|   0|    -|     9|   32|      288|
    |B_fifo4_36_U  |        0|   7|   0|    -|     9|   32|      288|
    |B_fifo4_37_U  |        0|   7|   0|    -|     9|   32|      288|
    |B_fifo4_38_U  |        0|   7|   0|    -|     9|   32|      288|
    |B_fifo4_39_U  |        0|   7|   0|    -|     9|   32|      288|
    |B_fifo4_3_U   |        0|   7|   0|    -|     9|   32|      288|
    |B_fifo4_40_U  |        0|   7|   0|    -|     9|   32|      288|
    |B_fifo4_41_U  |        0|   7|   0|    -|     9|   32|      288|
    |B_fifo4_42_U  |        0|   7|   0|    -|     9|   32|      288|
    |B_fifo4_43_U  |        0|   7|   0|    -|     9|   32|      288|
    |B_fifo4_44_U  |        0|   7|   0|    -|     9|   32|      288|
    |B_fifo4_45_U  |        0|   7|   0|    -|     9|   32|      288|
    |B_fifo4_46_U  |        0|   7|   0|    -|     9|   32|      288|
    |B_fifo4_47_U  |        0|   7|   0|    -|     9|   32|      288|
    |B_fifo4_48_U  |        0|   7|   0|    -|     9|   32|      288|
    |B_fifo4_49_U  |        0|   7|   0|    -|     9|   32|      288|
    |B_fifo4_4_U   |        0|   7|   0|    -|     9|   32|      288|
    |B_fifo4_50_U  |        0|   7|   0|    -|     9|   32|      288|
    |B_fifo4_51_U  |        0|   7|   0|    -|     9|   32|      288|
    |B_fifo4_52_U  |        0|   7|   0|    -|     9|   32|      288|
    |B_fifo4_53_U  |        0|   7|   0|    -|     9|   32|      288|
    |B_fifo4_54_U  |        0|   7|   0|    -|     9|   32|      288|
    |B_fifo4_55_U  |        0|   7|   0|    -|     9|   32|      288|
    |B_fifo4_56_U  |        0|   7|   0|    -|     9|   32|      288|
    |B_fifo4_57_U  |        0|   7|   0|    -|     9|   32|      288|
    |B_fifo4_58_U  |        0|   7|   0|    -|     9|   32|      288|
    |B_fifo4_59_U  |        0|   7|   0|    -|     9|   32|      288|
    |B_fifo4_5_U   |        0|   7|   0|    -|     9|   32|      288|
    |B_fifo4_60_U  |        0|   7|   0|    -|     9|   32|      288|
    |B_fifo4_61_U  |        0|   7|   0|    -|     9|   32|      288|
    |B_fifo4_62_U  |        0|   7|   0|    -|     9|   32|      288|
    |B_fifo4_63_U  |        0|   7|   0|    -|     9|   32|      288|
    |B_fifo4_64_U  |        0|   7|   0|    -|     9|   32|      288|
    |B_fifo4_65_U  |        0|   7|   0|    -|     9|   32|      288|
    |B_fifo4_66_U  |        0|   7|   0|    -|     9|   32|      288|
    |B_fifo4_67_U  |        0|   7|   0|    -|     9|   32|      288|
    |B_fifo4_68_U  |        0|   7|   0|    -|     9|   32|      288|
    |B_fifo4_69_U  |        0|   7|   0|    -|     9|   32|      288|
    |B_fifo4_6_U   |        0|   7|   0|    -|     9|   32|      288|
    |B_fifo4_70_U  |        0|   7|   0|    -|     9|   32|      288|
    |B_fifo4_71_U  |        0|   7|   0|    -|     9|   32|      288|
    |B_fifo4_7_U   |        0|   7|   0|    -|     9|   32|      288|
    |B_fifo4_8_U   |        0|   7|   0|    -|     9|   32|      288|
    |B_fifo4_9_U   |        0|   7|   0|    -|     9|   32|      288|
    |B_fifo4_U     |        0|   7|   0|    -|     9|   32|      288|
    +--------------+---------+----+----+-----+------+-----+---------+
    |Total         |        0|1008|   0|    0|  1296| 4608|    41472|
    +--------------+---------+----+----+-----+------+-----+---------+

    * Expression: 
    +----------------------------------------------------------------+----------+----+---+----+------------+------------+
    |                          Variable Name                         | Operation| DSP| FF| LUT| Bitwidth P0| Bitwidth P1|
    +----------------------------------------------------------------+----------+----+---+----+------------+------------+
    |PE_kernel_QKT_7_0_1_U0_start_full_n                             |       and|   0|  0|   2|           1|           1|
    |ap_idle                                                         |       and|   0|  0|   2|           1|           1|
    |ap_sync_continue                                                |       and|   0|  0|   2|           1|           1|
    |ap_sync_done                                                    |       and|   0|  0|   2|           1|           1|
    |systolic_tile_QKT_Loop_l_data_load_k272_proc26_U0_start_full_n  |       and|   0|  0|   2|           1|           1|
    +----------------------------------------------------------------+----------+----+---+----+------------+------------+
    |Total                                                           |          |   0|  0|  10|           5|           5|
    +----------------------------------------------------------------+----------+----+---+----+------------+------------+

    * Multiplexer: 
    N/A

    * Register: 
    N/A



================================================================
== Interface
================================================================
* Summary: 
+------------------+-----+-----+------------+-------------------+--------------+
|     RTL Ports    | Dir | Bits|  Protocol  |   Source Object   |    C Type    |
+------------------+-----+-----+------------+-------------------+--------------+
|v6609_0_address0  |  out|    6|   ap_memory|            v6609_0|         array|
|v6609_0_ce0       |  out|    1|   ap_memory|            v6609_0|         array|
|v6609_0_d0        |  out|   32|   ap_memory|            v6609_0|         array|
|v6609_0_q0        |   in|   32|   ap_memory|            v6609_0|         array|
|v6609_0_we0       |  out|    1|   ap_memory|            v6609_0|         array|
|v6609_0_address1  |  out|    6|   ap_memory|            v6609_0|         array|
|v6609_0_ce1       |  out|    1|   ap_memory|            v6609_0|         array|
|v6609_0_d1        |  out|   32|   ap_memory|            v6609_0|         array|
|v6609_0_q1        |   in|   32|   ap_memory|            v6609_0|         array|
|v6609_0_we1       |  out|    1|   ap_memory|            v6609_0|         array|
|v6609_1_address0  |  out|    6|   ap_memory|            v6609_1|         array|
|v6609_1_ce0       |  out|    1|   ap_memory|            v6609_1|         array|
|v6609_1_d0        |  out|   32|   ap_memory|            v6609_1|         array|
|v6609_1_q0        |   in|   32|   ap_memory|            v6609_1|         array|
|v6609_1_we0       |  out|    1|   ap_memory|            v6609_1|         array|
|v6609_1_address1  |  out|    6|   ap_memory|            v6609_1|         array|
|v6609_1_ce1       |  out|    1|   ap_memory|            v6609_1|         array|
|v6609_1_d1        |  out|   32|   ap_memory|            v6609_1|         array|
|v6609_1_q1        |   in|   32|   ap_memory|            v6609_1|         array|
|v6609_1_we1       |  out|    1|   ap_memory|            v6609_1|         array|
|v6609_2_address0  |  out|    6|   ap_memory|            v6609_2|         array|
|v6609_2_ce0       |  out|    1|   ap_memory|            v6609_2|         array|
|v6609_2_d0        |  out|   32|   ap_memory|            v6609_2|         array|
|v6609_2_q0        |   in|   32|   ap_memory|            v6609_2|         array|
|v6609_2_we0       |  out|    1|   ap_memory|            v6609_2|         array|
|v6609_2_address1  |  out|    6|   ap_memory|            v6609_2|         array|
|v6609_2_ce1       |  out|    1|   ap_memory|            v6609_2|         array|
|v6609_2_d1        |  out|   32|   ap_memory|            v6609_2|         array|
|v6609_2_q1        |   in|   32|   ap_memory|            v6609_2|         array|
|v6609_2_we1       |  out|    1|   ap_memory|            v6609_2|         array|
|v6609_3_address0  |  out|    6|   ap_memory|            v6609_3|         array|
|v6609_3_ce0       |  out|    1|   ap_memory|            v6609_3|         array|
|v6609_3_d0        |  out|   32|   ap_memory|            v6609_3|         array|
|v6609_3_q0        |   in|   32|   ap_memory|            v6609_3|         array|
|v6609_3_we0       |  out|    1|   ap_memory|            v6609_3|         array|
|v6609_3_address1  |  out|    6|   ap_memory|            v6609_3|         array|
|v6609_3_ce1       |  out|    1|   ap_memory|            v6609_3|         array|
|v6609_3_d1        |  out|   32|   ap_memory|            v6609_3|         array|
|v6609_3_q1        |   in|   32|   ap_memory|            v6609_3|         array|
|v6609_3_we1       |  out|    1|   ap_memory|            v6609_3|         array|
|v6609_4_address0  |  out|    6|   ap_memory|            v6609_4|         array|
|v6609_4_ce0       |  out|    1|   ap_memory|            v6609_4|         array|
|v6609_4_d0        |  out|   32|   ap_memory|            v6609_4|         array|
|v6609_4_q0        |   in|   32|   ap_memory|            v6609_4|         array|
|v6609_4_we0       |  out|    1|   ap_memory|            v6609_4|         array|
|v6609_4_address1  |  out|    6|   ap_memory|            v6609_4|         array|
|v6609_4_ce1       |  out|    1|   ap_memory|            v6609_4|         array|
|v6609_4_d1        |  out|   32|   ap_memory|            v6609_4|         array|
|v6609_4_q1        |   in|   32|   ap_memory|            v6609_4|         array|
|v6609_4_we1       |  out|    1|   ap_memory|            v6609_4|         array|
|v6609_5_address0  |  out|    6|   ap_memory|            v6609_5|         array|
|v6609_5_ce0       |  out|    1|   ap_memory|            v6609_5|         array|
|v6609_5_d0        |  out|   32|   ap_memory|            v6609_5|         array|
|v6609_5_q0        |   in|   32|   ap_memory|            v6609_5|         array|
|v6609_5_we0       |  out|    1|   ap_memory|            v6609_5|         array|
|v6609_5_address1  |  out|    6|   ap_memory|            v6609_5|         array|
|v6609_5_ce1       |  out|    1|   ap_memory|            v6609_5|         array|
|v6609_5_d1        |  out|   32|   ap_memory|            v6609_5|         array|
|v6609_5_q1        |   in|   32|   ap_memory|            v6609_5|         array|
|v6609_5_we1       |  out|    1|   ap_memory|            v6609_5|         array|
|v6609_6_address0  |  out|    6|   ap_memory|            v6609_6|         array|
|v6609_6_ce0       |  out|    1|   ap_memory|            v6609_6|         array|
|v6609_6_d0        |  out|   32|   ap_memory|            v6609_6|         array|
|v6609_6_q0        |   in|   32|   ap_memory|            v6609_6|         array|
|v6609_6_we0       |  out|    1|   ap_memory|            v6609_6|         array|
|v6609_6_address1  |  out|    6|   ap_memory|            v6609_6|         array|
|v6609_6_ce1       |  out|    1|   ap_memory|            v6609_6|         array|
|v6609_6_d1        |  out|   32|   ap_memory|            v6609_6|         array|
|v6609_6_q1        |   in|   32|   ap_memory|            v6609_6|         array|
|v6609_6_we1       |  out|    1|   ap_memory|            v6609_6|         array|
|v6609_7_address0  |  out|    6|   ap_memory|            v6609_7|         array|
|v6609_7_ce0       |  out|    1|   ap_memory|            v6609_7|         array|
|v6609_7_d0        |  out|   32|   ap_memory|            v6609_7|         array|
|v6609_7_q0        |   in|   32|   ap_memory|            v6609_7|         array|
|v6609_7_we0       |  out|    1|   ap_memory|            v6609_7|         array|
|v6609_7_address1  |  out|    6|   ap_memory|            v6609_7|         array|
|v6609_7_ce1       |  out|    1|   ap_memory|            v6609_7|         array|
|v6609_7_d1        |  out|   32|   ap_memory|            v6609_7|         array|
|v6609_7_q1        |   in|   32|   ap_memory|            v6609_7|         array|
|v6609_7_we1       |  out|    1|   ap_memory|            v6609_7|         array|
|v6610_0_address0  |  out|    6|   ap_memory|            v6610_0|         array|
|v6610_0_ce0       |  out|    1|   ap_memory|            v6610_0|         array|
|v6610_0_d0        |  out|   32|   ap_memory|            v6610_0|         array|
|v6610_0_q0        |   in|   32|   ap_memory|            v6610_0|         array|
|v6610_0_we0       |  out|    1|   ap_memory|            v6610_0|         array|
|v6610_0_address1  |  out|    6|   ap_memory|            v6610_0|         array|
|v6610_0_ce1       |  out|    1|   ap_memory|            v6610_0|         array|
|v6610_0_d1        |  out|   32|   ap_memory|            v6610_0|         array|
|v6610_0_q1        |   in|   32|   ap_memory|            v6610_0|         array|
|v6610_0_we1       |  out|    1|   ap_memory|            v6610_0|         array|
|v6610_1_address0  |  out|    6|   ap_memory|            v6610_1|         array|
|v6610_1_ce0       |  out|    1|   ap_memory|            v6610_1|         array|
|v6610_1_d0        |  out|   32|   ap_memory|            v6610_1|         array|
|v6610_1_q0        |   in|   32|   ap_memory|            v6610_1|         array|
|v6610_1_we0       |  out|    1|   ap_memory|            v6610_1|         array|
|v6610_1_address1  |  out|    6|   ap_memory|            v6610_1|         array|
|v6610_1_ce1       |  out|    1|   ap_memory|            v6610_1|         array|
|v6610_1_d1        |  out|   32|   ap_memory|            v6610_1|         array|
|v6610_1_q1        |   in|   32|   ap_memory|            v6610_1|         array|
|v6610_1_we1       |  out|    1|   ap_memory|            v6610_1|         array|
|v6610_2_address0  |  out|    6|   ap_memory|            v6610_2|         array|
|v6610_2_ce0       |  out|    1|   ap_memory|            v6610_2|         array|
|v6610_2_d0        |  out|   32|   ap_memory|            v6610_2|         array|
|v6610_2_q0        |   in|   32|   ap_memory|            v6610_2|         array|
|v6610_2_we0       |  out|    1|   ap_memory|            v6610_2|         array|
|v6610_2_address1  |  out|    6|   ap_memory|            v6610_2|         array|
|v6610_2_ce1       |  out|    1|   ap_memory|            v6610_2|         array|
|v6610_2_d1        |  out|   32|   ap_memory|            v6610_2|         array|
|v6610_2_q1        |   in|   32|   ap_memory|            v6610_2|         array|
|v6610_2_we1       |  out|    1|   ap_memory|            v6610_2|         array|
|v6610_3_address0  |  out|    6|   ap_memory|            v6610_3|         array|
|v6610_3_ce0       |  out|    1|   ap_memory|            v6610_3|         array|
|v6610_3_d0        |  out|   32|   ap_memory|            v6610_3|         array|
|v6610_3_q0        |   in|   32|   ap_memory|            v6610_3|         array|
|v6610_3_we0       |  out|    1|   ap_memory|            v6610_3|         array|
|v6610_3_address1  |  out|    6|   ap_memory|            v6610_3|         array|
|v6610_3_ce1       |  out|    1|   ap_memory|            v6610_3|         array|
|v6610_3_d1        |  out|   32|   ap_memory|            v6610_3|         array|
|v6610_3_q1        |   in|   32|   ap_memory|            v6610_3|         array|
|v6610_3_we1       |  out|    1|   ap_memory|            v6610_3|         array|
|v6610_4_address0  |  out|    6|   ap_memory|            v6610_4|         array|
|v6610_4_ce0       |  out|    1|   ap_memory|            v6610_4|         array|
|v6610_4_d0        |  out|   32|   ap_memory|            v6610_4|         array|
|v6610_4_q0        |   in|   32|   ap_memory|            v6610_4|         array|
|v6610_4_we0       |  out|    1|   ap_memory|            v6610_4|         array|
|v6610_4_address1  |  out|    6|   ap_memory|            v6610_4|         array|
|v6610_4_ce1       |  out|    1|   ap_memory|            v6610_4|         array|
|v6610_4_d1        |  out|   32|   ap_memory|            v6610_4|         array|
|v6610_4_q1        |   in|   32|   ap_memory|            v6610_4|         array|
|v6610_4_we1       |  out|    1|   ap_memory|            v6610_4|         array|
|v6610_5_address0  |  out|    6|   ap_memory|            v6610_5|         array|
|v6610_5_ce0       |  out|    1|   ap_memory|            v6610_5|         array|
|v6610_5_d0        |  out|   32|   ap_memory|            v6610_5|         array|
|v6610_5_q0        |   in|   32|   ap_memory|            v6610_5|         array|
|v6610_5_we0       |  out|    1|   ap_memory|            v6610_5|         array|
|v6610_5_address1  |  out|    6|   ap_memory|            v6610_5|         array|
|v6610_5_ce1       |  out|    1|   ap_memory|            v6610_5|         array|
|v6610_5_d1        |  out|   32|   ap_memory|            v6610_5|         array|
|v6610_5_q1        |   in|   32|   ap_memory|            v6610_5|         array|
|v6610_5_we1       |  out|    1|   ap_memory|            v6610_5|         array|
|v6610_6_address0  |  out|    6|   ap_memory|            v6610_6|         array|
|v6610_6_ce0       |  out|    1|   ap_memory|            v6610_6|         array|
|v6610_6_d0        |  out|   32|   ap_memory|            v6610_6|         array|
|v6610_6_q0        |   in|   32|   ap_memory|            v6610_6|         array|
|v6610_6_we0       |  out|    1|   ap_memory|            v6610_6|         array|
|v6610_6_address1  |  out|    6|   ap_memory|            v6610_6|         array|
|v6610_6_ce1       |  out|    1|   ap_memory|            v6610_6|         array|
|v6610_6_d1        |  out|   32|   ap_memory|            v6610_6|         array|
|v6610_6_q1        |   in|   32|   ap_memory|            v6610_6|         array|
|v6610_6_we1       |  out|    1|   ap_memory|            v6610_6|         array|
|v6610_7_address0  |  out|    6|   ap_memory|            v6610_7|         array|
|v6610_7_ce0       |  out|    1|   ap_memory|            v6610_7|         array|
|v6610_7_d0        |  out|   32|   ap_memory|            v6610_7|         array|
|v6610_7_q0        |   in|   32|   ap_memory|            v6610_7|         array|
|v6610_7_we0       |  out|    1|   ap_memory|            v6610_7|         array|
|v6610_7_address1  |  out|    6|   ap_memory|            v6610_7|         array|
|v6610_7_ce1       |  out|    1|   ap_memory|            v6610_7|         array|
|v6610_7_d1        |  out|   32|   ap_memory|            v6610_7|         array|
|v6610_7_q1        |   in|   32|   ap_memory|            v6610_7|         array|
|v6610_7_we1       |  out|    1|   ap_memory|            v6610_7|         array|
|v6611_0_0         |  out|   32|      ap_vld|          v6611_0_0|       pointer|
|v6611_0_0_ap_vld  |  out|    1|      ap_vld|          v6611_0_0|       pointer|
|v6611_0_1         |  out|   32|      ap_vld|          v6611_0_1|       pointer|
|v6611_0_1_ap_vld  |  out|    1|      ap_vld|          v6611_0_1|       pointer|
|v6611_0_2         |  out|   32|      ap_vld|          v6611_0_2|       pointer|
|v6611_0_2_ap_vld  |  out|    1|      ap_vld|          v6611_0_2|       pointer|
|v6611_0_3         |  out|   32|      ap_vld|          v6611_0_3|       pointer|
|v6611_0_3_ap_vld  |  out|    1|      ap_vld|          v6611_0_3|       pointer|
|v6611_0_4         |  out|   32|      ap_vld|          v6611_0_4|       pointer|
|v6611_0_4_ap_vld  |  out|    1|      ap_vld|          v6611_0_4|       pointer|
|v6611_0_5         |  out|   32|      ap_vld|          v6611_0_5|       pointer|
|v6611_0_5_ap_vld  |  out|    1|      ap_vld|          v6611_0_5|       pointer|
|v6611_0_6         |  out|   32|      ap_vld|          v6611_0_6|       pointer|
|v6611_0_6_ap_vld  |  out|    1|      ap_vld|          v6611_0_6|       pointer|
|v6611_0_7         |  out|   32|      ap_vld|          v6611_0_7|       pointer|
|v6611_0_7_ap_vld  |  out|    1|      ap_vld|          v6611_0_7|       pointer|
|v6611_1_0         |  out|   32|      ap_vld|          v6611_1_0|       pointer|
|v6611_1_0_ap_vld  |  out|    1|      ap_vld|          v6611_1_0|       pointer|
|v6611_1_1         |  out|   32|      ap_vld|          v6611_1_1|       pointer|
|v6611_1_1_ap_vld  |  out|    1|      ap_vld|          v6611_1_1|       pointer|
|v6611_1_2         |  out|   32|      ap_vld|          v6611_1_2|       pointer|
|v6611_1_2_ap_vld  |  out|    1|      ap_vld|          v6611_1_2|       pointer|
|v6611_1_3         |  out|   32|      ap_vld|          v6611_1_3|       pointer|
|v6611_1_3_ap_vld  |  out|    1|      ap_vld|          v6611_1_3|       pointer|
|v6611_1_4         |  out|   32|      ap_vld|          v6611_1_4|       pointer|
|v6611_1_4_ap_vld  |  out|    1|      ap_vld|          v6611_1_4|       pointer|
|v6611_1_5         |  out|   32|      ap_vld|          v6611_1_5|       pointer|
|v6611_1_5_ap_vld  |  out|    1|      ap_vld|          v6611_1_5|       pointer|
|v6611_1_6         |  out|   32|      ap_vld|          v6611_1_6|       pointer|
|v6611_1_6_ap_vld  |  out|    1|      ap_vld|          v6611_1_6|       pointer|
|v6611_1_7         |  out|   32|      ap_vld|          v6611_1_7|       pointer|
|v6611_1_7_ap_vld  |  out|    1|      ap_vld|          v6611_1_7|       pointer|
|v6611_2_0         |  out|   32|      ap_vld|          v6611_2_0|       pointer|
|v6611_2_0_ap_vld  |  out|    1|      ap_vld|          v6611_2_0|       pointer|
|v6611_2_1         |  out|   32|      ap_vld|          v6611_2_1|       pointer|
|v6611_2_1_ap_vld  |  out|    1|      ap_vld|          v6611_2_1|       pointer|
|v6611_2_2         |  out|   32|      ap_vld|          v6611_2_2|       pointer|
|v6611_2_2_ap_vld  |  out|    1|      ap_vld|          v6611_2_2|       pointer|
|v6611_2_3         |  out|   32|      ap_vld|          v6611_2_3|       pointer|
|v6611_2_3_ap_vld  |  out|    1|      ap_vld|          v6611_2_3|       pointer|
|v6611_2_4         |  out|   32|      ap_vld|          v6611_2_4|       pointer|
|v6611_2_4_ap_vld  |  out|    1|      ap_vld|          v6611_2_4|       pointer|
|v6611_2_5         |  out|   32|      ap_vld|          v6611_2_5|       pointer|
|v6611_2_5_ap_vld  |  out|    1|      ap_vld|          v6611_2_5|       pointer|
|v6611_2_6         |  out|   32|      ap_vld|          v6611_2_6|       pointer|
|v6611_2_6_ap_vld  |  out|    1|      ap_vld|          v6611_2_6|       pointer|
|v6611_2_7         |  out|   32|      ap_vld|          v6611_2_7|       pointer|
|v6611_2_7_ap_vld  |  out|    1|      ap_vld|          v6611_2_7|       pointer|
|v6611_3_0         |  out|   32|      ap_vld|          v6611_3_0|       pointer|
|v6611_3_0_ap_vld  |  out|    1|      ap_vld|          v6611_3_0|       pointer|
|v6611_3_1         |  out|   32|      ap_vld|          v6611_3_1|       pointer|
|v6611_3_1_ap_vld  |  out|    1|      ap_vld|          v6611_3_1|       pointer|
|v6611_3_2         |  out|   32|      ap_vld|          v6611_3_2|       pointer|
|v6611_3_2_ap_vld  |  out|    1|      ap_vld|          v6611_3_2|       pointer|
|v6611_3_3         |  out|   32|      ap_vld|          v6611_3_3|       pointer|
|v6611_3_3_ap_vld  |  out|    1|      ap_vld|          v6611_3_3|       pointer|
|v6611_3_4         |  out|   32|      ap_vld|          v6611_3_4|       pointer|
|v6611_3_4_ap_vld  |  out|    1|      ap_vld|          v6611_3_4|       pointer|
|v6611_3_5         |  out|   32|      ap_vld|          v6611_3_5|       pointer|
|v6611_3_5_ap_vld  |  out|    1|      ap_vld|          v6611_3_5|       pointer|
|v6611_3_6         |  out|   32|      ap_vld|          v6611_3_6|       pointer|
|v6611_3_6_ap_vld  |  out|    1|      ap_vld|          v6611_3_6|       pointer|
|v6611_3_7         |  out|   32|      ap_vld|          v6611_3_7|       pointer|
|v6611_3_7_ap_vld  |  out|    1|      ap_vld|          v6611_3_7|       pointer|
|v6611_4_0         |  out|   32|      ap_vld|          v6611_4_0|       pointer|
|v6611_4_0_ap_vld  |  out|    1|      ap_vld|          v6611_4_0|       pointer|
|v6611_4_1         |  out|   32|      ap_vld|          v6611_4_1|       pointer|
|v6611_4_1_ap_vld  |  out|    1|      ap_vld|          v6611_4_1|       pointer|
|v6611_4_2         |  out|   32|      ap_vld|          v6611_4_2|       pointer|
|v6611_4_2_ap_vld  |  out|    1|      ap_vld|          v6611_4_2|       pointer|
|v6611_4_3         |  out|   32|      ap_vld|          v6611_4_3|       pointer|
|v6611_4_3_ap_vld  |  out|    1|      ap_vld|          v6611_4_3|       pointer|
|v6611_4_4         |  out|   32|      ap_vld|          v6611_4_4|       pointer|
|v6611_4_4_ap_vld  |  out|    1|      ap_vld|          v6611_4_4|       pointer|
|v6611_4_5         |  out|   32|      ap_vld|          v6611_4_5|       pointer|
|v6611_4_5_ap_vld  |  out|    1|      ap_vld|          v6611_4_5|       pointer|
|v6611_4_6         |  out|   32|      ap_vld|          v6611_4_6|       pointer|
|v6611_4_6_ap_vld  |  out|    1|      ap_vld|          v6611_4_6|       pointer|
|v6611_4_7         |  out|   32|      ap_vld|          v6611_4_7|       pointer|
|v6611_4_7_ap_vld  |  out|    1|      ap_vld|          v6611_4_7|       pointer|
|v6611_5_0         |  out|   32|      ap_vld|          v6611_5_0|       pointer|
|v6611_5_0_ap_vld  |  out|    1|      ap_vld|          v6611_5_0|       pointer|
|v6611_5_1         |  out|   32|      ap_vld|          v6611_5_1|       pointer|
|v6611_5_1_ap_vld  |  out|    1|      ap_vld|          v6611_5_1|       pointer|
|v6611_5_2         |  out|   32|      ap_vld|          v6611_5_2|       pointer|
|v6611_5_2_ap_vld  |  out|    1|      ap_vld|          v6611_5_2|       pointer|
|v6611_5_3         |  out|   32|      ap_vld|          v6611_5_3|       pointer|
|v6611_5_3_ap_vld  |  out|    1|      ap_vld|          v6611_5_3|       pointer|
|v6611_5_4         |  out|   32|      ap_vld|          v6611_5_4|       pointer|
|v6611_5_4_ap_vld  |  out|    1|      ap_vld|          v6611_5_4|       pointer|
|v6611_5_5         |  out|   32|      ap_vld|          v6611_5_5|       pointer|
|v6611_5_5_ap_vld  |  out|    1|      ap_vld|          v6611_5_5|       pointer|
|v6611_5_6         |  out|   32|      ap_vld|          v6611_5_6|       pointer|
|v6611_5_6_ap_vld  |  out|    1|      ap_vld|          v6611_5_6|       pointer|
|v6611_5_7         |  out|   32|      ap_vld|          v6611_5_7|       pointer|
|v6611_5_7_ap_vld  |  out|    1|      ap_vld|          v6611_5_7|       pointer|
|v6611_6_0         |  out|   32|      ap_vld|          v6611_6_0|       pointer|
|v6611_6_0_ap_vld  |  out|    1|      ap_vld|          v6611_6_0|       pointer|
|v6611_6_1         |  out|   32|      ap_vld|          v6611_6_1|       pointer|
|v6611_6_1_ap_vld  |  out|    1|      ap_vld|          v6611_6_1|       pointer|
|v6611_6_2         |  out|   32|      ap_vld|          v6611_6_2|       pointer|
|v6611_6_2_ap_vld  |  out|    1|      ap_vld|          v6611_6_2|       pointer|
|v6611_6_3         |  out|   32|      ap_vld|          v6611_6_3|       pointer|
|v6611_6_3_ap_vld  |  out|    1|      ap_vld|          v6611_6_3|       pointer|
|v6611_6_4         |  out|   32|      ap_vld|          v6611_6_4|       pointer|
|v6611_6_4_ap_vld  |  out|    1|      ap_vld|          v6611_6_4|       pointer|
|v6611_6_5         |  out|   32|      ap_vld|          v6611_6_5|       pointer|
|v6611_6_5_ap_vld  |  out|    1|      ap_vld|          v6611_6_5|       pointer|
|v6611_6_6         |  out|   32|      ap_vld|          v6611_6_6|       pointer|
|v6611_6_6_ap_vld  |  out|    1|      ap_vld|          v6611_6_6|       pointer|
|v6611_6_7         |  out|   32|      ap_vld|          v6611_6_7|       pointer|
|v6611_6_7_ap_vld  |  out|    1|      ap_vld|          v6611_6_7|       pointer|
|v6611_7_0         |  out|   32|      ap_vld|          v6611_7_0|       pointer|
|v6611_7_0_ap_vld  |  out|    1|      ap_vld|          v6611_7_0|       pointer|
|v6611_7_1         |  out|   32|      ap_vld|          v6611_7_1|       pointer|
|v6611_7_1_ap_vld  |  out|    1|      ap_vld|          v6611_7_1|       pointer|
|v6611_7_2         |  out|   32|      ap_vld|          v6611_7_2|       pointer|
|v6611_7_2_ap_vld  |  out|    1|      ap_vld|          v6611_7_2|       pointer|
|v6611_7_3         |  out|   32|      ap_vld|          v6611_7_3|       pointer|
|v6611_7_3_ap_vld  |  out|    1|      ap_vld|          v6611_7_3|       pointer|
|v6611_7_4         |  out|   32|      ap_vld|          v6611_7_4|       pointer|
|v6611_7_4_ap_vld  |  out|    1|      ap_vld|          v6611_7_4|       pointer|
|v6611_7_5         |  out|   32|      ap_vld|          v6611_7_5|       pointer|
|v6611_7_5_ap_vld  |  out|    1|      ap_vld|          v6611_7_5|       pointer|
|v6611_7_6         |  out|   32|      ap_vld|          v6611_7_6|       pointer|
|v6611_7_6_ap_vld  |  out|    1|      ap_vld|          v6611_7_6|       pointer|
|v6611_7_7         |  out|   32|      ap_vld|          v6611_7_7|       pointer|
|v6611_7_7_ap_vld  |  out|    1|      ap_vld|          v6611_7_7|       pointer|
|ap_clk            |   in|    1|  ap_ctrl_hs|  systolic_tile_QKT|  return value|
|ap_rst            |   in|    1|  ap_ctrl_hs|  systolic_tile_QKT|  return value|
|ap_start          |   in|    1|  ap_ctrl_hs|  systolic_tile_QKT|  return value|
|ap_done           |  out|    1|  ap_ctrl_hs|  systolic_tile_QKT|  return value|
|ap_ready          |  out|    1|  ap_ctrl_hs|  systolic_tile_QKT|  return value|
|ap_idle           |  out|    1|  ap_ctrl_hs|  systolic_tile_QKT|  return value|
|ap_continue       |   in|    1|  ap_ctrl_hs|  systolic_tile_QKT|  return value|
+------------------+-----+-----+------------+-------------------+--------------+

