

================================================================
== Vitis HLS Report for 'systolic_tile_YV_Loop_l_data_load_k338_proc37188'
================================================================
* Date:           Mon Feb 17 20:38:36 2025

* Version:        2023.2 (Build 4023990 on Oct 11 2023)
* Project:        DitBlock
* Solution:       hls (Vivado IP Flow Target)
* Product family: virtexuplusHBM
* Target device:  xcu280-fsvh2892-2L-e


================================================================
== Performance Estimates
================================================================
+ Timing: 
    * Summary: 
    +--------+----------+----------+------------+
    |  Clock |  Target  | Estimated| Uncertainty|
    +--------+----------+----------+------------+
    |ap_clk  |  10.00 ns|  2.632 ns|     2.70 ns|
    +--------+----------+----------+------------+

+ Latency: 
    * Summary: 
    +---------+---------+-----------+-----------+------+------+---------+
    |  Latency (cycles) |   Latency (absolute)  |   Interval  | Pipeline|
    |   min   |   max   |    min    |    max    |  min |  max |   Type  |
    +---------+---------+-----------+-----------+------+------+---------+
    |     1026|     1026|  10.260 us|  10.260 us|  1026|  1026|       no|
    +---------+---------+-----------+-----------+------+------+---------+

    + Detail: 
        * Instance: 
        N/A

        * Loop: 
        +--------------------+---------+---------+----------+-----------+-----------+------+----------+
        |                    |  Latency (cycles) | Iteration|  Initiation Interval  | Trip |          |
        |      Loop Name     |   min   |   max   |  Latency |  achieved |   target  | Count| Pipelined|
        +--------------------+---------+---------+----------+-----------+-----------+------+----------+
        |- l_data_load_k338  |     1024|     1024|         2|          1|          1|  1024|       yes|
        +--------------------+---------+---------+----------+-----------+-----------+------+----------+



================================================================
== Utilization Estimates
================================================================
* Summary: 
+---------------------+---------+------+---------+---------+-----+
|         Name        | BRAM_18K|  DSP |    FF   |   LUT   | URAM|
+---------------------+---------+------+---------+---------+-----+
|DSP                  |        -|     -|        -|        -|    -|
|Expression           |        -|     -|        0|       45|    -|
|FIFO                 |        -|     -|        -|        -|    -|
|Instance             |        -|     -|        -|        -|    -|
|Memory               |        -|     -|        -|        -|    -|
|Multiplexer          |        -|     -|        -|      189|    -|
|Register             |        -|     -|       15|        -|    -|
+---------------------+---------+------+---------+---------+-----+
|Total                |        0|     0|       15|      234|    0|
+---------------------+---------+------+---------+---------+-----+
|Available SLR        |     1344|  3008|   869120|   434560|  320|
+---------------------+---------+------+---------+---------+-----+
|Utilization SLR (%)  |        0|     0|       ~0|       ~0|    0|
+---------------------+---------+------+---------+---------+-----+
|Available            |     4032|  9024|  2607360|  1303680|  960|
+---------------------+---------+------+---------+---------+-----+
|Utilization (%)      |        0|     0|       ~0|       ~0|    0|
+---------------------+---------+------+---------+---------+-----+

+ Detail: 
    * Instance: 
    N/A

    * DSP: 
    N/A

    * Memory: 
    N/A

    * FIFO: 
    N/A

    * Expression: 
    +----------------------------------+----------+----+---+----+------------+------------+
    |           Variable Name          | Operation| DSP| FF| LUT| Bitwidth P0| Bitwidth P1|
    +----------------------------------+----------+----+---+----+------------+------------+
    |add_ln15177_fu_434_p2             |         +|   0|  0|  18|          11|           1|
    |ap_condition_363                  |       and|   0|  0|   2|           1|           1|
    |icmp_ln15177_fu_428_p2            |      icmp|   0|  0|  19|          11|          12|
    |ap_block_pp0_stage0_01001         |        or|   0|  0|   2|           1|           1|
    |ap_block_state2_pp0_stage0_iter1  |        or|   0|  0|   2|           1|           1|
    |ap_enable_pp0                     |       xor|   0|  0|   2|           1|           2|
    +----------------------------------+----------+----+---+----+------------+------------+
    |Total                             |          |   0|  0|  45|          26|          18|
    +----------------------------------+----------+----+---+----+------------+------------+

    * Multiplexer: 
    +-------------------------+----+-----------+-----+-----------+
    |           Name          | LUT| Input Size| Bits| Total Bits|
    +-------------------------+----+-----------+-----+-----------+
    |A_fifo5_18_blk_n         |   9|          2|    1|          2|
    |A_fifo5_27_blk_n         |   9|          2|    1|          2|
    |A_fifo5_36_blk_n         |   9|          2|    1|          2|
    |A_fifo5_45_blk_n         |   9|          2|    1|          2|
    |A_fifo5_54_blk_n         |   9|          2|    1|          2|
    |A_fifo5_63_blk_n         |   9|          2|    1|          2|
    |A_fifo5_9_blk_n          |   9|          2|    1|          2|
    |A_fifo5_blk_n            |   9|          2|    1|          2|
    |B_fifo5_18_blk_n         |   9|          2|    1|          2|
    |B_fifo5_27_blk_n         |   9|          2|    1|          2|
    |B_fifo5_36_blk_n         |   9|          2|    1|          2|
    |B_fifo5_45_blk_n         |   9|          2|    1|          2|
    |B_fifo5_54_blk_n         |   9|          2|    1|          2|
    |B_fifo5_63_blk_n         |   9|          2|    1|          2|
    |B_fifo5_9_blk_n          |   9|          2|    1|          2|
    |B_fifo5_blk_n            |   9|          2|    1|          2|
    |ap_done_int              |   9|          2|    1|          2|
    |ap_enable_reg_pp0_iter1  |   9|          2|    1|          2|
    |ap_sig_allocacmp_k338_1  |   9|          2|   11|         22|
    |k338_fu_96               |   9|          2|   11|         22|
    |real_start               |   9|          2|    1|          2|
    +-------------------------+----+-----------+-----+-----------+
    |Total                    | 189|         42|   41|         82|
    +-------------------------+----+-----------+-----+-----------+

    * Register: 
    +-------------------------+----+----+-----+-----------+
    |           Name          | FF | LUT| Bits| Const Bits|
    +-------------------------+----+----+-----+-----------+
    |ap_CS_fsm                |   1|   0|    1|          0|
    |ap_done_reg              |   1|   0|    1|          0|
    |ap_enable_reg_pp0_iter1  |   1|   0|    1|          0|
    |k338_fu_96               |  11|   0|   11|          0|
    |start_once_reg           |   1|   0|    1|          0|
    +-------------------------+----+----+-----+-----------+
    |Total                    |  15|   0|   15|          0|
    +-------------------------+----+----+-----+-----------+



================================================================
== Interface
================================================================
* Summary: 
+---------------------------+-----+-----+------------+--------------------------------------------------+--------------+
|         RTL Ports         | Dir | Bits|  Protocol  |                   Source Object                  |    C Type    |
+---------------------------+-----+-----+------------+--------------------------------------------------+--------------+
|ap_clk                     |   in|    1|  ap_ctrl_hs|  systolic_tile_YV_Loop_l_data_load_k338_proc37188|  return value|
|ap_rst                     |   in|    1|  ap_ctrl_hs|  systolic_tile_YV_Loop_l_data_load_k338_proc37188|  return value|
|ap_start                   |   in|    1|  ap_ctrl_hs|  systolic_tile_YV_Loop_l_data_load_k338_proc37188|  return value|
|start_full_n               |   in|    1|  ap_ctrl_hs|  systolic_tile_YV_Loop_l_data_load_k338_proc37188|  return value|
|ap_done                    |  out|    1|  ap_ctrl_hs|  systolic_tile_YV_Loop_l_data_load_k338_proc37188|  return value|
|ap_continue                |   in|    1|  ap_ctrl_hs|  systolic_tile_YV_Loop_l_data_load_k338_proc37188|  return value|
|ap_idle                    |  out|    1|  ap_ctrl_hs|  systolic_tile_YV_Loop_l_data_load_k338_proc37188|  return value|
|ap_ready                   |  out|    1|  ap_ctrl_hs|  systolic_tile_YV_Loop_l_data_load_k338_proc37188|  return value|
|start_out                  |  out|    1|  ap_ctrl_hs|  systolic_tile_YV_Loop_l_data_load_k338_proc37188|  return value|
|start_write                |  out|    1|  ap_ctrl_hs|  systolic_tile_YV_Loop_l_data_load_k338_proc37188|  return value|
|A_fifo5_din                |  out|   32|     ap_fifo|                                           A_fifo5|       pointer|
|A_fifo5_num_data_valid     |   in|    5|     ap_fifo|                                           A_fifo5|       pointer|
|A_fifo5_fifo_cap           |   in|    5|     ap_fifo|                                           A_fifo5|       pointer|
|A_fifo5_full_n             |   in|    1|     ap_fifo|                                           A_fifo5|       pointer|
|A_fifo5_write              |  out|    1|     ap_fifo|                                           A_fifo5|       pointer|
|A_fifo5_9_din              |  out|   32|     ap_fifo|                                         A_fifo5_9|       pointer|
|A_fifo5_9_num_data_valid   |   in|    5|     ap_fifo|                                         A_fifo5_9|       pointer|
|A_fifo5_9_fifo_cap         |   in|    5|     ap_fifo|                                         A_fifo5_9|       pointer|
|A_fifo5_9_full_n           |   in|    1|     ap_fifo|                                         A_fifo5_9|       pointer|
|A_fifo5_9_write            |  out|    1|     ap_fifo|                                         A_fifo5_9|       pointer|
|A_fifo5_18_din             |  out|   32|     ap_fifo|                                        A_fifo5_18|       pointer|
|A_fifo5_18_num_data_valid  |   in|    5|     ap_fifo|                                        A_fifo5_18|       pointer|
|A_fifo5_18_fifo_cap        |   in|    5|     ap_fifo|                                        A_fifo5_18|       pointer|
|A_fifo5_18_full_n          |   in|    1|     ap_fifo|                                        A_fifo5_18|       pointer|
|A_fifo5_18_write           |  out|    1|     ap_fifo|                                        A_fifo5_18|       pointer|
|A_fifo5_27_din             |  out|   32|     ap_fifo|                                        A_fifo5_27|       pointer|
|A_fifo5_27_num_data_valid  |   in|    5|     ap_fifo|                                        A_fifo5_27|       pointer|
|A_fifo5_27_fifo_cap        |   in|    5|     ap_fifo|                                        A_fifo5_27|       pointer|
|A_fifo5_27_full_n          |   in|    1|     ap_fifo|                                        A_fifo5_27|       pointer|
|A_fifo5_27_write           |  out|    1|     ap_fifo|                                        A_fifo5_27|       pointer|
|A_fifo5_36_din             |  out|   32|     ap_fifo|                                        A_fifo5_36|       pointer|
|A_fifo5_36_num_data_valid  |   in|    5|     ap_fifo|                                        A_fifo5_36|       pointer|
|A_fifo5_36_fifo_cap        |   in|    5|     ap_fifo|                                        A_fifo5_36|       pointer|
|A_fifo5_36_full_n          |   in|    1|     ap_fifo|                                        A_fifo5_36|       pointer|
|A_fifo5_36_write           |  out|    1|     ap_fifo|                                        A_fifo5_36|       pointer|
|A_fifo5_45_din             |  out|   32|     ap_fifo|                                        A_fifo5_45|       pointer|
|A_fifo5_45_num_data_valid  |   in|    5|     ap_fifo|                                        A_fifo5_45|       pointer|
|A_fifo5_45_fifo_cap        |   in|    5|     ap_fifo|                                        A_fifo5_45|       pointer|
|A_fifo5_45_full_n          |   in|    1|     ap_fifo|                                        A_fifo5_45|       pointer|
|A_fifo5_45_write           |  out|    1|     ap_fifo|                                        A_fifo5_45|       pointer|
|A_fifo5_54_din             |  out|   32|     ap_fifo|                                        A_fifo5_54|       pointer|
|A_fifo5_54_num_data_valid  |   in|    5|     ap_fifo|                                        A_fifo5_54|       pointer|
|A_fifo5_54_fifo_cap        |   in|    5|     ap_fifo|                                        A_fifo5_54|       pointer|
|A_fifo5_54_full_n          |   in|    1|     ap_fifo|                                        A_fifo5_54|       pointer|
|A_fifo5_54_write           |  out|    1|     ap_fifo|                                        A_fifo5_54|       pointer|
|A_fifo5_63_din             |  out|   32|     ap_fifo|                                        A_fifo5_63|       pointer|
|A_fifo5_63_num_data_valid  |   in|    5|     ap_fifo|                                        A_fifo5_63|       pointer|
|A_fifo5_63_fifo_cap        |   in|    5|     ap_fifo|                                        A_fifo5_63|       pointer|
|A_fifo5_63_full_n          |   in|    1|     ap_fifo|                                        A_fifo5_63|       pointer|
|A_fifo5_63_write           |  out|    1|     ap_fifo|                                        A_fifo5_63|       pointer|
|B_fifo5_din                |  out|   32|     ap_fifo|                                           B_fifo5|       pointer|
|B_fifo5_num_data_valid     |   in|    5|     ap_fifo|                                           B_fifo5|       pointer|
|B_fifo5_fifo_cap           |   in|    5|     ap_fifo|                                           B_fifo5|       pointer|
|B_fifo5_full_n             |   in|    1|     ap_fifo|                                           B_fifo5|       pointer|
|B_fifo5_write              |  out|    1|     ap_fifo|                                           B_fifo5|       pointer|
|B_fifo5_9_din              |  out|   32|     ap_fifo|                                         B_fifo5_9|       pointer|
|B_fifo5_9_num_data_valid   |   in|    5|     ap_fifo|                                         B_fifo5_9|       pointer|
|B_fifo5_9_fifo_cap         |   in|    5|     ap_fifo|                                         B_fifo5_9|       pointer|
|B_fifo5_9_full_n           |   in|    1|     ap_fifo|                                         B_fifo5_9|       pointer|
|B_fifo5_9_write            |  out|    1|     ap_fifo|                                         B_fifo5_9|       pointer|
|B_fifo5_18_din             |  out|   32|     ap_fifo|                                        B_fifo5_18|       pointer|
|B_fifo5_18_num_data_valid  |   in|    5|     ap_fifo|                                        B_fifo5_18|       pointer|
|B_fifo5_18_fifo_cap        |   in|    5|     ap_fifo|                                        B_fifo5_18|       pointer|
|B_fifo5_18_full_n          |   in|    1|     ap_fifo|                                        B_fifo5_18|       pointer|
|B_fifo5_18_write           |  out|    1|     ap_fifo|                                        B_fifo5_18|       pointer|
|B_fifo5_27_din             |  out|   32|     ap_fifo|                                        B_fifo5_27|       pointer|
|B_fifo5_27_num_data_valid  |   in|    5|     ap_fifo|                                        B_fifo5_27|       pointer|
|B_fifo5_27_fifo_cap        |   in|    5|     ap_fifo|                                        B_fifo5_27|       pointer|
|B_fifo5_27_full_n          |   in|    1|     ap_fifo|                                        B_fifo5_27|       pointer|
|B_fifo5_27_write           |  out|    1|     ap_fifo|                                        B_fifo5_27|       pointer|
|B_fifo5_36_din             |  out|   32|     ap_fifo|                                        B_fifo5_36|       pointer|
|B_fifo5_36_num_data_valid  |   in|    5|     ap_fifo|                                        B_fifo5_36|       pointer|
|B_fifo5_36_fifo_cap        |   in|    5|     ap_fifo|                                        B_fifo5_36|       pointer|
|B_fifo5_36_full_n          |   in|    1|     ap_fifo|                                        B_fifo5_36|       pointer|
|B_fifo5_36_write           |  out|    1|     ap_fifo|                                        B_fifo5_36|       pointer|
|B_fifo5_45_din             |  out|   32|     ap_fifo|                                        B_fifo5_45|       pointer|
|B_fifo5_45_num_data_valid  |   in|    5|     ap_fifo|                                        B_fifo5_45|       pointer|
|B_fifo5_45_fifo_cap        |   in|    5|     ap_fifo|                                        B_fifo5_45|       pointer|
|B_fifo5_45_full_n          |   in|    1|     ap_fifo|                                        B_fifo5_45|       pointer|
|B_fifo5_45_write           |  out|    1|     ap_fifo|                                        B_fifo5_45|       pointer|
|B_fifo5_54_din             |  out|   32|     ap_fifo|                                        B_fifo5_54|       pointer|
|B_fifo5_54_num_data_valid  |   in|    5|     ap_fifo|                                        B_fifo5_54|       pointer|
|B_fifo5_54_fifo_cap        |   in|    5|     ap_fifo|                                        B_fifo5_54|       pointer|
|B_fifo5_54_full_n          |   in|    1|     ap_fifo|                                        B_fifo5_54|       pointer|
|B_fifo5_54_write           |  out|    1|     ap_fifo|                                        B_fifo5_54|       pointer|
|B_fifo5_63_din             |  out|   32|     ap_fifo|                                        B_fifo5_63|       pointer|
|B_fifo5_63_num_data_valid  |   in|    5|     ap_fifo|                                        B_fifo5_63|       pointer|
|B_fifo5_63_fifo_cap        |   in|    5|     ap_fifo|                                        B_fifo5_63|       pointer|
|B_fifo5_63_full_n          |   in|    1|     ap_fifo|                                        B_fifo5_63|       pointer|
|B_fifo5_63_write           |  out|    1|     ap_fifo|                                        B_fifo5_63|       pointer|
|v8272_0_address0           |  out|   10|   ap_memory|                                           v8272_0|         array|
|v8272_0_ce0                |  out|    1|   ap_memory|                                           v8272_0|         array|
|v8272_0_q0                 |   in|   32|   ap_memory|                                           v8272_0|         array|
|v8272_1_address0           |  out|   10|   ap_memory|                                           v8272_1|         array|
|v8272_1_ce0                |  out|    1|   ap_memory|                                           v8272_1|         array|
|v8272_1_q0                 |   in|   32|   ap_memory|                                           v8272_1|         array|
|v8272_2_address0           |  out|   10|   ap_memory|                                           v8272_2|         array|
|v8272_2_ce0                |  out|    1|   ap_memory|                                           v8272_2|         array|
|v8272_2_q0                 |   in|   32|   ap_memory|                                           v8272_2|         array|
|v8272_3_address0           |  out|   10|   ap_memory|                                           v8272_3|         array|
|v8272_3_ce0                |  out|    1|   ap_memory|                                           v8272_3|         array|
|v8272_3_q0                 |   in|   32|   ap_memory|                                           v8272_3|         array|
|v8272_4_address0           |  out|   10|   ap_memory|                                           v8272_4|         array|
|v8272_4_ce0                |  out|    1|   ap_memory|                                           v8272_4|         array|
|v8272_4_q0                 |   in|   32|   ap_memory|                                           v8272_4|         array|
|v8272_5_address0           |  out|   10|   ap_memory|                                           v8272_5|         array|
|v8272_5_ce0                |  out|    1|   ap_memory|                                           v8272_5|         array|
|v8272_5_q0                 |   in|   32|   ap_memory|                                           v8272_5|         array|
|v8272_6_address0           |  out|   10|   ap_memory|                                           v8272_6|         array|
|v8272_6_ce0                |  out|    1|   ap_memory|                                           v8272_6|         array|
|v8272_6_q0                 |   in|   32|   ap_memory|                                           v8272_6|         array|
|v8272_7_address0           |  out|   10|   ap_memory|                                           v8272_7|         array|
|v8272_7_ce0                |  out|    1|   ap_memory|                                           v8272_7|         array|
|v8272_7_q0                 |   in|   32|   ap_memory|                                           v8272_7|         array|
|v8273_0_address0           |  out|   10|   ap_memory|                                           v8273_0|         array|
|v8273_0_ce0                |  out|    1|   ap_memory|                                           v8273_0|         array|
|v8273_0_q0                 |   in|   32|   ap_memory|                                           v8273_0|         array|
|v8273_1_address0           |  out|   10|   ap_memory|                                           v8273_1|         array|
|v8273_1_ce0                |  out|    1|   ap_memory|                                           v8273_1|         array|
|v8273_1_q0                 |   in|   32|   ap_memory|                                           v8273_1|         array|
|v8273_2_address0           |  out|   10|   ap_memory|                                           v8273_2|         array|
|v8273_2_ce0                |  out|    1|   ap_memory|                                           v8273_2|         array|
|v8273_2_q0                 |   in|   32|   ap_memory|                                           v8273_2|         array|
|v8273_3_address0           |  out|   10|   ap_memory|                                           v8273_3|         array|
|v8273_3_ce0                |  out|    1|   ap_memory|                                           v8273_3|         array|
|v8273_3_q0                 |   in|   32|   ap_memory|                                           v8273_3|         array|
|v8273_4_address0           |  out|   10|   ap_memory|                                           v8273_4|         array|
|v8273_4_ce0                |  out|    1|   ap_memory|                                           v8273_4|         array|
|v8273_4_q0                 |   in|   32|   ap_memory|                                           v8273_4|         array|
|v8273_5_address0           |  out|   10|   ap_memory|                                           v8273_5|         array|
|v8273_5_ce0                |  out|    1|   ap_memory|                                           v8273_5|         array|
|v8273_5_q0                 |   in|   32|   ap_memory|                                           v8273_5|         array|
|v8273_6_address0           |  out|   10|   ap_memory|                                           v8273_6|         array|
|v8273_6_ce0                |  out|    1|   ap_memory|                                           v8273_6|         array|
|v8273_6_q0                 |   in|   32|   ap_memory|                                           v8273_6|         array|
|v8273_7_address0           |  out|   10|   ap_memory|                                           v8273_7|         array|
|v8273_7_ce0                |  out|    1|   ap_memory|                                           v8273_7|         array|
|v8273_7_q0                 |   in|   32|   ap_memory|                                           v8273_7|         array|
+---------------------------+-----+-----+------------+--------------------------------------------------+--------------+

