

================================================================
== Vitis HLS Report for 'systolic_tile_YV'
================================================================
* Date:           Wed Feb  5 22:36:53 2025

* Version:        2023.2 (Build 4023990 on Oct 11 2023)
* Project:        DitBlock
* Solution:       hls (Vivado IP Flow Target)
* Product family: virtexuplusHBM
* Target device:  xcu280-fsvh2892-2L-e


================================================================
== Performance Estimates
================================================================
+ Timing: 
    * Summary: 
    +--------+----------+----------+------------+
    |  Clock |  Target  | Estimated| Uncertainty|
    +--------+----------+----------+------------+
    |ap_clk  |  10.00 ns|  6.536 ns|     2.70 ns|
    +--------+----------+----------+------------+

+ Latency: 
    * Summary: 
    +---------+---------+-----------+-----------+------+------+----------+
    |  Latency (cycles) |   Latency (absolute)  |   Interval  | Pipeline |
    |   min   |   max   |    min    |    max    |  min |  max |   Type   |
    +---------+---------+-----------+-----------+------+------+----------+
    |     2068|     2068|  20.680 us|  20.680 us|  2054|  2054|  dataflow|
    +---------+---------+-----------+-----------+------+------+----------+

    + Detail: 
        * Instance: 
        +---------------------------------------------------+------------------------------------------------+---------+---------+-----------+-----------+------+------+---------+
        |                                                   |                                                |  Latency (cycles) |   Latency (absolute)  |   Interval  | Pipeline|
        |                      Instance                     |                     Module                     |   min   |   max   |    min    |    max    |  min |  max |   Type  |
        +---------------------------------------------------+------------------------------------------------+---------+---------+-----------+-----------+------+------+---------+
        |systolic_tile_YV_Loop_l_data_load_k338_proc28_U0   |systolic_tile_YV_Loop_l_data_load_k338_proc28   |     1026|     1026|  10.260 us|  10.260 us|  1026|  1026|       no|
        |PE_kernel_YV_0_0_1_U0                              |PE_kernel_YV_0_0_1                              |     2053|     2053|  20.530 us|  20.530 us|  2053|  2053|       no|
        |PE_kernel_YV_1_0_1_U0                              |PE_kernel_YV_1_0_1                              |     2053|     2053|  20.530 us|  20.530 us|  2053|  2053|       no|
        |PE_kernel_YV_0_1_1_U0                              |PE_kernel_YV_0_1_1                              |     2053|     2053|  20.530 us|  20.530 us|  2053|  2053|       no|
        |PE_kernel_YV_2_0_1_U0                              |PE_kernel_YV_2_0_1                              |     2053|     2053|  20.530 us|  20.530 us|  2053|  2053|       no|
        |PE_kernel_YV_1_1_1_U0                              |PE_kernel_YV_1_1_1                              |     2053|     2053|  20.530 us|  20.530 us|  2053|  2053|       no|
        |PE_kernel_YV_0_2_1_U0                              |PE_kernel_YV_0_2_1                              |     2053|     2053|  20.530 us|  20.530 us|  2053|  2053|       no|
        |PE_kernel_YV_3_0_1_U0                              |PE_kernel_YV_3_0_1                              |     2053|     2053|  20.530 us|  20.530 us|  2053|  2053|       no|
        |PE_kernel_YV_2_1_1_U0                              |PE_kernel_YV_2_1_1                              |     2053|     2053|  20.530 us|  20.530 us|  2053|  2053|       no|
        |PE_kernel_YV_1_2_1_U0                              |PE_kernel_YV_1_2_1                              |     2053|     2053|  20.530 us|  20.530 us|  2053|  2053|       no|
        |PE_kernel_YV_0_3_1_U0                              |PE_kernel_YV_0_3_1                              |     2053|     2053|  20.530 us|  20.530 us|  2053|  2053|       no|
        |PE_kernel_YV_4_0_1_U0                              |PE_kernel_YV_4_0_1                              |     2053|     2053|  20.530 us|  20.530 us|  2053|  2053|       no|
        |PE_kernel_YV_3_1_1_U0                              |PE_kernel_YV_3_1_1                              |     2053|     2053|  20.530 us|  20.530 us|  2053|  2053|       no|
        |PE_kernel_YV_2_2_1_U0                              |PE_kernel_YV_2_2_1                              |     2053|     2053|  20.530 us|  20.530 us|  2053|  2053|       no|
        |PE_kernel_YV_1_3_1_U0                              |PE_kernel_YV_1_3_1                              |     2053|     2053|  20.530 us|  20.530 us|  2053|  2053|       no|
        |PE_kernel_YV_0_4_1_U0                              |PE_kernel_YV_0_4_1                              |     2053|     2053|  20.530 us|  20.530 us|  2053|  2053|       no|
        |PE_kernel_YV_5_0_1_U0                              |PE_kernel_YV_5_0_1                              |     2053|     2053|  20.530 us|  20.530 us|  2053|  2053|       no|
        |PE_kernel_YV_4_1_1_U0                              |PE_kernel_YV_4_1_1                              |     2053|     2053|  20.530 us|  20.530 us|  2053|  2053|       no|
        |PE_kernel_YV_3_2_1_U0                              |PE_kernel_YV_3_2_1                              |     2053|     2053|  20.530 us|  20.530 us|  2053|  2053|       no|
        |PE_kernel_YV_2_3_1_U0                              |PE_kernel_YV_2_3_1                              |     2053|     2053|  20.530 us|  20.530 us|  2053|  2053|       no|
        |PE_kernel_YV_1_4_1_U0                              |PE_kernel_YV_1_4_1                              |     2053|     2053|  20.530 us|  20.530 us|  2053|  2053|       no|
        |PE_kernel_YV_0_5_1_U0                              |PE_kernel_YV_0_5_1                              |     2053|     2053|  20.530 us|  20.530 us|  2053|  2053|       no|
        |PE_kernel_YV_6_0_1_U0                              |PE_kernel_YV_6_0_1                              |     2053|     2053|  20.530 us|  20.530 us|  2053|  2053|       no|
        |PE_kernel_YV_5_1_1_U0                              |PE_kernel_YV_5_1_1                              |     2053|     2053|  20.530 us|  20.530 us|  2053|  2053|       no|
        |PE_kernel_YV_4_2_1_U0                              |PE_kernel_YV_4_2_1                              |     2053|     2053|  20.530 us|  20.530 us|  2053|  2053|       no|
        |PE_kernel_YV_3_3_1_U0                              |PE_kernel_YV_3_3_1                              |     2053|     2053|  20.530 us|  20.530 us|  2053|  2053|       no|
        |PE_kernel_YV_2_4_1_U0                              |PE_kernel_YV_2_4_1                              |     2053|     2053|  20.530 us|  20.530 us|  2053|  2053|       no|
        |PE_kernel_YV_1_5_1_U0                              |PE_kernel_YV_1_5_1                              |     2053|     2053|  20.530 us|  20.530 us|  2053|  2053|       no|
        |PE_kernel_YV_0_6_1_U0                              |PE_kernel_YV_0_6_1                              |     2053|     2053|  20.530 us|  20.530 us|  2053|  2053|       no|
        |PE_kernel_YV_7_0_1_U0                              |PE_kernel_YV_7_0_1                              |     2053|     2053|  20.530 us|  20.530 us|  2053|  2053|       no|
        |PE_kernel_YV_6_1_1_U0                              |PE_kernel_YV_6_1_1                              |     2053|     2053|  20.530 us|  20.530 us|  2053|  2053|       no|
        |PE_kernel_YV_5_2_1_U0                              |PE_kernel_YV_5_2_1                              |     2053|     2053|  20.530 us|  20.530 us|  2053|  2053|       no|
        |PE_kernel_YV_4_3_1_U0                              |PE_kernel_YV_4_3_1                              |     2053|     2053|  20.530 us|  20.530 us|  2053|  2053|       no|
        |PE_kernel_YV_3_4_1_U0                              |PE_kernel_YV_3_4_1                              |     2053|     2053|  20.530 us|  20.530 us|  2053|  2053|       no|
        |PE_kernel_YV_2_5_1_U0                              |PE_kernel_YV_2_5_1                              |     2053|     2053|  20.530 us|  20.530 us|  2053|  2053|       no|
        |PE_kernel_YV_1_6_1_U0                              |PE_kernel_YV_1_6_1                              |     2053|     2053|  20.530 us|  20.530 us|  2053|  2053|       no|
        |PE_kernel_YV_0_7_1_U0                              |PE_kernel_YV_0_7_1                              |     2053|     2053|  20.530 us|  20.530 us|  2053|  2053|       no|
        |PE_kernel_YV_7_1_1_U0                              |PE_kernel_YV_7_1_1                              |     2053|     2053|  20.530 us|  20.530 us|  2053|  2053|       no|
        |PE_kernel_YV_6_2_1_U0                              |PE_kernel_YV_6_2_1                              |     2053|     2053|  20.530 us|  20.530 us|  2053|  2053|       no|
        |PE_kernel_YV_5_3_1_U0                              |PE_kernel_YV_5_3_1                              |     2053|     2053|  20.530 us|  20.530 us|  2053|  2053|       no|
        |PE_kernel_YV_4_4_1_U0                              |PE_kernel_YV_4_4_1                              |     2053|     2053|  20.530 us|  20.530 us|  2053|  2053|       no|
        |PE_kernel_YV_3_5_1_U0                              |PE_kernel_YV_3_5_1                              |     2053|     2053|  20.530 us|  20.530 us|  2053|  2053|       no|
        |PE_kernel_YV_2_6_1_U0                              |PE_kernel_YV_2_6_1                              |     2053|     2053|  20.530 us|  20.530 us|  2053|  2053|       no|
        |PE_kernel_YV_1_7_1_U0                              |PE_kernel_YV_1_7_1                              |     2053|     2053|  20.530 us|  20.530 us|  2053|  2053|       no|
        |PE_kernel_YV_7_2_1_U0                              |PE_kernel_YV_7_2_1                              |     2053|     2053|  20.530 us|  20.530 us|  2053|  2053|       no|
        |PE_kernel_YV_6_3_1_U0                              |PE_kernel_YV_6_3_1                              |     2053|     2053|  20.530 us|  20.530 us|  2053|  2053|       no|
        |PE_kernel_YV_5_4_1_U0                              |PE_kernel_YV_5_4_1                              |     2053|     2053|  20.530 us|  20.530 us|  2053|  2053|       no|
        |PE_kernel_YV_4_5_1_U0                              |PE_kernel_YV_4_5_1                              |     2053|     2053|  20.530 us|  20.530 us|  2053|  2053|       no|
        |PE_kernel_YV_3_6_1_U0                              |PE_kernel_YV_3_6_1                              |     2053|     2053|  20.530 us|  20.530 us|  2053|  2053|       no|
        |PE_kernel_YV_2_7_1_U0                              |PE_kernel_YV_2_7_1                              |     2053|     2053|  20.530 us|  20.530 us|  2053|  2053|       no|
        |PE_kernel_YV_7_3_1_U0                              |PE_kernel_YV_7_3_1                              |     2053|     2053|  20.530 us|  20.530 us|  2053|  2053|       no|
        |PE_kernel_YV_6_4_1_U0                              |PE_kernel_YV_6_4_1                              |     2053|     2053|  20.530 us|  20.530 us|  2053|  2053|       no|
        |PE_kernel_YV_5_5_1_U0                              |PE_kernel_YV_5_5_1                              |     2053|     2053|  20.530 us|  20.530 us|  2053|  2053|       no|
        |PE_kernel_YV_4_6_1_U0                              |PE_kernel_YV_4_6_1                              |     2053|     2053|  20.530 us|  20.530 us|  2053|  2053|       no|
        |PE_kernel_YV_3_7_1_U0                              |PE_kernel_YV_3_7_1                              |     2053|     2053|  20.530 us|  20.530 us|  2053|  2053|       no|
        |PE_kernel_YV_7_4_1_U0                              |PE_kernel_YV_7_4_1                              |     2053|     2053|  20.530 us|  20.530 us|  2053|  2053|       no|
        |PE_kernel_YV_6_5_1_U0                              |PE_kernel_YV_6_5_1                              |     2053|     2053|  20.530 us|  20.530 us|  2053|  2053|       no|
        |PE_kernel_YV_5_6_1_U0                              |PE_kernel_YV_5_6_1                              |     2053|     2053|  20.530 us|  20.530 us|  2053|  2053|       no|
        |PE_kernel_YV_4_7_1_U0                              |PE_kernel_YV_4_7_1                              |     2053|     2053|  20.530 us|  20.530 us|  2053|  2053|       no|
        |PE_kernel_YV_7_5_1_U0                              |PE_kernel_YV_7_5_1                              |     2053|     2053|  20.530 us|  20.530 us|  2053|  2053|       no|
        |PE_kernel_YV_6_6_1_U0                              |PE_kernel_YV_6_6_1                              |     2053|     2053|  20.530 us|  20.530 us|  2053|  2053|       no|
        |PE_kernel_YV_5_7_1_U0                              |PE_kernel_YV_5_7_1                              |     2053|     2053|  20.530 us|  20.530 us|  2053|  2053|       no|
        |PE_kernel_YV_7_6_1_U0                              |PE_kernel_YV_7_6_1                              |     2053|     2053|  20.530 us|  20.530 us|  2053|  2053|       no|
        |PE_kernel_YV_6_7_1_U0                              |PE_kernel_YV_6_7_1                              |     2053|     2053|  20.530 us|  20.530 us|  2053|  2053|       no|
        |PE_kernel_YV_7_7_1_U0                              |PE_kernel_YV_7_7_1                              |     2053|     2053|  20.530 us|  20.530 us|  2053|  2053|       no|
        |systolic_tile_YV_Loop_l_data_drain_k339_proc29_U0  |systolic_tile_YV_Loop_l_data_drain_k339_proc29  |     1026|     1026|  10.260 us|  10.260 us|  1026|  1026|       no|
        +---------------------------------------------------+------------------------------------------------+---------+---------+-----------+-----------+------+------+---------+

        * Loop: 
        N/A



================================================================
== Utilization Estimates
================================================================
* Summary: 
+---------------------+---------+------+---------+---------+-----+
|         Name        | BRAM_18K|  DSP |    FF   |   LUT   | URAM|
+---------------------+---------+------+---------+---------+-----+
|DSP                  |        -|     -|        -|        -|    -|
|Expression           |        -|     -|        0|       10|    -|
|FIFO                 |        -|     -|     1008|     4320|    -|
|Instance             |        -|   320|    27790|    32452|    -|
|Memory               |        -|     -|        -|        -|    -|
|Multiplexer          |        -|     -|        -|        -|    -|
|Register             |        -|     -|        -|        -|    -|
+---------------------+---------+------+---------+---------+-----+
|Total                |        0|   320|    28798|    36782|    0|
+---------------------+---------+------+---------+---------+-----+
|Available SLR        |     1344|  3008|   869120|   434560|  320|
+---------------------+---------+------+---------+---------+-----+
|Utilization SLR (%)  |        0|    10|        3|        8|    0|
+---------------------+---------+------+---------+---------+-----+
|Available            |     4032|  9024|  2607360|  1303680|  960|
+---------------------+---------+------+---------+---------+-----+
|Utilization (%)      |        0|     3|        1|        2|    0|
+---------------------+---------+------+---------+---------+-----+

+ Detail: 
    * Instance: 
    +---------------------------------------------------+------------------------------------------------+---------+----+-----+-----+-----+
    |                      Instance                     |                     Module                     | BRAM_18K| DSP|  FF | LUT | URAM|
    +---------------------------------------------------+------------------------------------------------+---------+----+-----+-----+-----+
    |PE_kernel_YV_0_0_1_U0                              |PE_kernel_YV_0_0_1                              |        0|   5|  433|  493|    0|
    |PE_kernel_YV_0_1_1_U0                              |PE_kernel_YV_0_1_1                              |        0|   5|  433|  493|    0|
    |PE_kernel_YV_0_2_1_U0                              |PE_kernel_YV_0_2_1                              |        0|   5|  434|  502|    0|
    |PE_kernel_YV_0_3_1_U0                              |PE_kernel_YV_0_3_1                              |        0|   5|  434|  502|    0|
    |PE_kernel_YV_0_4_1_U0                              |PE_kernel_YV_0_4_1                              |        0|   5|  434|  502|    0|
    |PE_kernel_YV_0_5_1_U0                              |PE_kernel_YV_0_5_1                              |        0|   5|  434|  502|    0|
    |PE_kernel_YV_0_6_1_U0                              |PE_kernel_YV_0_6_1                              |        0|   5|  434|  502|    0|
    |PE_kernel_YV_0_7_1_U0                              |PE_kernel_YV_0_7_1                              |        0|   5|  434|  502|    0|
    |PE_kernel_YV_1_0_1_U0                              |PE_kernel_YV_1_0_1                              |        0|   5|  434|  502|    0|
    |PE_kernel_YV_1_1_1_U0                              |PE_kernel_YV_1_1_1                              |        0|   5|  433|  493|    0|
    |PE_kernel_YV_1_2_1_U0                              |PE_kernel_YV_1_2_1                              |        0|   5|  433|  493|    0|
    |PE_kernel_YV_1_3_1_U0                              |PE_kernel_YV_1_3_1                              |        0|   5|  434|  502|    0|
    |PE_kernel_YV_1_4_1_U0                              |PE_kernel_YV_1_4_1                              |        0|   5|  434|  502|    0|
    |PE_kernel_YV_1_5_1_U0                              |PE_kernel_YV_1_5_1                              |        0|   5|  434|  502|    0|
    |PE_kernel_YV_1_6_1_U0                              |PE_kernel_YV_1_6_1                              |        0|   5|  434|  502|    0|
    |PE_kernel_YV_1_7_1_U0                              |PE_kernel_YV_1_7_1                              |        0|   5|  434|  502|    0|
    |PE_kernel_YV_2_0_1_U0                              |PE_kernel_YV_2_0_1                              |        0|   5|  434|  502|    0|
    |PE_kernel_YV_2_1_1_U0                              |PE_kernel_YV_2_1_1                              |        0|   5|  434|  502|    0|
    |PE_kernel_YV_2_2_1_U0                              |PE_kernel_YV_2_2_1                              |        0|   5|  433|  493|    0|
    |PE_kernel_YV_2_3_1_U0                              |PE_kernel_YV_2_3_1                              |        0|   5|  433|  493|    0|
    |PE_kernel_YV_2_4_1_U0                              |PE_kernel_YV_2_4_1                              |        0|   5|  434|  502|    0|
    |PE_kernel_YV_2_5_1_U0                              |PE_kernel_YV_2_5_1                              |        0|   5|  434|  502|    0|
    |PE_kernel_YV_2_6_1_U0                              |PE_kernel_YV_2_6_1                              |        0|   5|  434|  502|    0|
    |PE_kernel_YV_2_7_1_U0                              |PE_kernel_YV_2_7_1                              |        0|   5|  434|  502|    0|
    |PE_kernel_YV_3_0_1_U0                              |PE_kernel_YV_3_0_1                              |        0|   5|  434|  502|    0|
    |PE_kernel_YV_3_1_1_U0                              |PE_kernel_YV_3_1_1                              |        0|   5|  434|  502|    0|
    |PE_kernel_YV_3_2_1_U0                              |PE_kernel_YV_3_2_1                              |        0|   5|  434|  502|    0|
    |PE_kernel_YV_3_3_1_U0                              |PE_kernel_YV_3_3_1                              |        0|   5|  433|  493|    0|
    |PE_kernel_YV_3_4_1_U0                              |PE_kernel_YV_3_4_1                              |        0|   5|  433|  493|    0|
    |PE_kernel_YV_3_5_1_U0                              |PE_kernel_YV_3_5_1                              |        0|   5|  434|  502|    0|
    |PE_kernel_YV_3_6_1_U0                              |PE_kernel_YV_3_6_1                              |        0|   5|  434|  502|    0|
    |PE_kernel_YV_3_7_1_U0                              |PE_kernel_YV_3_7_1                              |        0|   5|  434|  502|    0|
    |PE_kernel_YV_4_0_1_U0                              |PE_kernel_YV_4_0_1                              |        0|   5|  434|  502|    0|
    |PE_kernel_YV_4_1_1_U0                              |PE_kernel_YV_4_1_1                              |        0|   5|  434|  502|    0|
    |PE_kernel_YV_4_2_1_U0                              |PE_kernel_YV_4_2_1                              |        0|   5|  434|  502|    0|
    |PE_kernel_YV_4_3_1_U0                              |PE_kernel_YV_4_3_1                              |        0|   5|  434|  502|    0|
    |PE_kernel_YV_4_4_1_U0                              |PE_kernel_YV_4_4_1                              |        0|   5|  433|  493|    0|
    |PE_kernel_YV_4_5_1_U0                              |PE_kernel_YV_4_5_1                              |        0|   5|  433|  493|    0|
    |PE_kernel_YV_4_6_1_U0                              |PE_kernel_YV_4_6_1                              |        0|   5|  434|  502|    0|
    |PE_kernel_YV_4_7_1_U0                              |PE_kernel_YV_4_7_1                              |        0|   5|  434|  502|    0|
    |PE_kernel_YV_5_0_1_U0                              |PE_kernel_YV_5_0_1                              |        0|   5|  434|  502|    0|
    |PE_kernel_YV_5_1_1_U0                              |PE_kernel_YV_5_1_1                              |        0|   5|  434|  502|    0|
    |PE_kernel_YV_5_2_1_U0                              |PE_kernel_YV_5_2_1                              |        0|   5|  434|  502|    0|
    |PE_kernel_YV_5_3_1_U0                              |PE_kernel_YV_5_3_1                              |        0|   5|  434|  502|    0|
    |PE_kernel_YV_5_4_1_U0                              |PE_kernel_YV_5_4_1                              |        0|   5|  434|  502|    0|
    |PE_kernel_YV_5_5_1_U0                              |PE_kernel_YV_5_5_1                              |        0|   5|  433|  493|    0|
    |PE_kernel_YV_5_6_1_U0                              |PE_kernel_YV_5_6_1                              |        0|   5|  433|  493|    0|
    |PE_kernel_YV_5_7_1_U0                              |PE_kernel_YV_5_7_1                              |        0|   5|  434|  502|    0|
    |PE_kernel_YV_6_0_1_U0                              |PE_kernel_YV_6_0_1                              |        0|   5|  434|  502|    0|
    |PE_kernel_YV_6_1_1_U0                              |PE_kernel_YV_6_1_1                              |        0|   5|  434|  502|    0|
    |PE_kernel_YV_6_2_1_U0                              |PE_kernel_YV_6_2_1                              |        0|   5|  434|  502|    0|
    |PE_kernel_YV_6_3_1_U0                              |PE_kernel_YV_6_3_1                              |        0|   5|  434|  502|    0|
    |PE_kernel_YV_6_4_1_U0                              |PE_kernel_YV_6_4_1                              |        0|   5|  434|  502|    0|
    |PE_kernel_YV_6_5_1_U0                              |PE_kernel_YV_6_5_1                              |        0|   5|  434|  502|    0|
    |PE_kernel_YV_6_6_1_U0                              |PE_kernel_YV_6_6_1                              |        0|   5|  433|  493|    0|
    |PE_kernel_YV_6_7_1_U0                              |PE_kernel_YV_6_7_1                              |        0|   5|  433|  493|    0|
    |PE_kernel_YV_7_0_1_U0                              |PE_kernel_YV_7_0_1                              |        0|   5|  434|  502|    0|
    |PE_kernel_YV_7_1_1_U0                              |PE_kernel_YV_7_1_1                              |        0|   5|  434|  502|    0|
    |PE_kernel_YV_7_2_1_U0                              |PE_kernel_YV_7_2_1                              |        0|   5|  434|  502|    0|
    |PE_kernel_YV_7_3_1_U0                              |PE_kernel_YV_7_3_1                              |        0|   5|  434|  502|    0|
    |PE_kernel_YV_7_4_1_U0                              |PE_kernel_YV_7_4_1                              |        0|   5|  434|  502|    0|
    |PE_kernel_YV_7_5_1_U0                              |PE_kernel_YV_7_5_1                              |        0|   5|  434|  502|    0|
    |PE_kernel_YV_7_6_1_U0                              |PE_kernel_YV_7_6_1                              |        0|   5|  434|  502|    0|
    |PE_kernel_YV_7_7_1_U0                              |PE_kernel_YV_7_7_1                              |        0|   5|  433|  493|    0|
    |systolic_tile_YV_Loop_l_data_drain_k339_proc29_U0  |systolic_tile_YV_Loop_l_data_drain_k339_proc29  |        0|   0|   14|  225|    0|
    |systolic_tile_YV_Loop_l_data_load_k338_proc28_U0   |systolic_tile_YV_Loop_l_data_load_k338_proc28   |        0|   0|   15|  234|    0|
    +---------------------------------------------------+------------------------------------------------+---------+----+-----+-----+-----+
    |Total                                              |                                                |        0| 320|27790|32452|    0|
    +---------------------------------------------------+------------------------------------------------+---------+----+-----+-----+-----+

    * DSP: 
    N/A

    * Memory: 
    N/A

    * FIFO: 
    +--------------+---------+----+----+-----+------+-----+---------+
    |     Name     | BRAM_18K| FF | LUT| URAM| Depth| Bits| Size:D*B|
    +--------------+---------+----+----+-----+------+-----+---------+
    |A_fifo5_10_U  |        0|   7|   0|    -|     9|   32|      288|
    |A_fifo5_11_U  |        0|   7|   0|    -|     9|   32|      288|
    |A_fifo5_12_U  |        0|   7|   0|    -|     9|   32|      288|
    |A_fifo5_13_U  |        0|   7|   0|    -|     9|   32|      288|
    |A_fifo5_14_U  |        0|   7|   0|    -|     9|   32|      288|
    |A_fifo5_15_U  |        0|   7|   0|    -|     9|   32|      288|
    |A_fifo5_16_U  |        0|   7|   0|    -|     9|   32|      288|
    |A_fifo5_17_U  |        0|   7|   0|    -|     9|   32|      288|
    |A_fifo5_18_U  |        0|   7|   0|    -|     9|   32|      288|
    |A_fifo5_19_U  |        0|   7|   0|    -|     9|   32|      288|
    |A_fifo5_1_U   |        0|   7|   0|    -|     9|   32|      288|
    |A_fifo5_20_U  |        0|   7|   0|    -|     9|   32|      288|
    |A_fifo5_21_U  |        0|   7|   0|    -|     9|   32|      288|
    |A_fifo5_22_U  |        0|   7|   0|    -|     9|   32|      288|
    |A_fifo5_23_U  |        0|   7|   0|    -|     9|   32|      288|
    |A_fifo5_24_U  |        0|   7|   0|    -|     9|   32|      288|
    |A_fifo5_25_U  |        0|   7|   0|    -|     9|   32|      288|
    |A_fifo5_26_U  |        0|   7|   0|    -|     9|   32|      288|
    |A_fifo5_27_U  |        0|   7|   0|    -|     9|   32|      288|
    |A_fifo5_28_U  |        0|   7|   0|    -|     9|   32|      288|
    |A_fifo5_29_U  |        0|   7|   0|    -|     9|   32|      288|
    |A_fifo5_2_U   |        0|   7|   0|    -|     9|   32|      288|
    |A_fifo5_30_U  |        0|   7|   0|    -|     9|   32|      288|
    |A_fifo5_31_U  |        0|   7|   0|    -|     9|   32|      288|
    |A_fifo5_32_U  |        0|   7|   0|    -|     9|   32|      288|
    |A_fifo5_33_U  |        0|   7|   0|    -|     9|   32|      288|
    |A_fifo5_34_U  |        0|   7|   0|    -|     9|   32|      288|
    |A_fifo5_35_U  |        0|   7|   0|    -|     9|   32|      288|
    |A_fifo5_36_U  |        0|   7|   0|    -|     9|   32|      288|
    |A_fifo5_37_U  |        0|   7|   0|    -|     9|   32|      288|
    |A_fifo5_38_U  |        0|   7|   0|    -|     9|   32|      288|
    |A_fifo5_39_U  |        0|   7|   0|    -|     9|   32|      288|
    |A_fifo5_3_U   |        0|   7|   0|    -|     9|   32|      288|
    |A_fifo5_40_U  |        0|   7|   0|    -|     9|   32|      288|
    |A_fifo5_41_U  |        0|   7|   0|    -|     9|   32|      288|
    |A_fifo5_42_U  |        0|   7|   0|    -|     9|   32|      288|
    |A_fifo5_43_U  |        0|   7|   0|    -|     9|   32|      288|
    |A_fifo5_44_U  |        0|   7|   0|    -|     9|   32|      288|
    |A_fifo5_45_U  |        0|   7|   0|    -|     9|   32|      288|
    |A_fifo5_46_U  |        0|   7|   0|    -|     9|   32|      288|
    |A_fifo5_47_U  |        0|   7|   0|    -|     9|   32|      288|
    |A_fifo5_48_U  |        0|   7|   0|    -|     9|   32|      288|
    |A_fifo5_49_U  |        0|   7|   0|    -|     9|   32|      288|
    |A_fifo5_4_U   |        0|   7|   0|    -|     9|   32|      288|
    |A_fifo5_50_U  |        0|   7|   0|    -|     9|   32|      288|
    |A_fifo5_51_U  |        0|   7|   0|    -|     9|   32|      288|
    |A_fifo5_52_U  |        0|   7|   0|    -|     9|   32|      288|
    |A_fifo5_53_U  |        0|   7|   0|    -|     9|   32|      288|
    |A_fifo5_54_U  |        0|   7|   0|    -|     9|   32|      288|
    |A_fifo5_55_U  |        0|   7|   0|    -|     9|   32|      288|
    |A_fifo5_56_U  |        0|   7|   0|    -|     9|   32|      288|
    |A_fifo5_57_U  |        0|   7|   0|    -|     9|   32|      288|
    |A_fifo5_58_U  |        0|   7|   0|    -|     9|   32|      288|
    |A_fifo5_59_U  |        0|   7|   0|    -|     9|   32|      288|
    |A_fifo5_5_U   |        0|   7|   0|    -|     9|   32|      288|
    |A_fifo5_60_U  |        0|   7|   0|    -|     9|   32|      288|
    |A_fifo5_61_U  |        0|   7|   0|    -|     9|   32|      288|
    |A_fifo5_62_U  |        0|   7|   0|    -|     9|   32|      288|
    |A_fifo5_63_U  |        0|   7|   0|    -|     9|   32|      288|
    |A_fifo5_64_U  |        0|   7|   0|    -|     9|   32|      288|
    |A_fifo5_65_U  |        0|   7|   0|    -|     9|   32|      288|
    |A_fifo5_66_U  |        0|   7|   0|    -|     9|   32|      288|
    |A_fifo5_67_U  |        0|   7|   0|    -|     9|   32|      288|
    |A_fifo5_68_U  |        0|   7|   0|    -|     9|   32|      288|
    |A_fifo5_69_U  |        0|   7|   0|    -|     9|   32|      288|
    |A_fifo5_6_U   |        0|   7|   0|    -|     9|   32|      288|
    |A_fifo5_70_U  |        0|   7|   0|    -|     9|   32|      288|
    |A_fifo5_71_U  |        0|   7|   0|    -|     9|   32|      288|
    |A_fifo5_7_U   |        0|   7|   0|    -|     9|   32|      288|
    |A_fifo5_8_U   |        0|   7|   0|    -|     9|   32|      288|
    |A_fifo5_9_U   |        0|   7|   0|    -|     9|   32|      288|
    |A_fifo5_U     |        0|   7|   0|    -|     9|   32|      288|
    |B_fifo5_10_U  |        0|   7|   0|    -|     9|   32|      288|
    |B_fifo5_11_U  |        0|   7|   0|    -|     9|   32|      288|
    |B_fifo5_12_U  |        0|   7|   0|    -|     9|   32|      288|
    |B_fifo5_13_U  |        0|   7|   0|    -|     9|   32|      288|
    |B_fifo5_14_U  |        0|   7|   0|    -|     9|   32|      288|
    |B_fifo5_15_U  |        0|   7|   0|    -|     9|   32|      288|
    |B_fifo5_16_U  |        0|   7|   0|    -|     9|   32|      288|
    |B_fifo5_17_U  |        0|   7|   0|    -|     9|   32|      288|
    |B_fifo5_18_U  |        0|   7|   0|    -|     9|   32|      288|
    |B_fifo5_19_U  |        0|   7|   0|    -|     9|   32|      288|
    |B_fifo5_1_U   |        0|   7|   0|    -|     9|   32|      288|
    |B_fifo5_20_U  |        0|   7|   0|    -|     9|   32|      288|
    |B_fifo5_21_U  |        0|   7|   0|    -|     9|   32|      288|
    |B_fifo5_22_U  |        0|   7|   0|    -|     9|   32|      288|
    |B_fifo5_23_U  |        0|   7|   0|    -|     9|   32|      288|
    |B_fifo5_24_U  |        0|   7|   0|    -|     9|   32|      288|
    |B_fifo5_25_U  |        0|   7|   0|    -|     9|   32|      288|
    |B_fifo5_26_U  |        0|   7|   0|    -|     9|   32|      288|
    |B_fifo5_27_U  |        0|   7|   0|    -|     9|   32|      288|
    |B_fifo5_28_U  |        0|   7|   0|    -|     9|   32|      288|
    |B_fifo5_29_U  |        0|   7|   0|    -|     9|   32|      288|
    |B_fifo5_2_U   |        0|   7|   0|    -|     9|   32|      288|
    |B_fifo5_30_U  |        0|   7|   0|    -|     9|   32|      288|
    |B_fifo5_31_U  |        0|   7|   0|    -|     9|   32|      288|
    |B_fifo5_32_U  |        0|   7|   0|    -|     9|   32|      288|
    |B_fifo5_33_U  |        0|   7|   0|    -|     9|   32|      288|
    |B_fifo5_34_U  |        0|   7|   0|    -|     9|   32|      288|
    |B_fifo5_35_U  |        0|   7|   0|    -|     9|   32|      288|
    |B_fifo5_36_U  |        0|   7|   0|    -|     9|   32|      288|
    |B_fifo5_37_U  |        0|   7|   0|    -|     9|   32|      288|
    |B_fifo5_38_U  |        0|   7|   0|    -|     9|   32|      288|
    |B_fifo5_39_U  |        0|   7|   0|    -|     9|   32|      288|
    |B_fifo5_3_U   |        0|   7|   0|    -|     9|   32|      288|
    |B_fifo5_40_U  |        0|   7|   0|    -|     9|   32|      288|
    |B_fifo5_41_U  |        0|   7|   0|    -|     9|   32|      288|
    |B_fifo5_42_U  |        0|   7|   0|    -|     9|   32|      288|
    |B_fifo5_43_U  |        0|   7|   0|    -|     9|   32|      288|
    |B_fifo5_44_U  |        0|   7|   0|    -|     9|   32|      288|
    |B_fifo5_45_U  |        0|   7|   0|    -|     9|   32|      288|
    |B_fifo5_46_U  |        0|   7|   0|    -|     9|   32|      288|
    |B_fifo5_47_U  |        0|   7|   0|    -|     9|   32|      288|
    |B_fifo5_48_U  |        0|   7|   0|    -|     9|   32|      288|
    |B_fifo5_49_U  |        0|   7|   0|    -|     9|   32|      288|
    |B_fifo5_4_U   |        0|   7|   0|    -|     9|   32|      288|
    |B_fifo5_50_U  |        0|   7|   0|    -|     9|   32|      288|
    |B_fifo5_51_U  |        0|   7|   0|    -|     9|   32|      288|
    |B_fifo5_52_U  |        0|   7|   0|    -|     9|   32|      288|
    |B_fifo5_53_U  |        0|   7|   0|    -|     9|   32|      288|
    |B_fifo5_54_U  |        0|   7|   0|    -|     9|   32|      288|
    |B_fifo5_55_U  |        0|   7|   0|    -|     9|   32|      288|
    |B_fifo5_56_U  |        0|   7|   0|    -|     9|   32|      288|
    |B_fifo5_57_U  |        0|   7|   0|    -|     9|   32|      288|
    |B_fifo5_58_U  |        0|   7|   0|    -|     9|   32|      288|
    |B_fifo5_59_U  |        0|   7|   0|    -|     9|   32|      288|
    |B_fifo5_5_U   |        0|   7|   0|    -|     9|   32|      288|
    |B_fifo5_60_U  |        0|   7|   0|    -|     9|   32|      288|
    |B_fifo5_61_U  |        0|   7|   0|    -|     9|   32|      288|
    |B_fifo5_62_U  |        0|   7|   0|    -|     9|   32|      288|
    |B_fifo5_63_U  |        0|   7|   0|    -|     9|   32|      288|
    |B_fifo5_64_U  |        0|   7|   0|    -|     9|   32|      288|
    |B_fifo5_65_U  |        0|   7|   0|    -|     9|   32|      288|
    |B_fifo5_66_U  |        0|   7|   0|    -|     9|   32|      288|
    |B_fifo5_67_U  |        0|   7|   0|    -|     9|   32|      288|
    |B_fifo5_68_U  |        0|   7|   0|    -|     9|   32|      288|
    |B_fifo5_69_U  |        0|   7|   0|    -|     9|   32|      288|
    |B_fifo5_6_U   |        0|   7|   0|    -|     9|   32|      288|
    |B_fifo5_70_U  |        0|   7|   0|    -|     9|   32|      288|
    |B_fifo5_71_U  |        0|   7|   0|    -|     9|   32|      288|
    |B_fifo5_7_U   |        0|   7|   0|    -|     9|   32|      288|
    |B_fifo5_8_U   |        0|   7|   0|    -|     9|   32|      288|
    |B_fifo5_9_U   |        0|   7|   0|    -|     9|   32|      288|
    |B_fifo5_U     |        0|   7|   0|    -|     9|   32|      288|
    +--------------+---------+----+----+-----+------+-----+---------+
    |Total         |        0|1008|   0|    0|  1296| 4608|    41472|
    +--------------+---------+----+----+-----+------+-----+---------+

    * Expression: 
    +---------------------------------------------------------------+----------+----+---+----+------------+------------+
    |                         Variable Name                         | Operation| DSP| FF| LUT| Bitwidth P0| Bitwidth P1|
    +---------------------------------------------------------------+----------+----+---+----+------------+------------+
    |PE_kernel_YV_7_0_1_U0_start_full_n                             |       and|   0|  0|   2|           1|           1|
    |ap_idle                                                        |       and|   0|  0|   2|           1|           1|
    |ap_sync_continue                                               |       and|   0|  0|   2|           1|           1|
    |ap_sync_done                                                   |       and|   0|  0|   2|           1|           1|
    |systolic_tile_YV_Loop_l_data_load_k338_proc28_U0_start_full_n  |       and|   0|  0|   2|           1|           1|
    +---------------------------------------------------------------+----------+----+---+----+------------+------------+
    |Total                                                          |          |   0|  0|  10|           5|           5|
    +---------------------------------------------------------------+----------+----+---+----+------------+------------+

    * Multiplexer: 
    N/A

    * Register: 
    N/A



================================================================
== Interface
================================================================
* Summary: 
+------------------+-----+-----+------------+------------------+--------------+
|     RTL Ports    | Dir | Bits|  Protocol  |   Source Object  |    C Type    |
+------------------+-----+-----+------------+------------------+--------------+
|v8272_0_address0  |  out|   10|   ap_memory|           v8272_0|         array|
|v8272_0_ce0       |  out|    1|   ap_memory|           v8272_0|         array|
|v8272_0_d0        |  out|   32|   ap_memory|           v8272_0|         array|
|v8272_0_q0        |   in|   32|   ap_memory|           v8272_0|         array|
|v8272_0_we0       |  out|    1|   ap_memory|           v8272_0|         array|
|v8272_0_address1  |  out|   10|   ap_memory|           v8272_0|         array|
|v8272_0_ce1       |  out|    1|   ap_memory|           v8272_0|         array|
|v8272_0_d1        |  out|   32|   ap_memory|           v8272_0|         array|
|v8272_0_q1        |   in|   32|   ap_memory|           v8272_0|         array|
|v8272_0_we1       |  out|    1|   ap_memory|           v8272_0|         array|
|v8272_1_address0  |  out|   10|   ap_memory|           v8272_1|         array|
|v8272_1_ce0       |  out|    1|   ap_memory|           v8272_1|         array|
|v8272_1_d0        |  out|   32|   ap_memory|           v8272_1|         array|
|v8272_1_q0        |   in|   32|   ap_memory|           v8272_1|         array|
|v8272_1_we0       |  out|    1|   ap_memory|           v8272_1|         array|
|v8272_1_address1  |  out|   10|   ap_memory|           v8272_1|         array|
|v8272_1_ce1       |  out|    1|   ap_memory|           v8272_1|         array|
|v8272_1_d1        |  out|   32|   ap_memory|           v8272_1|         array|
|v8272_1_q1        |   in|   32|   ap_memory|           v8272_1|         array|
|v8272_1_we1       |  out|    1|   ap_memory|           v8272_1|         array|
|v8272_2_address0  |  out|   10|   ap_memory|           v8272_2|         array|
|v8272_2_ce0       |  out|    1|   ap_memory|           v8272_2|         array|
|v8272_2_d0        |  out|   32|   ap_memory|           v8272_2|         array|
|v8272_2_q0        |   in|   32|   ap_memory|           v8272_2|         array|
|v8272_2_we0       |  out|    1|   ap_memory|           v8272_2|         array|
|v8272_2_address1  |  out|   10|   ap_memory|           v8272_2|         array|
|v8272_2_ce1       |  out|    1|   ap_memory|           v8272_2|         array|
|v8272_2_d1        |  out|   32|   ap_memory|           v8272_2|         array|
|v8272_2_q1        |   in|   32|   ap_memory|           v8272_2|         array|
|v8272_2_we1       |  out|    1|   ap_memory|           v8272_2|         array|
|v8272_3_address0  |  out|   10|   ap_memory|           v8272_3|         array|
|v8272_3_ce0       |  out|    1|   ap_memory|           v8272_3|         array|
|v8272_3_d0        |  out|   32|   ap_memory|           v8272_3|         array|
|v8272_3_q0        |   in|   32|   ap_memory|           v8272_3|         array|
|v8272_3_we0       |  out|    1|   ap_memory|           v8272_3|         array|
|v8272_3_address1  |  out|   10|   ap_memory|           v8272_3|         array|
|v8272_3_ce1       |  out|    1|   ap_memory|           v8272_3|         array|
|v8272_3_d1        |  out|   32|   ap_memory|           v8272_3|         array|
|v8272_3_q1        |   in|   32|   ap_memory|           v8272_3|         array|
|v8272_3_we1       |  out|    1|   ap_memory|           v8272_3|         array|
|v8272_4_address0  |  out|   10|   ap_memory|           v8272_4|         array|
|v8272_4_ce0       |  out|    1|   ap_memory|           v8272_4|         array|
|v8272_4_d0        |  out|   32|   ap_memory|           v8272_4|         array|
|v8272_4_q0        |   in|   32|   ap_memory|           v8272_4|         array|
|v8272_4_we0       |  out|    1|   ap_memory|           v8272_4|         array|
|v8272_4_address1  |  out|   10|   ap_memory|           v8272_4|         array|
|v8272_4_ce1       |  out|    1|   ap_memory|           v8272_4|         array|
|v8272_4_d1        |  out|   32|   ap_memory|           v8272_4|         array|
|v8272_4_q1        |   in|   32|   ap_memory|           v8272_4|         array|
|v8272_4_we1       |  out|    1|   ap_memory|           v8272_4|         array|
|v8272_5_address0  |  out|   10|   ap_memory|           v8272_5|         array|
|v8272_5_ce0       |  out|    1|   ap_memory|           v8272_5|         array|
|v8272_5_d0        |  out|   32|   ap_memory|           v8272_5|         array|
|v8272_5_q0        |   in|   32|   ap_memory|           v8272_5|         array|
|v8272_5_we0       |  out|    1|   ap_memory|           v8272_5|         array|
|v8272_5_address1  |  out|   10|   ap_memory|           v8272_5|         array|
|v8272_5_ce1       |  out|    1|   ap_memory|           v8272_5|         array|
|v8272_5_d1        |  out|   32|   ap_memory|           v8272_5|         array|
|v8272_5_q1        |   in|   32|   ap_memory|           v8272_5|         array|
|v8272_5_we1       |  out|    1|   ap_memory|           v8272_5|         array|
|v8272_6_address0  |  out|   10|   ap_memory|           v8272_6|         array|
|v8272_6_ce0       |  out|    1|   ap_memory|           v8272_6|         array|
|v8272_6_d0        |  out|   32|   ap_memory|           v8272_6|         array|
|v8272_6_q0        |   in|   32|   ap_memory|           v8272_6|         array|
|v8272_6_we0       |  out|    1|   ap_memory|           v8272_6|         array|
|v8272_6_address1  |  out|   10|   ap_memory|           v8272_6|         array|
|v8272_6_ce1       |  out|    1|   ap_memory|           v8272_6|         array|
|v8272_6_d1        |  out|   32|   ap_memory|           v8272_6|         array|
|v8272_6_q1        |   in|   32|   ap_memory|           v8272_6|         array|
|v8272_6_we1       |  out|    1|   ap_memory|           v8272_6|         array|
|v8272_7_address0  |  out|   10|   ap_memory|           v8272_7|         array|
|v8272_7_ce0       |  out|    1|   ap_memory|           v8272_7|         array|
|v8272_7_d0        |  out|   32|   ap_memory|           v8272_7|         array|
|v8272_7_q0        |   in|   32|   ap_memory|           v8272_7|         array|
|v8272_7_we0       |  out|    1|   ap_memory|           v8272_7|         array|
|v8272_7_address1  |  out|   10|   ap_memory|           v8272_7|         array|
|v8272_7_ce1       |  out|    1|   ap_memory|           v8272_7|         array|
|v8272_7_d1        |  out|   32|   ap_memory|           v8272_7|         array|
|v8272_7_q1        |   in|   32|   ap_memory|           v8272_7|         array|
|v8272_7_we1       |  out|    1|   ap_memory|           v8272_7|         array|
|v8273_0_address0  |  out|   10|   ap_memory|           v8273_0|         array|
|v8273_0_ce0       |  out|    1|   ap_memory|           v8273_0|         array|
|v8273_0_d0        |  out|   32|   ap_memory|           v8273_0|         array|
|v8273_0_q0        |   in|   32|   ap_memory|           v8273_0|         array|
|v8273_0_we0       |  out|    1|   ap_memory|           v8273_0|         array|
|v8273_0_address1  |  out|   10|   ap_memory|           v8273_0|         array|
|v8273_0_ce1       |  out|    1|   ap_memory|           v8273_0|         array|
|v8273_0_d1        |  out|   32|   ap_memory|           v8273_0|         array|
|v8273_0_q1        |   in|   32|   ap_memory|           v8273_0|         array|
|v8273_0_we1       |  out|    1|   ap_memory|           v8273_0|         array|
|v8273_1_address0  |  out|   10|   ap_memory|           v8273_1|         array|
|v8273_1_ce0       |  out|    1|   ap_memory|           v8273_1|         array|
|v8273_1_d0        |  out|   32|   ap_memory|           v8273_1|         array|
|v8273_1_q0        |   in|   32|   ap_memory|           v8273_1|         array|
|v8273_1_we0       |  out|    1|   ap_memory|           v8273_1|         array|
|v8273_1_address1  |  out|   10|   ap_memory|           v8273_1|         array|
|v8273_1_ce1       |  out|    1|   ap_memory|           v8273_1|         array|
|v8273_1_d1        |  out|   32|   ap_memory|           v8273_1|         array|
|v8273_1_q1        |   in|   32|   ap_memory|           v8273_1|         array|
|v8273_1_we1       |  out|    1|   ap_memory|           v8273_1|         array|
|v8273_2_address0  |  out|   10|   ap_memory|           v8273_2|         array|
|v8273_2_ce0       |  out|    1|   ap_memory|           v8273_2|         array|
|v8273_2_d0        |  out|   32|   ap_memory|           v8273_2|         array|
|v8273_2_q0        |   in|   32|   ap_memory|           v8273_2|         array|
|v8273_2_we0       |  out|    1|   ap_memory|           v8273_2|         array|
|v8273_2_address1  |  out|   10|   ap_memory|           v8273_2|         array|
|v8273_2_ce1       |  out|    1|   ap_memory|           v8273_2|         array|
|v8273_2_d1        |  out|   32|   ap_memory|           v8273_2|         array|
|v8273_2_q1        |   in|   32|   ap_memory|           v8273_2|         array|
|v8273_2_we1       |  out|    1|   ap_memory|           v8273_2|         array|
|v8273_3_address0  |  out|   10|   ap_memory|           v8273_3|         array|
|v8273_3_ce0       |  out|    1|   ap_memory|           v8273_3|         array|
|v8273_3_d0        |  out|   32|   ap_memory|           v8273_3|         array|
|v8273_3_q0        |   in|   32|   ap_memory|           v8273_3|         array|
|v8273_3_we0       |  out|    1|   ap_memory|           v8273_3|         array|
|v8273_3_address1  |  out|   10|   ap_memory|           v8273_3|         array|
|v8273_3_ce1       |  out|    1|   ap_memory|           v8273_3|         array|
|v8273_3_d1        |  out|   32|   ap_memory|           v8273_3|         array|
|v8273_3_q1        |   in|   32|   ap_memory|           v8273_3|         array|
|v8273_3_we1       |  out|    1|   ap_memory|           v8273_3|         array|
|v8273_4_address0  |  out|   10|   ap_memory|           v8273_4|         array|
|v8273_4_ce0       |  out|    1|   ap_memory|           v8273_4|         array|
|v8273_4_d0        |  out|   32|   ap_memory|           v8273_4|         array|
|v8273_4_q0        |   in|   32|   ap_memory|           v8273_4|         array|
|v8273_4_we0       |  out|    1|   ap_memory|           v8273_4|         array|
|v8273_4_address1  |  out|   10|   ap_memory|           v8273_4|         array|
|v8273_4_ce1       |  out|    1|   ap_memory|           v8273_4|         array|
|v8273_4_d1        |  out|   32|   ap_memory|           v8273_4|         array|
|v8273_4_q1        |   in|   32|   ap_memory|           v8273_4|         array|
|v8273_4_we1       |  out|    1|   ap_memory|           v8273_4|         array|
|v8273_5_address0  |  out|   10|   ap_memory|           v8273_5|         array|
|v8273_5_ce0       |  out|    1|   ap_memory|           v8273_5|         array|
|v8273_5_d0        |  out|   32|   ap_memory|           v8273_5|         array|
|v8273_5_q0        |   in|   32|   ap_memory|           v8273_5|         array|
|v8273_5_we0       |  out|    1|   ap_memory|           v8273_5|         array|
|v8273_5_address1  |  out|   10|   ap_memory|           v8273_5|         array|
|v8273_5_ce1       |  out|    1|   ap_memory|           v8273_5|         array|
|v8273_5_d1        |  out|   32|   ap_memory|           v8273_5|         array|
|v8273_5_q1        |   in|   32|   ap_memory|           v8273_5|         array|
|v8273_5_we1       |  out|    1|   ap_memory|           v8273_5|         array|
|v8273_6_address0  |  out|   10|   ap_memory|           v8273_6|         array|
|v8273_6_ce0       |  out|    1|   ap_memory|           v8273_6|         array|
|v8273_6_d0        |  out|   32|   ap_memory|           v8273_6|         array|
|v8273_6_q0        |   in|   32|   ap_memory|           v8273_6|         array|
|v8273_6_we0       |  out|    1|   ap_memory|           v8273_6|         array|
|v8273_6_address1  |  out|   10|   ap_memory|           v8273_6|         array|
|v8273_6_ce1       |  out|    1|   ap_memory|           v8273_6|         array|
|v8273_6_d1        |  out|   32|   ap_memory|           v8273_6|         array|
|v8273_6_q1        |   in|   32|   ap_memory|           v8273_6|         array|
|v8273_6_we1       |  out|    1|   ap_memory|           v8273_6|         array|
|v8273_7_address0  |  out|   10|   ap_memory|           v8273_7|         array|
|v8273_7_ce0       |  out|    1|   ap_memory|           v8273_7|         array|
|v8273_7_d0        |  out|   32|   ap_memory|           v8273_7|         array|
|v8273_7_q0        |   in|   32|   ap_memory|           v8273_7|         array|
|v8273_7_we0       |  out|    1|   ap_memory|           v8273_7|         array|
|v8273_7_address1  |  out|   10|   ap_memory|           v8273_7|         array|
|v8273_7_ce1       |  out|    1|   ap_memory|           v8273_7|         array|
|v8273_7_d1        |  out|   32|   ap_memory|           v8273_7|         array|
|v8273_7_q1        |   in|   32|   ap_memory|           v8273_7|         array|
|v8273_7_we1       |  out|    1|   ap_memory|           v8273_7|         array|
|v8274_0_0         |  out|   32|      ap_vld|         v8274_0_0|       pointer|
|v8274_0_0_ap_vld  |  out|    1|      ap_vld|         v8274_0_0|       pointer|
|v8274_0_1         |  out|   32|      ap_vld|         v8274_0_1|       pointer|
|v8274_0_1_ap_vld  |  out|    1|      ap_vld|         v8274_0_1|       pointer|
|v8274_0_2         |  out|   32|      ap_vld|         v8274_0_2|       pointer|
|v8274_0_2_ap_vld  |  out|    1|      ap_vld|         v8274_0_2|       pointer|
|v8274_0_3         |  out|   32|      ap_vld|         v8274_0_3|       pointer|
|v8274_0_3_ap_vld  |  out|    1|      ap_vld|         v8274_0_3|       pointer|
|v8274_0_4         |  out|   32|      ap_vld|         v8274_0_4|       pointer|
|v8274_0_4_ap_vld  |  out|    1|      ap_vld|         v8274_0_4|       pointer|
|v8274_0_5         |  out|   32|      ap_vld|         v8274_0_5|       pointer|
|v8274_0_5_ap_vld  |  out|    1|      ap_vld|         v8274_0_5|       pointer|
|v8274_0_6         |  out|   32|      ap_vld|         v8274_0_6|       pointer|
|v8274_0_6_ap_vld  |  out|    1|      ap_vld|         v8274_0_6|       pointer|
|v8274_0_7         |  out|   32|      ap_vld|         v8274_0_7|       pointer|
|v8274_0_7_ap_vld  |  out|    1|      ap_vld|         v8274_0_7|       pointer|
|v8274_1_0         |  out|   32|      ap_vld|         v8274_1_0|       pointer|
|v8274_1_0_ap_vld  |  out|    1|      ap_vld|         v8274_1_0|       pointer|
|v8274_1_1         |  out|   32|      ap_vld|         v8274_1_1|       pointer|
|v8274_1_1_ap_vld  |  out|    1|      ap_vld|         v8274_1_1|       pointer|
|v8274_1_2         |  out|   32|      ap_vld|         v8274_1_2|       pointer|
|v8274_1_2_ap_vld  |  out|    1|      ap_vld|         v8274_1_2|       pointer|
|v8274_1_3         |  out|   32|      ap_vld|         v8274_1_3|       pointer|
|v8274_1_3_ap_vld  |  out|    1|      ap_vld|         v8274_1_3|       pointer|
|v8274_1_4         |  out|   32|      ap_vld|         v8274_1_4|       pointer|
|v8274_1_4_ap_vld  |  out|    1|      ap_vld|         v8274_1_4|       pointer|
|v8274_1_5         |  out|   32|      ap_vld|         v8274_1_5|       pointer|
|v8274_1_5_ap_vld  |  out|    1|      ap_vld|         v8274_1_5|       pointer|
|v8274_1_6         |  out|   32|      ap_vld|         v8274_1_6|       pointer|
|v8274_1_6_ap_vld  |  out|    1|      ap_vld|         v8274_1_6|       pointer|
|v8274_1_7         |  out|   32|      ap_vld|         v8274_1_7|       pointer|
|v8274_1_7_ap_vld  |  out|    1|      ap_vld|         v8274_1_7|       pointer|
|v8274_2_0         |  out|   32|      ap_vld|         v8274_2_0|       pointer|
|v8274_2_0_ap_vld  |  out|    1|      ap_vld|         v8274_2_0|       pointer|
|v8274_2_1         |  out|   32|      ap_vld|         v8274_2_1|       pointer|
|v8274_2_1_ap_vld  |  out|    1|      ap_vld|         v8274_2_1|       pointer|
|v8274_2_2         |  out|   32|      ap_vld|         v8274_2_2|       pointer|
|v8274_2_2_ap_vld  |  out|    1|      ap_vld|         v8274_2_2|       pointer|
|v8274_2_3         |  out|   32|      ap_vld|         v8274_2_3|       pointer|
|v8274_2_3_ap_vld  |  out|    1|      ap_vld|         v8274_2_3|       pointer|
|v8274_2_4         |  out|   32|      ap_vld|         v8274_2_4|       pointer|
|v8274_2_4_ap_vld  |  out|    1|      ap_vld|         v8274_2_4|       pointer|
|v8274_2_5         |  out|   32|      ap_vld|         v8274_2_5|       pointer|
|v8274_2_5_ap_vld  |  out|    1|      ap_vld|         v8274_2_5|       pointer|
|v8274_2_6         |  out|   32|      ap_vld|         v8274_2_6|       pointer|
|v8274_2_6_ap_vld  |  out|    1|      ap_vld|         v8274_2_6|       pointer|
|v8274_2_7         |  out|   32|      ap_vld|         v8274_2_7|       pointer|
|v8274_2_7_ap_vld  |  out|    1|      ap_vld|         v8274_2_7|       pointer|
|v8274_3_0         |  out|   32|      ap_vld|         v8274_3_0|       pointer|
|v8274_3_0_ap_vld  |  out|    1|      ap_vld|         v8274_3_0|       pointer|
|v8274_3_1         |  out|   32|      ap_vld|         v8274_3_1|       pointer|
|v8274_3_1_ap_vld  |  out|    1|      ap_vld|         v8274_3_1|       pointer|
|v8274_3_2         |  out|   32|      ap_vld|         v8274_3_2|       pointer|
|v8274_3_2_ap_vld  |  out|    1|      ap_vld|         v8274_3_2|       pointer|
|v8274_3_3         |  out|   32|      ap_vld|         v8274_3_3|       pointer|
|v8274_3_3_ap_vld  |  out|    1|      ap_vld|         v8274_3_3|       pointer|
|v8274_3_4         |  out|   32|      ap_vld|         v8274_3_4|       pointer|
|v8274_3_4_ap_vld  |  out|    1|      ap_vld|         v8274_3_4|       pointer|
|v8274_3_5         |  out|   32|      ap_vld|         v8274_3_5|       pointer|
|v8274_3_5_ap_vld  |  out|    1|      ap_vld|         v8274_3_5|       pointer|
|v8274_3_6         |  out|   32|      ap_vld|         v8274_3_6|       pointer|
|v8274_3_6_ap_vld  |  out|    1|      ap_vld|         v8274_3_6|       pointer|
|v8274_3_7         |  out|   32|      ap_vld|         v8274_3_7|       pointer|
|v8274_3_7_ap_vld  |  out|    1|      ap_vld|         v8274_3_7|       pointer|
|v8274_4_0         |  out|   32|      ap_vld|         v8274_4_0|       pointer|
|v8274_4_0_ap_vld  |  out|    1|      ap_vld|         v8274_4_0|       pointer|
|v8274_4_1         |  out|   32|      ap_vld|         v8274_4_1|       pointer|
|v8274_4_1_ap_vld  |  out|    1|      ap_vld|         v8274_4_1|       pointer|
|v8274_4_2         |  out|   32|      ap_vld|         v8274_4_2|       pointer|
|v8274_4_2_ap_vld  |  out|    1|      ap_vld|         v8274_4_2|       pointer|
|v8274_4_3         |  out|   32|      ap_vld|         v8274_4_3|       pointer|
|v8274_4_3_ap_vld  |  out|    1|      ap_vld|         v8274_4_3|       pointer|
|v8274_4_4         |  out|   32|      ap_vld|         v8274_4_4|       pointer|
|v8274_4_4_ap_vld  |  out|    1|      ap_vld|         v8274_4_4|       pointer|
|v8274_4_5         |  out|   32|      ap_vld|         v8274_4_5|       pointer|
|v8274_4_5_ap_vld  |  out|    1|      ap_vld|         v8274_4_5|       pointer|
|v8274_4_6         |  out|   32|      ap_vld|         v8274_4_6|       pointer|
|v8274_4_6_ap_vld  |  out|    1|      ap_vld|         v8274_4_6|       pointer|
|v8274_4_7         |  out|   32|      ap_vld|         v8274_4_7|       pointer|
|v8274_4_7_ap_vld  |  out|    1|      ap_vld|         v8274_4_7|       pointer|
|v8274_5_0         |  out|   32|      ap_vld|         v8274_5_0|       pointer|
|v8274_5_0_ap_vld  |  out|    1|      ap_vld|         v8274_5_0|       pointer|
|v8274_5_1         |  out|   32|      ap_vld|         v8274_5_1|       pointer|
|v8274_5_1_ap_vld  |  out|    1|      ap_vld|         v8274_5_1|       pointer|
|v8274_5_2         |  out|   32|      ap_vld|         v8274_5_2|       pointer|
|v8274_5_2_ap_vld  |  out|    1|      ap_vld|         v8274_5_2|       pointer|
|v8274_5_3         |  out|   32|      ap_vld|         v8274_5_3|       pointer|
|v8274_5_3_ap_vld  |  out|    1|      ap_vld|         v8274_5_3|       pointer|
|v8274_5_4         |  out|   32|      ap_vld|         v8274_5_4|       pointer|
|v8274_5_4_ap_vld  |  out|    1|      ap_vld|         v8274_5_4|       pointer|
|v8274_5_5         |  out|   32|      ap_vld|         v8274_5_5|       pointer|
|v8274_5_5_ap_vld  |  out|    1|      ap_vld|         v8274_5_5|       pointer|
|v8274_5_6         |  out|   32|      ap_vld|         v8274_5_6|       pointer|
|v8274_5_6_ap_vld  |  out|    1|      ap_vld|         v8274_5_6|       pointer|
|v8274_5_7         |  out|   32|      ap_vld|         v8274_5_7|       pointer|
|v8274_5_7_ap_vld  |  out|    1|      ap_vld|         v8274_5_7|       pointer|
|v8274_6_0         |  out|   32|      ap_vld|         v8274_6_0|       pointer|
|v8274_6_0_ap_vld  |  out|    1|      ap_vld|         v8274_6_0|       pointer|
|v8274_6_1         |  out|   32|      ap_vld|         v8274_6_1|       pointer|
|v8274_6_1_ap_vld  |  out|    1|      ap_vld|         v8274_6_1|       pointer|
|v8274_6_2         |  out|   32|      ap_vld|         v8274_6_2|       pointer|
|v8274_6_2_ap_vld  |  out|    1|      ap_vld|         v8274_6_2|       pointer|
|v8274_6_3         |  out|   32|      ap_vld|         v8274_6_3|       pointer|
|v8274_6_3_ap_vld  |  out|    1|      ap_vld|         v8274_6_3|       pointer|
|v8274_6_4         |  out|   32|      ap_vld|         v8274_6_4|       pointer|
|v8274_6_4_ap_vld  |  out|    1|      ap_vld|         v8274_6_4|       pointer|
|v8274_6_5         |  out|   32|      ap_vld|         v8274_6_5|       pointer|
|v8274_6_5_ap_vld  |  out|    1|      ap_vld|         v8274_6_5|       pointer|
|v8274_6_6         |  out|   32|      ap_vld|         v8274_6_6|       pointer|
|v8274_6_6_ap_vld  |  out|    1|      ap_vld|         v8274_6_6|       pointer|
|v8274_6_7         |  out|   32|      ap_vld|         v8274_6_7|       pointer|
|v8274_6_7_ap_vld  |  out|    1|      ap_vld|         v8274_6_7|       pointer|
|v8274_7_0         |  out|   32|      ap_vld|         v8274_7_0|       pointer|
|v8274_7_0_ap_vld  |  out|    1|      ap_vld|         v8274_7_0|       pointer|
|v8274_7_1         |  out|   32|      ap_vld|         v8274_7_1|       pointer|
|v8274_7_1_ap_vld  |  out|    1|      ap_vld|         v8274_7_1|       pointer|
|v8274_7_2         |  out|   32|      ap_vld|         v8274_7_2|       pointer|
|v8274_7_2_ap_vld  |  out|    1|      ap_vld|         v8274_7_2|       pointer|
|v8274_7_3         |  out|   32|      ap_vld|         v8274_7_3|       pointer|
|v8274_7_3_ap_vld  |  out|    1|      ap_vld|         v8274_7_3|       pointer|
|v8274_7_4         |  out|   32|      ap_vld|         v8274_7_4|       pointer|
|v8274_7_4_ap_vld  |  out|    1|      ap_vld|         v8274_7_4|       pointer|
|v8274_7_5         |  out|   32|      ap_vld|         v8274_7_5|       pointer|
|v8274_7_5_ap_vld  |  out|    1|      ap_vld|         v8274_7_5|       pointer|
|v8274_7_6         |  out|   32|      ap_vld|         v8274_7_6|       pointer|
|v8274_7_6_ap_vld  |  out|    1|      ap_vld|         v8274_7_6|       pointer|
|v8274_7_7         |  out|   32|      ap_vld|         v8274_7_7|       pointer|
|v8274_7_7_ap_vld  |  out|    1|      ap_vld|         v8274_7_7|       pointer|
|ap_clk            |   in|    1|  ap_ctrl_hs|  systolic_tile_YV|  return value|
|ap_rst            |   in|    1|  ap_ctrl_hs|  systolic_tile_YV|  return value|
|ap_start          |   in|    1|  ap_ctrl_hs|  systolic_tile_YV|  return value|
|ap_done           |  out|    1|  ap_ctrl_hs|  systolic_tile_YV|  return value|
|ap_ready          |  out|    1|  ap_ctrl_hs|  systolic_tile_YV|  return value|
|ap_idle           |  out|    1|  ap_ctrl_hs|  systolic_tile_YV|  return value|
|ap_continue       |   in|    1|  ap_ctrl_hs|  systolic_tile_YV|  return value|
+------------------+-----+-----+------------+------------------+--------------+

