

================================================================
== Vitis HLS Report for 'systolic_tile_Q46'
================================================================
* Date:           Mon Feb 17 20:38:01 2025

* Version:        2023.2 (Build 4023990 on Oct 11 2023)
* Project:        DitBlock
* Solution:       hls (Vivado IP Flow Target)
* Product family: virtexuplusHBM
* Target device:  xcu280-fsvh2892-2L-e


================================================================
== Performance Estimates
================================================================
+ Timing: 
    * Summary: 
    +--------+----------+----------+------------+
    |  Clock |  Target  | Estimated| Uncertainty|
    +--------+----------+----------+------------+
    |ap_clk  |  10.00 ns|  6.536 ns|     2.70 ns|
    +--------+----------+----------+------------+

+ Latency: 
    * Summary: 
    +---------+---------+-----------+-----------+------+------+----------+
    |  Latency (cycles) |   Latency (absolute)  |   Interval  | Pipeline |
    |   min   |   max   |    min    |    max    |  min |  max |   Type   |
    +---------+---------+-----------+-----------+------+------+----------+
    |     1044|     1044|  10.440 us|  10.440 us|  1030|  1030|  dataflow|
    +---------+---------+-----------+-----------+------+------+----------+

    + Detail: 
        * Instance: 
        +----------------------------------------------------+-------------------------------------------------+---------+---------+-----------+-----------+------+------+---------+
        |                                                    |                                                 |  Latency (cycles) |   Latency (absolute)  |   Interval  | Pipeline|
        |                      Instance                      |                      Module                     |   min   |   max   |    min    |    max    |  min |  max |   Type  |
        +----------------------------------------------------+-------------------------------------------------+---------+---------+-----------+-----------+------+------+---------+
        |systolic_tile_Q_Loop_l_data_load_k74_proc3356_U0    |systolic_tile_Q_Loop_l_data_load_k74_proc3356    |      514|      514|   5.140 us|   5.140 us|   514|   514|       no|
        |PE_kernel_Q_0_0_157_U0                              |PE_kernel_Q_0_0_157                              |     1029|     1029|  10.290 us|  10.290 us|  1029|  1029|       no|
        |PE_kernel_Q_1_0_158_U0                              |PE_kernel_Q_1_0_158                              |     1029|     1029|  10.290 us|  10.290 us|  1029|  1029|       no|
        |PE_kernel_Q_0_1_165_U0                              |PE_kernel_Q_0_1_165                              |     1029|     1029|  10.290 us|  10.290 us|  1029|  1029|       no|
        |PE_kernel_Q_2_0_159_U0                              |PE_kernel_Q_2_0_159                              |     1029|     1029|  10.290 us|  10.290 us|  1029|  1029|       no|
        |PE_kernel_Q_1_1_166_U0                              |PE_kernel_Q_1_1_166                              |     1029|     1029|  10.290 us|  10.290 us|  1029|  1029|       no|
        |PE_kernel_Q_0_2_173_U0                              |PE_kernel_Q_0_2_173                              |     1029|     1029|  10.290 us|  10.290 us|  1029|  1029|       no|
        |PE_kernel_Q_3_0_160_U0                              |PE_kernel_Q_3_0_160                              |     1029|     1029|  10.290 us|  10.290 us|  1029|  1029|       no|
        |PE_kernel_Q_2_1_167_U0                              |PE_kernel_Q_2_1_167                              |     1029|     1029|  10.290 us|  10.290 us|  1029|  1029|       no|
        |PE_kernel_Q_1_2_174_U0                              |PE_kernel_Q_1_2_174                              |     1029|     1029|  10.290 us|  10.290 us|  1029|  1029|       no|
        |PE_kernel_Q_0_3_181_U0                              |PE_kernel_Q_0_3_181                              |     1029|     1029|  10.290 us|  10.290 us|  1029|  1029|       no|
        |PE_kernel_Q_4_0_161_U0                              |PE_kernel_Q_4_0_161                              |     1029|     1029|  10.290 us|  10.290 us|  1029|  1029|       no|
        |PE_kernel_Q_3_1_168_U0                              |PE_kernel_Q_3_1_168                              |     1029|     1029|  10.290 us|  10.290 us|  1029|  1029|       no|
        |PE_kernel_Q_2_2_175_U0                              |PE_kernel_Q_2_2_175                              |     1029|     1029|  10.290 us|  10.290 us|  1029|  1029|       no|
        |PE_kernel_Q_1_3_182_U0                              |PE_kernel_Q_1_3_182                              |     1029|     1029|  10.290 us|  10.290 us|  1029|  1029|       no|
        |PE_kernel_Q_0_4_189_U0                              |PE_kernel_Q_0_4_189                              |     1029|     1029|  10.290 us|  10.290 us|  1029|  1029|       no|
        |PE_kernel_Q_5_0_162_U0                              |PE_kernel_Q_5_0_162                              |     1029|     1029|  10.290 us|  10.290 us|  1029|  1029|       no|
        |PE_kernel_Q_4_1_169_U0                              |PE_kernel_Q_4_1_169                              |     1029|     1029|  10.290 us|  10.290 us|  1029|  1029|       no|
        |PE_kernel_Q_3_2_176_U0                              |PE_kernel_Q_3_2_176                              |     1029|     1029|  10.290 us|  10.290 us|  1029|  1029|       no|
        |PE_kernel_Q_2_3_183_U0                              |PE_kernel_Q_2_3_183                              |     1029|     1029|  10.290 us|  10.290 us|  1029|  1029|       no|
        |PE_kernel_Q_1_4_190_U0                              |PE_kernel_Q_1_4_190                              |     1029|     1029|  10.290 us|  10.290 us|  1029|  1029|       no|
        |PE_kernel_Q_0_5_197_U0                              |PE_kernel_Q_0_5_197                              |     1029|     1029|  10.290 us|  10.290 us|  1029|  1029|       no|
        |PE_kernel_Q_6_0_163_U0                              |PE_kernel_Q_6_0_163                              |     1029|     1029|  10.290 us|  10.290 us|  1029|  1029|       no|
        |PE_kernel_Q_5_1_170_U0                              |PE_kernel_Q_5_1_170                              |     1029|     1029|  10.290 us|  10.290 us|  1029|  1029|       no|
        |PE_kernel_Q_4_2_177_U0                              |PE_kernel_Q_4_2_177                              |     1029|     1029|  10.290 us|  10.290 us|  1029|  1029|       no|
        |PE_kernel_Q_3_3_184_U0                              |PE_kernel_Q_3_3_184                              |     1029|     1029|  10.290 us|  10.290 us|  1029|  1029|       no|
        |PE_kernel_Q_2_4_191_U0                              |PE_kernel_Q_2_4_191                              |     1029|     1029|  10.290 us|  10.290 us|  1029|  1029|       no|
        |PE_kernel_Q_1_5_198_U0                              |PE_kernel_Q_1_5_198                              |     1029|     1029|  10.290 us|  10.290 us|  1029|  1029|       no|
        |PE_kernel_Q_0_6_1105_U0                             |PE_kernel_Q_0_6_1105                             |     1029|     1029|  10.290 us|  10.290 us|  1029|  1029|       no|
        |PE_kernel_Q_7_0_164_U0                              |PE_kernel_Q_7_0_164                              |     1029|     1029|  10.290 us|  10.290 us|  1029|  1029|       no|
        |PE_kernel_Q_6_1_171_U0                              |PE_kernel_Q_6_1_171                              |     1029|     1029|  10.290 us|  10.290 us|  1029|  1029|       no|
        |PE_kernel_Q_5_2_178_U0                              |PE_kernel_Q_5_2_178                              |     1029|     1029|  10.290 us|  10.290 us|  1029|  1029|       no|
        |PE_kernel_Q_4_3_185_U0                              |PE_kernel_Q_4_3_185                              |     1029|     1029|  10.290 us|  10.290 us|  1029|  1029|       no|
        |PE_kernel_Q_3_4_192_U0                              |PE_kernel_Q_3_4_192                              |     1029|     1029|  10.290 us|  10.290 us|  1029|  1029|       no|
        |PE_kernel_Q_2_5_199_U0                              |PE_kernel_Q_2_5_199                              |     1029|     1029|  10.290 us|  10.290 us|  1029|  1029|       no|
        |PE_kernel_Q_1_6_1106_U0                             |PE_kernel_Q_1_6_1106                             |     1029|     1029|  10.290 us|  10.290 us|  1029|  1029|       no|
        |PE_kernel_Q_0_7_1113_U0                             |PE_kernel_Q_0_7_1113                             |     1029|     1029|  10.290 us|  10.290 us|  1029|  1029|       no|
        |PE_kernel_Q_7_1_172_U0                              |PE_kernel_Q_7_1_172                              |     1029|     1029|  10.290 us|  10.290 us|  1029|  1029|       no|
        |PE_kernel_Q_6_2_179_U0                              |PE_kernel_Q_6_2_179                              |     1029|     1029|  10.290 us|  10.290 us|  1029|  1029|       no|
        |PE_kernel_Q_5_3_186_U0                              |PE_kernel_Q_5_3_186                              |     1029|     1029|  10.290 us|  10.290 us|  1029|  1029|       no|
        |PE_kernel_Q_4_4_193_U0                              |PE_kernel_Q_4_4_193                              |     1029|     1029|  10.290 us|  10.290 us|  1029|  1029|       no|
        |PE_kernel_Q_3_5_1100_U0                             |PE_kernel_Q_3_5_1100                             |     1029|     1029|  10.290 us|  10.290 us|  1029|  1029|       no|
        |PE_kernel_Q_2_6_1107_U0                             |PE_kernel_Q_2_6_1107                             |     1029|     1029|  10.290 us|  10.290 us|  1029|  1029|       no|
        |PE_kernel_Q_1_7_1114_U0                             |PE_kernel_Q_1_7_1114                             |     1029|     1029|  10.290 us|  10.290 us|  1029|  1029|       no|
        |PE_kernel_Q_7_2_180_U0                              |PE_kernel_Q_7_2_180                              |     1029|     1029|  10.290 us|  10.290 us|  1029|  1029|       no|
        |PE_kernel_Q_6_3_187_U0                              |PE_kernel_Q_6_3_187                              |     1029|     1029|  10.290 us|  10.290 us|  1029|  1029|       no|
        |PE_kernel_Q_5_4_194_U0                              |PE_kernel_Q_5_4_194                              |     1029|     1029|  10.290 us|  10.290 us|  1029|  1029|       no|
        |PE_kernel_Q_4_5_1101_U0                             |PE_kernel_Q_4_5_1101                             |     1029|     1029|  10.290 us|  10.290 us|  1029|  1029|       no|
        |PE_kernel_Q_3_6_1108_U0                             |PE_kernel_Q_3_6_1108                             |     1029|     1029|  10.290 us|  10.290 us|  1029|  1029|       no|
        |PE_kernel_Q_2_7_1115_U0                             |PE_kernel_Q_2_7_1115                             |     1029|     1029|  10.290 us|  10.290 us|  1029|  1029|       no|
        |PE_kernel_Q_7_3_188_U0                              |PE_kernel_Q_7_3_188                              |     1029|     1029|  10.290 us|  10.290 us|  1029|  1029|       no|
        |PE_kernel_Q_6_4_195_U0                              |PE_kernel_Q_6_4_195                              |     1029|     1029|  10.290 us|  10.290 us|  1029|  1029|       no|
        |PE_kernel_Q_5_5_1102_U0                             |PE_kernel_Q_5_5_1102                             |     1029|     1029|  10.290 us|  10.290 us|  1029|  1029|       no|
        |PE_kernel_Q_4_6_1109_U0                             |PE_kernel_Q_4_6_1109                             |     1029|     1029|  10.290 us|  10.290 us|  1029|  1029|       no|
        |PE_kernel_Q_3_7_1116_U0                             |PE_kernel_Q_3_7_1116                             |     1029|     1029|  10.290 us|  10.290 us|  1029|  1029|       no|
        |PE_kernel_Q_7_4_196_U0                              |PE_kernel_Q_7_4_196                              |     1029|     1029|  10.290 us|  10.290 us|  1029|  1029|       no|
        |PE_kernel_Q_6_5_1103_U0                             |PE_kernel_Q_6_5_1103                             |     1029|     1029|  10.290 us|  10.290 us|  1029|  1029|       no|
        |PE_kernel_Q_5_6_1110_U0                             |PE_kernel_Q_5_6_1110                             |     1029|     1029|  10.290 us|  10.290 us|  1029|  1029|       no|
        |PE_kernel_Q_4_7_1117_U0                             |PE_kernel_Q_4_7_1117                             |     1029|     1029|  10.290 us|  10.290 us|  1029|  1029|       no|
        |PE_kernel_Q_7_5_1104_U0                             |PE_kernel_Q_7_5_1104                             |     1029|     1029|  10.290 us|  10.290 us|  1029|  1029|       no|
        |PE_kernel_Q_6_6_1111_U0                             |PE_kernel_Q_6_6_1111                             |     1029|     1029|  10.290 us|  10.290 us|  1029|  1029|       no|
        |PE_kernel_Q_5_7_1118_U0                             |PE_kernel_Q_5_7_1118                             |     1029|     1029|  10.290 us|  10.290 us|  1029|  1029|       no|
        |PE_kernel_Q_7_6_1112_U0                             |PE_kernel_Q_7_6_1112                             |     1029|     1029|  10.290 us|  10.290 us|  1029|  1029|       no|
        |PE_kernel_Q_6_7_1119_U0                             |PE_kernel_Q_6_7_1119                             |     1029|     1029|  10.290 us|  10.290 us|  1029|  1029|       no|
        |PE_kernel_Q_7_7_1120_U0                             |PE_kernel_Q_7_7_1120                             |     1029|     1029|  10.290 us|  10.290 us|  1029|  1029|       no|
        |systolic_tile_Q_Loop_l_data_drain_k75_proc34121_U0  |systolic_tile_Q_Loop_l_data_drain_k75_proc34121  |      514|      514|   5.140 us|   5.140 us|   514|   514|       no|
        +----------------------------------------------------+-------------------------------------------------+---------+---------+-----------+-----------+------+------+---------+

        * Loop: 
        N/A



================================================================
== Utilization Estimates
================================================================
* Summary: 
+---------------------+---------+------+---------+---------+-----+
|         Name        | BRAM_18K|  DSP |    FF   |   LUT   | URAM|
+---------------------+---------+------+---------+---------+-----+
|DSP                  |        -|     -|        -|        -|    -|
|Expression           |        -|     -|        0|       10|    -|
|FIFO                 |        -|     -|     1008|     4320|    -|
|Instance             |        -|   320|    27596|    30464|    -|
|Memory               |        -|     -|        -|        -|    -|
|Multiplexer          |        -|     -|        -|        -|    -|
|Register             |        -|     -|        -|        -|    -|
+---------------------+---------+------+---------+---------+-----+
|Total                |        0|   320|    28604|    34794|    0|
+---------------------+---------+------+---------+---------+-----+
|Available SLR        |     1344|  3008|   869120|   434560|  320|
+---------------------+---------+------+---------+---------+-----+
|Utilization SLR (%)  |        0|    10|        3|        8|    0|
+---------------------+---------+------+---------+---------+-----+
|Available            |     4032|  9024|  2607360|  1303680|  960|
+---------------------+---------+------+---------+---------+-----+
|Utilization (%)      |        0|     3|        1|        2|    0|
+---------------------+---------+------+---------+---------+-----+

+ Detail: 
    * Instance: 
    +----------------------------------------------------+-------------------------------------------------+---------+----+-----+-----+-----+
    |                      Instance                      |                      Module                     | BRAM_18K| DSP|  FF | LUT | URAM|
    +----------------------------------------------------+-------------------------------------------------+---------+----+-----+-----+-----+
    |PE_kernel_Q_0_0_157_U0                              |PE_kernel_Q_0_0_157                              |        0|   5|  430|  462|    0|
    |PE_kernel_Q_0_1_165_U0                              |PE_kernel_Q_0_1_165                              |        0|   5|  430|  462|    0|
    |PE_kernel_Q_0_2_173_U0                              |PE_kernel_Q_0_2_173                              |        0|   5|  431|  471|    0|
    |PE_kernel_Q_0_3_181_U0                              |PE_kernel_Q_0_3_181                              |        0|   5|  431|  471|    0|
    |PE_kernel_Q_0_4_189_U0                              |PE_kernel_Q_0_4_189                              |        0|   5|  431|  471|    0|
    |PE_kernel_Q_0_5_197_U0                              |PE_kernel_Q_0_5_197                              |        0|   5|  431|  471|    0|
    |PE_kernel_Q_0_6_1105_U0                             |PE_kernel_Q_0_6_1105                             |        0|   5|  431|  471|    0|
    |PE_kernel_Q_0_7_1113_U0                             |PE_kernel_Q_0_7_1113                             |        0|   5|  431|  471|    0|
    |PE_kernel_Q_1_0_158_U0                              |PE_kernel_Q_1_0_158                              |        0|   5|  431|  471|    0|
    |PE_kernel_Q_1_1_166_U0                              |PE_kernel_Q_1_1_166                              |        0|   5|  430|  462|    0|
    |PE_kernel_Q_1_2_174_U0                              |PE_kernel_Q_1_2_174                              |        0|   5|  430|  462|    0|
    |PE_kernel_Q_1_3_182_U0                              |PE_kernel_Q_1_3_182                              |        0|   5|  431|  471|    0|
    |PE_kernel_Q_1_4_190_U0                              |PE_kernel_Q_1_4_190                              |        0|   5|  431|  471|    0|
    |PE_kernel_Q_1_5_198_U0                              |PE_kernel_Q_1_5_198                              |        0|   5|  431|  471|    0|
    |PE_kernel_Q_1_6_1106_U0                             |PE_kernel_Q_1_6_1106                             |        0|   5|  431|  471|    0|
    |PE_kernel_Q_1_7_1114_U0                             |PE_kernel_Q_1_7_1114                             |        0|   5|  431|  471|    0|
    |PE_kernel_Q_2_0_159_U0                              |PE_kernel_Q_2_0_159                              |        0|   5|  431|  471|    0|
    |PE_kernel_Q_2_1_167_U0                              |PE_kernel_Q_2_1_167                              |        0|   5|  431|  471|    0|
    |PE_kernel_Q_2_2_175_U0                              |PE_kernel_Q_2_2_175                              |        0|   5|  430|  462|    0|
    |PE_kernel_Q_2_3_183_U0                              |PE_kernel_Q_2_3_183                              |        0|   5|  430|  462|    0|
    |PE_kernel_Q_2_4_191_U0                              |PE_kernel_Q_2_4_191                              |        0|   5|  431|  471|    0|
    |PE_kernel_Q_2_5_199_U0                              |PE_kernel_Q_2_5_199                              |        0|   5|  431|  471|    0|
    |PE_kernel_Q_2_6_1107_U0                             |PE_kernel_Q_2_6_1107                             |        0|   5|  431|  471|    0|
    |PE_kernel_Q_2_7_1115_U0                             |PE_kernel_Q_2_7_1115                             |        0|   5|  431|  471|    0|
    |PE_kernel_Q_3_0_160_U0                              |PE_kernel_Q_3_0_160                              |        0|   5|  431|  471|    0|
    |PE_kernel_Q_3_1_168_U0                              |PE_kernel_Q_3_1_168                              |        0|   5|  431|  471|    0|
    |PE_kernel_Q_3_2_176_U0                              |PE_kernel_Q_3_2_176                              |        0|   5|  431|  471|    0|
    |PE_kernel_Q_3_3_184_U0                              |PE_kernel_Q_3_3_184                              |        0|   5|  430|  462|    0|
    |PE_kernel_Q_3_4_192_U0                              |PE_kernel_Q_3_4_192                              |        0|   5|  430|  462|    0|
    |PE_kernel_Q_3_5_1100_U0                             |PE_kernel_Q_3_5_1100                             |        0|   5|  431|  471|    0|
    |PE_kernel_Q_3_6_1108_U0                             |PE_kernel_Q_3_6_1108                             |        0|   5|  431|  471|    0|
    |PE_kernel_Q_3_7_1116_U0                             |PE_kernel_Q_3_7_1116                             |        0|   5|  431|  471|    0|
    |PE_kernel_Q_4_0_161_U0                              |PE_kernel_Q_4_0_161                              |        0|   5|  431|  471|    0|
    |PE_kernel_Q_4_1_169_U0                              |PE_kernel_Q_4_1_169                              |        0|   5|  431|  471|    0|
    |PE_kernel_Q_4_2_177_U0                              |PE_kernel_Q_4_2_177                              |        0|   5|  431|  471|    0|
    |PE_kernel_Q_4_3_185_U0                              |PE_kernel_Q_4_3_185                              |        0|   5|  431|  471|    0|
    |PE_kernel_Q_4_4_193_U0                              |PE_kernel_Q_4_4_193                              |        0|   5|  430|  462|    0|
    |PE_kernel_Q_4_5_1101_U0                             |PE_kernel_Q_4_5_1101                             |        0|   5|  430|  462|    0|
    |PE_kernel_Q_4_6_1109_U0                             |PE_kernel_Q_4_6_1109                             |        0|   5|  431|  471|    0|
    |PE_kernel_Q_4_7_1117_U0                             |PE_kernel_Q_4_7_1117                             |        0|   5|  431|  471|    0|
    |PE_kernel_Q_5_0_162_U0                              |PE_kernel_Q_5_0_162                              |        0|   5|  431|  471|    0|
    |PE_kernel_Q_5_1_170_U0                              |PE_kernel_Q_5_1_170                              |        0|   5|  431|  471|    0|
    |PE_kernel_Q_5_2_178_U0                              |PE_kernel_Q_5_2_178                              |        0|   5|  431|  471|    0|
    |PE_kernel_Q_5_3_186_U0                              |PE_kernel_Q_5_3_186                              |        0|   5|  431|  471|    0|
    |PE_kernel_Q_5_4_194_U0                              |PE_kernel_Q_5_4_194                              |        0|   5|  431|  471|    0|
    |PE_kernel_Q_5_5_1102_U0                             |PE_kernel_Q_5_5_1102                             |        0|   5|  430|  462|    0|
    |PE_kernel_Q_5_6_1110_U0                             |PE_kernel_Q_5_6_1110                             |        0|   5|  430|  462|    0|
    |PE_kernel_Q_5_7_1118_U0                             |PE_kernel_Q_5_7_1118                             |        0|   5|  431|  471|    0|
    |PE_kernel_Q_6_0_163_U0                              |PE_kernel_Q_6_0_163                              |        0|   5|  431|  471|    0|
    |PE_kernel_Q_6_1_171_U0                              |PE_kernel_Q_6_1_171                              |        0|   5|  431|  471|    0|
    |PE_kernel_Q_6_2_179_U0                              |PE_kernel_Q_6_2_179                              |        0|   5|  431|  471|    0|
    |PE_kernel_Q_6_3_187_U0                              |PE_kernel_Q_6_3_187                              |        0|   5|  431|  471|    0|
    |PE_kernel_Q_6_4_195_U0                              |PE_kernel_Q_6_4_195                              |        0|   5|  431|  471|    0|
    |PE_kernel_Q_6_5_1103_U0                             |PE_kernel_Q_6_5_1103                             |        0|   5|  431|  471|    0|
    |PE_kernel_Q_6_6_1111_U0                             |PE_kernel_Q_6_6_1111                             |        0|   5|  430|  462|    0|
    |PE_kernel_Q_6_7_1119_U0                             |PE_kernel_Q_6_7_1119                             |        0|   5|  430|  462|    0|
    |PE_kernel_Q_7_0_164_U0                              |PE_kernel_Q_7_0_164                              |        0|   5|  431|  471|    0|
    |PE_kernel_Q_7_1_172_U0                              |PE_kernel_Q_7_1_172                              |        0|   5|  431|  471|    0|
    |PE_kernel_Q_7_2_180_U0                              |PE_kernel_Q_7_2_180                              |        0|   5|  431|  471|    0|
    |PE_kernel_Q_7_3_188_U0                              |PE_kernel_Q_7_3_188                              |        0|   5|  431|  471|    0|
    |PE_kernel_Q_7_4_196_U0                              |PE_kernel_Q_7_4_196                              |        0|   5|  431|  471|    0|
    |PE_kernel_Q_7_5_1104_U0                             |PE_kernel_Q_7_5_1104                             |        0|   5|  431|  471|    0|
    |PE_kernel_Q_7_6_1112_U0                             |PE_kernel_Q_7_6_1112                             |        0|   5|  431|  471|    0|
    |PE_kernel_Q_7_7_1120_U0                             |PE_kernel_Q_7_7_1120                             |        0|   5|  430|  462|    0|
    |systolic_tile_Q_Loop_l_data_drain_k75_proc34121_U0  |systolic_tile_Q_Loop_l_data_drain_k75_proc34121  |        0|   0|   13|  223|    0|
    |systolic_tile_Q_Loop_l_data_load_k74_proc3356_U0    |systolic_tile_Q_Loop_l_data_load_k74_proc3356    |        0|   0|   14|  232|    0|
    +----------------------------------------------------+-------------------------------------------------+---------+----+-----+-----+-----+
    |Total                                               |                                                 |        0| 320|27596|30464|    0|
    +----------------------------------------------------+-------------------------------------------------+---------+----+-----+-----+-----+

    * DSP: 
    N/A

    * Memory: 
    N/A

    * FIFO: 
    +--------------+---------+----+----+-----+------+-----+---------+
    |     Name     | BRAM_18K| FF | LUT| URAM| Depth| Bits| Size:D*B|
    +--------------+---------+----+----+-----+------+-----+---------+
    |A_fifo1_10_U  |        0|   7|   0|    -|     9|   32|      288|
    |A_fifo1_11_U  |        0|   7|   0|    -|     9|   32|      288|
    |A_fifo1_12_U  |        0|   7|   0|    -|     9|   32|      288|
    |A_fifo1_13_U  |        0|   7|   0|    -|     9|   32|      288|
    |A_fifo1_14_U  |        0|   7|   0|    -|     9|   32|      288|
    |A_fifo1_15_U  |        0|   7|   0|    -|     9|   32|      288|
    |A_fifo1_16_U  |        0|   7|   0|    -|     9|   32|      288|
    |A_fifo1_17_U  |        0|   7|   0|    -|     9|   32|      288|
    |A_fifo1_18_U  |        0|   7|   0|    -|     9|   32|      288|
    |A_fifo1_19_U  |        0|   7|   0|    -|     9|   32|      288|
    |A_fifo1_1_U   |        0|   7|   0|    -|     9|   32|      288|
    |A_fifo1_20_U  |        0|   7|   0|    -|     9|   32|      288|
    |A_fifo1_21_U  |        0|   7|   0|    -|     9|   32|      288|
    |A_fifo1_22_U  |        0|   7|   0|    -|     9|   32|      288|
    |A_fifo1_23_U  |        0|   7|   0|    -|     9|   32|      288|
    |A_fifo1_24_U  |        0|   7|   0|    -|     9|   32|      288|
    |A_fifo1_25_U  |        0|   7|   0|    -|     9|   32|      288|
    |A_fifo1_26_U  |        0|   7|   0|    -|     9|   32|      288|
    |A_fifo1_27_U  |        0|   7|   0|    -|     9|   32|      288|
    |A_fifo1_28_U  |        0|   7|   0|    -|     9|   32|      288|
    |A_fifo1_29_U  |        0|   7|   0|    -|     9|   32|      288|
    |A_fifo1_2_U   |        0|   7|   0|    -|     9|   32|      288|
    |A_fifo1_30_U  |        0|   7|   0|    -|     9|   32|      288|
    |A_fifo1_31_U  |        0|   7|   0|    -|     9|   32|      288|
    |A_fifo1_32_U  |        0|   7|   0|    -|     9|   32|      288|
    |A_fifo1_33_U  |        0|   7|   0|    -|     9|   32|      288|
    |A_fifo1_34_U  |        0|   7|   0|    -|     9|   32|      288|
    |A_fifo1_35_U  |        0|   7|   0|    -|     9|   32|      288|
    |A_fifo1_36_U  |        0|   7|   0|    -|     9|   32|      288|
    |A_fifo1_37_U  |        0|   7|   0|    -|     9|   32|      288|
    |A_fifo1_38_U  |        0|   7|   0|    -|     9|   32|      288|
    |A_fifo1_39_U  |        0|   7|   0|    -|     9|   32|      288|
    |A_fifo1_3_U   |        0|   7|   0|    -|     9|   32|      288|
    |A_fifo1_40_U  |        0|   7|   0|    -|     9|   32|      288|
    |A_fifo1_41_U  |        0|   7|   0|    -|     9|   32|      288|
    |A_fifo1_42_U  |        0|   7|   0|    -|     9|   32|      288|
    |A_fifo1_43_U  |        0|   7|   0|    -|     9|   32|      288|
    |A_fifo1_44_U  |        0|   7|   0|    -|     9|   32|      288|
    |A_fifo1_45_U  |        0|   7|   0|    -|     9|   32|      288|
    |A_fifo1_46_U  |        0|   7|   0|    -|     9|   32|      288|
    |A_fifo1_47_U  |        0|   7|   0|    -|     9|   32|      288|
    |A_fifo1_48_U  |        0|   7|   0|    -|     9|   32|      288|
    |A_fifo1_49_U  |        0|   7|   0|    -|     9|   32|      288|
    |A_fifo1_4_U   |        0|   7|   0|    -|     9|   32|      288|
    |A_fifo1_50_U  |        0|   7|   0|    -|     9|   32|      288|
    |A_fifo1_51_U  |        0|   7|   0|    -|     9|   32|      288|
    |A_fifo1_52_U  |        0|   7|   0|    -|     9|   32|      288|
    |A_fifo1_53_U  |        0|   7|   0|    -|     9|   32|      288|
    |A_fifo1_54_U  |        0|   7|   0|    -|     9|   32|      288|
    |A_fifo1_55_U  |        0|   7|   0|    -|     9|   32|      288|
    |A_fifo1_56_U  |        0|   7|   0|    -|     9|   32|      288|
    |A_fifo1_57_U  |        0|   7|   0|    -|     9|   32|      288|
    |A_fifo1_58_U  |        0|   7|   0|    -|     9|   32|      288|
    |A_fifo1_59_U  |        0|   7|   0|    -|     9|   32|      288|
    |A_fifo1_5_U   |        0|   7|   0|    -|     9|   32|      288|
    |A_fifo1_60_U  |        0|   7|   0|    -|     9|   32|      288|
    |A_fifo1_61_U  |        0|   7|   0|    -|     9|   32|      288|
    |A_fifo1_62_U  |        0|   7|   0|    -|     9|   32|      288|
    |A_fifo1_63_U  |        0|   7|   0|    -|     9|   32|      288|
    |A_fifo1_64_U  |        0|   7|   0|    -|     9|   32|      288|
    |A_fifo1_65_U  |        0|   7|   0|    -|     9|   32|      288|
    |A_fifo1_66_U  |        0|   7|   0|    -|     9|   32|      288|
    |A_fifo1_67_U  |        0|   7|   0|    -|     9|   32|      288|
    |A_fifo1_68_U  |        0|   7|   0|    -|     9|   32|      288|
    |A_fifo1_69_U  |        0|   7|   0|    -|     9|   32|      288|
    |A_fifo1_6_U   |        0|   7|   0|    -|     9|   32|      288|
    |A_fifo1_70_U  |        0|   7|   0|    -|     9|   32|      288|
    |A_fifo1_71_U  |        0|   7|   0|    -|     9|   32|      288|
    |A_fifo1_7_U   |        0|   7|   0|    -|     9|   32|      288|
    |A_fifo1_8_U   |        0|   7|   0|    -|     9|   32|      288|
    |A_fifo1_9_U   |        0|   7|   0|    -|     9|   32|      288|
    |A_fifo1_U     |        0|   7|   0|    -|     9|   32|      288|
    |B_fifo1_10_U  |        0|   7|   0|    -|     9|   32|      288|
    |B_fifo1_11_U  |        0|   7|   0|    -|     9|   32|      288|
    |B_fifo1_12_U  |        0|   7|   0|    -|     9|   32|      288|
    |B_fifo1_13_U  |        0|   7|   0|    -|     9|   32|      288|
    |B_fifo1_14_U  |        0|   7|   0|    -|     9|   32|      288|
    |B_fifo1_15_U  |        0|   7|   0|    -|     9|   32|      288|
    |B_fifo1_16_U  |        0|   7|   0|    -|     9|   32|      288|
    |B_fifo1_17_U  |        0|   7|   0|    -|     9|   32|      288|
    |B_fifo1_18_U  |        0|   7|   0|    -|     9|   32|      288|
    |B_fifo1_19_U  |        0|   7|   0|    -|     9|   32|      288|
    |B_fifo1_1_U   |        0|   7|   0|    -|     9|   32|      288|
    |B_fifo1_20_U  |        0|   7|   0|    -|     9|   32|      288|
    |B_fifo1_21_U  |        0|   7|   0|    -|     9|   32|      288|
    |B_fifo1_22_U  |        0|   7|   0|    -|     9|   32|      288|
    |B_fifo1_23_U  |        0|   7|   0|    -|     9|   32|      288|
    |B_fifo1_24_U  |        0|   7|   0|    -|     9|   32|      288|
    |B_fifo1_25_U  |        0|   7|   0|    -|     9|   32|      288|
    |B_fifo1_26_U  |        0|   7|   0|    -|     9|   32|      288|
    |B_fifo1_27_U  |        0|   7|   0|    -|     9|   32|      288|
    |B_fifo1_28_U  |        0|   7|   0|    -|     9|   32|      288|
    |B_fifo1_29_U  |        0|   7|   0|    -|     9|   32|      288|
    |B_fifo1_2_U   |        0|   7|   0|    -|     9|   32|      288|
    |B_fifo1_30_U  |        0|   7|   0|    -|     9|   32|      288|
    |B_fifo1_31_U  |        0|   7|   0|    -|     9|   32|      288|
    |B_fifo1_32_U  |        0|   7|   0|    -|     9|   32|      288|
    |B_fifo1_33_U  |        0|   7|   0|    -|     9|   32|      288|
    |B_fifo1_34_U  |        0|   7|   0|    -|     9|   32|      288|
    |B_fifo1_35_U  |        0|   7|   0|    -|     9|   32|      288|
    |B_fifo1_36_U  |        0|   7|   0|    -|     9|   32|      288|
    |B_fifo1_37_U  |        0|   7|   0|    -|     9|   32|      288|
    |B_fifo1_38_U  |        0|   7|   0|    -|     9|   32|      288|
    |B_fifo1_39_U  |        0|   7|   0|    -|     9|   32|      288|
    |B_fifo1_3_U   |        0|   7|   0|    -|     9|   32|      288|
    |B_fifo1_40_U  |        0|   7|   0|    -|     9|   32|      288|
    |B_fifo1_41_U  |        0|   7|   0|    -|     9|   32|      288|
    |B_fifo1_42_U  |        0|   7|   0|    -|     9|   32|      288|
    |B_fifo1_43_U  |        0|   7|   0|    -|     9|   32|      288|
    |B_fifo1_44_U  |        0|   7|   0|    -|     9|   32|      288|
    |B_fifo1_45_U  |        0|   7|   0|    -|     9|   32|      288|
    |B_fifo1_46_U  |        0|   7|   0|    -|     9|   32|      288|
    |B_fifo1_47_U  |        0|   7|   0|    -|     9|   32|      288|
    |B_fifo1_48_U  |        0|   7|   0|    -|     9|   32|      288|
    |B_fifo1_49_U  |        0|   7|   0|    -|     9|   32|      288|
    |B_fifo1_4_U   |        0|   7|   0|    -|     9|   32|      288|
    |B_fifo1_50_U  |        0|   7|   0|    -|     9|   32|      288|
    |B_fifo1_51_U  |        0|   7|   0|    -|     9|   32|      288|
    |B_fifo1_52_U  |        0|   7|   0|    -|     9|   32|      288|
    |B_fifo1_53_U  |        0|   7|   0|    -|     9|   32|      288|
    |B_fifo1_54_U  |        0|   7|   0|    -|     9|   32|      288|
    |B_fifo1_55_U  |        0|   7|   0|    -|     9|   32|      288|
    |B_fifo1_56_U  |        0|   7|   0|    -|     9|   32|      288|
    |B_fifo1_57_U  |        0|   7|   0|    -|     9|   32|      288|
    |B_fifo1_58_U  |        0|   7|   0|    -|     9|   32|      288|
    |B_fifo1_59_U  |        0|   7|   0|    -|     9|   32|      288|
    |B_fifo1_5_U   |        0|   7|   0|    -|     9|   32|      288|
    |B_fifo1_60_U  |        0|   7|   0|    -|     9|   32|      288|
    |B_fifo1_61_U  |        0|   7|   0|    -|     9|   32|      288|
    |B_fifo1_62_U  |        0|   7|   0|    -|     9|   32|      288|
    |B_fifo1_63_U  |        0|   7|   0|    -|     9|   32|      288|
    |B_fifo1_64_U  |        0|   7|   0|    -|     9|   32|      288|
    |B_fifo1_65_U  |        0|   7|   0|    -|     9|   32|      288|
    |B_fifo1_66_U  |        0|   7|   0|    -|     9|   32|      288|
    |B_fifo1_67_U  |        0|   7|   0|    -|     9|   32|      288|
    |B_fifo1_68_U  |        0|   7|   0|    -|     9|   32|      288|
    |B_fifo1_69_U  |        0|   7|   0|    -|     9|   32|      288|
    |B_fifo1_6_U   |        0|   7|   0|    -|     9|   32|      288|
    |B_fifo1_70_U  |        0|   7|   0|    -|     9|   32|      288|
    |B_fifo1_71_U  |        0|   7|   0|    -|     9|   32|      288|
    |B_fifo1_7_U   |        0|   7|   0|    -|     9|   32|      288|
    |B_fifo1_8_U   |        0|   7|   0|    -|     9|   32|      288|
    |B_fifo1_9_U   |        0|   7|   0|    -|     9|   32|      288|
    |B_fifo1_U     |        0|   7|   0|    -|     9|   32|      288|
    +--------------+---------+----+----+-----+------+-----+---------+
    |Total         |        0|1008|   0|    0|  1296| 4608|    41472|
    +--------------+---------+----+----+-----+------+-----+---------+

    * Expression: 
    +---------------------------------------------------------------+----------+----+---+----+------------+------------+
    |                         Variable Name                         | Operation| DSP| FF| LUT| Bitwidth P0| Bitwidth P1|
    +---------------------------------------------------------------+----------+----+---+----+------------+------------+
    |PE_kernel_Q_7_0_164_U0_start_full_n                            |       and|   0|  0|   2|           1|           1|
    |ap_idle                                                        |       and|   0|  0|   2|           1|           1|
    |ap_sync_continue                                               |       and|   0|  0|   2|           1|           1|
    |ap_sync_done                                                   |       and|   0|  0|   2|           1|           1|
    |systolic_tile_Q_Loop_l_data_load_k74_proc3356_U0_start_full_n  |       and|   0|  0|   2|           1|           1|
    +---------------------------------------------------------------+----------+----+---+----+------------+------------+
    |Total                                                          |          |   0|  0|  10|           5|           5|
    +---------------------------------------------------------------+----------+----+---+----+------------+------------+

    * Multiplexer: 
    N/A

    * Register: 
    N/A



================================================================
== Interface
================================================================
* Summary: 
+------------------+-----+-----+------------+-------------------+--------------+
|     RTL Ports    | Dir | Bits|  Protocol  |   Source Object   |    C Type    |
+------------------+-----+-----+------------+-------------------+--------------+
|v1658_0_address0  |  out|    9|   ap_memory|            v1658_0|         array|
|v1658_0_ce0       |  out|    1|   ap_memory|            v1658_0|         array|
|v1658_0_d0        |  out|   32|   ap_memory|            v1658_0|         array|
|v1658_0_q0        |   in|   32|   ap_memory|            v1658_0|         array|
|v1658_0_we0       |  out|    1|   ap_memory|            v1658_0|         array|
|v1658_0_address1  |  out|    9|   ap_memory|            v1658_0|         array|
|v1658_0_ce1       |  out|    1|   ap_memory|            v1658_0|         array|
|v1658_0_d1        |  out|   32|   ap_memory|            v1658_0|         array|
|v1658_0_q1        |   in|   32|   ap_memory|            v1658_0|         array|
|v1658_0_we1       |  out|    1|   ap_memory|            v1658_0|         array|
|v1658_1_address0  |  out|    9|   ap_memory|            v1658_1|         array|
|v1658_1_ce0       |  out|    1|   ap_memory|            v1658_1|         array|
|v1658_1_d0        |  out|   32|   ap_memory|            v1658_1|         array|
|v1658_1_q0        |   in|   32|   ap_memory|            v1658_1|         array|
|v1658_1_we0       |  out|    1|   ap_memory|            v1658_1|         array|
|v1658_1_address1  |  out|    9|   ap_memory|            v1658_1|         array|
|v1658_1_ce1       |  out|    1|   ap_memory|            v1658_1|         array|
|v1658_1_d1        |  out|   32|   ap_memory|            v1658_1|         array|
|v1658_1_q1        |   in|   32|   ap_memory|            v1658_1|         array|
|v1658_1_we1       |  out|    1|   ap_memory|            v1658_1|         array|
|v1658_2_address0  |  out|    9|   ap_memory|            v1658_2|         array|
|v1658_2_ce0       |  out|    1|   ap_memory|            v1658_2|         array|
|v1658_2_d0        |  out|   32|   ap_memory|            v1658_2|         array|
|v1658_2_q0        |   in|   32|   ap_memory|            v1658_2|         array|
|v1658_2_we0       |  out|    1|   ap_memory|            v1658_2|         array|
|v1658_2_address1  |  out|    9|   ap_memory|            v1658_2|         array|
|v1658_2_ce1       |  out|    1|   ap_memory|            v1658_2|         array|
|v1658_2_d1        |  out|   32|   ap_memory|            v1658_2|         array|
|v1658_2_q1        |   in|   32|   ap_memory|            v1658_2|         array|
|v1658_2_we1       |  out|    1|   ap_memory|            v1658_2|         array|
|v1658_3_address0  |  out|    9|   ap_memory|            v1658_3|         array|
|v1658_3_ce0       |  out|    1|   ap_memory|            v1658_3|         array|
|v1658_3_d0        |  out|   32|   ap_memory|            v1658_3|         array|
|v1658_3_q0        |   in|   32|   ap_memory|            v1658_3|         array|
|v1658_3_we0       |  out|    1|   ap_memory|            v1658_3|         array|
|v1658_3_address1  |  out|    9|   ap_memory|            v1658_3|         array|
|v1658_3_ce1       |  out|    1|   ap_memory|            v1658_3|         array|
|v1658_3_d1        |  out|   32|   ap_memory|            v1658_3|         array|
|v1658_3_q1        |   in|   32|   ap_memory|            v1658_3|         array|
|v1658_3_we1       |  out|    1|   ap_memory|            v1658_3|         array|
|v1658_4_address0  |  out|    9|   ap_memory|            v1658_4|         array|
|v1658_4_ce0       |  out|    1|   ap_memory|            v1658_4|         array|
|v1658_4_d0        |  out|   32|   ap_memory|            v1658_4|         array|
|v1658_4_q0        |   in|   32|   ap_memory|            v1658_4|         array|
|v1658_4_we0       |  out|    1|   ap_memory|            v1658_4|         array|
|v1658_4_address1  |  out|    9|   ap_memory|            v1658_4|         array|
|v1658_4_ce1       |  out|    1|   ap_memory|            v1658_4|         array|
|v1658_4_d1        |  out|   32|   ap_memory|            v1658_4|         array|
|v1658_4_q1        |   in|   32|   ap_memory|            v1658_4|         array|
|v1658_4_we1       |  out|    1|   ap_memory|            v1658_4|         array|
|v1658_5_address0  |  out|    9|   ap_memory|            v1658_5|         array|
|v1658_5_ce0       |  out|    1|   ap_memory|            v1658_5|         array|
|v1658_5_d0        |  out|   32|   ap_memory|            v1658_5|         array|
|v1658_5_q0        |   in|   32|   ap_memory|            v1658_5|         array|
|v1658_5_we0       |  out|    1|   ap_memory|            v1658_5|         array|
|v1658_5_address1  |  out|    9|   ap_memory|            v1658_5|         array|
|v1658_5_ce1       |  out|    1|   ap_memory|            v1658_5|         array|
|v1658_5_d1        |  out|   32|   ap_memory|            v1658_5|         array|
|v1658_5_q1        |   in|   32|   ap_memory|            v1658_5|         array|
|v1658_5_we1       |  out|    1|   ap_memory|            v1658_5|         array|
|v1658_6_address0  |  out|    9|   ap_memory|            v1658_6|         array|
|v1658_6_ce0       |  out|    1|   ap_memory|            v1658_6|         array|
|v1658_6_d0        |  out|   32|   ap_memory|            v1658_6|         array|
|v1658_6_q0        |   in|   32|   ap_memory|            v1658_6|         array|
|v1658_6_we0       |  out|    1|   ap_memory|            v1658_6|         array|
|v1658_6_address1  |  out|    9|   ap_memory|            v1658_6|         array|
|v1658_6_ce1       |  out|    1|   ap_memory|            v1658_6|         array|
|v1658_6_d1        |  out|   32|   ap_memory|            v1658_6|         array|
|v1658_6_q1        |   in|   32|   ap_memory|            v1658_6|         array|
|v1658_6_we1       |  out|    1|   ap_memory|            v1658_6|         array|
|v1658_7_address0  |  out|    9|   ap_memory|            v1658_7|         array|
|v1658_7_ce0       |  out|    1|   ap_memory|            v1658_7|         array|
|v1658_7_d0        |  out|   32|   ap_memory|            v1658_7|         array|
|v1658_7_q0        |   in|   32|   ap_memory|            v1658_7|         array|
|v1658_7_we0       |  out|    1|   ap_memory|            v1658_7|         array|
|v1658_7_address1  |  out|    9|   ap_memory|            v1658_7|         array|
|v1658_7_ce1       |  out|    1|   ap_memory|            v1658_7|         array|
|v1658_7_d1        |  out|   32|   ap_memory|            v1658_7|         array|
|v1658_7_q1        |   in|   32|   ap_memory|            v1658_7|         array|
|v1658_7_we1       |  out|    1|   ap_memory|            v1658_7|         array|
|v1659_0_address0  |  out|    9|   ap_memory|            v1659_0|         array|
|v1659_0_ce0       |  out|    1|   ap_memory|            v1659_0|         array|
|v1659_0_d0        |  out|   32|   ap_memory|            v1659_0|         array|
|v1659_0_q0        |   in|   32|   ap_memory|            v1659_0|         array|
|v1659_0_we0       |  out|    1|   ap_memory|            v1659_0|         array|
|v1659_0_address1  |  out|    9|   ap_memory|            v1659_0|         array|
|v1659_0_ce1       |  out|    1|   ap_memory|            v1659_0|         array|
|v1659_0_d1        |  out|   32|   ap_memory|            v1659_0|         array|
|v1659_0_q1        |   in|   32|   ap_memory|            v1659_0|         array|
|v1659_0_we1       |  out|    1|   ap_memory|            v1659_0|         array|
|v1659_1_address0  |  out|    9|   ap_memory|            v1659_1|         array|
|v1659_1_ce0       |  out|    1|   ap_memory|            v1659_1|         array|
|v1659_1_d0        |  out|   32|   ap_memory|            v1659_1|         array|
|v1659_1_q0        |   in|   32|   ap_memory|            v1659_1|         array|
|v1659_1_we0       |  out|    1|   ap_memory|            v1659_1|         array|
|v1659_1_address1  |  out|    9|   ap_memory|            v1659_1|         array|
|v1659_1_ce1       |  out|    1|   ap_memory|            v1659_1|         array|
|v1659_1_d1        |  out|   32|   ap_memory|            v1659_1|         array|
|v1659_1_q1        |   in|   32|   ap_memory|            v1659_1|         array|
|v1659_1_we1       |  out|    1|   ap_memory|            v1659_1|         array|
|v1659_2_address0  |  out|    9|   ap_memory|            v1659_2|         array|
|v1659_2_ce0       |  out|    1|   ap_memory|            v1659_2|         array|
|v1659_2_d0        |  out|   32|   ap_memory|            v1659_2|         array|
|v1659_2_q0        |   in|   32|   ap_memory|            v1659_2|         array|
|v1659_2_we0       |  out|    1|   ap_memory|            v1659_2|         array|
|v1659_2_address1  |  out|    9|   ap_memory|            v1659_2|         array|
|v1659_2_ce1       |  out|    1|   ap_memory|            v1659_2|         array|
|v1659_2_d1        |  out|   32|   ap_memory|            v1659_2|         array|
|v1659_2_q1        |   in|   32|   ap_memory|            v1659_2|         array|
|v1659_2_we1       |  out|    1|   ap_memory|            v1659_2|         array|
|v1659_3_address0  |  out|    9|   ap_memory|            v1659_3|         array|
|v1659_3_ce0       |  out|    1|   ap_memory|            v1659_3|         array|
|v1659_3_d0        |  out|   32|   ap_memory|            v1659_3|         array|
|v1659_3_q0        |   in|   32|   ap_memory|            v1659_3|         array|
|v1659_3_we0       |  out|    1|   ap_memory|            v1659_3|         array|
|v1659_3_address1  |  out|    9|   ap_memory|            v1659_3|         array|
|v1659_3_ce1       |  out|    1|   ap_memory|            v1659_3|         array|
|v1659_3_d1        |  out|   32|   ap_memory|            v1659_3|         array|
|v1659_3_q1        |   in|   32|   ap_memory|            v1659_3|         array|
|v1659_3_we1       |  out|    1|   ap_memory|            v1659_3|         array|
|v1659_4_address0  |  out|    9|   ap_memory|            v1659_4|         array|
|v1659_4_ce0       |  out|    1|   ap_memory|            v1659_4|         array|
|v1659_4_d0        |  out|   32|   ap_memory|            v1659_4|         array|
|v1659_4_q0        |   in|   32|   ap_memory|            v1659_4|         array|
|v1659_4_we0       |  out|    1|   ap_memory|            v1659_4|         array|
|v1659_4_address1  |  out|    9|   ap_memory|            v1659_4|         array|
|v1659_4_ce1       |  out|    1|   ap_memory|            v1659_4|         array|
|v1659_4_d1        |  out|   32|   ap_memory|            v1659_4|         array|
|v1659_4_q1        |   in|   32|   ap_memory|            v1659_4|         array|
|v1659_4_we1       |  out|    1|   ap_memory|            v1659_4|         array|
|v1659_5_address0  |  out|    9|   ap_memory|            v1659_5|         array|
|v1659_5_ce0       |  out|    1|   ap_memory|            v1659_5|         array|
|v1659_5_d0        |  out|   32|   ap_memory|            v1659_5|         array|
|v1659_5_q0        |   in|   32|   ap_memory|            v1659_5|         array|
|v1659_5_we0       |  out|    1|   ap_memory|            v1659_5|         array|
|v1659_5_address1  |  out|    9|   ap_memory|            v1659_5|         array|
|v1659_5_ce1       |  out|    1|   ap_memory|            v1659_5|         array|
|v1659_5_d1        |  out|   32|   ap_memory|            v1659_5|         array|
|v1659_5_q1        |   in|   32|   ap_memory|            v1659_5|         array|
|v1659_5_we1       |  out|    1|   ap_memory|            v1659_5|         array|
|v1659_6_address0  |  out|    9|   ap_memory|            v1659_6|         array|
|v1659_6_ce0       |  out|    1|   ap_memory|            v1659_6|         array|
|v1659_6_d0        |  out|   32|   ap_memory|            v1659_6|         array|
|v1659_6_q0        |   in|   32|   ap_memory|            v1659_6|         array|
|v1659_6_we0       |  out|    1|   ap_memory|            v1659_6|         array|
|v1659_6_address1  |  out|    9|   ap_memory|            v1659_6|         array|
|v1659_6_ce1       |  out|    1|   ap_memory|            v1659_6|         array|
|v1659_6_d1        |  out|   32|   ap_memory|            v1659_6|         array|
|v1659_6_q1        |   in|   32|   ap_memory|            v1659_6|         array|
|v1659_6_we1       |  out|    1|   ap_memory|            v1659_6|         array|
|v1659_7_address0  |  out|    9|   ap_memory|            v1659_7|         array|
|v1659_7_ce0       |  out|    1|   ap_memory|            v1659_7|         array|
|v1659_7_d0        |  out|   32|   ap_memory|            v1659_7|         array|
|v1659_7_q0        |   in|   32|   ap_memory|            v1659_7|         array|
|v1659_7_we0       |  out|    1|   ap_memory|            v1659_7|         array|
|v1659_7_address1  |  out|    9|   ap_memory|            v1659_7|         array|
|v1659_7_ce1       |  out|    1|   ap_memory|            v1659_7|         array|
|v1659_7_d1        |  out|   32|   ap_memory|            v1659_7|         array|
|v1659_7_q1        |   in|   32|   ap_memory|            v1659_7|         array|
|v1659_7_we1       |  out|    1|   ap_memory|            v1659_7|         array|
|v1660_0_0         |  out|   32|     ap_none|          v1660_0_0|       pointer|
|v1660_0_0_ap_vld  |  out|    1|     ap_none|          v1660_0_0|       pointer|
|v1660_0_1         |  out|   32|     ap_none|          v1660_0_1|       pointer|
|v1660_0_1_ap_vld  |  out|    1|     ap_none|          v1660_0_1|       pointer|
|v1660_0_2         |  out|   32|     ap_none|          v1660_0_2|       pointer|
|v1660_0_2_ap_vld  |  out|    1|     ap_none|          v1660_0_2|       pointer|
|v1660_0_3         |  out|   32|     ap_none|          v1660_0_3|       pointer|
|v1660_0_3_ap_vld  |  out|    1|     ap_none|          v1660_0_3|       pointer|
|v1660_0_4         |  out|   32|     ap_none|          v1660_0_4|       pointer|
|v1660_0_4_ap_vld  |  out|    1|     ap_none|          v1660_0_4|       pointer|
|v1660_0_5         |  out|   32|     ap_none|          v1660_0_5|       pointer|
|v1660_0_5_ap_vld  |  out|    1|     ap_none|          v1660_0_5|       pointer|
|v1660_0_6         |  out|   32|     ap_none|          v1660_0_6|       pointer|
|v1660_0_6_ap_vld  |  out|    1|     ap_none|          v1660_0_6|       pointer|
|v1660_0_7         |  out|   32|     ap_none|          v1660_0_7|       pointer|
|v1660_0_7_ap_vld  |  out|    1|     ap_none|          v1660_0_7|       pointer|
|v1660_1_0         |  out|   32|     ap_none|          v1660_1_0|       pointer|
|v1660_1_0_ap_vld  |  out|    1|     ap_none|          v1660_1_0|       pointer|
|v1660_1_1         |  out|   32|     ap_none|          v1660_1_1|       pointer|
|v1660_1_1_ap_vld  |  out|    1|     ap_none|          v1660_1_1|       pointer|
|v1660_1_2         |  out|   32|     ap_none|          v1660_1_2|       pointer|
|v1660_1_2_ap_vld  |  out|    1|     ap_none|          v1660_1_2|       pointer|
|v1660_1_3         |  out|   32|     ap_none|          v1660_1_3|       pointer|
|v1660_1_3_ap_vld  |  out|    1|     ap_none|          v1660_1_3|       pointer|
|v1660_1_4         |  out|   32|     ap_none|          v1660_1_4|       pointer|
|v1660_1_4_ap_vld  |  out|    1|     ap_none|          v1660_1_4|       pointer|
|v1660_1_5         |  out|   32|     ap_none|          v1660_1_5|       pointer|
|v1660_1_5_ap_vld  |  out|    1|     ap_none|          v1660_1_5|       pointer|
|v1660_1_6         |  out|   32|     ap_none|          v1660_1_6|       pointer|
|v1660_1_6_ap_vld  |  out|    1|     ap_none|          v1660_1_6|       pointer|
|v1660_1_7         |  out|   32|     ap_none|          v1660_1_7|       pointer|
|v1660_1_7_ap_vld  |  out|    1|     ap_none|          v1660_1_7|       pointer|
|v1660_2_0         |  out|   32|     ap_none|          v1660_2_0|       pointer|
|v1660_2_0_ap_vld  |  out|    1|     ap_none|          v1660_2_0|       pointer|
|v1660_2_1         |  out|   32|     ap_none|          v1660_2_1|       pointer|
|v1660_2_1_ap_vld  |  out|    1|     ap_none|          v1660_2_1|       pointer|
|v1660_2_2         |  out|   32|     ap_none|          v1660_2_2|       pointer|
|v1660_2_2_ap_vld  |  out|    1|     ap_none|          v1660_2_2|       pointer|
|v1660_2_3         |  out|   32|     ap_none|          v1660_2_3|       pointer|
|v1660_2_3_ap_vld  |  out|    1|     ap_none|          v1660_2_3|       pointer|
|v1660_2_4         |  out|   32|     ap_none|          v1660_2_4|       pointer|
|v1660_2_4_ap_vld  |  out|    1|     ap_none|          v1660_2_4|       pointer|
|v1660_2_5         |  out|   32|     ap_none|          v1660_2_5|       pointer|
|v1660_2_5_ap_vld  |  out|    1|     ap_none|          v1660_2_5|       pointer|
|v1660_2_6         |  out|   32|     ap_none|          v1660_2_6|       pointer|
|v1660_2_6_ap_vld  |  out|    1|     ap_none|          v1660_2_6|       pointer|
|v1660_2_7         |  out|   32|     ap_none|          v1660_2_7|       pointer|
|v1660_2_7_ap_vld  |  out|    1|     ap_none|          v1660_2_7|       pointer|
|v1660_3_0         |  out|   32|     ap_none|          v1660_3_0|       pointer|
|v1660_3_0_ap_vld  |  out|    1|     ap_none|          v1660_3_0|       pointer|
|v1660_3_1         |  out|   32|     ap_none|          v1660_3_1|       pointer|
|v1660_3_1_ap_vld  |  out|    1|     ap_none|          v1660_3_1|       pointer|
|v1660_3_2         |  out|   32|     ap_none|          v1660_3_2|       pointer|
|v1660_3_2_ap_vld  |  out|    1|     ap_none|          v1660_3_2|       pointer|
|v1660_3_3         |  out|   32|     ap_none|          v1660_3_3|       pointer|
|v1660_3_3_ap_vld  |  out|    1|     ap_none|          v1660_3_3|       pointer|
|v1660_3_4         |  out|   32|     ap_none|          v1660_3_4|       pointer|
|v1660_3_4_ap_vld  |  out|    1|     ap_none|          v1660_3_4|       pointer|
|v1660_3_5         |  out|   32|     ap_none|          v1660_3_5|       pointer|
|v1660_3_5_ap_vld  |  out|    1|     ap_none|          v1660_3_5|       pointer|
|v1660_3_6         |  out|   32|     ap_none|          v1660_3_6|       pointer|
|v1660_3_6_ap_vld  |  out|    1|     ap_none|          v1660_3_6|       pointer|
|v1660_3_7         |  out|   32|     ap_none|          v1660_3_7|       pointer|
|v1660_3_7_ap_vld  |  out|    1|     ap_none|          v1660_3_7|       pointer|
|v1660_4_0         |  out|   32|     ap_none|          v1660_4_0|       pointer|
|v1660_4_0_ap_vld  |  out|    1|     ap_none|          v1660_4_0|       pointer|
|v1660_4_1         |  out|   32|     ap_none|          v1660_4_1|       pointer|
|v1660_4_1_ap_vld  |  out|    1|     ap_none|          v1660_4_1|       pointer|
|v1660_4_2         |  out|   32|     ap_none|          v1660_4_2|       pointer|
|v1660_4_2_ap_vld  |  out|    1|     ap_none|          v1660_4_2|       pointer|
|v1660_4_3         |  out|   32|     ap_none|          v1660_4_3|       pointer|
|v1660_4_3_ap_vld  |  out|    1|     ap_none|          v1660_4_3|       pointer|
|v1660_4_4         |  out|   32|     ap_none|          v1660_4_4|       pointer|
|v1660_4_4_ap_vld  |  out|    1|     ap_none|          v1660_4_4|       pointer|
|v1660_4_5         |  out|   32|     ap_none|          v1660_4_5|       pointer|
|v1660_4_5_ap_vld  |  out|    1|     ap_none|          v1660_4_5|       pointer|
|v1660_4_6         |  out|   32|     ap_none|          v1660_4_6|       pointer|
|v1660_4_6_ap_vld  |  out|    1|     ap_none|          v1660_4_6|       pointer|
|v1660_4_7         |  out|   32|     ap_none|          v1660_4_7|       pointer|
|v1660_4_7_ap_vld  |  out|    1|     ap_none|          v1660_4_7|       pointer|
|v1660_5_0         |  out|   32|     ap_none|          v1660_5_0|       pointer|
|v1660_5_0_ap_vld  |  out|    1|     ap_none|          v1660_5_0|       pointer|
|v1660_5_1         |  out|   32|     ap_none|          v1660_5_1|       pointer|
|v1660_5_1_ap_vld  |  out|    1|     ap_none|          v1660_5_1|       pointer|
|v1660_5_2         |  out|   32|     ap_none|          v1660_5_2|       pointer|
|v1660_5_2_ap_vld  |  out|    1|     ap_none|          v1660_5_2|       pointer|
|v1660_5_3         |  out|   32|     ap_none|          v1660_5_3|       pointer|
|v1660_5_3_ap_vld  |  out|    1|     ap_none|          v1660_5_3|       pointer|
|v1660_5_4         |  out|   32|     ap_none|          v1660_5_4|       pointer|
|v1660_5_4_ap_vld  |  out|    1|     ap_none|          v1660_5_4|       pointer|
|v1660_5_5         |  out|   32|     ap_none|          v1660_5_5|       pointer|
|v1660_5_5_ap_vld  |  out|    1|     ap_none|          v1660_5_5|       pointer|
|v1660_5_6         |  out|   32|     ap_none|          v1660_5_6|       pointer|
|v1660_5_6_ap_vld  |  out|    1|     ap_none|          v1660_5_6|       pointer|
|v1660_5_7         |  out|   32|     ap_none|          v1660_5_7|       pointer|
|v1660_5_7_ap_vld  |  out|    1|     ap_none|          v1660_5_7|       pointer|
|v1660_6_0         |  out|   32|     ap_none|          v1660_6_0|       pointer|
|v1660_6_0_ap_vld  |  out|    1|     ap_none|          v1660_6_0|       pointer|
|v1660_6_1         |  out|   32|     ap_none|          v1660_6_1|       pointer|
|v1660_6_1_ap_vld  |  out|    1|     ap_none|          v1660_6_1|       pointer|
|v1660_6_2         |  out|   32|     ap_none|          v1660_6_2|       pointer|
|v1660_6_2_ap_vld  |  out|    1|     ap_none|          v1660_6_2|       pointer|
|v1660_6_3         |  out|   32|     ap_none|          v1660_6_3|       pointer|
|v1660_6_3_ap_vld  |  out|    1|     ap_none|          v1660_6_3|       pointer|
|v1660_6_4         |  out|   32|     ap_none|          v1660_6_4|       pointer|
|v1660_6_4_ap_vld  |  out|    1|     ap_none|          v1660_6_4|       pointer|
|v1660_6_5         |  out|   32|     ap_none|          v1660_6_5|       pointer|
|v1660_6_5_ap_vld  |  out|    1|     ap_none|          v1660_6_5|       pointer|
|v1660_6_6         |  out|   32|     ap_none|          v1660_6_6|       pointer|
|v1660_6_6_ap_vld  |  out|    1|     ap_none|          v1660_6_6|       pointer|
|v1660_6_7         |  out|   32|     ap_none|          v1660_6_7|       pointer|
|v1660_6_7_ap_vld  |  out|    1|     ap_none|          v1660_6_7|       pointer|
|v1660_7_0         |  out|   32|     ap_none|          v1660_7_0|       pointer|
|v1660_7_0_ap_vld  |  out|    1|     ap_none|          v1660_7_0|       pointer|
|v1660_7_1         |  out|   32|     ap_none|          v1660_7_1|       pointer|
|v1660_7_1_ap_vld  |  out|    1|     ap_none|          v1660_7_1|       pointer|
|v1660_7_2         |  out|   32|     ap_none|          v1660_7_2|       pointer|
|v1660_7_2_ap_vld  |  out|    1|     ap_none|          v1660_7_2|       pointer|
|v1660_7_3         |  out|   32|     ap_none|          v1660_7_3|       pointer|
|v1660_7_3_ap_vld  |  out|    1|     ap_none|          v1660_7_3|       pointer|
|v1660_7_4         |  out|   32|     ap_none|          v1660_7_4|       pointer|
|v1660_7_4_ap_vld  |  out|    1|     ap_none|          v1660_7_4|       pointer|
|v1660_7_5         |  out|   32|     ap_none|          v1660_7_5|       pointer|
|v1660_7_5_ap_vld  |  out|    1|     ap_none|          v1660_7_5|       pointer|
|v1660_7_6         |  out|   32|     ap_none|          v1660_7_6|       pointer|
|v1660_7_6_ap_vld  |  out|    1|     ap_none|          v1660_7_6|       pointer|
|v1660_7_7         |  out|   32|     ap_none|          v1660_7_7|       pointer|
|v1660_7_7_ap_vld  |  out|    1|     ap_none|          v1660_7_7|       pointer|
|ap_clk            |   in|    1|  ap_ctrl_hs|  systolic_tile_Q46|  return value|
|ap_rst            |   in|    1|  ap_ctrl_hs|  systolic_tile_Q46|  return value|
|v1658_0_empty_n   |   in|    1|  ap_ctrl_hs|  systolic_tile_Q46|  return value|
|v1658_0_read      |  out|    1|  ap_ctrl_hs|  systolic_tile_Q46|  return value|
|v1658_1_empty_n   |   in|    1|  ap_ctrl_hs|  systolic_tile_Q46|  return value|
|v1658_1_read      |  out|    1|  ap_ctrl_hs|  systolic_tile_Q46|  return value|
|v1658_2_empty_n   |   in|    1|  ap_ctrl_hs|  systolic_tile_Q46|  return value|
|v1658_2_read      |  out|    1|  ap_ctrl_hs|  systolic_tile_Q46|  return value|
|v1658_3_empty_n   |   in|    1|  ap_ctrl_hs|  systolic_tile_Q46|  return value|
|v1658_3_read      |  out|    1|  ap_ctrl_hs|  systolic_tile_Q46|  return value|
|v1658_4_empty_n   |   in|    1|  ap_ctrl_hs|  systolic_tile_Q46|  return value|
|v1658_4_read      |  out|    1|  ap_ctrl_hs|  systolic_tile_Q46|  return value|
|v1658_5_empty_n   |   in|    1|  ap_ctrl_hs|  systolic_tile_Q46|  return value|
|v1658_5_read      |  out|    1|  ap_ctrl_hs|  systolic_tile_Q46|  return value|
|v1658_6_empty_n   |   in|    1|  ap_ctrl_hs|  systolic_tile_Q46|  return value|
|v1658_6_read      |  out|    1|  ap_ctrl_hs|  systolic_tile_Q46|  return value|
|v1658_7_empty_n   |   in|    1|  ap_ctrl_hs|  systolic_tile_Q46|  return value|
|v1658_7_read      |  out|    1|  ap_ctrl_hs|  systolic_tile_Q46|  return value|
|v1659_0_empty_n   |   in|    1|  ap_ctrl_hs|  systolic_tile_Q46|  return value|
|v1659_0_read      |  out|    1|  ap_ctrl_hs|  systolic_tile_Q46|  return value|
|v1659_1_empty_n   |   in|    1|  ap_ctrl_hs|  systolic_tile_Q46|  return value|
|v1659_1_read      |  out|    1|  ap_ctrl_hs|  systolic_tile_Q46|  return value|
|v1659_2_empty_n   |   in|    1|  ap_ctrl_hs|  systolic_tile_Q46|  return value|
|v1659_2_read      |  out|    1|  ap_ctrl_hs|  systolic_tile_Q46|  return value|
|v1659_3_empty_n   |   in|    1|  ap_ctrl_hs|  systolic_tile_Q46|  return value|
|v1659_3_read      |  out|    1|  ap_ctrl_hs|  systolic_tile_Q46|  return value|
|v1659_4_empty_n   |   in|    1|  ap_ctrl_hs|  systolic_tile_Q46|  return value|
|v1659_4_read      |  out|    1|  ap_ctrl_hs|  systolic_tile_Q46|  return value|
|v1659_5_empty_n   |   in|    1|  ap_ctrl_hs|  systolic_tile_Q46|  return value|
|v1659_5_read      |  out|    1|  ap_ctrl_hs|  systolic_tile_Q46|  return value|
|v1659_6_empty_n   |   in|    1|  ap_ctrl_hs|  systolic_tile_Q46|  return value|
|v1659_6_read      |  out|    1|  ap_ctrl_hs|  systolic_tile_Q46|  return value|
|v1659_7_empty_n   |   in|    1|  ap_ctrl_hs|  systolic_tile_Q46|  return value|
|v1659_7_read      |  out|    1|  ap_ctrl_hs|  systolic_tile_Q46|  return value|
|ap_start          |   in|    1|  ap_ctrl_hs|  systolic_tile_Q46|  return value|
|ap_done           |  out|    1|  ap_ctrl_hs|  systolic_tile_Q46|  return value|
|ap_ready          |  out|    1|  ap_ctrl_hs|  systolic_tile_Q46|  return value|
|ap_idle           |  out|    1|  ap_ctrl_hs|  systolic_tile_Q46|  return value|
|ap_continue       |   in|    1|  ap_ctrl_hs|  systolic_tile_Q46|  return value|
+------------------+-----+-----+------------+-------------------+--------------+

