

================================================================
== Vitis HLS Report for 'systolic_Q_Pipeline_l_load_B_tile_bk1_l_bj1'
================================================================
* Date:           Wed Feb  5 22:35:30 2025

* Version:        2023.2 (Build 4023990 on Oct 11 2023)
* Project:        DitBlock
* Solution:       hls (Vivado IP Flow Target)
* Product family: virtexuplusHBM
* Target device:  xcu280-fsvh2892-2L-e


================================================================
== Performance Estimates
================================================================
+ Timing: 
    * Summary: 
    +--------+----------+----------+------------+
    |  Clock |  Target  | Estimated| Uncertainty|
    +--------+----------+----------+------------+
    |ap_clk  |  10.00 ns|  4.825 ns|     2.70 ns|
    +--------+----------+----------+------------+

+ Latency: 
    * Summary: 
    +---------+---------+-----------+-----------+------+------+---------+
    |  Latency (cycles) |   Latency (absolute)  |   Interval  | Pipeline|
    |   min   |   max   |    min    |    max    |  min |  max |   Type  |
    +---------+---------+-----------+-----------+------+------+---------+
    |     4098|     4098|  40.980 us|  40.980 us|  4098|  4098|       no|
    +---------+---------+-----------+-----------+------+------+---------+

    + Detail: 
        * Instance: 
        N/A

        * Loop: 
        +---------------------------+---------+---------+----------+-----------+-----------+------+----------+
        |                           |  Latency (cycles) | Iteration|  Initiation Interval  | Trip |          |
        |         Loop Name         |   min   |   max   |  Latency |  achieved |   target  | Count| Pipelined|
        +---------------------------+---------+---------+----------+-----------+-----------+------+----------+
        |- l_load_B_tile_bk1_l_bj1  |     4096|     4096|         2|          1|          1|  4096|       yes|
        +---------------------------+---------+---------+----------+-----------+-----------+------+----------+



================================================================
== Utilization Estimates
================================================================
* Summary: 
+---------------------+---------+------+---------+---------+-----+
|         Name        | BRAM_18K|  DSP |    FF   |   LUT   | URAM|
+---------------------+---------+------+---------+---------+-----+
|DSP                  |        -|     -|        -|        -|    -|
|Expression           |        -|     -|        0|      114|    -|
|FIFO                 |        -|     -|        -|        -|    -|
|Instance             |        -|     -|        -|        -|    -|
|Memory               |        -|     -|        -|        -|    -|
|Multiplexer          |        -|     -|        -|       72|    -|
|Register             |        -|     -|       43|        -|    -|
+---------------------+---------+------+---------+---------+-----+
|Total                |        0|     0|       43|      186|    0|
+---------------------+---------+------+---------+---------+-----+
|Available SLR        |     1344|  3008|   869120|   434560|  320|
+---------------------+---------+------+---------+---------+-----+
|Utilization SLR (%)  |        0|     0|       ~0|       ~0|    0|
+---------------------+---------+------+---------+---------+-----+
|Available            |     4032|  9024|  2607360|  1303680|  960|
+---------------------+---------+------+---------+---------+-----+
|Utilization (%)      |        0|     0|       ~0|       ~0|    0|
+---------------------+---------+------+---------+---------+-----+

+ Detail: 
    * Instance: 
    N/A

    * DSP: 
    N/A

    * Memory: 
    N/A

    * FIFO: 
    N/A

    * Expression: 
    +---------------------------+----------+----+---+----+------------+------------+
    |       Variable Name       | Operation| DSP| FF| LUT| Bitwidth P0| Bitwidth P1|
    +---------------------------+----------+----+---+----+------------+------------+
    |add_ln3640_1_fu_247_p2     |         +|   0|  0|  20|          13|           1|
    |add_ln3640_fu_259_p2       |         +|   0|  0|  17|          10|           1|
    |add_ln3641_fu_318_p2       |         +|   0|  0|  12|           4|           1|
    |add_ln3643_fu_299_p2       |         +|   0|  0|  16|           9|           9|
    |icmp_ln3640_fu_241_p2      |      icmp|   0|  0|  21|          13|          14|
    |icmp_ln3641_fu_265_p2      |      icmp|   0|  0|  12|           4|           5|
    |select_ln3640_1_fu_279_p3  |    select|   0|  0|  10|           1|          10|
    |select_ln3640_fu_271_p3    |    select|   0|  0|   4|           1|           1|
    |ap_enable_pp0              |       xor|   0|  0|   2|           1|           2|
    +---------------------------+----------+----+---+----+------------+------------+
    |Total                      |          |   0|  0| 114|          56|          44|
    +---------------------------+----------+----+---+----+------------+------------+

    * Multiplexer: 
    +---------------------------------------+----+-----------+-----+-----------+
    |                  Name                 | LUT| Input Size| Bits| Total Bits|
    +---------------------------------------+----+-----------+-----+-----------+
    |ap_done_int                            |   9|          2|    1|          2|
    |ap_enable_reg_pp0_iter1                |   9|          2|    1|          2|
    |ap_sig_allocacmp_bj1_load              |   9|          2|    4|          8|
    |ap_sig_allocacmp_bk1_load              |   9|          2|   10|         20|
    |ap_sig_allocacmp_indvar_flatten6_load  |   9|          2|   13|         26|
    |bj1_fu_80                              |   9|          2|    4|          8|
    |bk1_fu_84                              |   9|          2|   10|         20|
    |indvar_flatten6_fu_88                  |   9|          2|   13|         26|
    +---------------------------------------+----+-----------+-----+-----------+
    |Total                                  |  72|         16|   56|        112|
    +---------------------------------------+----+-----------+-----+-----------+

    * Register: 
    +-------------------------+----+----+-----+-----------+
    |           Name          | FF | LUT| Bits| Const Bits|
    +-------------------------+----+----+-----+-----------+
    |ap_CS_fsm                |   1|   0|    1|          0|
    |ap_done_reg              |   1|   0|    1|          0|
    |ap_enable_reg_pp0_iter1  |   1|   0|    1|          0|
    |bj1_fu_80                |   4|   0|    4|          0|
    |bk1_fu_84                |  10|   0|   10|          0|
    |indvar_flatten6_fu_88    |  13|   0|   13|          0|
    |select_ln3640_1_reg_374  |  10|   0|   10|          0|
    |trunc_ln3641_reg_379     |   3|   0|    3|          0|
    +-------------------------+----+----+-----+-----------+
    |Total                    |  43|   0|   43|          0|
    +-------------------------+----+----+-----+-----------+



================================================================
== Interface
================================================================
* Summary: 
+---------------------+-----+-----+------------+---------------------------------------------+--------------+
|      RTL Ports      | Dir | Bits|  Protocol  |                Source Object                |    C Type    |
+---------------------+-----+-----+------------+---------------------------------------------+--------------+
|ap_clk               |   in|    1|  ap_ctrl_hs|  systolic_Q_Pipeline_l_load_B_tile_bk1_l_bj1|  return value|
|ap_rst               |   in|    1|  ap_ctrl_hs|  systolic_Q_Pipeline_l_load_B_tile_bk1_l_bj1|  return value|
|ap_start             |   in|    1|  ap_ctrl_hs|  systolic_Q_Pipeline_l_load_B_tile_bk1_l_bj1|  return value|
|ap_done              |  out|    1|  ap_ctrl_hs|  systolic_Q_Pipeline_l_load_B_tile_bk1_l_bj1|  return value|
|ap_idle              |  out|    1|  ap_ctrl_hs|  systolic_Q_Pipeline_l_load_B_tile_bk1_l_bj1|  return value|
|ap_ready             |  out|    1|  ap_ctrl_hs|  systolic_Q_Pipeline_l_load_B_tile_bk1_l_bj1|  return value|
|local_B1_address0    |  out|    9|   ap_memory|                                     local_B1|         array|
|local_B1_ce0         |  out|    1|   ap_memory|                                     local_B1|         array|
|local_B1_we0         |  out|    1|   ap_memory|                                     local_B1|         array|
|local_B1_d0          |  out|   32|   ap_memory|                                     local_B1|         array|
|local_B1_1_address0  |  out|    9|   ap_memory|                                   local_B1_1|         array|
|local_B1_1_ce0       |  out|    1|   ap_memory|                                   local_B1_1|         array|
|local_B1_1_we0       |  out|    1|   ap_memory|                                   local_B1_1|         array|
|local_B1_1_d0        |  out|   32|   ap_memory|                                   local_B1_1|         array|
|local_B1_2_address0  |  out|    9|   ap_memory|                                   local_B1_2|         array|
|local_B1_2_ce0       |  out|    1|   ap_memory|                                   local_B1_2|         array|
|local_B1_2_we0       |  out|    1|   ap_memory|                                   local_B1_2|         array|
|local_B1_2_d0        |  out|   32|   ap_memory|                                   local_B1_2|         array|
|local_B1_3_address0  |  out|    9|   ap_memory|                                   local_B1_3|         array|
|local_B1_3_ce0       |  out|    1|   ap_memory|                                   local_B1_3|         array|
|local_B1_3_we0       |  out|    1|   ap_memory|                                   local_B1_3|         array|
|local_B1_3_d0        |  out|   32|   ap_memory|                                   local_B1_3|         array|
|local_B1_4_address0  |  out|    9|   ap_memory|                                   local_B1_4|         array|
|local_B1_4_ce0       |  out|    1|   ap_memory|                                   local_B1_4|         array|
|local_B1_4_we0       |  out|    1|   ap_memory|                                   local_B1_4|         array|
|local_B1_4_d0        |  out|   32|   ap_memory|                                   local_B1_4|         array|
|local_B1_5_address0  |  out|    9|   ap_memory|                                   local_B1_5|         array|
|local_B1_5_ce0       |  out|    1|   ap_memory|                                   local_B1_5|         array|
|local_B1_5_we0       |  out|    1|   ap_memory|                                   local_B1_5|         array|
|local_B1_5_d0        |  out|   32|   ap_memory|                                   local_B1_5|         array|
|local_B1_6_address0  |  out|    9|   ap_memory|                                   local_B1_6|         array|
|local_B1_6_ce0       |  out|    1|   ap_memory|                                   local_B1_6|         array|
|local_B1_6_we0       |  out|    1|   ap_memory|                                   local_B1_6|         array|
|local_B1_6_d0        |  out|   32|   ap_memory|                                   local_B1_6|         array|
|local_B1_7_address0  |  out|    9|   ap_memory|                                   local_B1_7|         array|
|local_B1_7_ce0       |  out|    1|   ap_memory|                                   local_B1_7|         array|
|local_B1_7_we0       |  out|    1|   ap_memory|                                   local_B1_7|         array|
|local_B1_7_d0        |  out|   32|   ap_memory|                                   local_B1_7|         array|
|tmp_22               |   in|    9|     ap_none|                                       tmp_22|        scalar|
|v1932_address0       |  out|   18|   ap_memory|                                        v1932|         array|
|v1932_ce0            |  out|    1|   ap_memory|                                        v1932|         array|
|v1932_q0             |   in|   32|   ap_memory|                                        v1932|         array|
+---------------------+-----+-----+------------+---------------------------------------------+--------------+

