

================================================================
== Vitis HLS Report for 'systolic_QKT_Pipeline_l_store_C_tile_sj4_l_si4'
================================================================
* Date:           Wed Feb  5 22:36:22 2025

* Version:        2023.2 (Build 4023990 on Oct 11 2023)
* Project:        DitBlock
* Solution:       hls (Vivado IP Flow Target)
* Product family: virtexuplusHBM
* Target device:  xcu280-fsvh2892-2L-e


================================================================
== Performance Estimates
================================================================
+ Timing: 
    * Summary: 
    +--------+----------+----------+------------+
    |  Clock |  Target  | Estimated| Uncertainty|
    +--------+----------+----------+------------+
    |ap_clk  |  10.00 ns|  5.278 ns|     2.70 ns|
    +--------+----------+----------+------------+

+ Latency: 
    * Summary: 
    +---------+---------+----------+----------+-----+-----+---------+
    |  Latency (cycles) |  Latency (absolute) |  Interval | Pipeline|
    |   min   |   max   |    min   |    max   | min | max |   Type  |
    +---------+---------+----------+----------+-----+-----+---------+
    |       66|       66|  0.660 us|  0.660 us|   66|   66|       no|
    +---------+---------+----------+----------+-----+-----+---------+

    + Detail: 
        * Instance: 
        N/A

        * Loop: 
        +----------------------------+---------+---------+----------+-----------+-----------+------+----------+
        |                            |  Latency (cycles) | Iteration|  Initiation Interval  | Trip |          |
        |          Loop Name         |   min   |   max   |  Latency |  achieved |   target  | Count| Pipelined|
        +----------------------------+---------+---------+----------+-----------+-----------+------+----------+
        |- l_store_C_tile_sj4_l_si4  |       64|       64|         1|          1|          1|    64|       yes|
        +----------------------------+---------+---------+----------+-----------+-----------+------+----------+



================================================================
== Utilization Estimates
================================================================
* Summary: 
+---------------------+---------+------+---------+---------+-----+
|         Name        | BRAM_18K|  DSP |    FF   |   LUT   | URAM|
+---------------------+---------+------+---------+---------+-----+
|DSP                  |        -|     -|        -|        -|    -|
|Expression           |        -|     -|        0|      107|    -|
|FIFO                 |        -|     -|        -|        -|    -|
|Instance             |        -|     -|        0|      387|    -|
|Memory               |        -|     -|        -|        -|    -|
|Multiplexer          |        -|     -|        -|       63|    -|
|Register             |        -|     -|       17|        -|    -|
+---------------------+---------+------+---------+---------+-----+
|Total                |        0|     0|       17|      557|    0|
+---------------------+---------+------+---------+---------+-----+
|Available SLR        |     1344|  3008|   869120|   434560|  320|
+---------------------+---------+------+---------+---------+-----+
|Utilization SLR (%)  |        0|     0|       ~0|       ~0|    0|
+---------------------+---------+------+---------+---------+-----+
|Available            |     4032|  9024|  2607360|  1303680|  960|
+---------------------+---------+------+---------+---------+-----+
|Utilization (%)      |        0|     0|       ~0|       ~0|    0|
+---------------------+---------+------+---------+---------+-----+

+ Detail: 
    * Instance: 
    +-----------------------------+-----------------------+---------+----+---+----+-----+
    |           Instance          |         Module        | BRAM_18K| DSP| FF| LUT| URAM|
    +-----------------------------+-----------------------+---------+----+---+----+-----+
    |sparsemux_17_3_32_1_1_U1996  |sparsemux_17_3_32_1_1  |        0|   0|  0|  43|    0|
    |sparsemux_17_3_32_1_1_U1997  |sparsemux_17_3_32_1_1  |        0|   0|  0|  43|    0|
    |sparsemux_17_3_32_1_1_U1998  |sparsemux_17_3_32_1_1  |        0|   0|  0|  43|    0|
    |sparsemux_17_3_32_1_1_U1999  |sparsemux_17_3_32_1_1  |        0|   0|  0|  43|    0|
    |sparsemux_17_3_32_1_1_U2000  |sparsemux_17_3_32_1_1  |        0|   0|  0|  43|    0|
    |sparsemux_17_3_32_1_1_U2001  |sparsemux_17_3_32_1_1  |        0|   0|  0|  43|    0|
    |sparsemux_17_3_32_1_1_U2002  |sparsemux_17_3_32_1_1  |        0|   0|  0|  43|    0|
    |sparsemux_17_3_32_1_1_U2003  |sparsemux_17_3_32_1_1  |        0|   0|  0|  43|    0|
    |sparsemux_17_3_32_1_1_U2004  |sparsemux_17_3_32_1_1  |        0|   0|  0|  43|    0|
    +-----------------------------+-----------------------+---------+----+---+----+-----+
    |Total                        |                       |        0|   0|  0| 387|    0|
    +-----------------------------+-----------------------+---------+----+---+----+-----+

    * DSP: 
    N/A

    * Memory: 
    N/A

    * FIFO: 
    N/A

    * Expression: 
    +----------------------------+----------+----+---+----+------------+------------+
    |        Variable Name       | Operation| DSP| FF| LUT| Bitwidth P0| Bitwidth P1|
    +----------------------------+----------+----+---+----+------------+------------+
    |add_ln12626_1_fu_647_p2     |         +|   0|  0|  14|           7|           1|
    |add_ln12626_fu_659_p2       |         +|   0|  0|  12|           4|           1|
    |add_ln12627_fu_1089_p2      |         +|   0|  0|  12|           4|           1|
    |add_ln12630_fu_1070_p2      |         +|   0|  0|  17|          10|          10|
    |empty_fu_695_p2             |         +|   0|  0|  17|          10|          10|
    |icmp_ln12626_fu_641_p2      |      icmp|   0|  0|  15|           7|           8|
    |icmp_ln12627_fu_665_p2      |      icmp|   0|  0|  12|           4|           5|
    |select_ln12626_1_fu_679_p3  |    select|   0|  0|   4|           1|           4|
    |select_ln12626_fu_671_p3    |    select|   0|  0|   4|           1|           1|
    +----------------------------+----------+----+---+----+------------+------------+
    |Total                       |          |   0|  0| 107|          48|          41|
    +----------------------------+----------+----+---+----+------------+------------+

    * Multiplexer: 
    +----------------------------------------+----+-----------+-----+-----------+
    |                  Name                  | LUT| Input Size| Bits| Total Bits|
    +----------------------------------------+----+-----------+-----+-----------+
    |ap_done_int                             |   9|          2|    1|          2|
    |ap_sig_allocacmp_indvar_flatten13_load  |   9|          2|    7|         14|
    |ap_sig_allocacmp_si4_load               |   9|          2|    4|          8|
    |ap_sig_allocacmp_sj4_load               |   9|          2|    4|          8|
    |indvar_flatten13_fu_206                 |   9|          2|    7|         14|
    |si4_fu_198                              |   9|          2|    4|          8|
    |sj4_fu_202                              |   9|          2|    4|          8|
    +----------------------------------------+----+-----------+-----+-----------+
    |Total                                   |  63|         14|   31|         62|
    +----------------------------------------+----+-----------+-----+-----------+

    * Register: 
    +-------------------------+---+----+-----+-----------+
    |           Name          | FF| LUT| Bits| Const Bits|
    +-------------------------+---+----+-----+-----------+
    |ap_CS_fsm                |  1|   0|    1|          0|
    |ap_done_reg              |  1|   0|    1|          0|
    |indvar_flatten13_fu_206  |  7|   0|    7|          0|
    |si4_fu_198               |  4|   0|    4|          0|
    |sj4_fu_202               |  4|   0|    4|          0|
    +-------------------------+---+----+-----+-----------+
    |Total                    | 17|   0|   17|          0|
    +-------------------------+---+----+-----+-----------+



================================================================
== Interface
================================================================
* Summary: 
+------------------+-----+-----+------------+------------------------------------------------+--------------+
|     RTL Ports    | Dir | Bits|  Protocol  |                  Source Object                 |    C Type    |
+------------------+-----+-----+------------+------------------------------------------------+--------------+
|ap_clk            |   in|    1|  ap_ctrl_hs|  systolic_QKT_Pipeline_l_store_C_tile_sj4_l_si4|  return value|
|ap_rst            |   in|    1|  ap_ctrl_hs|  systolic_QKT_Pipeline_l_store_C_tile_sj4_l_si4|  return value|
|ap_start          |   in|    1|  ap_ctrl_hs|  systolic_QKT_Pipeline_l_store_C_tile_sj4_l_si4|  return value|
|ap_done           |  out|    1|  ap_ctrl_hs|  systolic_QKT_Pipeline_l_store_C_tile_sj4_l_si4|  return value|
|ap_idle           |  out|    1|  ap_ctrl_hs|  systolic_QKT_Pipeline_l_store_C_tile_sj4_l_si4|  return value|
|ap_ready          |  out|    1|  ap_ctrl_hs|  systolic_QKT_Pipeline_l_store_C_tile_sj4_l_si4|  return value|
|tmp_16            |   in|   10|     ap_none|                                          tmp_16|        scalar|
|local_C4_load     |   in|   32|     ap_none|                                   local_C4_load|        scalar|
|local_C4_1_load   |   in|   32|     ap_none|                                 local_C4_1_load|        scalar|
|local_C4_2_load   |   in|   32|     ap_none|                                 local_C4_2_load|        scalar|
|local_C4_3_load   |   in|   32|     ap_none|                                 local_C4_3_load|        scalar|
|local_C4_4_load   |   in|   32|     ap_none|                                 local_C4_4_load|        scalar|
|local_C4_5_load   |   in|   32|     ap_none|                                 local_C4_5_load|        scalar|
|local_C4_6_load   |   in|   32|     ap_none|                                 local_C4_6_load|        scalar|
|local_C4_7_load   |   in|   32|     ap_none|                                 local_C4_7_load|        scalar|
|local_C4_8_load   |   in|   32|     ap_none|                                 local_C4_8_load|        scalar|
|local_C4_9_load   |   in|   32|     ap_none|                                 local_C4_9_load|        scalar|
|local_C4_10_load  |   in|   32|     ap_none|                                local_C4_10_load|        scalar|
|local_C4_11_load  |   in|   32|     ap_none|                                local_C4_11_load|        scalar|
|local_C4_12_load  |   in|   32|     ap_none|                                local_C4_12_load|        scalar|
|local_C4_13_load  |   in|   32|     ap_none|                                local_C4_13_load|        scalar|
|local_C4_14_load  |   in|   32|     ap_none|                                local_C4_14_load|        scalar|
|local_C4_15_load  |   in|   32|     ap_none|                                local_C4_15_load|        scalar|
|local_C4_16_load  |   in|   32|     ap_none|                                local_C4_16_load|        scalar|
|local_C4_17_load  |   in|   32|     ap_none|                                local_C4_17_load|        scalar|
|local_C4_18_load  |   in|   32|     ap_none|                                local_C4_18_load|        scalar|
|local_C4_19_load  |   in|   32|     ap_none|                                local_C4_19_load|        scalar|
|local_C4_20_load  |   in|   32|     ap_none|                                local_C4_20_load|        scalar|
|local_C4_21_load  |   in|   32|     ap_none|                                local_C4_21_load|        scalar|
|local_C4_22_load  |   in|   32|     ap_none|                                local_C4_22_load|        scalar|
|local_C4_23_load  |   in|   32|     ap_none|                                local_C4_23_load|        scalar|
|local_C4_24_load  |   in|   32|     ap_none|                                local_C4_24_load|        scalar|
|local_C4_25_load  |   in|   32|     ap_none|                                local_C4_25_load|        scalar|
|local_C4_26_load  |   in|   32|     ap_none|                                local_C4_26_load|        scalar|
|local_C4_27_load  |   in|   32|     ap_none|                                local_C4_27_load|        scalar|
|local_C4_28_load  |   in|   32|     ap_none|                                local_C4_28_load|        scalar|
|local_C4_29_load  |   in|   32|     ap_none|                                local_C4_29_load|        scalar|
|local_C4_30_load  |   in|   32|     ap_none|                                local_C4_30_load|        scalar|
|local_C4_31_load  |   in|   32|     ap_none|                                local_C4_31_load|        scalar|
|local_C4_32_load  |   in|   32|     ap_none|                                local_C4_32_load|        scalar|
|local_C4_33_load  |   in|   32|     ap_none|                                local_C4_33_load|        scalar|
|local_C4_34_load  |   in|   32|     ap_none|                                local_C4_34_load|        scalar|
|local_C4_35_load  |   in|   32|     ap_none|                                local_C4_35_load|        scalar|
|local_C4_36_load  |   in|   32|     ap_none|                                local_C4_36_load|        scalar|
|local_C4_37_load  |   in|   32|     ap_none|                                local_C4_37_load|        scalar|
|local_C4_38_load  |   in|   32|     ap_none|                                local_C4_38_load|        scalar|
|local_C4_39_load  |   in|   32|     ap_none|                                local_C4_39_load|        scalar|
|local_C4_40_load  |   in|   32|     ap_none|                                local_C4_40_load|        scalar|
|local_C4_41_load  |   in|   32|     ap_none|                                local_C4_41_load|        scalar|
|local_C4_42_load  |   in|   32|     ap_none|                                local_C4_42_load|        scalar|
|local_C4_43_load  |   in|   32|     ap_none|                                local_C4_43_load|        scalar|
|local_C4_44_load  |   in|   32|     ap_none|                                local_C4_44_load|        scalar|
|local_C4_45_load  |   in|   32|     ap_none|                                local_C4_45_load|        scalar|
|local_C4_46_load  |   in|   32|     ap_none|                                local_C4_46_load|        scalar|
|local_C4_47_load  |   in|   32|     ap_none|                                local_C4_47_load|        scalar|
|local_C4_48_load  |   in|   32|     ap_none|                                local_C4_48_load|        scalar|
|local_C4_49_load  |   in|   32|     ap_none|                                local_C4_49_load|        scalar|
|local_C4_50_load  |   in|   32|     ap_none|                                local_C4_50_load|        scalar|
|local_C4_51_load  |   in|   32|     ap_none|                                local_C4_51_load|        scalar|
|local_C4_52_load  |   in|   32|     ap_none|                                local_C4_52_load|        scalar|
|local_C4_53_load  |   in|   32|     ap_none|                                local_C4_53_load|        scalar|
|local_C4_54_load  |   in|   32|     ap_none|                                local_C4_54_load|        scalar|
|local_C4_55_load  |   in|   32|     ap_none|                                local_C4_55_load|        scalar|
|local_C4_56_load  |   in|   32|     ap_none|                                local_C4_56_load|        scalar|
|local_C4_57_load  |   in|   32|     ap_none|                                local_C4_57_load|        scalar|
|local_C4_58_load  |   in|   32|     ap_none|                                local_C4_58_load|        scalar|
|local_C4_59_load  |   in|   32|     ap_none|                                local_C4_59_load|        scalar|
|local_C4_60_load  |   in|   32|     ap_none|                                local_C4_60_load|        scalar|
|local_C4_61_load  |   in|   32|     ap_none|                                local_C4_61_load|        scalar|
|local_C4_62_load  |   in|   32|     ap_none|                                local_C4_62_load|        scalar|
|local_C4_63_load  |   in|   32|     ap_none|                                local_C4_63_load|        scalar|
|p_mid2            |   in|   10|     ap_none|                                          p_mid2|        scalar|
|v6884_address1    |  out|   20|   ap_memory|                                           v6884|         array|
|v6884_ce1         |  out|    1|   ap_memory|                                           v6884|         array|
|v6884_we1         |  out|    1|   ap_memory|                                           v6884|         array|
|v6884_d1          |  out|   32|   ap_memory|                                           v6884|         array|
+------------------+-----+-----+------------+------------------------------------------------+--------------+

