

================================================================
== Vitis HLS Report for 'systolic_YV_Pipeline_l_load_A_tile_ak5_l_ai5'
================================================================
* Date:           Wed Feb  5 22:36:24 2025

* Version:        2023.2 (Build 4023990 on Oct 11 2023)
* Project:        DitBlock
* Solution:       hls (Vivado IP Flow Target)
* Product family: virtexuplusHBM
* Target device:  xcu280-fsvh2892-2L-e


================================================================
== Performance Estimates
================================================================
+ Timing: 
    * Summary: 
    +--------+----------+----------+------------+
    |  Clock |  Target  | Estimated| Uncertainty|
    +--------+----------+----------+------------+
    |ap_clk  |  10.00 ns|  4.228 ns|     2.70 ns|
    +--------+----------+----------+------------+

+ Latency: 
    * Summary: 
    +---------+---------+-----------+-----------+------+------+---------+
    |  Latency (cycles) |   Latency (absolute)  |   Interval  | Pipeline|
    |   min   |   max   |    min    |    max    |  min |  max |   Type  |
    +---------+---------+-----------+-----------+------+------+---------+
    |     8194|     8194|  81.940 us|  81.940 us|  8194|  8194|       no|
    +---------+---------+-----------+-----------+------+------+---------+

    + Detail: 
        * Instance: 
        N/A

        * Loop: 
        +---------------------------+---------+---------+----------+-----------+-----------+------+----------+
        |                           |  Latency (cycles) | Iteration|  Initiation Interval  | Trip |          |
        |         Loop Name         |   min   |   max   |  Latency |  achieved |   target  | Count| Pipelined|
        +---------------------------+---------+---------+----------+-----------+-----------+------+----------+
        |- l_load_A_tile_ak5_l_ai5  |     8192|     8192|         2|          1|          1|  8192|       yes|
        +---------------------------+---------+---------+----------+-----------+-----------+------+----------+



================================================================
== Utilization Estimates
================================================================
* Summary: 
+---------------------+---------+------+---------+---------+-----+
|         Name        | BRAM_18K|  DSP |    FF   |   LUT   | URAM|
+---------------------+---------+------+---------+---------+-----+
|DSP                  |        -|     -|        -|        -|    -|
|Expression           |        -|     -|        0|      146|    -|
|FIFO                 |        -|     -|        -|        -|    -|
|Instance             |        -|     -|        -|        -|    -|
|Memory               |        -|     -|        -|        -|    -|
|Multiplexer          |        -|     -|        -|       72|    -|
|Register             |        -|     -|       46|        -|    -|
+---------------------+---------+------+---------+---------+-----+
|Total                |        0|     0|       46|      218|    0|
+---------------------+---------+------+---------+---------+-----+
|Available SLR        |     1344|  3008|   869120|   434560|  320|
+---------------------+---------+------+---------+---------+-----+
|Utilization SLR (%)  |        0|     0|       ~0|       ~0|    0|
+---------------------+---------+------+---------+---------+-----+
|Available            |     4032|  9024|  2607360|  1303680|  960|
+---------------------+---------+------+---------+---------+-----+
|Utilization (%)      |        0|     0|       ~0|       ~0|    0|
+---------------------+---------+------+---------+---------+-----+

+ Detail: 
    * Instance: 
    N/A

    * DSP: 
    N/A

    * Memory: 
    N/A

    * FIFO: 
    N/A

    * Expression: 
    +----------------------------+----------+----+---+----+------------+------------+
    |        Variable Name       | Operation| DSP| FF| LUT| Bitwidth P0| Bitwidth P1|
    +----------------------------+----------+----+---+----+------------+------------+
    |add_ln15657_1_fu_251_p2     |         +|   0|  0|  21|          14|           1|
    |add_ln15657_fu_263_p2       |         +|   0|  0|  18|          11|           1|
    |add_ln15658_fu_328_p2       |         +|   0|  0|  12|           4|           1|
    |add_ln15663_1_fu_317_p2     |         +|   0|  0|  27|          20|          20|
    |add_ln15663_fu_303_p2       |         +|   0|  0|  17|          10|          10|
    |icmp_ln15657_fu_245_p2      |      icmp|   0|  0|  22|          14|          15|
    |icmp_ln15658_fu_269_p2      |      icmp|   0|  0|  12|           4|           5|
    |select_ln15657_1_fu_283_p3  |    select|   0|  0|  11|           1|          11|
    |select_ln15657_fu_275_p3    |    select|   0|  0|   4|           1|           1|
    |ap_enable_pp0               |       xor|   0|  0|   2|           1|           2|
    +----------------------------+----------+----+---+----+------------+------------+
    |Total                       |          |   0|  0| 146|          80|          67|
    +----------------------------+----------+----+---+----+------------+------------+

    * Multiplexer: 
    +--------------------------------------+----+-----------+-----+-----------+
    |                 Name                 | LUT| Input Size| Bits| Total Bits|
    +--------------------------------------+----+-----------+-----+-----------+
    |ai5_fu_78                             |   9|          2|    4|          8|
    |ak5_fu_82                             |   9|          2|   11|         22|
    |ap_done_int                           |   9|          2|    1|          2|
    |ap_enable_reg_pp0_iter1               |   9|          2|    1|          2|
    |ap_sig_allocacmp_ai5_load             |   9|          2|    4|          8|
    |ap_sig_allocacmp_ak5_load             |   9|          2|   11|         22|
    |ap_sig_allocacmp_indvar_flatten_load  |   9|          2|   14|         28|
    |indvar_flatten_fu_86                  |   9|          2|   14|         28|
    +--------------------------------------+----+-----------+-----+-----------+
    |Total                                 |  72|         16|   60|        120|
    +--------------------------------------+----+-----------+-----+-----------+

    * Register: 
    +--------------------------+----+----+-----+-----------+
    |           Name           | FF | LUT| Bits| Const Bits|
    +--------------------------+----+----+-----+-----------+
    |ai5_fu_78                 |   4|   0|    4|          0|
    |ak5_fu_82                 |  11|   0|   11|          0|
    |ap_CS_fsm                 |   1|   0|    1|          0|
    |ap_done_reg               |   1|   0|    1|          0|
    |ap_enable_reg_pp0_iter1   |   1|   0|    1|          0|
    |indvar_flatten_fu_86      |  14|   0|   14|          0|
    |select_ln15657_1_reg_388  |  11|   0|   11|          0|
    |trunc_ln15661_reg_393     |   3|   0|    3|          0|
    +--------------------------+----+----+-----+-----------+
    |Total                     |  46|   0|   46|          0|
    +--------------------------+----+----+-----+-----------+



================================================================
== Interface
================================================================
* Summary: 
+---------------------+-----+-----+------------+----------------------------------------------+--------------+
|      RTL Ports      | Dir | Bits|  Protocol  |                 Source Object                |    C Type    |
+---------------------+-----+-----+------------+----------------------------------------------+--------------+
|ap_clk               |   in|    1|  ap_ctrl_hs|  systolic_YV_Pipeline_l_load_A_tile_ak5_l_ai5|  return value|
|ap_rst               |   in|    1|  ap_ctrl_hs|  systolic_YV_Pipeline_l_load_A_tile_ak5_l_ai5|  return value|
|ap_start             |   in|    1|  ap_ctrl_hs|  systolic_YV_Pipeline_l_load_A_tile_ak5_l_ai5|  return value|
|ap_done              |  out|    1|  ap_ctrl_hs|  systolic_YV_Pipeline_l_load_A_tile_ak5_l_ai5|  return value|
|ap_idle              |  out|    1|  ap_ctrl_hs|  systolic_YV_Pipeline_l_load_A_tile_ak5_l_ai5|  return value|
|ap_ready             |  out|    1|  ap_ctrl_hs|  systolic_YV_Pipeline_l_load_A_tile_ak5_l_ai5|  return value|
|local_A5_address0    |  out|   10|   ap_memory|                                      local_A5|         array|
|local_A5_ce0         |  out|    1|   ap_memory|                                      local_A5|         array|
|local_A5_we0         |  out|    1|   ap_memory|                                      local_A5|         array|
|local_A5_d0          |  out|   32|   ap_memory|                                      local_A5|         array|
|local_A5_1_address0  |  out|   10|   ap_memory|                                    local_A5_1|         array|
|local_A5_1_ce0       |  out|    1|   ap_memory|                                    local_A5_1|         array|
|local_A5_1_we0       |  out|    1|   ap_memory|                                    local_A5_1|         array|
|local_A5_1_d0        |  out|   32|   ap_memory|                                    local_A5_1|         array|
|local_A5_2_address0  |  out|   10|   ap_memory|                                    local_A5_2|         array|
|local_A5_2_ce0       |  out|    1|   ap_memory|                                    local_A5_2|         array|
|local_A5_2_we0       |  out|    1|   ap_memory|                                    local_A5_2|         array|
|local_A5_2_d0        |  out|   32|   ap_memory|                                    local_A5_2|         array|
|local_A5_3_address0  |  out|   10|   ap_memory|                                    local_A5_3|         array|
|local_A5_3_ce0       |  out|    1|   ap_memory|                                    local_A5_3|         array|
|local_A5_3_we0       |  out|    1|   ap_memory|                                    local_A5_3|         array|
|local_A5_3_d0        |  out|   32|   ap_memory|                                    local_A5_3|         array|
|local_A5_4_address0  |  out|   10|   ap_memory|                                    local_A5_4|         array|
|local_A5_4_ce0       |  out|    1|   ap_memory|                                    local_A5_4|         array|
|local_A5_4_we0       |  out|    1|   ap_memory|                                    local_A5_4|         array|
|local_A5_4_d0        |  out|   32|   ap_memory|                                    local_A5_4|         array|
|local_A5_5_address0  |  out|   10|   ap_memory|                                    local_A5_5|         array|
|local_A5_5_ce0       |  out|    1|   ap_memory|                                    local_A5_5|         array|
|local_A5_5_we0       |  out|    1|   ap_memory|                                    local_A5_5|         array|
|local_A5_5_d0        |  out|   32|   ap_memory|                                    local_A5_5|         array|
|local_A5_6_address0  |  out|   10|   ap_memory|                                    local_A5_6|         array|
|local_A5_6_ce0       |  out|    1|   ap_memory|                                    local_A5_6|         array|
|local_A5_6_we0       |  out|    1|   ap_memory|                                    local_A5_6|         array|
|local_A5_6_d0        |  out|   32|   ap_memory|                                    local_A5_6|         array|
|local_A5_7_address0  |  out|   10|   ap_memory|                                    local_A5_7|         array|
|local_A5_7_ce0       |  out|    1|   ap_memory|                                    local_A5_7|         array|
|local_A5_7_we0       |  out|    1|   ap_memory|                                    local_A5_7|         array|
|local_A5_7_d0        |  out|   32|   ap_memory|                                    local_A5_7|         array|
|v8556                |   in|    1|     ap_none|                                         v8556|        scalar|
|p_mid2               |   in|   10|     ap_none|                                        p_mid2|        scalar|
|v8545_address0       |  out|   20|   ap_memory|                                         v8545|         array|
|v8545_ce0            |  out|    1|   ap_memory|                                         v8545|         array|
|v8545_q0             |   in|   32|   ap_memory|                                         v8545|         array|
+---------------------+-----+-----+------------+----------------------------------------------+--------------+

