

================================================================
== Vitis HLS Report for 'systolic_Q'
================================================================
* Date:           Wed Feb  5 22:35:52 2025

* Version:        2023.2 (Build 4023990 on Oct 11 2023)
* Project:        DitBlock
* Solution:       hls (Vivado IP Flow Target)
* Product family: virtexuplusHBM
* Target device:  xcu280-fsvh2892-2L-e


================================================================
== Performance Estimates
================================================================
+ Timing: 
    * Summary: 
    +--------+----------+----------+------------+
    |  Clock |  Target  | Estimated| Uncertainty|
    +--------+----------+----------+------------+
    |ap_clk  |  10.00 ns|  6.536 ns|     2.70 ns|
    +--------+----------+----------+------------+

+ Latency: 
    * Summary: 
    +----------+----------+-----------+-----------+----------+----------+---------+
    |   Latency (cycles)  |   Latency (absolute)  |       Interval      | Pipeline|
    |    min   |    max   |    min    |    max    |    min   |    max   |   Type  |
    +----------+----------+-----------+-----------+----------+----------+---------+
    |  42713089|  42713089|  0.427 sec|  0.427 sec|  42713089|  42713089|       no|
    +----------+----------+-----------+-----------+----------+----------+---------+

    + Detail: 
        * Instance: 
        +---------------------------------------------------------+----------------------------------------------+---------+---------+-----------+-----------+------+------+----------+
        |                                                         |                                              |  Latency (cycles) |   Latency (absolute)  |   Interval  | Pipeline |
        |                         Instance                        |                    Module                    |   min   |   max   |    min    |    max    |  min |  max |   Type   |
        +---------------------------------------------------------+----------------------------------------------+---------+---------+-----------+-----------+------+------+----------+
        |grp_systolic_Q_Pipeline_l_load_A_tile_ak1_l_ai1_fu_388   |systolic_Q_Pipeline_l_load_A_tile_ak1_l_ai1   |     4098|     4098|  40.980 us|  40.980 us|  4098|  4098|        no|
        |grp_systolic_Q_Pipeline_l_load_B_tile_bk1_l_bj1_fu_404   |systolic_Q_Pipeline_l_load_B_tile_bk1_l_bj1   |     4098|     4098|  40.980 us|  40.980 us|  4098|  4098|        no|
        |grp_systolic_tile_Q_fu_419                               |systolic_tile_Q                               |     1044|     1044|  10.440 us|  10.440 us|  1030|  1030|  dataflow|
        |grp_systolic_Q_Pipeline_l_store_C_tile_sj1_l_si1_fu_503  |systolic_Q_Pipeline_l_store_C_tile_sj1_l_si1  |       66|       66|   0.660 us|   0.660 us|    66|    66|        no|
        +---------------------------------------------------------+----------------------------------------------+---------+---------+-----------+-----------+------+------+----------+

        * Loop: 
        +--------------------------+----------+----------+----------+-----------+-----------+------+----------+
        |                          |   Latency (cycles)  | Iteration|  Initiation Interval  | Trip |          |
        |         Loop Name        |    min   |    max   |  Latency |  achieved |   target  | Count| Pipelined|
        +--------------------------+----------+----------+----------+-----------+-----------+------+----------+
        |- l_outer_tile_mi1_l_ni1  |  42713088|  42713088|      5214|          -|          -|  8192|        no|
        +--------------------------+----------+----------+----------+-----------+-----------+------+----------+



================================================================
== Utilization Estimates
================================================================
* Summary: 
+---------------------+---------+------+---------+---------+-----+
|         Name        | BRAM_18K|  DSP |    FF   |   LUT   | URAM|
+---------------------+---------+------+---------+---------+-----+
|DSP                  |        -|     -|        -|        -|    -|
|Expression           |        -|     -|        0|      122|    -|
|FIFO                 |        -|     -|        -|        -|    -|
|Instance             |        -|   320|    28771|    37605|    -|
|Memory               |       16|     -|        0|        0|    0|
|Multiplexer          |        -|     -|        -|      662|    -|
|Register             |        -|     -|     2104|        -|    -|
+---------------------+---------+------+---------+---------+-----+
|Total                |       16|   320|    30875|    38389|    0|
+---------------------+---------+------+---------+---------+-----+
|Available SLR        |     1344|  3008|   869120|   434560|  320|
+---------------------+---------+------+---------+---------+-----+
|Utilization SLR (%)  |        1|    10|        3|        8|    0|
+---------------------+---------+------+---------+---------+-----+
|Available            |     4032|  9024|  2607360|  1303680|  960|
+---------------------+---------+------+---------+---------+-----+
|Utilization (%)      |       ~0|     3|        1|        2|    0|
+---------------------+---------+------+---------+---------+-----+

+ Detail: 
    * Instance: 
    +---------------------------------------------------------+----------------------------------------------+---------+-----+-------+-------+-----+
    |                         Instance                        |                    Module                    | BRAM_18K| DSP |   FF  |  LUT  | URAM|
    +---------------------------------------------------------+----------------------------------------------+---------+-----+-------+-------+-----+
    |grp_systolic_Q_Pipeline_l_load_A_tile_ak1_l_ai1_fu_388   |systolic_Q_Pipeline_l_load_A_tile_ak1_l_ai1   |        0|    0|     43|    213|    0|
    |grp_systolic_Q_Pipeline_l_load_B_tile_bk1_l_bj1_fu_404   |systolic_Q_Pipeline_l_load_B_tile_bk1_l_bj1   |        0|    0|     43|    186|    0|
    |grp_systolic_Q_Pipeline_l_store_C_tile_sj1_l_si1_fu_503  |systolic_Q_Pipeline_l_store_C_tile_sj1_l_si1  |        0|    0|     17|    556|    0|
    |grp_systolic_tile_Q_fu_419                               |systolic_tile_Q                               |        0|  320|  28668|  36650|    0|
    +---------------------------------------------------------+----------------------------------------------+---------+-----+-------+-------+-----+
    |Total                                                    |                                              |        0|  320|  28771|  37605|    0|
    +---------------------------------------------------------+----------------------------------------------+---------+-----+-------+-------+-----+

    * DSP: 
    N/A

    * Memory: 
    +--------------+-----------------------------------+---------+---+----+-----+------+-----+------+-------------+
    |    Memory    |               Module              | BRAM_18K| FF| LUT| URAM| Words| Bits| Banks| W*Bits*Banks|
    +--------------+-----------------------------------+---------+---+----+-----+------+-----+------+-------------+
    |local_A1_U    |systolic_Q_local_A1_RAM_AUTO_1R1W  |        1|  0|   0|    0|   512|   32|     1|        16384|
    |local_A1_1_U  |systolic_Q_local_A1_RAM_AUTO_1R1W  |        1|  0|   0|    0|   512|   32|     1|        16384|
    |local_A1_2_U  |systolic_Q_local_A1_RAM_AUTO_1R1W  |        1|  0|   0|    0|   512|   32|     1|        16384|
    |local_A1_3_U  |systolic_Q_local_A1_RAM_AUTO_1R1W  |        1|  0|   0|    0|   512|   32|     1|        16384|
    |local_A1_4_U  |systolic_Q_local_A1_RAM_AUTO_1R1W  |        1|  0|   0|    0|   512|   32|     1|        16384|
    |local_A1_5_U  |systolic_Q_local_A1_RAM_AUTO_1R1W  |        1|  0|   0|    0|   512|   32|     1|        16384|
    |local_A1_6_U  |systolic_Q_local_A1_RAM_AUTO_1R1W  |        1|  0|   0|    0|   512|   32|     1|        16384|
    |local_A1_7_U  |systolic_Q_local_A1_RAM_AUTO_1R1W  |        1|  0|   0|    0|   512|   32|     1|        16384|
    |local_B1_U    |systolic_Q_local_A1_RAM_AUTO_1R1W  |        1|  0|   0|    0|   512|   32|     1|        16384|
    |local_B1_1_U  |systolic_Q_local_A1_RAM_AUTO_1R1W  |        1|  0|   0|    0|   512|   32|     1|        16384|
    |local_B1_2_U  |systolic_Q_local_A1_RAM_AUTO_1R1W  |        1|  0|   0|    0|   512|   32|     1|        16384|
    |local_B1_3_U  |systolic_Q_local_A1_RAM_AUTO_1R1W  |        1|  0|   0|    0|   512|   32|     1|        16384|
    |local_B1_4_U  |systolic_Q_local_A1_RAM_AUTO_1R1W  |        1|  0|   0|    0|   512|   32|     1|        16384|
    |local_B1_5_U  |systolic_Q_local_A1_RAM_AUTO_1R1W  |        1|  0|   0|    0|   512|   32|     1|        16384|
    |local_B1_6_U  |systolic_Q_local_A1_RAM_AUTO_1R1W  |        1|  0|   0|    0|   512|   32|     1|        16384|
    |local_B1_7_U  |systolic_Q_local_A1_RAM_AUTO_1R1W  |        1|  0|   0|    0|   512|   32|     1|        16384|
    +--------------+-----------------------------------+---------+---+----+-----+------+-----+------+-------------+
    |Total         |                                   |       16|  0|   0|    0|  8192|  512|    16|       262144|
    +--------------+-----------------------------------+---------+---+----+-----+------+-----+------+-------------+

    * FIFO: 
    N/A

    * Expression: 
    +---------------------------------------------+----------+----+---+----+------------+------------+
    |                Variable Name                | Operation| DSP| FF| LUT| Bitwidth P0| Bitwidth P1|
    +---------------------------------------------+----------+----+---+----+------------+------------+
    |add_ln3626_1_fu_599_p2                       |         +|   0|  0|  21|          14|           1|
    |add_ln3626_fu_611_p2                         |         +|   0|  0|  15|           8|           1|
    |add_ln3627_fu_672_p2                         |         +|   0|  0|  14|           7|           1|
    |icmp_ln3626_fu_593_p2                        |      icmp|   0|  0|  22|          14|          15|
    |icmp_ln3627_fu_617_p2                        |      icmp|   0|  0|  15|           7|           8|
    |v1942_fu_652_p2                              |      icmp|   0|  0|  14|           7|           1|
    |ap_block_state3_on_subcall_done              |        or|   0|  0|   2|           1|           1|
    |ap_sync_grp_systolic_tile_Q_fu_419_ap_done   |        or|   0|  0|   2|           1|           1|
    |ap_sync_grp_systolic_tile_Q_fu_419_ap_ready  |        or|   0|  0|   2|           1|           1|
    |select_ln3626_1_fu_631_p3                    |    select|   0|  0|   8|           1|           8|
    |select_ln3626_fu_623_p3                      |    select|   0|  0|   7|           1|           1|
    +---------------------------------------------+----------+----+---+----+------------+------------+
    |Total                                        |          |   0|  0| 122|          62|          39|
    +---------------------------------------------+----------+----+---+----+------------+------------+

    * Multiplexer: 
    +------------------------+----+-----------+-----+-----------+
    |          Name          | LUT| Input Size| Bits| Total Bits|
    +------------------------+----+-----------+-----+-----------+
    |ap_NS_fsm               |  43|          8|    1|          8|
    |indvar_flatten20_fu_64  |   9|          2|   14|         28|
    |local_A1_1_address0     |  14|          3|    9|         27|
    |local_A1_1_ce0          |  14|          3|    1|          3|
    |local_A1_1_we0          |   9|          2|    1|          2|
    |local_A1_2_address0     |  14|          3|    9|         27|
    |local_A1_2_ce0          |  14|          3|    1|          3|
    |local_A1_2_we0          |   9|          2|    1|          2|
    |local_A1_3_address0     |  14|          3|    9|         27|
    |local_A1_3_ce0          |  14|          3|    1|          3|
    |local_A1_3_we0          |   9|          2|    1|          2|
    |local_A1_4_address0     |  14|          3|    9|         27|
    |local_A1_4_ce0          |  14|          3|    1|          3|
    |local_A1_4_we0          |   9|          2|    1|          2|
    |local_A1_5_address0     |  14|          3|    9|         27|
    |local_A1_5_ce0          |  14|          3|    1|          3|
    |local_A1_5_we0          |   9|          2|    1|          2|
    |local_A1_6_address0     |  14|          3|    9|         27|
    |local_A1_6_ce0          |  14|          3|    1|          3|
    |local_A1_6_we0          |   9|          2|    1|          2|
    |local_A1_7_address0     |  14|          3|    9|         27|
    |local_A1_7_ce0          |  14|          3|    1|          3|
    |local_A1_7_we0          |   9|          2|    1|          2|
    |local_A1_address0       |  14|          3|    9|         27|
    |local_A1_ce0            |  14|          3|    1|          3|
    |local_A1_we0            |   9|          2|    1|          2|
    |local_B1_1_address0     |  14|          3|    9|         27|
    |local_B1_1_ce0          |  14|          3|    1|          3|
    |local_B1_1_we0          |   9|          2|    1|          2|
    |local_B1_2_address0     |  14|          3|    9|         27|
    |local_B1_2_ce0          |  14|          3|    1|          3|
    |local_B1_2_we0          |   9|          2|    1|          2|
    |local_B1_3_address0     |  14|          3|    9|         27|
    |local_B1_3_ce0          |  14|          3|    1|          3|
    |local_B1_3_we0          |   9|          2|    1|          2|
    |local_B1_4_address0     |  14|          3|    9|         27|
    |local_B1_4_ce0          |  14|          3|    1|          3|
    |local_B1_4_we0          |   9|          2|    1|          2|
    |local_B1_5_address0     |  14|          3|    9|         27|
    |local_B1_5_ce0          |  14|          3|    1|          3|
    |local_B1_5_we0          |   9|          2|    1|          2|
    |local_B1_6_address0     |  14|          3|    9|         27|
    |local_B1_6_ce0          |  14|          3|    1|          3|
    |local_B1_6_we0          |   9|          2|    1|          2|
    |local_B1_7_address0     |  14|          3|    9|         27|
    |local_B1_7_ce0          |  14|          3|    1|          3|
    |local_B1_7_we0          |   9|          2|    1|          2|
    |local_B1_address0       |  14|          3|    9|         27|
    |local_B1_ce0            |  14|          3|    1|          3|
    |local_B1_we0            |   9|          2|    1|          2|
    |mi1_fu_60               |   9|          2|    8|         16|
    |ni1_fu_56               |   9|          2|    7|         14|
    +------------------------+----+-----------+-----+-----------+
    |Total                   | 662|        142|  206|        578|
    +------------------------+----+-----------+-----+-----------+

    * Register: 
    +----------------------------------------------------------------------+----+----+-----+-----------+
    |                                 Name                                 | FF | LUT| Bits| Const Bits|
    +----------------------------------------------------------------------+----+----+-----+-----------+
    |ap_CS_fsm                                                             |   7|   0|    7|          0|
    |ap_sync_reg_grp_systolic_tile_Q_fu_419_ap_done                        |   1|   0|    1|          0|
    |ap_sync_reg_grp_systolic_tile_Q_fu_419_ap_ready                       |   1|   0|    1|          0|
    |grp_systolic_Q_Pipeline_l_load_A_tile_ak1_l_ai1_fu_388_ap_start_reg   |   1|   0|    1|          0|
    |grp_systolic_Q_Pipeline_l_load_B_tile_bk1_l_bj1_fu_404_ap_start_reg   |   1|   0|    1|          0|
    |grp_systolic_Q_Pipeline_l_store_C_tile_sj1_l_si1_fu_503_ap_start_reg  |   1|   0|    1|          0|
    |grp_systolic_tile_Q_fu_419_ap_start_reg                               |   1|   0|    1|          0|
    |indvar_flatten20_fu_64                                                |  14|   0|   14|          0|
    |local_C1_10_fu_172                                                    |  32|   0|   32|          0|
    |local_C1_11_fu_176                                                    |  32|   0|   32|          0|
    |local_C1_12_fu_180                                                    |  32|   0|   32|          0|
    |local_C1_13_fu_184                                                    |  32|   0|   32|          0|
    |local_C1_14_fu_188                                                    |  32|   0|   32|          0|
    |local_C1_15_fu_192                                                    |  32|   0|   32|          0|
    |local_C1_16_fu_196                                                    |  32|   0|   32|          0|
    |local_C1_17_fu_200                                                    |  32|   0|   32|          0|
    |local_C1_18_fu_204                                                    |  32|   0|   32|          0|
    |local_C1_19_fu_208                                                    |  32|   0|   32|          0|
    |local_C1_1_fu_136                                                     |  32|   0|   32|          0|
    |local_C1_20_fu_212                                                    |  32|   0|   32|          0|
    |local_C1_21_fu_216                                                    |  32|   0|   32|          0|
    |local_C1_22_fu_220                                                    |  32|   0|   32|          0|
    |local_C1_23_fu_224                                                    |  32|   0|   32|          0|
    |local_C1_24_fu_228                                                    |  32|   0|   32|          0|
    |local_C1_25_fu_232                                                    |  32|   0|   32|          0|
    |local_C1_26_fu_236                                                    |  32|   0|   32|          0|
    |local_C1_27_fu_240                                                    |  32|   0|   32|          0|
    |local_C1_28_fu_244                                                    |  32|   0|   32|          0|
    |local_C1_29_fu_248                                                    |  32|   0|   32|          0|
    |local_C1_2_fu_140                                                     |  32|   0|   32|          0|
    |local_C1_30_fu_252                                                    |  32|   0|   32|          0|
    |local_C1_31_fu_256                                                    |  32|   0|   32|          0|
    |local_C1_32_fu_260                                                    |  32|   0|   32|          0|
    |local_C1_33_fu_264                                                    |  32|   0|   32|          0|
    |local_C1_34_fu_268                                                    |  32|   0|   32|          0|
    |local_C1_35_fu_272                                                    |  32|   0|   32|          0|
    |local_C1_36_fu_276                                                    |  32|   0|   32|          0|
    |local_C1_37_fu_280                                                    |  32|   0|   32|          0|
    |local_C1_38_fu_284                                                    |  32|   0|   32|          0|
    |local_C1_39_fu_288                                                    |  32|   0|   32|          0|
    |local_C1_3_fu_144                                                     |  32|   0|   32|          0|
    |local_C1_40_fu_292                                                    |  32|   0|   32|          0|
    |local_C1_41_fu_296                                                    |  32|   0|   32|          0|
    |local_C1_42_fu_300                                                    |  32|   0|   32|          0|
    |local_C1_43_fu_304                                                    |  32|   0|   32|          0|
    |local_C1_44_fu_308                                                    |  32|   0|   32|          0|
    |local_C1_45_fu_312                                                    |  32|   0|   32|          0|
    |local_C1_46_fu_316                                                    |  32|   0|   32|          0|
    |local_C1_47_fu_320                                                    |  32|   0|   32|          0|
    |local_C1_48_fu_324                                                    |  32|   0|   32|          0|
    |local_C1_49_fu_328                                                    |  32|   0|   32|          0|
    |local_C1_4_fu_148                                                     |  32|   0|   32|          0|
    |local_C1_50_fu_332                                                    |  32|   0|   32|          0|
    |local_C1_51_fu_336                                                    |  32|   0|   32|          0|
    |local_C1_52_fu_340                                                    |  32|   0|   32|          0|
    |local_C1_53_fu_344                                                    |  32|   0|   32|          0|
    |local_C1_54_fu_348                                                    |  32|   0|   32|          0|
    |local_C1_55_fu_352                                                    |  32|   0|   32|          0|
    |local_C1_56_fu_356                                                    |  32|   0|   32|          0|
    |local_C1_57_fu_360                                                    |  32|   0|   32|          0|
    |local_C1_58_fu_364                                                    |  32|   0|   32|          0|
    |local_C1_59_fu_368                                                    |  32|   0|   32|          0|
    |local_C1_5_fu_152                                                     |  32|   0|   32|          0|
    |local_C1_60_fu_372                                                    |  32|   0|   32|          0|
    |local_C1_61_fu_376                                                    |  32|   0|   32|          0|
    |local_C1_62_fu_380                                                    |  32|   0|   32|          0|
    |local_C1_63_fu_384                                                    |  32|   0|   32|          0|
    |local_C1_6_fu_156                                                     |  32|   0|   32|          0|
    |local_C1_7_fu_160                                                     |  32|   0|   32|          0|
    |local_C1_8_fu_164                                                     |  32|   0|   32|          0|
    |local_C1_9_fu_168                                                     |  32|   0|   32|          0|
    |local_C1_fu_132                                                       |  32|   0|   32|          0|
    |mi1_fu_60                                                             |   8|   0|    8|          0|
    |ni1_fu_56                                                             |   7|   0|    7|          0|
    |p_mid2_reg_1357                                                       |   7|   0|   10|          3|
    |tmp_s_reg_1368                                                        |   6|   0|    9|          3|
    |v1942_reg_1363                                                        |   1|   0|    1|          0|
    +----------------------------------------------------------------------+----+----+-----+-----------+
    |Total                                                                 |2104|   0| 2110|          6|
    +----------------------------------------------------------------------+----+----+-----+-----------+



================================================================
== Interface
================================================================
* Summary: 
+----------------+-----+-----+------------+--------------+--------------+
|    RTL Ports   | Dir | Bits|  Protocol  | Source Object|    C Type    |
+----------------+-----+-----+------------+--------------+--------------+
|ap_clk          |   in|    1|  ap_ctrl_hs|    systolic_Q|  return value|
|ap_rst          |   in|    1|  ap_ctrl_hs|    systolic_Q|  return value|
|ap_start        |   in|    1|  ap_ctrl_hs|    systolic_Q|  return value|
|ap_done         |  out|    1|  ap_ctrl_hs|    systolic_Q|  return value|
|ap_idle         |  out|    1|  ap_ctrl_hs|    systolic_Q|  return value|
|ap_ready        |  out|    1|  ap_ctrl_hs|    systolic_Q|  return value|
|v1931_address0  |  out|   19|   ap_memory|         v1931|         array|
|v1931_ce0       |  out|    1|   ap_memory|         v1931|         array|
|v1931_q0        |   in|   32|   ap_memory|         v1931|         array|
|v1932_address0  |  out|   18|   ap_memory|         v1932|         array|
|v1932_ce0       |  out|    1|   ap_memory|         v1932|         array|
|v1932_q0        |   in|   32|   ap_memory|         v1932|         array|
|v1933_address1  |  out|   19|   ap_memory|         v1933|         array|
|v1933_ce1       |  out|    1|   ap_memory|         v1933|         array|
|v1933_we1       |  out|    1|   ap_memory|         v1933|         array|
|v1933_d1        |  out|   32|   ap_memory|         v1933|         array|
+----------------+-----+-----+------------+--------------+--------------+

