

================================================================
== Vitis HLS Report for 'systolic_QKT'
================================================================
* Date:           Mon Feb 17 20:38:34 2025

* Version:        2023.2 (Build 4023990 on Oct 11 2023)
* Project:        DitBlock
* Solution:       hls (Vivado IP Flow Target)
* Product family: virtexuplusHBM
* Target device:  xcu280-fsvh2892-2L-e


================================================================
== Performance Estimates
================================================================
+ Timing: 
    * Summary: 
    +--------+----------+----------+------------+
    |  Clock |  Target  | Estimated| Uncertainty|
    +--------+----------+----------+------------+
    |ap_clk  |  10.00 ns|  6.536 ns|     2.70 ns|
    +--------+----------+----------+------------+

+ Latency: 
    * Summary: 
    +---------+---------+-----------+-----------+---------+---------+---------+
    |  Latency (cycles) |   Latency (absolute)  |      Interval     | Pipeline|
    |   min   |   max   |    min    |    max    |   min   |   max   |   Type  |
    +---------+---------+-----------+-----------+---------+---------+---------+
    |  8482177|  8482177|  84.822 ms|  84.822 ms|  8482177|  8482177|       no|
    +---------+---------+-----------+-----------+---------+---------+---------+

    + Detail: 
        * Instance: 
        +--------------------------------+-----------------------------+---------+---------+----------+----------+-------+-------+---------+
        |                                |                             |  Latency (cycles) |  Latency (absolute) |    Interval   | Pipeline|
        |            Instance            |            Module           |   min   |   max   |    min   |    max   |  min  |  max  |   Type  |
        +--------------------------------+-----------------------------+---------+---------+----------+----------+-------+-------+---------+
        |dataflow_parent_loop_proc42_U0  |dataflow_parent_loop_proc42  |    66266|    66266|  0.663 ms|  0.663 ms|  66266|  66266|       no|
        +--------------------------------+-----------------------------+---------+---------+----------+----------+-------+-------+---------+

        * Loop: 
        +--------------------+---------+---------+----------+-----------+-----------+------+----------+
        |                    |  Latency (cycles) | Iteration|  Initiation Interval  | Trip |          |
        |      Loop Name     |   min   |   max   |  Latency |  achieved |   target  | Count| Pipelined|
        +--------------------+---------+---------+----------+-----------+-----------+------+----------+
        |- l_outer_tile_mi4  |  8482176|  8482176|     66268|          -|          -|   128|        no|
        +--------------------+---------+---------+----------+-----------+-----------+------+----------+



================================================================
== Utilization Estimates
================================================================
* Summary: 
+---------------------+---------+------+---------+---------+-----+
|         Name        | BRAM_18K|  DSP |    FF   |   LUT   | URAM|
+---------------------+---------+------+---------+---------+-----+
|DSP                  |        -|     -|        -|        -|    -|
|Expression           |        -|     -|      124|       31|    -|
|FIFO                 |        -|     -|        -|        -|    -|
|Instance             |        0|   320|    33425|    40227|    0|
|Memory               |        -|     -|        -|        -|    -|
|Multiplexer          |        -|     -|        -|       18|    -|
|Register             |        -|     -|       16|        -|    -|
+---------------------+---------+------+---------+---------+-----+
|Total                |        0|   320|    33565|    40276|    0|
+---------------------+---------+------+---------+---------+-----+
|Available SLR        |     1344|  3008|   869120|   434560|  320|
+---------------------+---------+------+---------+---------+-----+
|Utilization SLR (%)  |        0|    10|        3|        9|    0|
+---------------------+---------+------+---------+---------+-----+
|Available            |     4032|  9024|  2607360|  1303680|  960|
+---------------------+---------+------+---------+---------+-----+
|Utilization (%)      |        0|     3|        1|        3|    0|
+---------------------+---------+------+---------+---------+-----+

+ Detail: 
    * Instance: 
    +--------------------------------+-----------------------------+---------+-----+-------+-------+-----+
    |            Instance            |            Module           | BRAM_18K| DSP |   FF  |  LUT  | URAM|
    +--------------------------------+-----------------------------+---------+-----+-------+-------+-----+
    |dataflow_parent_loop_proc42_U0  |dataflow_parent_loop_proc42  |        0|  320|  33425|  40227|    0|
    +--------------------------------+-----------------------------+---------+-----+-------+-------+-----+
    |Total                           |                             |        0|  320|  33425|  40227|    0|
    +--------------------------------+-----------------------------+---------+-----+-------+-------+-----+

    * DSP: 
    N/A

    * Memory: 
    N/A

    * FIFO: 
    N/A

    * Expression: 
    +----------------------------+----------+----+----+----+------------+------------+
    |        Variable Name       | Operation| DSP| FF | LUT| Bitwidth P0| Bitwidth P1|
    +----------------------------+----------+----+----+----+------------+------------+
    |loop_dataflow_input_count   |         +|   0|  40|  10|           8|           1|
    |loop_dataflow_output_count  |         +|   0|  40|  10|           8|           1|
    |bound_minus_1               |         -|   0|  44|  11|           9|           1|
    +----------------------------+----------+----+----+----+------------+------------+
    |Total                       |          |   0| 124|  31|          25|           3|
    +----------------------------+----------+----+----+----+------------+------------+

    * Multiplexer: 
    +----------------------------+----+-----------+-----+-----------+
    |            Name            | LUT| Input Size| Bits| Total Bits|
    +----------------------------+----+-----------+-----+-----------+
    |loop_dataflow_input_count   |   9|          2|    8|         16|
    |loop_dataflow_output_count  |   9|          2|    8|         16|
    +----------------------------+----+-----------+-----+-----------+
    |Total                       |  18|          4|   16|         32|
    +----------------------------+----+-----------+-----+-----------+

    * Register: 
    +----------------------------+---+----+-----+-----------+
    |            Name            | FF| LUT| Bits| Const Bits|
    +----------------------------+---+----+-----+-----------+
    |loop_dataflow_input_count   |  8|   0|    8|          0|
    |loop_dataflow_output_count  |  8|   0|    8|          0|
    +----------------------------+---+----+-----+-----------+
    |Total                       | 16|   0|   16|          0|
    +----------------------------+---+----+-----+-----------+



================================================================
== Interface
================================================================
* Summary: 
+----------------+-----+-----+------------+--------------+--------------+
|    RTL Ports   | Dir | Bits|  Protocol  | Source Object|    C Type    |
+----------------+-----+-----+------------+--------------+--------------+
|v6882_address0  |  out|   16|   ap_memory|         v6882|         array|
|v6882_ce0       |  out|    1|   ap_memory|         v6882|         array|
|v6882_d0        |  out|   32|   ap_memory|         v6882|         array|
|v6882_q0        |   in|   32|   ap_memory|         v6882|         array|
|v6882_we0       |  out|    1|   ap_memory|         v6882|         array|
|v6882_address1  |  out|   16|   ap_memory|         v6882|         array|
|v6882_ce1       |  out|    1|   ap_memory|         v6882|         array|
|v6882_d1        |  out|   32|   ap_memory|         v6882|         array|
|v6882_q1        |   in|   32|   ap_memory|         v6882|         array|
|v6882_we1       |  out|    1|   ap_memory|         v6882|         array|
|v6883_address0  |  out|   16|   ap_memory|         v6883|         array|
|v6883_ce0       |  out|    1|   ap_memory|         v6883|         array|
|v6883_d0        |  out|   32|   ap_memory|         v6883|         array|
|v6883_q0        |   in|   32|   ap_memory|         v6883|         array|
|v6883_we0       |  out|    1|   ap_memory|         v6883|         array|
|v6883_address1  |  out|   16|   ap_memory|         v6883|         array|
|v6883_ce1       |  out|    1|   ap_memory|         v6883|         array|
|v6883_d1        |  out|   32|   ap_memory|         v6883|         array|
|v6883_q1        |   in|   32|   ap_memory|         v6883|         array|
|v6883_we1       |  out|    1|   ap_memory|         v6883|         array|
|v6884_address0  |  out|   20|   ap_memory|         v6884|         array|
|v6884_ce0       |  out|    1|   ap_memory|         v6884|         array|
|v6884_d0        |  out|   32|   ap_memory|         v6884|         array|
|v6884_q0        |   in|   32|   ap_memory|         v6884|         array|
|v6884_we0       |  out|    1|   ap_memory|         v6884|         array|
|v6884_address1  |  out|   20|   ap_memory|         v6884|         array|
|v6884_ce1       |  out|    1|   ap_memory|         v6884|         array|
|v6884_d1        |  out|   32|   ap_memory|         v6884|         array|
|v6884_q1        |   in|   32|   ap_memory|         v6884|         array|
|v6884_we1       |  out|    1|   ap_memory|         v6884|         array|
|ap_clk          |   in|    1|  ap_ctrl_hs|  systolic_QKT|  return value|
|ap_rst          |   in|    1|  ap_ctrl_hs|  systolic_QKT|  return value|
|ap_start        |   in|    1|  ap_ctrl_hs|  systolic_QKT|  return value|
|ap_done         |  out|    1|  ap_ctrl_hs|  systolic_QKT|  return value|
|ap_ready        |  out|    1|  ap_ctrl_hs|  systolic_QKT|  return value|
|ap_idle         |  out|    1|  ap_ctrl_hs|  systolic_QKT|  return value|
|ap_continue     |   in|    1|  ap_ctrl_hs|  systolic_QKT|  return value|
+----------------+-----+-----+------------+--------------+--------------+

