

================================================================
== Vitis HLS Report for 'systolic_YV_Pipeline_l_load_B_tile_bk5_l_bj5'
================================================================
* Date:           Wed Feb  5 22:36:24 2025

* Version:        2023.2 (Build 4023990 on Oct 11 2023)
* Project:        DitBlock
* Solution:       hls (Vivado IP Flow Target)
* Product family: virtexuplusHBM
* Target device:  xcu280-fsvh2892-2L-e


================================================================
== Performance Estimates
================================================================
+ Timing: 
    * Summary: 
    +--------+----------+----------+------------+
    |  Clock |  Target  | Estimated| Uncertainty|
    +--------+----------+----------+------------+
    |ap_clk  |  10.00 ns|  3.401 ns|     2.70 ns|
    +--------+----------+----------+------------+

+ Latency: 
    * Summary: 
    +---------+---------+-----------+-----------+------+------+---------+
    |  Latency (cycles) |   Latency (absolute)  |   Interval  | Pipeline|
    |   min   |   max   |    min    |    max    |  min |  max |   Type  |
    +---------+---------+-----------+-----------+------+------+---------+
    |     8194|     8194|  81.940 us|  81.940 us|  8194|  8194|       no|
    +---------+---------+-----------+-----------+------+------+---------+

    + Detail: 
        * Instance: 
        N/A

        * Loop: 
        +---------------------------+---------+---------+----------+-----------+-----------+------+----------+
        |                           |  Latency (cycles) | Iteration|  Initiation Interval  | Trip |          |
        |         Loop Name         |   min   |   max   |  Latency |  achieved |   target  | Count| Pipelined|
        +---------------------------+---------+---------+----------+-----------+-----------+------+----------+
        |- l_load_B_tile_bk5_l_bj5  |     8192|     8192|         2|          1|          1|  8192|       yes|
        +---------------------------+---------+---------+----------+-----------+-----------+------+----------+



================================================================
== Utilization Estimates
================================================================
* Summary: 
+---------------------+---------+------+---------+---------+-----+
|         Name        | BRAM_18K|  DSP |    FF   |   LUT   | URAM|
+---------------------+---------+------+---------+---------+-----+
|DSP                  |        -|     -|        -|        -|    -|
|Expression           |        -|     -|        0|      115|    -|
|FIFO                 |        -|     -|        -|        -|    -|
|Instance             |        -|     -|        -|        -|    -|
|Memory               |        -|     -|        -|        -|    -|
|Multiplexer          |        -|     -|        -|       72|    -|
|Register             |        -|     -|       46|        -|    -|
+---------------------+---------+------+---------+---------+-----+
|Total                |        0|     0|       46|      187|    0|
+---------------------+---------+------+---------+---------+-----+
|Available SLR        |     1344|  3008|   869120|   434560|  320|
+---------------------+---------+------+---------+---------+-----+
|Utilization SLR (%)  |        0|     0|       ~0|       ~0|    0|
+---------------------+---------+------+---------+---------+-----+
|Available            |     4032|  9024|  2607360|  1303680|  960|
+---------------------+---------+------+---------+---------+-----+
|Utilization (%)      |        0|     0|       ~0|       ~0|    0|
+---------------------+---------+------+---------+---------+-----+

+ Detail: 
    * Instance: 
    N/A

    * DSP: 
    N/A

    * Memory: 
    N/A

    * FIFO: 
    N/A

    * Expression: 
    +----------------------------+----------+----+---+----+------------+------------+
    |        Variable Name       | Operation| DSP| FF| LUT| Bitwidth P0| Bitwidth P1|
    +----------------------------+----------+----+---+----+------------+------------+
    |add_ln15668_1_fu_239_p2     |         +|   0|  0|  21|          14|           1|
    |add_ln15668_fu_251_p2       |         +|   0|  0|  18|          11|           1|
    |add_ln15669_fu_310_p2       |         +|   0|  0|  12|           4|           1|
    |add_ln15671_fu_291_p2       |         +|   0|  0|  13|           6|           6|
    |icmp_ln15668_fu_233_p2      |      icmp|   0|  0|  22|          14|          15|
    |icmp_ln15669_fu_257_p2      |      icmp|   0|  0|  12|           4|           5|
    |select_ln15668_1_fu_271_p3  |    select|   0|  0|  11|           1|          11|
    |select_ln15668_fu_263_p3    |    select|   0|  0|   4|           1|           1|
    |ap_enable_pp0               |       xor|   0|  0|   2|           1|           2|
    +----------------------------+----------+----+---+----+------------+------------+
    |Total                       |          |   0|  0| 115|          56|          43|
    +----------------------------+----------+----+---+----+------------+------------+

    * Multiplexer: 
    +---------------------------------------+----+-----------+-----+-----------+
    |                  Name                 | LUT| Input Size| Bits| Total Bits|
    +---------------------------------------+----+-----------+-----+-----------+
    |ap_done_int                            |   9|          2|    1|          2|
    |ap_enable_reg_pp0_iter1                |   9|          2|    1|          2|
    |ap_sig_allocacmp_bj5_load              |   9|          2|    4|          8|
    |ap_sig_allocacmp_bk5_load              |   9|          2|   11|         22|
    |ap_sig_allocacmp_indvar_flatten6_load  |   9|          2|   14|         28|
    |bj5_fu_72                              |   9|          2|    4|          8|
    |bk5_fu_76                              |   9|          2|   11|         22|
    |indvar_flatten6_fu_80                  |   9|          2|   14|         28|
    +---------------------------------------+----+-----------+-----+-----------+
    |Total                                  |  72|         16|   60|        120|
    +---------------------------------------+----+-----------+-----+-----------+

    * Register: 
    +--------------------------+----+----+-----+-----------+
    |           Name           | FF | LUT| Bits| Const Bits|
    +--------------------------+----+----+-----+-----------+
    |ap_CS_fsm                 |   1|   0|    1|          0|
    |ap_done_reg               |   1|   0|    1|          0|
    |ap_enable_reg_pp0_iter1   |   1|   0|    1|          0|
    |bj5_fu_72                 |   4|   0|    4|          0|
    |bk5_fu_76                 |  11|   0|   11|          0|
    |indvar_flatten6_fu_80     |  14|   0|   14|          0|
    |select_ln15668_1_reg_366  |  11|   0|   11|          0|
    |trunc_ln15669_reg_371     |   3|   0|    3|          0|
    +--------------------------+----+----+-----+-----------+
    |Total                     |  46|   0|   46|          0|
    +--------------------------+----+----+-----+-----------+



================================================================
== Interface
================================================================
* Summary: 
+---------------------+-----+-----+------------+----------------------------------------------+--------------+
|      RTL Ports      | Dir | Bits|  Protocol  |                 Source Object                |    C Type    |
+---------------------+-----+-----+------------+----------------------------------------------+--------------+
|ap_clk               |   in|    1|  ap_ctrl_hs|  systolic_YV_Pipeline_l_load_B_tile_bk5_l_bj5|  return value|
|ap_rst               |   in|    1|  ap_ctrl_hs|  systolic_YV_Pipeline_l_load_B_tile_bk5_l_bj5|  return value|
|ap_start             |   in|    1|  ap_ctrl_hs|  systolic_YV_Pipeline_l_load_B_tile_bk5_l_bj5|  return value|
|ap_done              |  out|    1|  ap_ctrl_hs|  systolic_YV_Pipeline_l_load_B_tile_bk5_l_bj5|  return value|
|ap_idle              |  out|    1|  ap_ctrl_hs|  systolic_YV_Pipeline_l_load_B_tile_bk5_l_bj5|  return value|
|ap_ready             |  out|    1|  ap_ctrl_hs|  systolic_YV_Pipeline_l_load_B_tile_bk5_l_bj5|  return value|
|local_B5_address0    |  out|   10|   ap_memory|                                      local_B5|         array|
|local_B5_ce0         |  out|    1|   ap_memory|                                      local_B5|         array|
|local_B5_we0         |  out|    1|   ap_memory|                                      local_B5|         array|
|local_B5_d0          |  out|   32|   ap_memory|                                      local_B5|         array|
|local_B5_1_address0  |  out|   10|   ap_memory|                                    local_B5_1|         array|
|local_B5_1_ce0       |  out|    1|   ap_memory|                                    local_B5_1|         array|
|local_B5_1_we0       |  out|    1|   ap_memory|                                    local_B5_1|         array|
|local_B5_1_d0        |  out|   32|   ap_memory|                                    local_B5_1|         array|
|local_B5_2_address0  |  out|   10|   ap_memory|                                    local_B5_2|         array|
|local_B5_2_ce0       |  out|    1|   ap_memory|                                    local_B5_2|         array|
|local_B5_2_we0       |  out|    1|   ap_memory|                                    local_B5_2|         array|
|local_B5_2_d0        |  out|   32|   ap_memory|                                    local_B5_2|         array|
|local_B5_3_address0  |  out|   10|   ap_memory|                                    local_B5_3|         array|
|local_B5_3_ce0       |  out|    1|   ap_memory|                                    local_B5_3|         array|
|local_B5_3_we0       |  out|    1|   ap_memory|                                    local_B5_3|         array|
|local_B5_3_d0        |  out|   32|   ap_memory|                                    local_B5_3|         array|
|local_B5_4_address0  |  out|   10|   ap_memory|                                    local_B5_4|         array|
|local_B5_4_ce0       |  out|    1|   ap_memory|                                    local_B5_4|         array|
|local_B5_4_we0       |  out|    1|   ap_memory|                                    local_B5_4|         array|
|local_B5_4_d0        |  out|   32|   ap_memory|                                    local_B5_4|         array|
|local_B5_5_address0  |  out|   10|   ap_memory|                                    local_B5_5|         array|
|local_B5_5_ce0       |  out|    1|   ap_memory|                                    local_B5_5|         array|
|local_B5_5_we0       |  out|    1|   ap_memory|                                    local_B5_5|         array|
|local_B5_5_d0        |  out|   32|   ap_memory|                                    local_B5_5|         array|
|local_B5_6_address0  |  out|   10|   ap_memory|                                    local_B5_6|         array|
|local_B5_6_ce0       |  out|    1|   ap_memory|                                    local_B5_6|         array|
|local_B5_6_we0       |  out|    1|   ap_memory|                                    local_B5_6|         array|
|local_B5_6_d0        |  out|   32|   ap_memory|                                    local_B5_6|         array|
|local_B5_7_address0  |  out|   10|   ap_memory|                                    local_B5_7|         array|
|local_B5_7_ce0       |  out|    1|   ap_memory|                                    local_B5_7|         array|
|local_B5_7_we0       |  out|    1|   ap_memory|                                    local_B5_7|         array|
|local_B5_7_d0        |  out|   32|   ap_memory|                                    local_B5_7|         array|
|tmp_10               |   in|    6|     ap_none|                                        tmp_10|        scalar|
|v8546_address0       |  out|   16|   ap_memory|                                         v8546|         array|
|v8546_ce0            |  out|    1|   ap_memory|                                         v8546|         array|
|v8546_q0             |   in|   32|   ap_memory|                                         v8546|         array|
+---------------------+-----+-----+------------+----------------------------------------------+--------------+

