

================================================================
== Vitis HLS Report for 'adaLN_modulate_Pipeline_l_store_C_tile_sj'
================================================================
* Date:           Wed Feb  5 22:35:25 2025

* Version:        2023.2 (Build 4023990 on Oct 11 2023)
* Project:        DitBlock
* Solution:       hls (Vivado IP Flow Target)
* Product family: virtexuplusHBM
* Target device:  xcu280-fsvh2892-2L-e


================================================================
== Performance Estimates
================================================================
+ Timing: 
    * Summary: 
    +--------+----------+----------+------------+
    |  Clock |  Target  | Estimated| Uncertainty|
    +--------+----------+----------+------------+
    |ap_clk  |  10.00 ns|  2.298 ns|     2.70 ns|
    +--------+----------+----------+------------+

+ Latency: 
    * Summary: 
    +---------+---------+----------+----------+-----+-----+---------+
    |  Latency (cycles) |  Latency (absolute) |  Interval | Pipeline|
    |   min   |   max   |    min   |    max   | min | max |   Type  |
    +---------+---------+----------+----------+-----+-----+---------+
    |       10|       10|  0.100 us|  0.100 us|   10|   10|       no|
    +---------+---------+----------+----------+-----+-----+---------+

    + Detail: 
        * Instance: 
        N/A

        * Loop: 
        +---------------------+---------+---------+----------+-----------+-----------+------+----------+
        |                     |  Latency (cycles) | Iteration|  Initiation Interval  | Trip |          |
        |      Loop Name      |   min   |   max   |  Latency |  achieved |   target  | Count| Pipelined|
        +---------------------+---------+---------+----------+-----------+-----------+------+----------+
        |- l_store_C_tile_sj  |        8|        8|         1|          1|          1|     8|       yes|
        +---------------------+---------+---------+----------+-----------+-----------+------+----------+



================================================================
== Utilization Estimates
================================================================
* Summary: 
+---------------------+---------+------+---------+---------+-----+
|         Name        | BRAM_18K|  DSP |    FF   |   LUT   | URAM|
+---------------------+---------+------+---------+---------+-----+
|DSP                  |        -|     -|        -|        -|    -|
|Expression           |        -|     -|        0|       40|    -|
|FIFO                 |        -|     -|        -|        -|    -|
|Instance             |        -|     -|        0|       43|    -|
|Memory               |        -|     -|        -|        -|    -|
|Multiplexer          |        -|     -|        -|       27|    -|
|Register             |        -|     -|        6|        -|    -|
+---------------------+---------+------+---------+---------+-----+
|Total                |        0|     0|        6|      110|    0|
+---------------------+---------+------+---------+---------+-----+
|Available SLR        |     1344|  3008|   869120|   434560|  320|
+---------------------+---------+------+---------+---------+-----+
|Utilization SLR (%)  |        0|     0|       ~0|       ~0|    0|
+---------------------+---------+------+---------+---------+-----+
|Available            |     4032|  9024|  2607360|  1303680|  960|
+---------------------+---------+------+---------+---------+-----+
|Utilization (%)      |        0|     0|       ~0|       ~0|    0|
+---------------------+---------+------+---------+---------+-----+

+ Detail: 
    * Instance: 
    +----------------------------+-----------------------+---------+----+---+----+-----+
    |          Instance          |         Module        | BRAM_18K| DSP| FF| LUT| URAM|
    +----------------------------+-----------------------+---------+----+---+----+-----+
    |sparsemux_17_3_32_1_1_U159  |sparsemux_17_3_32_1_1  |        0|   0|  0|  43|    0|
    +----------------------------+-----------------------+---------+----+---+----+-----+
    |Total                       |                       |        0|   0|  0|  43|    0|
    +----------------------------+-----------------------+---------+----+---+----+-----+

    * DSP: 
    N/A

    * Memory: 
    N/A

    * FIFO: 
    N/A

    * Expression: 
    +----------------------+----------+----+---+----+------------+------------+
    |     Variable Name    | Operation| DSP| FF| LUT| Bitwidth P0| Bitwidth P1|
    +----------------------+----------+----+---+----+------------+------------+
    |add_ln444_fu_153_p2   |         +|   0|  0|  12|           4|           1|
    |empty_fu_167_p2       |         +|   0|  0|  16|           9|           9|
    |icmp_ln444_fu_147_p2  |      icmp|   0|  0|  12|           4|           5|
    +----------------------+----------+----+---+----+------------+------------+
    |Total                 |          |   0|  0|  40|          17|          15|
    +----------------------+----------+----+---+----+------------+------------+

    * Multiplexer: 
    +-----------------------+----+-----------+-----+-----------+
    |          Name         | LUT| Input Size| Bits| Total Bits|
    +-----------------------+----+-----------+-----+-----------+
    |ap_done_int            |   9|          2|    1|          2|
    |ap_sig_allocacmp_sj_1  |   9|          2|    4|          8|
    |sj_fu_68               |   9|          2|    4|          8|
    +-----------------------+----+-----------+-----+-----------+
    |Total                  |  27|          6|    9|         18|
    +-----------------------+----+-----------+-----+-----------+

    * Register: 
    +-------------+---+----+-----+-----------+
    |     Name    | FF| LUT| Bits| Const Bits|
    +-------------+---+----+-----+-----------+
    |ap_CS_fsm    |  1|   0|    1|          0|
    |ap_done_reg  |  1|   0|    1|          0|
    |sj_fu_68     |  4|   0|    4|          0|
    +-------------+---+----+-----+-----------+
    |Total        |  6|   0|    6|          0|
    +-------------+---+----+-----+-----------+



================================================================
== Interface
================================================================
* Summary: 
+------------------+-----+-----+------------+-------------------------------------------+--------------+
|     RTL Ports    | Dir | Bits|  Protocol  |               Source Object               |    C Type    |
+------------------+-----+-----+------------+-------------------------------------------+--------------+
|ap_clk            |   in|    1|  ap_ctrl_hs|  adaLN_modulate_Pipeline_l_store_C_tile_sj|  return value|
|ap_rst            |   in|    1|  ap_ctrl_hs|  adaLN_modulate_Pipeline_l_store_C_tile_sj|  return value|
|ap_start          |   in|    1|  ap_ctrl_hs|  adaLN_modulate_Pipeline_l_store_C_tile_sj|  return value|
|ap_done           |  out|    1|  ap_ctrl_hs|  adaLN_modulate_Pipeline_l_store_C_tile_sj|  return value|
|ap_idle           |  out|    1|  ap_ctrl_hs|  adaLN_modulate_Pipeline_l_store_C_tile_sj|  return value|
|ap_ready          |  out|    1|  ap_ctrl_hs|  adaLN_modulate_Pipeline_l_store_C_tile_sj|  return value|
|tmp_104           |   in|    9|     ap_none|                                    tmp_104|        scalar|
|local_C_0_load    |   in|   32|     ap_none|                             local_C_0_load|        scalar|
|local_C_0_1_load  |   in|   32|     ap_none|                           local_C_0_1_load|        scalar|
|local_C_0_2_load  |   in|   32|     ap_none|                           local_C_0_2_load|        scalar|
|local_C_0_3_load  |   in|   32|     ap_none|                           local_C_0_3_load|        scalar|
|local_C_0_4_load  |   in|   32|     ap_none|                           local_C_0_4_load|        scalar|
|local_C_0_5_load  |   in|   32|     ap_none|                           local_C_0_5_load|        scalar|
|local_C_0_6_load  |   in|   32|     ap_none|                           local_C_0_6_load|        scalar|
|local_C_0_7_load  |   in|   32|     ap_none|                           local_C_0_7_load|        scalar|
|Y_0_address0      |  out|    9|   ap_memory|                                        Y_0|         array|
|Y_0_ce0           |  out|    1|   ap_memory|                                        Y_0|         array|
|Y_0_we0           |  out|    1|   ap_memory|                                        Y_0|         array|
|Y_0_d0            |  out|   32|   ap_memory|                                        Y_0|         array|
+------------------+-----+-----+------------+-------------------------------------------+--------------+

============================================================
+ Verbose Summary: Synthesis Manager
============================================================
InlineROM: 1
ExposeGlobal: 0
============================================================
+ Verbose Summary: CDFG Model
============================================================
IsTopModel: 0
ResetActiveHigh: 1
IsCombinational: 2
IsDatapathOnly: 2
HasWiredReturn: 1
HasMFsm: 2
HasVarLatency: 1
IsPipeline: 0
IsRtlPipelined: 0
IsInstanceOverlapped: 0
IsDontTouch: 0
HasImplIP: 0
IsGatedGlobalClock: 0

+ Individual pipeline summary: 
  * Pipeline-0: initiation interval (II) = 1, depth = 1


============================================================
+ Verbose Summary: Schedule
============================================================
* Number of FSM states : 1
* Pipeline : 1
  Pipeline-0 : II = 1, D = 1, States = { 1 }
* Dataflow Pipeline: 0

* FSM state transitions: 
1 --> 

* FSM state operations: 

State 1 <SV = 0> <Delay = 2.29>
ST_1 : Operation 4 [1/1] (0.00ns)   --->   "%sj = alloca i32 1" [/home/silvenchen/Desktop/DitBlock/WorkDCT/DitBlock/kernel.cpp:444->/home/silvenchen/Desktop/DitBlock/WorkDCT/DitBlock/kernel.cpp:527]   --->   Operation 4 'alloca' 'sj' <Predicate = true> <Delay = 0.00>
ST_1 : Operation 5 [1/1] (0.00ns)   --->   "%local_C_0_7_load_read = read i32 @_ssdm_op_Read.ap_auto.float, i32 %local_C_0_7_load"   --->   Operation 5 'read' 'local_C_0_7_load_read' <Predicate = true> <Delay = 0.00>
ST_1 : Operation 6 [1/1] (0.00ns)   --->   "%local_C_0_6_load_read = read i32 @_ssdm_op_Read.ap_auto.float, i32 %local_C_0_6_load"   --->   Operation 6 'read' 'local_C_0_6_load_read' <Predicate = true> <Delay = 0.00>
ST_1 : Operation 7 [1/1] (0.00ns)   --->   "%local_C_0_5_load_read = read i32 @_ssdm_op_Read.ap_auto.float, i32 %local_C_0_5_load"   --->   Operation 7 'read' 'local_C_0_5_load_read' <Predicate = true> <Delay = 0.00>
ST_1 : Operation 8 [1/1] (0.00ns)   --->   "%local_C_0_4_load_read = read i32 @_ssdm_op_Read.ap_auto.float, i32 %local_C_0_4_load"   --->   Operation 8 'read' 'local_C_0_4_load_read' <Predicate = true> <Delay = 0.00>
ST_1 : Operation 9 [1/1] (0.00ns)   --->   "%local_C_0_3_load_read = read i32 @_ssdm_op_Read.ap_auto.float, i32 %local_C_0_3_load"   --->   Operation 9 'read' 'local_C_0_3_load_read' <Predicate = true> <Delay = 0.00>
ST_1 : Operation 10 [1/1] (0.00ns)   --->   "%local_C_0_2_load_read = read i32 @_ssdm_op_Read.ap_auto.float, i32 %local_C_0_2_load"   --->   Operation 10 'read' 'local_C_0_2_load_read' <Predicate = true> <Delay = 0.00>
ST_1 : Operation 11 [1/1] (0.00ns)   --->   "%local_C_0_1_load_read = read i32 @_ssdm_op_Read.ap_auto.float, i32 %local_C_0_1_load"   --->   Operation 11 'read' 'local_C_0_1_load_read' <Predicate = true> <Delay = 0.00>
ST_1 : Operation 12 [1/1] (0.00ns)   --->   "%local_C_0_load_read = read i32 @_ssdm_op_Read.ap_auto.float, i32 %local_C_0_load"   --->   Operation 12 'read' 'local_C_0_load_read' <Predicate = true> <Delay = 0.00>
ST_1 : Operation 13 [1/1] (0.00ns)   --->   "%tmp_104_read = read i9 @_ssdm_op_Read.ap_auto.i9, i9 %tmp_104"   --->   Operation 13 'read' 'tmp_104_read' <Predicate = true> <Delay = 0.00>
ST_1 : Operation 14 [1/1] (0.38ns)   --->   "%store_ln444 = store i4 0, i4 %sj" [/home/silvenchen/Desktop/DitBlock/WorkDCT/DitBlock/kernel.cpp:444->/home/silvenchen/Desktop/DitBlock/WorkDCT/DitBlock/kernel.cpp:527]   --->   Operation 14 'store' 'store_ln444' <Predicate = true> <Delay = 0.38>
ST_1 : Operation 15 [1/1] (0.00ns)   --->   "%br_ln0 = br void %l_si.i"   --->   Operation 15 'br' 'br_ln0' <Predicate = true> <Delay = 0.00>
ST_1 : Operation 16 [1/1] (0.00ns)   --->   "%sj_1 = load i4 %sj" [/home/silvenchen/Desktop/DitBlock/WorkDCT/DitBlock/kernel.cpp:444->/home/silvenchen/Desktop/DitBlock/WorkDCT/DitBlock/kernel.cpp:527]   --->   Operation 16 'load' 'sj_1' <Predicate = true> <Delay = 0.00>
ST_1 : Operation 17 [1/1] (0.70ns)   --->   "%icmp_ln444 = icmp_eq  i4 %sj_1, i4 8" [/home/silvenchen/Desktop/DitBlock/WorkDCT/DitBlock/kernel.cpp:444->/home/silvenchen/Desktop/DitBlock/WorkDCT/DitBlock/kernel.cpp:527]   --->   Operation 17 'icmp' 'icmp_ln444' <Predicate = true> <Delay = 0.70> <CoreInst = "Cmp">   --->   Core 9 'Cmp' <Latency = 0> <II = 1> <Delay = 0.70> <FuncUnit> <Opcode : 'icmp'> <InPorts = 2> <OutPorts = 1>
ST_1 : Operation 18 [1/1] (0.70ns)   --->   "%add_ln444 = add i4 %sj_1, i4 1" [/home/silvenchen/Desktop/DitBlock/WorkDCT/DitBlock/kernel.cpp:444->/home/silvenchen/Desktop/DitBlock/WorkDCT/DitBlock/kernel.cpp:527]   --->   Operation 18 'add' 'add_ln444' <Predicate = true> <Delay = 0.70> <CoreInst = "Adder">   --->   Core 1 'Adder' <Latency = 0> <II = 1> <Delay = 0.70> <FuncUnit> <Opcode : 'add' 'sub'> <InPorts = 2> <OutPorts = 1>
ST_1 : Operation 19 [1/1] (0.00ns)   --->   "%br_ln444 = br i1 %icmp_ln444, void %l_si.i.split, void %for.inc72.i.exitStub" [/home/silvenchen/Desktop/DitBlock/WorkDCT/DitBlock/kernel.cpp:444->/home/silvenchen/Desktop/DitBlock/WorkDCT/DitBlock/kernel.cpp:527]   --->   Operation 19 'br' 'br_ln444' <Predicate = true> <Delay = 0.00>
ST_1 : Operation 20 [1/1] (0.00ns)   --->   "%zext_ln444 = zext i4 %sj_1" [/home/silvenchen/Desktop/DitBlock/WorkDCT/DitBlock/kernel.cpp:444->/home/silvenchen/Desktop/DitBlock/WorkDCT/DitBlock/kernel.cpp:527]   --->   Operation 20 'zext' 'zext_ln444' <Predicate = (!icmp_ln444)> <Delay = 0.00>
ST_1 : Operation 21 [1/1] (0.00ns)   --->   "%specpipeline_ln445 = specpipeline void @_ssdm_op_SpecPipeline, i32 1, i32 0, i32 0, i32 0, void @empty_219" [/home/silvenchen/Desktop/DitBlock/WorkDCT/DitBlock/kernel.cpp:445->/home/silvenchen/Desktop/DitBlock/WorkDCT/DitBlock/kernel.cpp:527]   --->   Operation 21 'specpipeline' 'specpipeline_ln445' <Predicate = (!icmp_ln444)> <Delay = 0.00>
ST_1 : Operation 22 [1/1] (0.00ns)   --->   "%speclooptripcount_ln444 = speclooptripcount void @_ssdm_op_SpecLoopTripCount, i64 8, i64 8, i64 8" [/home/silvenchen/Desktop/DitBlock/WorkDCT/DitBlock/kernel.cpp:444->/home/silvenchen/Desktop/DitBlock/WorkDCT/DitBlock/kernel.cpp:527]   --->   Operation 22 'speclooptripcount' 'speclooptripcount_ln444' <Predicate = (!icmp_ln444)> <Delay = 0.00>
ST_1 : Operation 23 [1/1] (0.00ns)   --->   "%specloopname_ln444 = specloopname void @_ssdm_op_SpecLoopName, void @empty_226" [/home/silvenchen/Desktop/DitBlock/WorkDCT/DitBlock/kernel.cpp:444->/home/silvenchen/Desktop/DitBlock/WorkDCT/DitBlock/kernel.cpp:527]   --->   Operation 23 'specloopname' 'specloopname_ln444' <Predicate = (!icmp_ln444)> <Delay = 0.00>
ST_1 : Operation 24 [1/1] (0.00ns)   --->   "%trunc_ln444 = trunc i4 %sj_1" [/home/silvenchen/Desktop/DitBlock/WorkDCT/DitBlock/kernel.cpp:444->/home/silvenchen/Desktop/DitBlock/WorkDCT/DitBlock/kernel.cpp:527]   --->   Operation 24 'trunc' 'trunc_ln444' <Predicate = (!icmp_ln444)> <Delay = 0.00>
ST_1 : Operation 25 [1/1] (0.71ns)   --->   "%empty = add i9 %tmp_104_read, i9 %zext_ln444" [/home/silvenchen/Desktop/DitBlock/WorkDCT/DitBlock/kernel.cpp:444->/home/silvenchen/Desktop/DitBlock/WorkDCT/DitBlock/kernel.cpp:527]   --->   Operation 25 'add' 'empty' <Predicate = (!icmp_ln444)> <Delay = 0.71> <CoreInst = "Adder">   --->   Core 1 'Adder' <Latency = 0> <II = 1> <Delay = 0.71> <FuncUnit> <Opcode : 'add' 'sub'> <InPorts = 2> <OutPorts = 1>
ST_1 : Operation 26 [1/1] (0.00ns)   --->   "%zext_ln447 = zext i9 %empty" [/home/silvenchen/Desktop/DitBlock/WorkDCT/DitBlock/kernel.cpp:447->/home/silvenchen/Desktop/DitBlock/WorkDCT/DitBlock/kernel.cpp:527]   --->   Operation 26 'zext' 'zext_ln447' <Predicate = (!icmp_ln444)> <Delay = 0.00>
ST_1 : Operation 27 [1/1] (0.58ns)   --->   "%v235 = sparsemux i32 @_ssdm_op_SparseMux.ap_auto.8f32.f32.i3, i3 0, i32 %local_C_0_load_read, i3 1, i32 %local_C_0_1_load_read, i3 2, i32 %local_C_0_2_load_read, i3 3, i32 %local_C_0_3_load_read, i3 4, i32 %local_C_0_4_load_read, i3 5, i32 %local_C_0_5_load_read, i3 6, i32 %local_C_0_6_load_read, i3 7, i32 %local_C_0_7_load_read, i32 <undef>, i3 %trunc_ln444" [/home/silvenchen/Desktop/DitBlock/WorkDCT/DitBlock/kernel.cpp:447->/home/silvenchen/Desktop/DitBlock/WorkDCT/DitBlock/kernel.cpp:527]   --->   Operation 27 'sparsemux' 'v235' <Predicate = (!icmp_ln444)> <Delay = 0.58> <CoreInst = "SparseMux">   --->   Core 147 'SparseMux' <Latency = 0> <II = 1> <Delay = 0.58> <FuncUnit> <Opcode : 'sparsemux'> <InPorts = 2> <OutPorts = 1>
ST_1 : Operation 28 [1/1] (0.00ns)   --->   "%Y_0_addr = getelementptr i32 %Y_0, i64 0, i64 %zext_ln447" [/home/silvenchen/Desktop/DitBlock/WorkDCT/DitBlock/kernel.cpp:448->/home/silvenchen/Desktop/DitBlock/WorkDCT/DitBlock/kernel.cpp:527]   --->   Operation 28 'getelementptr' 'Y_0_addr' <Predicate = (!icmp_ln444)> <Delay = 0.00>
ST_1 : Operation 29 [1/1] (1.19ns)   --->   "%store_ln448 = store i32 %v235, i9 %Y_0_addr" [/home/silvenchen/Desktop/DitBlock/WorkDCT/DitBlock/kernel.cpp:448->/home/silvenchen/Desktop/DitBlock/WorkDCT/DitBlock/kernel.cpp:527]   --->   Operation 29 'store' 'store_ln448' <Predicate = (!icmp_ln444)> <Delay = 1.19> <CoreInst = "RAM">   --->   Core 83 'RAM' <Latency = 1> <II = 1> <Delay = 1.19> <Storage> <Opcode : 'load' 'store'> <Ports = 2> <Width = 32> <Depth = 512> <RAM>
ST_1 : Operation 30 [1/1] (0.38ns)   --->   "%store_ln444 = store i4 %add_ln444, i4 %sj" [/home/silvenchen/Desktop/DitBlock/WorkDCT/DitBlock/kernel.cpp:444->/home/silvenchen/Desktop/DitBlock/WorkDCT/DitBlock/kernel.cpp:527]   --->   Operation 30 'store' 'store_ln444' <Predicate = (!icmp_ln444)> <Delay = 0.38>
ST_1 : Operation 31 [1/1] (0.00ns)   --->   "%br_ln444 = br void %l_si.i" [/home/silvenchen/Desktop/DitBlock/WorkDCT/DitBlock/kernel.cpp:444->/home/silvenchen/Desktop/DitBlock/WorkDCT/DitBlock/kernel.cpp:527]   --->   Operation 31 'br' 'br_ln444' <Predicate = (!icmp_ln444)> <Delay = 0.00>
ST_1 : Operation 32 [1/1] (0.00ns)   --->   "%ret_ln0 = ret"   --->   Operation 32 'ret' 'ret_ln0' <Predicate = (icmp_ln444)> <Delay = 0.00>


============================================================
+ Verbose Summary: Binding
============================================================
STG Binding: 
---------------- STG Properties BEGIN ----------------
- Is combinational: 0
- Is one-state seq: 0
- Is datapath-only: 0
- Is pipelined: 0
- Is top level: 0
Port [ Return ] is wired: 1; IO mode=ap_ctrl_hs:ce=0
Port [ tmp_104]:  wired=1; compound=0; hidden=0; nouse=0; global=0; static=0; extern=0; dir=0; type=0; pingpong=0; private_global=0; IO mode=ap_none:ce=0
Port [ local_C_0_load]:  wired=1; compound=0; hidden=0; nouse=0; global=0; static=0; extern=0; dir=0; type=0; pingpong=0; private_global=0; IO mode=ap_none:ce=0
Port [ local_C_0_1_load]:  wired=1; compound=0; hidden=0; nouse=0; global=0; static=0; extern=0; dir=0; type=0; pingpong=0; private_global=0; IO mode=ap_none:ce=0
Port [ local_C_0_2_load]:  wired=1; compound=0; hidden=0; nouse=0; global=0; static=0; extern=0; dir=0; type=0; pingpong=0; private_global=0; IO mode=ap_none:ce=0
Port [ local_C_0_3_load]:  wired=1; compound=0; hidden=0; nouse=0; global=0; static=0; extern=0; dir=0; type=0; pingpong=0; private_global=0; IO mode=ap_none:ce=0
Port [ local_C_0_4_load]:  wired=1; compound=0; hidden=0; nouse=0; global=0; static=0; extern=0; dir=0; type=0; pingpong=0; private_global=0; IO mode=ap_none:ce=0
Port [ local_C_0_5_load]:  wired=1; compound=0; hidden=0; nouse=0; global=0; static=0; extern=0; dir=0; type=0; pingpong=0; private_global=0; IO mode=ap_none:ce=0
Port [ local_C_0_6_load]:  wired=1; compound=0; hidden=0; nouse=0; global=0; static=0; extern=0; dir=0; type=0; pingpong=0; private_global=0; IO mode=ap_none:ce=0
Port [ local_C_0_7_load]:  wired=1; compound=0; hidden=0; nouse=0; global=0; static=0; extern=0; dir=0; type=0; pingpong=0; private_global=0; IO mode=ap_none:ce=0
Port [ Y_0]:  wired=1; compound=1; hidden=0; nouse=0; global=0; static=0; extern=0; dir=1; type=1; pingpong=0; private_global=0; MemPort=[03]; IO mode=ap_memory:ce=0
---------------- STG Properties END ------------------

---------------- Datapath Model BEGIN ----------------

<LifeTime>
<method=bitvector/>
sj                      (alloca           ) [ 01]
local_C_0_7_load_read   (read             ) [ 00]
local_C_0_6_load_read   (read             ) [ 00]
local_C_0_5_load_read   (read             ) [ 00]
local_C_0_4_load_read   (read             ) [ 00]
local_C_0_3_load_read   (read             ) [ 00]
local_C_0_2_load_read   (read             ) [ 00]
local_C_0_1_load_read   (read             ) [ 00]
local_C_0_load_read     (read             ) [ 00]
tmp_104_read            (read             ) [ 00]
store_ln444             (store            ) [ 00]
br_ln0                  (br               ) [ 00]
sj_1                    (load             ) [ 00]
icmp_ln444              (icmp             ) [ 01]
add_ln444               (add              ) [ 00]
br_ln444                (br               ) [ 00]
zext_ln444              (zext             ) [ 00]
specpipeline_ln445      (specpipeline     ) [ 00]
speclooptripcount_ln444 (speclooptripcount) [ 00]
specloopname_ln444      (specloopname     ) [ 00]
trunc_ln444             (trunc            ) [ 00]
empty                   (add              ) [ 00]
zext_ln447              (zext             ) [ 00]
v235                    (sparsemux        ) [ 00]
Y_0_addr                (getelementptr    ) [ 00]
store_ln448             (store            ) [ 00]
store_ln444             (store            ) [ 00]
br_ln444                (br               ) [ 00]
ret_ln0                 (ret              ) [ 00]
</LifeTime>

<model>

<comp_list>
<comp id="0" class="1000" name="tmp_104">
<pin_list>
<pin id="1" dir="1" index="0" bw="1" slack="0"/>
</pin_list>
<bind>
<StgValue><ssdm name="tmp_104"/></StgValue>
</bind>
</comp>

<comp id="2" class="1000" name="local_C_0_load">
<pin_list>
<pin id="3" dir="1" index="0" bw="1" slack="0"/>
</pin_list>
<bind>
<StgValue><ssdm name="local_C_0_load"/></StgValue>
</bind>
</comp>

<comp id="4" class="1000" name="local_C_0_1_load">
<pin_list>
<pin id="5" dir="1" index="0" bw="1" slack="0"/>
</pin_list>
<bind>
<StgValue><ssdm name="local_C_0_1_load"/></StgValue>
</bind>
</comp>

<comp id="6" class="1000" name="local_C_0_2_load">
<pin_list>
<pin id="7" dir="1" index="0" bw="1" slack="0"/>
</pin_list>
<bind>
<StgValue><ssdm name="local_C_0_2_load"/></StgValue>
</bind>
</comp>

<comp id="8" class="1000" name="local_C_0_3_load">
<pin_list>
<pin id="9" dir="1" index="0" bw="1" slack="0"/>
</pin_list>
<bind>
<StgValue><ssdm name="local_C_0_3_load"/></StgValue>
</bind>
</comp>

<comp id="10" class="1000" name="local_C_0_4_load">
<pin_list>
<pin id="11" dir="1" index="0" bw="1" slack="0"/>
</pin_list>
<bind>
<StgValue><ssdm name="local_C_0_4_load"/></StgValue>
</bind>
</comp>

<comp id="12" class="1000" name="local_C_0_5_load">
<pin_list>
<pin id="13" dir="1" index="0" bw="1" slack="0"/>
</pin_list>
<bind>
<StgValue><ssdm name="local_C_0_5_load"/></StgValue>
</bind>
</comp>

<comp id="14" class="1000" name="local_C_0_6_load">
<pin_list>
<pin id="15" dir="1" index="0" bw="1" slack="0"/>
</pin_list>
<bind>
<StgValue><ssdm name="local_C_0_6_load"/></StgValue>
</bind>
</comp>

<comp id="16" class="1000" name="local_C_0_7_load">
<pin_list>
<pin id="17" dir="1" index="0" bw="1" slack="0"/>
</pin_list>
<bind>
<StgValue><ssdm name="local_C_0_7_load"/></StgValue>
</bind>
</comp>

<comp id="18" class="1000" name="Y_0">
<pin_list>
<pin id="19" dir="1" index="0" bw="1" slack="0"/>
</pin_list>
<bind>
<StgValue><ssdm name="Y_0"/><MemPortTyVec>0 3 </MemPortTyVec>
</StgValue>
</bind>
</comp>

<comp id="20" class="1001" name="const_20">
<pin_list>
<pin id="21" dir="1" index="0" bw="1" slack="0"/>
</pin_list>
<bind>
<StgValue><ssdm name=""/></StgValue>
</bind>
</comp>

<comp id="22" class="1001" name="const_22">
<pin_list>
<pin id="23" dir="1" index="0" bw="1" slack="0"/>
</pin_list>
<bind>
<StgValue><ssdm name="_ssdm_op_Read.ap_auto.float"/></StgValue>
</bind>
</comp>

<comp id="24" class="1001" name="const_24">
<pin_list>
<pin id="25" dir="1" index="0" bw="1" slack="0"/>
</pin_list>
<bind>
<StgValue><ssdm name="_ssdm_op_Read.ap_auto.i9"/></StgValue>
</bind>
</comp>

<comp id="26" class="1001" name="const_26">
<pin_list>
<pin id="27" dir="1" index="0" bw="1" slack="0"/>
</pin_list>
<bind>
<StgValue><ssdm name=""/></StgValue>
</bind>
</comp>

<comp id="28" class="1001" name="const_28">
<pin_list>
<pin id="29" dir="1" index="0" bw="1" slack="0"/>
</pin_list>
<bind>
<StgValue><ssdm name=""/></StgValue>
</bind>
</comp>

<comp id="30" class="1001" name="const_30">
<pin_list>
<pin id="31" dir="1" index="0" bw="1" slack="0"/>
</pin_list>
<bind>
<StgValue><ssdm name=""/></StgValue>
</bind>
</comp>

<comp id="32" class="1001" name="const_32">
<pin_list>
<pin id="33" dir="1" index="0" bw="1" slack="2147483647"/>
</pin_list>
<bind>
<StgValue><ssdm name="_ssdm_op_SpecPipeline"/></StgValue>
</bind>
</comp>

<comp id="34" class="1001" name="const_34">
<pin_list>
<pin id="35" dir="1" index="0" bw="1" slack="2147483647"/>
</pin_list>
<bind>
<StgValue><ssdm name=""/></StgValue>
</bind>
</comp>

<comp id="36" class="1001" name="const_36">
<pin_list>
<pin id="37" dir="1" index="0" bw="1" slack="2147483647"/>
</pin_list>
<bind>
<StgValue><ssdm name="empty_219"/></StgValue>
</bind>
</comp>

<comp id="38" class="1001" name="const_38">
<pin_list>
<pin id="39" dir="1" index="0" bw="1" slack="2147483647"/>
</pin_list>
<bind>
<StgValue><ssdm name="_ssdm_op_SpecLoopTripCount"/></StgValue>
</bind>
</comp>

<comp id="40" class="1001" name="const_40">
<pin_list>
<pin id="41" dir="1" index="0" bw="1" slack="2147483647"/>
</pin_list>
<bind>
<StgValue><ssdm name=""/></StgValue>
</bind>
</comp>

<comp id="42" class="1001" name="const_42">
<pin_list>
<pin id="43" dir="1" index="0" bw="1" slack="2147483647"/>
</pin_list>
<bind>
<StgValue><ssdm name="_ssdm_op_SpecLoopName"/></StgValue>
</bind>
</comp>

<comp id="44" class="1001" name="const_44">
<pin_list>
<pin id="45" dir="1" index="0" bw="1" slack="2147483647"/>
</pin_list>
<bind>
<StgValue><ssdm name="empty_226"/></StgValue>
</bind>
</comp>

<comp id="46" class="1001" name="const_46">
<pin_list>
<pin id="47" dir="1" index="0" bw="1" slack="0"/>
</pin_list>
<bind>
<StgValue><ssdm name="_ssdm_op_SparseMux.ap_auto.8f32.f32.i3"/></StgValue>
</bind>
</comp>

<comp id="48" class="1001" name="const_48">
<pin_list>
<pin id="49" dir="1" index="0" bw="1" slack="0"/>
</pin_list>
<bind>
<StgValue><ssdm name=""/></StgValue>
</bind>
</comp>

<comp id="50" class="1001" name="const_50">
<pin_list>
<pin id="51" dir="1" index="0" bw="1" slack="0"/>
</pin_list>
<bind>
<StgValue><ssdm name=""/></StgValue>
</bind>
</comp>

<comp id="52" class="1001" name="const_52">
<pin_list>
<pin id="53" dir="1" index="0" bw="1" slack="0"/>
</pin_list>
<bind>
<StgValue><ssdm name=""/></StgValue>
</bind>
</comp>

<comp id="54" class="1001" name="const_54">
<pin_list>
<pin id="55" dir="1" index="0" bw="1" slack="0"/>
</pin_list>
<bind>
<StgValue><ssdm name=""/></StgValue>
</bind>
</comp>

<comp id="56" class="1001" name="const_56">
<pin_list>
<pin id="57" dir="1" index="0" bw="1" slack="0"/>
</pin_list>
<bind>
<StgValue><ssdm name=""/></StgValue>
</bind>
</comp>

<comp id="58" class="1001" name="const_58">
<pin_list>
<pin id="59" dir="1" index="0" bw="1" slack="0"/>
</pin_list>
<bind>
<StgValue><ssdm name=""/></StgValue>
</bind>
</comp>

<comp id="60" class="1001" name="const_60">
<pin_list>
<pin id="61" dir="1" index="0" bw="1" slack="0"/>
</pin_list>
<bind>
<StgValue><ssdm name=""/></StgValue>
</bind>
</comp>

<comp id="62" class="1001" name="const_62">
<pin_list>
<pin id="63" dir="1" index="0" bw="1" slack="0"/>
</pin_list>
<bind>
<StgValue><ssdm name=""/></StgValue>
</bind>
</comp>

<comp id="64" class="1001" name="const_64">
<pin_list>
<pin id="65" dir="1" index="0" bw="1" slack="0"/>
</pin_list>
<bind>
<StgValue><ssdm name=""/></StgValue>
</bind>
</comp>

<comp id="66" class="1001" name="const_66">
<pin_list>
<pin id="67" dir="1" index="0" bw="1" slack="0"/>
</pin_list>
<bind>
<StgValue><ssdm name=""/></StgValue>
</bind>
</comp>

<comp id="68" class="1004" name="sj_fu_68">
<pin_list>
<pin id="69" dir="0" index="0" bw="1" slack="0"/>
<pin id="70" dir="1" index="1" bw="4" slack="0"/>
</pin_list>
<bind>
<opcode="alloca(26) " fcode="alloca"/>
<opset="sj/1 "/>
</bind>
</comp>

<comp id="72" class="1004" name="local_C_0_7_load_read_read_fu_72">
<pin_list>
<pin id="73" dir="0" index="0" bw="32" slack="0"/>
<pin id="74" dir="0" index="1" bw="32" slack="0"/>
<pin id="75" dir="1" index="2" bw="32" slack="0"/>
</pin_list>
<bind>
<opcode="read(1150) " fcode="read"/>
<opset="local_C_0_7_load_read/1 "/>
</bind>
</comp>

<comp id="78" class="1004" name="local_C_0_6_load_read_read_fu_78">
<pin_list>
<pin id="79" dir="0" index="0" bw="32" slack="0"/>
<pin id="80" dir="0" index="1" bw="32" slack="0"/>
<pin id="81" dir="1" index="2" bw="32" slack="0"/>
</pin_list>
<bind>
<opcode="read(1150) " fcode="read"/>
<opset="local_C_0_6_load_read/1 "/>
</bind>
</comp>

<comp id="84" class="1004" name="local_C_0_5_load_read_read_fu_84">
<pin_list>
<pin id="85" dir="0" index="0" bw="32" slack="0"/>
<pin id="86" dir="0" index="1" bw="32" slack="0"/>
<pin id="87" dir="1" index="2" bw="32" slack="0"/>
</pin_list>
<bind>
<opcode="read(1150) " fcode="read"/>
<opset="local_C_0_5_load_read/1 "/>
</bind>
</comp>

<comp id="90" class="1004" name="local_C_0_4_load_read_read_fu_90">
<pin_list>
<pin id="91" dir="0" index="0" bw="32" slack="0"/>
<pin id="92" dir="0" index="1" bw="32" slack="0"/>
<pin id="93" dir="1" index="2" bw="32" slack="0"/>
</pin_list>
<bind>
<opcode="read(1150) " fcode="read"/>
<opset="local_C_0_4_load_read/1 "/>
</bind>
</comp>

<comp id="96" class="1004" name="local_C_0_3_load_read_read_fu_96">
<pin_list>
<pin id="97" dir="0" index="0" bw="32" slack="0"/>
<pin id="98" dir="0" index="1" bw="32" slack="0"/>
<pin id="99" dir="1" index="2" bw="32" slack="0"/>
</pin_list>
<bind>
<opcode="read(1150) " fcode="read"/>
<opset="local_C_0_3_load_read/1 "/>
</bind>
</comp>

<comp id="102" class="1004" name="local_C_0_2_load_read_read_fu_102">
<pin_list>
<pin id="103" dir="0" index="0" bw="32" slack="0"/>
<pin id="104" dir="0" index="1" bw="32" slack="0"/>
<pin id="105" dir="1" index="2" bw="32" slack="0"/>
</pin_list>
<bind>
<opcode="read(1150) " fcode="read"/>
<opset="local_C_0_2_load_read/1 "/>
</bind>
</comp>

<comp id="108" class="1004" name="local_C_0_1_load_read_read_fu_108">
<pin_list>
<pin id="109" dir="0" index="0" bw="32" slack="0"/>
<pin id="110" dir="0" index="1" bw="32" slack="0"/>
<pin id="111" dir="1" index="2" bw="32" slack="0"/>
</pin_list>
<bind>
<opcode="read(1150) " fcode="read"/>
<opset="local_C_0_1_load_read/1 "/>
</bind>
</comp>

<comp id="114" class="1004" name="local_C_0_load_read_read_fu_114">
<pin_list>
<pin id="115" dir="0" index="0" bw="32" slack="0"/>
<pin id="116" dir="0" index="1" bw="32" slack="0"/>
<pin id="117" dir="1" index="2" bw="32" slack="0"/>
</pin_list>
<bind>
<opcode="read(1150) " fcode="read"/>
<opset="local_C_0_load_read/1 "/>
</bind>
</comp>

<comp id="120" class="1004" name="tmp_104_read_read_fu_120">
<pin_list>
<pin id="121" dir="0" index="0" bw="9" slack="0"/>
<pin id="122" dir="0" index="1" bw="9" slack="0"/>
<pin id="123" dir="1" index="2" bw="9" slack="0"/>
</pin_list>
<bind>
<opcode="read(1150) " fcode="read"/>
<opset="tmp_104_read/1 "/>
</bind>
</comp>

<comp id="126" class="1004" name="Y_0_addr_gep_fu_126">
<pin_list>
<pin id="127" dir="0" index="0" bw="32" slack="0"/>
<pin id="128" dir="0" index="1" bw="1" slack="0"/>
<pin id="129" dir="0" index="2" bw="9" slack="0"/>
<pin id="130" dir="1" index="3" bw="9" slack="0"/>
</pin_list>
<bind>
<opcode="getelementptr(29) " fcode="getelementptr"/>
<opset="Y_0_addr/1 "/>
</bind>
</comp>

<comp id="133" class="1004" name="store_ln448_access_fu_133">
<pin_list>
<pin id="134" dir="0" index="0" bw="9" slack="0"/>
<pin id="135" dir="0" index="1" bw="32" slack="0"/>
<pin id="136" dir="0" index="2" bw="0" slack="2147483647"/>
<pin id="137" dir="1" index="3" bw="32" slack="2147483647"/>
</pin_list>
<bind>
<opcode="store(28) " fcode="store"/>
<opset="store_ln448/1 "/>
</bind>
</comp>

<comp id="139" class="1004" name="store_ln444_store_fu_139">
<pin_list>
<pin id="140" dir="0" index="0" bw="1" slack="0"/>
<pin id="141" dir="0" index="1" bw="4" slack="0"/>
<pin id="142" dir="1" index="2" bw="0" slack="2147483647"/>
</pin_list>
<bind>
<opcode="store(28) " fcode="store"/>
<opset="store_ln444/1 "/>
</bind>
</comp>

<comp id="144" class="1004" name="sj_1_load_fu_144">
<pin_list>
<pin id="145" dir="0" index="0" bw="4" slack="0"/>
<pin id="146" dir="1" index="1" bw="4" slack="0"/>
</pin_list>
<bind>
<opcode="load(27) " fcode="load"/>
<opset="sj_1/1 "/>
</bind>
</comp>

<comp id="147" class="1004" name="icmp_ln444_fu_147">
<pin_list>
<pin id="148" dir="0" index="0" bw="4" slack="0"/>
<pin id="149" dir="0" index="1" bw="4" slack="0"/>
<pin id="150" dir="1" index="2" bw="1" slack="2147483647"/>
</pin_list>
<bind>
<opcode="icmp(45) " fcode="icmp"/>
<opset="icmp_ln444/1 "/>
</bind>
</comp>

<comp id="153" class="1004" name="add_ln444_fu_153">
<pin_list>
<pin id="154" dir="0" index="0" bw="4" slack="0"/>
<pin id="155" dir="0" index="1" bw="1" slack="0"/>
<pin id="156" dir="1" index="2" bw="4" slack="0"/>
</pin_list>
<bind>
<opcode="add(8) " fcode="add"/>
<opset="add_ln444/1 "/>
</bind>
</comp>

<comp id="159" class="1004" name="zext_ln444_fu_159">
<pin_list>
<pin id="160" dir="0" index="0" bw="4" slack="0"/>
<pin id="161" dir="1" index="1" bw="9" slack="0"/>
</pin_list>
<bind>
<opcode="zext(34) " fcode="zext"/>
<opset="zext_ln444/1 "/>
</bind>
</comp>

<comp id="163" class="1004" name="trunc_ln444_fu_163">
<pin_list>
<pin id="164" dir="0" index="0" bw="4" slack="0"/>
<pin id="165" dir="1" index="1" bw="3" slack="0"/>
</pin_list>
<bind>
<opcode="trunc(33) " fcode="trunc"/>
<opset="trunc_ln444/1 "/>
</bind>
</comp>

<comp id="167" class="1004" name="empty_fu_167">
<pin_list>
<pin id="168" dir="0" index="0" bw="9" slack="0"/>
<pin id="169" dir="0" index="1" bw="4" slack="0"/>
<pin id="170" dir="1" index="2" bw="9" slack="0"/>
</pin_list>
<bind>
<opcode="add(8) " fcode="add"/>
<opset="empty/1 "/>
</bind>
</comp>

<comp id="173" class="1004" name="zext_ln447_fu_173">
<pin_list>
<pin id="174" dir="0" index="0" bw="9" slack="0"/>
<pin id="175" dir="1" index="1" bw="64" slack="0"/>
</pin_list>
<bind>
<opcode="zext(34) " fcode="zext"/>
<opset="zext_ln447/1 "/>
</bind>
</comp>

<comp id="178" class="1004" name="v235_fu_178">
<pin_list>
<pin id="179" dir="0" index="0" bw="32" slack="0"/>
<pin id="180" dir="0" index="1" bw="1" slack="0"/>
<pin id="181" dir="0" index="2" bw="32" slack="0"/>
<pin id="182" dir="0" index="3" bw="1" slack="0"/>
<pin id="183" dir="0" index="4" bw="32" slack="0"/>
<pin id="184" dir="0" index="5" bw="3" slack="0"/>
<pin id="185" dir="0" index="6" bw="32" slack="0"/>
<pin id="186" dir="0" index="7" bw="3" slack="0"/>
<pin id="187" dir="0" index="8" bw="32" slack="0"/>
<pin id="188" dir="0" index="9" bw="3" slack="0"/>
<pin id="189" dir="0" index="10" bw="32" slack="0"/>
<pin id="190" dir="0" index="11" bw="3" slack="0"/>
<pin id="191" dir="0" index="12" bw="32" slack="0"/>
<pin id="192" dir="0" index="13" bw="2" slack="0"/>
<pin id="193" dir="0" index="14" bw="32" slack="0"/>
<pin id="194" dir="0" index="15" bw="1" slack="0"/>
<pin id="195" dir="0" index="16" bw="32" slack="0"/>
<pin id="196" dir="0" index="17" bw="32" slack="0"/>
<pin id="197" dir="0" index="18" bw="3" slack="0"/>
<pin id="198" dir="1" index="19" bw="32" slack="0"/>
</pin_list>
<bind>
<opcode="sparsemux(1197) " fcode="sparsemux"/>
<opset="v235/1 "/>
</bind>
</comp>

<comp id="219" class="1004" name="store_ln444_store_fu_219">
<pin_list>
<pin id="220" dir="0" index="0" bw="4" slack="0"/>
<pin id="221" dir="0" index="1" bw="4" slack="0"/>
<pin id="222" dir="1" index="2" bw="0" slack="2147483647"/>
</pin_list>
<bind>
<opcode="store(28) " fcode="store"/>
<opset="store_ln444/1 "/>
</bind>
</comp>

<comp id="224" class="1005" name="sj_reg_224">
<pin_list>
<pin id="225" dir="0" index="0" bw="4" slack="0"/>
<pin id="226" dir="1" index="1" bw="4" slack="0"/>
</pin_list>
<bind>
<opset="sj "/>
</bind>
</comp>

</comp_list>

<net_list>
<net id="71"><net_src comp="20" pin="0"/><net_sink comp="68" pin=0"/></net>

<net id="76"><net_src comp="22" pin="0"/><net_sink comp="72" pin=0"/></net>

<net id="77"><net_src comp="16" pin="0"/><net_sink comp="72" pin=1"/></net>

<net id="82"><net_src comp="22" pin="0"/><net_sink comp="78" pin=0"/></net>

<net id="83"><net_src comp="14" pin="0"/><net_sink comp="78" pin=1"/></net>

<net id="88"><net_src comp="22" pin="0"/><net_sink comp="84" pin=0"/></net>

<net id="89"><net_src comp="12" pin="0"/><net_sink comp="84" pin=1"/></net>

<net id="94"><net_src comp="22" pin="0"/><net_sink comp="90" pin=0"/></net>

<net id="95"><net_src comp="10" pin="0"/><net_sink comp="90" pin=1"/></net>

<net id="100"><net_src comp="22" pin="0"/><net_sink comp="96" pin=0"/></net>

<net id="101"><net_src comp="8" pin="0"/><net_sink comp="96" pin=1"/></net>

<net id="106"><net_src comp="22" pin="0"/><net_sink comp="102" pin=0"/></net>

<net id="107"><net_src comp="6" pin="0"/><net_sink comp="102" pin=1"/></net>

<net id="112"><net_src comp="22" pin="0"/><net_sink comp="108" pin=0"/></net>

<net id="113"><net_src comp="4" pin="0"/><net_sink comp="108" pin=1"/></net>

<net id="118"><net_src comp="22" pin="0"/><net_sink comp="114" pin=0"/></net>

<net id="119"><net_src comp="2" pin="0"/><net_sink comp="114" pin=1"/></net>

<net id="124"><net_src comp="24" pin="0"/><net_sink comp="120" pin=0"/></net>

<net id="125"><net_src comp="0" pin="0"/><net_sink comp="120" pin=1"/></net>

<net id="131"><net_src comp="18" pin="0"/><net_sink comp="126" pin=0"/></net>

<net id="132"><net_src comp="66" pin="0"/><net_sink comp="126" pin=1"/></net>

<net id="138"><net_src comp="126" pin="3"/><net_sink comp="133" pin=0"/></net>

<net id="143"><net_src comp="26" pin="0"/><net_sink comp="139" pin=0"/></net>

<net id="151"><net_src comp="144" pin="1"/><net_sink comp="147" pin=0"/></net>

<net id="152"><net_src comp="28" pin="0"/><net_sink comp="147" pin=1"/></net>

<net id="157"><net_src comp="144" pin="1"/><net_sink comp="153" pin=0"/></net>

<net id="158"><net_src comp="30" pin="0"/><net_sink comp="153" pin=1"/></net>

<net id="162"><net_src comp="144" pin="1"/><net_sink comp="159" pin=0"/></net>

<net id="166"><net_src comp="144" pin="1"/><net_sink comp="163" pin=0"/></net>

<net id="171"><net_src comp="120" pin="2"/><net_sink comp="167" pin=0"/></net>

<net id="172"><net_src comp="159" pin="1"/><net_sink comp="167" pin=1"/></net>

<net id="176"><net_src comp="167" pin="2"/><net_sink comp="173" pin=0"/></net>

<net id="177"><net_src comp="173" pin="1"/><net_sink comp="126" pin=2"/></net>

<net id="199"><net_src comp="46" pin="0"/><net_sink comp="178" pin=0"/></net>

<net id="200"><net_src comp="48" pin="0"/><net_sink comp="178" pin=1"/></net>

<net id="201"><net_src comp="114" pin="2"/><net_sink comp="178" pin=2"/></net>

<net id="202"><net_src comp="50" pin="0"/><net_sink comp="178" pin=3"/></net>

<net id="203"><net_src comp="108" pin="2"/><net_sink comp="178" pin=4"/></net>

<net id="204"><net_src comp="52" pin="0"/><net_sink comp="178" pin=5"/></net>

<net id="205"><net_src comp="102" pin="2"/><net_sink comp="178" pin=6"/></net>

<net id="206"><net_src comp="54" pin="0"/><net_sink comp="178" pin=7"/></net>

<net id="207"><net_src comp="96" pin="2"/><net_sink comp="178" pin=8"/></net>

<net id="208"><net_src comp="56" pin="0"/><net_sink comp="178" pin=9"/></net>

<net id="209"><net_src comp="90" pin="2"/><net_sink comp="178" pin=10"/></net>

<net id="210"><net_src comp="58" pin="0"/><net_sink comp="178" pin=11"/></net>

<net id="211"><net_src comp="84" pin="2"/><net_sink comp="178" pin=12"/></net>

<net id="212"><net_src comp="60" pin="0"/><net_sink comp="178" pin=13"/></net>

<net id="213"><net_src comp="78" pin="2"/><net_sink comp="178" pin=14"/></net>

<net id="214"><net_src comp="62" pin="0"/><net_sink comp="178" pin=15"/></net>

<net id="215"><net_src comp="72" pin="2"/><net_sink comp="178" pin=16"/></net>

<net id="216"><net_src comp="64" pin="0"/><net_sink comp="178" pin=17"/></net>

<net id="217"><net_src comp="163" pin="1"/><net_sink comp="178" pin=18"/></net>

<net id="218"><net_src comp="178" pin="19"/><net_sink comp="133" pin=1"/></net>

<net id="223"><net_src comp="153" pin="2"/><net_sink comp="219" pin=0"/></net>

<net id="227"><net_src comp="68" pin="1"/><net_sink comp="224" pin=0"/></net>

<net id="228"><net_src comp="224" pin="1"/><net_sink comp="139" pin=1"/></net>

<net id="229"><net_src comp="224" pin="1"/><net_sink comp="144" pin=0"/></net>

<net id="230"><net_src comp="224" pin="1"/><net_sink comp="219" pin=1"/></net>

</net_list>

</model> 
---------------- Datapath Model END ------------------

* FSMD analyzer results:
  - Output states:
	Port: Y_0 | {1 }
 - Input state : 
	Port: adaLN_modulate_Pipeline_l_store_C_tile_sj : tmp_104 | {1 }
	Port: adaLN_modulate_Pipeline_l_store_C_tile_sj : local_C_0_load | {1 }
	Port: adaLN_modulate_Pipeline_l_store_C_tile_sj : local_C_0_1_load | {1 }
	Port: adaLN_modulate_Pipeline_l_store_C_tile_sj : local_C_0_2_load | {1 }
	Port: adaLN_modulate_Pipeline_l_store_C_tile_sj : local_C_0_3_load | {1 }
	Port: adaLN_modulate_Pipeline_l_store_C_tile_sj : local_C_0_4_load | {1 }
	Port: adaLN_modulate_Pipeline_l_store_C_tile_sj : local_C_0_5_load | {1 }
	Port: adaLN_modulate_Pipeline_l_store_C_tile_sj : local_C_0_6_load | {1 }
	Port: adaLN_modulate_Pipeline_l_store_C_tile_sj : local_C_0_7_load | {1 }
  - Chain level:
	State 1
		store_ln444 : 1
		sj_1 : 1
		icmp_ln444 : 2
		add_ln444 : 2
		br_ln444 : 3
		zext_ln444 : 2
		trunc_ln444 : 2
		empty : 3
		zext_ln447 : 4
		v235 : 3
		Y_0_addr : 5
		store_ln448 : 6
		store_ln444 : 3


============================================================
+ Verbose Summary: Datapath Resource usage 
============================================================

* Functional unit list:
|----------|-----------------------------------|---------|---------|
| Operation|          Functional Unit          |    FF   |   LUT   |
|----------|-----------------------------------|---------|---------|
| sparsemux|            v235_fu_178            |    0    |    43   |
|----------|-----------------------------------|---------|---------|
|    add   |          add_ln444_fu_153         |    0    |    12   |
|          |            empty_fu_167           |    0    |    16   |
|----------|-----------------------------------|---------|---------|
|   icmp   |         icmp_ln444_fu_147         |    0    |    12   |
|----------|-----------------------------------|---------|---------|
|          |  local_C_0_7_load_read_read_fu_72 |    0    |    0    |
|          |  local_C_0_6_load_read_read_fu_78 |    0    |    0    |
|          |  local_C_0_5_load_read_read_fu_84 |    0    |    0    |
|          |  local_C_0_4_load_read_read_fu_90 |    0    |    0    |
|   read   |  local_C_0_3_load_read_read_fu_96 |    0    |    0    |
|          | local_C_0_2_load_read_read_fu_102 |    0    |    0    |
|          | local_C_0_1_load_read_read_fu_108 |    0    |    0    |
|          |  local_C_0_load_read_read_fu_114  |    0    |    0    |
|          |      tmp_104_read_read_fu_120     |    0    |    0    |
|----------|-----------------------------------|---------|---------|
|   zext   |         zext_ln444_fu_159         |    0    |    0    |
|          |         zext_ln447_fu_173         |    0    |    0    |
|----------|-----------------------------------|---------|---------|
|   trunc  |         trunc_ln444_fu_163        |    0    |    0    |
|----------|-----------------------------------|---------|---------|
|   Total  |                                   |    0    |    83   |
|----------|-----------------------------------|---------|---------|

Memories:
N/A

* Register list:
+----------+--------+
|          |   FF   |
+----------+--------+
|sj_reg_224|    4   |
+----------+--------+
|   Total  |    4   |
+----------+--------+

* Multiplexer (MUX) list: 
|--------|------|------|------|--------|
|  Comp  |  Pin | Size |  BW  | S x BW |
|--------|------|------|------|--------|
|  Total |      |      |      |    0   |
|--------|------|------|------|--------|



* Summary:
+-----------+--------+--------+
|           |   FF   |   LUT  |
+-----------+--------+--------+
|  Function |    0   |   83   |
|   Memory  |    -   |    -   |
|Multiplexer|    -   |    -   |
|  Register |    4   |    -   |
+-----------+--------+--------+
|   Total   |    4   |   83   |
+-----------+--------+--------+
