

================================================================
== Vitis HLS Report for 'adaLN_modulate'
================================================================
* Date:           Wed Feb  5 22:34:01 2025

* Version:        2023.2 (Build 4023990 on Oct 11 2023)
* Project:        DitBlock
* Solution:       hls (Vivado IP Flow Target)
* Product family: virtexuplusHBM
* Target device:  xcu280-fsvh2892-2L-e


================================================================
== Performance Estimates
================================================================
+ Timing: 
    * Summary: 
    +--------+----------+----------+------------+
    |  Clock |  Target  | Estimated| Uncertainty|
    +--------+----------+----------+------------+
    |ap_clk  |  10.00 ns|  6.536 ns|     2.70 ns|
    +--------+----------+----------+------------+

+ Latency: 
    * Summary: 
    +---------+---------+----------+----------+--------+--------+---------+
    |  Latency (cycles) |  Latency (absolute) |     Interval    | Pipeline|
    |   min   |   max   |    min   |    max   |   min  |   max  |   Type  |
    +---------+---------+----------+----------+--------+--------+---------+
    |   134219|   134219|  1.342 ms|  1.342 ms|  134219|  134219|       no|
    +---------+---------+----------+----------+--------+--------+---------+

    + Detail: 
        * Instance: 
        N/A

        * Loop: 
        +----------+---------+---------+----------+-----------+-----------+------+----------+
        |          |  Latency (cycles) | Iteration|  Initiation Interval  | Trip |          |
        | Loop Name|   min   |   max   |  Latency |  achieved |   target  | Count| Pipelined|
        +----------+---------+---------+----------+-----------+-----------+------+----------+
        |- l_ni    |   133184|   133184|      2081|          -|          -|    64|        no|
        +----------+---------+---------+----------+-----------+-----------+------+----------+

============================================================
+ Verbose Summary: Synthesis Manager
============================================================
InlineROM: 1
ExposeGlobal: 0
============================================================
+ Verbose Summary: CDFG Model
============================================================
IsTopModel: 0
ResetActiveHigh: 1
IsCombinational: 0
IsDatapathOnly: 0
HasWiredReturn: 1
HasMFsm: 0
HasVarLatency: 1
IsPipeline: 0
IsRtlPipelined: 0
IsInstanceOverlapped: 0
IsDontTouch: 0
HasImplIP: 0
IsGatedGlobalClock: 0


============================================================
+ Verbose Summary: Schedule
============================================================
* Number of FSM states : 9
* Pipeline : 0
* Dataflow Pipeline: 0

* FSM state transitions: 
1 --> 2 
2 --> 3 
3 --> 4 9 
4 --> 5 
5 --> 6 
6 --> 7 
7 --> 8 
8 --> 3 
9 --> 

* FSM state operations: 

State 1 <SV = 0> <Delay = 0.38>
ST_1 : Operation 10 [1/1] (0.00ns)   --->   "%ni = alloca i32 1" [/home/silvenchen/Desktop/DitBlock/WorkDCT/DitBlock/kernel.cpp:423->/home/silvenchen/Desktop/DitBlock/WorkDCT/DitBlock/kernel.cpp:527]   --->   Operation 10 'alloca' 'ni' <Predicate = true> <Delay = 0.00>
ST_1 : Operation 11 [1/1] (0.00ns)   --->   "%local_A_0 = alloca i64 1" [/home/silvenchen/Desktop/DitBlock/WorkDCT/DitBlock/kernel.cpp:415->/home/silvenchen/Desktop/DitBlock/WorkDCT/DitBlock/kernel.cpp:527]   --->   Operation 11 'alloca' 'local_A_0' <Predicate = true> <Delay = 0.00>
ST_1 : Operation 12 [1/1] (0.00ns)   --->   "%local_B = alloca i64 1" [/home/silvenchen/Desktop/DitBlock/WorkDCT/DitBlock/kernel.cpp:416->/home/silvenchen/Desktop/DitBlock/WorkDCT/DitBlock/kernel.cpp:527]   --->   Operation 12 'alloca' 'local_B' <Predicate = true> <Delay = 0.00>
ST_1 : Operation 13 [1/1] (0.00ns)   --->   "%local_B_1 = alloca i64 1" [/home/silvenchen/Desktop/DitBlock/WorkDCT/DitBlock/kernel.cpp:416->/home/silvenchen/Desktop/DitBlock/WorkDCT/DitBlock/kernel.cpp:527]   --->   Operation 13 'alloca' 'local_B_1' <Predicate = true> <Delay = 0.00>
ST_1 : Operation 14 [1/1] (0.00ns)   --->   "%local_B_2 = alloca i64 1" [/home/silvenchen/Desktop/DitBlock/WorkDCT/DitBlock/kernel.cpp:416->/home/silvenchen/Desktop/DitBlock/WorkDCT/DitBlock/kernel.cpp:527]   --->   Operation 14 'alloca' 'local_B_2' <Predicate = true> <Delay = 0.00>
ST_1 : Operation 15 [1/1] (0.00ns)   --->   "%local_B_3 = alloca i64 1" [/home/silvenchen/Desktop/DitBlock/WorkDCT/DitBlock/kernel.cpp:416->/home/silvenchen/Desktop/DitBlock/WorkDCT/DitBlock/kernel.cpp:527]   --->   Operation 15 'alloca' 'local_B_3' <Predicate = true> <Delay = 0.00>
ST_1 : Operation 16 [1/1] (0.00ns)   --->   "%local_B_4 = alloca i64 1" [/home/silvenchen/Desktop/DitBlock/WorkDCT/DitBlock/kernel.cpp:416->/home/silvenchen/Desktop/DitBlock/WorkDCT/DitBlock/kernel.cpp:527]   --->   Operation 16 'alloca' 'local_B_4' <Predicate = true> <Delay = 0.00>
ST_1 : Operation 17 [1/1] (0.00ns)   --->   "%local_B_5 = alloca i64 1" [/home/silvenchen/Desktop/DitBlock/WorkDCT/DitBlock/kernel.cpp:416->/home/silvenchen/Desktop/DitBlock/WorkDCT/DitBlock/kernel.cpp:527]   --->   Operation 17 'alloca' 'local_B_5' <Predicate = true> <Delay = 0.00>
ST_1 : Operation 18 [1/1] (0.00ns)   --->   "%local_B_6 = alloca i64 1" [/home/silvenchen/Desktop/DitBlock/WorkDCT/DitBlock/kernel.cpp:416->/home/silvenchen/Desktop/DitBlock/WorkDCT/DitBlock/kernel.cpp:527]   --->   Operation 18 'alloca' 'local_B_6' <Predicate = true> <Delay = 0.00>
ST_1 : Operation 19 [1/1] (0.00ns)   --->   "%local_B_7 = alloca i64 1" [/home/silvenchen/Desktop/DitBlock/WorkDCT/DitBlock/kernel.cpp:416->/home/silvenchen/Desktop/DitBlock/WorkDCT/DitBlock/kernel.cpp:527]   --->   Operation 19 'alloca' 'local_B_7' <Predicate = true> <Delay = 0.00>
ST_1 : Operation 20 [1/1] (0.00ns)   --->   "%local_C_0 = alloca i64 1" [/home/silvenchen/Desktop/DitBlock/WorkDCT/DitBlock/kernel.cpp:419->/home/silvenchen/Desktop/DitBlock/WorkDCT/DitBlock/kernel.cpp:527]   --->   Operation 20 'alloca' 'local_C_0' <Predicate = true> <Delay = 0.00>
ST_1 : Operation 21 [1/1] (0.00ns)   --->   "%local_C_0_1 = alloca i64 1" [/home/silvenchen/Desktop/DitBlock/WorkDCT/DitBlock/kernel.cpp:419->/home/silvenchen/Desktop/DitBlock/WorkDCT/DitBlock/kernel.cpp:527]   --->   Operation 21 'alloca' 'local_C_0_1' <Predicate = true> <Delay = 0.00>
ST_1 : Operation 22 [1/1] (0.00ns)   --->   "%local_C_0_2 = alloca i64 1" [/home/silvenchen/Desktop/DitBlock/WorkDCT/DitBlock/kernel.cpp:419->/home/silvenchen/Desktop/DitBlock/WorkDCT/DitBlock/kernel.cpp:527]   --->   Operation 22 'alloca' 'local_C_0_2' <Predicate = true> <Delay = 0.00>
ST_1 : Operation 23 [1/1] (0.00ns)   --->   "%local_C_0_3 = alloca i64 1" [/home/silvenchen/Desktop/DitBlock/WorkDCT/DitBlock/kernel.cpp:419->/home/silvenchen/Desktop/DitBlock/WorkDCT/DitBlock/kernel.cpp:527]   --->   Operation 23 'alloca' 'local_C_0_3' <Predicate = true> <Delay = 0.00>
ST_1 : Operation 24 [1/1] (0.00ns)   --->   "%local_C_0_4 = alloca i64 1" [/home/silvenchen/Desktop/DitBlock/WorkDCT/DitBlock/kernel.cpp:419->/home/silvenchen/Desktop/DitBlock/WorkDCT/DitBlock/kernel.cpp:527]   --->   Operation 24 'alloca' 'local_C_0_4' <Predicate = true> <Delay = 0.00>
ST_1 : Operation 25 [1/1] (0.00ns)   --->   "%local_C_0_5 = alloca i64 1" [/home/silvenchen/Desktop/DitBlock/WorkDCT/DitBlock/kernel.cpp:419->/home/silvenchen/Desktop/DitBlock/WorkDCT/DitBlock/kernel.cpp:527]   --->   Operation 25 'alloca' 'local_C_0_5' <Predicate = true> <Delay = 0.00>
ST_1 : Operation 26 [1/1] (0.00ns)   --->   "%local_C_0_6 = alloca i64 1" [/home/silvenchen/Desktop/DitBlock/WorkDCT/DitBlock/kernel.cpp:419->/home/silvenchen/Desktop/DitBlock/WorkDCT/DitBlock/kernel.cpp:527]   --->   Operation 26 'alloca' 'local_C_0_6' <Predicate = true> <Delay = 0.00>
ST_1 : Operation 27 [1/1] (0.00ns)   --->   "%local_C_0_7 = alloca i64 1" [/home/silvenchen/Desktop/DitBlock/WorkDCT/DitBlock/kernel.cpp:419->/home/silvenchen/Desktop/DitBlock/WorkDCT/DitBlock/kernel.cpp:527]   --->   Operation 27 'alloca' 'local_C_0_7' <Predicate = true> <Delay = 0.00>
ST_1 : Operation 28 [1/1] (0.00ns)   --->   "%Y_0 = alloca i64 1" [/home/silvenchen/Desktop/DitBlock/WorkDCT/DitBlock/kernel.cpp:520]   --->   Operation 28 'alloca' 'Y_0' <Predicate = true> <Delay = 0.00>
ST_1 : Operation 29 [2/2] (0.00ns)   --->   "%call_ln0 = call void @adaLN_modulate_Pipeline_VITIS_LOOP_522_2, i32 %Y_0"   --->   Operation 29 'call' 'call_ln0' <Predicate = true> <Delay = 0.00> <CoreType = "Generic">   --->   Core 0 '' <Latency = 0> <II = 1> <Delay = 1.00> <Generic> <Opcode : >
ST_1 : Operation 30 [1/1] (0.38ns)   --->   "%store_ln423 = store i7 0, i7 %ni" [/home/silvenchen/Desktop/DitBlock/WorkDCT/DitBlock/kernel.cpp:423->/home/silvenchen/Desktop/DitBlock/WorkDCT/DitBlock/kernel.cpp:527]   --->   Operation 30 'store' 'store_ln423' <Predicate = true> <Delay = 0.38>

State 2 <SV = 1> <Delay = 0.00>
ST_2 : Operation 31 [1/2] (0.00ns)   --->   "%call_ln0 = call void @adaLN_modulate_Pipeline_VITIS_LOOP_522_2, i32 %Y_0"   --->   Operation 31 'call' 'call_ln0' <Predicate = true> <Delay = 0.00> <CoreType = "Generic">   --->   Core 0 '' <Latency = 0> <II = 1> <Delay = 1.00> <Generic> <Opcode : >
ST_2 : Operation 32 [1/1] (0.00ns)   --->   "%br_ln423 = br void %l_load_A_tile_ak.i" [/home/silvenchen/Desktop/DitBlock/WorkDCT/DitBlock/kernel.cpp:423->/home/silvenchen/Desktop/DitBlock/WorkDCT/DitBlock/kernel.cpp:527]   --->   Operation 32 'br' 'br_ln423' <Predicate = true> <Delay = 0.00>

State 3 <SV = 2> <Delay = 2.66>
ST_3 : Operation 33 [1/1] (0.00ns)   --->   "%ni_1 = load i7 %ni"   --->   Operation 33 'load' 'ni_1' <Predicate = true> <Delay = 0.00>
ST_3 : Operation 34 [1/1] (0.70ns)   --->   "%icmp_ln423 = icmp_eq  i7 %ni_1, i7 64" [/home/silvenchen/Desktop/DitBlock/WorkDCT/DitBlock/kernel.cpp:423->/home/silvenchen/Desktop/DitBlock/WorkDCT/DitBlock/kernel.cpp:527]   --->   Operation 34 'icmp' 'icmp_ln423' <Predicate = true> <Delay = 0.70> <CoreInst = "Cmp">   --->   Core 9 'Cmp' <Latency = 0> <II = 1> <Delay = 0.70> <FuncUnit> <Opcode : 'icmp'> <InPorts = 2> <OutPorts = 1>
ST_3 : Operation 35 [1/1] (0.70ns)   --->   "%add_ln423 = add i7 %ni_1, i7 1" [/home/silvenchen/Desktop/DitBlock/WorkDCT/DitBlock/kernel.cpp:423->/home/silvenchen/Desktop/DitBlock/WorkDCT/DitBlock/kernel.cpp:527]   --->   Operation 35 'add' 'add_ln423' <Predicate = true> <Delay = 0.70> <CoreInst = "Adder">   --->   Core 1 'Adder' <Latency = 0> <II = 1> <Delay = 0.70> <FuncUnit> <Opcode : 'add' 'sub'> <InPorts = 2> <OutPorts = 1>
ST_3 : Operation 36 [1/1] (0.00ns)   --->   "%br_ln423 = br i1 %icmp_ln423, void %l_load_A_tile_ak.i.split, void %for.inc24.preheader" [/home/silvenchen/Desktop/DitBlock/WorkDCT/DitBlock/kernel.cpp:423->/home/silvenchen/Desktop/DitBlock/WorkDCT/DitBlock/kernel.cpp:527]   --->   Operation 36 'br' 'br_ln423' <Predicate = true> <Delay = 0.00>
ST_3 : Operation 37 [1/1] (0.70ns)   --->   "%v228 = icmp_eq  i7 %ni_1, i7 0"   --->   Operation 37 'icmp' 'v228' <Predicate = (!icmp_ln423)> <Delay = 0.70> <CoreInst = "Cmp">   --->   Core 9 'Cmp' <Latency = 0> <II = 1> <Delay = 0.70> <FuncUnit> <Opcode : 'icmp'> <InPorts = 2> <OutPorts = 1>
ST_3 : Operation 38 [2/2] (0.00ns)   --->   "%call_ln0 = call void @adaLN_modulate_Pipeline_l_load_A_tile_ak, i1 %v228, i32 %v236_0, i32 %local_A_0"   --->   Operation 38 'call' 'call_ln0' <Predicate = (!icmp_ln423)> <Delay = 0.00> <CoreType = "Generic">   --->   Core 0 '' <Latency = 0> <II = 1> <Delay = 1.00> <Generic> <Opcode : >
ST_3 : Operation 39 [1/1] (0.00ns)   --->   "%empty = trunc i7 %ni_1"   --->   Operation 39 'trunc' 'empty' <Predicate = (!icmp_ln423)> <Delay = 0.00>
ST_3 : Operation 40 [1/1] (0.00ns)   --->   "%tmp_s = bitconcatenate i9 @_ssdm_op_BitConcatenate.i9.i6.i3, i6 %empty, i3 0"   --->   Operation 40 'bitconcatenate' 'tmp_s' <Predicate = (!icmp_ln423)> <Delay = 0.00>
ST_3 : Operation 41 [2/2] (1.96ns)   --->   "%call_ln0 = call void @adaLN_modulate_Pipeline_l_load_B_tile_bk_l_bj, i32 %local_B, i32 %local_B_1, i32 %local_B_2, i32 %local_B_3, i32 %local_B_4, i32 %local_B_5, i32 %local_B_6, i32 %local_B_7, i9 %tmp_s, i32 %v237"   --->   Operation 41 'call' 'call_ln0' <Predicate = (!icmp_ln423)> <Delay = 1.96> <CoreType = "Generic">   --->   Core 0 '' <Latency = 0> <II = 1> <Delay = 1.00> <Generic> <Opcode : >
ST_3 : Operation 42 [1/1] (0.38ns)   --->   "%store_ln423 = store i7 %add_ln423, i7 %ni" [/home/silvenchen/Desktop/DitBlock/WorkDCT/DitBlock/kernel.cpp:423->/home/silvenchen/Desktop/DitBlock/WorkDCT/DitBlock/kernel.cpp:527]   --->   Operation 42 'store' 'store_ln423' <Predicate = (!icmp_ln423)> <Delay = 0.38>
ST_3 : Operation 43 [2/2] (0.00ns)   --->   "%call_ln0 = call void @adaLN_modulate_Pipeline_l_bias_add, i32 %v238, i32 %Y_0, i32 %v239"   --->   Operation 43 'call' 'call_ln0' <Predicate = (icmp_ln423)> <Delay = 0.00> <CoreType = "Generic">   --->   Core 0 '' <Latency = 0> <II = 1> <Delay = 1.00> <Generic> <Opcode : >

State 4 <SV = 3> <Delay = 0.00>
ST_4 : Operation 44 [1/2] (0.00ns)   --->   "%call_ln0 = call void @adaLN_modulate_Pipeline_l_load_A_tile_ak, i1 %v228, i32 %v236_0, i32 %local_A_0"   --->   Operation 44 'call' 'call_ln0' <Predicate = true> <Delay = 0.00> <CoreType = "Generic">   --->   Core 0 '' <Latency = 0> <II = 1> <Delay = 1.00> <Generic> <Opcode : >
ST_4 : Operation 45 [1/2] (0.00ns)   --->   "%call_ln0 = call void @adaLN_modulate_Pipeline_l_load_B_tile_bk_l_bj, i32 %local_B, i32 %local_B_1, i32 %local_B_2, i32 %local_B_3, i32 %local_B_4, i32 %local_B_5, i32 %local_B_6, i32 %local_B_7, i9 %tmp_s, i32 %v237"   --->   Operation 45 'call' 'call_ln0' <Predicate = true> <Delay = 0.00> <CoreType = "Generic">   --->   Core 0 '' <Latency = 0> <II = 1> <Delay = 1.00> <Generic> <Opcode : >

State 5 <SV = 4> <Delay = 0.00>
ST_5 : Operation 46 [2/2] (0.00ns)   --->   "%call_ln443 = call void @systolic_tile_modulate, i32 %local_A_0, i32 %local_B, i32 %local_B_1, i32 %local_B_2, i32 %local_B_3, i32 %local_B_4, i32 %local_B_5, i32 %local_B_6, i32 %local_B_7, i32 %local_C_0, i32 %local_C_0_1, i32 %local_C_0_2, i32 %local_C_0_3, i32 %local_C_0_4, i32 %local_C_0_5, i32 %local_C_0_6, i32 %local_C_0_7" [/home/silvenchen/Desktop/DitBlock/WorkDCT/DitBlock/kernel.cpp:443->/home/silvenchen/Desktop/DitBlock/WorkDCT/DitBlock/kernel.cpp:527]   --->   Operation 46 'call' 'call_ln443' <Predicate = true> <Delay = 0.00> <CoreType = "Generic">   --->   Core 0 '' <Latency = 0> <II = 1> <Delay = 1.00> <Generic> <Opcode : >

State 6 <SV = 5> <Delay = 0.00>
ST_6 : Operation 47 [1/2] (0.00ns)   --->   "%call_ln443 = call void @systolic_tile_modulate, i32 %local_A_0, i32 %local_B, i32 %local_B_1, i32 %local_B_2, i32 %local_B_3, i32 %local_B_4, i32 %local_B_5, i32 %local_B_6, i32 %local_B_7, i32 %local_C_0, i32 %local_C_0_1, i32 %local_C_0_2, i32 %local_C_0_3, i32 %local_C_0_4, i32 %local_C_0_5, i32 %local_C_0_6, i32 %local_C_0_7" [/home/silvenchen/Desktop/DitBlock/WorkDCT/DitBlock/kernel.cpp:443->/home/silvenchen/Desktop/DitBlock/WorkDCT/DitBlock/kernel.cpp:527]   --->   Operation 47 'call' 'call_ln443' <Predicate = true> <Delay = 0.00> <CoreType = "Generic">   --->   Core 0 '' <Latency = 0> <II = 1> <Delay = 1.00> <Generic> <Opcode : >

State 7 <SV = 6> <Delay = 1.91>
ST_7 : Operation 48 [1/1] (0.00ns)   --->   "%local_C_0_load = load i32 %local_C_0"   --->   Operation 48 'load' 'local_C_0_load' <Predicate = true> <Delay = 0.00>
ST_7 : Operation 49 [1/1] (0.00ns)   --->   "%local_C_0_1_load = load i32 %local_C_0_1"   --->   Operation 49 'load' 'local_C_0_1_load' <Predicate = true> <Delay = 0.00>
ST_7 : Operation 50 [1/1] (0.00ns)   --->   "%local_C_0_2_load = load i32 %local_C_0_2"   --->   Operation 50 'load' 'local_C_0_2_load' <Predicate = true> <Delay = 0.00>
ST_7 : Operation 51 [1/1] (0.00ns)   --->   "%local_C_0_3_load = load i32 %local_C_0_3"   --->   Operation 51 'load' 'local_C_0_3_load' <Predicate = true> <Delay = 0.00>
ST_7 : Operation 52 [1/1] (0.00ns)   --->   "%local_C_0_4_load = load i32 %local_C_0_4"   --->   Operation 52 'load' 'local_C_0_4_load' <Predicate = true> <Delay = 0.00>
ST_7 : Operation 53 [1/1] (0.00ns)   --->   "%local_C_0_5_load = load i32 %local_C_0_5"   --->   Operation 53 'load' 'local_C_0_5_load' <Predicate = true> <Delay = 0.00>
ST_7 : Operation 54 [1/1] (0.00ns)   --->   "%local_C_0_6_load = load i32 %local_C_0_6"   --->   Operation 54 'load' 'local_C_0_6_load' <Predicate = true> <Delay = 0.00>
ST_7 : Operation 55 [1/1] (0.00ns)   --->   "%local_C_0_7_load = load i32 %local_C_0_7"   --->   Operation 55 'load' 'local_C_0_7_load' <Predicate = true> <Delay = 0.00>
ST_7 : Operation 56 [2/2] (1.91ns)   --->   "%call_ln0 = call void @adaLN_modulate_Pipeline_l_store_C_tile_sj, i9 %tmp_s, i32 %local_C_0_load, i32 %local_C_0_1_load, i32 %local_C_0_2_load, i32 %local_C_0_3_load, i32 %local_C_0_4_load, i32 %local_C_0_5_load, i32 %local_C_0_6_load, i32 %local_C_0_7_load, i32 %Y_0"   --->   Operation 56 'call' 'call_ln0' <Predicate = true> <Delay = 1.91> <CoreType = "Generic">   --->   Core 0 '' <Latency = 0> <II = 1> <Delay = 1.00> <Generic> <Opcode : >

State 8 <SV = 7> <Delay = 0.00>
ST_8 : Operation 57 [1/1] (0.00ns)   --->   "%speclooptripcount_ln423 = speclooptripcount void @_ssdm_op_SpecLoopTripCount, i64 64, i64 64, i64 64" [/home/silvenchen/Desktop/DitBlock/WorkDCT/DitBlock/kernel.cpp:423->/home/silvenchen/Desktop/DitBlock/WorkDCT/DitBlock/kernel.cpp:527]   --->   Operation 57 'speclooptripcount' 'speclooptripcount_ln423' <Predicate = true> <Delay = 0.00>
ST_8 : Operation 58 [1/1] (0.00ns)   --->   "%specloopname_ln423 = specloopname void @_ssdm_op_SpecLoopName, void @empty_192" [/home/silvenchen/Desktop/DitBlock/WorkDCT/DitBlock/kernel.cpp:423->/home/silvenchen/Desktop/DitBlock/WorkDCT/DitBlock/kernel.cpp:527]   --->   Operation 58 'specloopname' 'specloopname_ln423' <Predicate = true> <Delay = 0.00>
ST_8 : Operation 59 [1/2] (0.00ns)   --->   "%call_ln0 = call void @adaLN_modulate_Pipeline_l_store_C_tile_sj, i9 %tmp_s, i32 %local_C_0_load, i32 %local_C_0_1_load, i32 %local_C_0_2_load, i32 %local_C_0_3_load, i32 %local_C_0_4_load, i32 %local_C_0_5_load, i32 %local_C_0_6_load, i32 %local_C_0_7_load, i32 %Y_0"   --->   Operation 59 'call' 'call_ln0' <Predicate = true> <Delay = 0.00> <CoreType = "Generic">   --->   Core 0 '' <Latency = 0> <II = 1> <Delay = 1.00> <Generic> <Opcode : >
ST_8 : Operation 60 [1/1] (0.00ns)   --->   "%br_ln423 = br void %l_load_A_tile_ak.i" [/home/silvenchen/Desktop/DitBlock/WorkDCT/DitBlock/kernel.cpp:423->/home/silvenchen/Desktop/DitBlock/WorkDCT/DitBlock/kernel.cpp:527]   --->   Operation 60 'br' 'br_ln423' <Predicate = true> <Delay = 0.00>

State 9 <SV = 3> <Delay = 0.00>
ST_9 : Operation 61 [1/2] (0.00ns)   --->   "%call_ln0 = call void @adaLN_modulate_Pipeline_l_bias_add, i32 %v238, i32 %Y_0, i32 %v239"   --->   Operation 61 'call' 'call_ln0' <Predicate = true> <Delay = 0.00> <CoreType = "Generic">   --->   Core 0 '' <Latency = 0> <II = 1> <Delay = 1.00> <Generic> <Opcode : >
ST_9 : Operation 62 [1/1] (0.00ns)   --->   "%ret_ln561 = ret" [/home/silvenchen/Desktop/DitBlock/WorkDCT/DitBlock/kernel.cpp:561]   --->   Operation 62 'ret' 'ret_ln561' <Predicate = true> <Delay = 0.00>


============================================================
+ Verbose Summary: Timing violations
============================================================
Target clock period: 10.000ns, clock uncertainty: 2.700ns.

 <State 1>: 0.387ns
The critical path consists of the following:
	'alloca' operation 7 bit ('ni', /home/silvenchen/Desktop/DitBlock/WorkDCT/DitBlock/kernel.cpp:423->/home/silvenchen/Desktop/DitBlock/WorkDCT/DitBlock/kernel.cpp:527) [5]  (0.000 ns)
	'store' operation 0 bit ('store_ln423', /home/silvenchen/Desktop/DitBlock/WorkDCT/DitBlock/kernel.cpp:423->/home/silvenchen/Desktop/DitBlock/WorkDCT/DitBlock/kernel.cpp:527) of constant 0 on local variable 'ni', /home/silvenchen/Desktop/DitBlock/WorkDCT/DitBlock/kernel.cpp:423->/home/silvenchen/Desktop/DitBlock/WorkDCT/DitBlock/kernel.cpp:527 [25]  (0.387 ns)

 <State 2>: 0.000ns
The critical path consists of the following:

 <State 3>: 2.669ns
The critical path consists of the following:
	'load' operation 7 bit ('ni') on local variable 'ni', /home/silvenchen/Desktop/DitBlock/WorkDCT/DitBlock/kernel.cpp:423->/home/silvenchen/Desktop/DitBlock/WorkDCT/DitBlock/kernel.cpp:527 [28]  (0.000 ns)
	'icmp' operation 1 bit ('icmp_ln423', /home/silvenchen/Desktop/DitBlock/WorkDCT/DitBlock/kernel.cpp:423->/home/silvenchen/Desktop/DitBlock/WorkDCT/DitBlock/kernel.cpp:527) [29]  (0.706 ns)
	'call' operation 0 bit ('call_ln0') to 'adaLN_modulate_Pipeline_l_load_B_tile_bk_l_bj' [39]  (1.963 ns)

 <State 4>: 0.000ns
The critical path consists of the following:

 <State 5>: 0.000ns
The critical path consists of the following:

 <State 6>: 0.000ns
The critical path consists of the following:

 <State 7>: 1.911ns
The critical path consists of the following:
	'load' operation 32 bit ('local_C_0_load') on local variable 'local_C[0]', /home/silvenchen/Desktop/DitBlock/WorkDCT/DitBlock/kernel.cpp:419->/home/silvenchen/Desktop/DitBlock/WorkDCT/DitBlock/kernel.cpp:527 [41]  (0.000 ns)
	'call' operation 0 bit ('call_ln0') to 'adaLN_modulate_Pipeline_l_store_C_tile_sj' [49]  (1.911 ns)

 <State 8>: 0.000ns
The critical path consists of the following:

 <State 9>: 0.000ns
The critical path consists of the following:


============================================================
+ Verbose Summary: Binding
============================================================
N/A
* FSMD analyzer results:
  - Output states:
 - Input state : 
  - Chain level:
	State 1
	State 2
	State 3
	State 4
	State 5
	State 6
	State 7
	State 8
	State 9


============================================================
+ Verbose Summary: Datapath Resource usage 
============================================================
N/A
