

================================================================
== Vitis HLS Report for 'adaLN_modulate_Pipeline_l_bias_add'
================================================================
* Date:           Wed Feb  5 22:34:01 2025

* Version:        2023.2 (Build 4023990 on Oct 11 2023)
* Project:        DitBlock
* Solution:       hls (Vivado IP Flow Target)
* Product family: virtexuplusHBM
* Target device:  xcu280-fsvh2892-2L-e


================================================================
== Performance Estimates
================================================================
+ Timing: 
    * Summary: 
    +--------+----------+----------+------------+
    |  Clock |  Target  | Estimated| Uncertainty|
    +--------+----------+----------+------------+
    |ap_clk  |  10.00 ns|  6.149 ns|     2.70 ns|
    +--------+----------+----------+------------+

+ Latency: 
    * Summary: 
    +---------+---------+----------+----------+-----+-----+---------+
    |  Latency (cycles) |  Latency (absolute) |  Interval | Pipeline|
    |   min   |   max   |    min   |    max   | min | max |   Type  |
    +---------+---------+----------+----------+-----+-----+---------+
    |      518|      518|  5.180 us|  5.180 us|  518|  518|       no|
    +---------+---------+----------+----------+-----+-----+---------+

    + Detail: 
        * Instance: 
        N/A

        * Loop: 
        +--------------+---------+---------+----------+-----------+-----------+------+----------+
        |              |  Latency (cycles) | Iteration|  Initiation Interval  | Trip |          |
        |   Loop Name  |   min   |   max   |  Latency |  achieved |   target  | Count| Pipelined|
        +--------------+---------+---------+----------+-----------+-----------+------+----------+
        |- l_bias_add  |      516|      516|         6|          1|          1|   512|       yes|
        +--------------+---------+---------+----------+-----------+-----------+------+----------+

============================================================
+ Verbose Summary: Synthesis Manager
============================================================
InlineROM: 1
ExposeGlobal: 0
============================================================
+ Verbose Summary: CDFG Model
============================================================
IsTopModel: 0
ResetActiveHigh: 1
IsCombinational: 0
IsDatapathOnly: 0
HasWiredReturn: 1
HasMFsm: 2
HasVarLatency: 1
IsPipeline: 0
IsRtlPipelined: 0
IsInstanceOverlapped: 0
IsDontTouch: 0
HasImplIP: 0
IsGatedGlobalClock: 0

+ Individual pipeline summary: 
  * Pipeline-0: initiation interval (II) = 1, depth = 6


============================================================
+ Verbose Summary: Schedule
============================================================
* Number of FSM states : 6
* Pipeline : 1
  Pipeline-0 : II = 1, D = 6, States = { 1 2 3 4 5 6 }
* Dataflow Pipeline: 0

* FSM state transitions: 
1 --> 2 
2 --> 3 
3 --> 4 
4 --> 5 
5 --> 6 
6 --> 

* FSM state operations: 

State 1 <SV = 0> <Delay = 1.58>
ST_1 : Operation 9 [1/1] (0.00ns)   --->   "%i = alloca i32 1" [/home/silvenchen/Desktop/DitBlock/WorkDCT/DitBlock/kernel.cpp:534]   --->   Operation 9 'alloca' 'i' <Predicate = true> <Delay = 0.00>
ST_1 : Operation 10 [1/1] (0.38ns)   --->   "%store_ln534 = store i10 0, i10 %i" [/home/silvenchen/Desktop/DitBlock/WorkDCT/DitBlock/kernel.cpp:534]   --->   Operation 10 'store' 'store_ln534' <Predicate = true> <Delay = 0.38>
ST_1 : Operation 11 [1/1] (0.00ns)   --->   "%br_ln0 = br void %for.inc24"   --->   Operation 11 'br' 'br_ln0' <Predicate = true> <Delay = 0.00>
ST_1 : Operation 12 [1/1] (0.00ns)   --->   "%i_8 = load i10 %i" [/home/silvenchen/Desktop/DitBlock/WorkDCT/DitBlock/kernel.cpp:534]   --->   Operation 12 'load' 'i_8' <Predicate = true> <Delay = 0.00>
ST_1 : Operation 13 [1/1] (0.72ns)   --->   "%icmp_ln534 = icmp_eq  i10 %i_8, i10 512" [/home/silvenchen/Desktop/DitBlock/WorkDCT/DitBlock/kernel.cpp:534]   --->   Operation 13 'icmp' 'icmp_ln534' <Predicate = true> <Delay = 0.72> <CoreInst = "Cmp">   --->   Core 9 'Cmp' <Latency = 0> <II = 1> <Delay = 0.72> <FuncUnit> <Opcode : 'icmp'> <InPorts = 2> <OutPorts = 1>
ST_1 : Operation 14 [1/1] (0.72ns)   --->   "%add_ln534 = add i10 %i_8, i10 1" [/home/silvenchen/Desktop/DitBlock/WorkDCT/DitBlock/kernel.cpp:534]   --->   Operation 14 'add' 'add_ln534' <Predicate = true> <Delay = 0.72> <CoreInst = "Adder">   --->   Core 1 'Adder' <Latency = 0> <II = 1> <Delay = 0.72> <FuncUnit> <Opcode : 'add' 'sub'> <InPorts = 2> <OutPorts = 1>
ST_1 : Operation 15 [1/1] (0.00ns)   --->   "%br_ln534 = br i1 %icmp_ln534, void %for.inc24.split, void %for.end26.exitStub" [/home/silvenchen/Desktop/DitBlock/WorkDCT/DitBlock/kernel.cpp:534]   --->   Operation 15 'br' 'br_ln534' <Predicate = true> <Delay = 0.00>
ST_1 : Operation 16 [1/1] (0.00ns)   --->   "%zext_ln534 = zext i10 %i_8" [/home/silvenchen/Desktop/DitBlock/WorkDCT/DitBlock/kernel.cpp:534]   --->   Operation 16 'zext' 'zext_ln534' <Predicate = (!icmp_ln534)> <Delay = 0.00>
ST_1 : Operation 17 [1/1] (0.00ns)   --->   "%v238_addr = getelementptr i32 %v238, i64 0, i64 %zext_ln534" [/home/silvenchen/Desktop/DitBlock/WorkDCT/DitBlock/kernel.cpp:535]   --->   Operation 17 'getelementptr' 'v238_addr' <Predicate = (!icmp_ln534)> <Delay = 0.00>
ST_1 : Operation 18 [2/2] (1.19ns)   --->   "%v238_load = load i9 %v238_addr" [/home/silvenchen/Desktop/DitBlock/WorkDCT/DitBlock/kernel.cpp:535]   --->   Operation 18 'load' 'v238_load' <Predicate = (!icmp_ln534)> <Delay = 1.19> <CoreInst = "RAM">   --->   Core 83 'RAM' <Latency = 1> <II = 1> <Delay = 1.19> <Storage> <Opcode : 'load' 'store'> <Ports = 2> <Width = 32> <Depth = 512> <RAM>
ST_1 : Operation 19 [1/1] (0.00ns)   --->   "%Y_0_addr = getelementptr i32 %Y_0, i64 0, i64 %zext_ln534" [/home/silvenchen/Desktop/DitBlock/WorkDCT/DitBlock/kernel.cpp:535]   --->   Operation 19 'getelementptr' 'Y_0_addr' <Predicate = (!icmp_ln534)> <Delay = 0.00>
ST_1 : Operation 20 [2/2] (1.19ns)   --->   "%Y_0_load = load i9 %Y_0_addr" [/home/silvenchen/Desktop/DitBlock/WorkDCT/DitBlock/kernel.cpp:535]   --->   Operation 20 'load' 'Y_0_load' <Predicate = (!icmp_ln534)> <Delay = 1.19> <CoreInst = "RAM">   --->   Core 83 'RAM' <Latency = 1> <II = 1> <Delay = 1.19> <Storage> <Opcode : 'load' 'store'> <Ports = 2> <Width = 32> <Depth = 512> <RAM>
ST_1 : Operation 21 [1/1] (0.38ns)   --->   "%store_ln534 = store i10 %add_ln534, i10 %i" [/home/silvenchen/Desktop/DitBlock/WorkDCT/DitBlock/kernel.cpp:534]   --->   Operation 21 'store' 'store_ln534' <Predicate = (!icmp_ln534)> <Delay = 0.38>

State 2 <SV = 1> <Delay = 1.19>
ST_2 : Operation 22 [1/2] (1.19ns)   --->   "%v238_load = load i9 %v238_addr" [/home/silvenchen/Desktop/DitBlock/WorkDCT/DitBlock/kernel.cpp:535]   --->   Operation 22 'load' 'v238_load' <Predicate = true> <Delay = 1.19> <CoreInst = "RAM">   --->   Core 83 'RAM' <Latency = 1> <II = 1> <Delay = 1.19> <Storage> <Opcode : 'load' 'store'> <Ports = 2> <Width = 32> <Depth = 512> <RAM>
ST_2 : Operation 23 [1/2] (1.19ns)   --->   "%Y_0_load = load i9 %Y_0_addr" [/home/silvenchen/Desktop/DitBlock/WorkDCT/DitBlock/kernel.cpp:535]   --->   Operation 23 'load' 'Y_0_load' <Predicate = true> <Delay = 1.19> <CoreInst = "RAM">   --->   Core 83 'RAM' <Latency = 1> <II = 1> <Delay = 1.19> <Storage> <Opcode : 'load' 'store'> <Ports = 2> <Width = 32> <Depth = 512> <RAM>

State 3 <SV = 2> <Delay = 6.14>
ST_3 : Operation 24 [3/3] (6.14ns)   --->   "%add = fadd i32 %Y_0_load, i32 %v238_load" [/home/silvenchen/Desktop/DitBlock/WorkDCT/DitBlock/kernel.cpp:535]   --->   Operation 24 'fadd' 'add' <Predicate = true> <Delay = 6.14> <CoreInst = "FAddSub_fulldsp">   --->   Core 18 'FAddSub_fulldsp' <Latency = 2> <II = 1> <Delay = 6.14> <FuncUnit> <Opcode : 'fadd' 'fsub'> <InPorts = 2> <OutPorts = 1>

State 4 <SV = 3> <Delay = 6.14>
ST_4 : Operation 25 [2/3] (6.14ns)   --->   "%add = fadd i32 %Y_0_load, i32 %v238_load" [/home/silvenchen/Desktop/DitBlock/WorkDCT/DitBlock/kernel.cpp:535]   --->   Operation 25 'fadd' 'add' <Predicate = true> <Delay = 6.14> <CoreInst = "FAddSub_fulldsp">   --->   Core 18 'FAddSub_fulldsp' <Latency = 2> <II = 1> <Delay = 6.14> <FuncUnit> <Opcode : 'fadd' 'fsub'> <InPorts = 2> <OutPorts = 1>

State 5 <SV = 4> <Delay = 6.14>
ST_5 : Operation 26 [1/3] (6.14ns)   --->   "%add = fadd i32 %Y_0_load, i32 %v238_load" [/home/silvenchen/Desktop/DitBlock/WorkDCT/DitBlock/kernel.cpp:535]   --->   Operation 26 'fadd' 'add' <Predicate = true> <Delay = 6.14> <CoreInst = "FAddSub_fulldsp">   --->   Core 18 'FAddSub_fulldsp' <Latency = 2> <II = 1> <Delay = 6.14> <FuncUnit> <Opcode : 'fadd' 'fsub'> <InPorts = 2> <OutPorts = 1>
ST_5 : Operation 34 [1/1] (0.00ns)   --->   "%ret_ln0 = ret"   --->   Operation 34 'ret' 'ret_ln0' <Predicate = (icmp_ln534)> <Delay = 0.00>

State 6 <SV = 5> <Delay = 1.19>
ST_6 : Operation 27 [1/1] (0.00ns)   --->   "%specpipeline_ln534 = specpipeline void @_ssdm_op_SpecPipeline, i32 4294967295, i32 0, i32 0, i32 0, void @empty_219" [/home/silvenchen/Desktop/DitBlock/WorkDCT/DitBlock/kernel.cpp:534]   --->   Operation 27 'specpipeline' 'specpipeline_ln534' <Predicate = true> <Delay = 0.00>
ST_6 : Operation 28 [1/1] (0.00ns)   --->   "%speclooptripcount_ln534 = speclooptripcount void @_ssdm_op_SpecLoopTripCount, i64 512, i64 512, i64 512" [/home/silvenchen/Desktop/DitBlock/WorkDCT/DitBlock/kernel.cpp:534]   --->   Operation 28 'speclooptripcount' 'speclooptripcount_ln534' <Predicate = true> <Delay = 0.00>
ST_6 : Operation 29 [1/1] (0.00ns)   --->   "%specloopname_ln534 = specloopname void @_ssdm_op_SpecLoopName, void @empty_194" [/home/silvenchen/Desktop/DitBlock/WorkDCT/DitBlock/kernel.cpp:534]   --->   Operation 29 'specloopname' 'specloopname_ln534' <Predicate = true> <Delay = 0.00>
ST_6 : Operation 30 [1/1] (1.19ns)   --->   "%store_ln535 = store i32 %add, i9 %Y_0_addr" [/home/silvenchen/Desktop/DitBlock/WorkDCT/DitBlock/kernel.cpp:535]   --->   Operation 30 'store' 'store_ln535' <Predicate = true> <Delay = 1.19> <CoreInst = "RAM">   --->   Core 83 'RAM' <Latency = 1> <II = 1> <Delay = 1.19> <Storage> <Opcode : 'load' 'store'> <Ports = 2> <Width = 32> <Depth = 512> <RAM>
ST_6 : Operation 31 [1/1] (0.00ns)   --->   "%v239_addr = getelementptr i32 %v239, i64 0, i64 %zext_ln534" [/home/silvenchen/Desktop/DitBlock/WorkDCT/DitBlock/kernel.cpp:536]   --->   Operation 31 'getelementptr' 'v239_addr' <Predicate = true> <Delay = 0.00>
ST_6 : Operation 32 [1/1] (1.19ns)   --->   "%store_ln536 = store i32 %add, i9 %v239_addr" [/home/silvenchen/Desktop/DitBlock/WorkDCT/DitBlock/kernel.cpp:536]   --->   Operation 32 'store' 'store_ln536' <Predicate = true> <Delay = 1.19> <CoreInst = "RAM">   --->   Core 83 'RAM' <Latency = 1> <II = 1> <Delay = 1.19> <Storage> <Opcode : 'load' 'store'> <Ports = 2> <Width = 32> <Depth = 512> <RAM>
ST_6 : Operation 33 [1/1] (0.00ns)   --->   "%br_ln534 = br void %for.inc24" [/home/silvenchen/Desktop/DitBlock/WorkDCT/DitBlock/kernel.cpp:534]   --->   Operation 33 'br' 'br_ln534' <Predicate = true> <Delay = 0.00>


============================================================
+ Verbose Summary: Timing violations
============================================================
Target clock period: 10.000ns, clock uncertainty: 2.700ns.

 <State 1>: 1.583ns
The critical path consists of the following:
	'store' operation 0 bit ('store_ln534', /home/silvenchen/Desktop/DitBlock/WorkDCT/DitBlock/kernel.cpp:534) of constant 0 on local variable 'i', /home/silvenchen/Desktop/DitBlock/WorkDCT/DitBlock/kernel.cpp:534 [5]  (0.387 ns)
	'load' operation 10 bit ('i', /home/silvenchen/Desktop/DitBlock/WorkDCT/DitBlock/kernel.cpp:534) on local variable 'i', /home/silvenchen/Desktop/DitBlock/WorkDCT/DitBlock/kernel.cpp:534 [8]  (0.000 ns)
	'getelementptr' operation 9 bit ('v238_addr', /home/silvenchen/Desktop/DitBlock/WorkDCT/DitBlock/kernel.cpp:535) [17]  (0.000 ns)
	'load' operation 32 bit ('v238_load', /home/silvenchen/Desktop/DitBlock/WorkDCT/DitBlock/kernel.cpp:535) on array 'v238' [18]  (1.196 ns)

 <State 2>: 1.196ns
The critical path consists of the following:
	'load' operation 32 bit ('v238_load', /home/silvenchen/Desktop/DitBlock/WorkDCT/DitBlock/kernel.cpp:535) on array 'v238' [18]  (1.196 ns)

 <State 3>: 6.149ns
The critical path consists of the following:
	'fadd' operation 32 bit ('add', /home/silvenchen/Desktop/DitBlock/WorkDCT/DitBlock/kernel.cpp:535) [21]  (6.149 ns)

 <State 4>: 6.149ns
The critical path consists of the following:
	'fadd' operation 32 bit ('add', /home/silvenchen/Desktop/DitBlock/WorkDCT/DitBlock/kernel.cpp:535) [21]  (6.149 ns)

 <State 5>: 6.149ns
The critical path consists of the following:
	'fadd' operation 32 bit ('add', /home/silvenchen/Desktop/DitBlock/WorkDCT/DitBlock/kernel.cpp:535) [21]  (6.149 ns)

 <State 6>: 1.196ns
The critical path consists of the following:
	'store' operation 0 bit ('store_ln535', /home/silvenchen/Desktop/DitBlock/WorkDCT/DitBlock/kernel.cpp:535) of variable 'add', /home/silvenchen/Desktop/DitBlock/WorkDCT/DitBlock/kernel.cpp:535 on array 'Y_0' [22]  (1.196 ns)


============================================================
+ Verbose Summary: Binding
============================================================
N/A
* FSMD analyzer results:
  - Output states:
 - Input state : 
  - Chain level:
	State 1
	State 2
	State 3
	State 4
	State 5
	State 6


============================================================
+ Verbose Summary: Datapath Resource usage 
============================================================
N/A
