

================================================================
== Vitis HLS Report for 'adaLN_modulate_Pipeline_l_load_B_tile_bk_l_bj'
================================================================
* Date:           Mon Feb 17 20:36:06 2025

* Version:        2023.2 (Build 4023990 on Oct 11 2023)
* Project:        DitBlock
* Solution:       hls (Vivado IP Flow Target)
* Product family: virtexuplusHBM
* Target device:  xcu280-fsvh2892-2L-e


================================================================
== Performance Estimates
================================================================
+ Timing: 
    * Summary: 
    +--------+----------+----------+------------+
    |  Clock |  Target  | Estimated| Uncertainty|
    +--------+----------+----------+------------+
    |ap_clk  |  10.00 ns|  3.409 ns|     2.70 ns|
    +--------+----------+----------+------------+

+ Latency: 
    * Summary: 
    +---------+---------+-----------+-----------+------+------+---------+
    |  Latency (cycles) |   Latency (absolute)  |   Interval  | Pipeline|
    |   min   |   max   |    min    |    max    |  min |  max |   Type  |
    +---------+---------+-----------+-----------+------+------+---------+
    |     1026|     1026|  10.260 us|  10.260 us|  1026|  1026|       no|
    +---------+---------+-----------+-----------+------+------+---------+

    + Detail: 
        * Instance: 
        N/A

        * Loop: 
        +-------------------------+---------+---------+----------+-----------+-----------+------+----------+
        |                         |  Latency (cycles) | Iteration|  Initiation Interval  | Trip |          |
        |        Loop Name        |   min   |   max   |  Latency |  achieved |   target  | Count| Pipelined|
        +-------------------------+---------+---------+----------+-----------+-----------+------+----------+
        |- l_load_B_tile_bk_l_bj  |     1024|     1024|         2|          1|          1|  1024|       yes|
        +-------------------------+---------+---------+----------+-----------+-----------+------+----------+

============================================================
+ Verbose Summary: Synthesis Manager
============================================================
InlineROM: 1
ExposeGlobal: 0
============================================================
+ Verbose Summary: CDFG Model
============================================================
IsTopModel: 0
ResetActiveHigh: 1
IsCombinational: 0
IsDatapathOnly: 0
HasWiredReturn: 1
HasMFsm: 2
HasVarLatency: 1
IsPipeline: 0
IsRtlPipelined: 0
IsInstanceOverlapped: 0
IsDontTouch: 0
HasImplIP: 0
IsGatedGlobalClock: 0

+ Individual pipeline summary: 
  * Pipeline-0: initiation interval (II) = 1, depth = 2


============================================================
+ Verbose Summary: Schedule
============================================================
* Number of FSM states : 2
* Pipeline : 1
  Pipeline-0 : II = 1, D = 2, States = { 1 2 }
* Dataflow Pipeline: 0

* FSM state transitions: 
1 --> 2 
2 --> 

* FSM state operations: 

State 1 <SV = 0> <Delay = 3.40>
ST_1 : Operation 5 [1/1] (0.00ns)   --->   "%bj = alloca i32 1" [/home/silvenchen/Desktop/DitBlock/WorkDCT/DitBlock/kernel.cpp:435->/home/silvenchen/Desktop/DitBlock/WorkDCT/DitBlock/kernel.cpp:471]   --->   Operation 5 'alloca' 'bj' <Predicate = true> <Delay = 0.00>
ST_1 : Operation 6 [1/1] (0.00ns)   --->   "%bk = alloca i32 1" [/home/silvenchen/Desktop/DitBlock/WorkDCT/DitBlock/kernel.cpp:434->/home/silvenchen/Desktop/DitBlock/WorkDCT/DitBlock/kernel.cpp:471]   --->   Operation 6 'alloca' 'bk' <Predicate = true> <Delay = 0.00>
ST_1 : Operation 7 [1/1] (0.00ns)   --->   "%indvar_flatten = alloca i32 1"   --->   Operation 7 'alloca' 'indvar_flatten' <Predicate = true> <Delay = 0.00>
ST_1 : Operation 8 [1/1] (0.00ns)   --->   "%tmp_91_read = read i9 @_ssdm_op_Read.ap_auto.i9, i9 %tmp_91"   --->   Operation 8 'read' 'tmp_91_read' <Predicate = true> <Delay = 0.00>
ST_1 : Operation 9 [1/1] (0.38ns)   --->   "%store_ln0 = store i11 0, i11 %indvar_flatten"   --->   Operation 9 'store' 'store_ln0' <Predicate = true> <Delay = 0.38>
ST_1 : Operation 10 [1/1] (0.38ns)   --->   "%store_ln434 = store i8 0, i8 %bk" [/home/silvenchen/Desktop/DitBlock/WorkDCT/DitBlock/kernel.cpp:434->/home/silvenchen/Desktop/DitBlock/WorkDCT/DitBlock/kernel.cpp:471]   --->   Operation 10 'store' 'store_ln434' <Predicate = true> <Delay = 0.38>
ST_1 : Operation 11 [1/1] (0.38ns)   --->   "%store_ln435 = store i4 0, i4 %bj" [/home/silvenchen/Desktop/DitBlock/WorkDCT/DitBlock/kernel.cpp:435->/home/silvenchen/Desktop/DitBlock/WorkDCT/DitBlock/kernel.cpp:471]   --->   Operation 11 'store' 'store_ln435' <Predicate = true> <Delay = 0.38>
ST_1 : Operation 12 [1/1] (0.00ns)   --->   "%br_ln0 = br void %for.inc39.i"   --->   Operation 12 'br' 'br_ln0' <Predicate = true> <Delay = 0.00>
ST_1 : Operation 13 [1/1] (0.00ns)   --->   "%indvar_flatten_load = load i11 %indvar_flatten" [/home/silvenchen/Desktop/DitBlock/WorkDCT/DitBlock/kernel.cpp:434->/home/silvenchen/Desktop/DitBlock/WorkDCT/DitBlock/kernel.cpp:471]   --->   Operation 13 'load' 'indvar_flatten_load' <Predicate = true> <Delay = 0.00>
ST_1 : Operation 14 [1/1] (0.73ns)   --->   "%icmp_ln434 = icmp_eq  i11 %indvar_flatten_load, i11 1024" [/home/silvenchen/Desktop/DitBlock/WorkDCT/DitBlock/kernel.cpp:434->/home/silvenchen/Desktop/DitBlock/WorkDCT/DitBlock/kernel.cpp:471]   --->   Operation 14 'icmp' 'icmp_ln434' <Predicate = true> <Delay = 0.73> <CoreInst = "Cmp">   --->   Core 9 'Cmp' <Latency = 0> <II = 1> <Delay = 0.73> <FuncUnit> <Opcode : 'icmp'> <InPorts = 2> <OutPorts = 1>
ST_1 : Operation 15 [1/1] (0.73ns)   --->   "%add_ln434_1 = add i11 %indvar_flatten_load, i11 1" [/home/silvenchen/Desktop/DitBlock/WorkDCT/DitBlock/kernel.cpp:434->/home/silvenchen/Desktop/DitBlock/WorkDCT/DitBlock/kernel.cpp:471]   --->   Operation 15 'add' 'add_ln434_1' <Predicate = true> <Delay = 0.73> <CoreInst = "Adder">   --->   Core 1 'Adder' <Latency = 0> <II = 1> <Delay = 0.73> <FuncUnit> <Opcode : 'add' 'sub'> <InPorts = 2> <OutPorts = 1>
ST_1 : Operation 16 [1/1] (0.00ns)   --->   "%br_ln434 = br i1 %icmp_ln434, void %for.inc42.i, void %l_store_C_tile_sj.i.exitStub" [/home/silvenchen/Desktop/DitBlock/WorkDCT/DitBlock/kernel.cpp:434->/home/silvenchen/Desktop/DitBlock/WorkDCT/DitBlock/kernel.cpp:471]   --->   Operation 16 'br' 'br_ln434' <Predicate = true> <Delay = 0.00>
ST_1 : Operation 17 [1/1] (0.00ns)   --->   "%bj_load = load i4 %bj" [/home/silvenchen/Desktop/DitBlock/WorkDCT/DitBlock/kernel.cpp:435->/home/silvenchen/Desktop/DitBlock/WorkDCT/DitBlock/kernel.cpp:471]   --->   Operation 17 'load' 'bj_load' <Predicate = (!icmp_ln434)> <Delay = 0.00>
ST_1 : Operation 18 [1/1] (0.00ns)   --->   "%bk_load = load i8 %bk" [/home/silvenchen/Desktop/DitBlock/WorkDCT/DitBlock/kernel.cpp:434->/home/silvenchen/Desktop/DitBlock/WorkDCT/DitBlock/kernel.cpp:471]   --->   Operation 18 'load' 'bk_load' <Predicate = (!icmp_ln434)> <Delay = 0.00>
ST_1 : Operation 19 [1/1] (0.70ns)   --->   "%add_ln434 = add i8 %bk_load, i8 1" [/home/silvenchen/Desktop/DitBlock/WorkDCT/DitBlock/kernel.cpp:434->/home/silvenchen/Desktop/DitBlock/WorkDCT/DitBlock/kernel.cpp:471]   --->   Operation 19 'add' 'add_ln434' <Predicate = (!icmp_ln434)> <Delay = 0.70> <CoreInst = "Adder">   --->   Core 1 'Adder' <Latency = 0> <II = 1> <Delay = 0.70> <FuncUnit> <Opcode : 'add' 'sub'> <InPorts = 2> <OutPorts = 1>
ST_1 : Operation 20 [1/1] (0.70ns)   --->   "%icmp_ln435 = icmp_eq  i4 %bj_load, i4 8" [/home/silvenchen/Desktop/DitBlock/WorkDCT/DitBlock/kernel.cpp:435->/home/silvenchen/Desktop/DitBlock/WorkDCT/DitBlock/kernel.cpp:471]   --->   Operation 20 'icmp' 'icmp_ln435' <Predicate = (!icmp_ln434)> <Delay = 0.70> <CoreInst = "Cmp">   --->   Core 9 'Cmp' <Latency = 0> <II = 1> <Delay = 0.70> <FuncUnit> <Opcode : 'icmp'> <InPorts = 2> <OutPorts = 1>
ST_1 : Operation 21 [1/1] (0.35ns)   --->   "%select_ln434 = select i1 %icmp_ln435, i4 0, i4 %bj_load" [/home/silvenchen/Desktop/DitBlock/WorkDCT/DitBlock/kernel.cpp:434->/home/silvenchen/Desktop/DitBlock/WorkDCT/DitBlock/kernel.cpp:471]   --->   Operation 21 'select' 'select_ln434' <Predicate = (!icmp_ln434)> <Delay = 0.35> <CoreInst = "Sel">   --->   Core 73 'Sel' <Latency = 0> <II = 1> <Delay = 0.35> <FuncUnit> <Opcode : 'select'> <InPorts = 3> <OutPorts = 1>
ST_1 : Operation 22 [1/1] (0.30ns)   --->   "%select_ln434_1 = select i1 %icmp_ln435, i8 %add_ln434, i8 %bk_load" [/home/silvenchen/Desktop/DitBlock/WorkDCT/DitBlock/kernel.cpp:434->/home/silvenchen/Desktop/DitBlock/WorkDCT/DitBlock/kernel.cpp:471]   --->   Operation 22 'select' 'select_ln434_1' <Predicate = (!icmp_ln434)> <Delay = 0.30> <CoreInst = "Sel">   --->   Core 73 'Sel' <Latency = 0> <II = 1> <Delay = 0.30> <FuncUnit> <Opcode : 'select'> <InPorts = 3> <OutPorts = 1>
ST_1 : Operation 23 [1/1] (0.00ns)   --->   "%trunc_ln434 = trunc i8 %select_ln434_1" [/home/silvenchen/Desktop/DitBlock/WorkDCT/DitBlock/kernel.cpp:434->/home/silvenchen/Desktop/DitBlock/WorkDCT/DitBlock/kernel.cpp:471]   --->   Operation 23 'trunc' 'trunc_ln434' <Predicate = (!icmp_ln434)> <Delay = 0.00>
ST_1 : Operation 24 [1/1] (0.00ns)   --->   "%zext_ln435 = zext i4 %select_ln434" [/home/silvenchen/Desktop/DitBlock/WorkDCT/DitBlock/kernel.cpp:435->/home/silvenchen/Desktop/DitBlock/WorkDCT/DitBlock/kernel.cpp:471]   --->   Operation 24 'zext' 'zext_ln435' <Predicate = (!icmp_ln434)> <Delay = 0.00>
ST_1 : Operation 25 [1/1] (0.00ns)   --->   "%trunc_ln435 = trunc i4 %select_ln434" [/home/silvenchen/Desktop/DitBlock/WorkDCT/DitBlock/kernel.cpp:435->/home/silvenchen/Desktop/DitBlock/WorkDCT/DitBlock/kernel.cpp:471]   --->   Operation 25 'trunc' 'trunc_ln435' <Predicate = (!icmp_ln434)> <Delay = 0.00>
ST_1 : Operation 26 [1/1] (0.71ns)   --->   "%add_ln437 = add i9 %tmp_91_read, i9 %zext_ln435" [/home/silvenchen/Desktop/DitBlock/WorkDCT/DitBlock/kernel.cpp:437->/home/silvenchen/Desktop/DitBlock/WorkDCT/DitBlock/kernel.cpp:471]   --->   Operation 26 'add' 'add_ln437' <Predicate = (!icmp_ln434)> <Delay = 0.71> <CoreInst = "Adder">   --->   Core 1 'Adder' <Latency = 0> <II = 1> <Delay = 0.71> <FuncUnit> <Opcode : 'add' 'sub'> <InPorts = 2> <OutPorts = 1>
ST_1 : Operation 27 [1/1] (0.00ns)   --->   "%tmp_s = bitconcatenate i16 @_ssdm_op_BitConcatenate.i16.i7.i9, i7 %trunc_ln434, i9 %add_ln437" [/home/silvenchen/Desktop/DitBlock/WorkDCT/DitBlock/kernel.cpp:437->/home/silvenchen/Desktop/DitBlock/WorkDCT/DitBlock/kernel.cpp:471]   --->   Operation 27 'bitconcatenate' 'tmp_s' <Predicate = (!icmp_ln434)> <Delay = 0.00>
ST_1 : Operation 28 [1/1] (0.00ns)   --->   "%zext_ln437 = zext i16 %tmp_s" [/home/silvenchen/Desktop/DitBlock/WorkDCT/DitBlock/kernel.cpp:437->/home/silvenchen/Desktop/DitBlock/WorkDCT/DitBlock/kernel.cpp:471]   --->   Operation 28 'zext' 'zext_ln437' <Predicate = (!icmp_ln434)> <Delay = 0.00>
ST_1 : Operation 29 [1/1] (0.00ns)   --->   "%v237_addr = getelementptr i32 %v237, i64 0, i64 %zext_ln437" [/home/silvenchen/Desktop/DitBlock/WorkDCT/DitBlock/kernel.cpp:437->/home/silvenchen/Desktop/DitBlock/WorkDCT/DitBlock/kernel.cpp:471]   --->   Operation 29 'getelementptr' 'v237_addr' <Predicate = (!icmp_ln434)> <Delay = 0.00>
ST_1 : Operation 30 [2/2] (1.24ns)   --->   "%v232 = load i16 %v237_addr" [/home/silvenchen/Desktop/DitBlock/WorkDCT/DitBlock/kernel.cpp:437->/home/silvenchen/Desktop/DitBlock/WorkDCT/DitBlock/kernel.cpp:471]   --->   Operation 30 'load' 'v232' <Predicate = (!icmp_ln434)> <Delay = 1.24> <CoreInst = "RAM">   --->   Core 83 'RAM' <Latency = 1> <II = 1> <Delay = 1.24> <Storage> <Opcode : 'load' 'store'> <Ports = 2> <Width = 32> <Depth = 65536> <RAM>
ST_1 : Operation 31 [1/1] (0.67ns)   --->   "%switch_ln438 = switch i3 %trunc_ln435, void %arrayidx384.i.case.7, i3 0, void %arrayidx384.i.case.0, i3 1, void %arrayidx384.i.case.1, i3 2, void %arrayidx384.i.case.2, i3 3, void %arrayidx384.i.case.3, i3 4, void %arrayidx384.i.case.4, i3 5, void %arrayidx384.i.case.5, i3 6, void %arrayidx384.i.case.6" [/home/silvenchen/Desktop/DitBlock/WorkDCT/DitBlock/kernel.cpp:438->/home/silvenchen/Desktop/DitBlock/WorkDCT/DitBlock/kernel.cpp:471]   --->   Operation 31 'switch' 'switch_ln438' <Predicate = (!icmp_ln434)> <Delay = 0.67>
ST_1 : Operation 32 [1/1] (0.70ns)   --->   "%add_ln435 = add i4 %select_ln434, i4 1" [/home/silvenchen/Desktop/DitBlock/WorkDCT/DitBlock/kernel.cpp:435->/home/silvenchen/Desktop/DitBlock/WorkDCT/DitBlock/kernel.cpp:471]   --->   Operation 32 'add' 'add_ln435' <Predicate = (!icmp_ln434)> <Delay = 0.70> <CoreInst = "Adder">   --->   Core 1 'Adder' <Latency = 0> <II = 1> <Delay = 0.70> <FuncUnit> <Opcode : 'add' 'sub'> <InPorts = 2> <OutPorts = 1>
ST_1 : Operation 33 [1/1] (0.38ns)   --->   "%store_ln434 = store i11 %add_ln434_1, i11 %indvar_flatten" [/home/silvenchen/Desktop/DitBlock/WorkDCT/DitBlock/kernel.cpp:434->/home/silvenchen/Desktop/DitBlock/WorkDCT/DitBlock/kernel.cpp:471]   --->   Operation 33 'store' 'store_ln434' <Predicate = (!icmp_ln434)> <Delay = 0.38>
ST_1 : Operation 34 [1/1] (0.38ns)   --->   "%store_ln434 = store i8 %select_ln434_1, i8 %bk" [/home/silvenchen/Desktop/DitBlock/WorkDCT/DitBlock/kernel.cpp:434->/home/silvenchen/Desktop/DitBlock/WorkDCT/DitBlock/kernel.cpp:471]   --->   Operation 34 'store' 'store_ln434' <Predicate = (!icmp_ln434)> <Delay = 0.38>
ST_1 : Operation 35 [1/1] (0.38ns)   --->   "%store_ln435 = store i4 %add_ln435, i4 %bj" [/home/silvenchen/Desktop/DitBlock/WorkDCT/DitBlock/kernel.cpp:435->/home/silvenchen/Desktop/DitBlock/WorkDCT/DitBlock/kernel.cpp:471]   --->   Operation 35 'store' 'store_ln435' <Predicate = (!icmp_ln434)> <Delay = 0.38>
ST_1 : Operation 36 [1/1] (0.00ns)   --->   "%br_ln435 = br void %for.inc39.i" [/home/silvenchen/Desktop/DitBlock/WorkDCT/DitBlock/kernel.cpp:435->/home/silvenchen/Desktop/DitBlock/WorkDCT/DitBlock/kernel.cpp:471]   --->   Operation 36 'br' 'br_ln435' <Predicate = (!icmp_ln434)> <Delay = 0.00>
ST_1 : Operation 66 [1/1] (0.00ns)   --->   "%ret_ln0 = ret"   --->   Operation 66 'ret' 'ret_ln0' <Predicate = (icmp_ln434)> <Delay = 0.00>

State 2 <SV = 1> <Delay = 1.84>
ST_2 : Operation 37 [1/1] (0.00ns)   --->   "%specloopname_ln0 = specloopname void @_ssdm_op_SpecLoopName, void @l_load_B_tile_bk_l_bj_str"   --->   Operation 37 'specloopname' 'specloopname_ln0' <Predicate = true> <Delay = 0.00>
ST_2 : Operation 38 [1/1] (0.00ns)   --->   "%speclooptripcount_ln0 = speclooptripcount void @_ssdm_op_SpecLoopTripCount, i64 1024, i64 1024, i64 1024"   --->   Operation 38 'speclooptripcount' 'speclooptripcount_ln0' <Predicate = true> <Delay = 0.00>
ST_2 : Operation 39 [1/1] (0.00ns)   --->   "%zext_ln434 = zext i8 %select_ln434_1" [/home/silvenchen/Desktop/DitBlock/WorkDCT/DitBlock/kernel.cpp:434->/home/silvenchen/Desktop/DitBlock/WorkDCT/DitBlock/kernel.cpp:471]   --->   Operation 39 'zext' 'zext_ln434' <Predicate = true> <Delay = 0.00>
ST_2 : Operation 40 [1/1] (0.00ns)   --->   "%local_B_addr = getelementptr i32 %local_B, i64 0, i64 %zext_ln434" [/home/silvenchen/Desktop/DitBlock/WorkDCT/DitBlock/kernel.cpp:434->/home/silvenchen/Desktop/DitBlock/WorkDCT/DitBlock/kernel.cpp:471]   --->   Operation 40 'getelementptr' 'local_B_addr' <Predicate = true> <Delay = 0.00>
ST_2 : Operation 41 [1/1] (0.00ns)   --->   "%local_B_1_addr = getelementptr i32 %local_B_1, i64 0, i64 %zext_ln434" [/home/silvenchen/Desktop/DitBlock/WorkDCT/DitBlock/kernel.cpp:434->/home/silvenchen/Desktop/DitBlock/WorkDCT/DitBlock/kernel.cpp:471]   --->   Operation 41 'getelementptr' 'local_B_1_addr' <Predicate = true> <Delay = 0.00>
ST_2 : Operation 42 [1/1] (0.00ns)   --->   "%local_B_2_addr = getelementptr i32 %local_B_2, i64 0, i64 %zext_ln434" [/home/silvenchen/Desktop/DitBlock/WorkDCT/DitBlock/kernel.cpp:434->/home/silvenchen/Desktop/DitBlock/WorkDCT/DitBlock/kernel.cpp:471]   --->   Operation 42 'getelementptr' 'local_B_2_addr' <Predicate = true> <Delay = 0.00>
ST_2 : Operation 43 [1/1] (0.00ns)   --->   "%local_B_3_addr = getelementptr i32 %local_B_3, i64 0, i64 %zext_ln434" [/home/silvenchen/Desktop/DitBlock/WorkDCT/DitBlock/kernel.cpp:434->/home/silvenchen/Desktop/DitBlock/WorkDCT/DitBlock/kernel.cpp:471]   --->   Operation 43 'getelementptr' 'local_B_3_addr' <Predicate = true> <Delay = 0.00>
ST_2 : Operation 44 [1/1] (0.00ns)   --->   "%local_B_4_addr = getelementptr i32 %local_B_4, i64 0, i64 %zext_ln434" [/home/silvenchen/Desktop/DitBlock/WorkDCT/DitBlock/kernel.cpp:434->/home/silvenchen/Desktop/DitBlock/WorkDCT/DitBlock/kernel.cpp:471]   --->   Operation 44 'getelementptr' 'local_B_4_addr' <Predicate = true> <Delay = 0.00>
ST_2 : Operation 45 [1/1] (0.00ns)   --->   "%local_B_5_addr = getelementptr i32 %local_B_5, i64 0, i64 %zext_ln434" [/home/silvenchen/Desktop/DitBlock/WorkDCT/DitBlock/kernel.cpp:434->/home/silvenchen/Desktop/DitBlock/WorkDCT/DitBlock/kernel.cpp:471]   --->   Operation 45 'getelementptr' 'local_B_5_addr' <Predicate = true> <Delay = 0.00>
ST_2 : Operation 46 [1/1] (0.00ns)   --->   "%local_B_6_addr = getelementptr i32 %local_B_6, i64 0, i64 %zext_ln434" [/home/silvenchen/Desktop/DitBlock/WorkDCT/DitBlock/kernel.cpp:434->/home/silvenchen/Desktop/DitBlock/WorkDCT/DitBlock/kernel.cpp:471]   --->   Operation 46 'getelementptr' 'local_B_6_addr' <Predicate = true> <Delay = 0.00>
ST_2 : Operation 47 [1/1] (0.00ns)   --->   "%local_B_7_addr = getelementptr i32 %local_B_7, i64 0, i64 %zext_ln434" [/home/silvenchen/Desktop/DitBlock/WorkDCT/DitBlock/kernel.cpp:434->/home/silvenchen/Desktop/DitBlock/WorkDCT/DitBlock/kernel.cpp:471]   --->   Operation 47 'getelementptr' 'local_B_7_addr' <Predicate = true> <Delay = 0.00>
ST_2 : Operation 48 [1/1] (0.00ns)   --->   "%specpipeline_ln436 = specpipeline void @_ssdm_op_SpecPipeline, i32 1, i32 0, i32 0, i32 0, void @empty_191" [/home/silvenchen/Desktop/DitBlock/WorkDCT/DitBlock/kernel.cpp:436->/home/silvenchen/Desktop/DitBlock/WorkDCT/DitBlock/kernel.cpp:471]   --->   Operation 48 'specpipeline' 'specpipeline_ln436' <Predicate = true> <Delay = 0.00>
ST_2 : Operation 49 [1/2] (1.24ns)   --->   "%v232 = load i16 %v237_addr" [/home/silvenchen/Desktop/DitBlock/WorkDCT/DitBlock/kernel.cpp:437->/home/silvenchen/Desktop/DitBlock/WorkDCT/DitBlock/kernel.cpp:471]   --->   Operation 49 'load' 'v232' <Predicate = true> <Delay = 1.24> <CoreInst = "RAM">   --->   Core 83 'RAM' <Latency = 1> <II = 1> <Delay = 1.24> <Storage> <Opcode : 'load' 'store'> <Ports = 2> <Width = 32> <Depth = 65536> <RAM>
ST_2 : Operation 50 [1/1] (0.60ns)   --->   "%store_ln438 = store i32 %v232, i7 %local_B_6_addr" [/home/silvenchen/Desktop/DitBlock/WorkDCT/DitBlock/kernel.cpp:438->/home/silvenchen/Desktop/DitBlock/WorkDCT/DitBlock/kernel.cpp:471]   --->   Operation 50 'store' 'store_ln438' <Predicate = (trunc_ln435 == 6)> <Delay = 0.60> <CoreInst = "RAM">   --->   Core 83 'RAM' <Latency = 1> <II = 1> <Delay = 0.60> <Storage> <Opcode : 'load' 'store'> <Ports = 2> <Width = 32> <Depth = 128> <RAM>
ST_2 : Operation 51 [1/1] (0.00ns)   --->   "%br_ln438 = br void %arrayidx384.i.exit" [/home/silvenchen/Desktop/DitBlock/WorkDCT/DitBlock/kernel.cpp:438->/home/silvenchen/Desktop/DitBlock/WorkDCT/DitBlock/kernel.cpp:471]   --->   Operation 51 'br' 'br_ln438' <Predicate = (trunc_ln435 == 6)> <Delay = 0.00>
ST_2 : Operation 52 [1/1] (0.60ns)   --->   "%store_ln438 = store i32 %v232, i7 %local_B_5_addr" [/home/silvenchen/Desktop/DitBlock/WorkDCT/DitBlock/kernel.cpp:438->/home/silvenchen/Desktop/DitBlock/WorkDCT/DitBlock/kernel.cpp:471]   --->   Operation 52 'store' 'store_ln438' <Predicate = (trunc_ln435 == 5)> <Delay = 0.60> <CoreInst = "RAM">   --->   Core 83 'RAM' <Latency = 1> <II = 1> <Delay = 0.60> <Storage> <Opcode : 'load' 'store'> <Ports = 2> <Width = 32> <Depth = 128> <RAM>
ST_2 : Operation 53 [1/1] (0.00ns)   --->   "%br_ln438 = br void %arrayidx384.i.exit" [/home/silvenchen/Desktop/DitBlock/WorkDCT/DitBlock/kernel.cpp:438->/home/silvenchen/Desktop/DitBlock/WorkDCT/DitBlock/kernel.cpp:471]   --->   Operation 53 'br' 'br_ln438' <Predicate = (trunc_ln435 == 5)> <Delay = 0.00>
ST_2 : Operation 54 [1/1] (0.60ns)   --->   "%store_ln438 = store i32 %v232, i7 %local_B_4_addr" [/home/silvenchen/Desktop/DitBlock/WorkDCT/DitBlock/kernel.cpp:438->/home/silvenchen/Desktop/DitBlock/WorkDCT/DitBlock/kernel.cpp:471]   --->   Operation 54 'store' 'store_ln438' <Predicate = (trunc_ln435 == 4)> <Delay = 0.60> <CoreInst = "RAM">   --->   Core 83 'RAM' <Latency = 1> <II = 1> <Delay = 0.60> <Storage> <Opcode : 'load' 'store'> <Ports = 2> <Width = 32> <Depth = 128> <RAM>
ST_2 : Operation 55 [1/1] (0.00ns)   --->   "%br_ln438 = br void %arrayidx384.i.exit" [/home/silvenchen/Desktop/DitBlock/WorkDCT/DitBlock/kernel.cpp:438->/home/silvenchen/Desktop/DitBlock/WorkDCT/DitBlock/kernel.cpp:471]   --->   Operation 55 'br' 'br_ln438' <Predicate = (trunc_ln435 == 4)> <Delay = 0.00>
ST_2 : Operation 56 [1/1] (0.60ns)   --->   "%store_ln438 = store i32 %v232, i7 %local_B_3_addr" [/home/silvenchen/Desktop/DitBlock/WorkDCT/DitBlock/kernel.cpp:438->/home/silvenchen/Desktop/DitBlock/WorkDCT/DitBlock/kernel.cpp:471]   --->   Operation 56 'store' 'store_ln438' <Predicate = (trunc_ln435 == 3)> <Delay = 0.60> <CoreInst = "RAM">   --->   Core 83 'RAM' <Latency = 1> <II = 1> <Delay = 0.60> <Storage> <Opcode : 'load' 'store'> <Ports = 2> <Width = 32> <Depth = 128> <RAM>
ST_2 : Operation 57 [1/1] (0.00ns)   --->   "%br_ln438 = br void %arrayidx384.i.exit" [/home/silvenchen/Desktop/DitBlock/WorkDCT/DitBlock/kernel.cpp:438->/home/silvenchen/Desktop/DitBlock/WorkDCT/DitBlock/kernel.cpp:471]   --->   Operation 57 'br' 'br_ln438' <Predicate = (trunc_ln435 == 3)> <Delay = 0.00>
ST_2 : Operation 58 [1/1] (0.60ns)   --->   "%store_ln438 = store i32 %v232, i7 %local_B_2_addr" [/home/silvenchen/Desktop/DitBlock/WorkDCT/DitBlock/kernel.cpp:438->/home/silvenchen/Desktop/DitBlock/WorkDCT/DitBlock/kernel.cpp:471]   --->   Operation 58 'store' 'store_ln438' <Predicate = (trunc_ln435 == 2)> <Delay = 0.60> <CoreInst = "RAM">   --->   Core 83 'RAM' <Latency = 1> <II = 1> <Delay = 0.60> <Storage> <Opcode : 'load' 'store'> <Ports = 2> <Width = 32> <Depth = 128> <RAM>
ST_2 : Operation 59 [1/1] (0.00ns)   --->   "%br_ln438 = br void %arrayidx384.i.exit" [/home/silvenchen/Desktop/DitBlock/WorkDCT/DitBlock/kernel.cpp:438->/home/silvenchen/Desktop/DitBlock/WorkDCT/DitBlock/kernel.cpp:471]   --->   Operation 59 'br' 'br_ln438' <Predicate = (trunc_ln435 == 2)> <Delay = 0.00>
ST_2 : Operation 60 [1/1] (0.60ns)   --->   "%store_ln438 = store i32 %v232, i7 %local_B_1_addr" [/home/silvenchen/Desktop/DitBlock/WorkDCT/DitBlock/kernel.cpp:438->/home/silvenchen/Desktop/DitBlock/WorkDCT/DitBlock/kernel.cpp:471]   --->   Operation 60 'store' 'store_ln438' <Predicate = (trunc_ln435 == 1)> <Delay = 0.60> <CoreInst = "RAM">   --->   Core 83 'RAM' <Latency = 1> <II = 1> <Delay = 0.60> <Storage> <Opcode : 'load' 'store'> <Ports = 2> <Width = 32> <Depth = 128> <RAM>
ST_2 : Operation 61 [1/1] (0.00ns)   --->   "%br_ln438 = br void %arrayidx384.i.exit" [/home/silvenchen/Desktop/DitBlock/WorkDCT/DitBlock/kernel.cpp:438->/home/silvenchen/Desktop/DitBlock/WorkDCT/DitBlock/kernel.cpp:471]   --->   Operation 61 'br' 'br_ln438' <Predicate = (trunc_ln435 == 1)> <Delay = 0.00>
ST_2 : Operation 62 [1/1] (0.60ns)   --->   "%store_ln438 = store i32 %v232, i7 %local_B_addr" [/home/silvenchen/Desktop/DitBlock/WorkDCT/DitBlock/kernel.cpp:438->/home/silvenchen/Desktop/DitBlock/WorkDCT/DitBlock/kernel.cpp:471]   --->   Operation 62 'store' 'store_ln438' <Predicate = (trunc_ln435 == 0)> <Delay = 0.60> <CoreInst = "RAM">   --->   Core 83 'RAM' <Latency = 1> <II = 1> <Delay = 0.60> <Storage> <Opcode : 'load' 'store'> <Ports = 2> <Width = 32> <Depth = 128> <RAM>
ST_2 : Operation 63 [1/1] (0.00ns)   --->   "%br_ln438 = br void %arrayidx384.i.exit" [/home/silvenchen/Desktop/DitBlock/WorkDCT/DitBlock/kernel.cpp:438->/home/silvenchen/Desktop/DitBlock/WorkDCT/DitBlock/kernel.cpp:471]   --->   Operation 63 'br' 'br_ln438' <Predicate = (trunc_ln435 == 0)> <Delay = 0.00>
ST_2 : Operation 64 [1/1] (0.60ns)   --->   "%store_ln438 = store i32 %v232, i7 %local_B_7_addr" [/home/silvenchen/Desktop/DitBlock/WorkDCT/DitBlock/kernel.cpp:438->/home/silvenchen/Desktop/DitBlock/WorkDCT/DitBlock/kernel.cpp:471]   --->   Operation 64 'store' 'store_ln438' <Predicate = (trunc_ln435 == 7)> <Delay = 0.60> <CoreInst = "RAM">   --->   Core 83 'RAM' <Latency = 1> <II = 1> <Delay = 0.60> <Storage> <Opcode : 'load' 'store'> <Ports = 2> <Width = 32> <Depth = 128> <RAM>
ST_2 : Operation 65 [1/1] (0.00ns)   --->   "%br_ln438 = br void %arrayidx384.i.exit" [/home/silvenchen/Desktop/DitBlock/WorkDCT/DitBlock/kernel.cpp:438->/home/silvenchen/Desktop/DitBlock/WorkDCT/DitBlock/kernel.cpp:471]   --->   Operation 65 'br' 'br_ln438' <Predicate = (trunc_ln435 == 7)> <Delay = 0.00>


============================================================
+ Verbose Summary: Timing violations
============================================================
Target clock period: 10.000ns, clock uncertainty: 2.700ns.

 <State 1>: 3.409ns
The critical path consists of the following:
	'store' operation 0 bit ('store_ln435', /home/silvenchen/Desktop/DitBlock/WorkDCT/DitBlock/kernel.cpp:435->/home/silvenchen/Desktop/DitBlock/WorkDCT/DitBlock/kernel.cpp:471) of constant 0 on local variable 'bj', /home/silvenchen/Desktop/DitBlock/WorkDCT/DitBlock/kernel.cpp:435->/home/silvenchen/Desktop/DitBlock/WorkDCT/DitBlock/kernel.cpp:471 [17]  (0.387 ns)
	'load' operation 4 bit ('bj_load', /home/silvenchen/Desktop/DitBlock/WorkDCT/DitBlock/kernel.cpp:435->/home/silvenchen/Desktop/DitBlock/WorkDCT/DitBlock/kernel.cpp:471) on local variable 'bj', /home/silvenchen/Desktop/DitBlock/WorkDCT/DitBlock/kernel.cpp:435->/home/silvenchen/Desktop/DitBlock/WorkDCT/DitBlock/kernel.cpp:471 [25]  (0.000 ns)
	'icmp' operation 1 bit ('icmp_ln435', /home/silvenchen/Desktop/DitBlock/WorkDCT/DitBlock/kernel.cpp:435->/home/silvenchen/Desktop/DitBlock/WorkDCT/DitBlock/kernel.cpp:471) [30]  (0.708 ns)
	'select' operation 4 bit ('select_ln434', /home/silvenchen/Desktop/DitBlock/WorkDCT/DitBlock/kernel.cpp:434->/home/silvenchen/Desktop/DitBlock/WorkDCT/DitBlock/kernel.cpp:471) [31]  (0.351 ns)
	'add' operation 9 bit ('add_ln437', /home/silvenchen/Desktop/DitBlock/WorkDCT/DitBlock/kernel.cpp:437->/home/silvenchen/Desktop/DitBlock/WorkDCT/DitBlock/kernel.cpp:471) [46]  (0.715 ns)
	'getelementptr' operation 16 bit ('v237_addr', /home/silvenchen/Desktop/DitBlock/WorkDCT/DitBlock/kernel.cpp:437->/home/silvenchen/Desktop/DitBlock/WorkDCT/DitBlock/kernel.cpp:471) [49]  (0.000 ns)
	'load' operation 32 bit ('v232', /home/silvenchen/Desktop/DitBlock/WorkDCT/DitBlock/kernel.cpp:437->/home/silvenchen/Desktop/DitBlock/WorkDCT/DitBlock/kernel.cpp:471) on array 'v237' [50]  (1.248 ns)

 <State 2>: 1.848ns
The critical path consists of the following:
	'load' operation 32 bit ('v232', /home/silvenchen/Desktop/DitBlock/WorkDCT/DitBlock/kernel.cpp:437->/home/silvenchen/Desktop/DitBlock/WorkDCT/DitBlock/kernel.cpp:471) on array 'v237' [50]  (1.248 ns)
	'store' operation 0 bit ('store_ln438', /home/silvenchen/Desktop/DitBlock/WorkDCT/DitBlock/kernel.cpp:438->/home/silvenchen/Desktop/DitBlock/WorkDCT/DitBlock/kernel.cpp:471) of variable 'v232', /home/silvenchen/Desktop/DitBlock/WorkDCT/DitBlock/kernel.cpp:437->/home/silvenchen/Desktop/DitBlock/WorkDCT/DitBlock/kernel.cpp:471 on array 'local_B_2' [65]  (0.600 ns)


============================================================
+ Verbose Summary: Binding
============================================================
N/A
* FSMD analyzer results:
  - Output states:
 - Input state : 
  - Chain level:
	State 1
	State 2


============================================================
+ Verbose Summary: Datapath Resource usage 
============================================================
N/A
