

================================================================
== Vitis HLS Report for 'adaLN_modulate_Pipeline_l_store_C_tile_sj'
================================================================
* Date:           Wed Feb  5 22:34:00 2025

* Version:        2023.2 (Build 4023990 on Oct 11 2023)
* Project:        DitBlock
* Solution:       hls (Vivado IP Flow Target)
* Product family: virtexuplusHBM
* Target device:  xcu280-fsvh2892-2L-e


================================================================
== Performance Estimates
================================================================
+ Timing: 
    * Summary: 
    +--------+----------+----------+------------+
    |  Clock |  Target  | Estimated| Uncertainty|
    +--------+----------+----------+------------+
    |ap_clk  |  10.00 ns|  2.298 ns|     2.70 ns|
    +--------+----------+----------+------------+

+ Latency: 
    * Summary: 
    +---------+---------+----------+----------+-----+-----+---------+
    |  Latency (cycles) |  Latency (absolute) |  Interval | Pipeline|
    |   min   |   max   |    min   |    max   | min | max |   Type  |
    +---------+---------+----------+----------+-----+-----+---------+
    |       10|       10|  0.100 us|  0.100 us|   10|   10|       no|
    +---------+---------+----------+----------+-----+-----+---------+

    + Detail: 
        * Instance: 
        N/A

        * Loop: 
        +---------------------+---------+---------+----------+-----------+-----------+------+----------+
        |                     |  Latency (cycles) | Iteration|  Initiation Interval  | Trip |          |
        |      Loop Name      |   min   |   max   |  Latency |  achieved |   target  | Count| Pipelined|
        +---------------------+---------+---------+----------+-----------+-----------+------+----------+
        |- l_store_C_tile_sj  |        8|        8|         1|          1|          1|     8|       yes|
        +---------------------+---------+---------+----------+-----------+-----------+------+----------+

============================================================
+ Verbose Summary: Synthesis Manager
============================================================
InlineROM: 1
ExposeGlobal: 0
============================================================
+ Verbose Summary: CDFG Model
============================================================
IsTopModel: 0
ResetActiveHigh: 1
IsCombinational: 0
IsDatapathOnly: 0
HasWiredReturn: 1
HasMFsm: 2
HasVarLatency: 1
IsPipeline: 0
IsRtlPipelined: 0
IsInstanceOverlapped: 0
IsDontTouch: 0
HasImplIP: 0
IsGatedGlobalClock: 0

+ Individual pipeline summary: 
  * Pipeline-0: initiation interval (II) = 1, depth = 1


============================================================
+ Verbose Summary: Schedule
============================================================
* Number of FSM states : 1
* Pipeline : 1
  Pipeline-0 : II = 1, D = 1, States = { 1 }
* Dataflow Pipeline: 0

* FSM state transitions: 
1 --> 

* FSM state operations: 

State 1 <SV = 0> <Delay = 2.29>
ST_1 : Operation 4 [1/1] (0.00ns)   --->   "%sj = alloca i32 1" [/home/silvenchen/Desktop/DitBlock/WorkDCT/DitBlock/kernel.cpp:444->/home/silvenchen/Desktop/DitBlock/WorkDCT/DitBlock/kernel.cpp:527]   --->   Operation 4 'alloca' 'sj' <Predicate = true> <Delay = 0.00>
ST_1 : Operation 5 [1/1] (0.00ns)   --->   "%local_C_0_7_load_read = read i32 @_ssdm_op_Read.ap_auto.float, i32 %local_C_0_7_load"   --->   Operation 5 'read' 'local_C_0_7_load_read' <Predicate = true> <Delay = 0.00>
ST_1 : Operation 6 [1/1] (0.00ns)   --->   "%local_C_0_6_load_read = read i32 @_ssdm_op_Read.ap_auto.float, i32 %local_C_0_6_load"   --->   Operation 6 'read' 'local_C_0_6_load_read' <Predicate = true> <Delay = 0.00>
ST_1 : Operation 7 [1/1] (0.00ns)   --->   "%local_C_0_5_load_read = read i32 @_ssdm_op_Read.ap_auto.float, i32 %local_C_0_5_load"   --->   Operation 7 'read' 'local_C_0_5_load_read' <Predicate = true> <Delay = 0.00>
ST_1 : Operation 8 [1/1] (0.00ns)   --->   "%local_C_0_4_load_read = read i32 @_ssdm_op_Read.ap_auto.float, i32 %local_C_0_4_load"   --->   Operation 8 'read' 'local_C_0_4_load_read' <Predicate = true> <Delay = 0.00>
ST_1 : Operation 9 [1/1] (0.00ns)   --->   "%local_C_0_3_load_read = read i32 @_ssdm_op_Read.ap_auto.float, i32 %local_C_0_3_load"   --->   Operation 9 'read' 'local_C_0_3_load_read' <Predicate = true> <Delay = 0.00>
ST_1 : Operation 10 [1/1] (0.00ns)   --->   "%local_C_0_2_load_read = read i32 @_ssdm_op_Read.ap_auto.float, i32 %local_C_0_2_load"   --->   Operation 10 'read' 'local_C_0_2_load_read' <Predicate = true> <Delay = 0.00>
ST_1 : Operation 11 [1/1] (0.00ns)   --->   "%local_C_0_1_load_read = read i32 @_ssdm_op_Read.ap_auto.float, i32 %local_C_0_1_load"   --->   Operation 11 'read' 'local_C_0_1_load_read' <Predicate = true> <Delay = 0.00>
ST_1 : Operation 12 [1/1] (0.00ns)   --->   "%local_C_0_load_read = read i32 @_ssdm_op_Read.ap_auto.float, i32 %local_C_0_load"   --->   Operation 12 'read' 'local_C_0_load_read' <Predicate = true> <Delay = 0.00>
ST_1 : Operation 13 [1/1] (0.00ns)   --->   "%tmp_104_read = read i9 @_ssdm_op_Read.ap_auto.i9, i9 %tmp_104"   --->   Operation 13 'read' 'tmp_104_read' <Predicate = true> <Delay = 0.00>
ST_1 : Operation 14 [1/1] (0.38ns)   --->   "%store_ln444 = store i4 0, i4 %sj" [/home/silvenchen/Desktop/DitBlock/WorkDCT/DitBlock/kernel.cpp:444->/home/silvenchen/Desktop/DitBlock/WorkDCT/DitBlock/kernel.cpp:527]   --->   Operation 14 'store' 'store_ln444' <Predicate = true> <Delay = 0.38>
ST_1 : Operation 15 [1/1] (0.00ns)   --->   "%br_ln0 = br void %l_si.i"   --->   Operation 15 'br' 'br_ln0' <Predicate = true> <Delay = 0.00>
ST_1 : Operation 16 [1/1] (0.00ns)   --->   "%sj_1 = load i4 %sj" [/home/silvenchen/Desktop/DitBlock/WorkDCT/DitBlock/kernel.cpp:444->/home/silvenchen/Desktop/DitBlock/WorkDCT/DitBlock/kernel.cpp:527]   --->   Operation 16 'load' 'sj_1' <Predicate = true> <Delay = 0.00>
ST_1 : Operation 17 [1/1] (0.70ns)   --->   "%icmp_ln444 = icmp_eq  i4 %sj_1, i4 8" [/home/silvenchen/Desktop/DitBlock/WorkDCT/DitBlock/kernel.cpp:444->/home/silvenchen/Desktop/DitBlock/WorkDCT/DitBlock/kernel.cpp:527]   --->   Operation 17 'icmp' 'icmp_ln444' <Predicate = true> <Delay = 0.70> <CoreInst = "Cmp">   --->   Core 9 'Cmp' <Latency = 0> <II = 1> <Delay = 0.70> <FuncUnit> <Opcode : 'icmp'> <InPorts = 2> <OutPorts = 1>
ST_1 : Operation 18 [1/1] (0.70ns)   --->   "%add_ln444 = add i4 %sj_1, i4 1" [/home/silvenchen/Desktop/DitBlock/WorkDCT/DitBlock/kernel.cpp:444->/home/silvenchen/Desktop/DitBlock/WorkDCT/DitBlock/kernel.cpp:527]   --->   Operation 18 'add' 'add_ln444' <Predicate = true> <Delay = 0.70> <CoreInst = "Adder">   --->   Core 1 'Adder' <Latency = 0> <II = 1> <Delay = 0.70> <FuncUnit> <Opcode : 'add' 'sub'> <InPorts = 2> <OutPorts = 1>
ST_1 : Operation 19 [1/1] (0.00ns)   --->   "%br_ln444 = br i1 %icmp_ln444, void %l_si.i.split, void %for.inc72.i.exitStub" [/home/silvenchen/Desktop/DitBlock/WorkDCT/DitBlock/kernel.cpp:444->/home/silvenchen/Desktop/DitBlock/WorkDCT/DitBlock/kernel.cpp:527]   --->   Operation 19 'br' 'br_ln444' <Predicate = true> <Delay = 0.00>
ST_1 : Operation 20 [1/1] (0.00ns)   --->   "%zext_ln444 = zext i4 %sj_1" [/home/silvenchen/Desktop/DitBlock/WorkDCT/DitBlock/kernel.cpp:444->/home/silvenchen/Desktop/DitBlock/WorkDCT/DitBlock/kernel.cpp:527]   --->   Operation 20 'zext' 'zext_ln444' <Predicate = (!icmp_ln444)> <Delay = 0.00>
ST_1 : Operation 21 [1/1] (0.00ns)   --->   "%specpipeline_ln445 = specpipeline void @_ssdm_op_SpecPipeline, i32 1, i32 0, i32 0, i32 0, void @empty_219" [/home/silvenchen/Desktop/DitBlock/WorkDCT/DitBlock/kernel.cpp:445->/home/silvenchen/Desktop/DitBlock/WorkDCT/DitBlock/kernel.cpp:527]   --->   Operation 21 'specpipeline' 'specpipeline_ln445' <Predicate = (!icmp_ln444)> <Delay = 0.00>
ST_1 : Operation 22 [1/1] (0.00ns)   --->   "%speclooptripcount_ln444 = speclooptripcount void @_ssdm_op_SpecLoopTripCount, i64 8, i64 8, i64 8" [/home/silvenchen/Desktop/DitBlock/WorkDCT/DitBlock/kernel.cpp:444->/home/silvenchen/Desktop/DitBlock/WorkDCT/DitBlock/kernel.cpp:527]   --->   Operation 22 'speclooptripcount' 'speclooptripcount_ln444' <Predicate = (!icmp_ln444)> <Delay = 0.00>
ST_1 : Operation 23 [1/1] (0.00ns)   --->   "%specloopname_ln444 = specloopname void @_ssdm_op_SpecLoopName, void @empty_226" [/home/silvenchen/Desktop/DitBlock/WorkDCT/DitBlock/kernel.cpp:444->/home/silvenchen/Desktop/DitBlock/WorkDCT/DitBlock/kernel.cpp:527]   --->   Operation 23 'specloopname' 'specloopname_ln444' <Predicate = (!icmp_ln444)> <Delay = 0.00>
ST_1 : Operation 24 [1/1] (0.00ns)   --->   "%trunc_ln444 = trunc i4 %sj_1" [/home/silvenchen/Desktop/DitBlock/WorkDCT/DitBlock/kernel.cpp:444->/home/silvenchen/Desktop/DitBlock/WorkDCT/DitBlock/kernel.cpp:527]   --->   Operation 24 'trunc' 'trunc_ln444' <Predicate = (!icmp_ln444)> <Delay = 0.00>
ST_1 : Operation 25 [1/1] (0.71ns)   --->   "%empty = add i9 %tmp_104_read, i9 %zext_ln444" [/home/silvenchen/Desktop/DitBlock/WorkDCT/DitBlock/kernel.cpp:444->/home/silvenchen/Desktop/DitBlock/WorkDCT/DitBlock/kernel.cpp:527]   --->   Operation 25 'add' 'empty' <Predicate = (!icmp_ln444)> <Delay = 0.71> <CoreInst = "Adder">   --->   Core 1 'Adder' <Latency = 0> <II = 1> <Delay = 0.71> <FuncUnit> <Opcode : 'add' 'sub'> <InPorts = 2> <OutPorts = 1>
ST_1 : Operation 26 [1/1] (0.00ns)   --->   "%zext_ln447 = zext i9 %empty" [/home/silvenchen/Desktop/DitBlock/WorkDCT/DitBlock/kernel.cpp:447->/home/silvenchen/Desktop/DitBlock/WorkDCT/DitBlock/kernel.cpp:527]   --->   Operation 26 'zext' 'zext_ln447' <Predicate = (!icmp_ln444)> <Delay = 0.00>
ST_1 : Operation 27 [1/1] (0.58ns)   --->   "%v235 = sparsemux i32 @_ssdm_op_SparseMux.ap_auto.8f32.f32.i3, i3 0, i32 %local_C_0_load_read, i3 1, i32 %local_C_0_1_load_read, i3 2, i32 %local_C_0_2_load_read, i3 3, i32 %local_C_0_3_load_read, i3 4, i32 %local_C_0_4_load_read, i3 5, i32 %local_C_0_5_load_read, i3 6, i32 %local_C_0_6_load_read, i3 7, i32 %local_C_0_7_load_read, i32 <undef>, i3 %trunc_ln444" [/home/silvenchen/Desktop/DitBlock/WorkDCT/DitBlock/kernel.cpp:447->/home/silvenchen/Desktop/DitBlock/WorkDCT/DitBlock/kernel.cpp:527]   --->   Operation 27 'sparsemux' 'v235' <Predicate = (!icmp_ln444)> <Delay = 0.58> <CoreInst = "SparseMux">   --->   Core 147 'SparseMux' <Latency = 0> <II = 1> <Delay = 0.58> <FuncUnit> <Opcode : 'sparsemux'> <InPorts = 2> <OutPorts = 1>
ST_1 : Operation 28 [1/1] (0.00ns)   --->   "%Y_0_addr = getelementptr i32 %Y_0, i64 0, i64 %zext_ln447" [/home/silvenchen/Desktop/DitBlock/WorkDCT/DitBlock/kernel.cpp:448->/home/silvenchen/Desktop/DitBlock/WorkDCT/DitBlock/kernel.cpp:527]   --->   Operation 28 'getelementptr' 'Y_0_addr' <Predicate = (!icmp_ln444)> <Delay = 0.00>
ST_1 : Operation 29 [1/1] (1.19ns)   --->   "%store_ln448 = store i32 %v235, i9 %Y_0_addr" [/home/silvenchen/Desktop/DitBlock/WorkDCT/DitBlock/kernel.cpp:448->/home/silvenchen/Desktop/DitBlock/WorkDCT/DitBlock/kernel.cpp:527]   --->   Operation 29 'store' 'store_ln448' <Predicate = (!icmp_ln444)> <Delay = 1.19> <CoreInst = "RAM">   --->   Core 83 'RAM' <Latency = 1> <II = 1> <Delay = 1.19> <Storage> <Opcode : 'load' 'store'> <Ports = 2> <Width = 32> <Depth = 512> <RAM>
ST_1 : Operation 30 [1/1] (0.38ns)   --->   "%store_ln444 = store i4 %add_ln444, i4 %sj" [/home/silvenchen/Desktop/DitBlock/WorkDCT/DitBlock/kernel.cpp:444->/home/silvenchen/Desktop/DitBlock/WorkDCT/DitBlock/kernel.cpp:527]   --->   Operation 30 'store' 'store_ln444' <Predicate = (!icmp_ln444)> <Delay = 0.38>
ST_1 : Operation 31 [1/1] (0.00ns)   --->   "%br_ln444 = br void %l_si.i" [/home/silvenchen/Desktop/DitBlock/WorkDCT/DitBlock/kernel.cpp:444->/home/silvenchen/Desktop/DitBlock/WorkDCT/DitBlock/kernel.cpp:527]   --->   Operation 31 'br' 'br_ln444' <Predicate = (!icmp_ln444)> <Delay = 0.00>
ST_1 : Operation 32 [1/1] (0.00ns)   --->   "%ret_ln0 = ret"   --->   Operation 32 'ret' 'ret_ln0' <Predicate = (icmp_ln444)> <Delay = 0.00>


============================================================
+ Verbose Summary: Timing violations
============================================================
Target clock period: 10.000ns, clock uncertainty: 2.700ns.

 <State 1>: 2.298ns
The critical path consists of the following:
	'store' operation 0 bit ('store_ln444', /home/silvenchen/Desktop/DitBlock/WorkDCT/DitBlock/kernel.cpp:444->/home/silvenchen/Desktop/DitBlock/WorkDCT/DitBlock/kernel.cpp:527) of constant 0 on local variable 'sj', /home/silvenchen/Desktop/DitBlock/WorkDCT/DitBlock/kernel.cpp:444->/home/silvenchen/Desktop/DitBlock/WorkDCT/DitBlock/kernel.cpp:527 [21]  (0.387 ns)
	'load' operation 4 bit ('sj', /home/silvenchen/Desktop/DitBlock/WorkDCT/DitBlock/kernel.cpp:444->/home/silvenchen/Desktop/DitBlock/WorkDCT/DitBlock/kernel.cpp:527) on local variable 'sj', /home/silvenchen/Desktop/DitBlock/WorkDCT/DitBlock/kernel.cpp:444->/home/silvenchen/Desktop/DitBlock/WorkDCT/DitBlock/kernel.cpp:527 [24]  (0.000 ns)
	'add' operation 9 bit ('empty', /home/silvenchen/Desktop/DitBlock/WorkDCT/DitBlock/kernel.cpp:444->/home/silvenchen/Desktop/DitBlock/WorkDCT/DitBlock/kernel.cpp:527) [34]  (0.715 ns)
	'getelementptr' operation 9 bit ('Y_0_addr', /home/silvenchen/Desktop/DitBlock/WorkDCT/DitBlock/kernel.cpp:448->/home/silvenchen/Desktop/DitBlock/WorkDCT/DitBlock/kernel.cpp:527) [37]  (0.000 ns)
	'store' operation 0 bit ('store_ln448', /home/silvenchen/Desktop/DitBlock/WorkDCT/DitBlock/kernel.cpp:448->/home/silvenchen/Desktop/DitBlock/WorkDCT/DitBlock/kernel.cpp:527) of variable 'v235', /home/silvenchen/Desktop/DitBlock/WorkDCT/DitBlock/kernel.cpp:447->/home/silvenchen/Desktop/DitBlock/WorkDCT/DitBlock/kernel.cpp:527 on array 'Y_0' [38]  (1.196 ns)


============================================================
+ Verbose Summary: Binding
============================================================
N/A
* FSMD analyzer results:
  - Output states:
 - Input state : 
  - Chain level:
	State 1


============================================================
+ Verbose Summary: Datapath Resource usage 
============================================================
N/A
