

================================================================
== Vitis HLS Report for 'adaLN_modulate_Pipeline_l_load_B_tile_bk_l_bj'
================================================================
* Date:           Wed Feb  5 22:35:22 2025

* Version:        2023.2 (Build 4023990 on Oct 11 2023)
* Project:        DitBlock
* Solution:       hls (Vivado IP Flow Target)
* Product family: virtexuplusHBM
* Target device:  xcu280-fsvh2892-2L-e


================================================================
== Performance Estimates
================================================================
+ Timing: 
    * Summary: 
    +--------+----------+----------+------------+
    |  Clock |  Target  | Estimated| Uncertainty|
    +--------+----------+----------+------------+
    |ap_clk  |  10.00 ns|  3.409 ns|     2.70 ns|
    +--------+----------+----------+------------+

+ Latency: 
    * Summary: 
    +---------+---------+-----------+-----------+------+------+---------+
    |  Latency (cycles) |   Latency (absolute)  |   Interval  | Pipeline|
    |   min   |   max   |    min    |    max    |  min |  max |   Type  |
    +---------+---------+-----------+-----------+------+------+---------+
    |     1026|     1026|  10.260 us|  10.260 us|  1026|  1026|       no|
    +---------+---------+-----------+-----------+------+------+---------+

    + Detail: 
        * Instance: 
        N/A

        * Loop: 
        +-------------------------+---------+---------+----------+-----------+-----------+------+----------+
        |                         |  Latency (cycles) | Iteration|  Initiation Interval  | Trip |          |
        |        Loop Name        |   min   |   max   |  Latency |  achieved |   target  | Count| Pipelined|
        +-------------------------+---------+---------+----------+-----------+-----------+------+----------+
        |- l_load_B_tile_bk_l_bj  |     1024|     1024|         2|          1|          1|  1024|       yes|
        +-------------------------+---------+---------+----------+-----------+-----------+------+----------+



================================================================
== Utilization Estimates
================================================================
* Summary: 
+---------------------+---------+------+---------+---------+-----+
|         Name        | BRAM_18K|  DSP |    FF   |   LUT   | URAM|
+---------------------+---------+------+---------+---------+-----+
|DSP                  |        -|     -|        -|        -|    -|
|Expression           |        -|     -|        0|      106|    -|
|FIFO                 |        -|     -|        -|        -|    -|
|Instance             |        -|     -|        -|        -|    -|
|Memory               |        -|     -|        -|        -|    -|
|Multiplexer          |        -|     -|        -|       72|    -|
|Register             |        -|     -|       37|        -|    -|
+---------------------+---------+------+---------+---------+-----+
|Total                |        0|     0|       37|      178|    0|
+---------------------+---------+------+---------+---------+-----+
|Available SLR        |     1344|  3008|   869120|   434560|  320|
+---------------------+---------+------+---------+---------+-----+
|Utilization SLR (%)  |        0|     0|       ~0|       ~0|    0|
+---------------------+---------+------+---------+---------+-----+
|Available            |     4032|  9024|  2607360|  1303680|  960|
+---------------------+---------+------+---------+---------+-----+
|Utilization (%)      |        0|     0|       ~0|       ~0|    0|
+---------------------+---------+------+---------+---------+-----+

+ Detail: 
    * Instance: 
    N/A

    * DSP: 
    N/A

    * Memory: 
    N/A

    * FIFO: 
    N/A

    * Expression: 
    +--------------------------+----------+----+---+----+------------+------------+
    |       Variable Name      | Operation| DSP| FF| LUT| Bitwidth P0| Bitwidth P1|
    +--------------------------+----------+----+---+----+------------+------------+
    |add_ln436_1_fu_239_p2     |         +|   0|  0|  18|          11|           1|
    |add_ln436_fu_251_p2       |         +|   0|  0|  15|           8|           1|
    |add_ln437_fu_310_p2       |         +|   0|  0|  12|           4|           1|
    |add_ln439_fu_291_p2       |         +|   0|  0|  16|           9|           9|
    |icmp_ln436_fu_233_p2      |      icmp|   0|  0|  19|          11|          12|
    |icmp_ln437_fu_257_p2      |      icmp|   0|  0|  12|           4|           5|
    |select_ln436_1_fu_271_p3  |    select|   0|  0|   8|           1|           8|
    |select_ln436_fu_263_p3    |    select|   0|  0|   4|           1|           1|
    |ap_enable_pp0             |       xor|   0|  0|   2|           1|           2|
    +--------------------------+----------+----+---+----+------------+------------+
    |Total                     |          |   0|  0| 106|          50|          40|
    +--------------------------+----------+----+---+----+------------+------------+

    * Multiplexer: 
    +--------------------------------------+----+-----------+-----+-----------+
    |                 Name                 | LUT| Input Size| Bits| Total Bits|
    +--------------------------------------+----+-----------+-----+-----------+
    |ap_done_int                           |   9|          2|    1|          2|
    |ap_enable_reg_pp0_iter1               |   9|          2|    1|          2|
    |ap_sig_allocacmp_bj_load              |   9|          2|    4|          8|
    |ap_sig_allocacmp_bk_load              |   9|          2|    8|         16|
    |ap_sig_allocacmp_indvar_flatten_load  |   9|          2|   11|         22|
    |bj_fu_72                              |   9|          2|    4|          8|
    |bk_fu_76                              |   9|          2|    8|         16|
    |indvar_flatten_fu_80                  |   9|          2|   11|         22|
    +--------------------------------------+----+-----------+-----+-----------+
    |Total                                 |  72|         16|   48|         96|
    +--------------------------------------+----+-----------+-----+-----------+

    * Register: 
    +-------------------------+----+----+-----+-----------+
    |           Name          | FF | LUT| Bits| Const Bits|
    +-------------------------+----+----+-----+-----------+
    |ap_CS_fsm                |   1|   0|    1|          0|
    |ap_done_reg              |   1|   0|    1|          0|
    |ap_enable_reg_pp0_iter1  |   1|   0|    1|          0|
    |bj_fu_72                 |   4|   0|    4|          0|
    |bk_fu_76                 |   8|   0|    8|          0|
    |indvar_flatten_fu_80     |  11|   0|   11|          0|
    |select_ln436_1_reg_366   |   8|   0|    8|          0|
    |trunc_ln437_reg_371      |   3|   0|    3|          0|
    +-------------------------+----+----+-----+-----------+
    |Total                    |  37|   0|   37|          0|
    +-------------------------+----+----+-----+-----------+



================================================================
== Interface
================================================================
* Summary: 
+--------------------+-----+-----+------------+-----------------------------------------------+--------------+
|      RTL Ports     | Dir | Bits|  Protocol  |                 Source Object                 |    C Type    |
+--------------------+-----+-----+------------+-----------------------------------------------+--------------+
|ap_clk              |   in|    1|  ap_ctrl_hs|  adaLN_modulate_Pipeline_l_load_B_tile_bk_l_bj|  return value|
|ap_rst              |   in|    1|  ap_ctrl_hs|  adaLN_modulate_Pipeline_l_load_B_tile_bk_l_bj|  return value|
|ap_start            |   in|    1|  ap_ctrl_hs|  adaLN_modulate_Pipeline_l_load_B_tile_bk_l_bj|  return value|
|ap_done             |  out|    1|  ap_ctrl_hs|  adaLN_modulate_Pipeline_l_load_B_tile_bk_l_bj|  return value|
|ap_idle             |  out|    1|  ap_ctrl_hs|  adaLN_modulate_Pipeline_l_load_B_tile_bk_l_bj|  return value|
|ap_ready            |  out|    1|  ap_ctrl_hs|  adaLN_modulate_Pipeline_l_load_B_tile_bk_l_bj|  return value|
|local_B_address0    |  out|    7|   ap_memory|                                        local_B|         array|
|local_B_ce0         |  out|    1|   ap_memory|                                        local_B|         array|
|local_B_we0         |  out|    1|   ap_memory|                                        local_B|         array|
|local_B_d0          |  out|   32|   ap_memory|                                        local_B|         array|
|local_B_1_address0  |  out|    7|   ap_memory|                                      local_B_1|         array|
|local_B_1_ce0       |  out|    1|   ap_memory|                                      local_B_1|         array|
|local_B_1_we0       |  out|    1|   ap_memory|                                      local_B_1|         array|
|local_B_1_d0        |  out|   32|   ap_memory|                                      local_B_1|         array|
|local_B_2_address0  |  out|    7|   ap_memory|                                      local_B_2|         array|
|local_B_2_ce0       |  out|    1|   ap_memory|                                      local_B_2|         array|
|local_B_2_we0       |  out|    1|   ap_memory|                                      local_B_2|         array|
|local_B_2_d0        |  out|   32|   ap_memory|                                      local_B_2|         array|
|local_B_3_address0  |  out|    7|   ap_memory|                                      local_B_3|         array|
|local_B_3_ce0       |  out|    1|   ap_memory|                                      local_B_3|         array|
|local_B_3_we0       |  out|    1|   ap_memory|                                      local_B_3|         array|
|local_B_3_d0        |  out|   32|   ap_memory|                                      local_B_3|         array|
|local_B_4_address0  |  out|    7|   ap_memory|                                      local_B_4|         array|
|local_B_4_ce0       |  out|    1|   ap_memory|                                      local_B_4|         array|
|local_B_4_we0       |  out|    1|   ap_memory|                                      local_B_4|         array|
|local_B_4_d0        |  out|   32|   ap_memory|                                      local_B_4|         array|
|local_B_5_address0  |  out|    7|   ap_memory|                                      local_B_5|         array|
|local_B_5_ce0       |  out|    1|   ap_memory|                                      local_B_5|         array|
|local_B_5_we0       |  out|    1|   ap_memory|                                      local_B_5|         array|
|local_B_5_d0        |  out|   32|   ap_memory|                                      local_B_5|         array|
|local_B_6_address0  |  out|    7|   ap_memory|                                      local_B_6|         array|
|local_B_6_ce0       |  out|    1|   ap_memory|                                      local_B_6|         array|
|local_B_6_we0       |  out|    1|   ap_memory|                                      local_B_6|         array|
|local_B_6_d0        |  out|   32|   ap_memory|                                      local_B_6|         array|
|local_B_7_address0  |  out|    7|   ap_memory|                                      local_B_7|         array|
|local_B_7_ce0       |  out|    1|   ap_memory|                                      local_B_7|         array|
|local_B_7_we0       |  out|    1|   ap_memory|                                      local_B_7|         array|
|local_B_7_d0        |  out|   32|   ap_memory|                                      local_B_7|         array|
|tmp_104             |   in|    9|     ap_none|                                        tmp_104|        scalar|
|v237_address0       |  out|   16|   ap_memory|                                           v237|         array|
|v237_ce0            |  out|    1|   ap_memory|                                           v237|         array|
|v237_q0             |   in|   32|   ap_memory|                                           v237|         array|
+--------------------+-----+-----+------------+-----------------------------------------------+--------------+

============================================================
+ Verbose Summary: Synthesis Manager
============================================================
InlineROM: 1
ExposeGlobal: 0
============================================================
+ Verbose Summary: CDFG Model
============================================================
IsTopModel: 0
ResetActiveHigh: 1
IsCombinational: 2
IsDatapathOnly: 2
HasWiredReturn: 1
HasMFsm: 2
HasVarLatency: 1
IsPipeline: 0
IsRtlPipelined: 0
IsInstanceOverlapped: 0
IsDontTouch: 0
HasImplIP: 0
IsGatedGlobalClock: 0

+ Individual pipeline summary: 
  * Pipeline-0: initiation interval (II) = 1, depth = 2


============================================================
+ Verbose Summary: Schedule
============================================================
* Number of FSM states : 2
* Pipeline : 1
  Pipeline-0 : II = 1, D = 2, States = { 1 2 }
* Dataflow Pipeline: 0

* FSM state transitions: 
1 --> 2 
2 --> 

* FSM state operations: 

State 1 <SV = 0> <Delay = 3.40>
ST_1 : Operation 5 [1/1] (0.00ns)   --->   "%bj = alloca i32 1" [/home/silvenchen/Desktop/DitBlock/WorkDCT/DitBlock/kernel.cpp:437->/home/silvenchen/Desktop/DitBlock/WorkDCT/DitBlock/kernel.cpp:527]   --->   Operation 5 'alloca' 'bj' <Predicate = true> <Delay = 0.00>
ST_1 : Operation 6 [1/1] (0.00ns)   --->   "%bk = alloca i32 1" [/home/silvenchen/Desktop/DitBlock/WorkDCT/DitBlock/kernel.cpp:436->/home/silvenchen/Desktop/DitBlock/WorkDCT/DitBlock/kernel.cpp:527]   --->   Operation 6 'alloca' 'bk' <Predicate = true> <Delay = 0.00>
ST_1 : Operation 7 [1/1] (0.00ns)   --->   "%indvar_flatten = alloca i32 1"   --->   Operation 7 'alloca' 'indvar_flatten' <Predicate = true> <Delay = 0.00>
ST_1 : Operation 8 [1/1] (0.00ns)   --->   "%tmp_104_read = read i9 @_ssdm_op_Read.ap_auto.i9, i9 %tmp_104"   --->   Operation 8 'read' 'tmp_104_read' <Predicate = true> <Delay = 0.00>
ST_1 : Operation 9 [1/1] (0.38ns)   --->   "%store_ln0 = store i11 0, i11 %indvar_flatten"   --->   Operation 9 'store' 'store_ln0' <Predicate = true> <Delay = 0.38>
ST_1 : Operation 10 [1/1] (0.38ns)   --->   "%store_ln436 = store i8 0, i8 %bk" [/home/silvenchen/Desktop/DitBlock/WorkDCT/DitBlock/kernel.cpp:436->/home/silvenchen/Desktop/DitBlock/WorkDCT/DitBlock/kernel.cpp:527]   --->   Operation 10 'store' 'store_ln436' <Predicate = true> <Delay = 0.38>
ST_1 : Operation 11 [1/1] (0.38ns)   --->   "%store_ln437 = store i4 0, i4 %bj" [/home/silvenchen/Desktop/DitBlock/WorkDCT/DitBlock/kernel.cpp:437->/home/silvenchen/Desktop/DitBlock/WorkDCT/DitBlock/kernel.cpp:527]   --->   Operation 11 'store' 'store_ln437' <Predicate = true> <Delay = 0.38>
ST_1 : Operation 12 [1/1] (0.00ns)   --->   "%br_ln0 = br void %for.inc39.i"   --->   Operation 12 'br' 'br_ln0' <Predicate = true> <Delay = 0.00>
ST_1 : Operation 13 [1/1] (0.00ns)   --->   "%indvar_flatten_load = load i11 %indvar_flatten" [/home/silvenchen/Desktop/DitBlock/WorkDCT/DitBlock/kernel.cpp:436->/home/silvenchen/Desktop/DitBlock/WorkDCT/DitBlock/kernel.cpp:527]   --->   Operation 13 'load' 'indvar_flatten_load' <Predicate = true> <Delay = 0.00>
ST_1 : Operation 14 [1/1] (0.73ns)   --->   "%icmp_ln436 = icmp_eq  i11 %indvar_flatten_load, i11 1024" [/home/silvenchen/Desktop/DitBlock/WorkDCT/DitBlock/kernel.cpp:436->/home/silvenchen/Desktop/DitBlock/WorkDCT/DitBlock/kernel.cpp:527]   --->   Operation 14 'icmp' 'icmp_ln436' <Predicate = true> <Delay = 0.73> <CoreInst = "Cmp">   --->   Core 9 'Cmp' <Latency = 0> <II = 1> <Delay = 0.74> <FuncUnit> <Opcode : 'icmp'> <InPorts = 2> <OutPorts = 1>
ST_1 : Operation 15 [1/1] (0.73ns)   --->   "%add_ln436_1 = add i11 %indvar_flatten_load, i11 1" [/home/silvenchen/Desktop/DitBlock/WorkDCT/DitBlock/kernel.cpp:436->/home/silvenchen/Desktop/DitBlock/WorkDCT/DitBlock/kernel.cpp:527]   --->   Operation 15 'add' 'add_ln436_1' <Predicate = true> <Delay = 0.73> <CoreInst = "Adder">   --->   Core 1 'Adder' <Latency = 0> <II = 1> <Delay = 0.73> <FuncUnit> <Opcode : 'add' 'sub'> <InPorts = 2> <OutPorts = 1>
ST_1 : Operation 16 [1/1] (0.00ns)   --->   "%br_ln436 = br i1 %icmp_ln436, void %for.inc42.i, void %l_store_C_tile_sj.i.exitStub" [/home/silvenchen/Desktop/DitBlock/WorkDCT/DitBlock/kernel.cpp:436->/home/silvenchen/Desktop/DitBlock/WorkDCT/DitBlock/kernel.cpp:527]   --->   Operation 16 'br' 'br_ln436' <Predicate = true> <Delay = 0.00>
ST_1 : Operation 17 [1/1] (0.00ns)   --->   "%bj_load = load i4 %bj" [/home/silvenchen/Desktop/DitBlock/WorkDCT/DitBlock/kernel.cpp:437->/home/silvenchen/Desktop/DitBlock/WorkDCT/DitBlock/kernel.cpp:527]   --->   Operation 17 'load' 'bj_load' <Predicate = (!icmp_ln436)> <Delay = 0.00>
ST_1 : Operation 18 [1/1] (0.00ns)   --->   "%bk_load = load i8 %bk" [/home/silvenchen/Desktop/DitBlock/WorkDCT/DitBlock/kernel.cpp:436->/home/silvenchen/Desktop/DitBlock/WorkDCT/DitBlock/kernel.cpp:527]   --->   Operation 18 'load' 'bk_load' <Predicate = (!icmp_ln436)> <Delay = 0.00>
ST_1 : Operation 19 [1/1] (0.70ns)   --->   "%add_ln436 = add i8 %bk_load, i8 1" [/home/silvenchen/Desktop/DitBlock/WorkDCT/DitBlock/kernel.cpp:436->/home/silvenchen/Desktop/DitBlock/WorkDCT/DitBlock/kernel.cpp:527]   --->   Operation 19 'add' 'add_ln436' <Predicate = (!icmp_ln436)> <Delay = 0.70> <CoreInst = "Adder">   --->   Core 1 'Adder' <Latency = 0> <II = 1> <Delay = 0.70> <FuncUnit> <Opcode : 'add' 'sub'> <InPorts = 2> <OutPorts = 1>
ST_1 : Operation 20 [1/1] (0.70ns)   --->   "%icmp_ln437 = icmp_eq  i4 %bj_load, i4 8" [/home/silvenchen/Desktop/DitBlock/WorkDCT/DitBlock/kernel.cpp:437->/home/silvenchen/Desktop/DitBlock/WorkDCT/DitBlock/kernel.cpp:527]   --->   Operation 20 'icmp' 'icmp_ln437' <Predicate = (!icmp_ln436)> <Delay = 0.70> <CoreInst = "Cmp">   --->   Core 9 'Cmp' <Latency = 0> <II = 1> <Delay = 0.70> <FuncUnit> <Opcode : 'icmp'> <InPorts = 2> <OutPorts = 1>
ST_1 : Operation 21 [1/1] (0.35ns)   --->   "%select_ln436 = select i1 %icmp_ln437, i4 0, i4 %bj_load" [/home/silvenchen/Desktop/DitBlock/WorkDCT/DitBlock/kernel.cpp:436->/home/silvenchen/Desktop/DitBlock/WorkDCT/DitBlock/kernel.cpp:527]   --->   Operation 21 'select' 'select_ln436' <Predicate = (!icmp_ln436)> <Delay = 0.35> <CoreInst = "Sel">   --->   Core 73 'Sel' <Latency = 0> <II = 1> <Delay = 0.35> <FuncUnit> <Opcode : 'select'> <InPorts = 3> <OutPorts = 1>
ST_1 : Operation 22 [1/1] (0.30ns)   --->   "%select_ln436_1 = select i1 %icmp_ln437, i8 %add_ln436, i8 %bk_load" [/home/silvenchen/Desktop/DitBlock/WorkDCT/DitBlock/kernel.cpp:436->/home/silvenchen/Desktop/DitBlock/WorkDCT/DitBlock/kernel.cpp:527]   --->   Operation 22 'select' 'select_ln436_1' <Predicate = (!icmp_ln436)> <Delay = 0.30> <CoreInst = "Sel">   --->   Core 73 'Sel' <Latency = 0> <II = 1> <Delay = 0.30> <FuncUnit> <Opcode : 'select'> <InPorts = 3> <OutPorts = 1>
ST_1 : Operation 23 [1/1] (0.00ns)   --->   "%trunc_ln436 = trunc i8 %select_ln436_1" [/home/silvenchen/Desktop/DitBlock/WorkDCT/DitBlock/kernel.cpp:436->/home/silvenchen/Desktop/DitBlock/WorkDCT/DitBlock/kernel.cpp:527]   --->   Operation 23 'trunc' 'trunc_ln436' <Predicate = (!icmp_ln436)> <Delay = 0.00>
ST_1 : Operation 24 [1/1] (0.00ns)   --->   "%zext_ln437 = zext i4 %select_ln436" [/home/silvenchen/Desktop/DitBlock/WorkDCT/DitBlock/kernel.cpp:437->/home/silvenchen/Desktop/DitBlock/WorkDCT/DitBlock/kernel.cpp:527]   --->   Operation 24 'zext' 'zext_ln437' <Predicate = (!icmp_ln436)> <Delay = 0.00>
ST_1 : Operation 25 [1/1] (0.00ns)   --->   "%trunc_ln437 = trunc i4 %select_ln436" [/home/silvenchen/Desktop/DitBlock/WorkDCT/DitBlock/kernel.cpp:437->/home/silvenchen/Desktop/DitBlock/WorkDCT/DitBlock/kernel.cpp:527]   --->   Operation 25 'trunc' 'trunc_ln437' <Predicate = (!icmp_ln436)> <Delay = 0.00>
ST_1 : Operation 26 [1/1] (0.71ns)   --->   "%add_ln439 = add i9 %tmp_104_read, i9 %zext_ln437" [/home/silvenchen/Desktop/DitBlock/WorkDCT/DitBlock/kernel.cpp:439->/home/silvenchen/Desktop/DitBlock/WorkDCT/DitBlock/kernel.cpp:527]   --->   Operation 26 'add' 'add_ln439' <Predicate = (!icmp_ln436)> <Delay = 0.71> <CoreInst = "Adder">   --->   Core 1 'Adder' <Latency = 0> <II = 1> <Delay = 0.71> <FuncUnit> <Opcode : 'add' 'sub'> <InPorts = 2> <OutPorts = 1>
ST_1 : Operation 27 [1/1] (0.00ns)   --->   "%tmp_s = bitconcatenate i16 @_ssdm_op_BitConcatenate.i16.i7.i9, i7 %trunc_ln436, i9 %add_ln439" [/home/silvenchen/Desktop/DitBlock/WorkDCT/DitBlock/kernel.cpp:439->/home/silvenchen/Desktop/DitBlock/WorkDCT/DitBlock/kernel.cpp:527]   --->   Operation 27 'bitconcatenate' 'tmp_s' <Predicate = (!icmp_ln436)> <Delay = 0.00>
ST_1 : Operation 28 [1/1] (0.00ns)   --->   "%zext_ln439 = zext i16 %tmp_s" [/home/silvenchen/Desktop/DitBlock/WorkDCT/DitBlock/kernel.cpp:439->/home/silvenchen/Desktop/DitBlock/WorkDCT/DitBlock/kernel.cpp:527]   --->   Operation 28 'zext' 'zext_ln439' <Predicate = (!icmp_ln436)> <Delay = 0.00>
ST_1 : Operation 29 [1/1] (0.00ns)   --->   "%v237_addr = getelementptr i32 %v237, i64 0, i64 %zext_ln439" [/home/silvenchen/Desktop/DitBlock/WorkDCT/DitBlock/kernel.cpp:439->/home/silvenchen/Desktop/DitBlock/WorkDCT/DitBlock/kernel.cpp:527]   --->   Operation 29 'getelementptr' 'v237_addr' <Predicate = (!icmp_ln436)> <Delay = 0.00>
ST_1 : Operation 30 [2/2] (1.24ns)   --->   "%v232 = load i16 %v237_addr" [/home/silvenchen/Desktop/DitBlock/WorkDCT/DitBlock/kernel.cpp:439->/home/silvenchen/Desktop/DitBlock/WorkDCT/DitBlock/kernel.cpp:527]   --->   Operation 30 'load' 'v232' <Predicate = (!icmp_ln436)> <Delay = 1.24> <CoreInst = "RAM">   --->   Core 83 'RAM' <Latency = 1> <II = 1> <Delay = 1.24> <Storage> <Opcode : 'load' 'store'> <Ports = 2> <Width = 32> <Depth = 65536> <RAM>
ST_1 : Operation 31 [1/1] (0.67ns)   --->   "%switch_ln440 = switch i3 %trunc_ln437, void %arrayidx384.i.case.7, i3 0, void %arrayidx384.i.case.0, i3 1, void %arrayidx384.i.case.1, i3 2, void %arrayidx384.i.case.2, i3 3, void %arrayidx384.i.case.3, i3 4, void %arrayidx384.i.case.4, i3 5, void %arrayidx384.i.case.5, i3 6, void %arrayidx384.i.case.6" [/home/silvenchen/Desktop/DitBlock/WorkDCT/DitBlock/kernel.cpp:440->/home/silvenchen/Desktop/DitBlock/WorkDCT/DitBlock/kernel.cpp:527]   --->   Operation 31 'switch' 'switch_ln440' <Predicate = (!icmp_ln436)> <Delay = 0.67>
ST_1 : Operation 32 [1/1] (0.70ns)   --->   "%add_ln437 = add i4 %select_ln436, i4 1" [/home/silvenchen/Desktop/DitBlock/WorkDCT/DitBlock/kernel.cpp:437->/home/silvenchen/Desktop/DitBlock/WorkDCT/DitBlock/kernel.cpp:527]   --->   Operation 32 'add' 'add_ln437' <Predicate = (!icmp_ln436)> <Delay = 0.70> <CoreInst = "Adder">   --->   Core 1 'Adder' <Latency = 0> <II = 1> <Delay = 0.70> <FuncUnit> <Opcode : 'add' 'sub'> <InPorts = 2> <OutPorts = 1>
ST_1 : Operation 33 [1/1] (0.38ns)   --->   "%store_ln436 = store i11 %add_ln436_1, i11 %indvar_flatten" [/home/silvenchen/Desktop/DitBlock/WorkDCT/DitBlock/kernel.cpp:436->/home/silvenchen/Desktop/DitBlock/WorkDCT/DitBlock/kernel.cpp:527]   --->   Operation 33 'store' 'store_ln436' <Predicate = (!icmp_ln436)> <Delay = 0.38>
ST_1 : Operation 34 [1/1] (0.38ns)   --->   "%store_ln436 = store i8 %select_ln436_1, i8 %bk" [/home/silvenchen/Desktop/DitBlock/WorkDCT/DitBlock/kernel.cpp:436->/home/silvenchen/Desktop/DitBlock/WorkDCT/DitBlock/kernel.cpp:527]   --->   Operation 34 'store' 'store_ln436' <Predicate = (!icmp_ln436)> <Delay = 0.38>
ST_1 : Operation 35 [1/1] (0.38ns)   --->   "%store_ln437 = store i4 %add_ln437, i4 %bj" [/home/silvenchen/Desktop/DitBlock/WorkDCT/DitBlock/kernel.cpp:437->/home/silvenchen/Desktop/DitBlock/WorkDCT/DitBlock/kernel.cpp:527]   --->   Operation 35 'store' 'store_ln437' <Predicate = (!icmp_ln436)> <Delay = 0.38>
ST_1 : Operation 36 [1/1] (0.00ns)   --->   "%br_ln437 = br void %for.inc39.i" [/home/silvenchen/Desktop/DitBlock/WorkDCT/DitBlock/kernel.cpp:437->/home/silvenchen/Desktop/DitBlock/WorkDCT/DitBlock/kernel.cpp:527]   --->   Operation 36 'br' 'br_ln437' <Predicate = (!icmp_ln436)> <Delay = 0.00>
ST_1 : Operation 66 [1/1] (0.00ns)   --->   "%ret_ln0 = ret"   --->   Operation 66 'ret' 'ret_ln0' <Predicate = (icmp_ln436)> <Delay = 0.00>

State 2 <SV = 1> <Delay = 1.84>
ST_2 : Operation 37 [1/1] (0.00ns)   --->   "%specloopname_ln0 = specloopname void @_ssdm_op_SpecLoopName, void @l_load_B_tile_bk_l_bj_str"   --->   Operation 37 'specloopname' 'specloopname_ln0' <Predicate = true> <Delay = 0.00>
ST_2 : Operation 38 [1/1] (0.00ns)   --->   "%speclooptripcount_ln0 = speclooptripcount void @_ssdm_op_SpecLoopTripCount, i64 1024, i64 1024, i64 1024"   --->   Operation 38 'speclooptripcount' 'speclooptripcount_ln0' <Predicate = true> <Delay = 0.00>
ST_2 : Operation 39 [1/1] (0.00ns)   --->   "%zext_ln436 = zext i8 %select_ln436_1" [/home/silvenchen/Desktop/DitBlock/WorkDCT/DitBlock/kernel.cpp:436->/home/silvenchen/Desktop/DitBlock/WorkDCT/DitBlock/kernel.cpp:527]   --->   Operation 39 'zext' 'zext_ln436' <Predicate = true> <Delay = 0.00>
ST_2 : Operation 40 [1/1] (0.00ns)   --->   "%local_B_addr = getelementptr i32 %local_B, i64 0, i64 %zext_ln436" [/home/silvenchen/Desktop/DitBlock/WorkDCT/DitBlock/kernel.cpp:436->/home/silvenchen/Desktop/DitBlock/WorkDCT/DitBlock/kernel.cpp:527]   --->   Operation 40 'getelementptr' 'local_B_addr' <Predicate = true> <Delay = 0.00>
ST_2 : Operation 41 [1/1] (0.00ns)   --->   "%local_B_1_addr = getelementptr i32 %local_B_1, i64 0, i64 %zext_ln436" [/home/silvenchen/Desktop/DitBlock/WorkDCT/DitBlock/kernel.cpp:436->/home/silvenchen/Desktop/DitBlock/WorkDCT/DitBlock/kernel.cpp:527]   --->   Operation 41 'getelementptr' 'local_B_1_addr' <Predicate = true> <Delay = 0.00>
ST_2 : Operation 42 [1/1] (0.00ns)   --->   "%local_B_2_addr = getelementptr i32 %local_B_2, i64 0, i64 %zext_ln436" [/home/silvenchen/Desktop/DitBlock/WorkDCT/DitBlock/kernel.cpp:436->/home/silvenchen/Desktop/DitBlock/WorkDCT/DitBlock/kernel.cpp:527]   --->   Operation 42 'getelementptr' 'local_B_2_addr' <Predicate = true> <Delay = 0.00>
ST_2 : Operation 43 [1/1] (0.00ns)   --->   "%local_B_3_addr = getelementptr i32 %local_B_3, i64 0, i64 %zext_ln436" [/home/silvenchen/Desktop/DitBlock/WorkDCT/DitBlock/kernel.cpp:436->/home/silvenchen/Desktop/DitBlock/WorkDCT/DitBlock/kernel.cpp:527]   --->   Operation 43 'getelementptr' 'local_B_3_addr' <Predicate = true> <Delay = 0.00>
ST_2 : Operation 44 [1/1] (0.00ns)   --->   "%local_B_4_addr = getelementptr i32 %local_B_4, i64 0, i64 %zext_ln436" [/home/silvenchen/Desktop/DitBlock/WorkDCT/DitBlock/kernel.cpp:436->/home/silvenchen/Desktop/DitBlock/WorkDCT/DitBlock/kernel.cpp:527]   --->   Operation 44 'getelementptr' 'local_B_4_addr' <Predicate = true> <Delay = 0.00>
ST_2 : Operation 45 [1/1] (0.00ns)   --->   "%local_B_5_addr = getelementptr i32 %local_B_5, i64 0, i64 %zext_ln436" [/home/silvenchen/Desktop/DitBlock/WorkDCT/DitBlock/kernel.cpp:436->/home/silvenchen/Desktop/DitBlock/WorkDCT/DitBlock/kernel.cpp:527]   --->   Operation 45 'getelementptr' 'local_B_5_addr' <Predicate = true> <Delay = 0.00>
ST_2 : Operation 46 [1/1] (0.00ns)   --->   "%local_B_6_addr = getelementptr i32 %local_B_6, i64 0, i64 %zext_ln436" [/home/silvenchen/Desktop/DitBlock/WorkDCT/DitBlock/kernel.cpp:436->/home/silvenchen/Desktop/DitBlock/WorkDCT/DitBlock/kernel.cpp:527]   --->   Operation 46 'getelementptr' 'local_B_6_addr' <Predicate = true> <Delay = 0.00>
ST_2 : Operation 47 [1/1] (0.00ns)   --->   "%local_B_7_addr = getelementptr i32 %local_B_7, i64 0, i64 %zext_ln436" [/home/silvenchen/Desktop/DitBlock/WorkDCT/DitBlock/kernel.cpp:436->/home/silvenchen/Desktop/DitBlock/WorkDCT/DitBlock/kernel.cpp:527]   --->   Operation 47 'getelementptr' 'local_B_7_addr' <Predicate = true> <Delay = 0.00>
ST_2 : Operation 48 [1/1] (0.00ns)   --->   "%specpipeline_ln438 = specpipeline void @_ssdm_op_SpecPipeline, i32 1, i32 0, i32 0, i32 0, void @empty_219" [/home/silvenchen/Desktop/DitBlock/WorkDCT/DitBlock/kernel.cpp:438->/home/silvenchen/Desktop/DitBlock/WorkDCT/DitBlock/kernel.cpp:527]   --->   Operation 48 'specpipeline' 'specpipeline_ln438' <Predicate = true> <Delay = 0.00>
ST_2 : Operation 49 [1/2] (1.24ns)   --->   "%v232 = load i16 %v237_addr" [/home/silvenchen/Desktop/DitBlock/WorkDCT/DitBlock/kernel.cpp:439->/home/silvenchen/Desktop/DitBlock/WorkDCT/DitBlock/kernel.cpp:527]   --->   Operation 49 'load' 'v232' <Predicate = true> <Delay = 1.24> <CoreInst = "RAM">   --->   Core 83 'RAM' <Latency = 1> <II = 1> <Delay = 1.24> <Storage> <Opcode : 'load' 'store'> <Ports = 2> <Width = 32> <Depth = 65536> <RAM>
ST_2 : Operation 50 [1/1] (0.60ns)   --->   "%store_ln440 = store i32 %v232, i7 %local_B_6_addr" [/home/silvenchen/Desktop/DitBlock/WorkDCT/DitBlock/kernel.cpp:440->/home/silvenchen/Desktop/DitBlock/WorkDCT/DitBlock/kernel.cpp:527]   --->   Operation 50 'store' 'store_ln440' <Predicate = (trunc_ln437 == 6)> <Delay = 0.60> <CoreInst = "RAM">   --->   Core 83 'RAM' <Latency = 1> <II = 1> <Delay = 0.60> <Storage> <Opcode : 'load' 'store'> <Ports = 2> <Width = 32> <Depth = 128> <RAM>
ST_2 : Operation 51 [1/1] (0.00ns)   --->   "%br_ln440 = br void %arrayidx384.i.exit" [/home/silvenchen/Desktop/DitBlock/WorkDCT/DitBlock/kernel.cpp:440->/home/silvenchen/Desktop/DitBlock/WorkDCT/DitBlock/kernel.cpp:527]   --->   Operation 51 'br' 'br_ln440' <Predicate = (trunc_ln437 == 6)> <Delay = 0.00>
ST_2 : Operation 52 [1/1] (0.60ns)   --->   "%store_ln440 = store i32 %v232, i7 %local_B_5_addr" [/home/silvenchen/Desktop/DitBlock/WorkDCT/DitBlock/kernel.cpp:440->/home/silvenchen/Desktop/DitBlock/WorkDCT/DitBlock/kernel.cpp:527]   --->   Operation 52 'store' 'store_ln440' <Predicate = (trunc_ln437 == 5)> <Delay = 0.60> <CoreInst = "RAM">   --->   Core 83 'RAM' <Latency = 1> <II = 1> <Delay = 0.60> <Storage> <Opcode : 'load' 'store'> <Ports = 2> <Width = 32> <Depth = 128> <RAM>
ST_2 : Operation 53 [1/1] (0.00ns)   --->   "%br_ln440 = br void %arrayidx384.i.exit" [/home/silvenchen/Desktop/DitBlock/WorkDCT/DitBlock/kernel.cpp:440->/home/silvenchen/Desktop/DitBlock/WorkDCT/DitBlock/kernel.cpp:527]   --->   Operation 53 'br' 'br_ln440' <Predicate = (trunc_ln437 == 5)> <Delay = 0.00>
ST_2 : Operation 54 [1/1] (0.60ns)   --->   "%store_ln440 = store i32 %v232, i7 %local_B_4_addr" [/home/silvenchen/Desktop/DitBlock/WorkDCT/DitBlock/kernel.cpp:440->/home/silvenchen/Desktop/DitBlock/WorkDCT/DitBlock/kernel.cpp:527]   --->   Operation 54 'store' 'store_ln440' <Predicate = (trunc_ln437 == 4)> <Delay = 0.60> <CoreInst = "RAM">   --->   Core 83 'RAM' <Latency = 1> <II = 1> <Delay = 0.60> <Storage> <Opcode : 'load' 'store'> <Ports = 2> <Width = 32> <Depth = 128> <RAM>
ST_2 : Operation 55 [1/1] (0.00ns)   --->   "%br_ln440 = br void %arrayidx384.i.exit" [/home/silvenchen/Desktop/DitBlock/WorkDCT/DitBlock/kernel.cpp:440->/home/silvenchen/Desktop/DitBlock/WorkDCT/DitBlock/kernel.cpp:527]   --->   Operation 55 'br' 'br_ln440' <Predicate = (trunc_ln437 == 4)> <Delay = 0.00>
ST_2 : Operation 56 [1/1] (0.60ns)   --->   "%store_ln440 = store i32 %v232, i7 %local_B_3_addr" [/home/silvenchen/Desktop/DitBlock/WorkDCT/DitBlock/kernel.cpp:440->/home/silvenchen/Desktop/DitBlock/WorkDCT/DitBlock/kernel.cpp:527]   --->   Operation 56 'store' 'store_ln440' <Predicate = (trunc_ln437 == 3)> <Delay = 0.60> <CoreInst = "RAM">   --->   Core 83 'RAM' <Latency = 1> <II = 1> <Delay = 0.60> <Storage> <Opcode : 'load' 'store'> <Ports = 2> <Width = 32> <Depth = 128> <RAM>
ST_2 : Operation 57 [1/1] (0.00ns)   --->   "%br_ln440 = br void %arrayidx384.i.exit" [/home/silvenchen/Desktop/DitBlock/WorkDCT/DitBlock/kernel.cpp:440->/home/silvenchen/Desktop/DitBlock/WorkDCT/DitBlock/kernel.cpp:527]   --->   Operation 57 'br' 'br_ln440' <Predicate = (trunc_ln437 == 3)> <Delay = 0.00>
ST_2 : Operation 58 [1/1] (0.60ns)   --->   "%store_ln440 = store i32 %v232, i7 %local_B_2_addr" [/home/silvenchen/Desktop/DitBlock/WorkDCT/DitBlock/kernel.cpp:440->/home/silvenchen/Desktop/DitBlock/WorkDCT/DitBlock/kernel.cpp:527]   --->   Operation 58 'store' 'store_ln440' <Predicate = (trunc_ln437 == 2)> <Delay = 0.60> <CoreInst = "RAM">   --->   Core 83 'RAM' <Latency = 1> <II = 1> <Delay = 0.60> <Storage> <Opcode : 'load' 'store'> <Ports = 2> <Width = 32> <Depth = 128> <RAM>
ST_2 : Operation 59 [1/1] (0.00ns)   --->   "%br_ln440 = br void %arrayidx384.i.exit" [/home/silvenchen/Desktop/DitBlock/WorkDCT/DitBlock/kernel.cpp:440->/home/silvenchen/Desktop/DitBlock/WorkDCT/DitBlock/kernel.cpp:527]   --->   Operation 59 'br' 'br_ln440' <Predicate = (trunc_ln437 == 2)> <Delay = 0.00>
ST_2 : Operation 60 [1/1] (0.60ns)   --->   "%store_ln440 = store i32 %v232, i7 %local_B_1_addr" [/home/silvenchen/Desktop/DitBlock/WorkDCT/DitBlock/kernel.cpp:440->/home/silvenchen/Desktop/DitBlock/WorkDCT/DitBlock/kernel.cpp:527]   --->   Operation 60 'store' 'store_ln440' <Predicate = (trunc_ln437 == 1)> <Delay = 0.60> <CoreInst = "RAM">   --->   Core 83 'RAM' <Latency = 1> <II = 1> <Delay = 0.60> <Storage> <Opcode : 'load' 'store'> <Ports = 2> <Width = 32> <Depth = 128> <RAM>
ST_2 : Operation 61 [1/1] (0.00ns)   --->   "%br_ln440 = br void %arrayidx384.i.exit" [/home/silvenchen/Desktop/DitBlock/WorkDCT/DitBlock/kernel.cpp:440->/home/silvenchen/Desktop/DitBlock/WorkDCT/DitBlock/kernel.cpp:527]   --->   Operation 61 'br' 'br_ln440' <Predicate = (trunc_ln437 == 1)> <Delay = 0.00>
ST_2 : Operation 62 [1/1] (0.60ns)   --->   "%store_ln440 = store i32 %v232, i7 %local_B_addr" [/home/silvenchen/Desktop/DitBlock/WorkDCT/DitBlock/kernel.cpp:440->/home/silvenchen/Desktop/DitBlock/WorkDCT/DitBlock/kernel.cpp:527]   --->   Operation 62 'store' 'store_ln440' <Predicate = (trunc_ln437 == 0)> <Delay = 0.60> <CoreInst = "RAM">   --->   Core 83 'RAM' <Latency = 1> <II = 1> <Delay = 0.60> <Storage> <Opcode : 'load' 'store'> <Ports = 2> <Width = 32> <Depth = 128> <RAM>
ST_2 : Operation 63 [1/1] (0.00ns)   --->   "%br_ln440 = br void %arrayidx384.i.exit" [/home/silvenchen/Desktop/DitBlock/WorkDCT/DitBlock/kernel.cpp:440->/home/silvenchen/Desktop/DitBlock/WorkDCT/DitBlock/kernel.cpp:527]   --->   Operation 63 'br' 'br_ln440' <Predicate = (trunc_ln437 == 0)> <Delay = 0.00>
ST_2 : Operation 64 [1/1] (0.60ns)   --->   "%store_ln440 = store i32 %v232, i7 %local_B_7_addr" [/home/silvenchen/Desktop/DitBlock/WorkDCT/DitBlock/kernel.cpp:440->/home/silvenchen/Desktop/DitBlock/WorkDCT/DitBlock/kernel.cpp:527]   --->   Operation 64 'store' 'store_ln440' <Predicate = (trunc_ln437 == 7)> <Delay = 0.60> <CoreInst = "RAM">   --->   Core 83 'RAM' <Latency = 1> <II = 1> <Delay = 0.60> <Storage> <Opcode : 'load' 'store'> <Ports = 2> <Width = 32> <Depth = 128> <RAM>
ST_2 : Operation 65 [1/1] (0.00ns)   --->   "%br_ln440 = br void %arrayidx384.i.exit" [/home/silvenchen/Desktop/DitBlock/WorkDCT/DitBlock/kernel.cpp:440->/home/silvenchen/Desktop/DitBlock/WorkDCT/DitBlock/kernel.cpp:527]   --->   Operation 65 'br' 'br_ln440' <Predicate = (trunc_ln437 == 7)> <Delay = 0.00>


============================================================
+ Verbose Summary: Binding
============================================================
STG Binding: 
---------------- STG Properties BEGIN ----------------
- Is combinational: 0
- Is one-state seq: 0
- Is datapath-only: 0
- Is pipelined: 0
- Is top level: 0
Port [ Return ] is wired: 1; IO mode=ap_ctrl_hs:ce=0
Port [ local_B]:  wired=1; compound=1; hidden=0; nouse=0; global=0; static=0; extern=0; dir=1; type=1; pingpong=0; private_global=0; MemPort=[03]; IO mode=ap_memory:ce=0
Port [ local_B_1]:  wired=1; compound=1; hidden=0; nouse=0; global=0; static=0; extern=0; dir=1; type=1; pingpong=0; private_global=0; MemPort=[03]; IO mode=ap_memory:ce=0
Port [ local_B_2]:  wired=1; compound=1; hidden=0; nouse=0; global=0; static=0; extern=0; dir=1; type=1; pingpong=0; private_global=0; MemPort=[03]; IO mode=ap_memory:ce=0
Port [ local_B_3]:  wired=1; compound=1; hidden=0; nouse=0; global=0; static=0; extern=0; dir=1; type=1; pingpong=0; private_global=0; MemPort=[03]; IO mode=ap_memory:ce=0
Port [ local_B_4]:  wired=1; compound=1; hidden=0; nouse=0; global=0; static=0; extern=0; dir=1; type=1; pingpong=0; private_global=0; MemPort=[03]; IO mode=ap_memory:ce=0
Port [ local_B_5]:  wired=1; compound=1; hidden=0; nouse=0; global=0; static=0; extern=0; dir=1; type=1; pingpong=0; private_global=0; MemPort=[03]; IO mode=ap_memory:ce=0
Port [ local_B_6]:  wired=1; compound=1; hidden=0; nouse=0; global=0; static=0; extern=0; dir=1; type=1; pingpong=0; private_global=0; MemPort=[03]; IO mode=ap_memory:ce=0
Port [ local_B_7]:  wired=1; compound=1; hidden=0; nouse=0; global=0; static=0; extern=0; dir=1; type=1; pingpong=0; private_global=0; MemPort=[03]; IO mode=ap_memory:ce=0
Port [ tmp_104]:  wired=1; compound=0; hidden=0; nouse=0; global=0; static=0; extern=0; dir=0; type=0; pingpong=0; private_global=0; IO mode=ap_none:ce=0
Port [ v237]:  wired=1; compound=1; hidden=0; nouse=0; global=0; static=0; extern=0; dir=0; type=1; pingpong=0; private_global=0; MemPort=[13]; IO mode=ap_memory:ce=0
---------------- STG Properties END ------------------

---------------- Datapath Model BEGIN ----------------

<LifeTime>
<method=bitvector/>
bj                    (alloca           ) [ 010]
bk                    (alloca           ) [ 010]
indvar_flatten        (alloca           ) [ 010]
tmp_104_read          (read             ) [ 000]
store_ln0             (store            ) [ 000]
store_ln436           (store            ) [ 000]
store_ln437           (store            ) [ 000]
br_ln0                (br               ) [ 000]
indvar_flatten_load   (load             ) [ 000]
icmp_ln436            (icmp             ) [ 010]
add_ln436_1           (add              ) [ 000]
br_ln436              (br               ) [ 000]
bj_load               (load             ) [ 000]
bk_load               (load             ) [ 000]
add_ln436             (add              ) [ 000]
icmp_ln437            (icmp             ) [ 000]
select_ln436          (select           ) [ 000]
select_ln436_1        (select           ) [ 011]
trunc_ln436           (trunc            ) [ 000]
zext_ln437            (zext             ) [ 000]
trunc_ln437           (trunc            ) [ 011]
add_ln439             (add              ) [ 000]
tmp_s                 (bitconcatenate   ) [ 000]
zext_ln439            (zext             ) [ 000]
v237_addr             (getelementptr    ) [ 011]
switch_ln440          (switch           ) [ 000]
add_ln437             (add              ) [ 000]
store_ln436           (store            ) [ 000]
store_ln436           (store            ) [ 000]
store_ln437           (store            ) [ 000]
br_ln437              (br               ) [ 000]
specloopname_ln0      (specloopname     ) [ 000]
speclooptripcount_ln0 (speclooptripcount) [ 000]
zext_ln436            (zext             ) [ 000]
local_B_addr          (getelementptr    ) [ 000]
local_B_1_addr        (getelementptr    ) [ 000]
local_B_2_addr        (getelementptr    ) [ 000]
local_B_3_addr        (getelementptr    ) [ 000]
local_B_4_addr        (getelementptr    ) [ 000]
local_B_5_addr        (getelementptr    ) [ 000]
local_B_6_addr        (getelementptr    ) [ 000]
local_B_7_addr        (getelementptr    ) [ 000]
specpipeline_ln438    (specpipeline     ) [ 000]
v232                  (load             ) [ 000]
store_ln440           (store            ) [ 000]
br_ln440              (br               ) [ 000]
store_ln440           (store            ) [ 000]
br_ln440              (br               ) [ 000]
store_ln440           (store            ) [ 000]
br_ln440              (br               ) [ 000]
store_ln440           (store            ) [ 000]
br_ln440              (br               ) [ 000]
store_ln440           (store            ) [ 000]
br_ln440              (br               ) [ 000]
store_ln440           (store            ) [ 000]
br_ln440              (br               ) [ 000]
store_ln440           (store            ) [ 000]
br_ln440              (br               ) [ 000]
store_ln440           (store            ) [ 000]
br_ln440              (br               ) [ 000]
ret_ln0               (ret              ) [ 000]
</LifeTime>

<model>

<comp_list>
<comp id="0" class="1000" name="local_B">
<pin_list>
<pin id="1" dir="1" index="0" bw="1" slack="0"/>
</pin_list>
<bind>
<StgValue><ssdm name="local_B"/><MemPortTyVec>0 3 </MemPortTyVec>
</StgValue>
</bind>
</comp>

<comp id="2" class="1000" name="local_B_1">
<pin_list>
<pin id="3" dir="1" index="0" bw="1" slack="0"/>
</pin_list>
<bind>
<StgValue><ssdm name="local_B_1"/><MemPortTyVec>0 3 </MemPortTyVec>
</StgValue>
</bind>
</comp>

<comp id="4" class="1000" name="local_B_2">
<pin_list>
<pin id="5" dir="1" index="0" bw="1" slack="0"/>
</pin_list>
<bind>
<StgValue><ssdm name="local_B_2"/><MemPortTyVec>0 3 </MemPortTyVec>
</StgValue>
</bind>
</comp>

<comp id="6" class="1000" name="local_B_3">
<pin_list>
<pin id="7" dir="1" index="0" bw="1" slack="0"/>
</pin_list>
<bind>
<StgValue><ssdm name="local_B_3"/><MemPortTyVec>0 3 </MemPortTyVec>
</StgValue>
</bind>
</comp>

<comp id="8" class="1000" name="local_B_4">
<pin_list>
<pin id="9" dir="1" index="0" bw="1" slack="0"/>
</pin_list>
<bind>
<StgValue><ssdm name="local_B_4"/><MemPortTyVec>0 3 </MemPortTyVec>
</StgValue>
</bind>
</comp>

<comp id="10" class="1000" name="local_B_5">
<pin_list>
<pin id="11" dir="1" index="0" bw="1" slack="0"/>
</pin_list>
<bind>
<StgValue><ssdm name="local_B_5"/><MemPortTyVec>0 3 </MemPortTyVec>
</StgValue>
</bind>
</comp>

<comp id="12" class="1000" name="local_B_6">
<pin_list>
<pin id="13" dir="1" index="0" bw="1" slack="0"/>
</pin_list>
<bind>
<StgValue><ssdm name="local_B_6"/><MemPortTyVec>0 3 </MemPortTyVec>
</StgValue>
</bind>
</comp>

<comp id="14" class="1000" name="local_B_7">
<pin_list>
<pin id="15" dir="1" index="0" bw="1" slack="0"/>
</pin_list>
<bind>
<StgValue><ssdm name="local_B_7"/><MemPortTyVec>0 3 </MemPortTyVec>
</StgValue>
</bind>
</comp>

<comp id="16" class="1000" name="tmp_104">
<pin_list>
<pin id="17" dir="1" index="0" bw="1" slack="0"/>
</pin_list>
<bind>
<StgValue><ssdm name="tmp_104"/></StgValue>
</bind>
</comp>

<comp id="18" class="1000" name="v237">
<pin_list>
<pin id="19" dir="1" index="0" bw="1" slack="0"/>
</pin_list>
<bind>
<StgValue><ssdm name="v237"/><MemPortTyVec>1 3 </MemPortTyVec>
</StgValue>
</bind>
</comp>

<comp id="20" class="1001" name="const_20">
<pin_list>
<pin id="21" dir="1" index="0" bw="1" slack="0"/>
</pin_list>
<bind>
<StgValue><ssdm name=""/></StgValue>
</bind>
</comp>

<comp id="22" class="1001" name="const_22">
<pin_list>
<pin id="23" dir="1" index="0" bw="1" slack="0"/>
</pin_list>
<bind>
<StgValue><ssdm name="_ssdm_op_Read.ap_auto.i9"/></StgValue>
</bind>
</comp>

<comp id="24" class="1001" name="const_24">
<pin_list>
<pin id="25" dir="1" index="0" bw="1" slack="0"/>
</pin_list>
<bind>
<StgValue><ssdm name=""/></StgValue>
</bind>
</comp>

<comp id="26" class="1001" name="const_26">
<pin_list>
<pin id="27" dir="1" index="0" bw="1" slack="0"/>
</pin_list>
<bind>
<StgValue><ssdm name=""/></StgValue>
</bind>
</comp>

<comp id="28" class="1001" name="const_28">
<pin_list>
<pin id="29" dir="1" index="0" bw="1" slack="0"/>
</pin_list>
<bind>
<StgValue><ssdm name=""/></StgValue>
</bind>
</comp>

<comp id="30" class="1001" name="const_30">
<pin_list>
<pin id="31" dir="1" index="0" bw="1" slack="0"/>
</pin_list>
<bind>
<StgValue><ssdm name=""/></StgValue>
</bind>
</comp>

<comp id="32" class="1001" name="const_32">
<pin_list>
<pin id="33" dir="1" index="0" bw="1" slack="0"/>
</pin_list>
<bind>
<StgValue><ssdm name=""/></StgValue>
</bind>
</comp>

<comp id="34" class="1001" name="const_34">
<pin_list>
<pin id="35" dir="1" index="0" bw="1" slack="0"/>
</pin_list>
<bind>
<StgValue><ssdm name=""/></StgValue>
</bind>
</comp>

<comp id="36" class="1001" name="const_36">
<pin_list>
<pin id="37" dir="1" index="0" bw="1" slack="0"/>
</pin_list>
<bind>
<StgValue><ssdm name=""/></StgValue>
</bind>
</comp>

<comp id="38" class="1001" name="const_38">
<pin_list>
<pin id="39" dir="1" index="0" bw="1" slack="0"/>
</pin_list>
<bind>
<StgValue><ssdm name="_ssdm_op_BitConcatenate.i16.i7.i9"/></StgValue>
</bind>
</comp>

<comp id="40" class="1001" name="const_40">
<pin_list>
<pin id="41" dir="1" index="0" bw="1" slack="0"/>
</pin_list>
<bind>
<StgValue><ssdm name=""/></StgValue>
</bind>
</comp>

<comp id="42" class="1001" name="const_42">
<pin_list>
<pin id="43" dir="1" index="0" bw="1" slack="2147483647"/>
</pin_list>
<bind>
<StgValue><ssdm name=""/></StgValue>
</bind>
</comp>

<comp id="44" class="1001" name="const_44">
<pin_list>
<pin id="45" dir="1" index="0" bw="1" slack="2147483647"/>
</pin_list>
<bind>
<StgValue><ssdm name=""/></StgValue>
</bind>
</comp>

<comp id="46" class="1001" name="const_46">
<pin_list>
<pin id="47" dir="1" index="0" bw="1" slack="2147483647"/>
</pin_list>
<bind>
<StgValue><ssdm name=""/></StgValue>
</bind>
</comp>

<comp id="48" class="1001" name="const_48">
<pin_list>
<pin id="49" dir="1" index="0" bw="1" slack="2147483647"/>
</pin_list>
<bind>
<StgValue><ssdm name=""/></StgValue>
</bind>
</comp>

<comp id="50" class="1001" name="const_50">
<pin_list>
<pin id="51" dir="1" index="0" bw="1" slack="2147483647"/>
</pin_list>
<bind>
<StgValue><ssdm name=""/></StgValue>
</bind>
</comp>

<comp id="52" class="1001" name="const_52">
<pin_list>
<pin id="53" dir="1" index="0" bw="1" slack="2147483647"/>
</pin_list>
<bind>
<StgValue><ssdm name=""/></StgValue>
</bind>
</comp>

<comp id="54" class="1001" name="const_54">
<pin_list>
<pin id="55" dir="1" index="0" bw="1" slack="2147483647"/>
</pin_list>
<bind>
<StgValue><ssdm name=""/></StgValue>
</bind>
</comp>

<comp id="56" class="1001" name="const_56">
<pin_list>
<pin id="57" dir="1" index="0" bw="1" slack="0"/>
</pin_list>
<bind>
<StgValue><ssdm name=""/></StgValue>
</bind>
</comp>

<comp id="58" class="1001" name="const_58">
<pin_list>
<pin id="59" dir="1" index="0" bw="1" slack="2147483647"/>
</pin_list>
<bind>
<StgValue><ssdm name="_ssdm_op_SpecLoopName"/></StgValue>
</bind>
</comp>

<comp id="60" class="1001" name="const_60">
<pin_list>
<pin id="61" dir="1" index="0" bw="1" slack="2147483647"/>
</pin_list>
<bind>
<StgValue><ssdm name="l_load_B_tile_bk_l_bj_str"/></StgValue>
</bind>
</comp>

<comp id="62" class="1001" name="const_62">
<pin_list>
<pin id="63" dir="1" index="0" bw="1" slack="2147483647"/>
</pin_list>
<bind>
<StgValue><ssdm name="_ssdm_op_SpecLoopTripCount"/></StgValue>
</bind>
</comp>

<comp id="64" class="1001" name="const_64">
<pin_list>
<pin id="65" dir="1" index="0" bw="1" slack="2147483647"/>
</pin_list>
<bind>
<StgValue><ssdm name=""/></StgValue>
</bind>
</comp>

<comp id="66" class="1001" name="const_66">
<pin_list>
<pin id="67" dir="1" index="0" bw="1" slack="2147483647"/>
</pin_list>
<bind>
<StgValue><ssdm name="_ssdm_op_SpecPipeline"/></StgValue>
</bind>
</comp>

<comp id="68" class="1001" name="const_68">
<pin_list>
<pin id="69" dir="1" index="0" bw="1" slack="2147483647"/>
</pin_list>
<bind>
<StgValue><ssdm name=""/></StgValue>
</bind>
</comp>

<comp id="70" class="1001" name="const_70">
<pin_list>
<pin id="71" dir="1" index="0" bw="1" slack="2147483647"/>
</pin_list>
<bind>
<StgValue><ssdm name="empty_219"/></StgValue>
</bind>
</comp>

<comp id="72" class="1004" name="bj_fu_72">
<pin_list>
<pin id="73" dir="0" index="0" bw="1" slack="0"/>
<pin id="74" dir="1" index="1" bw="4" slack="0"/>
</pin_list>
<bind>
<opcode="alloca(26) " fcode="alloca"/>
<opset="bj/1 "/>
</bind>
</comp>

<comp id="76" class="1004" name="bk_fu_76">
<pin_list>
<pin id="77" dir="0" index="0" bw="1" slack="0"/>
<pin id="78" dir="1" index="1" bw="8" slack="0"/>
</pin_list>
<bind>
<opcode="alloca(26) " fcode="alloca"/>
<opset="bk/1 "/>
</bind>
</comp>

<comp id="80" class="1004" name="indvar_flatten_fu_80">
<pin_list>
<pin id="81" dir="0" index="0" bw="1" slack="0"/>
<pin id="82" dir="1" index="1" bw="11" slack="0"/>
</pin_list>
<bind>
<opcode="alloca(26) " fcode="alloca"/>
<opset="indvar_flatten/1 "/>
</bind>
</comp>

<comp id="84" class="1004" name="tmp_104_read_read_fu_84">
<pin_list>
<pin id="85" dir="0" index="0" bw="9" slack="0"/>
<pin id="86" dir="0" index="1" bw="9" slack="0"/>
<pin id="87" dir="1" index="2" bw="9" slack="0"/>
</pin_list>
<bind>
<opcode="read(1150) " fcode="read"/>
<opset="tmp_104_read/1 "/>
</bind>
</comp>

<comp id="90" class="1004" name="v237_addr_gep_fu_90">
<pin_list>
<pin id="91" dir="0" index="0" bw="32" slack="0"/>
<pin id="92" dir="0" index="1" bw="1" slack="0"/>
<pin id="93" dir="0" index="2" bw="16" slack="0"/>
<pin id="94" dir="1" index="3" bw="16" slack="0"/>
</pin_list>
<bind>
<opcode="getelementptr(29) " fcode="getelementptr"/>
<opset="v237_addr/1 "/>
</bind>
</comp>

<comp id="97" class="1004" name="grp_access_fu_97">
<pin_list>
<pin id="98" dir="0" index="0" bw="16" slack="0"/>
<pin id="99" dir="0" index="1" bw="32" slack="2147483647"/>
<pin id="100" dir="0" index="2" bw="0" slack="2147483647"/>
<pin id="101" dir="1" index="3" bw="32" slack="0"/>
</pin_list>
<bind>
<opcode="load(27) " fcode="load"/>
<opset="v232/1 "/>
</bind>
</comp>

<comp id="103" class="1004" name="local_B_addr_gep_fu_103">
<pin_list>
<pin id="104" dir="0" index="0" bw="32" slack="0"/>
<pin id="105" dir="0" index="1" bw="1" slack="0"/>
<pin id="106" dir="0" index="2" bw="8" slack="0"/>
<pin id="107" dir="1" index="3" bw="7" slack="0"/>
</pin_list>
<bind>
<opcode="getelementptr(29) " fcode="getelementptr"/>
<opset="local_B_addr/2 "/>
</bind>
</comp>

<comp id="110" class="1004" name="local_B_1_addr_gep_fu_110">
<pin_list>
<pin id="111" dir="0" index="0" bw="32" slack="0"/>
<pin id="112" dir="0" index="1" bw="1" slack="0"/>
<pin id="113" dir="0" index="2" bw="8" slack="0"/>
<pin id="114" dir="1" index="3" bw="7" slack="0"/>
</pin_list>
<bind>
<opcode="getelementptr(29) " fcode="getelementptr"/>
<opset="local_B_1_addr/2 "/>
</bind>
</comp>

<comp id="117" class="1004" name="local_B_2_addr_gep_fu_117">
<pin_list>
<pin id="118" dir="0" index="0" bw="32" slack="0"/>
<pin id="119" dir="0" index="1" bw="1" slack="0"/>
<pin id="120" dir="0" index="2" bw="8" slack="0"/>
<pin id="121" dir="1" index="3" bw="7" slack="0"/>
</pin_list>
<bind>
<opcode="getelementptr(29) " fcode="getelementptr"/>
<opset="local_B_2_addr/2 "/>
</bind>
</comp>

<comp id="124" class="1004" name="local_B_3_addr_gep_fu_124">
<pin_list>
<pin id="125" dir="0" index="0" bw="32" slack="0"/>
<pin id="126" dir="0" index="1" bw="1" slack="0"/>
<pin id="127" dir="0" index="2" bw="8" slack="0"/>
<pin id="128" dir="1" index="3" bw="7" slack="0"/>
</pin_list>
<bind>
<opcode="getelementptr(29) " fcode="getelementptr"/>
<opset="local_B_3_addr/2 "/>
</bind>
</comp>

<comp id="131" class="1004" name="local_B_4_addr_gep_fu_131">
<pin_list>
<pin id="132" dir="0" index="0" bw="32" slack="0"/>
<pin id="133" dir="0" index="1" bw="1" slack="0"/>
<pin id="134" dir="0" index="2" bw="8" slack="0"/>
<pin id="135" dir="1" index="3" bw="7" slack="0"/>
</pin_list>
<bind>
<opcode="getelementptr(29) " fcode="getelementptr"/>
<opset="local_B_4_addr/2 "/>
</bind>
</comp>

<comp id="138" class="1004" name="local_B_5_addr_gep_fu_138">
<pin_list>
<pin id="139" dir="0" index="0" bw="32" slack="0"/>
<pin id="140" dir="0" index="1" bw="1" slack="0"/>
<pin id="141" dir="0" index="2" bw="8" slack="0"/>
<pin id="142" dir="1" index="3" bw="7" slack="0"/>
</pin_list>
<bind>
<opcode="getelementptr(29) " fcode="getelementptr"/>
<opset="local_B_5_addr/2 "/>
</bind>
</comp>

<comp id="145" class="1004" name="local_B_6_addr_gep_fu_145">
<pin_list>
<pin id="146" dir="0" index="0" bw="32" slack="0"/>
<pin id="147" dir="0" index="1" bw="1" slack="0"/>
<pin id="148" dir="0" index="2" bw="8" slack="0"/>
<pin id="149" dir="1" index="3" bw="7" slack="0"/>
</pin_list>
<bind>
<opcode="getelementptr(29) " fcode="getelementptr"/>
<opset="local_B_6_addr/2 "/>
</bind>
</comp>

<comp id="152" class="1004" name="local_B_7_addr_gep_fu_152">
<pin_list>
<pin id="153" dir="0" index="0" bw="32" slack="0"/>
<pin id="154" dir="0" index="1" bw="1" slack="0"/>
<pin id="155" dir="0" index="2" bw="8" slack="0"/>
<pin id="156" dir="1" index="3" bw="7" slack="0"/>
</pin_list>
<bind>
<opcode="getelementptr(29) " fcode="getelementptr"/>
<opset="local_B_7_addr/2 "/>
</bind>
</comp>

<comp id="159" class="1004" name="store_ln440_access_fu_159">
<pin_list>
<pin id="160" dir="0" index="0" bw="7" slack="0"/>
<pin id="161" dir="0" index="1" bw="32" slack="0"/>
<pin id="162" dir="0" index="2" bw="0" slack="2147483647"/>
<pin id="163" dir="1" index="3" bw="32" slack="2147483647"/>
</pin_list>
<bind>
<opcode="store(28) " fcode="store"/>
<opset="store_ln440/2 "/>
</bind>
</comp>

<comp id="166" class="1004" name="store_ln440_access_fu_166">
<pin_list>
<pin id="167" dir="0" index="0" bw="7" slack="0"/>
<pin id="168" dir="0" index="1" bw="32" slack="0"/>
<pin id="169" dir="0" index="2" bw="0" slack="2147483647"/>
<pin id="170" dir="1" index="3" bw="32" slack="2147483647"/>
</pin_list>
<bind>
<opcode="store(28) " fcode="store"/>
<opset="store_ln440/2 "/>
</bind>
</comp>

<comp id="173" class="1004" name="store_ln440_access_fu_173">
<pin_list>
<pin id="174" dir="0" index="0" bw="7" slack="0"/>
<pin id="175" dir="0" index="1" bw="32" slack="0"/>
<pin id="176" dir="0" index="2" bw="0" slack="2147483647"/>
<pin id="177" dir="1" index="3" bw="32" slack="2147483647"/>
</pin_list>
<bind>
<opcode="store(28) " fcode="store"/>
<opset="store_ln440/2 "/>
</bind>
</comp>

<comp id="180" class="1004" name="store_ln440_access_fu_180">
<pin_list>
<pin id="181" dir="0" index="0" bw="7" slack="0"/>
<pin id="182" dir="0" index="1" bw="32" slack="0"/>
<pin id="183" dir="0" index="2" bw="0" slack="2147483647"/>
<pin id="184" dir="1" index="3" bw="32" slack="2147483647"/>
</pin_list>
<bind>
<opcode="store(28) " fcode="store"/>
<opset="store_ln440/2 "/>
</bind>
</comp>

<comp id="187" class="1004" name="store_ln440_access_fu_187">
<pin_list>
<pin id="188" dir="0" index="0" bw="7" slack="0"/>
<pin id="189" dir="0" index="1" bw="32" slack="0"/>
<pin id="190" dir="0" index="2" bw="0" slack="2147483647"/>
<pin id="191" dir="1" index="3" bw="32" slack="2147483647"/>
</pin_list>
<bind>
<opcode="store(28) " fcode="store"/>
<opset="store_ln440/2 "/>
</bind>
</comp>

<comp id="194" class="1004" name="store_ln440_access_fu_194">
<pin_list>
<pin id="195" dir="0" index="0" bw="7" slack="0"/>
<pin id="196" dir="0" index="1" bw="32" slack="0"/>
<pin id="197" dir="0" index="2" bw="0" slack="2147483647"/>
<pin id="198" dir="1" index="3" bw="32" slack="2147483647"/>
</pin_list>
<bind>
<opcode="store(28) " fcode="store"/>
<opset="store_ln440/2 "/>
</bind>
</comp>

<comp id="201" class="1004" name="store_ln440_access_fu_201">
<pin_list>
<pin id="202" dir="0" index="0" bw="7" slack="0"/>
<pin id="203" dir="0" index="1" bw="32" slack="0"/>
<pin id="204" dir="0" index="2" bw="0" slack="2147483647"/>
<pin id="205" dir="1" index="3" bw="32" slack="2147483647"/>
</pin_list>
<bind>
<opcode="store(28) " fcode="store"/>
<opset="store_ln440/2 "/>
</bind>
</comp>

<comp id="208" class="1004" name="store_ln440_access_fu_208">
<pin_list>
<pin id="209" dir="0" index="0" bw="7" slack="0"/>
<pin id="210" dir="0" index="1" bw="32" slack="0"/>
<pin id="211" dir="0" index="2" bw="0" slack="2147483647"/>
<pin id="212" dir="1" index="3" bw="32" slack="2147483647"/>
</pin_list>
<bind>
<opcode="store(28) " fcode="store"/>
<opset="store_ln440/2 "/>
</bind>
</comp>

<comp id="215" class="1004" name="store_ln0_store_fu_215">
<pin_list>
<pin id="216" dir="0" index="0" bw="1" slack="0"/>
<pin id="217" dir="0" index="1" bw="11" slack="0"/>
<pin id="218" dir="1" index="2" bw="0" slack="2147483647"/>
</pin_list>
<bind>
<opcode="store(28) " fcode="store"/>
<opset="store_ln0/1 "/>
</bind>
</comp>

<comp id="220" class="1004" name="store_ln436_store_fu_220">
<pin_list>
<pin id="221" dir="0" index="0" bw="1" slack="0"/>
<pin id="222" dir="0" index="1" bw="8" slack="0"/>
<pin id="223" dir="1" index="2" bw="0" slack="2147483647"/>
</pin_list>
<bind>
<opcode="store(28) " fcode="store"/>
<opset="store_ln436/1 "/>
</bind>
</comp>

<comp id="225" class="1004" name="store_ln437_store_fu_225">
<pin_list>
<pin id="226" dir="0" index="0" bw="1" slack="0"/>
<pin id="227" dir="0" index="1" bw="4" slack="0"/>
<pin id="228" dir="1" index="2" bw="0" slack="2147483647"/>
</pin_list>
<bind>
<opcode="store(28) " fcode="store"/>
<opset="store_ln437/1 "/>
</bind>
</comp>

<comp id="230" class="1004" name="indvar_flatten_load_load_fu_230">
<pin_list>
<pin id="231" dir="0" index="0" bw="11" slack="0"/>
<pin id="232" dir="1" index="1" bw="11" slack="0"/>
</pin_list>
<bind>
<opcode="load(27) " fcode="load"/>
<opset="indvar_flatten_load/1 "/>
</bind>
</comp>

<comp id="233" class="1004" name="icmp_ln436_fu_233">
<pin_list>
<pin id="234" dir="0" index="0" bw="11" slack="0"/>
<pin id="235" dir="0" index="1" bw="11" slack="0"/>
<pin id="236" dir="1" index="2" bw="1" slack="2147483647"/>
</pin_list>
<bind>
<opcode="icmp(45) " fcode="icmp"/>
<opset="icmp_ln436/1 "/>
</bind>
</comp>

<comp id="239" class="1004" name="add_ln436_1_fu_239">
<pin_list>
<pin id="240" dir="0" index="0" bw="11" slack="0"/>
<pin id="241" dir="0" index="1" bw="1" slack="0"/>
<pin id="242" dir="1" index="2" bw="11" slack="0"/>
</pin_list>
<bind>
<opcode="add(8) " fcode="add"/>
<opset="add_ln436_1/1 "/>
</bind>
</comp>

<comp id="245" class="1004" name="bj_load_load_fu_245">
<pin_list>
<pin id="246" dir="0" index="0" bw="4" slack="0"/>
<pin id="247" dir="1" index="1" bw="4" slack="0"/>
</pin_list>
<bind>
<opcode="load(27) " fcode="load"/>
<opset="bj_load/1 "/>
</bind>
</comp>

<comp id="248" class="1004" name="bk_load_load_fu_248">
<pin_list>
<pin id="249" dir="0" index="0" bw="8" slack="0"/>
<pin id="250" dir="1" index="1" bw="8" slack="0"/>
</pin_list>
<bind>
<opcode="load(27) " fcode="load"/>
<opset="bk_load/1 "/>
</bind>
</comp>

<comp id="251" class="1004" name="add_ln436_fu_251">
<pin_list>
<pin id="252" dir="0" index="0" bw="8" slack="0"/>
<pin id="253" dir="0" index="1" bw="1" slack="0"/>
<pin id="254" dir="1" index="2" bw="8" slack="0"/>
</pin_list>
<bind>
<opcode="add(8) " fcode="add"/>
<opset="add_ln436/1 "/>
</bind>
</comp>

<comp id="257" class="1004" name="icmp_ln437_fu_257">
<pin_list>
<pin id="258" dir="0" index="0" bw="4" slack="0"/>
<pin id="259" dir="0" index="1" bw="4" slack="0"/>
<pin id="260" dir="1" index="2" bw="1" slack="0"/>
</pin_list>
<bind>
<opcode="icmp(45) " fcode="icmp"/>
<opset="icmp_ln437/1 "/>
</bind>
</comp>

<comp id="263" class="1004" name="select_ln436_fu_263">
<pin_list>
<pin id="264" dir="0" index="0" bw="1" slack="0"/>
<pin id="265" dir="0" index="1" bw="4" slack="0"/>
<pin id="266" dir="0" index="2" bw="4" slack="0"/>
<pin id="267" dir="1" index="3" bw="4" slack="0"/>
</pin_list>
<bind>
<opcode="select(49) " fcode="select"/>
<opset="select_ln436/1 "/>
</bind>
</comp>

<comp id="271" class="1004" name="select_ln436_1_fu_271">
<pin_list>
<pin id="272" dir="0" index="0" bw="1" slack="0"/>
<pin id="273" dir="0" index="1" bw="8" slack="0"/>
<pin id="274" dir="0" index="2" bw="8" slack="0"/>
<pin id="275" dir="1" index="3" bw="8" slack="0"/>
</pin_list>
<bind>
<opcode="select(49) " fcode="select"/>
<opset="select_ln436_1/1 "/>
</bind>
</comp>

<comp id="279" class="1004" name="trunc_ln436_fu_279">
<pin_list>
<pin id="280" dir="0" index="0" bw="8" slack="0"/>
<pin id="281" dir="1" index="1" bw="7" slack="0"/>
</pin_list>
<bind>
<opcode="trunc(33) " fcode="trunc"/>
<opset="trunc_ln436/1 "/>
</bind>
</comp>

<comp id="283" class="1004" name="zext_ln437_fu_283">
<pin_list>
<pin id="284" dir="0" index="0" bw="4" slack="0"/>
<pin id="285" dir="1" index="1" bw="9" slack="0"/>
</pin_list>
<bind>
<opcode="zext(34) " fcode="zext"/>
<opset="zext_ln437/1 "/>
</bind>
</comp>

<comp id="287" class="1004" name="trunc_ln437_fu_287">
<pin_list>
<pin id="288" dir="0" index="0" bw="4" slack="0"/>
<pin id="289" dir="1" index="1" bw="3" slack="1"/>
</pin_list>
<bind>
<opcode="trunc(33) " fcode="trunc"/>
<opset="trunc_ln437/1 "/>
</bind>
</comp>

<comp id="291" class="1004" name="add_ln439_fu_291">
<pin_list>
<pin id="292" dir="0" index="0" bw="9" slack="0"/>
<pin id="293" dir="0" index="1" bw="4" slack="0"/>
<pin id="294" dir="1" index="2" bw="9" slack="0"/>
</pin_list>
<bind>
<opcode="add(8) " fcode="add"/>
<opset="add_ln439/1 "/>
</bind>
</comp>

<comp id="297" class="1004" name="tmp_s_fu_297">
<pin_list>
<pin id="298" dir="0" index="0" bw="16" slack="0"/>
<pin id="299" dir="0" index="1" bw="7" slack="0"/>
<pin id="300" dir="0" index="2" bw="9" slack="0"/>
<pin id="301" dir="1" index="3" bw="16" slack="0"/>
</pin_list>
<bind>
<opcode="bitconcatenate(1004) " fcode="bitconcatenate"/>
<opset="tmp_s/1 "/>
</bind>
</comp>

<comp id="305" class="1004" name="zext_ln439_fu_305">
<pin_list>
<pin id="306" dir="0" index="0" bw="16" slack="0"/>
<pin id="307" dir="1" index="1" bw="64" slack="0"/>
</pin_list>
<bind>
<opcode="zext(34) " fcode="zext"/>
<opset="zext_ln439/1 "/>
</bind>
</comp>

<comp id="310" class="1004" name="add_ln437_fu_310">
<pin_list>
<pin id="311" dir="0" index="0" bw="4" slack="0"/>
<pin id="312" dir="0" index="1" bw="1" slack="0"/>
<pin id="313" dir="1" index="2" bw="4" slack="0"/>
</pin_list>
<bind>
<opcode="add(8) " fcode="add"/>
<opset="add_ln437/1 "/>
</bind>
</comp>

<comp id="316" class="1004" name="store_ln436_store_fu_316">
<pin_list>
<pin id="317" dir="0" index="0" bw="11" slack="0"/>
<pin id="318" dir="0" index="1" bw="11" slack="0"/>
<pin id="319" dir="1" index="2" bw="0" slack="2147483647"/>
</pin_list>
<bind>
<opcode="store(28) " fcode="store"/>
<opset="store_ln436/1 "/>
</bind>
</comp>

<comp id="321" class="1004" name="store_ln436_store_fu_321">
<pin_list>
<pin id="322" dir="0" index="0" bw="8" slack="0"/>
<pin id="323" dir="0" index="1" bw="8" slack="0"/>
<pin id="324" dir="1" index="2" bw="0" slack="2147483647"/>
</pin_list>
<bind>
<opcode="store(28) " fcode="store"/>
<opset="store_ln436/1 "/>
</bind>
</comp>

<comp id="326" class="1004" name="store_ln437_store_fu_326">
<pin_list>
<pin id="327" dir="0" index="0" bw="4" slack="0"/>
<pin id="328" dir="0" index="1" bw="4" slack="0"/>
<pin id="329" dir="1" index="2" bw="0" slack="2147483647"/>
</pin_list>
<bind>
<opcode="store(28) " fcode="store"/>
<opset="store_ln437/1 "/>
</bind>
</comp>

<comp id="331" class="1004" name="zext_ln436_fu_331">
<pin_list>
<pin id="332" dir="0" index="0" bw="8" slack="1"/>
<pin id="333" dir="1" index="1" bw="64" slack="0"/>
</pin_list>
<bind>
<opcode="zext(34) " fcode="zext"/>
<opset="zext_ln436/2 "/>
</bind>
</comp>

<comp id="342" class="1005" name="bj_reg_342">
<pin_list>
<pin id="343" dir="0" index="0" bw="4" slack="0"/>
<pin id="344" dir="1" index="1" bw="4" slack="0"/>
</pin_list>
<bind>
<opset="bj "/>
</bind>
</comp>

<comp id="349" class="1005" name="bk_reg_349">
<pin_list>
<pin id="350" dir="0" index="0" bw="8" slack="0"/>
<pin id="351" dir="1" index="1" bw="8" slack="0"/>
</pin_list>
<bind>
<opset="bk "/>
</bind>
</comp>

<comp id="356" class="1005" name="indvar_flatten_reg_356">
<pin_list>
<pin id="357" dir="0" index="0" bw="11" slack="0"/>
<pin id="358" dir="1" index="1" bw="11" slack="0"/>
</pin_list>
<bind>
<opset="indvar_flatten "/>
</bind>
</comp>

<comp id="366" class="1005" name="select_ln436_1_reg_366">
<pin_list>
<pin id="367" dir="0" index="0" bw="8" slack="1"/>
<pin id="368" dir="1" index="1" bw="8" slack="1"/>
</pin_list>
<bind>
<opset="select_ln436_1 "/>
</bind>
</comp>

<comp id="371" class="1005" name="trunc_ln437_reg_371">
<pin_list>
<pin id="372" dir="0" index="0" bw="3" slack="1"/>
<pin id="373" dir="1" index="1" bw="3" slack="2147483647"/>
</pin_list>
<bind>
<opset="trunc_ln437 "/>
</bind>
</comp>

<comp id="375" class="1005" name="v237_addr_reg_375">
<pin_list>
<pin id="376" dir="0" index="0" bw="16" slack="1"/>
<pin id="377" dir="1" index="1" bw="16" slack="1"/>
</pin_list>
<bind>
<opset="v237_addr "/>
</bind>
</comp>

</comp_list>

<net_list>
<net id="75"><net_src comp="20" pin="0"/><net_sink comp="72" pin=0"/></net>

<net id="79"><net_src comp="20" pin="0"/><net_sink comp="76" pin=0"/></net>

<net id="83"><net_src comp="20" pin="0"/><net_sink comp="80" pin=0"/></net>

<net id="88"><net_src comp="22" pin="0"/><net_sink comp="84" pin=0"/></net>

<net id="89"><net_src comp="16" pin="0"/><net_sink comp="84" pin=1"/></net>

<net id="95"><net_src comp="18" pin="0"/><net_sink comp="90" pin=0"/></net>

<net id="96"><net_src comp="40" pin="0"/><net_sink comp="90" pin=1"/></net>

<net id="102"><net_src comp="90" pin="3"/><net_sink comp="97" pin=0"/></net>

<net id="108"><net_src comp="0" pin="0"/><net_sink comp="103" pin=0"/></net>

<net id="109"><net_src comp="40" pin="0"/><net_sink comp="103" pin=1"/></net>

<net id="115"><net_src comp="2" pin="0"/><net_sink comp="110" pin=0"/></net>

<net id="116"><net_src comp="40" pin="0"/><net_sink comp="110" pin=1"/></net>

<net id="122"><net_src comp="4" pin="0"/><net_sink comp="117" pin=0"/></net>

<net id="123"><net_src comp="40" pin="0"/><net_sink comp="117" pin=1"/></net>

<net id="129"><net_src comp="6" pin="0"/><net_sink comp="124" pin=0"/></net>

<net id="130"><net_src comp="40" pin="0"/><net_sink comp="124" pin=1"/></net>

<net id="136"><net_src comp="8" pin="0"/><net_sink comp="131" pin=0"/></net>

<net id="137"><net_src comp="40" pin="0"/><net_sink comp="131" pin=1"/></net>

<net id="143"><net_src comp="10" pin="0"/><net_sink comp="138" pin=0"/></net>

<net id="144"><net_src comp="40" pin="0"/><net_sink comp="138" pin=1"/></net>

<net id="150"><net_src comp="12" pin="0"/><net_sink comp="145" pin=0"/></net>

<net id="151"><net_src comp="40" pin="0"/><net_sink comp="145" pin=1"/></net>

<net id="157"><net_src comp="14" pin="0"/><net_sink comp="152" pin=0"/></net>

<net id="158"><net_src comp="40" pin="0"/><net_sink comp="152" pin=1"/></net>

<net id="164"><net_src comp="97" pin="3"/><net_sink comp="159" pin=1"/></net>

<net id="165"><net_src comp="145" pin="3"/><net_sink comp="159" pin=0"/></net>

<net id="171"><net_src comp="97" pin="3"/><net_sink comp="166" pin=1"/></net>

<net id="172"><net_src comp="138" pin="3"/><net_sink comp="166" pin=0"/></net>

<net id="178"><net_src comp="97" pin="3"/><net_sink comp="173" pin=1"/></net>

<net id="179"><net_src comp="131" pin="3"/><net_sink comp="173" pin=0"/></net>

<net id="185"><net_src comp="97" pin="3"/><net_sink comp="180" pin=1"/></net>

<net id="186"><net_src comp="124" pin="3"/><net_sink comp="180" pin=0"/></net>

<net id="192"><net_src comp="97" pin="3"/><net_sink comp="187" pin=1"/></net>

<net id="193"><net_src comp="117" pin="3"/><net_sink comp="187" pin=0"/></net>

<net id="199"><net_src comp="97" pin="3"/><net_sink comp="194" pin=1"/></net>

<net id="200"><net_src comp="110" pin="3"/><net_sink comp="194" pin=0"/></net>

<net id="206"><net_src comp="97" pin="3"/><net_sink comp="201" pin=1"/></net>

<net id="207"><net_src comp="103" pin="3"/><net_sink comp="201" pin=0"/></net>

<net id="213"><net_src comp="97" pin="3"/><net_sink comp="208" pin=1"/></net>

<net id="214"><net_src comp="152" pin="3"/><net_sink comp="208" pin=0"/></net>

<net id="219"><net_src comp="24" pin="0"/><net_sink comp="215" pin=0"/></net>

<net id="224"><net_src comp="26" pin="0"/><net_sink comp="220" pin=0"/></net>

<net id="229"><net_src comp="28" pin="0"/><net_sink comp="225" pin=0"/></net>

<net id="237"><net_src comp="230" pin="1"/><net_sink comp="233" pin=0"/></net>

<net id="238"><net_src comp="30" pin="0"/><net_sink comp="233" pin=1"/></net>

<net id="243"><net_src comp="230" pin="1"/><net_sink comp="239" pin=0"/></net>

<net id="244"><net_src comp="32" pin="0"/><net_sink comp="239" pin=1"/></net>

<net id="255"><net_src comp="248" pin="1"/><net_sink comp="251" pin=0"/></net>

<net id="256"><net_src comp="34" pin="0"/><net_sink comp="251" pin=1"/></net>

<net id="261"><net_src comp="245" pin="1"/><net_sink comp="257" pin=0"/></net>

<net id="262"><net_src comp="36" pin="0"/><net_sink comp="257" pin=1"/></net>

<net id="268"><net_src comp="257" pin="2"/><net_sink comp="263" pin=0"/></net>

<net id="269"><net_src comp="28" pin="0"/><net_sink comp="263" pin=1"/></net>

<net id="270"><net_src comp="245" pin="1"/><net_sink comp="263" pin=2"/></net>

<net id="276"><net_src comp="257" pin="2"/><net_sink comp="271" pin=0"/></net>

<net id="277"><net_src comp="251" pin="2"/><net_sink comp="271" pin=1"/></net>

<net id="278"><net_src comp="248" pin="1"/><net_sink comp="271" pin=2"/></net>

<net id="282"><net_src comp="271" pin="3"/><net_sink comp="279" pin=0"/></net>

<net id="286"><net_src comp="263" pin="3"/><net_sink comp="283" pin=0"/></net>

<net id="290"><net_src comp="263" pin="3"/><net_sink comp="287" pin=0"/></net>

<net id="295"><net_src comp="84" pin="2"/><net_sink comp="291" pin=0"/></net>

<net id="296"><net_src comp="283" pin="1"/><net_sink comp="291" pin=1"/></net>

<net id="302"><net_src comp="38" pin="0"/><net_sink comp="297" pin=0"/></net>

<net id="303"><net_src comp="279" pin="1"/><net_sink comp="297" pin=1"/></net>

<net id="304"><net_src comp="291" pin="2"/><net_sink comp="297" pin=2"/></net>

<net id="308"><net_src comp="297" pin="3"/><net_sink comp="305" pin=0"/></net>

<net id="309"><net_src comp="305" pin="1"/><net_sink comp="90" pin=2"/></net>

<net id="314"><net_src comp="263" pin="3"/><net_sink comp="310" pin=0"/></net>

<net id="315"><net_src comp="56" pin="0"/><net_sink comp="310" pin=1"/></net>

<net id="320"><net_src comp="239" pin="2"/><net_sink comp="316" pin=0"/></net>

<net id="325"><net_src comp="271" pin="3"/><net_sink comp="321" pin=0"/></net>

<net id="330"><net_src comp="310" pin="2"/><net_sink comp="326" pin=0"/></net>

<net id="334"><net_src comp="331" pin="1"/><net_sink comp="103" pin=2"/></net>

<net id="335"><net_src comp="331" pin="1"/><net_sink comp="110" pin=2"/></net>

<net id="336"><net_src comp="331" pin="1"/><net_sink comp="117" pin=2"/></net>

<net id="337"><net_src comp="331" pin="1"/><net_sink comp="124" pin=2"/></net>

<net id="338"><net_src comp="331" pin="1"/><net_sink comp="131" pin=2"/></net>

<net id="339"><net_src comp="331" pin="1"/><net_sink comp="138" pin=2"/></net>

<net id="340"><net_src comp="331" pin="1"/><net_sink comp="145" pin=2"/></net>

<net id="341"><net_src comp="331" pin="1"/><net_sink comp="152" pin=2"/></net>

<net id="345"><net_src comp="72" pin="1"/><net_sink comp="342" pin=0"/></net>

<net id="346"><net_src comp="342" pin="1"/><net_sink comp="225" pin=1"/></net>

<net id="347"><net_src comp="342" pin="1"/><net_sink comp="245" pin=0"/></net>

<net id="348"><net_src comp="342" pin="1"/><net_sink comp="326" pin=1"/></net>

<net id="352"><net_src comp="76" pin="1"/><net_sink comp="349" pin=0"/></net>

<net id="353"><net_src comp="349" pin="1"/><net_sink comp="220" pin=1"/></net>

<net id="354"><net_src comp="349" pin="1"/><net_sink comp="248" pin=0"/></net>

<net id="355"><net_src comp="349" pin="1"/><net_sink comp="321" pin=1"/></net>

<net id="359"><net_src comp="80" pin="1"/><net_sink comp="356" pin=0"/></net>

<net id="360"><net_src comp="356" pin="1"/><net_sink comp="215" pin=1"/></net>

<net id="361"><net_src comp="356" pin="1"/><net_sink comp="230" pin=0"/></net>

<net id="362"><net_src comp="356" pin="1"/><net_sink comp="316" pin=1"/></net>

<net id="369"><net_src comp="271" pin="3"/><net_sink comp="366" pin=0"/></net>

<net id="370"><net_src comp="366" pin="1"/><net_sink comp="331" pin=0"/></net>

<net id="374"><net_src comp="287" pin="1"/><net_sink comp="371" pin=0"/></net>

<net id="378"><net_src comp="90" pin="3"/><net_sink comp="375" pin=0"/></net>

<net id="379"><net_src comp="375" pin="1"/><net_sink comp="97" pin=0"/></net>

</net_list>

</model> 
---------------- Datapath Model END ------------------

* FSMD analyzer results:
  - Output states:
	Port: local_B | {2 }
	Port: local_B_1 | {2 }
	Port: local_B_2 | {2 }
	Port: local_B_3 | {2 }
	Port: local_B_4 | {2 }
	Port: local_B_5 | {2 }
	Port: local_B_6 | {2 }
	Port: local_B_7 | {2 }
	Port: v237 | {}
 - Input state : 
	Port: adaLN_modulate_Pipeline_l_load_B_tile_bk_l_bj : tmp_104 | {1 }
	Port: adaLN_modulate_Pipeline_l_load_B_tile_bk_l_bj : v237 | {1 2 }
  - Chain level:
	State 1
		store_ln0 : 1
		store_ln436 : 1
		store_ln437 : 1
		indvar_flatten_load : 1
		icmp_ln436 : 2
		add_ln436_1 : 2
		br_ln436 : 3
		bj_load : 1
		bk_load : 1
		add_ln436 : 2
		icmp_ln437 : 2
		select_ln436 : 3
		select_ln436_1 : 3
		trunc_ln436 : 4
		zext_ln437 : 4
		trunc_ln437 : 4
		add_ln439 : 5
		tmp_s : 6
		zext_ln439 : 7
		v237_addr : 8
		v232 : 9
		switch_ln440 : 5
		add_ln437 : 4
		store_ln436 : 3
		store_ln436 : 4
		store_ln437 : 5
	State 2
		local_B_addr : 1
		local_B_1_addr : 1
		local_B_2_addr : 1
		local_B_3_addr : 1
		local_B_4_addr : 1
		local_B_5_addr : 1
		local_B_6_addr : 1
		local_B_7_addr : 1
		store_ln440 : 2
		store_ln440 : 2
		store_ln440 : 2
		store_ln440 : 2
		store_ln440 : 2
		store_ln440 : 2
		store_ln440 : 2
		store_ln440 : 2


============================================================
+ Verbose Summary: Datapath Resource usage 
============================================================

* Functional unit list:
|----------|-------------------------|---------|---------|
| Operation|     Functional Unit     |    FF   |   LUT   |
|----------|-------------------------|---------|---------|
|          |    add_ln436_1_fu_239   |    0    |    18   |
|    add   |     add_ln436_fu_251    |    0    |    15   |
|          |     add_ln439_fu_291    |    0    |    16   |
|          |     add_ln437_fu_310    |    0    |    12   |
|----------|-------------------------|---------|---------|
|   icmp   |    icmp_ln436_fu_233    |    0    |    18   |
|          |    icmp_ln437_fu_257    |    0    |    12   |
|----------|-------------------------|---------|---------|
|  select  |   select_ln436_fu_263   |    0    |    4    |
|          |  select_ln436_1_fu_271  |    0    |    8    |
|----------|-------------------------|---------|---------|
|   read   | tmp_104_read_read_fu_84 |    0    |    0    |
|----------|-------------------------|---------|---------|
|   trunc  |    trunc_ln436_fu_279   |    0    |    0    |
|          |    trunc_ln437_fu_287   |    0    |    0    |
|----------|-------------------------|---------|---------|
|          |    zext_ln437_fu_283    |    0    |    0    |
|   zext   |    zext_ln439_fu_305    |    0    |    0    |
|          |    zext_ln436_fu_331    |    0    |    0    |
|----------|-------------------------|---------|---------|
|bitconcatenate|       tmp_s_fu_297      |    0    |    0    |
|----------|-------------------------|---------|---------|
|   Total  |                         |    0    |   103   |
|----------|-------------------------|---------|---------|

Memories:
N/A

* Register list:
+----------------------+--------+
|                      |   FF   |
+----------------------+--------+
|      bj_reg_342      |    4   |
|      bk_reg_349      |    8   |
|indvar_flatten_reg_356|   11   |
|select_ln436_1_reg_366|    8   |
|  trunc_ln437_reg_371 |    3   |
|   v237_addr_reg_375  |   16   |
+----------------------+--------+
|         Total        |   50   |
+----------------------+--------+

* Multiplexer (MUX) list: 
|------------------|------|------|------|--------||---------||---------|
|       Comp       |  Pin | Size |  BW  | S x BW ||  Delay  ||   LUT   |
|------------------|------|------|------|--------||---------||---------|
| grp_access_fu_97 |  p0  |   2  |  16  |   32   ||    9    |
|------------------|------|------|------|--------||---------||---------|
|       Total      |      |      |      |   32   ||  0.387  ||    9    |
|------------------|------|------|------|--------||---------||---------|



* Summary:
+-----------+--------+--------+--------+
|           |  Delay |   FF   |   LUT  |
+-----------+--------+--------+--------+
|  Function |    -   |    0   |   103  |
|   Memory  |    -   |    -   |    -   |
|Multiplexer|    0   |    -   |    9   |
|  Register |    -   |   50   |    -   |
+-----------+--------+--------+--------+
|   Total   |    0   |   50   |   112  |
+-----------+--------+--------+--------+
