

================================================================
== Vitis HLS Report for 'allo_DDitBlock_Pipeline_l_scale_i18_l_j16'
================================================================
* Date:           Wed Feb  5 22:35:12 2025

* Version:        2023.2 (Build 4023990 on Oct 11 2023)
* Project:        DitBlock
* Solution:       hls (Vivado IP Flow Target)
* Product family: virtexuplusHBM
* Target device:  xcu280-fsvh2892-2L-e


================================================================
== Performance Estimates
================================================================
+ Timing: 
    * Summary: 
    +--------+----------+----------+------------+
    |  Clock |  Target  | Estimated| Uncertainty|
    +--------+----------+----------+------------+
    |ap_clk  |  10.00 ns|  6.097 ns|     2.70 ns|
    +--------+----------+----------+------------+

+ Latency: 
    * Summary: 
    +---------+---------+----------+----------+--------+--------+---------+
    |  Latency (cycles) |  Latency (absolute) |     Interval    | Pipeline|
    |   min   |   max   |    min   |    max   |   min  |   max  |   Type  |
    +---------+---------+----------+----------+--------+--------+---------+
    |   524293|   524293|  5.243 ms|  5.243 ms|  524293|  524293|       no|
    +---------+---------+----------+----------+--------+--------+---------+

    + Detail: 
        * Instance: 
        N/A

        * Loop: 
        +---------------------+---------+---------+----------+-----------+-----------+--------+----------+
        |                     |  Latency (cycles) | Iteration|  Initiation Interval  |  Trip  |          |
        |      Loop Name      |   min   |   max   |  Latency |  achieved |   target  |  Count | Pipelined|
        +---------------------+---------+---------+----------+-----------+-----------+--------+----------+
        |- l_scale_i18_l_j16  |   524291|   524291|         5|          1|          1|  524288|       yes|
        +---------------------+---------+---------+----------+-----------+-----------+--------+----------+

============================================================
+ Verbose Summary: Synthesis Manager
============================================================
InlineROM: 1
ExposeGlobal: 0
============================================================
+ Verbose Summary: CDFG Model
============================================================
IsTopModel: 0
ResetActiveHigh: 1
IsCombinational: 0
IsDatapathOnly: 0
HasWiredReturn: 1
HasMFsm: 2
HasVarLatency: 1
IsPipeline: 0
IsRtlPipelined: 0
IsInstanceOverlapped: 0
IsDontTouch: 0
HasImplIP: 0
IsGatedGlobalClock: 0

+ Individual pipeline summary: 
  * Pipeline-0: initiation interval (II) = 1, depth = 6


============================================================
+ Verbose Summary: Schedule
============================================================
* Number of FSM states : 6
* Pipeline : 1
  Pipeline-0 : II = 1, D = 6, States = { 1 2 3 4 5 6 }
* Dataflow Pipeline: 0

* FSM state transitions: 
1 --> 2 
2 --> 3 
3 --> 4 
4 --> 5 
5 --> 6 
6 --> 

* FSM state operations: 

State 1 <SV = 0> <Delay = 0.38>
ST_1 : Operation 8 [1/1] (0.00ns)   --->   "%j16 = alloca i32 1" [/home/silvenchen/Desktop/DitBlock/WorkDCT/DitBlock/kernel.cpp:18748->/home/silvenchen/Desktop/DitBlock/WorkDCT/DitBlock/kernel.cpp:25432]   --->   Operation 8 'alloca' 'j16' <Predicate = true> <Delay = 0.00>
ST_1 : Operation 9 [1/1] (0.00ns)   --->   "%i18 = alloca i32 1" [/home/silvenchen/Desktop/DitBlock/WorkDCT/DitBlock/kernel.cpp:18747->/home/silvenchen/Desktop/DitBlock/WorkDCT/DitBlock/kernel.cpp:25432]   --->   Operation 9 'alloca' 'i18' <Predicate = true> <Delay = 0.00>
ST_1 : Operation 10 [1/1] (0.00ns)   --->   "%indvar_flatten104 = alloca i32 1"   --->   Operation 10 'alloca' 'indvar_flatten104' <Predicate = true> <Delay = 0.00>
ST_1 : Operation 11 [1/1] (0.00ns)   --->   "%specmemcore_ln0 = specmemcore void @_ssdm_op_SpecMemCore, i32 %buffer_x, i64 666, i64 24, i64 18446744073709551615"   --->   Operation 11 'specmemcore' 'specmemcore_ln0' <Predicate = true> <Delay = 0.00>
ST_1 : Operation 12 [1/1] (0.38ns)   --->   "%store_ln0 = store i20 0, i20 %indvar_flatten104"   --->   Operation 12 'store' 'store_ln0' <Predicate = true> <Delay = 0.38>
ST_1 : Operation 13 [1/1] (0.38ns)   --->   "%store_ln18747 = store i11 0, i11 %i18" [/home/silvenchen/Desktop/DitBlock/WorkDCT/DitBlock/kernel.cpp:18747->/home/silvenchen/Desktop/DitBlock/WorkDCT/DitBlock/kernel.cpp:25432]   --->   Operation 13 'store' 'store_ln18747' <Predicate = true> <Delay = 0.38>
ST_1 : Operation 14 [1/1] (0.38ns)   --->   "%store_ln18748 = store i10 0, i10 %j16" [/home/silvenchen/Desktop/DitBlock/WorkDCT/DitBlock/kernel.cpp:18748->/home/silvenchen/Desktop/DitBlock/WorkDCT/DitBlock/kernel.cpp:25432]   --->   Operation 14 'store' 'store_ln18748' <Predicate = true> <Delay = 0.38>
ST_1 : Operation 15 [1/1] (0.00ns)   --->   "%br_ln0 = br void %for.inc.i219"   --->   Operation 15 'br' 'br_ln0' <Predicate = true> <Delay = 0.00>

State 2 <SV = 1> <Delay = 4.50>
ST_2 : Operation 16 [1/1] (0.00ns)   --->   "%indvar_flatten104_load = load i20 %indvar_flatten104" [/home/silvenchen/Desktop/DitBlock/WorkDCT/DitBlock/kernel.cpp:18747->/home/silvenchen/Desktop/DitBlock/WorkDCT/DitBlock/kernel.cpp:25432]   --->   Operation 16 'load' 'indvar_flatten104_load' <Predicate = true> <Delay = 0.00>
ST_2 : Operation 17 [1/1] (0.80ns)   --->   "%icmp_ln18747 = icmp_eq  i20 %indvar_flatten104_load, i20 524288" [/home/silvenchen/Desktop/DitBlock/WorkDCT/DitBlock/kernel.cpp:18747->/home/silvenchen/Desktop/DitBlock/WorkDCT/DitBlock/kernel.cpp:25432]   --->   Operation 17 'icmp' 'icmp_ln18747' <Predicate = true> <Delay = 0.80> <CoreInst = "Cmp">   --->   Core 9 'Cmp' <Latency = 0> <II = 1> <Delay = 0.80> <FuncUnit> <Opcode : 'icmp'> <InPorts = 2> <OutPorts = 1>
ST_2 : Operation 18 [1/1] (0.80ns)   --->   "%add_ln18747_2 = add i20 %indvar_flatten104_load, i20 1" [/home/silvenchen/Desktop/DitBlock/WorkDCT/DitBlock/kernel.cpp:18747->/home/silvenchen/Desktop/DitBlock/WorkDCT/DitBlock/kernel.cpp:25432]   --->   Operation 18 'add' 'add_ln18747_2' <Predicate = true> <Delay = 0.80> <CoreInst = "Adder">   --->   Core 1 'Adder' <Latency = 0> <II = 1> <Delay = 0.80> <FuncUnit> <Opcode : 'add' 'sub'> <InPorts = 2> <OutPorts = 1>
ST_2 : Operation 19 [1/1] (0.00ns)   --->   "%br_ln18747 = br i1 %icmp_ln18747, void %for.inc13.i, void %for.inc36.i.preheader.exitStub" [/home/silvenchen/Desktop/DitBlock/WorkDCT/DitBlock/kernel.cpp:18747->/home/silvenchen/Desktop/DitBlock/WorkDCT/DitBlock/kernel.cpp:25432]   --->   Operation 19 'br' 'br_ln18747' <Predicate = true> <Delay = 0.00>
ST_2 : Operation 20 [1/1] (0.00ns)   --->   "%j16_load = load i10 %j16" [/home/silvenchen/Desktop/DitBlock/WorkDCT/DitBlock/kernel.cpp:18748->/home/silvenchen/Desktop/DitBlock/WorkDCT/DitBlock/kernel.cpp:25432]   --->   Operation 20 'load' 'j16_load' <Predicate = (!icmp_ln18747)> <Delay = 0.00>
ST_2 : Operation 21 [1/1] (0.00ns)   --->   "%i18_load = load i11 %i18" [/home/silvenchen/Desktop/DitBlock/WorkDCT/DitBlock/kernel.cpp:18747->/home/silvenchen/Desktop/DitBlock/WorkDCT/DitBlock/kernel.cpp:25432]   --->   Operation 21 'load' 'i18_load' <Predicate = (!icmp_ln18747)> <Delay = 0.00>
ST_2 : Operation 22 [1/1] (0.73ns)   --->   "%add_ln18747 = add i11 %i18_load, i11 1" [/home/silvenchen/Desktop/DitBlock/WorkDCT/DitBlock/kernel.cpp:18747->/home/silvenchen/Desktop/DitBlock/WorkDCT/DitBlock/kernel.cpp:25432]   --->   Operation 22 'add' 'add_ln18747' <Predicate = (!icmp_ln18747)> <Delay = 0.73> <CoreInst = "Adder">   --->   Core 1 'Adder' <Latency = 0> <II = 1> <Delay = 0.73> <FuncUnit> <Opcode : 'add' 'sub'> <InPorts = 2> <OutPorts = 1>
ST_2 : Operation 23 [1/1] (0.72ns)   --->   "%icmp_ln18748 = icmp_eq  i10 %j16_load, i10 512" [/home/silvenchen/Desktop/DitBlock/WorkDCT/DitBlock/kernel.cpp:18748->/home/silvenchen/Desktop/DitBlock/WorkDCT/DitBlock/kernel.cpp:25432]   --->   Operation 23 'icmp' 'icmp_ln18748' <Predicate = (!icmp_ln18747)> <Delay = 0.72> <CoreInst = "Cmp">   --->   Core 9 'Cmp' <Latency = 0> <II = 1> <Delay = 0.72> <FuncUnit> <Opcode : 'icmp'> <InPorts = 2> <OutPorts = 1>
ST_2 : Operation 24 [1/1] (0.30ns)   --->   "%select_ln18747 = select i1 %icmp_ln18748, i10 0, i10 %j16_load" [/home/silvenchen/Desktop/DitBlock/WorkDCT/DitBlock/kernel.cpp:18747->/home/silvenchen/Desktop/DitBlock/WorkDCT/DitBlock/kernel.cpp:25432]   --->   Operation 24 'select' 'select_ln18747' <Predicate = (!icmp_ln18747)> <Delay = 0.30> <CoreInst = "Sel">   --->   Core 73 'Sel' <Latency = 0> <II = 1> <Delay = 0.30> <FuncUnit> <Opcode : 'select'> <InPorts = 3> <OutPorts = 1>
ST_2 : Operation 25 [1/1] (0.30ns)   --->   "%select_ln18747_1 = select i1 %icmp_ln18748, i11 %add_ln18747, i11 %i18_load" [/home/silvenchen/Desktop/DitBlock/WorkDCT/DitBlock/kernel.cpp:18747->/home/silvenchen/Desktop/DitBlock/WorkDCT/DitBlock/kernel.cpp:25432]   --->   Operation 25 'select' 'select_ln18747_1' <Predicate = (!icmp_ln18747)> <Delay = 0.30> <CoreInst = "Sel">   --->   Core 73 'Sel' <Latency = 0> <II = 1> <Delay = 0.30> <FuncUnit> <Opcode : 'select'> <InPorts = 3> <OutPorts = 1>
ST_2 : Operation 26 [1/1] (0.00ns)   --->   "%trunc_ln18749 = trunc i11 %select_ln18747_1" [/home/silvenchen/Desktop/DitBlock/WorkDCT/DitBlock/kernel.cpp:18749->/home/silvenchen/Desktop/DitBlock/WorkDCT/DitBlock/kernel.cpp:25432]   --->   Operation 26 'trunc' 'trunc_ln18749' <Predicate = (!icmp_ln18747)> <Delay = 0.00>
ST_2 : Operation 27 [1/1] (0.00ns)   --->   "%tmp_s = bitconcatenate i19 @_ssdm_op_BitConcatenate.i19.i10.i9, i10 %trunc_ln18749, i9 0" [/home/silvenchen/Desktop/DitBlock/WorkDCT/DitBlock/kernel.cpp:18749->/home/silvenchen/Desktop/DitBlock/WorkDCT/DitBlock/kernel.cpp:25432]   --->   Operation 27 'bitconcatenate' 'tmp_s' <Predicate = (!icmp_ln18747)> <Delay = 0.00>
ST_2 : Operation 28 [1/1] (0.00ns)   --->   "%zext_ln18749 = zext i10 %select_ln18747" [/home/silvenchen/Desktop/DitBlock/WorkDCT/DitBlock/kernel.cpp:18749->/home/silvenchen/Desktop/DitBlock/WorkDCT/DitBlock/kernel.cpp:25432]   --->   Operation 28 'zext' 'zext_ln18749' <Predicate = (!icmp_ln18747)> <Delay = 0.00>
ST_2 : Operation 29 [1/1] (0.80ns)   --->   "%add_ln18749 = add i19 %tmp_s, i19 %zext_ln18749" [/home/silvenchen/Desktop/DitBlock/WorkDCT/DitBlock/kernel.cpp:18749->/home/silvenchen/Desktop/DitBlock/WorkDCT/DitBlock/kernel.cpp:25432]   --->   Operation 29 'add' 'add_ln18749' <Predicate = (!icmp_ln18747)> <Delay = 0.80> <CoreInst = "Adder">   --->   Core 1 'Adder' <Latency = 0> <II = 1> <Delay = 0.80> <FuncUnit> <Opcode : 'add' 'sub'> <InPorts = 2> <OutPorts = 1>
ST_2 : Operation 30 [1/1] (0.00ns)   --->   "%zext_ln18749_2 = zext i19 %add_ln18749" [/home/silvenchen/Desktop/DitBlock/WorkDCT/DitBlock/kernel.cpp:18749->/home/silvenchen/Desktop/DitBlock/WorkDCT/DitBlock/kernel.cpp:25432]   --->   Operation 30 'zext' 'zext_ln18749_2' <Predicate = (!icmp_ln18747)> <Delay = 0.00>
ST_2 : Operation 31 [1/1] (0.00ns)   --->   "%buffer_x_addr = getelementptr i32 %buffer_x, i64 0, i64 %zext_ln18749_2" [/home/silvenchen/Desktop/DitBlock/WorkDCT/DitBlock/kernel.cpp:18749->/home/silvenchen/Desktop/DitBlock/WorkDCT/DitBlock/kernel.cpp:25432]   --->   Operation 31 'getelementptr' 'buffer_x_addr' <Predicate = (!icmp_ln18747)> <Delay = 0.00>
ST_2 : Operation 32 [2/2] (2.66ns)   --->   "%v10237 = load i19 %buffer_x_addr" [/home/silvenchen/Desktop/DitBlock/WorkDCT/DitBlock/kernel.cpp:18749->/home/silvenchen/Desktop/DitBlock/WorkDCT/DitBlock/kernel.cpp:25432]   --->   Operation 32 'load' 'v10237' <Predicate = (!icmp_ln18747)> <Delay = 2.66> <CoreInst = "RAM_2P_URAM">   --->   Core 95 'RAM_2P_URAM' <Latency = 1> <II = 1> <Delay = 2.66> <Storage> <Opcode : 'load' 'store'> <Ports = 2> <Width = 32> <Depth = 524288> <RAM>
ST_2 : Operation 33 [1/1] (0.72ns)   --->   "%add_ln18748 = add i10 %select_ln18747, i10 1" [/home/silvenchen/Desktop/DitBlock/WorkDCT/DitBlock/kernel.cpp:18748->/home/silvenchen/Desktop/DitBlock/WorkDCT/DitBlock/kernel.cpp:25432]   --->   Operation 33 'add' 'add_ln18748' <Predicate = (!icmp_ln18747)> <Delay = 0.72> <CoreInst = "Adder">   --->   Core 1 'Adder' <Latency = 0> <II = 1> <Delay = 0.72> <FuncUnit> <Opcode : 'add' 'sub'> <InPorts = 2> <OutPorts = 1>
ST_2 : Operation 34 [1/1] (0.38ns)   --->   "%store_ln18747 = store i20 %add_ln18747_2, i20 %indvar_flatten104" [/home/silvenchen/Desktop/DitBlock/WorkDCT/DitBlock/kernel.cpp:18747->/home/silvenchen/Desktop/DitBlock/WorkDCT/DitBlock/kernel.cpp:25432]   --->   Operation 34 'store' 'store_ln18747' <Predicate = (!icmp_ln18747)> <Delay = 0.38>
ST_2 : Operation 35 [1/1] (0.38ns)   --->   "%store_ln18747 = store i11 %select_ln18747_1, i11 %i18" [/home/silvenchen/Desktop/DitBlock/WorkDCT/DitBlock/kernel.cpp:18747->/home/silvenchen/Desktop/DitBlock/WorkDCT/DitBlock/kernel.cpp:25432]   --->   Operation 35 'store' 'store_ln18747' <Predicate = (!icmp_ln18747)> <Delay = 0.38>
ST_2 : Operation 36 [1/1] (0.38ns)   --->   "%store_ln18748 = store i10 %add_ln18748, i10 %j16" [/home/silvenchen/Desktop/DitBlock/WorkDCT/DitBlock/kernel.cpp:18748->/home/silvenchen/Desktop/DitBlock/WorkDCT/DitBlock/kernel.cpp:25432]   --->   Operation 36 'store' 'store_ln18748' <Predicate = (!icmp_ln18747)> <Delay = 0.38>

State 3 <SV = 2> <Delay = 2.66>
ST_3 : Operation 37 [1/1] (0.00ns)   --->   "%zext_ln18748 = zext i10 %select_ln18747" [/home/silvenchen/Desktop/DitBlock/WorkDCT/DitBlock/kernel.cpp:18748->/home/silvenchen/Desktop/DitBlock/WorkDCT/DitBlock/kernel.cpp:25432]   --->   Operation 37 'zext' 'zext_ln18748' <Predicate = true> <Delay = 0.00>
ST_3 : Operation 38 [1/2] (2.66ns)   --->   "%v10237 = load i19 %buffer_x_addr" [/home/silvenchen/Desktop/DitBlock/WorkDCT/DitBlock/kernel.cpp:18749->/home/silvenchen/Desktop/DitBlock/WorkDCT/DitBlock/kernel.cpp:25432]   --->   Operation 38 'load' 'v10237' <Predicate = true> <Delay = 2.66> <CoreInst = "RAM_2P_URAM">   --->   Core 95 'RAM_2P_URAM' <Latency = 1> <II = 1> <Delay = 2.66> <Storage> <Opcode : 'load' 'store'> <Ports = 2> <Width = 32> <Depth = 524288> <RAM>
ST_3 : Operation 39 [1/1] (0.00ns)   --->   "%buffer2_addr = getelementptr i32 %buffer2, i64 0, i64 %zext_ln18748" [/home/silvenchen/Desktop/DitBlock/WorkDCT/DitBlock/kernel.cpp:18750->/home/silvenchen/Desktop/DitBlock/WorkDCT/DitBlock/kernel.cpp:25432]   --->   Operation 39 'getelementptr' 'buffer2_addr' <Predicate = true> <Delay = 0.00>
ST_3 : Operation 40 [2/2] (1.19ns)   --->   "%v10238 = load i9 %buffer2_addr" [/home/silvenchen/Desktop/DitBlock/WorkDCT/DitBlock/kernel.cpp:18750->/home/silvenchen/Desktop/DitBlock/WorkDCT/DitBlock/kernel.cpp:25432]   --->   Operation 40 'load' 'v10238' <Predicate = true> <Delay = 1.19> <CoreInst = "RAM">   --->   Core 83 'RAM' <Latency = 1> <II = 1> <Delay = 1.19> <Storage> <Opcode : 'load' 'store'> <Ports = 2> <Width = 32> <Depth = 512> <RAM>

State 4 <SV = 3> <Delay = 6.09>
ST_4 : Operation 41 [1/2] (1.19ns)   --->   "%v10238 = load i9 %buffer2_addr" [/home/silvenchen/Desktop/DitBlock/WorkDCT/DitBlock/kernel.cpp:18750->/home/silvenchen/Desktop/DitBlock/WorkDCT/DitBlock/kernel.cpp:25432]   --->   Operation 41 'load' 'v10238' <Predicate = true> <Delay = 1.19> <CoreInst = "RAM">   --->   Core 83 'RAM' <Latency = 1> <II = 1> <Delay = 1.19> <Storage> <Opcode : 'load' 'store'> <Ports = 2> <Width = 32> <Depth = 512> <RAM>
ST_4 : Operation 42 [2/2] (4.90ns)   --->   "%v10239 = fmul i32 %v10237, i32 %v10238" [/home/silvenchen/Desktop/DitBlock/WorkDCT/DitBlock/kernel.cpp:18751->/home/silvenchen/Desktop/DitBlock/WorkDCT/DitBlock/kernel.cpp:25432]   --->   Operation 42 'fmul' 'v10239' <Predicate = true> <Delay = 4.90> <CoreInst = "FMul_maxdsp">   --->   Core 30 'FMul_maxdsp' <Latency = 1> <II = 1> <Delay = 4.90> <FuncUnit> <Opcode : 'fmul'> <InPorts = 2> <OutPorts = 1>

State 5 <SV = 4> <Delay = 4.90>
ST_5 : Operation 43 [1/2] (4.90ns)   --->   "%v10239 = fmul i32 %v10237, i32 %v10238" [/home/silvenchen/Desktop/DitBlock/WorkDCT/DitBlock/kernel.cpp:18751->/home/silvenchen/Desktop/DitBlock/WorkDCT/DitBlock/kernel.cpp:25432]   --->   Operation 43 'fmul' 'v10239' <Predicate = true> <Delay = 4.90> <CoreInst = "FMul_maxdsp">   --->   Core 30 'FMul_maxdsp' <Latency = 1> <II = 1> <Delay = 4.90> <FuncUnit> <Opcode : 'fmul'> <InPorts = 2> <OutPorts = 1>
ST_5 : Operation 49 [1/1] (0.00ns)   --->   "%ret_ln0 = ret"   --->   Operation 49 'ret' 'ret_ln0' <Predicate = (icmp_ln18747)> <Delay = 0.00>

State 6 <SV = 5> <Delay = 2.66>
ST_6 : Operation 44 [1/1] (0.00ns)   --->   "%specloopname_ln0 = specloopname void @_ssdm_op_SpecLoopName, void @l_scale_i18_l_j16_str"   --->   Operation 44 'specloopname' 'specloopname_ln0' <Predicate = true> <Delay = 0.00>
ST_6 : Operation 45 [1/1] (0.00ns)   --->   "%speclooptripcount_ln0 = speclooptripcount void @_ssdm_op_SpecLoopTripCount, i64 524288, i64 524288, i64 524288"   --->   Operation 45 'speclooptripcount' 'speclooptripcount_ln0' <Predicate = true> <Delay = 0.00>
ST_6 : Operation 46 [1/1] (0.00ns)   --->   "%specpipeline_ln18748 = specpipeline void @_ssdm_op_SpecPipeline, i32 4294967295, i32 0, i32 0, i32 0, void @empty_219" [/home/silvenchen/Desktop/DitBlock/WorkDCT/DitBlock/kernel.cpp:18748->/home/silvenchen/Desktop/DitBlock/WorkDCT/DitBlock/kernel.cpp:25432]   --->   Operation 46 'specpipeline' 'specpipeline_ln18748' <Predicate = true> <Delay = 0.00>
ST_6 : Operation 47 [1/1] (2.66ns)   --->   "%store_ln18752 = store i32 %v10239, i19 %buffer_x_addr" [/home/silvenchen/Desktop/DitBlock/WorkDCT/DitBlock/kernel.cpp:18752->/home/silvenchen/Desktop/DitBlock/WorkDCT/DitBlock/kernel.cpp:25432]   --->   Operation 47 'store' 'store_ln18752' <Predicate = true> <Delay = 2.66> <CoreInst = "RAM_2P_URAM">   --->   Core 95 'RAM_2P_URAM' <Latency = 1> <II = 1> <Delay = 2.66> <Storage> <Opcode : 'load' 'store'> <Ports = 2> <Width = 32> <Depth = 524288> <RAM>
ST_6 : Operation 48 [1/1] (0.00ns)   --->   "%br_ln18748 = br void %for.inc.i219" [/home/silvenchen/Desktop/DitBlock/WorkDCT/DitBlock/kernel.cpp:18748->/home/silvenchen/Desktop/DitBlock/WorkDCT/DitBlock/kernel.cpp:25432]   --->   Operation 48 'br' 'br_ln18748' <Predicate = true> <Delay = 0.00>


============================================================
+ Verbose Summary: Timing violations
============================================================
Target clock period: 10.000ns, clock uncertainty: 2.700ns.

 <State 1>: 0.387ns
The critical path consists of the following:
	'alloca' operation 20 bit ('indvar_flatten104') [5]  (0.000 ns)
	'store' operation 0 bit ('store_ln0') of constant 0 on local variable 'indvar_flatten104' [7]  (0.387 ns)

 <State 2>: 4.503ns
The critical path consists of the following:
	'load' operation 11 bit ('i18_load', /home/silvenchen/Desktop/DitBlock/WorkDCT/DitBlock/kernel.cpp:18747->/home/silvenchen/Desktop/DitBlock/WorkDCT/DitBlock/kernel.cpp:25432) on local variable 'i18', /home/silvenchen/Desktop/DitBlock/WorkDCT/DitBlock/kernel.cpp:18747->/home/silvenchen/Desktop/DitBlock/WorkDCT/DitBlock/kernel.cpp:25432 [18]  (0.000 ns)
	'add' operation 11 bit ('add_ln18747', /home/silvenchen/Desktop/DitBlock/WorkDCT/DitBlock/kernel.cpp:18747->/home/silvenchen/Desktop/DitBlock/WorkDCT/DitBlock/kernel.cpp:25432) [19]  (0.735 ns)
	'select' operation 11 bit ('select_ln18747_1', /home/silvenchen/Desktop/DitBlock/WorkDCT/DitBlock/kernel.cpp:18747->/home/silvenchen/Desktop/DitBlock/WorkDCT/DitBlock/kernel.cpp:25432) [24]  (0.301 ns)
	'add' operation 19 bit ('add_ln18749', /home/silvenchen/Desktop/DitBlock/WorkDCT/DitBlock/kernel.cpp:18749->/home/silvenchen/Desktop/DitBlock/WorkDCT/DitBlock/kernel.cpp:25432) [29]  (0.803 ns)
	'getelementptr' operation 19 bit ('buffer_x_addr', /home/silvenchen/Desktop/DitBlock/WorkDCT/DitBlock/kernel.cpp:18749->/home/silvenchen/Desktop/DitBlock/WorkDCT/DitBlock/kernel.cpp:25432) [31]  (0.000 ns)
	'load' operation 32 bit ('v10237', /home/silvenchen/Desktop/DitBlock/WorkDCT/DitBlock/kernel.cpp:18749->/home/silvenchen/Desktop/DitBlock/WorkDCT/DitBlock/kernel.cpp:25432) on array 'buffer_x' [33]  (2.664 ns)

 <State 3>: 2.664ns
The critical path consists of the following:
	'load' operation 32 bit ('v10237', /home/silvenchen/Desktop/DitBlock/WorkDCT/DitBlock/kernel.cpp:18749->/home/silvenchen/Desktop/DitBlock/WorkDCT/DitBlock/kernel.cpp:25432) on array 'buffer_x' [33]  (2.664 ns)

 <State 4>: 6.097ns
The critical path consists of the following:
	'load' operation 32 bit ('v10238', /home/silvenchen/Desktop/DitBlock/WorkDCT/DitBlock/kernel.cpp:18750->/home/silvenchen/Desktop/DitBlock/WorkDCT/DitBlock/kernel.cpp:25432) on array 'buffer2' [35]  (1.196 ns)
	'fmul' operation 32 bit ('v10239', /home/silvenchen/Desktop/DitBlock/WorkDCT/DitBlock/kernel.cpp:18751->/home/silvenchen/Desktop/DitBlock/WorkDCT/DitBlock/kernel.cpp:25432) [36]  (4.901 ns)

 <State 5>: 4.901ns
The critical path consists of the following:
	'fmul' operation 32 bit ('v10239', /home/silvenchen/Desktop/DitBlock/WorkDCT/DitBlock/kernel.cpp:18751->/home/silvenchen/Desktop/DitBlock/WorkDCT/DitBlock/kernel.cpp:25432) [36]  (4.901 ns)

 <State 6>: 2.664ns
The critical path consists of the following:
	'store' operation 0 bit ('store_ln18752', /home/silvenchen/Desktop/DitBlock/WorkDCT/DitBlock/kernel.cpp:18752->/home/silvenchen/Desktop/DitBlock/WorkDCT/DitBlock/kernel.cpp:25432) of variable 'v10239', /home/silvenchen/Desktop/DitBlock/WorkDCT/DitBlock/kernel.cpp:18751->/home/silvenchen/Desktop/DitBlock/WorkDCT/DitBlock/kernel.cpp:25432 on array 'buffer_x' [37]  (2.664 ns)


============================================================
+ Verbose Summary: Binding
============================================================
N/A
* FSMD analyzer results:
  - Output states:
 - Input state : 
  - Chain level:
	State 1
	State 2
	State 3
	State 4
	State 5
	State 6


============================================================
+ Verbose Summary: Datapath Resource usage 
============================================================
N/A
