

================================================================
== Vitis HLS Report for 'allo_DDitBlock'
================================================================
* Date:           Wed Feb  5 22:35:20 2025

* Version:        2023.2 (Build 4023990 on Oct 11 2023)
* Project:        DitBlock
* Solution:       hls (Vivado IP Flow Target)
* Product family: virtexuplusHBM
* Target device:  xcu280-fsvh2892-2L-e


================================================================
== Performance Estimates
================================================================
+ Timing: 
    * Summary: 
    +--------+----------+----------+------------+
    |  Clock |  Target  | Estimated| Uncertainty|
    +--------+----------+----------+------------+
    |ap_clk  |  10.00 ns|  7.279 ns|     2.70 ns|
    +--------+----------+----------+------------+

+ Latency: 
    * Summary: 
    +-----------+-----------+-----------+-----------+-----------+-----------+---------+
    |    Latency (cycles)   |   Latency (absolute)  |        Interval       | Pipeline|
    |    min    |    max    |    min    |    max    |    min    |    max    |   Type  |
    +-----------+-----------+-----------+-----------+-----------+-----------+---------+
    |  509271231|  509271231|  5.093 sec|  5.093 sec|  509271232|  509271232|       no|
    +-----------+-----------+-----------+-----------+-----------+-----------+---------+

    + Detail: 
        * Instance: 
        N/A

        * Loop: 
        N/A

============================================================
+ Verbose Summary: Synthesis Manager
============================================================
InlineROM: 1
ExposeGlobal: 0
============================================================
+ Verbose Summary: CDFG Model
============================================================
IsTopModel: 1
ResetActiveHigh: 1
IsCombinational: 0
IsDatapathOnly: 0
HasWiredReturn: 1
HasMFsm: 0
HasVarLatency: 1
IsPipeline: 0
IsRtlPipelined: 0
IsInstanceOverlapped: 0
IsDontTouch: 0
HasImplIP: 0
IsGatedGlobalClock: 0


============================================================
+ Verbose Summary: Schedule
============================================================
* Number of FSM states : 48
* Pipeline : 0
* Dataflow Pipeline: 0

* FSM state transitions: 
1 --> 2 
2 --> 3 
3 --> 4 
4 --> 5 
5 --> 6 
6 --> 7 
7 --> 8 
8 --> 9 
9 --> 10 
10 --> 11 
11 --> 12 
12 --> 13 
13 --> 14 
14 --> 15 
15 --> 16 
16 --> 17 
17 --> 18 
18 --> 19 
19 --> 20 
20 --> 21 
21 --> 22 
22 --> 23 
23 --> 24 
24 --> 25 
25 --> 26 
26 --> 27 
27 --> 28 
28 --> 29 
29 --> 30 
30 --> 31 
31 --> 32 
32 --> 33 
33 --> 34 
34 --> 35 
35 --> 36 
36 --> 37 
37 --> 38 
38 --> 39 
39 --> 40 
40 --> 41 
41 --> 42 
42 --> 43 
43 --> 44 
44 --> 45 
45 --> 46 
46 --> 47 
47 --> 48 
48 --> 

* FSM state operations: 

State 1 <SV = 0> <Delay = 0.00>
ST_1 : Operation 49 [1/1] (0.00ns)   --->   "%buffer_x = alloca i64 1" [/home/silvenchen/Desktop/DitBlock/WorkDCT/DitBlock/kernel.cpp:25266]   --->   Operation 49 'alloca' 'buffer_x' <Predicate = true> <Delay = 0.00> <CoreInst = "RAM_2P_URAM">   --->   Core 95 'RAM_2P_URAM' <Latency = 1> <II = 1> <Delay = 2.66> <Storage> <Opcode : 'load' 'store'> <Ports = 2> <Width = 32> <Depth = 524288> <RAM>
ST_1 : Operation 50 [1/1] (0.00ns)   --->   "%buffer_w = alloca i64 1" [/home/silvenchen/Desktop/DitBlock/WorkDCT/DitBlock/kernel.cpp:25267]   --->   Operation 50 'alloca' 'buffer_w' <Predicate = true> <Delay = 0.00> <CoreInst = "RAM_2P_URAM">   --->   Core 95 'RAM_2P_URAM' <Latency = 1> <II = 1> <Delay = 2.66> <Storage> <Opcode : 'load' 'store'> <Ports = 2> <Width = 32> <Depth = 262144> <RAM>
ST_1 : Operation 51 [1/1] (0.00ns)   --->   "%buffer_Q = alloca i64 1" [/home/silvenchen/Desktop/DitBlock/WorkDCT/DitBlock/kernel.cpp:25269]   --->   Operation 51 'alloca' 'buffer_Q' <Predicate = true> <Delay = 0.00> <CoreInst = "RAM_2P_URAM">   --->   Core 95 'RAM_2P_URAM' <Latency = 1> <II = 1> <Delay = 2.66> <Storage> <Opcode : 'load' 'store'> <Ports = 2> <Width = 32> <Depth = 524288> <RAM>
ST_1 : Operation 52 [1/1] (0.00ns)   --->   "%buffer_K = alloca i64 1" [/home/silvenchen/Desktop/DitBlock/WorkDCT/DitBlock/kernel.cpp:25270]   --->   Operation 52 'alloca' 'buffer_K' <Predicate = true> <Delay = 0.00> <CoreInst = "RAM_2P_URAM">   --->   Core 95 'RAM_2P_URAM' <Latency = 1> <II = 1> <Delay = 2.66> <Storage> <Opcode : 'load' 'store'> <Ports = 2> <Width = 32> <Depth = 524288> <RAM>
ST_1 : Operation 53 [1/1] (0.00ns)   --->   "%buffer_V = alloca i64 1" [/home/silvenchen/Desktop/DitBlock/WorkDCT/DitBlock/kernel.cpp:25271]   --->   Operation 53 'alloca' 'buffer_V' <Predicate = true> <Delay = 0.00> <CoreInst = "RAM_2P_URAM">   --->   Core 95 'RAM_2P_URAM' <Latency = 1> <II = 1> <Delay = 2.66> <Storage> <Opcode : 'load' 'store'> <Ports = 2> <Width = 32> <Depth = 524288> <RAM>
ST_1 : Operation 54 [1/1] (0.00ns)   --->   "%buffer0 = alloca i64 1" [/home/silvenchen/Desktop/DitBlock/WorkDCT/DitBlock/kernel.cpp:25273]   --->   Operation 54 'alloca' 'buffer0' <Predicate = true> <Delay = 0.00>
ST_1 : Operation 55 [1/1] (0.00ns)   --->   "%buffer1 = alloca i64 1" [/home/silvenchen/Desktop/DitBlock/WorkDCT/DitBlock/kernel.cpp:25274]   --->   Operation 55 'alloca' 'buffer1' <Predicate = true> <Delay = 0.00>
ST_1 : Operation 56 [1/1] (0.00ns)   --->   "%buffer2 = alloca i64 1" [/home/silvenchen/Desktop/DitBlock/WorkDCT/DitBlock/kernel.cpp:25275]   --->   Operation 56 'alloca' 'buffer2' <Predicate = true> <Delay = 0.00>
ST_1 : Operation 57 [1/1] (0.00ns)   --->   "%buffer3 = alloca i64 1" [/home/silvenchen/Desktop/DitBlock/WorkDCT/DitBlock/kernel.cpp:25276]   --->   Operation 57 'alloca' 'buffer3' <Predicate = true> <Delay = 0.00>
ST_1 : Operation 58 [1/1] (0.00ns)   --->   "%buffer4 = alloca i64 1" [/home/silvenchen/Desktop/DitBlock/WorkDCT/DitBlock/kernel.cpp:25277]   --->   Operation 58 'alloca' 'buffer4' <Predicate = true> <Delay = 0.00>
ST_1 : Operation 59 [1/1] (0.00ns)   --->   "%buffer5 = alloca i64 1" [/home/silvenchen/Desktop/DitBlock/WorkDCT/DitBlock/kernel.cpp:25278]   --->   Operation 59 'alloca' 'buffer5' <Predicate = true> <Delay = 0.00>
ST_1 : Operation 60 [1/1] (0.00ns)   --->   "%adaLN_weight = alloca i64 1" [/home/silvenchen/Desktop/DitBlock/WorkDCT/DitBlock/kernel.cpp:25279]   --->   Operation 60 'alloca' 'adaLN_weight' <Predicate = true> <Delay = 0.00>
ST_1 : Operation 61 [1/1] (0.00ns)   --->   "%adaLN_bias = alloca i64 1" [/home/silvenchen/Desktop/DitBlock/WorkDCT/DitBlock/kernel.cpp:25280]   --->   Operation 61 'alloca' 'adaLN_bias' <Predicate = true> <Delay = 0.00>
ST_1 : Operation 62 [1/1] (0.00ns)   --->   "%buffer_c_0 = alloca i64 1" [/home/silvenchen/Desktop/DitBlock/WorkDCT/DitBlock/kernel.cpp:25281]   --->   Operation 62 'alloca' 'buffer_c_0' <Predicate = true> <Delay = 0.00>
ST_1 : Operation 63 [1/1] (0.00ns)   --->   "%buffer_sin = alloca i64 1" [/home/silvenchen/Desktop/DitBlock/WorkDCT/DitBlock/kernel.cpp:25283]   --->   Operation 63 'alloca' 'buffer_sin' <Predicate = true> <Delay = 0.00>
ST_1 : Operation 64 [1/1] (0.00ns)   --->   "%buffer_cos = alloca i64 1" [/home/silvenchen/Desktop/DitBlock/WorkDCT/DitBlock/kernel.cpp:25284]   --->   Operation 64 'alloca' 'buffer_cos' <Predicate = true> <Delay = 0.00>
ST_1 : Operation 65 [2/2] (0.00ns)   --->   "%call_ln0 = call void @allo_DDitBlock_Pipeline_VITIS_LOOP_25294_2, i32 %v13546, i32 %buffer_c_0"   --->   Operation 65 'call' 'call_ln0' <Predicate = true> <Delay = 0.00> <CoreType = "Generic">   --->   Core 0 '' <Latency = 0> <II = 1> <Delay = 1.00> <Generic> <Opcode : >
ST_1 : Operation 66 [2/2] (0.00ns)   --->   "%call_ln0 = call void @allo_DDitBlock_Pipeline_VITIS_LOOP_25298_3, i32 %adaLN_bias0, i32 %adaLN_bias"   --->   Operation 66 'call' 'call_ln0' <Predicate = true> <Delay = 0.00> <CoreType = "Generic">   --->   Core 0 '' <Latency = 0> <II = 1> <Delay = 1.00> <Generic> <Opcode : >
ST_1 : Operation 67 [2/2] (0.00ns)   --->   "%call_ln0 = call void @allo_DDitBlock_Pipeline_VITIS_LOOP_25301_4_VITIS_LOOP_25302_5, i32 %adaLN_weight0, i32 %adaLN_weight"   --->   Operation 67 'call' 'call_ln0' <Predicate = true> <Delay = 0.00> <CoreType = "Generic">   --->   Core 0 '' <Latency = 0> <II = 1> <Delay = 1.00> <Generic> <Opcode : >
ST_1 : Operation 68 [2/2] (0.00ns)   --->   "%call_ln0 = call void @allo_DDitBlock_Pipeline_VITIS_LOOP_25364_21_VITIS_LOOP_25365_22, i32 %v13538, i32 %buffer_x"   --->   Operation 68 'call' 'call_ln0' <Predicate = true> <Delay = 0.00> <CoreType = "Generic">   --->   Core 0 '' <Latency = 0> <II = 1> <Delay = 1.00> <Generic> <Opcode : >
ST_1 : Operation 69 [2/2] (0.00ns)   --->   "%call_ln0 = call void @allo_DDitBlock_Pipeline_VITIS_LOOP_25381_23_VITIS_LOOP_25382_24, i32 %v13543, i32 %buffer_w"   --->   Operation 69 'call' 'call_ln0' <Predicate = true> <Delay = 0.00> <CoreType = "Generic">   --->   Core 0 '' <Latency = 0> <II = 1> <Delay = 1.00> <Generic> <Opcode : >
ST_1 : Operation 70 [2/2] (0.00ns)   --->   "%call_ln0 = call void @allo_DDitBlock_Pipeline_VITIS_LOOP_25401_29_VITIS_LOOP_25402_30, i32 %v13541, i32 %buffer_sin"   --->   Operation 70 'call' 'call_ln0' <Predicate = true> <Delay = 0.00> <CoreType = "Generic">   --->   Core 0 '' <Latency = 0> <II = 1> <Delay = 1.00> <Generic> <Opcode : >
ST_1 : Operation 71 [2/2] (0.00ns)   --->   "%call_ln0 = call void @allo_DDitBlock_Pipeline_VITIS_LOOP_25406_31_VITIS_LOOP_25407_32, i32 %v13542, i32 %buffer_cos"   --->   Operation 71 'call' 'call_ln0' <Predicate = true> <Delay = 0.00> <CoreType = "Generic">   --->   Core 0 '' <Latency = 0> <II = 1> <Delay = 1.00> <Generic> <Opcode : >

State 2 <SV = 1> <Delay = 0.00>
ST_2 : Operation 72 [1/2] (0.00ns)   --->   "%call_ln0 = call void @allo_DDitBlock_Pipeline_VITIS_LOOP_25294_2, i32 %v13546, i32 %buffer_c_0"   --->   Operation 72 'call' 'call_ln0' <Predicate = true> <Delay = 0.00> <CoreType = "Generic">   --->   Core 0 '' <Latency = 0> <II = 1> <Delay = 1.00> <Generic> <Opcode : >
ST_2 : Operation 73 [1/2] (0.00ns)   --->   "%call_ln0 = call void @allo_DDitBlock_Pipeline_VITIS_LOOP_25298_3, i32 %adaLN_bias0, i32 %adaLN_bias"   --->   Operation 73 'call' 'call_ln0' <Predicate = true> <Delay = 0.00> <CoreType = "Generic">   --->   Core 0 '' <Latency = 0> <II = 1> <Delay = 1.00> <Generic> <Opcode : >
ST_2 : Operation 74 [1/2] (0.00ns)   --->   "%call_ln0 = call void @allo_DDitBlock_Pipeline_VITIS_LOOP_25301_4_VITIS_LOOP_25302_5, i32 %adaLN_weight0, i32 %adaLN_weight"   --->   Operation 74 'call' 'call_ln0' <Predicate = true> <Delay = 0.00> <CoreType = "Generic">   --->   Core 0 '' <Latency = 0> <II = 1> <Delay = 1.00> <Generic> <Opcode : >
ST_2 : Operation 75 [1/2] (0.00ns)   --->   "%call_ln0 = call void @allo_DDitBlock_Pipeline_VITIS_LOOP_25364_21_VITIS_LOOP_25365_22, i32 %v13538, i32 %buffer_x"   --->   Operation 75 'call' 'call_ln0' <Predicate = true> <Delay = 0.00> <CoreType = "Generic">   --->   Core 0 '' <Latency = 0> <II = 1> <Delay = 1.00> <Generic> <Opcode : >
ST_2 : Operation 76 [1/2] (0.00ns)   --->   "%call_ln0 = call void @allo_DDitBlock_Pipeline_VITIS_LOOP_25381_23_VITIS_LOOP_25382_24, i32 %v13543, i32 %buffer_w"   --->   Operation 76 'call' 'call_ln0' <Predicate = true> <Delay = 0.00> <CoreType = "Generic">   --->   Core 0 '' <Latency = 0> <II = 1> <Delay = 1.00> <Generic> <Opcode : >
ST_2 : Operation 77 [1/2] (0.00ns)   --->   "%call_ln0 = call void @allo_DDitBlock_Pipeline_VITIS_LOOP_25401_29_VITIS_LOOP_25402_30, i32 %v13541, i32 %buffer_sin"   --->   Operation 77 'call' 'call_ln0' <Predicate = true> <Delay = 0.00> <CoreType = "Generic">   --->   Core 0 '' <Latency = 0> <II = 1> <Delay = 1.00> <Generic> <Opcode : >
ST_2 : Operation 78 [1/2] (0.00ns)   --->   "%call_ln0 = call void @allo_DDitBlock_Pipeline_VITIS_LOOP_25406_31_VITIS_LOOP_25407_32, i32 %v13542, i32 %buffer_cos"   --->   Operation 78 'call' 'call_ln0' <Predicate = true> <Delay = 0.00> <CoreType = "Generic">   --->   Core 0 '' <Latency = 0> <II = 1> <Delay = 1.00> <Generic> <Opcode : >

State 3 <SV = 2> <Delay = 0.00>
ST_3 : Operation 79 [2/2] (0.00ns)   --->   "%call_ln25306 = call void @adaLN_modulate, i32 %buffer_c_0, i32 %adaLN_weight, i32 %adaLN_bias, i32 %buffer0" [/home/silvenchen/Desktop/DitBlock/WorkDCT/DitBlock/kernel.cpp:25306]   --->   Operation 79 'call' 'call_ln25306' <Predicate = true> <Delay = 0.00> <CoreType = "Generic">   --->   Core 0 '' <Latency = 0> <II = 1> <Delay = 1.00> <Generic> <Opcode : >
ST_3 : Operation 80 [2/2] (0.00ns)   --->   "%call_ln25378 = call void @layer_norm, i32 %buffer_x, i32 %buffer_K" [/home/silvenchen/Desktop/DitBlock/WorkDCT/DitBlock/kernel.cpp:25378]   --->   Operation 80 'call' 'call_ln25378' <Predicate = true> <Delay = 0.00> <CoreType = "Generic">   --->   Core 0 '' <Latency = 0> <II = 1> <Delay = 1.00> <Generic> <Opcode : >

State 4 <SV = 3> <Delay = 0.00>
ST_4 : Operation 81 [1/2] (0.00ns)   --->   "%call_ln25306 = call void @adaLN_modulate, i32 %buffer_c_0, i32 %adaLN_weight, i32 %adaLN_bias, i32 %buffer0" [/home/silvenchen/Desktop/DitBlock/WorkDCT/DitBlock/kernel.cpp:25306]   --->   Operation 81 'call' 'call_ln25306' <Predicate = true> <Delay = 0.00> <CoreType = "Generic">   --->   Core 0 '' <Latency = 0> <II = 1> <Delay = 1.00> <Generic> <Opcode : >
ST_4 : Operation 82 [1/2] (0.00ns)   --->   "%call_ln25378 = call void @layer_norm, i32 %buffer_x, i32 %buffer_K" [/home/silvenchen/Desktop/DitBlock/WorkDCT/DitBlock/kernel.cpp:25378]   --->   Operation 82 'call' 'call_ln25378' <Predicate = true> <Delay = 0.00> <CoreType = "Generic">   --->   Core 0 '' <Latency = 0> <II = 1> <Delay = 1.00> <Generic> <Opcode : >

State 5 <SV = 4> <Delay = 0.00>
ST_5 : Operation 83 [2/2] (0.00ns)   --->   "%call_ln0 = call void @allo_DDitBlock_Pipeline_VITIS_LOOP_25308_6, i32 %adaLN_bias1, i32 %adaLN_bias"   --->   Operation 83 'call' 'call_ln0' <Predicate = true> <Delay = 0.00> <CoreType = "Generic">   --->   Core 0 '' <Latency = 0> <II = 1> <Delay = 1.00> <Generic> <Opcode : >
ST_5 : Operation 84 [2/2] (0.00ns)   --->   "%call_ln0 = call void @allo_DDitBlock_Pipeline_VITIS_LOOP_25311_7_VITIS_LOOP_25312_8, i32 %adaLN_weight1, i32 %adaLN_weight"   --->   Operation 84 'call' 'call_ln0' <Predicate = true> <Delay = 0.00> <CoreType = "Generic">   --->   Core 0 '' <Latency = 0> <II = 1> <Delay = 1.00> <Generic> <Opcode : >

State 6 <SV = 5> <Delay = 0.00>
ST_6 : Operation 85 [1/2] (0.00ns)   --->   "%call_ln0 = call void @allo_DDitBlock_Pipeline_VITIS_LOOP_25308_6, i32 %adaLN_bias1, i32 %adaLN_bias"   --->   Operation 85 'call' 'call_ln0' <Predicate = true> <Delay = 0.00> <CoreType = "Generic">   --->   Core 0 '' <Latency = 0> <II = 1> <Delay = 1.00> <Generic> <Opcode : >
ST_6 : Operation 86 [1/2] (0.00ns)   --->   "%call_ln0 = call void @allo_DDitBlock_Pipeline_VITIS_LOOP_25311_7_VITIS_LOOP_25312_8, i32 %adaLN_weight1, i32 %adaLN_weight"   --->   Operation 86 'call' 'call_ln0' <Predicate = true> <Delay = 0.00> <CoreType = "Generic">   --->   Core 0 '' <Latency = 0> <II = 1> <Delay = 1.00> <Generic> <Opcode : >

State 7 <SV = 6> <Delay = 0.00>
ST_7 : Operation 87 [2/2] (0.00ns)   --->   "%call_ln25316 = call void @adaLN_modulate, i32 %buffer_c_0, i32 %adaLN_weight, i32 %adaLN_bias, i32 %buffer1" [/home/silvenchen/Desktop/DitBlock/WorkDCT/DitBlock/kernel.cpp:25316]   --->   Operation 87 'call' 'call_ln25316' <Predicate = true> <Delay = 0.00> <CoreType = "Generic">   --->   Core 0 '' <Latency = 0> <II = 1> <Delay = 1.00> <Generic> <Opcode : >

State 8 <SV = 7> <Delay = 0.00>
ST_8 : Operation 88 [1/2] (0.00ns)   --->   "%call_ln25316 = call void @adaLN_modulate, i32 %buffer_c_0, i32 %adaLN_weight, i32 %adaLN_bias, i32 %buffer1" [/home/silvenchen/Desktop/DitBlock/WorkDCT/DitBlock/kernel.cpp:25316]   --->   Operation 88 'call' 'call_ln25316' <Predicate = true> <Delay = 0.00> <CoreType = "Generic">   --->   Core 0 '' <Latency = 0> <II = 1> <Delay = 1.00> <Generic> <Opcode : >

State 9 <SV = 8> <Delay = 0.00>
ST_9 : Operation 89 [2/2] (0.00ns)   --->   "%call_ln0 = call void @allo_DDitBlock_Pipeline_VITIS_LOOP_25318_9, i32 %adaLN_bias2, i32 %adaLN_bias"   --->   Operation 89 'call' 'call_ln0' <Predicate = true> <Delay = 0.00> <CoreType = "Generic">   --->   Core 0 '' <Latency = 0> <II = 1> <Delay = 1.00> <Generic> <Opcode : >
ST_9 : Operation 90 [2/2] (0.00ns)   --->   "%call_ln0 = call void @allo_DDitBlock_Pipeline_VITIS_LOOP_25321_10_VITIS_LOOP_25322_11, i32 %adaLN_weight2, i32 %adaLN_weight"   --->   Operation 90 'call' 'call_ln0' <Predicate = true> <Delay = 0.00> <CoreType = "Generic">   --->   Core 0 '' <Latency = 0> <II = 1> <Delay = 1.00> <Generic> <Opcode : >
ST_9 : Operation 91 [2/2] (0.00ns)   --->   "%call_ln0 = call void @allo_DDitBlock_Pipeline_l_m_fused_i5_l_j3, i32 %buffer_x, i32 %buffer_K, i32 %buffer1, i32 %buffer0"   --->   Operation 91 'call' 'call_ln0' <Predicate = true> <Delay = 0.00> <CoreType = "Generic">   --->   Core 0 '' <Latency = 0> <II = 1> <Delay = 1.00> <Generic> <Opcode : >

State 10 <SV = 9> <Delay = 0.00>
ST_10 : Operation 92 [1/2] (0.00ns)   --->   "%call_ln0 = call void @allo_DDitBlock_Pipeline_VITIS_LOOP_25318_9, i32 %adaLN_bias2, i32 %adaLN_bias"   --->   Operation 92 'call' 'call_ln0' <Predicate = true> <Delay = 0.00> <CoreType = "Generic">   --->   Core 0 '' <Latency = 0> <II = 1> <Delay = 1.00> <Generic> <Opcode : >
ST_10 : Operation 93 [1/2] (0.00ns)   --->   "%call_ln0 = call void @allo_DDitBlock_Pipeline_VITIS_LOOP_25321_10_VITIS_LOOP_25322_11, i32 %adaLN_weight2, i32 %adaLN_weight"   --->   Operation 93 'call' 'call_ln0' <Predicate = true> <Delay = 0.00> <CoreType = "Generic">   --->   Core 0 '' <Latency = 0> <II = 1> <Delay = 1.00> <Generic> <Opcode : >
ST_10 : Operation 94 [1/2] (0.00ns)   --->   "%call_ln0 = call void @allo_DDitBlock_Pipeline_l_m_fused_i5_l_j3, i32 %buffer_x, i32 %buffer_K, i32 %buffer1, i32 %buffer0"   --->   Operation 94 'call' 'call_ln0' <Predicate = true> <Delay = 0.00> <CoreType = "Generic">   --->   Core 0 '' <Latency = 0> <II = 1> <Delay = 1.00> <Generic> <Opcode : >

State 11 <SV = 10> <Delay = 0.00>
ST_11 : Operation 95 [2/2] (0.00ns)   --->   "%call_ln25326 = call void @adaLN_modulate, i32 %buffer_c_0, i32 %adaLN_weight, i32 %adaLN_bias, i32 %buffer2" [/home/silvenchen/Desktop/DitBlock/WorkDCT/DitBlock/kernel.cpp:25326]   --->   Operation 95 'call' 'call_ln25326' <Predicate = true> <Delay = 0.00> <CoreType = "Generic">   --->   Core 0 '' <Latency = 0> <II = 1> <Delay = 1.00> <Generic> <Opcode : >
ST_11 : Operation 96 [2/2] (0.00ns)   --->   "%call_ln25386 = call void @systolic_Q, i32 %buffer_x, i32 %buffer_w, i32 %buffer_Q" [/home/silvenchen/Desktop/DitBlock/WorkDCT/DitBlock/kernel.cpp:25386]   --->   Operation 96 'call' 'call_ln25386' <Predicate = true> <Delay = 0.00> <CoreType = "Generic">   --->   Core 0 '' <Latency = 0> <II = 1> <Delay = 1.00> <Generic> <Opcode : >
ST_11 : Operation 97 [2/2] (0.00ns)   --->   "%call_ln0 = call void @allo_DDitBlock_Pipeline_VITIS_LOOP_25454_41, i32 %v13558, i32 %buffer0"   --->   Operation 97 'call' 'call_ln0' <Predicate = true> <Delay = 0.00> <CoreType = "Generic">   --->   Core 0 '' <Latency = 0> <II = 1> <Delay = 1.00> <Generic> <Opcode : >

State 12 <SV = 11> <Delay = 0.00>
ST_12 : Operation 98 [1/2] (0.00ns)   --->   "%call_ln25326 = call void @adaLN_modulate, i32 %buffer_c_0, i32 %adaLN_weight, i32 %adaLN_bias, i32 %buffer2" [/home/silvenchen/Desktop/DitBlock/WorkDCT/DitBlock/kernel.cpp:25326]   --->   Operation 98 'call' 'call_ln25326' <Predicate = true> <Delay = 0.00> <CoreType = "Generic">   --->   Core 0 '' <Latency = 0> <II = 1> <Delay = 1.00> <Generic> <Opcode : >
ST_12 : Operation 99 [1/2] (0.00ns)   --->   "%call_ln25386 = call void @systolic_Q, i32 %buffer_x, i32 %buffer_w, i32 %buffer_Q" [/home/silvenchen/Desktop/DitBlock/WorkDCT/DitBlock/kernel.cpp:25386]   --->   Operation 99 'call' 'call_ln25386' <Predicate = true> <Delay = 0.00> <CoreType = "Generic">   --->   Core 0 '' <Latency = 0> <II = 1> <Delay = 1.00> <Generic> <Opcode : >
ST_12 : Operation 100 [1/2] (0.00ns)   --->   "%call_ln0 = call void @allo_DDitBlock_Pipeline_VITIS_LOOP_25454_41, i32 %v13558, i32 %buffer0"   --->   Operation 100 'call' 'call_ln0' <Predicate = true> <Delay = 0.00> <CoreType = "Generic">   --->   Core 0 '' <Latency = 0> <II = 1> <Delay = 1.00> <Generic> <Opcode : >

State 13 <SV = 12> <Delay = 0.00>
ST_13 : Operation 101 [2/2] (0.00ns)   --->   "%call_ln0 = call void @allo_DDitBlock_Pipeline_VITIS_LOOP_25329_12, i32 %adaLN_bias3, i32 %adaLN_bias"   --->   Operation 101 'call' 'call_ln0' <Predicate = true> <Delay = 0.00> <CoreType = "Generic">   --->   Core 0 '' <Latency = 0> <II = 1> <Delay = 1.00> <Generic> <Opcode : >
ST_13 : Operation 102 [2/2] (0.00ns)   --->   "%call_ln0 = call void @allo_DDitBlock_Pipeline_VITIS_LOOP_25332_13_VITIS_LOOP_25333_14, i32 %adaLN_weight3, i32 %adaLN_weight"   --->   Operation 102 'call' 'call_ln0' <Predicate = true> <Delay = 0.00> <CoreType = "Generic">   --->   Core 0 '' <Latency = 0> <II = 1> <Delay = 1.00> <Generic> <Opcode : >
ST_13 : Operation 103 [2/2] (0.00ns)   --->   "%call_ln0 = call void @allo_DDitBlock_Pipeline_VITIS_LOOP_25387_25_VITIS_LOOP_25388_26, i32 %v13544, i32 %buffer_w"   --->   Operation 103 'call' 'call_ln0' <Predicate = true> <Delay = 0.00> <CoreType = "Generic">   --->   Core 0 '' <Latency = 0> <II = 1> <Delay = 1.00> <Generic> <Opcode : >
ST_13 : Operation 104 [2/2] (0.00ns)   --->   "%call_ln25412 = call void @RoPE, i32 %buffer_Q, i32 %buffer_cos, i32 %buffer_sin" [/home/silvenchen/Desktop/DitBlock/WorkDCT/DitBlock/kernel.cpp:25412]   --->   Operation 104 'call' 'call_ln25412' <Predicate = true> <Delay = 0.00> <CoreType = "Generic">   --->   Core 0 '' <Latency = 0> <II = 1> <Delay = 1.00> <Generic> <Opcode : >

State 14 <SV = 13> <Delay = 0.00>
ST_14 : Operation 105 [1/2] (0.00ns)   --->   "%call_ln0 = call void @allo_DDitBlock_Pipeline_VITIS_LOOP_25329_12, i32 %adaLN_bias3, i32 %adaLN_bias"   --->   Operation 105 'call' 'call_ln0' <Predicate = true> <Delay = 0.00> <CoreType = "Generic">   --->   Core 0 '' <Latency = 0> <II = 1> <Delay = 1.00> <Generic> <Opcode : >
ST_14 : Operation 106 [1/2] (0.00ns)   --->   "%call_ln0 = call void @allo_DDitBlock_Pipeline_VITIS_LOOP_25332_13_VITIS_LOOP_25333_14, i32 %adaLN_weight3, i32 %adaLN_weight"   --->   Operation 106 'call' 'call_ln0' <Predicate = true> <Delay = 0.00> <CoreType = "Generic">   --->   Core 0 '' <Latency = 0> <II = 1> <Delay = 1.00> <Generic> <Opcode : >
ST_14 : Operation 107 [1/2] (0.00ns)   --->   "%call_ln0 = call void @allo_DDitBlock_Pipeline_VITIS_LOOP_25387_25_VITIS_LOOP_25388_26, i32 %v13544, i32 %buffer_w"   --->   Operation 107 'call' 'call_ln0' <Predicate = true> <Delay = 0.00> <CoreType = "Generic">   --->   Core 0 '' <Latency = 0> <II = 1> <Delay = 1.00> <Generic> <Opcode : >
ST_14 : Operation 108 [1/2] (0.00ns)   --->   "%call_ln25412 = call void @RoPE, i32 %buffer_Q, i32 %buffer_cos, i32 %buffer_sin" [/home/silvenchen/Desktop/DitBlock/WorkDCT/DitBlock/kernel.cpp:25412]   --->   Operation 108 'call' 'call_ln25412' <Predicate = true> <Delay = 0.00> <CoreType = "Generic">   --->   Core 0 '' <Latency = 0> <II = 1> <Delay = 1.00> <Generic> <Opcode : >

State 15 <SV = 14> <Delay = 0.00>
ST_15 : Operation 109 [2/2] (0.00ns)   --->   "%call_ln25337 = call void @adaLN_modulate, i32 %buffer_c_0, i32 %adaLN_weight, i32 %adaLN_bias, i32 %buffer3" [/home/silvenchen/Desktop/DitBlock/WorkDCT/DitBlock/kernel.cpp:25337]   --->   Operation 109 'call' 'call_ln25337' <Predicate = true> <Delay = 0.00> <CoreType = "Generic">   --->   Core 0 '' <Latency = 0> <II = 1> <Delay = 1.00> <Generic> <Opcode : >
ST_15 : Operation 110 [2/2] (0.00ns)   --->   "%call_ln25392 = call void @systolic_Q, i32 %buffer_x, i32 %buffer_w, i32 %buffer_K" [/home/silvenchen/Desktop/DitBlock/WorkDCT/DitBlock/kernel.cpp:25392]   --->   Operation 110 'call' 'call_ln25392' <Predicate = true> <Delay = 0.00> <CoreType = "Generic">   --->   Core 0 '' <Latency = 0> <II = 1> <Delay = 1.00> <Generic> <Opcode : >

State 16 <SV = 15> <Delay = 0.00>
ST_16 : Operation 111 [1/2] (0.00ns)   --->   "%call_ln25337 = call void @adaLN_modulate, i32 %buffer_c_0, i32 %adaLN_weight, i32 %adaLN_bias, i32 %buffer3" [/home/silvenchen/Desktop/DitBlock/WorkDCT/DitBlock/kernel.cpp:25337]   --->   Operation 111 'call' 'call_ln25337' <Predicate = true> <Delay = 0.00> <CoreType = "Generic">   --->   Core 0 '' <Latency = 0> <II = 1> <Delay = 1.00> <Generic> <Opcode : >
ST_16 : Operation 112 [1/2] (0.00ns)   --->   "%call_ln25392 = call void @systolic_Q, i32 %buffer_x, i32 %buffer_w, i32 %buffer_K" [/home/silvenchen/Desktop/DitBlock/WorkDCT/DitBlock/kernel.cpp:25392]   --->   Operation 112 'call' 'call_ln25392' <Predicate = true> <Delay = 0.00> <CoreType = "Generic">   --->   Core 0 '' <Latency = 0> <II = 1> <Delay = 1.00> <Generic> <Opcode : >

State 17 <SV = 16> <Delay = 0.00>
ST_17 : Operation 113 [2/2] (0.00ns)   --->   "%call_ln0 = call void @allo_DDitBlock_Pipeline_VITIS_LOOP_25340_15, i32 %adaLN_bias4, i32 %adaLN_bias"   --->   Operation 113 'call' 'call_ln0' <Predicate = true> <Delay = 0.00> <CoreType = "Generic">   --->   Core 0 '' <Latency = 0> <II = 1> <Delay = 1.00> <Generic> <Opcode : >
ST_17 : Operation 114 [2/2] (0.00ns)   --->   "%call_ln0 = call void @allo_DDitBlock_Pipeline_VITIS_LOOP_25343_16_VITIS_LOOP_25344_17, i32 %adaLN_weight4, i32 %adaLN_weight"   --->   Operation 114 'call' 'call_ln0' <Predicate = true> <Delay = 0.00> <CoreType = "Generic">   --->   Core 0 '' <Latency = 0> <II = 1> <Delay = 1.00> <Generic> <Opcode : >
ST_17 : Operation 115 [2/2] (0.00ns)   --->   "%call_ln0 = call void @allo_DDitBlock_Pipeline_VITIS_LOOP_25394_27_VITIS_LOOP_25395_28, i32 %v13545, i32 %buffer_w"   --->   Operation 115 'call' 'call_ln0' <Predicate = true> <Delay = 0.00> <CoreType = "Generic">   --->   Core 0 '' <Latency = 0> <II = 1> <Delay = 1.00> <Generic> <Opcode : >
ST_17 : Operation 116 [2/2] (0.00ns)   --->   "%call_ln25414 = call void @RoPE, i32 %buffer_K, i32 %buffer_cos, i32 %buffer_sin" [/home/silvenchen/Desktop/DitBlock/WorkDCT/DitBlock/kernel.cpp:25414]   --->   Operation 116 'call' 'call_ln25414' <Predicate = true> <Delay = 0.00> <CoreType = "Generic">   --->   Core 0 '' <Latency = 0> <II = 1> <Delay = 1.00> <Generic> <Opcode : >

State 18 <SV = 17> <Delay = 0.00>
ST_18 : Operation 117 [1/2] (0.00ns)   --->   "%call_ln0 = call void @allo_DDitBlock_Pipeline_VITIS_LOOP_25340_15, i32 %adaLN_bias4, i32 %adaLN_bias"   --->   Operation 117 'call' 'call_ln0' <Predicate = true> <Delay = 0.00> <CoreType = "Generic">   --->   Core 0 '' <Latency = 0> <II = 1> <Delay = 1.00> <Generic> <Opcode : >
ST_18 : Operation 118 [1/2] (0.00ns)   --->   "%call_ln0 = call void @allo_DDitBlock_Pipeline_VITIS_LOOP_25343_16_VITIS_LOOP_25344_17, i32 %adaLN_weight4, i32 %adaLN_weight"   --->   Operation 118 'call' 'call_ln0' <Predicate = true> <Delay = 0.00> <CoreType = "Generic">   --->   Core 0 '' <Latency = 0> <II = 1> <Delay = 1.00> <Generic> <Opcode : >
ST_18 : Operation 119 [1/2] (0.00ns)   --->   "%call_ln0 = call void @allo_DDitBlock_Pipeline_VITIS_LOOP_25394_27_VITIS_LOOP_25395_28, i32 %v13545, i32 %buffer_w"   --->   Operation 119 'call' 'call_ln0' <Predicate = true> <Delay = 0.00> <CoreType = "Generic">   --->   Core 0 '' <Latency = 0> <II = 1> <Delay = 1.00> <Generic> <Opcode : >
ST_18 : Operation 120 [1/2] (0.00ns)   --->   "%call_ln25414 = call void @RoPE, i32 %buffer_K, i32 %buffer_cos, i32 %buffer_sin" [/home/silvenchen/Desktop/DitBlock/WorkDCT/DitBlock/kernel.cpp:25414]   --->   Operation 120 'call' 'call_ln25414' <Predicate = true> <Delay = 0.00> <CoreType = "Generic">   --->   Core 0 '' <Latency = 0> <II = 1> <Delay = 1.00> <Generic> <Opcode : >

State 19 <SV = 18> <Delay = 0.00>
ST_19 : Operation 121 [2/2] (0.00ns)   --->   "%call_ln25348 = call void @adaLN_modulate, i32 %buffer_c_0, i32 %adaLN_weight, i32 %adaLN_bias, i32 %buffer4" [/home/silvenchen/Desktop/DitBlock/WorkDCT/DitBlock/kernel.cpp:25348]   --->   Operation 121 'call' 'call_ln25348' <Predicate = true> <Delay = 0.00> <CoreType = "Generic">   --->   Core 0 '' <Latency = 0> <II = 1> <Delay = 1.00> <Generic> <Opcode : >
ST_19 : Operation 122 [2/2] (0.00ns)   --->   "%call_ln25399 = call void @systolic_Q, i32 %buffer_x, i32 %buffer_w, i32 %buffer_V" [/home/silvenchen/Desktop/DitBlock/WorkDCT/DitBlock/kernel.cpp:25399]   --->   Operation 122 'call' 'call_ln25399' <Predicate = true> <Delay = 0.00> <CoreType = "Generic">   --->   Core 0 '' <Latency = 0> <II = 1> <Delay = 1.00> <Generic> <Opcode : >

State 20 <SV = 19> <Delay = 0.00>
ST_20 : Operation 123 [1/2] (0.00ns)   --->   "%call_ln25348 = call void @adaLN_modulate, i32 %buffer_c_0, i32 %adaLN_weight, i32 %adaLN_bias, i32 %buffer4" [/home/silvenchen/Desktop/DitBlock/WorkDCT/DitBlock/kernel.cpp:25348]   --->   Operation 123 'call' 'call_ln25348' <Predicate = true> <Delay = 0.00> <CoreType = "Generic">   --->   Core 0 '' <Latency = 0> <II = 1> <Delay = 1.00> <Generic> <Opcode : >
ST_20 : Operation 124 [1/2] (0.00ns)   --->   "%call_ln25399 = call void @systolic_Q, i32 %buffer_x, i32 %buffer_w, i32 %buffer_V" [/home/silvenchen/Desktop/DitBlock/WorkDCT/DitBlock/kernel.cpp:25399]   --->   Operation 124 'call' 'call_ln25399' <Predicate = true> <Delay = 0.00> <CoreType = "Generic">   --->   Core 0 '' <Latency = 0> <II = 1> <Delay = 1.00> <Generic> <Opcode : >

State 21 <SV = 20> <Delay = 0.00>
ST_21 : Operation 125 [2/2] (0.00ns)   --->   "%call_ln0 = call void @allo_DDitBlock_Pipeline_VITIS_LOOP_25351_18, i32 %adaLN_bias5, i32 %adaLN_bias"   --->   Operation 125 'call' 'call_ln0' <Predicate = true> <Delay = 0.00> <CoreType = "Generic">   --->   Core 0 '' <Latency = 0> <II = 1> <Delay = 1.00> <Generic> <Opcode : >
ST_21 : Operation 126 [2/2] (0.00ns)   --->   "%call_ln0 = call void @allo_DDitBlock_Pipeline_VITIS_LOOP_25354_19_VITIS_LOOP_25355_20, i32 %adaLN_weight5, i32 %adaLN_weight"   --->   Operation 126 'call' 'call_ln0' <Predicate = true> <Delay = 0.00> <CoreType = "Generic">   --->   Core 0 '' <Latency = 0> <II = 1> <Delay = 1.00> <Generic> <Opcode : >
ST_21 : Operation 127 [2/2] (0.00ns)   --->   "%call_ln25418 = call void @scaled_dot_product_attention, i32 %buffer_Q, i32 %buffer_K, i32 %buffer_V, i32 %buffer_x" [/home/silvenchen/Desktop/DitBlock/WorkDCT/DitBlock/kernel.cpp:25418]   --->   Operation 127 'call' 'call_ln25418' <Predicate = true> <Delay = 0.00> <CoreType = "Generic">   --->   Core 0 '' <Latency = 0> <II = 1> <Delay = 1.00> <Generic> <Opcode : >
ST_21 : Operation 128 [2/2] (0.00ns)   --->   "%call_ln0 = call void @allo_DDitBlock_Pipeline_VITIS_LOOP_25420_33_VITIS_LOOP_25421_34, i32 %v13555, i32 %buffer_w"   --->   Operation 128 'call' 'call_ln0' <Predicate = true> <Delay = 0.00> <CoreType = "Generic">   --->   Core 0 '' <Latency = 0> <II = 1> <Delay = 1.00> <Generic> <Opcode : >

State 22 <SV = 21> <Delay = 0.00>
ST_22 : Operation 129 [1/2] (0.00ns)   --->   "%call_ln0 = call void @allo_DDitBlock_Pipeline_VITIS_LOOP_25351_18, i32 %adaLN_bias5, i32 %adaLN_bias"   --->   Operation 129 'call' 'call_ln0' <Predicate = true> <Delay = 0.00> <CoreType = "Generic">   --->   Core 0 '' <Latency = 0> <II = 1> <Delay = 1.00> <Generic> <Opcode : >
ST_22 : Operation 130 [1/2] (0.00ns)   --->   "%call_ln0 = call void @allo_DDitBlock_Pipeline_VITIS_LOOP_25354_19_VITIS_LOOP_25355_20, i32 %adaLN_weight5, i32 %adaLN_weight"   --->   Operation 130 'call' 'call_ln0' <Predicate = true> <Delay = 0.00> <CoreType = "Generic">   --->   Core 0 '' <Latency = 0> <II = 1> <Delay = 1.00> <Generic> <Opcode : >
ST_22 : Operation 131 [1/2] (0.00ns)   --->   "%call_ln25418 = call void @scaled_dot_product_attention, i32 %buffer_Q, i32 %buffer_K, i32 %buffer_V, i32 %buffer_x" [/home/silvenchen/Desktop/DitBlock/WorkDCT/DitBlock/kernel.cpp:25418]   --->   Operation 131 'call' 'call_ln25418' <Predicate = true> <Delay = 0.00> <CoreType = "Generic">   --->   Core 0 '' <Latency = 0> <II = 1> <Delay = 1.00> <Generic> <Opcode : >
ST_22 : Operation 132 [1/2] (0.00ns)   --->   "%call_ln0 = call void @allo_DDitBlock_Pipeline_VITIS_LOOP_25420_33_VITIS_LOOP_25421_34, i32 %v13555, i32 %buffer_w"   --->   Operation 132 'call' 'call_ln0' <Predicate = true> <Delay = 0.00> <CoreType = "Generic">   --->   Core 0 '' <Latency = 0> <II = 1> <Delay = 1.00> <Generic> <Opcode : >

State 23 <SV = 22> <Delay = 0.00>
ST_23 : Operation 133 [2/2] (0.00ns)   --->   "%call_ln25359 = call void @adaLN_modulate, i32 %buffer_c_0, i32 %adaLN_weight, i32 %adaLN_bias, i32 %buffer5" [/home/silvenchen/Desktop/DitBlock/WorkDCT/DitBlock/kernel.cpp:25359]   --->   Operation 133 'call' 'call_ln25359' <Predicate = true> <Delay = 0.00> <CoreType = "Generic">   --->   Core 0 '' <Latency = 0> <II = 1> <Delay = 1.00> <Generic> <Opcode : >
ST_23 : Operation 134 [2/2] (0.00ns)   --->   "%call_ln25426 = call void @systolic_Q, i32 %buffer_Q, i32 %buffer_w, i32 %buffer_K" [/home/silvenchen/Desktop/DitBlock/WorkDCT/DitBlock/kernel.cpp:25426]   --->   Operation 134 'call' 'call_ln25426' <Predicate = true> <Delay = 0.00> <CoreType = "Generic">   --->   Core 0 '' <Latency = 0> <II = 1> <Delay = 1.00> <Generic> <Opcode : >
ST_23 : Operation 135 [2/2] (0.00ns)   --->   "%call_ln0 = call void @allo_DDitBlock_Pipeline_VITIS_LOOP_25427_35_VITIS_LOOP_25428_36, i32 %v13538, i32 %buffer_V"   --->   Operation 135 'call' 'call_ln0' <Predicate = true> <Delay = 0.00> <CoreType = "Generic">   --->   Core 0 '' <Latency = 0> <II = 1> <Delay = 1.00> <Generic> <Opcode : >
ST_23 : Operation 136 [2/2] (0.00ns)   --->   "%call_ln0 = call void @allo_DDitBlock_Pipeline_l_scale_i18_l_j16, i32 %buffer_x, i32 %buffer2"   --->   Operation 136 'call' 'call_ln0' <Predicate = true> <Delay = 0.00> <CoreType = "Generic">   --->   Core 0 '' <Latency = 0> <II = 1> <Delay = 1.00> <Generic> <Opcode : >

State 24 <SV = 23> <Delay = 0.00>
ST_24 : Operation 137 [1/2] (0.00ns)   --->   "%call_ln25359 = call void @adaLN_modulate, i32 %buffer_c_0, i32 %adaLN_weight, i32 %adaLN_bias, i32 %buffer5" [/home/silvenchen/Desktop/DitBlock/WorkDCT/DitBlock/kernel.cpp:25359]   --->   Operation 137 'call' 'call_ln25359' <Predicate = true> <Delay = 0.00> <CoreType = "Generic">   --->   Core 0 '' <Latency = 0> <II = 1> <Delay = 1.00> <Generic> <Opcode : >
ST_24 : Operation 138 [1/2] (0.00ns)   --->   "%call_ln25426 = call void @systolic_Q, i32 %buffer_Q, i32 %buffer_w, i32 %buffer_K" [/home/silvenchen/Desktop/DitBlock/WorkDCT/DitBlock/kernel.cpp:25426]   --->   Operation 138 'call' 'call_ln25426' <Predicate = true> <Delay = 0.00> <CoreType = "Generic">   --->   Core 0 '' <Latency = 0> <II = 1> <Delay = 1.00> <Generic> <Opcode : >
ST_24 : Operation 139 [1/2] (0.00ns)   --->   "%call_ln0 = call void @allo_DDitBlock_Pipeline_VITIS_LOOP_25427_35_VITIS_LOOP_25428_36, i32 %v13538, i32 %buffer_V"   --->   Operation 139 'call' 'call_ln0' <Predicate = true> <Delay = 0.00> <CoreType = "Generic">   --->   Core 0 '' <Latency = 0> <II = 1> <Delay = 1.00> <Generic> <Opcode : >
ST_24 : Operation 140 [1/2] (0.00ns)   --->   "%call_ln0 = call void @allo_DDitBlock_Pipeline_l_scale_i18_l_j16, i32 %buffer_x, i32 %buffer2"   --->   Operation 140 'call' 'call_ln0' <Predicate = true> <Delay = 0.00> <CoreType = "Generic">   --->   Core 0 '' <Latency = 0> <II = 1> <Delay = 1.00> <Generic> <Opcode : >

State 25 <SV = 24> <Delay = 0.00>
ST_25 : Operation 141 [2/2] (0.00ns)   --->   "%call_ln0 = call void @allo_DDitBlock_Pipeline_l_res_add_i19_l_j17, i32 %buffer_x, i32 %buffer_V"   --->   Operation 141 'call' 'call_ln0' <Predicate = true> <Delay = 0.00> <CoreType = "Generic">   --->   Core 0 '' <Latency = 0> <II = 1> <Delay = 1.00> <Generic> <Opcode : >
ST_25 : Operation 142 [2/2] (0.00ns)   --->   "%call_ln0 = call void @allo_DDitBlock_Pipeline_VITIS_LOOP_25446_39_VITIS_LOOP_25447_40, i32 %v13557, i32 %buffer_w"   --->   Operation 142 'call' 'call_ln0' <Predicate = true> <Delay = 0.00> <CoreType = "Generic">   --->   Core 0 '' <Latency = 0> <II = 1> <Delay = 1.00> <Generic> <Opcode : >

State 26 <SV = 25> <Delay = 0.00>
ST_26 : Operation 143 [1/2] (0.00ns)   --->   "%call_ln0 = call void @allo_DDitBlock_Pipeline_l_res_add_i19_l_j17, i32 %buffer_x, i32 %buffer_V"   --->   Operation 143 'call' 'call_ln0' <Predicate = true> <Delay = 0.00> <CoreType = "Generic">   --->   Core 0 '' <Latency = 0> <II = 1> <Delay = 1.00> <Generic> <Opcode : >
ST_26 : Operation 144 [1/2] (0.00ns)   --->   "%call_ln0 = call void @allo_DDitBlock_Pipeline_VITIS_LOOP_25446_39_VITIS_LOOP_25447_40, i32 %v13557, i32 %buffer_w"   --->   Operation 144 'call' 'call_ln0' <Predicate = true> <Delay = 0.00> <CoreType = "Generic">   --->   Core 0 '' <Latency = 0> <II = 1> <Delay = 1.00> <Generic> <Opcode : >

State 27 <SV = 26> <Delay = 0.00>
ST_27 : Operation 145 [2/2] (0.00ns)   --->   "%call_ln0 = call void @allo_DDitBlock_Pipeline_VITIS_LOOP_25435_37_VITIS_LOOP_25436_38, i32 %buffer_x, i32 %buffer_Q"   --->   Operation 145 'call' 'call_ln0' <Predicate = true> <Delay = 0.00> <CoreType = "Generic">   --->   Core 0 '' <Latency = 0> <II = 1> <Delay = 1.00> <Generic> <Opcode : >

State 28 <SV = 27> <Delay = 0.00>
ST_28 : Operation 146 [1/2] (0.00ns)   --->   "%call_ln0 = call void @allo_DDitBlock_Pipeline_VITIS_LOOP_25435_37_VITIS_LOOP_25436_38, i32 %buffer_x, i32 %buffer_Q"   --->   Operation 146 'call' 'call_ln0' <Predicate = true> <Delay = 0.00> <CoreType = "Generic">   --->   Core 0 '' <Latency = 0> <II = 1> <Delay = 1.00> <Generic> <Opcode : >

State 29 <SV = 28> <Delay = 0.00>
ST_29 : Operation 147 [2/2] (0.00ns)   --->   "%call_ln25440 = call void @layer_norm, i32 %buffer_Q, i32 %buffer_K" [/home/silvenchen/Desktop/DitBlock/WorkDCT/DitBlock/kernel.cpp:25440]   --->   Operation 147 'call' 'call_ln25440' <Predicate = true> <Delay = 0.00> <CoreType = "Generic">   --->   Core 0 '' <Latency = 0> <II = 1> <Delay = 1.00> <Generic> <Opcode : >

State 30 <SV = 29> <Delay = 0.00>
ST_30 : Operation 148 [1/2] (0.00ns)   --->   "%call_ln25440 = call void @layer_norm, i32 %buffer_Q, i32 %buffer_K" [/home/silvenchen/Desktop/DitBlock/WorkDCT/DitBlock/kernel.cpp:25440]   --->   Operation 148 'call' 'call_ln25440' <Predicate = true> <Delay = 0.00> <CoreType = "Generic">   --->   Core 0 '' <Latency = 0> <II = 1> <Delay = 1.00> <Generic> <Opcode : >

State 31 <SV = 30> <Delay = 0.00>
ST_31 : Operation 149 [2/2] (0.00ns)   --->   "%call_ln25442 = call void @layer_norm, i32 %buffer_K, i32 %buffer_Q" [/home/silvenchen/Desktop/DitBlock/WorkDCT/DitBlock/kernel.cpp:25442]   --->   Operation 149 'call' 'call_ln25442' <Predicate = true> <Delay = 0.00> <CoreType = "Generic">   --->   Core 0 '' <Latency = 0> <II = 1> <Delay = 1.00> <Generic> <Opcode : >

State 32 <SV = 31> <Delay = 0.00>
ST_32 : Operation 150 [1/2] (0.00ns)   --->   "%call_ln25442 = call void @layer_norm, i32 %buffer_K, i32 %buffer_Q" [/home/silvenchen/Desktop/DitBlock/WorkDCT/DitBlock/kernel.cpp:25442]   --->   Operation 150 'call' 'call_ln25442' <Predicate = true> <Delay = 0.00> <CoreType = "Generic">   --->   Core 0 '' <Latency = 0> <II = 1> <Delay = 1.00> <Generic> <Opcode : >

State 33 <SV = 32> <Delay = 0.00>
ST_33 : Operation 151 [2/2] (0.00ns)   --->   "%call_ln0 = call void @allo_DDitBlock_Pipeline_l_m_fused_i5_l_j38, i32 %buffer_Q, i32 %buffer_K, i32 %buffer4, i32 %buffer3"   --->   Operation 151 'call' 'call_ln0' <Predicate = true> <Delay = 0.00> <CoreType = "Generic">   --->   Core 0 '' <Latency = 0> <II = 1> <Delay = 1.00> <Generic> <Opcode : >

State 34 <SV = 33> <Delay = 0.00>
ST_34 : Operation 152 [1/2] (0.00ns)   --->   "%call_ln0 = call void @allo_DDitBlock_Pipeline_l_m_fused_i5_l_j38, i32 %buffer_Q, i32 %buffer_K, i32 %buffer4, i32 %buffer3"   --->   Operation 152 'call' 'call_ln0' <Predicate = true> <Delay = 0.00> <CoreType = "Generic">   --->   Core 0 '' <Latency = 0> <II = 1> <Delay = 1.00> <Generic> <Opcode : >

State 35 <SV = 34> <Delay = 0.00>
ST_35 : Operation 153 [2/2] (0.00ns)   --->   "%call_ln25452 = call void @systolic_Q, i32 %buffer_K, i32 %buffer_w, i32 %buffer_Q" [/home/silvenchen/Desktop/DitBlock/WorkDCT/DitBlock/kernel.cpp:25452]   --->   Operation 153 'call' 'call_ln25452' <Predicate = true> <Delay = 0.00> <CoreType = "Generic">   --->   Core 0 '' <Latency = 0> <II = 1> <Delay = 1.00> <Generic> <Opcode : >

State 36 <SV = 35> <Delay = 0.00>
ST_36 : Operation 154 [1/2] (0.00ns)   --->   "%call_ln25452 = call void @systolic_Q, i32 %buffer_K, i32 %buffer_w, i32 %buffer_Q" [/home/silvenchen/Desktop/DitBlock/WorkDCT/DitBlock/kernel.cpp:25452]   --->   Operation 154 'call' 'call_ln25452' <Predicate = true> <Delay = 0.00> <CoreType = "Generic">   --->   Core 0 '' <Latency = 0> <II = 1> <Delay = 1.00> <Generic> <Opcode : >

State 37 <SV = 36> <Delay = 0.00>
ST_37 : Operation 155 [2/2] (0.00ns)   --->   "%call_ln0 = call void @allo_DDitBlock_Pipeline_l_S_i_j_0_i20_l_j18, i32 %buffer_Q, i32 %buffer_K, i32 %buffer0"   --->   Operation 155 'call' 'call_ln0' <Predicate = true> <Delay = 0.00> <CoreType = "Generic">   --->   Core 0 '' <Latency = 0> <II = 1> <Delay = 1.00> <Generic> <Opcode : >
ST_37 : Operation 156 [2/2] (0.00ns)   --->   "%call_ln0 = call void @allo_DDitBlock_Pipeline_VITIS_LOOP_25459_42_VITIS_LOOP_25460_43, i32 %v13559, i32 %buffer_w"   --->   Operation 156 'call' 'call_ln0' <Predicate = true> <Delay = 0.00> <CoreType = "Generic">   --->   Core 0 '' <Latency = 0> <II = 1> <Delay = 1.00> <Generic> <Opcode : >

State 38 <SV = 37> <Delay = 0.00>
ST_38 : Operation 157 [1/2] (0.00ns)   --->   "%call_ln0 = call void @allo_DDitBlock_Pipeline_l_S_i_j_0_i20_l_j18, i32 %buffer_Q, i32 %buffer_K, i32 %buffer0"   --->   Operation 157 'call' 'call_ln0' <Predicate = true> <Delay = 0.00> <CoreType = "Generic">   --->   Core 0 '' <Latency = 0> <II = 1> <Delay = 1.00> <Generic> <Opcode : >
ST_38 : Operation 158 [1/2] (0.00ns)   --->   "%call_ln0 = call void @allo_DDitBlock_Pipeline_VITIS_LOOP_25459_42_VITIS_LOOP_25460_43, i32 %v13559, i32 %buffer_w"   --->   Operation 158 'call' 'call_ln0' <Predicate = true> <Delay = 0.00> <CoreType = "Generic">   --->   Core 0 '' <Latency = 0> <II = 1> <Delay = 1.00> <Generic> <Opcode : >

State 39 <SV = 38> <Delay = 0.00>
ST_39 : Operation 159 [2/2] (0.00ns)   --->   "%call_ln0 = call void @allo_DDitBlock_Pipeline_l_gelu_i21_l_j19, i32 %buffer_Q, i32 %buffer_K, i6 %pow_reduce_anonymous_namespace_log_inverse_lut_table_pow_0_5_64_array, i109 %pow_reduce_anonymous_namespace_log0_lut_table_array, i105 %pow_reduce_anonymous_namespace_log_lut_table_ap_fixed_4_4_16_array, i102 %pow_reduce_anonymous_namespace_log_lut_table_ap_fixed_7_6_64_array, i97 %pow_reduce_anonymous_namespace_log_lut_table_ap_fixed_12_6_64_array, i92 %pow_reduce_anonymous_namespace_log_lut_table_ap_fixed_17_6_64_array, i87 %pow_reduce_anonymous_namespace_log_lut_table_ap_fixed_22_6_64_array, i82 %pow_reduce_anonymous_namespace_log_lut_table_ap_fixed_27_6_64_array, i77 %pow_reduce_anonymous_namespace_log_lut_table_ap_fixed_32_6_64_array, i58 %pow_reduce_anonymous_namespace_table_exp_Z1_ap_ufixed_array, i26 %pow_reduce_anonymous_namespace_table_f_Z3_ap_ufixed_array, i42 %pow_reduce_anonymous_namespace_table_f_Z2_ap_ufixed_array, i58 %table_exp_Z1_ap_ufixed_58_1_ap_q_mode_5_ap_o_mode_3_0_array, i26 %table_f_Z3_ap_ufixed_59_0_ap_q_mode_5_ap_o_mode_3_0_array, i42 %table_f_Z2_ap_ufixed_59_0_ap_q_mode_5_ap_o_mode_3_0_array"   --->   Operation 159 'call' 'call_ln0' <Predicate = true> <Delay = 0.00> <CoreType = "Generic">   --->   Core 0 '' <Latency = 0> <II = 1> <Delay = 1.00> <Generic> <Opcode : >
ST_39 : Operation 160 [2/2] (0.00ns)   --->   "%call_ln0 = call void @allo_DDitBlock_Pipeline_VITIS_LOOP_25467_44, i32 %v13560, i32 %buffer0"   --->   Operation 160 'call' 'call_ln0' <Predicate = true> <Delay = 0.00> <CoreType = "Generic">   --->   Core 0 '' <Latency = 0> <II = 1> <Delay = 1.00> <Generic> <Opcode : >

State 40 <SV = 39> <Delay = 0.00>
ST_40 : Operation 161 [1/2] (0.00ns)   --->   "%call_ln0 = call void @allo_DDitBlock_Pipeline_l_gelu_i21_l_j19, i32 %buffer_Q, i32 %buffer_K, i6 %pow_reduce_anonymous_namespace_log_inverse_lut_table_pow_0_5_64_array, i109 %pow_reduce_anonymous_namespace_log0_lut_table_array, i105 %pow_reduce_anonymous_namespace_log_lut_table_ap_fixed_4_4_16_array, i102 %pow_reduce_anonymous_namespace_log_lut_table_ap_fixed_7_6_64_array, i97 %pow_reduce_anonymous_namespace_log_lut_table_ap_fixed_12_6_64_array, i92 %pow_reduce_anonymous_namespace_log_lut_table_ap_fixed_17_6_64_array, i87 %pow_reduce_anonymous_namespace_log_lut_table_ap_fixed_22_6_64_array, i82 %pow_reduce_anonymous_namespace_log_lut_table_ap_fixed_27_6_64_array, i77 %pow_reduce_anonymous_namespace_log_lut_table_ap_fixed_32_6_64_array, i58 %pow_reduce_anonymous_namespace_table_exp_Z1_ap_ufixed_array, i26 %pow_reduce_anonymous_namespace_table_f_Z3_ap_ufixed_array, i42 %pow_reduce_anonymous_namespace_table_f_Z2_ap_ufixed_array, i58 %table_exp_Z1_ap_ufixed_58_1_ap_q_mode_5_ap_o_mode_3_0_array, i26 %table_f_Z3_ap_ufixed_59_0_ap_q_mode_5_ap_o_mode_3_0_array, i42 %table_f_Z2_ap_ufixed_59_0_ap_q_mode_5_ap_o_mode_3_0_array"   --->   Operation 161 'call' 'call_ln0' <Predicate = true> <Delay = 0.00> <CoreType = "Generic">   --->   Core 0 '' <Latency = 0> <II = 1> <Delay = 1.00> <Generic> <Opcode : >
ST_40 : Operation 162 [1/2] (0.00ns)   --->   "%call_ln0 = call void @allo_DDitBlock_Pipeline_VITIS_LOOP_25467_44, i32 %v13560, i32 %buffer0"   --->   Operation 162 'call' 'call_ln0' <Predicate = true> <Delay = 0.00> <CoreType = "Generic">   --->   Core 0 '' <Latency = 0> <II = 1> <Delay = 1.00> <Generic> <Opcode : >

State 41 <SV = 40> <Delay = 0.00>
ST_41 : Operation 163 [2/2] (0.00ns)   --->   "%call_ln25465 = call void @systolic_Q, i32 %buffer_Q, i32 %buffer_w, i32 %buffer_K" [/home/silvenchen/Desktop/DitBlock/WorkDCT/DitBlock/kernel.cpp:25465]   --->   Operation 163 'call' 'call_ln25465' <Predicate = true> <Delay = 0.00> <CoreType = "Generic">   --->   Core 0 '' <Latency = 0> <II = 1> <Delay = 1.00> <Generic> <Opcode : >

State 42 <SV = 41> <Delay = 0.00>
ST_42 : Operation 164 [1/2] (0.00ns)   --->   "%call_ln25465 = call void @systolic_Q, i32 %buffer_Q, i32 %buffer_w, i32 %buffer_K" [/home/silvenchen/Desktop/DitBlock/WorkDCT/DitBlock/kernel.cpp:25465]   --->   Operation 164 'call' 'call_ln25465' <Predicate = true> <Delay = 0.00> <CoreType = "Generic">   --->   Core 0 '' <Latency = 0> <II = 1> <Delay = 1.00> <Generic> <Opcode : >

State 43 <SV = 42> <Delay = 0.00>
ST_43 : Operation 165 [2/2] (0.00ns)   --->   "%call_ln0 = call void @allo_DDitBlock_Pipeline_l_S_i_j_0_i20_l_j189, i32 %buffer_Q, i32 %buffer_K, i32 %buffer0"   --->   Operation 165 'call' 'call_ln0' <Predicate = true> <Delay = 0.00> <CoreType = "Generic">   --->   Core 0 '' <Latency = 0> <II = 1> <Delay = 1.00> <Generic> <Opcode : >

State 44 <SV = 43> <Delay = 0.00>
ST_44 : Operation 166 [1/2] (0.00ns)   --->   "%call_ln0 = call void @allo_DDitBlock_Pipeline_l_S_i_j_0_i20_l_j189, i32 %buffer_Q, i32 %buffer_K, i32 %buffer0"   --->   Operation 166 'call' 'call_ln0' <Predicate = true> <Delay = 0.00> <CoreType = "Generic">   --->   Core 0 '' <Latency = 0> <II = 1> <Delay = 1.00> <Generic> <Opcode : >

State 45 <SV = 44> <Delay = 0.00>
ST_45 : Operation 167 [2/2] (0.00ns)   --->   "%call_ln0 = call void @allo_DDitBlock_Pipeline_l_scale_i18_l_j1610, i32 %buffer_Q, i32 %buffer5"   --->   Operation 167 'call' 'call_ln0' <Predicate = true> <Delay = 0.00> <CoreType = "Generic">   --->   Core 0 '' <Latency = 0> <II = 1> <Delay = 1.00> <Generic> <Opcode : >
ST_45 : Operation 168 [2/2] (0.00ns)   --->   "%call_ln0 = call void @allo_DDitBlock_Pipeline_VITIS_LOOP_25474_45_VITIS_LOOP_25475_46, i32 %v13561, i32 %buffer_K"   --->   Operation 168 'call' 'call_ln0' <Predicate = true> <Delay = 0.00> <CoreType = "Generic">   --->   Core 0 '' <Latency = 0> <II = 1> <Delay = 1.00> <Generic> <Opcode : >

State 46 <SV = 45> <Delay = 0.00>
ST_46 : Operation 169 [1/2] (0.00ns)   --->   "%call_ln0 = call void @allo_DDitBlock_Pipeline_l_scale_i18_l_j1610, i32 %buffer_Q, i32 %buffer5"   --->   Operation 169 'call' 'call_ln0' <Predicate = true> <Delay = 0.00> <CoreType = "Generic">   --->   Core 0 '' <Latency = 0> <II = 1> <Delay = 1.00> <Generic> <Opcode : >
ST_46 : Operation 170 [1/2] (0.00ns)   --->   "%call_ln0 = call void @allo_DDitBlock_Pipeline_VITIS_LOOP_25474_45_VITIS_LOOP_25475_46, i32 %v13561, i32 %buffer_K"   --->   Operation 170 'call' 'call_ln0' <Predicate = true> <Delay = 0.00> <CoreType = "Generic">   --->   Core 0 '' <Latency = 0> <II = 1> <Delay = 1.00> <Generic> <Opcode : >

State 47 <SV = 46> <Delay = 0.00>
ST_47 : Operation 171 [2/2] (0.00ns)   --->   "%call_ln0 = call void @allo_DDitBlock_Pipeline_l_res_add_i19_l_j1711, i32 %buffer_x, i32 %buffer_Q"   --->   Operation 171 'call' 'call_ln0' <Predicate = true> <Delay = 0.00> <CoreType = "Generic">   --->   Core 0 '' <Latency = 0> <II = 1> <Delay = 1.00> <Generic> <Opcode : >

State 48 <SV = 47> <Delay = 0.00>
ST_48 : Operation 172 [1/1] (0.00ns)   --->   "%spectopmodule_ln25228 = spectopmodule void @_ssdm_op_SpecTopModule, void @empty_205" [/home/silvenchen/Desktop/DitBlock/WorkDCT/DitBlock/kernel.cpp:25228]   --->   Operation 172 'spectopmodule' 'spectopmodule_ln25228' <Predicate = true> <Delay = 0.00>
ST_48 : Operation 173 [1/1] (0.00ns)   --->   "%specinterface_ln0 = specinterface void @_ssdm_op_SpecInterface, i32 %v13538, void @empty_204, i32 0, i32 0, void @empty_219, i32 4294967295, i32 0, void @empty_219, void @empty_219, void @empty_219, i32 0, i32 0, i32 0, i32 0, void @empty_219, void @empty_219, i32 4294967295, i32 0"   --->   Operation 173 'specinterface' 'specinterface_ln0' <Predicate = true> <Delay = 0.00>
ST_48 : Operation 174 [1/1] (0.00ns)   --->   "%specbitsmap_ln0 = specbitsmap void @_ssdm_op_SpecBitsMap, i32 %v13538"   --->   Operation 174 'specbitsmap' 'specbitsmap_ln0' <Predicate = true> <Delay = 0.00>
ST_48 : Operation 175 [1/1] (0.00ns)   --->   "%specinterface_ln0 = specinterface void @_ssdm_op_SpecInterface, i32 %v13539, void @empty_204, i32 0, i32 0, void @empty_219, i32 4294967295, i32 0, void @empty_219, void @empty_219, void @empty_219, i32 0, i32 0, i32 0, i32 0, void @empty_219, void @empty_219, i32 4294967295, i32 0"   --->   Operation 175 'specinterface' 'specinterface_ln0' <Predicate = true> <Delay = 0.00>
ST_48 : Operation 176 [1/1] (0.00ns)   --->   "%specbitsmap_ln0 = specbitsmap void @_ssdm_op_SpecBitsMap, i32 %v13539"   --->   Operation 176 'specbitsmap' 'specbitsmap_ln0' <Predicate = true> <Delay = 0.00>
ST_48 : Operation 177 [1/1] (0.00ns)   --->   "%specinterface_ln0 = specinterface void @_ssdm_op_SpecInterface, i32 %v13540, void @empty_204, i32 0, i32 0, void @empty_219, i32 4294967295, i32 0, void @empty_219, void @empty_219, void @empty_219, i32 0, i32 0, i32 0, i32 0, void @empty_219, void @empty_219, i32 4294967295, i32 0"   --->   Operation 177 'specinterface' 'specinterface_ln0' <Predicate = true> <Delay = 0.00>
ST_48 : Operation 178 [1/1] (0.00ns)   --->   "%specbitsmap_ln0 = specbitsmap void @_ssdm_op_SpecBitsMap, i32 %v13540"   --->   Operation 178 'specbitsmap' 'specbitsmap_ln0' <Predicate = true> <Delay = 0.00>
ST_48 : Operation 179 [1/1] (0.00ns)   --->   "%specinterface_ln0 = specinterface void @_ssdm_op_SpecInterface, i32 %v13541, void @empty_204, i32 0, i32 0, void @empty_219, i32 4294967295, i32 0, void @empty_219, void @empty_219, void @empty_219, i32 0, i32 0, i32 0, i32 0, void @empty_219, void @empty_219, i32 4294967295, i32 0"   --->   Operation 179 'specinterface' 'specinterface_ln0' <Predicate = true> <Delay = 0.00>
ST_48 : Operation 180 [1/1] (0.00ns)   --->   "%specbitsmap_ln0 = specbitsmap void @_ssdm_op_SpecBitsMap, i32 %v13541"   --->   Operation 180 'specbitsmap' 'specbitsmap_ln0' <Predicate = true> <Delay = 0.00>
ST_48 : Operation 181 [1/1] (0.00ns)   --->   "%specinterface_ln0 = specinterface void @_ssdm_op_SpecInterface, i32 %v13542, void @empty_204, i32 0, i32 0, void @empty_219, i32 4294967295, i32 0, void @empty_219, void @empty_219, void @empty_219, i32 0, i32 0, i32 0, i32 0, void @empty_219, void @empty_219, i32 4294967295, i32 0"   --->   Operation 181 'specinterface' 'specinterface_ln0' <Predicate = true> <Delay = 0.00>
ST_48 : Operation 182 [1/1] (0.00ns)   --->   "%specbitsmap_ln0 = specbitsmap void @_ssdm_op_SpecBitsMap, i32 %v13542"   --->   Operation 182 'specbitsmap' 'specbitsmap_ln0' <Predicate = true> <Delay = 0.00>
ST_48 : Operation 183 [1/1] (0.00ns)   --->   "%specinterface_ln0 = specinterface void @_ssdm_op_SpecInterface, i32 %v13543, void @empty_204, i32 0, i32 0, void @empty_219, i32 4294967295, i32 0, void @empty_219, void @empty_219, void @empty_219, i32 0, i32 0, i32 0, i32 0, void @empty_219, void @empty_219, i32 4294967295, i32 0"   --->   Operation 183 'specinterface' 'specinterface_ln0' <Predicate = true> <Delay = 0.00>
ST_48 : Operation 184 [1/1] (0.00ns)   --->   "%specbitsmap_ln0 = specbitsmap void @_ssdm_op_SpecBitsMap, i32 %v13543"   --->   Operation 184 'specbitsmap' 'specbitsmap_ln0' <Predicate = true> <Delay = 0.00>
ST_48 : Operation 185 [1/1] (0.00ns)   --->   "%specinterface_ln0 = specinterface void @_ssdm_op_SpecInterface, i32 %v13544, void @empty_204, i32 0, i32 0, void @empty_219, i32 4294967295, i32 0, void @empty_219, void @empty_219, void @empty_219, i32 0, i32 0, i32 0, i32 0, void @empty_219, void @empty_219, i32 4294967295, i32 0"   --->   Operation 185 'specinterface' 'specinterface_ln0' <Predicate = true> <Delay = 0.00>
ST_48 : Operation 186 [1/1] (0.00ns)   --->   "%specbitsmap_ln0 = specbitsmap void @_ssdm_op_SpecBitsMap, i32 %v13544"   --->   Operation 186 'specbitsmap' 'specbitsmap_ln0' <Predicate = true> <Delay = 0.00>
ST_48 : Operation 187 [1/1] (0.00ns)   --->   "%specinterface_ln0 = specinterface void @_ssdm_op_SpecInterface, i32 %v13545, void @empty_204, i32 0, i32 0, void @empty_219, i32 4294967295, i32 0, void @empty_219, void @empty_219, void @empty_219, i32 0, i32 0, i32 0, i32 0, void @empty_219, void @empty_219, i32 4294967295, i32 0"   --->   Operation 187 'specinterface' 'specinterface_ln0' <Predicate = true> <Delay = 0.00>
ST_48 : Operation 188 [1/1] (0.00ns)   --->   "%specbitsmap_ln0 = specbitsmap void @_ssdm_op_SpecBitsMap, i32 %v13545"   --->   Operation 188 'specbitsmap' 'specbitsmap_ln0' <Predicate = true> <Delay = 0.00>
ST_48 : Operation 189 [1/1] (0.00ns)   --->   "%specinterface_ln0 = specinterface void @_ssdm_op_SpecInterface, i32 %v13546, void @empty_204, i32 0, i32 0, void @empty_219, i32 4294967295, i32 0, void @empty_219, void @empty_219, void @empty_219, i32 0, i32 0, i32 0, i32 0, void @empty_219, void @empty_219, i32 4294967295, i32 0"   --->   Operation 189 'specinterface' 'specinterface_ln0' <Predicate = true> <Delay = 0.00>
ST_48 : Operation 190 [1/1] (0.00ns)   --->   "%specbitsmap_ln0 = specbitsmap void @_ssdm_op_SpecBitsMap, i32 %v13546"   --->   Operation 190 'specbitsmap' 'specbitsmap_ln0' <Predicate = true> <Delay = 0.00>
ST_48 : Operation 191 [1/1] (0.00ns)   --->   "%specinterface_ln0 = specinterface void @_ssdm_op_SpecInterface, i32 %adaLN_weight0, void @empty_204, i32 0, i32 0, void @empty_219, i32 4294967295, i32 0, void @empty_219, void @empty_219, void @empty_219, i32 0, i32 0, i32 0, i32 0, void @empty_219, void @empty_219, i32 4294967295, i32 0"   --->   Operation 191 'specinterface' 'specinterface_ln0' <Predicate = true> <Delay = 0.00>
ST_48 : Operation 192 [1/1] (0.00ns)   --->   "%specbitsmap_ln0 = specbitsmap void @_ssdm_op_SpecBitsMap, i32 %adaLN_weight0"   --->   Operation 192 'specbitsmap' 'specbitsmap_ln0' <Predicate = true> <Delay = 0.00>
ST_48 : Operation 193 [1/1] (0.00ns)   --->   "%specinterface_ln0 = specinterface void @_ssdm_op_SpecInterface, i32 %adaLN_weight1, void @empty_204, i32 0, i32 0, void @empty_219, i32 4294967295, i32 0, void @empty_219, void @empty_219, void @empty_219, i32 0, i32 0, i32 0, i32 0, void @empty_219, void @empty_219, i32 4294967295, i32 0"   --->   Operation 193 'specinterface' 'specinterface_ln0' <Predicate = true> <Delay = 0.00>
ST_48 : Operation 194 [1/1] (0.00ns)   --->   "%specbitsmap_ln0 = specbitsmap void @_ssdm_op_SpecBitsMap, i32 %adaLN_weight1"   --->   Operation 194 'specbitsmap' 'specbitsmap_ln0' <Predicate = true> <Delay = 0.00>
ST_48 : Operation 195 [1/1] (0.00ns)   --->   "%specinterface_ln0 = specinterface void @_ssdm_op_SpecInterface, i32 %adaLN_weight2, void @empty_204, i32 0, i32 0, void @empty_219, i32 4294967295, i32 0, void @empty_219, void @empty_219, void @empty_219, i32 0, i32 0, i32 0, i32 0, void @empty_219, void @empty_219, i32 4294967295, i32 0"   --->   Operation 195 'specinterface' 'specinterface_ln0' <Predicate = true> <Delay = 0.00>
ST_48 : Operation 196 [1/1] (0.00ns)   --->   "%specbitsmap_ln0 = specbitsmap void @_ssdm_op_SpecBitsMap, i32 %adaLN_weight2"   --->   Operation 196 'specbitsmap' 'specbitsmap_ln0' <Predicate = true> <Delay = 0.00>
ST_48 : Operation 197 [1/1] (0.00ns)   --->   "%specinterface_ln0 = specinterface void @_ssdm_op_SpecInterface, i32 %adaLN_weight3, void @empty_204, i32 0, i32 0, void @empty_219, i32 4294967295, i32 0, void @empty_219, void @empty_219, void @empty_219, i32 0, i32 0, i32 0, i32 0, void @empty_219, void @empty_219, i32 4294967295, i32 0"   --->   Operation 197 'specinterface' 'specinterface_ln0' <Predicate = true> <Delay = 0.00>
ST_48 : Operation 198 [1/1] (0.00ns)   --->   "%specbitsmap_ln0 = specbitsmap void @_ssdm_op_SpecBitsMap, i32 %adaLN_weight3"   --->   Operation 198 'specbitsmap' 'specbitsmap_ln0' <Predicate = true> <Delay = 0.00>
ST_48 : Operation 199 [1/1] (0.00ns)   --->   "%specinterface_ln0 = specinterface void @_ssdm_op_SpecInterface, i32 %adaLN_weight4, void @empty_204, i32 0, i32 0, void @empty_219, i32 4294967295, i32 0, void @empty_219, void @empty_219, void @empty_219, i32 0, i32 0, i32 0, i32 0, void @empty_219, void @empty_219, i32 4294967295, i32 0"   --->   Operation 199 'specinterface' 'specinterface_ln0' <Predicate = true> <Delay = 0.00>
ST_48 : Operation 200 [1/1] (0.00ns)   --->   "%specbitsmap_ln0 = specbitsmap void @_ssdm_op_SpecBitsMap, i32 %adaLN_weight4"   --->   Operation 200 'specbitsmap' 'specbitsmap_ln0' <Predicate = true> <Delay = 0.00>
ST_48 : Operation 201 [1/1] (0.00ns)   --->   "%specinterface_ln0 = specinterface void @_ssdm_op_SpecInterface, i32 %adaLN_weight5, void @empty_204, i32 0, i32 0, void @empty_219, i32 4294967295, i32 0, void @empty_219, void @empty_219, void @empty_219, i32 0, i32 0, i32 0, i32 0, void @empty_219, void @empty_219, i32 4294967295, i32 0"   --->   Operation 201 'specinterface' 'specinterface_ln0' <Predicate = true> <Delay = 0.00>
ST_48 : Operation 202 [1/1] (0.00ns)   --->   "%specbitsmap_ln0 = specbitsmap void @_ssdm_op_SpecBitsMap, i32 %adaLN_weight5"   --->   Operation 202 'specbitsmap' 'specbitsmap_ln0' <Predicate = true> <Delay = 0.00>
ST_48 : Operation 203 [1/1] (0.00ns)   --->   "%specinterface_ln0 = specinterface void @_ssdm_op_SpecInterface, i32 %adaLN_bias0, void @empty_204, i32 0, i32 0, void @empty_219, i32 4294967295, i32 0, void @empty_219, void @empty_219, void @empty_219, i32 0, i32 0, i32 0, i32 0, void @empty_219, void @empty_219, i32 4294967295, i32 0"   --->   Operation 203 'specinterface' 'specinterface_ln0' <Predicate = true> <Delay = 0.00>
ST_48 : Operation 204 [1/1] (0.00ns)   --->   "%specbitsmap_ln0 = specbitsmap void @_ssdm_op_SpecBitsMap, i32 %adaLN_bias0"   --->   Operation 204 'specbitsmap' 'specbitsmap_ln0' <Predicate = true> <Delay = 0.00>
ST_48 : Operation 205 [1/1] (0.00ns)   --->   "%specinterface_ln0 = specinterface void @_ssdm_op_SpecInterface, i32 %adaLN_bias1, void @empty_204, i32 0, i32 0, void @empty_219, i32 4294967295, i32 0, void @empty_219, void @empty_219, void @empty_219, i32 0, i32 0, i32 0, i32 0, void @empty_219, void @empty_219, i32 4294967295, i32 0"   --->   Operation 205 'specinterface' 'specinterface_ln0' <Predicate = true> <Delay = 0.00>
ST_48 : Operation 206 [1/1] (0.00ns)   --->   "%specbitsmap_ln0 = specbitsmap void @_ssdm_op_SpecBitsMap, i32 %adaLN_bias1"   --->   Operation 206 'specbitsmap' 'specbitsmap_ln0' <Predicate = true> <Delay = 0.00>
ST_48 : Operation 207 [1/1] (0.00ns)   --->   "%specinterface_ln0 = specinterface void @_ssdm_op_SpecInterface, i32 %adaLN_bias2, void @empty_204, i32 0, i32 0, void @empty_219, i32 4294967295, i32 0, void @empty_219, void @empty_219, void @empty_219, i32 0, i32 0, i32 0, i32 0, void @empty_219, void @empty_219, i32 4294967295, i32 0"   --->   Operation 207 'specinterface' 'specinterface_ln0' <Predicate = true> <Delay = 0.00>
ST_48 : Operation 208 [1/1] (0.00ns)   --->   "%specbitsmap_ln0 = specbitsmap void @_ssdm_op_SpecBitsMap, i32 %adaLN_bias2"   --->   Operation 208 'specbitsmap' 'specbitsmap_ln0' <Predicate = true> <Delay = 0.00>
ST_48 : Operation 209 [1/1] (0.00ns)   --->   "%specinterface_ln0 = specinterface void @_ssdm_op_SpecInterface, i32 %adaLN_bias3, void @empty_204, i32 0, i32 0, void @empty_219, i32 4294967295, i32 0, void @empty_219, void @empty_219, void @empty_219, i32 0, i32 0, i32 0, i32 0, void @empty_219, void @empty_219, i32 4294967295, i32 0"   --->   Operation 209 'specinterface' 'specinterface_ln0' <Predicate = true> <Delay = 0.00>
ST_48 : Operation 210 [1/1] (0.00ns)   --->   "%specbitsmap_ln0 = specbitsmap void @_ssdm_op_SpecBitsMap, i32 %adaLN_bias3"   --->   Operation 210 'specbitsmap' 'specbitsmap_ln0' <Predicate = true> <Delay = 0.00>
ST_48 : Operation 211 [1/1] (0.00ns)   --->   "%specinterface_ln0 = specinterface void @_ssdm_op_SpecInterface, i32 %adaLN_bias4, void @empty_204, i32 0, i32 0, void @empty_219, i32 4294967295, i32 0, void @empty_219, void @empty_219, void @empty_219, i32 0, i32 0, i32 0, i32 0, void @empty_219, void @empty_219, i32 4294967295, i32 0"   --->   Operation 211 'specinterface' 'specinterface_ln0' <Predicate = true> <Delay = 0.00>
ST_48 : Operation 212 [1/1] (0.00ns)   --->   "%specbitsmap_ln0 = specbitsmap void @_ssdm_op_SpecBitsMap, i32 %adaLN_bias4"   --->   Operation 212 'specbitsmap' 'specbitsmap_ln0' <Predicate = true> <Delay = 0.00>
ST_48 : Operation 213 [1/1] (0.00ns)   --->   "%specinterface_ln0 = specinterface void @_ssdm_op_SpecInterface, i32 %adaLN_bias5, void @empty_204, i32 0, i32 0, void @empty_219, i32 4294967295, i32 0, void @empty_219, void @empty_219, void @empty_219, i32 0, i32 0, i32 0, i32 0, void @empty_219, void @empty_219, i32 4294967295, i32 0"   --->   Operation 213 'specinterface' 'specinterface_ln0' <Predicate = true> <Delay = 0.00>
ST_48 : Operation 214 [1/1] (0.00ns)   --->   "%specbitsmap_ln0 = specbitsmap void @_ssdm_op_SpecBitsMap, i32 %adaLN_bias5"   --->   Operation 214 'specbitsmap' 'specbitsmap_ln0' <Predicate = true> <Delay = 0.00>
ST_48 : Operation 215 [1/1] (0.00ns)   --->   "%specinterface_ln0 = specinterface void @_ssdm_op_SpecInterface, i32 %v13549, void @empty_204, i32 0, i32 0, void @empty_219, i32 4294967295, i32 0, void @empty_219, void @empty_219, void @empty_219, i32 0, i32 0, i32 0, i32 0, void @empty_219, void @empty_219, i32 4294967295, i32 0"   --->   Operation 215 'specinterface' 'specinterface_ln0' <Predicate = true> <Delay = 0.00>
ST_48 : Operation 216 [1/1] (0.00ns)   --->   "%specbitsmap_ln0 = specbitsmap void @_ssdm_op_SpecBitsMap, i32 %v13549"   --->   Operation 216 'specbitsmap' 'specbitsmap_ln0' <Predicate = true> <Delay = 0.00>
ST_48 : Operation 217 [1/1] (0.00ns)   --->   "%specinterface_ln0 = specinterface void @_ssdm_op_SpecInterface, i32 %v13550, void @empty_204, i32 0, i32 0, void @empty_219, i32 4294967295, i32 0, void @empty_219, void @empty_219, void @empty_219, i32 0, i32 0, i32 0, i32 0, void @empty_219, void @empty_219, i32 4294967295, i32 0"   --->   Operation 217 'specinterface' 'specinterface_ln0' <Predicate = true> <Delay = 0.00>
ST_48 : Operation 218 [1/1] (0.00ns)   --->   "%specbitsmap_ln0 = specbitsmap void @_ssdm_op_SpecBitsMap, i32 %v13550"   --->   Operation 218 'specbitsmap' 'specbitsmap_ln0' <Predicate = true> <Delay = 0.00>
ST_48 : Operation 219 [1/1] (0.00ns)   --->   "%specinterface_ln0 = specinterface void @_ssdm_op_SpecInterface, i32 %v13551, void @empty_204, i32 0, i32 0, void @empty_219, i32 4294967295, i32 0, void @empty_219, void @empty_219, void @empty_219, i32 0, i32 0, i32 0, i32 0, void @empty_219, void @empty_219, i32 4294967295, i32 0"   --->   Operation 219 'specinterface' 'specinterface_ln0' <Predicate = true> <Delay = 0.00>
ST_48 : Operation 220 [1/1] (0.00ns)   --->   "%specbitsmap_ln0 = specbitsmap void @_ssdm_op_SpecBitsMap, i32 %v13551"   --->   Operation 220 'specbitsmap' 'specbitsmap_ln0' <Predicate = true> <Delay = 0.00>
ST_48 : Operation 221 [1/1] (0.00ns)   --->   "%specinterface_ln0 = specinterface void @_ssdm_op_SpecInterface, i32 %v13552, void @empty_204, i32 0, i32 0, void @empty_219, i32 4294967295, i32 0, void @empty_219, void @empty_219, void @empty_219, i32 0, i32 0, i32 0, i32 0, void @empty_219, void @empty_219, i32 4294967295, i32 0"   --->   Operation 221 'specinterface' 'specinterface_ln0' <Predicate = true> <Delay = 0.00>
ST_48 : Operation 222 [1/1] (0.00ns)   --->   "%specbitsmap_ln0 = specbitsmap void @_ssdm_op_SpecBitsMap, i32 %v13552"   --->   Operation 222 'specbitsmap' 'specbitsmap_ln0' <Predicate = true> <Delay = 0.00>
ST_48 : Operation 223 [1/1] (0.00ns)   --->   "%specinterface_ln0 = specinterface void @_ssdm_op_SpecInterface, i32 %v13553, void @empty_204, i32 0, i32 0, void @empty_219, i32 4294967295, i32 0, void @empty_219, void @empty_219, void @empty_219, i32 0, i32 0, i32 0, i32 0, void @empty_219, void @empty_219, i32 4294967295, i32 0"   --->   Operation 223 'specinterface' 'specinterface_ln0' <Predicate = true> <Delay = 0.00>
ST_48 : Operation 224 [1/1] (0.00ns)   --->   "%specbitsmap_ln0 = specbitsmap void @_ssdm_op_SpecBitsMap, i32 %v13553"   --->   Operation 224 'specbitsmap' 'specbitsmap_ln0' <Predicate = true> <Delay = 0.00>
ST_48 : Operation 225 [1/1] (0.00ns)   --->   "%specinterface_ln0 = specinterface void @_ssdm_op_SpecInterface, i32 %v13554, void @empty_204, i32 0, i32 0, void @empty_219, i32 4294967295, i32 0, void @empty_219, void @empty_219, void @empty_219, i32 0, i32 0, i32 0, i32 0, void @empty_219, void @empty_219, i32 4294967295, i32 0"   --->   Operation 225 'specinterface' 'specinterface_ln0' <Predicate = true> <Delay = 0.00>
ST_48 : Operation 226 [1/1] (0.00ns)   --->   "%specbitsmap_ln0 = specbitsmap void @_ssdm_op_SpecBitsMap, i32 %v13554"   --->   Operation 226 'specbitsmap' 'specbitsmap_ln0' <Predicate = true> <Delay = 0.00>
ST_48 : Operation 227 [1/1] (0.00ns)   --->   "%specinterface_ln0 = specinterface void @_ssdm_op_SpecInterface, i32 %v13555, void @empty_204, i32 0, i32 0, void @empty_219, i32 4294967295, i32 0, void @empty_219, void @empty_219, void @empty_219, i32 0, i32 0, i32 0, i32 0, void @empty_219, void @empty_219, i32 4294967295, i32 0"   --->   Operation 227 'specinterface' 'specinterface_ln0' <Predicate = true> <Delay = 0.00>
ST_48 : Operation 228 [1/1] (0.00ns)   --->   "%specbitsmap_ln0 = specbitsmap void @_ssdm_op_SpecBitsMap, i32 %v13555"   --->   Operation 228 'specbitsmap' 'specbitsmap_ln0' <Predicate = true> <Delay = 0.00>
ST_48 : Operation 229 [1/1] (0.00ns)   --->   "%specinterface_ln0 = specinterface void @_ssdm_op_SpecInterface, i32 %v13556, void @empty_204, i32 0, i32 0, void @empty_219, i32 4294967295, i32 0, void @empty_219, void @empty_219, void @empty_219, i32 0, i32 0, i32 0, i32 0, void @empty_219, void @empty_219, i32 4294967295, i32 0"   --->   Operation 229 'specinterface' 'specinterface_ln0' <Predicate = true> <Delay = 0.00>
ST_48 : Operation 230 [1/1] (0.00ns)   --->   "%specbitsmap_ln0 = specbitsmap void @_ssdm_op_SpecBitsMap, i32 %v13556"   --->   Operation 230 'specbitsmap' 'specbitsmap_ln0' <Predicate = true> <Delay = 0.00>
ST_48 : Operation 231 [1/1] (0.00ns)   --->   "%specinterface_ln0 = specinterface void @_ssdm_op_SpecInterface, i32 %v13557, void @empty_204, i32 0, i32 0, void @empty_219, i32 4294967295, i32 0, void @empty_219, void @empty_219, void @empty_219, i32 0, i32 0, i32 0, i32 0, void @empty_219, void @empty_219, i32 4294967295, i32 0"   --->   Operation 231 'specinterface' 'specinterface_ln0' <Predicate = true> <Delay = 0.00>
ST_48 : Operation 232 [1/1] (0.00ns)   --->   "%specbitsmap_ln0 = specbitsmap void @_ssdm_op_SpecBitsMap, i32 %v13557"   --->   Operation 232 'specbitsmap' 'specbitsmap_ln0' <Predicate = true> <Delay = 0.00>
ST_48 : Operation 233 [1/1] (0.00ns)   --->   "%specinterface_ln0 = specinterface void @_ssdm_op_SpecInterface, i32 %v13558, void @empty_204, i32 0, i32 0, void @empty_219, i32 4294967295, i32 0, void @empty_219, void @empty_219, void @empty_219, i32 0, i32 0, i32 0, i32 0, void @empty_219, void @empty_219, i32 4294967295, i32 0"   --->   Operation 233 'specinterface' 'specinterface_ln0' <Predicate = true> <Delay = 0.00>
ST_48 : Operation 234 [1/1] (0.00ns)   --->   "%specbitsmap_ln0 = specbitsmap void @_ssdm_op_SpecBitsMap, i32 %v13558"   --->   Operation 234 'specbitsmap' 'specbitsmap_ln0' <Predicate = true> <Delay = 0.00>
ST_48 : Operation 235 [1/1] (0.00ns)   --->   "%specinterface_ln0 = specinterface void @_ssdm_op_SpecInterface, i32 %v13559, void @empty_204, i32 0, i32 0, void @empty_219, i32 4294967295, i32 0, void @empty_219, void @empty_219, void @empty_219, i32 0, i32 0, i32 0, i32 0, void @empty_219, void @empty_219, i32 4294967295, i32 0"   --->   Operation 235 'specinterface' 'specinterface_ln0' <Predicate = true> <Delay = 0.00>
ST_48 : Operation 236 [1/1] (0.00ns)   --->   "%specbitsmap_ln0 = specbitsmap void @_ssdm_op_SpecBitsMap, i32 %v13559"   --->   Operation 236 'specbitsmap' 'specbitsmap_ln0' <Predicate = true> <Delay = 0.00>
ST_48 : Operation 237 [1/1] (0.00ns)   --->   "%specinterface_ln0 = specinterface void @_ssdm_op_SpecInterface, i32 %v13560, void @empty_204, i32 0, i32 0, void @empty_219, i32 4294967295, i32 0, void @empty_219, void @empty_219, void @empty_219, i32 0, i32 0, i32 0, i32 0, void @empty_219, void @empty_219, i32 4294967295, i32 0"   --->   Operation 237 'specinterface' 'specinterface_ln0' <Predicate = true> <Delay = 0.00>
ST_48 : Operation 238 [1/1] (0.00ns)   --->   "%specbitsmap_ln0 = specbitsmap void @_ssdm_op_SpecBitsMap, i32 %v13560"   --->   Operation 238 'specbitsmap' 'specbitsmap_ln0' <Predicate = true> <Delay = 0.00>
ST_48 : Operation 239 [1/1] (0.00ns)   --->   "%specinterface_ln0 = specinterface void @_ssdm_op_SpecInterface, i32 %v13561, void @empty_204, i32 0, i32 0, void @empty_219, i32 4294967295, i32 0, void @empty_219, void @empty_219, void @empty_219, i32 0, i32 0, i32 0, i32 0, void @empty_219, void @empty_219, i32 4294967295, i32 0"   --->   Operation 239 'specinterface' 'specinterface_ln0' <Predicate = true> <Delay = 0.00>
ST_48 : Operation 240 [1/1] (0.00ns)   --->   "%specbitsmap_ln0 = specbitsmap void @_ssdm_op_SpecBitsMap, i32 %v13561"   --->   Operation 240 'specbitsmap' 'specbitsmap_ln0' <Predicate = true> <Delay = 0.00>
ST_48 : Operation 241 [1/1] (0.00ns)   --->   "%specmemcore_ln25286 = specmemcore void @_ssdm_op_SpecMemCore, i32 %buffer_x, i64 666, i64 24, i64 18446744073709551615" [/home/silvenchen/Desktop/DitBlock/WorkDCT/DitBlock/kernel.cpp:25286]   --->   Operation 241 'specmemcore' 'specmemcore_ln25286' <Predicate = true> <Delay = 0.00>
ST_48 : Operation 242 [1/1] (0.00ns)   --->   "%specmemcore_ln25287 = specmemcore void @_ssdm_op_SpecMemCore, i32 %buffer_Q, i64 666, i64 24, i64 18446744073709551615" [/home/silvenchen/Desktop/DitBlock/WorkDCT/DitBlock/kernel.cpp:25287]   --->   Operation 242 'specmemcore' 'specmemcore_ln25287' <Predicate = true> <Delay = 0.00>
ST_48 : Operation 243 [1/1] (0.00ns)   --->   "%specmemcore_ln25288 = specmemcore void @_ssdm_op_SpecMemCore, i32 %buffer_K, i64 666, i64 24, i64 18446744073709551615" [/home/silvenchen/Desktop/DitBlock/WorkDCT/DitBlock/kernel.cpp:25288]   --->   Operation 243 'specmemcore' 'specmemcore_ln25288' <Predicate = true> <Delay = 0.00>
ST_48 : Operation 244 [1/1] (0.00ns)   --->   "%specmemcore_ln25289 = specmemcore void @_ssdm_op_SpecMemCore, i32 %buffer_V, i64 666, i64 24, i64 18446744073709551615" [/home/silvenchen/Desktop/DitBlock/WorkDCT/DitBlock/kernel.cpp:25289]   --->   Operation 244 'specmemcore' 'specmemcore_ln25289' <Predicate = true> <Delay = 0.00>
ST_48 : Operation 245 [1/1] (0.00ns)   --->   "%specmemcore_ln25290 = specmemcore void @_ssdm_op_SpecMemCore, i32 %buffer_w, i64 666, i64 24, i64 18446744073709551615" [/home/silvenchen/Desktop/DitBlock/WorkDCT/DitBlock/kernel.cpp:25290]   --->   Operation 245 'specmemcore' 'specmemcore_ln25290' <Predicate = true> <Delay = 0.00>
ST_48 : Operation 246 [1/2] (0.00ns)   --->   "%call_ln0 = call void @allo_DDitBlock_Pipeline_l_res_add_i19_l_j1711, i32 %buffer_x, i32 %buffer_Q"   --->   Operation 246 'call' 'call_ln0' <Predicate = true> <Delay = 0.00> <CoreType = "Generic">   --->   Core 0 '' <Latency = 0> <II = 1> <Delay = 1.00> <Generic> <Opcode : >
ST_48 : Operation 247 [1/1] (0.00ns)   --->   "%ret_ln25480 = ret" [/home/silvenchen/Desktop/DitBlock/WorkDCT/DitBlock/kernel.cpp:25480]   --->   Operation 247 'ret' 'ret_ln25480' <Predicate = true> <Delay = 0.00>


============================================================
+ Verbose Summary: Timing violations
============================================================
Target clock period: 10.000ns, clock uncertainty: 2.700ns.

 <State 1>: 0.000ns
The critical path consists of the following:

 <State 2>: 0.000ns
The critical path consists of the following:

 <State 3>: 0.000ns
The critical path consists of the following:

 <State 4>: 0.000ns
The critical path consists of the following:

 <State 5>: 0.000ns
The critical path consists of the following:

 <State 6>: 0.000ns
The critical path consists of the following:

 <State 7>: 0.000ns
The critical path consists of the following:

 <State 8>: 0.000ns
The critical path consists of the following:

 <State 9>: 0.000ns
The critical path consists of the following:

 <State 10>: 0.000ns
The critical path consists of the following:

 <State 11>: 0.000ns
The critical path consists of the following:

 <State 12>: 0.000ns
The critical path consists of the following:

 <State 13>: 0.000ns
The critical path consists of the following:

 <State 14>: 0.000ns
The critical path consists of the following:

 <State 15>: 0.000ns
The critical path consists of the following:

 <State 16>: 0.000ns
The critical path consists of the following:

 <State 17>: 0.000ns
The critical path consists of the following:

 <State 18>: 0.000ns
The critical path consists of the following:

 <State 19>: 0.000ns
The critical path consists of the following:

 <State 20>: 0.000ns
The critical path consists of the following:

 <State 21>: 0.000ns
The critical path consists of the following:

 <State 22>: 0.000ns
The critical path consists of the following:

 <State 23>: 0.000ns
The critical path consists of the following:

 <State 24>: 0.000ns
The critical path consists of the following:

 <State 25>: 0.000ns
The critical path consists of the following:

 <State 26>: 0.000ns
The critical path consists of the following:

 <State 27>: 0.000ns
The critical path consists of the following:

 <State 28>: 0.000ns
The critical path consists of the following:

 <State 29>: 0.000ns
The critical path consists of the following:

 <State 30>: 0.000ns
The critical path consists of the following:

 <State 31>: 0.000ns
The critical path consists of the following:

 <State 32>: 0.000ns
The critical path consists of the following:

 <State 33>: 0.000ns
The critical path consists of the following:

 <State 34>: 0.000ns
The critical path consists of the following:

 <State 35>: 0.000ns
The critical path consists of the following:

 <State 36>: 0.000ns
The critical path consists of the following:

 <State 37>: 0.000ns
The critical path consists of the following:

 <State 38>: 0.000ns
The critical path consists of the following:

 <State 39>: 0.000ns
The critical path consists of the following:

 <State 40>: 0.000ns
The critical path consists of the following:

 <State 41>: 0.000ns
The critical path consists of the following:

 <State 42>: 0.000ns
The critical path consists of the following:

 <State 43>: 0.000ns
The critical path consists of the following:

 <State 44>: 0.000ns
The critical path consists of the following:

 <State 45>: 0.000ns
The critical path consists of the following:

 <State 46>: 0.000ns
The critical path consists of the following:

 <State 47>: 0.000ns
The critical path consists of the following:

 <State 48>: 0.000ns
The critical path consists of the following:


============================================================
+ Verbose Summary: Binding
============================================================
N/A
* FSMD analyzer results:
  - Output states:
 - Input state : 
  - Chain level:
	State 1
	State 2
	State 3
	State 4
	State 5
	State 6
	State 7
	State 8
	State 9
	State 10
	State 11
	State 12
	State 13
	State 14
	State 15
	State 16
	State 17
	State 18
	State 19
	State 20
	State 21
	State 22
	State 23
	State 24
	State 25
	State 26
	State 27
	State 28
	State 29
	State 30
	State 31
	State 32
	State 33
	State 34
	State 35
	State 36
	State 37
	State 38
	State 39
	State 40
	State 41
	State 42
	State 43
	State 44
	State 45
	State 46
	State 47
	State 48


============================================================
+ Verbose Summary: Datapath Resource usage 
============================================================
N/A
