

================================================================
== Vitis HLS Report for 'allo_DDitBlock_Pipeline_VITIS_LOOP_25158_2'
================================================================
* Date:           Mon Feb 17 20:37:32 2025

* Version:        2023.2 (Build 4023990 on Oct 11 2023)
* Project:        DitBlock
* Solution:       hls (Vivado IP Flow Target)
* Product family: virtexuplusHBM
* Target device:  xcu280-fsvh2892-2L-e


================================================================
== Performance Estimates
================================================================
+ Timing: 
    * Summary: 
    +--------+----------+----------+------------+
    |  Clock |  Target  | Estimated| Uncertainty|
    +--------+----------+----------+------------+
    |ap_clk  |  10.00 ns|  1.479 ns|     2.70 ns|
    +--------+----------+----------+------------+

+ Latency: 
    * Summary: 
    +---------+---------+----------+----------+-----+-----+---------+
    |  Latency (cycles) |  Latency (absolute) |  Interval | Pipeline|
    |   min   |   max   |    min   |    max   | min | max |   Type  |
    +---------+---------+----------+----------+-----+-----+---------+
    |      130|      130|  1.300 us|  1.300 us|  130|  130|       no|
    +---------+---------+----------+----------+-----+-----+---------+

    + Detail: 
        * Instance: 
        N/A

        * Loop: 
        +----------------------+---------+---------+----------+-----------+-----------+------+----------+
        |                      |  Latency (cycles) | Iteration|  Initiation Interval  | Trip |          |
        |       Loop Name      |   min   |   max   |  Latency |  achieved |   target  | Count| Pipelined|
        +----------------------+---------+---------+----------+-----------+-----------+------+----------+
        |- VITIS_LOOP_25158_2  |      128|      128|         2|          1|          1|   128|       yes|
        +----------------------+---------+---------+----------+-----------+-----------+------+----------+



================================================================
== Utilization Estimates
================================================================
* Summary: 
+---------------------+---------+------+---------+---------+-----+
|         Name        | BRAM_18K|  DSP |    FF   |   LUT   | URAM|
+---------------------+---------+------+---------+---------+-----+
|DSP                  |        -|     -|        -|        -|    -|
|Expression           |        -|     -|        0|       33|    -|
|FIFO                 |        -|     -|        -|        -|    -|
|Instance             |        -|     -|        -|        -|    -|
|Memory               |        -|     -|        -|        -|    -|
|Multiplexer          |        -|     -|        -|       36|    -|
|Register             |        -|     -|       19|        -|    -|
+---------------------+---------+------+---------+---------+-----+
|Total                |        0|     0|       19|       69|    0|
+---------------------+---------+------+---------+---------+-----+
|Available SLR        |     1344|  3008|   869120|   434560|  320|
+---------------------+---------+------+---------+---------+-----+
|Utilization SLR (%)  |        0|     0|       ~0|       ~0|    0|
+---------------------+---------+------+---------+---------+-----+
|Available            |     4032|  9024|  2607360|  1303680|  960|
+---------------------+---------+------+---------+---------+-----+
|Utilization (%)      |        0|     0|       ~0|       ~0|    0|
+---------------------+---------+------+---------+---------+-----+

+ Detail: 
    * Instance: 
    N/A

    * DSP: 
    N/A

    * Memory: 
    N/A

    * FIFO: 
    N/A

    * Expression: 
    +-----------------------+----------+----+---+----+------------+------------+
    |     Variable Name     | Operation| DSP| FF| LUT| Bitwidth P0| Bitwidth P1|
    +-----------------------+----------+----+---+----+------------+------------+
    |add_ln25158_fu_78_p2   |         +|   0|  0|  15|           8|           1|
    |icmp_ln25158_fu_72_p2  |      icmp|   0|  0|  16|           8|           9|
    |ap_enable_pp0          |       xor|   0|  0|   2|           1|           2|
    +-----------------------+----------+----+---+----+------------+------------+
    |Total                  |          |   0|  0|  33|          17|          12|
    +-----------------------+----------+----+---+----+------------+------------+

    * Multiplexer: 
    +-------------------------+----+-----------+-----+-----------+
    |           Name          | LUT| Input Size| Bits| Total Bits|
    +-------------------------+----+-----------+-----+-----------+
    |ap_done_int              |   9|          2|    1|          2|
    |ap_enable_reg_pp0_iter1  |   9|          2|    1|          2|
    |ap_sig_allocacmp_j_1     |   9|          2|    8|         16|
    |j_fu_34                  |   9|          2|    8|         16|
    +-------------------------+----+-----------+-----+-----------+
    |Total                    |  36|          8|   18|         36|
    +-------------------------+----+-----------+-----+-----------+

    * Register: 
    +-------------------------+---+----+-----+-----------+
    |           Name          | FF| LUT| Bits| Const Bits|
    +-------------------------+---+----+-----+-----------+
    |ap_CS_fsm                |  1|   0|    1|          0|
    |ap_done_reg              |  1|   0|    1|          0|
    |ap_enable_reg_pp0_iter1  |  1|   0|    1|          0|
    |j_fu_34                  |  8|   0|    8|          0|
    |zext_ln25158_reg_109     |  8|   0|   64|         56|
    +-------------------------+---+----+-----+-----------+
    |Total                    | 19|   0|   75|         56|
    +-------------------------+---+----+-----+-----------+



================================================================
== Interface
================================================================
* Summary: 
+---------------------+-----+-----+------------+--------------------------------------------+--------------+
|      RTL Ports      | Dir | Bits|  Protocol  |                Source Object               |    C Type    |
+---------------------+-----+-----+------------+--------------------------------------------+--------------+
|ap_clk               |   in|    1|  ap_ctrl_hs|  allo_DDitBlock_Pipeline_VITIS_LOOP_25158_2|  return value|
|ap_rst               |   in|    1|  ap_ctrl_hs|  allo_DDitBlock_Pipeline_VITIS_LOOP_25158_2|  return value|
|ap_start             |   in|    1|  ap_ctrl_hs|  allo_DDitBlock_Pipeline_VITIS_LOOP_25158_2|  return value|
|ap_done              |  out|    1|  ap_ctrl_hs|  allo_DDitBlock_Pipeline_VITIS_LOOP_25158_2|  return value|
|ap_idle              |  out|    1|  ap_ctrl_hs|  allo_DDitBlock_Pipeline_VITIS_LOOP_25158_2|  return value|
|ap_ready             |  out|    1|  ap_ctrl_hs|  allo_DDitBlock_Pipeline_VITIS_LOOP_25158_2|  return value|
|v13546_address0      |  out|    7|   ap_memory|                                      v13546|         array|
|v13546_ce0           |  out|    1|   ap_memory|                                      v13546|         array|
|v13546_q0            |   in|   32|   ap_memory|                                      v13546|         array|
|buffer_c_0_address0  |  out|    7|   ap_memory|                                  buffer_c_0|         array|
|buffer_c_0_ce0       |  out|    1|   ap_memory|                                  buffer_c_0|         array|
|buffer_c_0_we0       |  out|    1|   ap_memory|                                  buffer_c_0|         array|
|buffer_c_0_d0        |  out|   32|   ap_memory|                                  buffer_c_0|         array|
+---------------------+-----+-----+------------+--------------------------------------------+--------------+

============================================================
+ Verbose Summary: Synthesis Manager
============================================================
InlineROM: 1
ExposeGlobal: 0
============================================================
+ Verbose Summary: CDFG Model
============================================================
IsTopModel: 0
ResetActiveHigh: 1
IsCombinational: 2
IsDatapathOnly: 2
HasWiredReturn: 1
HasMFsm: 2
HasVarLatency: 1
IsPipeline: 0
IsRtlPipelined: 0
IsInstanceOverlapped: 0
IsDontTouch: 0
HasImplIP: 0
IsGatedGlobalClock: 0

+ Individual pipeline summary: 
  * Pipeline-0: initiation interval (II) = 1, depth = 2


============================================================
+ Verbose Summary: Schedule
============================================================
* Number of FSM states : 2
* Pipeline : 1
  Pipeline-0 : II = 1, D = 2, States = { 1 2 }
* Dataflow Pipeline: 0

* FSM state transitions: 
1 --> 2 
2 --> 

* FSM state operations: 

State 1 <SV = 0> <Delay = 1.47>
ST_1 : Operation 5 [1/1] (0.00ns)   --->   "%j = alloca i32 1" [/home/silvenchen/Desktop/DitBlock/WorkDCT/DitBlock/kernel.cpp:25158]   --->   Operation 5 'alloca' 'j' <Predicate = true> <Delay = 0.00>
ST_1 : Operation 6 [1/1] (0.00ns)   --->   "%specinterface_ln0 = specinterface void @_ssdm_op_SpecInterface, i32 %v13546, void @empty_201, i32 0, i32 0, void @empty_191, i32 4294967295, i32 0, void @empty_191, void @empty_191, void @empty_191, i32 0, i32 0, i32 0, i32 0, void @empty_191, void @empty_191, i32 4294967295, i32 0"   --->   Operation 6 'specinterface' 'specinterface_ln0' <Predicate = true> <Delay = 0.00>
ST_1 : Operation 7 [1/1] (0.38ns)   --->   "%store_ln25158 = store i8 0, i8 %j" [/home/silvenchen/Desktop/DitBlock/WorkDCT/DitBlock/kernel.cpp:25158]   --->   Operation 7 'store' 'store_ln25158' <Predicate = true> <Delay = 0.38>
ST_1 : Operation 8 [1/1] (0.00ns)   --->   "%br_ln0 = br void %for.inc"   --->   Operation 8 'br' 'br_ln0' <Predicate = true> <Delay = 0.00>
ST_1 : Operation 9 [1/1] (0.00ns)   --->   "%j_1 = load i8 %j" [/home/silvenchen/Desktop/DitBlock/WorkDCT/DitBlock/kernel.cpp:25158]   --->   Operation 9 'load' 'j_1' <Predicate = true> <Delay = 0.00>
ST_1 : Operation 10 [1/1] (0.70ns)   --->   "%icmp_ln25158 = icmp_eq  i8 %j_1, i8 128" [/home/silvenchen/Desktop/DitBlock/WorkDCT/DitBlock/kernel.cpp:25158]   --->   Operation 10 'icmp' 'icmp_ln25158' <Predicate = true> <Delay = 0.70> <CoreInst = "Cmp">   --->   Core 9 'Cmp' <Latency = 0> <II = 1> <Delay = 0.71> <FuncUnit> <Opcode : 'icmp'> <InPorts = 2> <OutPorts = 1>
ST_1 : Operation 11 [1/1] (0.70ns)   --->   "%add_ln25158 = add i8 %j_1, i8 1" [/home/silvenchen/Desktop/DitBlock/WorkDCT/DitBlock/kernel.cpp:25158]   --->   Operation 11 'add' 'add_ln25158' <Predicate = true> <Delay = 0.70> <CoreInst = "Adder">   --->   Core 1 'Adder' <Latency = 0> <II = 1> <Delay = 0.70> <FuncUnit> <Opcode : 'add' 'sub'> <InPorts = 2> <OutPorts = 1>
ST_1 : Operation 12 [1/1] (0.00ns)   --->   "%br_ln25158 = br i1 %icmp_ln25158, void %for.inc.split, void %for.inc23.preheader.exitStub" [/home/silvenchen/Desktop/DitBlock/WorkDCT/DitBlock/kernel.cpp:25158]   --->   Operation 12 'br' 'br_ln25158' <Predicate = true> <Delay = 0.00>
ST_1 : Operation 13 [1/1] (0.00ns)   --->   "%zext_ln25158 = zext i8 %j_1" [/home/silvenchen/Desktop/DitBlock/WorkDCT/DitBlock/kernel.cpp:25158]   --->   Operation 13 'zext' 'zext_ln25158' <Predicate = (!icmp_ln25158)> <Delay = 0.00>
ST_1 : Operation 14 [1/1] (0.00ns)   --->   "%v13546_addr = getelementptr i32 %v13546, i64 0, i64 %zext_ln25158" [/home/silvenchen/Desktop/DitBlock/WorkDCT/DitBlock/kernel.cpp:25159]   --->   Operation 14 'getelementptr' 'v13546_addr' <Predicate = (!icmp_ln25158)> <Delay = 0.00>
ST_1 : Operation 15 [2/2] (0.60ns)   --->   "%v13546_load = load i7 %v13546_addr" [/home/silvenchen/Desktop/DitBlock/WorkDCT/DitBlock/kernel.cpp:25159]   --->   Operation 15 'load' 'v13546_load' <Predicate = (!icmp_ln25158)> <Delay = 0.60> <CoreInst = "RAM">   --->   Core 83 'RAM' <Latency = 1> <II = 1> <Delay = 0.60> <Storage> <Opcode : 'load' 'store'> <Ports = 2> <Width = 32> <Depth = 128> <RAM>
ST_1 : Operation 16 [1/1] (0.38ns)   --->   "%store_ln25158 = store i8 %add_ln25158, i8 %j" [/home/silvenchen/Desktop/DitBlock/WorkDCT/DitBlock/kernel.cpp:25158]   --->   Operation 16 'store' 'store_ln25158' <Predicate = (!icmp_ln25158)> <Delay = 0.38>
ST_1 : Operation 25 [1/1] (0.00ns)   --->   "%ret_ln0 = ret"   --->   Operation 25 'ret' 'ret_ln0' <Predicate = (icmp_ln25158)> <Delay = 0.00>

State 2 <SV = 1> <Delay = 1.20>
ST_2 : Operation 17 [1/1] (0.00ns)   --->   "%specpipeline_ln25158 = specpipeline void @_ssdm_op_SpecPipeline, i32 4294967295, i32 0, i32 0, i32 0, void @empty_191" [/home/silvenchen/Desktop/DitBlock/WorkDCT/DitBlock/kernel.cpp:25158]   --->   Operation 17 'specpipeline' 'specpipeline_ln25158' <Predicate = true> <Delay = 0.00>
ST_2 : Operation 18 [1/1] (0.00ns)   --->   "%speclooptripcount_ln25158 = speclooptripcount void @_ssdm_op_SpecLoopTripCount, i64 128, i64 128, i64 128" [/home/silvenchen/Desktop/DitBlock/WorkDCT/DitBlock/kernel.cpp:25158]   --->   Operation 18 'speclooptripcount' 'speclooptripcount_ln25158' <Predicate = true> <Delay = 0.00>
ST_2 : Operation 19 [1/1] (0.00ns)   --->   "%specloopname_ln25158 = specloopname void @_ssdm_op_SpecLoopName, void @empty_189" [/home/silvenchen/Desktop/DitBlock/WorkDCT/DitBlock/kernel.cpp:25158]   --->   Operation 19 'specloopname' 'specloopname_ln25158' <Predicate = true> <Delay = 0.00>
ST_2 : Operation 20 [1/2] (0.60ns)   --->   "%v13546_load = load i7 %v13546_addr" [/home/silvenchen/Desktop/DitBlock/WorkDCT/DitBlock/kernel.cpp:25159]   --->   Operation 20 'load' 'v13546_load' <Predicate = true> <Delay = 0.60> <CoreInst = "RAM">   --->   Core 83 'RAM' <Latency = 1> <II = 1> <Delay = 0.60> <Storage> <Opcode : 'load' 'store'> <Ports = 2> <Width = 32> <Depth = 128> <RAM>
ST_2 : Operation 21 [1/1] (0.00ns)   --->   "%bitcast_ln25159 = bitcast i32 %v13546_load" [/home/silvenchen/Desktop/DitBlock/WorkDCT/DitBlock/kernel.cpp:25159]   --->   Operation 21 'bitcast' 'bitcast_ln25159' <Predicate = true> <Delay = 0.00>
ST_2 : Operation 22 [1/1] (0.00ns)   --->   "%buffer_c_0_addr = getelementptr i32 %buffer_c_0, i64 0, i64 %zext_ln25158" [/home/silvenchen/Desktop/DitBlock/WorkDCT/DitBlock/kernel.cpp:25159]   --->   Operation 22 'getelementptr' 'buffer_c_0_addr' <Predicate = true> <Delay = 0.00>
ST_2 : Operation 23 [1/1] (0.60ns)   --->   "%store_ln25159 = store i32 %bitcast_ln25159, i7 %buffer_c_0_addr" [/home/silvenchen/Desktop/DitBlock/WorkDCT/DitBlock/kernel.cpp:25159]   --->   Operation 23 'store' 'store_ln25159' <Predicate = true> <Delay = 0.60> <CoreInst = "RAM">   --->   Core 83 'RAM' <Latency = 1> <II = 1> <Delay = 0.60> <Storage> <Opcode : 'load' 'store'> <Ports = 2> <Width = 32> <Depth = 128> <RAM>
ST_2 : Operation 24 [1/1] (0.00ns)   --->   "%br_ln25158 = br void %for.inc" [/home/silvenchen/Desktop/DitBlock/WorkDCT/DitBlock/kernel.cpp:25158]   --->   Operation 24 'br' 'br_ln25158' <Predicate = true> <Delay = 0.00>


============================================================
+ Verbose Summary: Binding
============================================================
STG Binding: 
---------------- STG Properties BEGIN ----------------
- Is combinational: 0
- Is one-state seq: 0
- Is datapath-only: 0
- Is pipelined: 0
- Is top level: 0
Port [ Return ] is wired: 1; IO mode=ap_ctrl_hs:ce=0
Port [ v13546]:  wired=1; compound=1; hidden=0; nouse=0; global=0; static=0; extern=0; dir=0; type=1; pingpong=0; private_global=0; MemPort=[13]; IO mode=ap_memory:ce=0
Port [ buffer_c_0]:  wired=1; compound=1; hidden=0; nouse=0; global=0; static=0; extern=0; dir=1; type=1; pingpong=0; private_global=0; MemPort=[03]; IO mode=ap_memory:ce=0
---------------- STG Properties END ------------------

---------------- Datapath Model BEGIN ----------------

<LifeTime>
<method=bitvector/>
j                         (alloca           ) [ 010]
specinterface_ln0         (specinterface    ) [ 000]
store_ln25158             (store            ) [ 000]
br_ln0                    (br               ) [ 000]
j_1                       (load             ) [ 000]
icmp_ln25158              (icmp             ) [ 010]
add_ln25158               (add              ) [ 000]
br_ln25158                (br               ) [ 000]
zext_ln25158              (zext             ) [ 011]
v13546_addr               (getelementptr    ) [ 011]
store_ln25158             (store            ) [ 000]
specpipeline_ln25158      (specpipeline     ) [ 000]
speclooptripcount_ln25158 (speclooptripcount) [ 000]
specloopname_ln25158      (specloopname     ) [ 000]
v13546_load               (load             ) [ 000]
bitcast_ln25159           (bitcast          ) [ 000]
buffer_c_0_addr           (getelementptr    ) [ 000]
store_ln25159             (store            ) [ 000]
br_ln25158                (br               ) [ 000]
ret_ln0                   (ret              ) [ 000]
</LifeTime>

<model>

<comp_list>
<comp id="0" class="1000" name="v13546">
<pin_list>
<pin id="1" dir="1" index="0" bw="1" slack="0"/>
</pin_list>
<bind>
<StgValue><ssdm name="v13546"/><MemPortTyVec>1 3 </MemPortTyVec>
</StgValue>
</bind>
</comp>

<comp id="2" class="1000" name="buffer_c_0">
<pin_list>
<pin id="3" dir="1" index="0" bw="1" slack="0"/>
</pin_list>
<bind>
<StgValue><ssdm name="buffer_c_0"/><MemPortTyVec>0 3 </MemPortTyVec>
</StgValue>
</bind>
</comp>

<comp id="4" class="1001" name="const_4">
<pin_list>
<pin id="5" dir="1" index="0" bw="1" slack="0"/>
</pin_list>
<bind>
<StgValue><ssdm name=""/></StgValue>
</bind>
</comp>

<comp id="6" class="1001" name="const_6">
<pin_list>
<pin id="7" dir="1" index="0" bw="1" slack="2147483647"/>
</pin_list>
<bind>
<StgValue><ssdm name="_ssdm_op_SpecInterface"/></StgValue>
</bind>
</comp>

<comp id="8" class="1001" name="const_8">
<pin_list>
<pin id="9" dir="1" index="0" bw="1" slack="2147483647"/>
</pin_list>
<bind>
<StgValue><ssdm name="empty_201"/></StgValue>
</bind>
</comp>

<comp id="10" class="1001" name="const_10">
<pin_list>
<pin id="11" dir="1" index="0" bw="1" slack="2147483647"/>
</pin_list>
<bind>
<StgValue><ssdm name=""/></StgValue>
</bind>
</comp>

<comp id="12" class="1001" name="const_12">
<pin_list>
<pin id="13" dir="1" index="0" bw="1" slack="2147483647"/>
</pin_list>
<bind>
<StgValue><ssdm name="empty_191"/></StgValue>
</bind>
</comp>

<comp id="14" class="1001" name="const_14">
<pin_list>
<pin id="15" dir="1" index="0" bw="1" slack="2147483647"/>
</pin_list>
<bind>
<StgValue><ssdm name=""/></StgValue>
</bind>
</comp>

<comp id="16" class="1001" name="const_16">
<pin_list>
<pin id="17" dir="1" index="0" bw="1" slack="0"/>
</pin_list>
<bind>
<StgValue><ssdm name=""/></StgValue>
</bind>
</comp>

<comp id="18" class="1001" name="const_18">
<pin_list>
<pin id="19" dir="1" index="0" bw="1" slack="0"/>
</pin_list>
<bind>
<StgValue><ssdm name=""/></StgValue>
</bind>
</comp>

<comp id="20" class="1001" name="const_20">
<pin_list>
<pin id="21" dir="1" index="0" bw="1" slack="0"/>
</pin_list>
<bind>
<StgValue><ssdm name=""/></StgValue>
</bind>
</comp>

<comp id="22" class="1001" name="const_22">
<pin_list>
<pin id="23" dir="1" index="0" bw="1" slack="0"/>
</pin_list>
<bind>
<StgValue><ssdm name=""/></StgValue>
</bind>
</comp>

<comp id="24" class="1001" name="const_24">
<pin_list>
<pin id="25" dir="1" index="0" bw="1" slack="2147483647"/>
</pin_list>
<bind>
<StgValue><ssdm name="_ssdm_op_SpecPipeline"/></StgValue>
</bind>
</comp>

<comp id="26" class="1001" name="const_26">
<pin_list>
<pin id="27" dir="1" index="0" bw="1" slack="2147483647"/>
</pin_list>
<bind>
<StgValue><ssdm name="_ssdm_op_SpecLoopTripCount"/></StgValue>
</bind>
</comp>

<comp id="28" class="1001" name="const_28">
<pin_list>
<pin id="29" dir="1" index="0" bw="1" slack="2147483647"/>
</pin_list>
<bind>
<StgValue><ssdm name=""/></StgValue>
</bind>
</comp>

<comp id="30" class="1001" name="const_30">
<pin_list>
<pin id="31" dir="1" index="0" bw="1" slack="2147483647"/>
</pin_list>
<bind>
<StgValue><ssdm name="_ssdm_op_SpecLoopName"/></StgValue>
</bind>
</comp>

<comp id="32" class="1001" name="const_32">
<pin_list>
<pin id="33" dir="1" index="0" bw="1" slack="2147483647"/>
</pin_list>
<bind>
<StgValue><ssdm name="empty_189"/></StgValue>
</bind>
</comp>

<comp id="34" class="1004" name="j_fu_34">
<pin_list>
<pin id="35" dir="0" index="0" bw="1" slack="0"/>
<pin id="36" dir="1" index="1" bw="8" slack="0"/>
</pin_list>
<bind>
<opcode="alloca(26) " fcode="alloca"/>
<opset="j/1 "/>
</bind>
</comp>

<comp id="38" class="1004" name="v13546_addr_gep_fu_38">
<pin_list>
<pin id="39" dir="0" index="0" bw="32" slack="0"/>
<pin id="40" dir="0" index="1" bw="1" slack="0"/>
<pin id="41" dir="0" index="2" bw="8" slack="0"/>
<pin id="42" dir="1" index="3" bw="7" slack="0"/>
</pin_list>
<bind>
<opcode="getelementptr(29) " fcode="getelementptr"/>
<opset="v13546_addr/1 "/>
</bind>
</comp>

<comp id="45" class="1004" name="grp_access_fu_45">
<pin_list>
<pin id="46" dir="0" index="0" bw="7" slack="0"/>
<pin id="47" dir="0" index="1" bw="32" slack="2147483647"/>
<pin id="48" dir="0" index="2" bw="0" slack="2147483647"/>
<pin id="49" dir="1" index="3" bw="32" slack="0"/>
</pin_list>
<bind>
<opcode="load(27) " fcode="load"/>
<opset="v13546_load/1 "/>
</bind>
</comp>

<comp id="51" class="1004" name="buffer_c_0_addr_gep_fu_51">
<pin_list>
<pin id="52" dir="0" index="0" bw="32" slack="0"/>
<pin id="53" dir="0" index="1" bw="1" slack="0"/>
<pin id="54" dir="0" index="2" bw="8" slack="1"/>
<pin id="55" dir="1" index="3" bw="7" slack="0"/>
</pin_list>
<bind>
<opcode="getelementptr(29) " fcode="getelementptr"/>
<opset="buffer_c_0_addr/2 "/>
</bind>
</comp>

<comp id="58" class="1004" name="store_ln25159_access_fu_58">
<pin_list>
<pin id="59" dir="0" index="0" bw="7" slack="0"/>
<pin id="60" dir="0" index="1" bw="32" slack="0"/>
<pin id="61" dir="0" index="2" bw="0" slack="2147483647"/>
<pin id="62" dir="1" index="3" bw="32" slack="2147483647"/>
</pin_list>
<bind>
<opcode="store(28) " fcode="store"/>
<opset="store_ln25159/2 "/>
</bind>
</comp>

<comp id="64" class="1004" name="store_ln25158_store_fu_64">
<pin_list>
<pin id="65" dir="0" index="0" bw="1" slack="0"/>
<pin id="66" dir="0" index="1" bw="8" slack="0"/>
<pin id="67" dir="1" index="2" bw="0" slack="2147483647"/>
</pin_list>
<bind>
<opcode="store(28) " fcode="store"/>
<opset="store_ln25158/1 "/>
</bind>
</comp>

<comp id="69" class="1004" name="j_1_load_fu_69">
<pin_list>
<pin id="70" dir="0" index="0" bw="8" slack="0"/>
<pin id="71" dir="1" index="1" bw="8" slack="0"/>
</pin_list>
<bind>
<opcode="load(27) " fcode="load"/>
<opset="j_1/1 "/>
</bind>
</comp>

<comp id="72" class="1004" name="icmp_ln25158_fu_72">
<pin_list>
<pin id="73" dir="0" index="0" bw="8" slack="0"/>
<pin id="74" dir="0" index="1" bw="8" slack="0"/>
<pin id="75" dir="1" index="2" bw="1" slack="2147483647"/>
</pin_list>
<bind>
<opcode="icmp(45) " fcode="icmp"/>
<opset="icmp_ln25158/1 "/>
</bind>
</comp>

<comp id="78" class="1004" name="add_ln25158_fu_78">
<pin_list>
<pin id="79" dir="0" index="0" bw="8" slack="0"/>
<pin id="80" dir="0" index="1" bw="1" slack="0"/>
<pin id="81" dir="1" index="2" bw="8" slack="0"/>
</pin_list>
<bind>
<opcode="add(8) " fcode="add"/>
<opset="add_ln25158/1 "/>
</bind>
</comp>

<comp id="84" class="1004" name="zext_ln25158_fu_84">
<pin_list>
<pin id="85" dir="0" index="0" bw="8" slack="0"/>
<pin id="86" dir="1" index="1" bw="64" slack="0"/>
</pin_list>
<bind>
<opcode="zext(34) " fcode="zext"/>
<opset="zext_ln25158/1 "/>
</bind>
</comp>

<comp id="89" class="1004" name="store_ln25158_store_fu_89">
<pin_list>
<pin id="90" dir="0" index="0" bw="8" slack="0"/>
<pin id="91" dir="0" index="1" bw="8" slack="0"/>
<pin id="92" dir="1" index="2" bw="0" slack="2147483647"/>
</pin_list>
<bind>
<opcode="store(28) " fcode="store"/>
<opset="store_ln25158/1 "/>
</bind>
</comp>

<comp id="94" class="1004" name="bitcast_ln25159_fu_94">
<pin_list>
<pin id="95" dir="0" index="0" bw="32" slack="0"/>
<pin id="96" dir="1" index="1" bw="32" slack="0"/>
</pin_list>
<bind>
<opcode="bitcast(44) " fcode="bitcast"/>
<opset="bitcast_ln25159/2 "/>
</bind>
</comp>

<comp id="99" class="1005" name="j_reg_99">
<pin_list>
<pin id="100" dir="0" index="0" bw="8" slack="0"/>
<pin id="101" dir="1" index="1" bw="8" slack="0"/>
</pin_list>
<bind>
<opset="j "/>
</bind>
</comp>

<comp id="109" class="1005" name="zext_ln25158_reg_109">
<pin_list>
<pin id="110" dir="0" index="0" bw="64" slack="1"/>
<pin id="111" dir="1" index="1" bw="64" slack="1"/>
</pin_list>
<bind>
<opset="zext_ln25158 "/>
</bind>
</comp>

<comp id="114" class="1005" name="v13546_addr_reg_114">
<pin_list>
<pin id="115" dir="0" index="0" bw="7" slack="1"/>
<pin id="116" dir="1" index="1" bw="7" slack="1"/>
</pin_list>
<bind>
<opset="v13546_addr "/>
</bind>
</comp>

</comp_list>

<net_list>
<net id="37"><net_src comp="4" pin="0"/><net_sink comp="34" pin=0"/></net>

<net id="43"><net_src comp="0" pin="0"/><net_sink comp="38" pin=0"/></net>

<net id="44"><net_src comp="22" pin="0"/><net_sink comp="38" pin=1"/></net>

<net id="50"><net_src comp="38" pin="3"/><net_sink comp="45" pin=0"/></net>

<net id="56"><net_src comp="2" pin="0"/><net_sink comp="51" pin=0"/></net>

<net id="57"><net_src comp="22" pin="0"/><net_sink comp="51" pin=1"/></net>

<net id="63"><net_src comp="51" pin="3"/><net_sink comp="58" pin=0"/></net>

<net id="68"><net_src comp="16" pin="0"/><net_sink comp="64" pin=0"/></net>

<net id="76"><net_src comp="69" pin="1"/><net_sink comp="72" pin=0"/></net>

<net id="77"><net_src comp="18" pin="0"/><net_sink comp="72" pin=1"/></net>

<net id="82"><net_src comp="69" pin="1"/><net_sink comp="78" pin=0"/></net>

<net id="83"><net_src comp="20" pin="0"/><net_sink comp="78" pin=1"/></net>

<net id="87"><net_src comp="69" pin="1"/><net_sink comp="84" pin=0"/></net>

<net id="88"><net_src comp="84" pin="1"/><net_sink comp="38" pin=2"/></net>

<net id="93"><net_src comp="78" pin="2"/><net_sink comp="89" pin=0"/></net>

<net id="97"><net_src comp="45" pin="3"/><net_sink comp="94" pin=0"/></net>

<net id="98"><net_src comp="94" pin="1"/><net_sink comp="58" pin=1"/></net>

<net id="102"><net_src comp="34" pin="1"/><net_sink comp="99" pin=0"/></net>

<net id="103"><net_src comp="99" pin="1"/><net_sink comp="64" pin=1"/></net>

<net id="104"><net_src comp="99" pin="1"/><net_sink comp="69" pin=0"/></net>

<net id="105"><net_src comp="99" pin="1"/><net_sink comp="89" pin=1"/></net>

<net id="112"><net_src comp="84" pin="1"/><net_sink comp="109" pin=0"/></net>

<net id="113"><net_src comp="109" pin="1"/><net_sink comp="51" pin=2"/></net>

<net id="117"><net_src comp="38" pin="3"/><net_sink comp="114" pin=0"/></net>

<net id="118"><net_src comp="114" pin="1"/><net_sink comp="45" pin=0"/></net>

</net_list>

</model> 
---------------- Datapath Model END ------------------

* FSMD analyzer results:
  - Output states:
	Port: v13546 | {}
	Port: buffer_c_0 | {2 }
 - Input state : 
	Port: allo_DDitBlock_Pipeline_VITIS_LOOP_25158_2 : v13546 | {1 2 }
  - Chain level:
	State 1
		store_ln25158 : 1
		j_1 : 1
		icmp_ln25158 : 2
		add_ln25158 : 2
		br_ln25158 : 3
		zext_ln25158 : 2
		v13546_addr : 3
		v13546_load : 4
		store_ln25158 : 3
	State 2
		bitcast_ln25159 : 1
		store_ln25159 : 2


============================================================
+ Verbose Summary: Datapath Resource usage 
============================================================

* Functional unit list:
|----------|--------------------|---------|---------|
| Operation|   Functional Unit  |    FF   |   LUT   |
|----------|--------------------|---------|---------|
|   icmp   | icmp_ln25158_fu_72 |    0    |    15   |
|----------|--------------------|---------|---------|
|    add   |  add_ln25158_fu_78 |    0    |    15   |
|----------|--------------------|---------|---------|
|   zext   | zext_ln25158_fu_84 |    0    |    0    |
|----------|--------------------|---------|---------|
|   Total  |                    |    0    |    30   |
|----------|--------------------|---------|---------|

Memories:
N/A

* Register list:
+--------------------+--------+
|                    |   FF   |
+--------------------+--------+
|      j_reg_99      |    8   |
| v13546_addr_reg_114|    7   |
|zext_ln25158_reg_109|   64   |
+--------------------+--------+
|        Total       |   79   |
+--------------------+--------+

* Multiplexer (MUX) list: 
|------------------|------|------|------|--------||---------||---------|
|       Comp       |  Pin | Size |  BW  | S x BW ||  Delay  ||   LUT   |
|------------------|------|------|------|--------||---------||---------|
| grp_access_fu_45 |  p0  |   2  |   7  |   14   ||    9    |
|------------------|------|------|------|--------||---------||---------|
|       Total      |      |      |      |   14   ||  0.387  ||    9    |
|------------------|------|------|------|--------||---------||---------|



* Summary:
+-----------+--------+--------+--------+
|           |  Delay |   FF   |   LUT  |
+-----------+--------+--------+--------+
|  Function |    -   |    0   |   30   |
|   Memory  |    -   |    -   |    -   |
|Multiplexer|    0   |    -   |    9   |
|  Register |    -   |   79   |    -   |
+-----------+--------+--------+--------+
|   Total   |    0   |   79   |   39   |
+-----------+--------+--------+--------+
