

================================================================
== Vitis HLS Report for 'allo_DDitBlock_Pipeline_VITIS_LOOP_25251_25_VITIS_LOOP_25252_26'
================================================================
* Date:           Mon Feb 17 20:36:24 2025

* Version:        2023.2 (Build 4023990 on Oct 11 2023)
* Project:        DitBlock
* Solution:       hls (Vivado IP Flow Target)
* Product family: virtexuplusHBM
* Target device:  xcu280-fsvh2892-2L-e


================================================================
== Performance Estimates
================================================================
+ Timing: 
    * Summary: 
    +--------+----------+----------+------------+
    |  Clock |  Target  | Estimated| Uncertainty|
    +--------+----------+----------+------------+
    |ap_clk  |  10.00 ns|  3.073 ns|     2.70 ns|
    +--------+----------+----------+------------+

+ Latency: 
    * Summary: 
    +---------+---------+----------+----------+--------+--------+---------+
    |  Latency (cycles) |  Latency (absolute) |     Interval    | Pipeline|
    |   min   |   max   |    min   |    max   |   min  |   max  |   Type  |
    +---------+---------+----------+----------+--------+--------+---------+
    |   262146|   262146|  2.621 ms|  2.621 ms|  262146|  262146|       no|
    +---------+---------+----------+----------+--------+--------+---------+

    + Detail: 
        * Instance: 
        N/A

        * Loop: 
        +-------------------------------------------+---------+---------+----------+-----------+-----------+--------+----------+
        |                                           |  Latency (cycles) | Iteration|  Initiation Interval  |  Trip  |          |
        |                 Loop Name                 |   min   |   max   |  Latency |  achieved |   target  |  Count | Pipelined|
        +-------------------------------------------+---------+---------+----------+-----------+-----------+--------+----------+
        |- VITIS_LOOP_25251_25_VITIS_LOOP_25252_26  |   262144|   262144|         2|          1|          1|  262144|       yes|
        +-------------------------------------------+---------+---------+----------+-----------+-----------+--------+----------+

============================================================
+ Verbose Summary: Synthesis Manager
============================================================
InlineROM: 1
ExposeGlobal: 0
============================================================
+ Verbose Summary: CDFG Model
============================================================
IsTopModel: 0
ResetActiveHigh: 1
IsCombinational: 0
IsDatapathOnly: 0
HasWiredReturn: 1
HasMFsm: 2
HasVarLatency: 1
IsPipeline: 0
IsRtlPipelined: 0
IsInstanceOverlapped: 0
IsDontTouch: 0
HasImplIP: 0
IsGatedGlobalClock: 0

+ Individual pipeline summary: 
  * Pipeline-0: initiation interval (II) = 1, depth = 3


============================================================
+ Verbose Summary: Schedule
============================================================
* Number of FSM states : 3
* Pipeline : 1
  Pipeline-0 : II = 1, D = 3, States = { 1 2 3 }
* Dataflow Pipeline: 0

* FSM state transitions: 
1 --> 2 
2 --> 3 
3 --> 

* FSM state operations: 

State 1 <SV = 0> <Delay = 0.38>
ST_1 : Operation 5 [1/1] (0.00ns)   --->   "%j = alloca i32 1" [/home/silvenchen/Desktop/DitBlock/WorkDCT/DitBlock/kernel.cpp:25252]   --->   Operation 5 'alloca' 'j' <Predicate = true> <Delay = 0.00>
ST_1 : Operation 6 [1/1] (0.00ns)   --->   "%i = alloca i32 1" [/home/silvenchen/Desktop/DitBlock/WorkDCT/DitBlock/kernel.cpp:25251]   --->   Operation 6 'alloca' 'i' <Predicate = true> <Delay = 0.00>
ST_1 : Operation 7 [1/1] (0.00ns)   --->   "%indvar_flatten62 = alloca i32 1"   --->   Operation 7 'alloca' 'indvar_flatten62' <Predicate = true> <Delay = 0.00>
ST_1 : Operation 8 [1/1] (0.00ns)   --->   "%specinterface_ln0 = specinterface void @_ssdm_op_SpecInterface, i32 %v13544, void @empty_201, i32 0, i32 0, void @empty_191, i32 4294967295, i32 0, void @empty_191, void @empty_191, void @empty_191, i32 0, i32 0, i32 0, i32 0, void @empty_191, void @empty_191, i32 4294967295, i32 0"   --->   Operation 8 'specinterface' 'specinterface_ln0' <Predicate = true> <Delay = 0.00>
ST_1 : Operation 9 [1/1] (0.38ns)   --->   "%store_ln0 = store i19 0, i19 %indvar_flatten62"   --->   Operation 9 'store' 'store_ln0' <Predicate = true> <Delay = 0.38>
ST_1 : Operation 10 [1/1] (0.38ns)   --->   "%store_ln25251 = store i10 0, i10 %i" [/home/silvenchen/Desktop/DitBlock/WorkDCT/DitBlock/kernel.cpp:25251]   --->   Operation 10 'store' 'store_ln25251' <Predicate = true> <Delay = 0.38>
ST_1 : Operation 11 [1/1] (0.38ns)   --->   "%store_ln25252 = store i10 0, i10 %j" [/home/silvenchen/Desktop/DitBlock/WorkDCT/DitBlock/kernel.cpp:25252]   --->   Operation 11 'store' 'store_ln25252' <Predicate = true> <Delay = 0.38>
ST_1 : Operation 12 [1/1] (0.00ns)   --->   "%br_ln0 = br void %for.inc326"   --->   Operation 12 'br' 'br_ln0' <Predicate = true> <Delay = 0.00>

State 2 <SV = 1> <Delay = 3.07>
ST_2 : Operation 13 [1/1] (0.00ns)   --->   "%indvar_flatten62_load = load i19 %indvar_flatten62" [/home/silvenchen/Desktop/DitBlock/WorkDCT/DitBlock/kernel.cpp:25251]   --->   Operation 13 'load' 'indvar_flatten62_load' <Predicate = true> <Delay = 0.00>
ST_2 : Operation 14 [1/1] (0.80ns)   --->   "%icmp_ln25251 = icmp_eq  i19 %indvar_flatten62_load, i19 262144" [/home/silvenchen/Desktop/DitBlock/WorkDCT/DitBlock/kernel.cpp:25251]   --->   Operation 14 'icmp' 'icmp_ln25251' <Predicate = true> <Delay = 0.80> <CoreInst = "Cmp">   --->   Core 9 'Cmp' <Latency = 0> <II = 1> <Delay = 0.80> <FuncUnit> <Opcode : 'icmp'> <InPorts = 2> <OutPorts = 1>
ST_2 : Operation 15 [1/1] (0.80ns)   --->   "%add_ln25251_1 = add i19 %indvar_flatten62_load, i19 1" [/home/silvenchen/Desktop/DitBlock/WorkDCT/DitBlock/kernel.cpp:25251]   --->   Operation 15 'add' 'add_ln25251_1' <Predicate = true> <Delay = 0.80> <CoreInst = "Adder">   --->   Core 1 'Adder' <Latency = 0> <II = 1> <Delay = 0.80> <FuncUnit> <Opcode : 'add' 'sub'> <InPorts = 2> <OutPorts = 1>
ST_2 : Operation 16 [1/1] (0.00ns)   --->   "%br_ln25251 = br i1 %icmp_ln25251, void %for.inc329, void %for.end331.exitStub" [/home/silvenchen/Desktop/DitBlock/WorkDCT/DitBlock/kernel.cpp:25251]   --->   Operation 16 'br' 'br_ln25251' <Predicate = true> <Delay = 0.00>
ST_2 : Operation 17 [1/1] (0.00ns)   --->   "%j_load = load i10 %j" [/home/silvenchen/Desktop/DitBlock/WorkDCT/DitBlock/kernel.cpp:25252]   --->   Operation 17 'load' 'j_load' <Predicate = (!icmp_ln25251)> <Delay = 0.00>
ST_2 : Operation 18 [1/1] (0.00ns)   --->   "%i_load = load i10 %i" [/home/silvenchen/Desktop/DitBlock/WorkDCT/DitBlock/kernel.cpp:25251]   --->   Operation 18 'load' 'i_load' <Predicate = (!icmp_ln25251)> <Delay = 0.00>
ST_2 : Operation 19 [1/1] (0.72ns)   --->   "%add_ln25251 = add i10 %i_load, i10 1" [/home/silvenchen/Desktop/DitBlock/WorkDCT/DitBlock/kernel.cpp:25251]   --->   Operation 19 'add' 'add_ln25251' <Predicate = (!icmp_ln25251)> <Delay = 0.72> <CoreInst = "Adder">   --->   Core 1 'Adder' <Latency = 0> <II = 1> <Delay = 0.72> <FuncUnit> <Opcode : 'add' 'sub'> <InPorts = 2> <OutPorts = 1>
ST_2 : Operation 20 [1/1] (0.72ns)   --->   "%icmp_ln25252 = icmp_eq  i10 %j_load, i10 512" [/home/silvenchen/Desktop/DitBlock/WorkDCT/DitBlock/kernel.cpp:25252]   --->   Operation 20 'icmp' 'icmp_ln25252' <Predicate = (!icmp_ln25251)> <Delay = 0.72> <CoreInst = "Cmp">   --->   Core 9 'Cmp' <Latency = 0> <II = 1> <Delay = 0.72> <FuncUnit> <Opcode : 'icmp'> <InPorts = 2> <OutPorts = 1>
ST_2 : Operation 21 [1/1] (0.30ns)   --->   "%select_ln25251 = select i1 %icmp_ln25252, i10 0, i10 %j_load" [/home/silvenchen/Desktop/DitBlock/WorkDCT/DitBlock/kernel.cpp:25251]   --->   Operation 21 'select' 'select_ln25251' <Predicate = (!icmp_ln25251)> <Delay = 0.30> <CoreInst = "Sel">   --->   Core 73 'Sel' <Latency = 0> <II = 1> <Delay = 0.30> <FuncUnit> <Opcode : 'select'> <InPorts = 3> <OutPorts = 1>
ST_2 : Operation 22 [1/1] (0.30ns)   --->   "%select_ln25251_1 = select i1 %icmp_ln25252, i10 %add_ln25251, i10 %i_load" [/home/silvenchen/Desktop/DitBlock/WorkDCT/DitBlock/kernel.cpp:25251]   --->   Operation 22 'select' 'select_ln25251_1' <Predicate = (!icmp_ln25251)> <Delay = 0.30> <CoreInst = "Sel">   --->   Core 73 'Sel' <Latency = 0> <II = 1> <Delay = 0.30> <FuncUnit> <Opcode : 'select'> <InPorts = 3> <OutPorts = 1>
ST_2 : Operation 23 [1/1] (0.00ns)   --->   "%trunc_ln25253 = trunc i10 %select_ln25251_1" [/home/silvenchen/Desktop/DitBlock/WorkDCT/DitBlock/kernel.cpp:25253]   --->   Operation 23 'trunc' 'trunc_ln25253' <Predicate = (!icmp_ln25251)> <Delay = 0.00>
ST_2 : Operation 24 [1/1] (0.00ns)   --->   "%tmp_s = bitconcatenate i18 @_ssdm_op_BitConcatenate.i18.i9.i9, i9 %trunc_ln25253, i9 0" [/home/silvenchen/Desktop/DitBlock/WorkDCT/DitBlock/kernel.cpp:25253]   --->   Operation 24 'bitconcatenate' 'tmp_s' <Predicate = (!icmp_ln25251)> <Delay = 0.00>
ST_2 : Operation 25 [1/1] (0.00ns)   --->   "%zext_ln25253 = zext i10 %select_ln25251" [/home/silvenchen/Desktop/DitBlock/WorkDCT/DitBlock/kernel.cpp:25253]   --->   Operation 25 'zext' 'zext_ln25253' <Predicate = (!icmp_ln25251)> <Delay = 0.00>
ST_2 : Operation 26 [1/1] (0.79ns)   --->   "%add_ln25253 = add i18 %tmp_s, i18 %zext_ln25253" [/home/silvenchen/Desktop/DitBlock/WorkDCT/DitBlock/kernel.cpp:25253]   --->   Operation 26 'add' 'add_ln25253' <Predicate = (!icmp_ln25251)> <Delay = 0.79> <CoreInst = "Adder">   --->   Core 1 'Adder' <Latency = 0> <II = 1> <Delay = 0.79> <FuncUnit> <Opcode : 'add' 'sub'> <InPorts = 2> <OutPorts = 1>
ST_2 : Operation 27 [1/1] (0.00ns)   --->   "%zext_ln25253_1 = zext i18 %add_ln25253" [/home/silvenchen/Desktop/DitBlock/WorkDCT/DitBlock/kernel.cpp:25253]   --->   Operation 27 'zext' 'zext_ln25253_1' <Predicate = (!icmp_ln25251)> <Delay = 0.00>
ST_2 : Operation 28 [1/1] (0.00ns)   --->   "%v13544_addr = getelementptr i32 %v13544, i64 0, i64 %zext_ln25253_1" [/home/silvenchen/Desktop/DitBlock/WorkDCT/DitBlock/kernel.cpp:25253]   --->   Operation 28 'getelementptr' 'v13544_addr' <Predicate = (!icmp_ln25251)> <Delay = 0.00>
ST_2 : Operation 29 [2/2] (1.24ns)   --->   "%v13544_load = load i18 %v13544_addr" [/home/silvenchen/Desktop/DitBlock/WorkDCT/DitBlock/kernel.cpp:25253]   --->   Operation 29 'load' 'v13544_load' <Predicate = (!icmp_ln25251)> <Delay = 1.24> <CoreInst = "RAM">   --->   Core 83 'RAM' <Latency = 1> <II = 1> <Delay = 1.24> <Storage> <Opcode : 'load' 'store'> <Ports = 2> <Width = 32> <Depth = 262144> <RAM>
ST_2 : Operation 30 [1/1] (0.72ns)   --->   "%add_ln25252 = add i10 %select_ln25251, i10 1" [/home/silvenchen/Desktop/DitBlock/WorkDCT/DitBlock/kernel.cpp:25252]   --->   Operation 30 'add' 'add_ln25252' <Predicate = (!icmp_ln25251)> <Delay = 0.72> <CoreInst = "Adder">   --->   Core 1 'Adder' <Latency = 0> <II = 1> <Delay = 0.72> <FuncUnit> <Opcode : 'add' 'sub'> <InPorts = 2> <OutPorts = 1>
ST_2 : Operation 31 [1/1] (0.38ns)   --->   "%store_ln25251 = store i19 %add_ln25251_1, i19 %indvar_flatten62" [/home/silvenchen/Desktop/DitBlock/WorkDCT/DitBlock/kernel.cpp:25251]   --->   Operation 31 'store' 'store_ln25251' <Predicate = (!icmp_ln25251)> <Delay = 0.38>
ST_2 : Operation 32 [1/1] (0.38ns)   --->   "%store_ln25251 = store i10 %select_ln25251_1, i10 %i" [/home/silvenchen/Desktop/DitBlock/WorkDCT/DitBlock/kernel.cpp:25251]   --->   Operation 32 'store' 'store_ln25251' <Predicate = (!icmp_ln25251)> <Delay = 0.38>
ST_2 : Operation 33 [1/1] (0.38ns)   --->   "%store_ln25252 = store i10 %add_ln25252, i10 %j" [/home/silvenchen/Desktop/DitBlock/WorkDCT/DitBlock/kernel.cpp:25252]   --->   Operation 33 'store' 'store_ln25252' <Predicate = (!icmp_ln25251)> <Delay = 0.38>
ST_2 : Operation 42 [1/1] (0.00ns)   --->   "%ret_ln0 = ret"   --->   Operation 42 'ret' 'ret_ln0' <Predicate = (icmp_ln25251)> <Delay = 0.00>

State 3 <SV = 2> <Delay = 2.49>
ST_3 : Operation 34 [1/1] (0.00ns)   --->   "%specloopname_ln0 = specloopname void @_ssdm_op_SpecLoopName, void @VITIS_LOOP_25251_25_VITIS_LOOP_25252_26_str"   --->   Operation 34 'specloopname' 'specloopname_ln0' <Predicate = true> <Delay = 0.00>
ST_3 : Operation 35 [1/1] (0.00ns)   --->   "%speclooptripcount_ln0 = speclooptripcount void @_ssdm_op_SpecLoopTripCount, i64 262144, i64 262144, i64 262144"   --->   Operation 35 'speclooptripcount' 'speclooptripcount_ln0' <Predicate = true> <Delay = 0.00>
ST_3 : Operation 36 [1/1] (0.00ns)   --->   "%buffer_w_addr = getelementptr i32 %buffer_w, i64 0, i64 %zext_ln25253_1" [/home/silvenchen/Desktop/DitBlock/WorkDCT/DitBlock/kernel.cpp:25253]   --->   Operation 36 'getelementptr' 'buffer_w_addr' <Predicate = true> <Delay = 0.00>
ST_3 : Operation 37 [1/1] (0.00ns)   --->   "%specpipeline_ln25252 = specpipeline void @_ssdm_op_SpecPipeline, i32 4294967295, i32 0, i32 0, i32 0, void @empty_191" [/home/silvenchen/Desktop/DitBlock/WorkDCT/DitBlock/kernel.cpp:25252]   --->   Operation 37 'specpipeline' 'specpipeline_ln25252' <Predicate = true> <Delay = 0.00>
ST_3 : Operation 38 [1/2] (1.24ns)   --->   "%v13544_load = load i18 %v13544_addr" [/home/silvenchen/Desktop/DitBlock/WorkDCT/DitBlock/kernel.cpp:25253]   --->   Operation 38 'load' 'v13544_load' <Predicate = true> <Delay = 1.24> <CoreInst = "RAM">   --->   Core 83 'RAM' <Latency = 1> <II = 1> <Delay = 1.24> <Storage> <Opcode : 'load' 'store'> <Ports = 2> <Width = 32> <Depth = 262144> <RAM>
ST_3 : Operation 39 [1/1] (0.00ns)   --->   "%bitcast_ln25253 = bitcast i32 %v13544_load" [/home/silvenchen/Desktop/DitBlock/WorkDCT/DitBlock/kernel.cpp:25253]   --->   Operation 39 'bitcast' 'bitcast_ln25253' <Predicate = true> <Delay = 0.00>
ST_3 : Operation 40 [1/1] (1.24ns)   --->   "%store_ln25253 = store i32 %bitcast_ln25253, i18 %buffer_w_addr" [/home/silvenchen/Desktop/DitBlock/WorkDCT/DitBlock/kernel.cpp:25253]   --->   Operation 40 'store' 'store_ln25253' <Predicate = true> <Delay = 1.24> <CoreInst = "RAM">   --->   Core 83 'RAM' <Latency = 1> <II = 1> <Delay = 1.24> <Storage> <Opcode : 'load' 'store'> <Ports = 2> <Width = 32> <Depth = 262144> <RAM>
ST_3 : Operation 41 [1/1] (0.00ns)   --->   "%br_ln25252 = br void %for.inc326" [/home/silvenchen/Desktop/DitBlock/WorkDCT/DitBlock/kernel.cpp:25252]   --->   Operation 41 'br' 'br_ln25252' <Predicate = true> <Delay = 0.00>


============================================================
+ Verbose Summary: Timing violations
============================================================
Target clock period: 10.000ns, clock uncertainty: 2.700ns.

 <State 1>: 0.387ns
The critical path consists of the following:
	'alloca' operation 19 bit ('indvar_flatten62') [5]  (0.000 ns)
	'store' operation 0 bit ('store_ln0') of constant 0 on local variable 'indvar_flatten62' [7]  (0.387 ns)

 <State 2>: 3.073ns
The critical path consists of the following:
	'load' operation 10 bit ('j_load', /home/silvenchen/Desktop/DitBlock/WorkDCT/DitBlock/kernel.cpp:25252) on local variable 'j', /home/silvenchen/Desktop/DitBlock/WorkDCT/DitBlock/kernel.cpp:25252 [17]  (0.000 ns)
	'icmp' operation 1 bit ('icmp_ln25252', /home/silvenchen/Desktop/DitBlock/WorkDCT/DitBlock/kernel.cpp:25252) [22]  (0.725 ns)
	'select' operation 10 bit ('select_ln25251', /home/silvenchen/Desktop/DitBlock/WorkDCT/DitBlock/kernel.cpp:25251) [23]  (0.303 ns)
	'add' operation 18 bit ('add_ln25253', /home/silvenchen/Desktop/DitBlock/WorkDCT/DitBlock/kernel.cpp:25253) [28]  (0.797 ns)
	'getelementptr' operation 18 bit ('v13544_addr', /home/silvenchen/Desktop/DitBlock/WorkDCT/DitBlock/kernel.cpp:25253) [30]  (0.000 ns)
	'load' operation 32 bit ('v13544_load', /home/silvenchen/Desktop/DitBlock/WorkDCT/DitBlock/kernel.cpp:25253) on array 'v13544' [33]  (1.248 ns)

 <State 3>: 2.496ns
The critical path consists of the following:
	'load' operation 32 bit ('v13544_load', /home/silvenchen/Desktop/DitBlock/WorkDCT/DitBlock/kernel.cpp:25253) on array 'v13544' [33]  (1.248 ns)
	'store' operation 0 bit ('store_ln25253', /home/silvenchen/Desktop/DitBlock/WorkDCT/DitBlock/kernel.cpp:25253) of variable 'bitcast_ln25253', /home/silvenchen/Desktop/DitBlock/WorkDCT/DitBlock/kernel.cpp:25253 on array 'buffer_w' [35]  (1.248 ns)


============================================================
+ Verbose Summary: Binding
============================================================
N/A
* FSMD analyzer results:
  - Output states:
 - Input state : 
  - Chain level:
	State 1
	State 2
	State 3


============================================================
+ Verbose Summary: Datapath Resource usage 
============================================================
N/A
