

================================================================
== Vitis HLS Report for 'allo_DDitBlock_Pipeline_VITIS_LOOP_25467_44'
================================================================
* Date:           Wed Feb  5 22:35:18 2025

* Version:        2023.2 (Build 4023990 on Oct 11 2023)
* Project:        DitBlock
* Solution:       hls (Vivado IP Flow Target)
* Product family: virtexuplusHBM
* Target device:  xcu280-fsvh2892-2L-e


================================================================
== Performance Estimates
================================================================
+ Timing: 
    * Summary: 
    +--------+----------+----------+------------+
    |  Clock |  Target  | Estimated| Uncertainty|
    +--------+----------+----------+------------+
    |ap_clk  |  10.00 ns|  2.392 ns|     2.70 ns|
    +--------+----------+----------+------------+

+ Latency: 
    * Summary: 
    +---------+---------+----------+----------+-----+-----+---------+
    |  Latency (cycles) |  Latency (absolute) |  Interval | Pipeline|
    |   min   |   max   |    min   |    max   | min | max |   Type  |
    +---------+---------+----------+----------+-----+-----+---------+
    |      514|      514|  5.140 us|  5.140 us|  514|  514|       no|
    +---------+---------+----------+----------+-----+-----+---------+

    + Detail: 
        * Instance: 
        N/A

        * Loop: 
        +-----------------------+---------+---------+----------+-----------+-----------+------+----------+
        |                       |  Latency (cycles) | Iteration|  Initiation Interval  | Trip |          |
        |       Loop Name       |   min   |   max   |  Latency |  achieved |   target  | Count| Pipelined|
        +-----------------------+---------+---------+----------+-----------+-----------+------+----------+
        |- VITIS_LOOP_25467_44  |      512|      512|         2|          1|          1|   512|       yes|
        +-----------------------+---------+---------+----------+-----------+-----------+------+----------+

============================================================
+ Verbose Summary: Synthesis Manager
============================================================
InlineROM: 1
ExposeGlobal: 0
============================================================
+ Verbose Summary: CDFG Model
============================================================
IsTopModel: 0
ResetActiveHigh: 1
IsCombinational: 0
IsDatapathOnly: 0
HasWiredReturn: 1
HasMFsm: 2
HasVarLatency: 1
IsPipeline: 0
IsRtlPipelined: 0
IsInstanceOverlapped: 0
IsDontTouch: 0
HasImplIP: 0
IsGatedGlobalClock: 0

+ Individual pipeline summary: 
  * Pipeline-0: initiation interval (II) = 1, depth = 2


============================================================
+ Verbose Summary: Schedule
============================================================
* Number of FSM states : 2
* Pipeline : 1
  Pipeline-0 : II = 1, D = 2, States = { 1 2 }
* Dataflow Pipeline: 0

* FSM state transitions: 
1 --> 2 
2 --> 

* FSM state operations: 

State 1 <SV = 0> <Delay = 1.58>
ST_1 : Operation 5 [1/1] (0.00ns)   --->   "%i = alloca i32 1" [/home/silvenchen/Desktop/DitBlock/WorkDCT/DitBlock/kernel.cpp:25467]   --->   Operation 5 'alloca' 'i' <Predicate = true> <Delay = 0.00>
ST_1 : Operation 6 [1/1] (0.00ns)   --->   "%specinterface_ln0 = specinterface void @_ssdm_op_SpecInterface, i32 %v13560, void @empty_204, i32 0, i32 0, void @empty_219, i32 4294967295, i32 0, void @empty_219, void @empty_219, void @empty_219, i32 0, i32 0, i32 0, i32 0, void @empty_219, void @empty_219, i32 4294967295, i32 0"   --->   Operation 6 'specinterface' 'specinterface_ln0' <Predicate = true> <Delay = 0.00>
ST_1 : Operation 7 [1/1] (0.38ns)   --->   "%store_ln25467 = store i10 0, i10 %i" [/home/silvenchen/Desktop/DitBlock/WorkDCT/DitBlock/kernel.cpp:25467]   --->   Operation 7 'store' 'store_ln25467' <Predicate = true> <Delay = 0.38>
ST_1 : Operation 8 [1/1] (0.00ns)   --->   "%br_ln0 = br void %for.inc589"   --->   Operation 8 'br' 'br_ln0' <Predicate = true> <Delay = 0.00>
ST_1 : Operation 9 [1/1] (0.00ns)   --->   "%i_2 = load i10 %i" [/home/silvenchen/Desktop/DitBlock/WorkDCT/DitBlock/kernel.cpp:25467]   --->   Operation 9 'load' 'i_2' <Predicate = true> <Delay = 0.00>
ST_1 : Operation 10 [1/1] (0.72ns)   --->   "%icmp_ln25467 = icmp_eq  i10 %i_2, i10 512" [/home/silvenchen/Desktop/DitBlock/WorkDCT/DitBlock/kernel.cpp:25467]   --->   Operation 10 'icmp' 'icmp_ln25467' <Predicate = true> <Delay = 0.72> <CoreInst = "Cmp">   --->   Core 9 'Cmp' <Latency = 0> <II = 1> <Delay = 0.72> <FuncUnit> <Opcode : 'icmp'> <InPorts = 2> <OutPorts = 1>
ST_1 : Operation 11 [1/1] (0.72ns)   --->   "%add_ln25467 = add i10 %i_2, i10 1" [/home/silvenchen/Desktop/DitBlock/WorkDCT/DitBlock/kernel.cpp:25467]   --->   Operation 11 'add' 'add_ln25467' <Predicate = true> <Delay = 0.72> <CoreInst = "Adder">   --->   Core 1 'Adder' <Latency = 0> <II = 1> <Delay = 0.72> <FuncUnit> <Opcode : 'add' 'sub'> <InPorts = 2> <OutPorts = 1>
ST_1 : Operation 12 [1/1] (0.00ns)   --->   "%br_ln25467 = br i1 %icmp_ln25467, void %for.inc589.split, void %for.inc.i275.preheader.exitStub" [/home/silvenchen/Desktop/DitBlock/WorkDCT/DitBlock/kernel.cpp:25467]   --->   Operation 12 'br' 'br_ln25467' <Predicate = true> <Delay = 0.00>
ST_1 : Operation 13 [1/1] (0.00ns)   --->   "%zext_ln25467 = zext i10 %i_2" [/home/silvenchen/Desktop/DitBlock/WorkDCT/DitBlock/kernel.cpp:25467]   --->   Operation 13 'zext' 'zext_ln25467' <Predicate = (!icmp_ln25467)> <Delay = 0.00>
ST_1 : Operation 14 [1/1] (0.00ns)   --->   "%v13560_addr = getelementptr i32 %v13560, i64 0, i64 %zext_ln25467" [/home/silvenchen/Desktop/DitBlock/WorkDCT/DitBlock/kernel.cpp:25468]   --->   Operation 14 'getelementptr' 'v13560_addr' <Predicate = (!icmp_ln25467)> <Delay = 0.00>
ST_1 : Operation 15 [2/2] (1.19ns)   --->   "%v13560_load = load i9 %v13560_addr" [/home/silvenchen/Desktop/DitBlock/WorkDCT/DitBlock/kernel.cpp:25468]   --->   Operation 15 'load' 'v13560_load' <Predicate = (!icmp_ln25467)> <Delay = 1.19> <CoreInst = "RAM">   --->   Core 83 'RAM' <Latency = 1> <II = 1> <Delay = 1.19> <Storage> <Opcode : 'load' 'store'> <Ports = 2> <Width = 32> <Depth = 512> <RAM>
ST_1 : Operation 16 [1/1] (0.38ns)   --->   "%store_ln25467 = store i10 %add_ln25467, i10 %i" [/home/silvenchen/Desktop/DitBlock/WorkDCT/DitBlock/kernel.cpp:25467]   --->   Operation 16 'store' 'store_ln25467' <Predicate = (!icmp_ln25467)> <Delay = 0.38>
ST_1 : Operation 25 [1/1] (0.00ns)   --->   "%ret_ln0 = ret"   --->   Operation 25 'ret' 'ret_ln0' <Predicate = (icmp_ln25467)> <Delay = 0.00>

State 2 <SV = 1> <Delay = 2.39>
ST_2 : Operation 17 [1/1] (0.00ns)   --->   "%specpipeline_ln25467 = specpipeline void @_ssdm_op_SpecPipeline, i32 4294967295, i32 0, i32 0, i32 0, void @empty_219" [/home/silvenchen/Desktop/DitBlock/WorkDCT/DitBlock/kernel.cpp:25467]   --->   Operation 17 'specpipeline' 'specpipeline_ln25467' <Predicate = true> <Delay = 0.00>
ST_2 : Operation 18 [1/1] (0.00ns)   --->   "%speclooptripcount_ln25467 = speclooptripcount void @_ssdm_op_SpecLoopTripCount, i64 512, i64 512, i64 512" [/home/silvenchen/Desktop/DitBlock/WorkDCT/DitBlock/kernel.cpp:25467]   --->   Operation 18 'speclooptripcount' 'speclooptripcount_ln25467' <Predicate = true> <Delay = 0.00>
ST_2 : Operation 19 [1/1] (0.00ns)   --->   "%specloopname_ln25467 = specloopname void @_ssdm_op_SpecLoopName, void @empty_203" [/home/silvenchen/Desktop/DitBlock/WorkDCT/DitBlock/kernel.cpp:25467]   --->   Operation 19 'specloopname' 'specloopname_ln25467' <Predicate = true> <Delay = 0.00>
ST_2 : Operation 20 [1/2] (1.19ns)   --->   "%v13560_load = load i9 %v13560_addr" [/home/silvenchen/Desktop/DitBlock/WorkDCT/DitBlock/kernel.cpp:25468]   --->   Operation 20 'load' 'v13560_load' <Predicate = true> <Delay = 1.19> <CoreInst = "RAM">   --->   Core 83 'RAM' <Latency = 1> <II = 1> <Delay = 1.19> <Storage> <Opcode : 'load' 'store'> <Ports = 2> <Width = 32> <Depth = 512> <RAM>
ST_2 : Operation 21 [1/1] (0.00ns)   --->   "%bitcast_ln25468 = bitcast i32 %v13560_load" [/home/silvenchen/Desktop/DitBlock/WorkDCT/DitBlock/kernel.cpp:25468]   --->   Operation 21 'bitcast' 'bitcast_ln25468' <Predicate = true> <Delay = 0.00>
ST_2 : Operation 22 [1/1] (0.00ns)   --->   "%buffer0_addr = getelementptr i32 %buffer0, i64 0, i64 %zext_ln25467" [/home/silvenchen/Desktop/DitBlock/WorkDCT/DitBlock/kernel.cpp:25468]   --->   Operation 22 'getelementptr' 'buffer0_addr' <Predicate = true> <Delay = 0.00>
ST_2 : Operation 23 [1/1] (1.19ns)   --->   "%store_ln25468 = store i32 %bitcast_ln25468, i9 %buffer0_addr" [/home/silvenchen/Desktop/DitBlock/WorkDCT/DitBlock/kernel.cpp:25468]   --->   Operation 23 'store' 'store_ln25468' <Predicate = true> <Delay = 1.19> <CoreInst = "RAM">   --->   Core 83 'RAM' <Latency = 1> <II = 1> <Delay = 1.19> <Storage> <Opcode : 'load' 'store'> <Ports = 2> <Width = 32> <Depth = 512> <RAM>
ST_2 : Operation 24 [1/1] (0.00ns)   --->   "%br_ln25467 = br void %for.inc589" [/home/silvenchen/Desktop/DitBlock/WorkDCT/DitBlock/kernel.cpp:25467]   --->   Operation 24 'br' 'br_ln25467' <Predicate = true> <Delay = 0.00>


============================================================
+ Verbose Summary: Timing violations
============================================================
Target clock period: 10.000ns, clock uncertainty: 2.700ns.

 <State 1>: 1.583ns
The critical path consists of the following:
	'store' operation 0 bit ('store_ln25467', /home/silvenchen/Desktop/DitBlock/WorkDCT/DitBlock/kernel.cpp:25467) of constant 0 on local variable 'i', /home/silvenchen/Desktop/DitBlock/WorkDCT/DitBlock/kernel.cpp:25467 [5]  (0.387 ns)
	'load' operation 10 bit ('i', /home/silvenchen/Desktop/DitBlock/WorkDCT/DitBlock/kernel.cpp:25467) on local variable 'i', /home/silvenchen/Desktop/DitBlock/WorkDCT/DitBlock/kernel.cpp:25467 [8]  (0.000 ns)
	'getelementptr' operation 9 bit ('v13560_addr', /home/silvenchen/Desktop/DitBlock/WorkDCT/DitBlock/kernel.cpp:25468) [17]  (0.000 ns)
	'load' operation 32 bit ('v13560_load', /home/silvenchen/Desktop/DitBlock/WorkDCT/DitBlock/kernel.cpp:25468) on array 'v13560' [18]  (1.196 ns)

 <State 2>: 2.392ns
The critical path consists of the following:
	'load' operation 32 bit ('v13560_load', /home/silvenchen/Desktop/DitBlock/WorkDCT/DitBlock/kernel.cpp:25468) on array 'v13560' [18]  (1.196 ns)
	'store' operation 0 bit ('store_ln25468', /home/silvenchen/Desktop/DitBlock/WorkDCT/DitBlock/kernel.cpp:25468) of variable 'bitcast_ln25468', /home/silvenchen/Desktop/DitBlock/WorkDCT/DitBlock/kernel.cpp:25468 on array 'buffer0' [21]  (1.196 ns)


============================================================
+ Verbose Summary: Binding
============================================================
N/A
* FSMD analyzer results:
  - Output states:
 - Input state : 
  - Chain level:
	State 1
	State 2


============================================================
+ Verbose Summary: Datapath Resource usage 
============================================================
N/A
