

================================================================
== Vitis HLS Report for 'allo_DDitBlock_Pipeline_VITIS_LOOP_25364_21_VITIS_LOOP_25365_22'
================================================================
* Date:           Wed Feb  5 22:34:02 2025

* Version:        2023.2 (Build 4023990 on Oct 11 2023)
* Project:        DitBlock
* Solution:       hls (Vivado IP Flow Target)
* Product family: virtexuplusHBM
* Target device:  xcu280-fsvh2892-2L-e


================================================================
== Performance Estimates
================================================================
+ Timing: 
    * Summary: 
    +--------+----------+----------+------------+
    |  Clock |  Target  | Estimated| Uncertainty|
    +--------+----------+----------+------------+
    |ap_clk  |  10.00 ns|  3.912 ns|     2.70 ns|
    +--------+----------+----------+------------+

+ Latency: 
    * Summary: 
    +---------+---------+----------+----------+--------+--------+---------+
    |  Latency (cycles) |  Latency (absolute) |     Interval    | Pipeline|
    |   min   |   max   |    min   |    max   |   min  |   max  |   Type  |
    +---------+---------+----------+----------+--------+--------+---------+
    |   524290|   524290|  5.243 ms|  5.243 ms|  524290|  524290|       no|
    +---------+---------+----------+----------+--------+--------+---------+

    + Detail: 
        * Instance: 
        N/A

        * Loop: 
        +-------------------------------------------+---------+---------+----------+-----------+-----------+--------+----------+
        |                                           |  Latency (cycles) | Iteration|  Initiation Interval  |  Trip  |          |
        |                 Loop Name                 |   min   |   max   |  Latency |  achieved |   target  |  Count | Pipelined|
        +-------------------------------------------+---------+---------+----------+-----------+-----------+--------+----------+
        |- VITIS_LOOP_25364_21_VITIS_LOOP_25365_22  |   524288|   524288|         2|          1|          1|  524288|       yes|
        +-------------------------------------------+---------+---------+----------+-----------+-----------+--------+----------+

============================================================
+ Verbose Summary: Synthesis Manager
============================================================
InlineROM: 1
ExposeGlobal: 0
============================================================
+ Verbose Summary: CDFG Model
============================================================
IsTopModel: 0
ResetActiveHigh: 1
IsCombinational: 0
IsDatapathOnly: 0
HasWiredReturn: 1
HasMFsm: 2
HasVarLatency: 1
IsPipeline: 0
IsRtlPipelined: 0
IsInstanceOverlapped: 0
IsDontTouch: 0
HasImplIP: 0
IsGatedGlobalClock: 0

+ Individual pipeline summary: 
  * Pipeline-0: initiation interval (II) = 1, depth = 3


============================================================
+ Verbose Summary: Schedule
============================================================
* Number of FSM states : 3
* Pipeline : 1
  Pipeline-0 : II = 1, D = 3, States = { 1 2 3 }
* Dataflow Pipeline: 0

* FSM state transitions: 
1 --> 2 
2 --> 3 
3 --> 

* FSM state operations: 

State 1 <SV = 0> <Delay = 0.38>
ST_1 : Operation 5 [1/1] (0.00ns)   --->   "%j = alloca i32 1" [/home/silvenchen/Desktop/DitBlock/WorkDCT/DitBlock/kernel.cpp:25365]   --->   Operation 5 'alloca' 'j' <Predicate = true> <Delay = 0.00>
ST_1 : Operation 6 [1/1] (0.00ns)   --->   "%i = alloca i32 1" [/home/silvenchen/Desktop/DitBlock/WorkDCT/DitBlock/kernel.cpp:25364]   --->   Operation 6 'alloca' 'i' <Predicate = true> <Delay = 0.00>
ST_1 : Operation 7 [1/1] (0.00ns)   --->   "%indvar_flatten41 = alloca i32 1"   --->   Operation 7 'alloca' 'indvar_flatten41' <Predicate = true> <Delay = 0.00>
ST_1 : Operation 8 [1/1] (0.00ns)   --->   "%specmemcore_ln0 = specmemcore void @_ssdm_op_SpecMemCore, i32 %buffer_x, i64 666, i64 24, i64 18446744073709551615"   --->   Operation 8 'specmemcore' 'specmemcore_ln0' <Predicate = true> <Delay = 0.00>
ST_1 : Operation 9 [1/1] (0.00ns)   --->   "%specinterface_ln0 = specinterface void @_ssdm_op_SpecInterface, i32 %v13538, void @empty_204, i32 0, i32 0, void @empty_219, i32 4294967295, i32 0, void @empty_219, void @empty_219, void @empty_219, i32 0, i32 0, i32 0, i32 0, void @empty_219, void @empty_219, i32 4294967295, i32 0"   --->   Operation 9 'specinterface' 'specinterface_ln0' <Predicate = true> <Delay = 0.00>
ST_1 : Operation 10 [1/1] (0.38ns)   --->   "%store_ln0 = store i20 0, i20 %indvar_flatten41"   --->   Operation 10 'store' 'store_ln0' <Predicate = true> <Delay = 0.38>
ST_1 : Operation 11 [1/1] (0.38ns)   --->   "%store_ln25364 = store i11 0, i11 %i" [/home/silvenchen/Desktop/DitBlock/WorkDCT/DitBlock/kernel.cpp:25364]   --->   Operation 11 'store' 'store_ln25364' <Predicate = true> <Delay = 0.38>
ST_1 : Operation 12 [1/1] (0.38ns)   --->   "%store_ln25365 = store i10 0, i10 %j" [/home/silvenchen/Desktop/DitBlock/WorkDCT/DitBlock/kernel.cpp:25365]   --->   Operation 12 'store' 'store_ln25365' <Predicate = true> <Delay = 0.38>
ST_1 : Operation 13 [1/1] (0.00ns)   --->   "%br_ln0 = br void %for.inc271"   --->   Operation 13 'br' 'br_ln0' <Predicate = true> <Delay = 0.00>

State 2 <SV = 1> <Delay = 3.08>
ST_2 : Operation 14 [1/1] (0.00ns)   --->   "%indvar_flatten41_load = load i20 %indvar_flatten41" [/home/silvenchen/Desktop/DitBlock/WorkDCT/DitBlock/kernel.cpp:25364]   --->   Operation 14 'load' 'indvar_flatten41_load' <Predicate = true> <Delay = 0.00>
ST_2 : Operation 15 [1/1] (0.80ns)   --->   "%icmp_ln25364 = icmp_eq  i20 %indvar_flatten41_load, i20 524288" [/home/silvenchen/Desktop/DitBlock/WorkDCT/DitBlock/kernel.cpp:25364]   --->   Operation 15 'icmp' 'icmp_ln25364' <Predicate = true> <Delay = 0.80> <CoreInst = "Cmp">   --->   Core 9 'Cmp' <Latency = 0> <II = 1> <Delay = 0.80> <FuncUnit> <Opcode : 'icmp'> <InPorts = 2> <OutPorts = 1>
ST_2 : Operation 16 [1/1] (0.80ns)   --->   "%add_ln25364_1 = add i20 %indvar_flatten41_load, i20 1" [/home/silvenchen/Desktop/DitBlock/WorkDCT/DitBlock/kernel.cpp:25364]   --->   Operation 16 'add' 'add_ln25364_1' <Predicate = true> <Delay = 0.80> <CoreInst = "Adder">   --->   Core 1 'Adder' <Latency = 0> <II = 1> <Delay = 0.80> <FuncUnit> <Opcode : 'add' 'sub'> <InPorts = 2> <OutPorts = 1>
ST_2 : Operation 17 [1/1] (0.00ns)   --->   "%br_ln25364 = br i1 %icmp_ln25364, void %for.inc274, void %for.end276.exitStub" [/home/silvenchen/Desktop/DitBlock/WorkDCT/DitBlock/kernel.cpp:25364]   --->   Operation 17 'br' 'br_ln25364' <Predicate = true> <Delay = 0.00>
ST_2 : Operation 18 [1/1] (0.00ns)   --->   "%j_load = load i10 %j" [/home/silvenchen/Desktop/DitBlock/WorkDCT/DitBlock/kernel.cpp:25365]   --->   Operation 18 'load' 'j_load' <Predicate = (!icmp_ln25364)> <Delay = 0.00>
ST_2 : Operation 19 [1/1] (0.00ns)   --->   "%i_load = load i11 %i" [/home/silvenchen/Desktop/DitBlock/WorkDCT/DitBlock/kernel.cpp:25364]   --->   Operation 19 'load' 'i_load' <Predicate = (!icmp_ln25364)> <Delay = 0.00>
ST_2 : Operation 20 [1/1] (0.73ns)   --->   "%add_ln25364 = add i11 %i_load, i11 1" [/home/silvenchen/Desktop/DitBlock/WorkDCT/DitBlock/kernel.cpp:25364]   --->   Operation 20 'add' 'add_ln25364' <Predicate = (!icmp_ln25364)> <Delay = 0.73> <CoreInst = "Adder">   --->   Core 1 'Adder' <Latency = 0> <II = 1> <Delay = 0.73> <FuncUnit> <Opcode : 'add' 'sub'> <InPorts = 2> <OutPorts = 1>
ST_2 : Operation 21 [1/1] (0.72ns)   --->   "%icmp_ln25365 = icmp_eq  i10 %j_load, i10 512" [/home/silvenchen/Desktop/DitBlock/WorkDCT/DitBlock/kernel.cpp:25365]   --->   Operation 21 'icmp' 'icmp_ln25365' <Predicate = (!icmp_ln25364)> <Delay = 0.72> <CoreInst = "Cmp">   --->   Core 9 'Cmp' <Latency = 0> <II = 1> <Delay = 0.72> <FuncUnit> <Opcode : 'icmp'> <InPorts = 2> <OutPorts = 1>
ST_2 : Operation 22 [1/1] (0.30ns)   --->   "%select_ln25364 = select i1 %icmp_ln25365, i10 0, i10 %j_load" [/home/silvenchen/Desktop/DitBlock/WorkDCT/DitBlock/kernel.cpp:25364]   --->   Operation 22 'select' 'select_ln25364' <Predicate = (!icmp_ln25364)> <Delay = 0.30> <CoreInst = "Sel">   --->   Core 73 'Sel' <Latency = 0> <II = 1> <Delay = 0.30> <FuncUnit> <Opcode : 'select'> <InPorts = 3> <OutPorts = 1>
ST_2 : Operation 23 [1/1] (0.30ns)   --->   "%select_ln25364_1 = select i1 %icmp_ln25365, i11 %add_ln25364, i11 %i_load" [/home/silvenchen/Desktop/DitBlock/WorkDCT/DitBlock/kernel.cpp:25364]   --->   Operation 23 'select' 'select_ln25364_1' <Predicate = (!icmp_ln25364)> <Delay = 0.30> <CoreInst = "Sel">   --->   Core 73 'Sel' <Latency = 0> <II = 1> <Delay = 0.30> <FuncUnit> <Opcode : 'select'> <InPorts = 3> <OutPorts = 1>
ST_2 : Operation 24 [1/1] (0.00ns)   --->   "%trunc_ln25366 = trunc i11 %select_ln25364_1" [/home/silvenchen/Desktop/DitBlock/WorkDCT/DitBlock/kernel.cpp:25366]   --->   Operation 24 'trunc' 'trunc_ln25366' <Predicate = (!icmp_ln25364)> <Delay = 0.00>
ST_2 : Operation 25 [1/1] (0.00ns)   --->   "%tmp_s = bitconcatenate i19 @_ssdm_op_BitConcatenate.i19.i10.i9, i10 %trunc_ln25366, i9 0" [/home/silvenchen/Desktop/DitBlock/WorkDCT/DitBlock/kernel.cpp:25366]   --->   Operation 25 'bitconcatenate' 'tmp_s' <Predicate = (!icmp_ln25364)> <Delay = 0.00>
ST_2 : Operation 26 [1/1] (0.00ns)   --->   "%zext_ln25366 = zext i10 %select_ln25364" [/home/silvenchen/Desktop/DitBlock/WorkDCT/DitBlock/kernel.cpp:25366]   --->   Operation 26 'zext' 'zext_ln25366' <Predicate = (!icmp_ln25364)> <Delay = 0.00>
ST_2 : Operation 27 [1/1] (0.80ns)   --->   "%add_ln25366 = add i19 %tmp_s, i19 %zext_ln25366" [/home/silvenchen/Desktop/DitBlock/WorkDCT/DitBlock/kernel.cpp:25366]   --->   Operation 27 'add' 'add_ln25366' <Predicate = (!icmp_ln25364)> <Delay = 0.80> <CoreInst = "Adder">   --->   Core 1 'Adder' <Latency = 0> <II = 1> <Delay = 0.80> <FuncUnit> <Opcode : 'add' 'sub'> <InPorts = 2> <OutPorts = 1>
ST_2 : Operation 28 [1/1] (0.00ns)   --->   "%zext_ln25366_1 = zext i19 %add_ln25366" [/home/silvenchen/Desktop/DitBlock/WorkDCT/DitBlock/kernel.cpp:25366]   --->   Operation 28 'zext' 'zext_ln25366_1' <Predicate = (!icmp_ln25364)> <Delay = 0.00>
ST_2 : Operation 29 [1/1] (0.00ns)   --->   "%v13538_addr = getelementptr i32 %v13538, i64 0, i64 %zext_ln25366_1" [/home/silvenchen/Desktop/DitBlock/WorkDCT/DitBlock/kernel.cpp:25366]   --->   Operation 29 'getelementptr' 'v13538_addr' <Predicate = (!icmp_ln25364)> <Delay = 0.00>
ST_2 : Operation 30 [2/2] (1.24ns)   --->   "%v13538_load = load i19 %v13538_addr" [/home/silvenchen/Desktop/DitBlock/WorkDCT/DitBlock/kernel.cpp:25366]   --->   Operation 30 'load' 'v13538_load' <Predicate = (!icmp_ln25364)> <Delay = 1.24> <CoreInst = "RAM">   --->   Core 83 'RAM' <Latency = 1> <II = 1> <Delay = 1.24> <Storage> <Opcode : 'load' 'store'> <Ports = 2> <Width = 32> <Depth = 524288> <RAM>
ST_2 : Operation 31 [1/1] (0.72ns)   --->   "%add_ln25365 = add i10 %select_ln25364, i10 1" [/home/silvenchen/Desktop/DitBlock/WorkDCT/DitBlock/kernel.cpp:25365]   --->   Operation 31 'add' 'add_ln25365' <Predicate = (!icmp_ln25364)> <Delay = 0.72> <CoreInst = "Adder">   --->   Core 1 'Adder' <Latency = 0> <II = 1> <Delay = 0.72> <FuncUnit> <Opcode : 'add' 'sub'> <InPorts = 2> <OutPorts = 1>
ST_2 : Operation 32 [1/1] (0.38ns)   --->   "%store_ln25364 = store i20 %add_ln25364_1, i20 %indvar_flatten41" [/home/silvenchen/Desktop/DitBlock/WorkDCT/DitBlock/kernel.cpp:25364]   --->   Operation 32 'store' 'store_ln25364' <Predicate = (!icmp_ln25364)> <Delay = 0.38>
ST_2 : Operation 33 [1/1] (0.38ns)   --->   "%store_ln25364 = store i11 %select_ln25364_1, i11 %i" [/home/silvenchen/Desktop/DitBlock/WorkDCT/DitBlock/kernel.cpp:25364]   --->   Operation 33 'store' 'store_ln25364' <Predicate = (!icmp_ln25364)> <Delay = 0.38>
ST_2 : Operation 34 [1/1] (0.38ns)   --->   "%store_ln25365 = store i10 %add_ln25365, i10 %j" [/home/silvenchen/Desktop/DitBlock/WorkDCT/DitBlock/kernel.cpp:25365]   --->   Operation 34 'store' 'store_ln25365' <Predicate = (!icmp_ln25364)> <Delay = 0.38>
ST_2 : Operation 43 [1/1] (0.00ns)   --->   "%ret_ln0 = ret"   --->   Operation 43 'ret' 'ret_ln0' <Predicate = (icmp_ln25364)> <Delay = 0.00>

State 3 <SV = 2> <Delay = 3.91>
ST_3 : Operation 35 [1/1] (0.00ns)   --->   "%specloopname_ln0 = specloopname void @_ssdm_op_SpecLoopName, void @VITIS_LOOP_25364_21_VITIS_LOOP_25365_22_str"   --->   Operation 35 'specloopname' 'specloopname_ln0' <Predicate = true> <Delay = 0.00>
ST_3 : Operation 36 [1/1] (0.00ns)   --->   "%speclooptripcount_ln0 = speclooptripcount void @_ssdm_op_SpecLoopTripCount, i64 524288, i64 524288, i64 524288"   --->   Operation 36 'speclooptripcount' 'speclooptripcount_ln0' <Predicate = true> <Delay = 0.00>
ST_3 : Operation 37 [1/1] (0.00ns)   --->   "%buffer_x_addr = getelementptr i32 %buffer_x, i64 0, i64 %zext_ln25366_1" [/home/silvenchen/Desktop/DitBlock/WorkDCT/DitBlock/kernel.cpp:25366]   --->   Operation 37 'getelementptr' 'buffer_x_addr' <Predicate = true> <Delay = 0.00>
ST_3 : Operation 38 [1/1] (0.00ns)   --->   "%specpipeline_ln25365 = specpipeline void @_ssdm_op_SpecPipeline, i32 4294967295, i32 0, i32 0, i32 0, void @empty_219" [/home/silvenchen/Desktop/DitBlock/WorkDCT/DitBlock/kernel.cpp:25365]   --->   Operation 38 'specpipeline' 'specpipeline_ln25365' <Predicate = true> <Delay = 0.00>
ST_3 : Operation 39 [1/2] (1.24ns)   --->   "%v13538_load = load i19 %v13538_addr" [/home/silvenchen/Desktop/DitBlock/WorkDCT/DitBlock/kernel.cpp:25366]   --->   Operation 39 'load' 'v13538_load' <Predicate = true> <Delay = 1.24> <CoreInst = "RAM">   --->   Core 83 'RAM' <Latency = 1> <II = 1> <Delay = 1.24> <Storage> <Opcode : 'load' 'store'> <Ports = 2> <Width = 32> <Depth = 524288> <RAM>
ST_3 : Operation 40 [1/1] (0.00ns)   --->   "%bitcast_ln25366 = bitcast i32 %v13538_load" [/home/silvenchen/Desktop/DitBlock/WorkDCT/DitBlock/kernel.cpp:25366]   --->   Operation 40 'bitcast' 'bitcast_ln25366' <Predicate = true> <Delay = 0.00>
ST_3 : Operation 41 [1/1] (2.66ns)   --->   "%store_ln25366 = store i32 %bitcast_ln25366, i19 %buffer_x_addr" [/home/silvenchen/Desktop/DitBlock/WorkDCT/DitBlock/kernel.cpp:25366]   --->   Operation 41 'store' 'store_ln25366' <Predicate = true> <Delay = 2.66> <CoreInst = "RAM_2P_URAM">   --->   Core 95 'RAM_2P_URAM' <Latency = 1> <II = 1> <Delay = 2.66> <Storage> <Opcode : 'load' 'store'> <Ports = 2> <Width = 32> <Depth = 524288> <RAM>
ST_3 : Operation 42 [1/1] (0.00ns)   --->   "%br_ln25365 = br void %for.inc271" [/home/silvenchen/Desktop/DitBlock/WorkDCT/DitBlock/kernel.cpp:25365]   --->   Operation 42 'br' 'br_ln25365' <Predicate = true> <Delay = 0.00>


============================================================
+ Verbose Summary: Timing violations
============================================================
Target clock period: 10.000ns, clock uncertainty: 2.700ns.

 <State 1>: 0.387ns
The critical path consists of the following:
	'alloca' operation 20 bit ('indvar_flatten41') [5]  (0.000 ns)
	'store' operation 0 bit ('store_ln0') of constant 0 on local variable 'indvar_flatten41' [8]  (0.387 ns)

 <State 2>: 3.087ns
The critical path consists of the following:
	'load' operation 11 bit ('i_load', /home/silvenchen/Desktop/DitBlock/WorkDCT/DitBlock/kernel.cpp:25364) on local variable 'i', /home/silvenchen/Desktop/DitBlock/WorkDCT/DitBlock/kernel.cpp:25364 [19]  (0.000 ns)
	'add' operation 11 bit ('add_ln25364', /home/silvenchen/Desktop/DitBlock/WorkDCT/DitBlock/kernel.cpp:25364) [20]  (0.735 ns)
	'select' operation 11 bit ('select_ln25364_1', /home/silvenchen/Desktop/DitBlock/WorkDCT/DitBlock/kernel.cpp:25364) [25]  (0.301 ns)
	'add' operation 19 bit ('add_ln25366', /home/silvenchen/Desktop/DitBlock/WorkDCT/DitBlock/kernel.cpp:25366) [29]  (0.803 ns)
	'getelementptr' operation 19 bit ('v13538_addr', /home/silvenchen/Desktop/DitBlock/WorkDCT/DitBlock/kernel.cpp:25366) [31]  (0.000 ns)
	'load' operation 32 bit ('v13538_load', /home/silvenchen/Desktop/DitBlock/WorkDCT/DitBlock/kernel.cpp:25366) on array 'v13538' [34]  (1.248 ns)

 <State 3>: 3.912ns
The critical path consists of the following:
	'load' operation 32 bit ('v13538_load', /home/silvenchen/Desktop/DitBlock/WorkDCT/DitBlock/kernel.cpp:25366) on array 'v13538' [34]  (1.248 ns)
	'store' operation 0 bit ('store_ln25366', /home/silvenchen/Desktop/DitBlock/WorkDCT/DitBlock/kernel.cpp:25366) of variable 'bitcast_ln25366', /home/silvenchen/Desktop/DitBlock/WorkDCT/DitBlock/kernel.cpp:25366 on array 'buffer_x' [36]  (2.664 ns)


============================================================
+ Verbose Summary: Binding
============================================================
N/A
* FSMD analyzer results:
  - Output states:
 - Input state : 
  - Chain level:
	State 1
	State 2
	State 3


============================================================
+ Verbose Summary: Datapath Resource usage 
============================================================
N/A
