

================================================================
== Vitis HLS Report for 'allo_DDitBlock_Pipeline_VITIS_LOOP_25294_2'
================================================================
* Date:           Wed Feb  5 22:33:59 2025

* Version:        2023.2 (Build 4023990 on Oct 11 2023)
* Project:        DitBlock
* Solution:       hls (Vivado IP Flow Target)
* Product family: virtexuplusHBM
* Target device:  xcu280-fsvh2892-2L-e


================================================================
== Performance Estimates
================================================================
+ Timing: 
    * Summary: 
    +--------+----------+----------+------------+
    |  Clock |  Target  | Estimated| Uncertainty|
    +--------+----------+----------+------------+
    |ap_clk  |  10.00 ns|  1.479 ns|     2.70 ns|
    +--------+----------+----------+------------+

+ Latency: 
    * Summary: 
    +---------+---------+----------+----------+-----+-----+---------+
    |  Latency (cycles) |  Latency (absolute) |  Interval | Pipeline|
    |   min   |   max   |    min   |    max   | min | max |   Type  |
    +---------+---------+----------+----------+-----+-----+---------+
    |      130|      130|  1.300 us|  1.300 us|  130|  130|       no|
    +---------+---------+----------+----------+-----+-----+---------+

    + Detail: 
        * Instance: 
        N/A

        * Loop: 
        +----------------------+---------+---------+----------+-----------+-----------+------+----------+
        |                      |  Latency (cycles) | Iteration|  Initiation Interval  | Trip |          |
        |       Loop Name      |   min   |   max   |  Latency |  achieved |   target  | Count| Pipelined|
        +----------------------+---------+---------+----------+-----------+-----------+------+----------+
        |- VITIS_LOOP_25294_2  |      128|      128|         2|          1|          1|   128|       yes|
        +----------------------+---------+---------+----------+-----------+-----------+------+----------+

============================================================
+ Verbose Summary: Synthesis Manager
============================================================
InlineROM: 1
ExposeGlobal: 0
============================================================
+ Verbose Summary: CDFG Model
============================================================
IsTopModel: 0
ResetActiveHigh: 1
IsCombinational: 0
IsDatapathOnly: 0
HasWiredReturn: 1
HasMFsm: 2
HasVarLatency: 1
IsPipeline: 0
IsRtlPipelined: 0
IsInstanceOverlapped: 0
IsDontTouch: 0
HasImplIP: 0
IsGatedGlobalClock: 0

+ Individual pipeline summary: 
  * Pipeline-0: initiation interval (II) = 1, depth = 2


============================================================
+ Verbose Summary: Schedule
============================================================
* Number of FSM states : 2
* Pipeline : 1
  Pipeline-0 : II = 1, D = 2, States = { 1 2 }
* Dataflow Pipeline: 0

* FSM state transitions: 
1 --> 2 
2 --> 

* FSM state operations: 

State 1 <SV = 0> <Delay = 1.47>
ST_1 : Operation 5 [1/1] (0.00ns)   --->   "%j = alloca i32 1" [/home/silvenchen/Desktop/DitBlock/WorkDCT/DitBlock/kernel.cpp:25294]   --->   Operation 5 'alloca' 'j' <Predicate = true> <Delay = 0.00>
ST_1 : Operation 6 [1/1] (0.00ns)   --->   "%specinterface_ln0 = specinterface void @_ssdm_op_SpecInterface, i32 %v13546, void @empty_204, i32 0, i32 0, void @empty_219, i32 4294967295, i32 0, void @empty_219, void @empty_219, void @empty_219, i32 0, i32 0, i32 0, i32 0, void @empty_219, void @empty_219, i32 4294967295, i32 0"   --->   Operation 6 'specinterface' 'specinterface_ln0' <Predicate = true> <Delay = 0.00>
ST_1 : Operation 7 [1/1] (0.38ns)   --->   "%store_ln25294 = store i8 0, i8 %j" [/home/silvenchen/Desktop/DitBlock/WorkDCT/DitBlock/kernel.cpp:25294]   --->   Operation 7 'store' 'store_ln25294' <Predicate = true> <Delay = 0.38>
ST_1 : Operation 8 [1/1] (0.00ns)   --->   "%br_ln0 = br void %for.inc"   --->   Operation 8 'br' 'br_ln0' <Predicate = true> <Delay = 0.00>
ST_1 : Operation 9 [1/1] (0.00ns)   --->   "%j_1 = load i8 %j" [/home/silvenchen/Desktop/DitBlock/WorkDCT/DitBlock/kernel.cpp:25294]   --->   Operation 9 'load' 'j_1' <Predicate = true> <Delay = 0.00>
ST_1 : Operation 10 [1/1] (0.70ns)   --->   "%icmp_ln25294 = icmp_eq  i8 %j_1, i8 128" [/home/silvenchen/Desktop/DitBlock/WorkDCT/DitBlock/kernel.cpp:25294]   --->   Operation 10 'icmp' 'icmp_ln25294' <Predicate = true> <Delay = 0.70> <CoreInst = "Cmp">   --->   Core 9 'Cmp' <Latency = 0> <II = 1> <Delay = 0.70> <FuncUnit> <Opcode : 'icmp'> <InPorts = 2> <OutPorts = 1>
ST_1 : Operation 11 [1/1] (0.70ns)   --->   "%add_ln25294 = add i8 %j_1, i8 1" [/home/silvenchen/Desktop/DitBlock/WorkDCT/DitBlock/kernel.cpp:25294]   --->   Operation 11 'add' 'add_ln25294' <Predicate = true> <Delay = 0.70> <CoreInst = "Adder">   --->   Core 1 'Adder' <Latency = 0> <II = 1> <Delay = 0.70> <FuncUnit> <Opcode : 'add' 'sub'> <InPorts = 2> <OutPorts = 1>
ST_1 : Operation 12 [1/1] (0.00ns)   --->   "%br_ln25294 = br i1 %icmp_ln25294, void %for.inc.split, void %for.inc23.preheader.exitStub" [/home/silvenchen/Desktop/DitBlock/WorkDCT/DitBlock/kernel.cpp:25294]   --->   Operation 12 'br' 'br_ln25294' <Predicate = true> <Delay = 0.00>
ST_1 : Operation 13 [1/1] (0.00ns)   --->   "%zext_ln25294 = zext i8 %j_1" [/home/silvenchen/Desktop/DitBlock/WorkDCT/DitBlock/kernel.cpp:25294]   --->   Operation 13 'zext' 'zext_ln25294' <Predicate = (!icmp_ln25294)> <Delay = 0.00>
ST_1 : Operation 14 [1/1] (0.00ns)   --->   "%v13546_addr = getelementptr i32 %v13546, i64 0, i64 %zext_ln25294" [/home/silvenchen/Desktop/DitBlock/WorkDCT/DitBlock/kernel.cpp:25295]   --->   Operation 14 'getelementptr' 'v13546_addr' <Predicate = (!icmp_ln25294)> <Delay = 0.00>
ST_1 : Operation 15 [2/2] (0.60ns)   --->   "%v13546_load = load i7 %v13546_addr" [/home/silvenchen/Desktop/DitBlock/WorkDCT/DitBlock/kernel.cpp:25295]   --->   Operation 15 'load' 'v13546_load' <Predicate = (!icmp_ln25294)> <Delay = 0.60> <CoreInst = "RAM">   --->   Core 83 'RAM' <Latency = 1> <II = 1> <Delay = 0.60> <Storage> <Opcode : 'load' 'store'> <Ports = 2> <Width = 32> <Depth = 128> <RAM>
ST_1 : Operation 16 [1/1] (0.38ns)   --->   "%store_ln25294 = store i8 %add_ln25294, i8 %j" [/home/silvenchen/Desktop/DitBlock/WorkDCT/DitBlock/kernel.cpp:25294]   --->   Operation 16 'store' 'store_ln25294' <Predicate = (!icmp_ln25294)> <Delay = 0.38>
ST_1 : Operation 25 [1/1] (0.00ns)   --->   "%ret_ln0 = ret"   --->   Operation 25 'ret' 'ret_ln0' <Predicate = (icmp_ln25294)> <Delay = 0.00>

State 2 <SV = 1> <Delay = 1.20>
ST_2 : Operation 17 [1/1] (0.00ns)   --->   "%specpipeline_ln25294 = specpipeline void @_ssdm_op_SpecPipeline, i32 4294967295, i32 0, i32 0, i32 0, void @empty_219" [/home/silvenchen/Desktop/DitBlock/WorkDCT/DitBlock/kernel.cpp:25294]   --->   Operation 17 'specpipeline' 'specpipeline_ln25294' <Predicate = true> <Delay = 0.00>
ST_2 : Operation 18 [1/1] (0.00ns)   --->   "%speclooptripcount_ln25294 = speclooptripcount void @_ssdm_op_SpecLoopTripCount, i64 128, i64 128, i64 128" [/home/silvenchen/Desktop/DitBlock/WorkDCT/DitBlock/kernel.cpp:25294]   --->   Operation 18 'speclooptripcount' 'speclooptripcount_ln25294' <Predicate = true> <Delay = 0.00>
ST_2 : Operation 19 [1/1] (0.00ns)   --->   "%specloopname_ln25294 = specloopname void @_ssdm_op_SpecLoopName, void @empty_195" [/home/silvenchen/Desktop/DitBlock/WorkDCT/DitBlock/kernel.cpp:25294]   --->   Operation 19 'specloopname' 'specloopname_ln25294' <Predicate = true> <Delay = 0.00>
ST_2 : Operation 20 [1/2] (0.60ns)   --->   "%v13546_load = load i7 %v13546_addr" [/home/silvenchen/Desktop/DitBlock/WorkDCT/DitBlock/kernel.cpp:25295]   --->   Operation 20 'load' 'v13546_load' <Predicate = true> <Delay = 0.60> <CoreInst = "RAM">   --->   Core 83 'RAM' <Latency = 1> <II = 1> <Delay = 0.60> <Storage> <Opcode : 'load' 'store'> <Ports = 2> <Width = 32> <Depth = 128> <RAM>
ST_2 : Operation 21 [1/1] (0.00ns)   --->   "%bitcast_ln25295 = bitcast i32 %v13546_load" [/home/silvenchen/Desktop/DitBlock/WorkDCT/DitBlock/kernel.cpp:25295]   --->   Operation 21 'bitcast' 'bitcast_ln25295' <Predicate = true> <Delay = 0.00>
ST_2 : Operation 22 [1/1] (0.00ns)   --->   "%buffer_c_0_addr = getelementptr i32 %buffer_c_0, i64 0, i64 %zext_ln25294" [/home/silvenchen/Desktop/DitBlock/WorkDCT/DitBlock/kernel.cpp:25295]   --->   Operation 22 'getelementptr' 'buffer_c_0_addr' <Predicate = true> <Delay = 0.00>
ST_2 : Operation 23 [1/1] (0.60ns)   --->   "%store_ln25295 = store i32 %bitcast_ln25295, i7 %buffer_c_0_addr" [/home/silvenchen/Desktop/DitBlock/WorkDCT/DitBlock/kernel.cpp:25295]   --->   Operation 23 'store' 'store_ln25295' <Predicate = true> <Delay = 0.60> <CoreInst = "RAM">   --->   Core 83 'RAM' <Latency = 1> <II = 1> <Delay = 0.60> <Storage> <Opcode : 'load' 'store'> <Ports = 2> <Width = 32> <Depth = 128> <RAM>
ST_2 : Operation 24 [1/1] (0.00ns)   --->   "%br_ln25294 = br void %for.inc" [/home/silvenchen/Desktop/DitBlock/WorkDCT/DitBlock/kernel.cpp:25294]   --->   Operation 24 'br' 'br_ln25294' <Predicate = true> <Delay = 0.00>


============================================================
+ Verbose Summary: Timing violations
============================================================
Target clock period: 10.000ns, clock uncertainty: 2.700ns.

 <State 1>: 1.479ns
The critical path consists of the following:
	'store' operation 0 bit ('store_ln25294', /home/silvenchen/Desktop/DitBlock/WorkDCT/DitBlock/kernel.cpp:25294) of constant 0 on local variable 'j', /home/silvenchen/Desktop/DitBlock/WorkDCT/DitBlock/kernel.cpp:25294 [5]  (0.387 ns)
	'load' operation 8 bit ('j', /home/silvenchen/Desktop/DitBlock/WorkDCT/DitBlock/kernel.cpp:25294) on local variable 'j', /home/silvenchen/Desktop/DitBlock/WorkDCT/DitBlock/kernel.cpp:25294 [8]  (0.000 ns)
	'icmp' operation 1 bit ('icmp_ln25294', /home/silvenchen/Desktop/DitBlock/WorkDCT/DitBlock/kernel.cpp:25294) [9]  (0.705 ns)
	'store' operation 0 bit ('store_ln25294', /home/silvenchen/Desktop/DitBlock/WorkDCT/DitBlock/kernel.cpp:25294) of variable 'add_ln25294', /home/silvenchen/Desktop/DitBlock/WorkDCT/DitBlock/kernel.cpp:25294 on local variable 'j', /home/silvenchen/Desktop/DitBlock/WorkDCT/DitBlock/kernel.cpp:25294 [22]  (0.387 ns)

 <State 2>: 1.200ns
The critical path consists of the following:
	'load' operation 32 bit ('v13546_load', /home/silvenchen/Desktop/DitBlock/WorkDCT/DitBlock/kernel.cpp:25295) on array 'v13546' [18]  (0.600 ns)
	'store' operation 0 bit ('store_ln25295', /home/silvenchen/Desktop/DitBlock/WorkDCT/DitBlock/kernel.cpp:25295) of variable 'bitcast_ln25295', /home/silvenchen/Desktop/DitBlock/WorkDCT/DitBlock/kernel.cpp:25295 on array 'buffer_c_0' [21]  (0.600 ns)


============================================================
+ Verbose Summary: Binding
============================================================
N/A
* FSMD analyzer results:
  - Output states:
 - Input state : 
  - Chain level:
	State 1
	State 2


============================================================
+ Verbose Summary: Datapath Resource usage 
============================================================
N/A
