

================================================================
== Vitis HLS Report for 'allo_DDitBlock_Pipeline_l_S_i_j_0_i20_l_j189'
================================================================
* Date:           Wed Feb  5 22:35:18 2025

* Version:        2023.2 (Build 4023990 on Oct 11 2023)
* Project:        DitBlock
* Solution:       hls (Vivado IP Flow Target)
* Product family: virtexuplusHBM
* Target device:  xcu280-fsvh2892-2L-e


================================================================
== Performance Estimates
================================================================
+ Timing: 
    * Summary: 
    +--------+----------+----------+------------+
    |  Clock |  Target  | Estimated| Uncertainty|
    +--------+----------+----------+------------+
    |ap_clk  |  10.00 ns|  6.149 ns|     2.70 ns|
    +--------+----------+----------+------------+

+ Latency: 
    * Summary: 
    +---------+---------+----------+----------+--------+--------+---------+
    |  Latency (cycles) |  Latency (absolute) |     Interval    | Pipeline|
    |   min   |   max   |    min   |    max   |   min  |   max  |   Type  |
    +---------+---------+----------+----------+--------+--------+---------+
    |   524294|   524294|  5.243 ms|  5.243 ms|  524294|  524294|       no|
    +---------+---------+----------+----------+--------+--------+---------+

    + Detail: 
        * Instance: 
        N/A

        * Loop: 
        +-----------------------+---------+---------+----------+-----------+-----------+--------+----------+
        |                       |  Latency (cycles) | Iteration|  Initiation Interval  |  Trip  |          |
        |       Loop Name       |   min   |   max   |  Latency |  achieved |   target  |  Count | Pipelined|
        +-----------------------+---------+---------+----------+-----------+-----------+--------+----------+
        |- l_S_i_j_0_i20_l_j18  |   524292|   524292|         6|          1|          1|  524288|       yes|
        +-----------------------+---------+---------+----------+-----------+-----------+--------+----------+

============================================================
+ Verbose Summary: Synthesis Manager
============================================================
InlineROM: 1
ExposeGlobal: 0
============================================================
+ Verbose Summary: CDFG Model
============================================================
IsTopModel: 0
ResetActiveHigh: 1
IsCombinational: 0
IsDatapathOnly: 0
HasWiredReturn: 1
HasMFsm: 2
HasVarLatency: 1
IsPipeline: 0
IsRtlPipelined: 0
IsInstanceOverlapped: 0
IsDontTouch: 0
HasImplIP: 0
IsGatedGlobalClock: 0

+ Individual pipeline summary: 
  * Pipeline-0: initiation interval (II) = 1, depth = 7


============================================================
+ Verbose Summary: Schedule
============================================================
* Number of FSM states : 7
* Pipeline : 1
  Pipeline-0 : II = 1, D = 7, States = { 1 2 3 4 5 6 7 }
* Dataflow Pipeline: 0

* FSM state transitions: 
1 --> 2 
2 --> 3 
3 --> 4 
4 --> 5 
5 --> 6 
6 --> 7 
7 --> 

* FSM state operations: 

State 1 <SV = 0> <Delay = 0.38>
ST_1 : Operation 9 [1/1] (0.00ns)   --->   "%j18 = alloca i32 1" [/home/silvenchen/Desktop/DitBlock/WorkDCT/DitBlock/kernel.cpp:21740->/home/silvenchen/Desktop/DitBlock/WorkDCT/DitBlock/kernel.cpp:25470]   --->   Operation 9 'alloca' 'j18' <Predicate = true> <Delay = 0.00>
ST_1 : Operation 10 [1/1] (0.00ns)   --->   "%i20 = alloca i32 1" [/home/silvenchen/Desktop/DitBlock/WorkDCT/DitBlock/kernel.cpp:21739->/home/silvenchen/Desktop/DitBlock/WorkDCT/DitBlock/kernel.cpp:25470]   --->   Operation 10 'alloca' 'i20' <Predicate = true> <Delay = 0.00>
ST_1 : Operation 11 [1/1] (0.00ns)   --->   "%indvar_flatten160 = alloca i32 1"   --->   Operation 11 'alloca' 'indvar_flatten160' <Predicate = true> <Delay = 0.00>
ST_1 : Operation 12 [1/1] (0.00ns)   --->   "%specmemcore_ln0 = specmemcore void @_ssdm_op_SpecMemCore, i32 %buffer_K, i64 666, i64 24, i64 18446744073709551615"   --->   Operation 12 'specmemcore' 'specmemcore_ln0' <Predicate = true> <Delay = 0.00>
ST_1 : Operation 13 [1/1] (0.00ns)   --->   "%specmemcore_ln0 = specmemcore void @_ssdm_op_SpecMemCore, i32 %buffer_Q, i64 666, i64 24, i64 18446744073709551615"   --->   Operation 13 'specmemcore' 'specmemcore_ln0' <Predicate = true> <Delay = 0.00>
ST_1 : Operation 14 [1/1] (0.38ns)   --->   "%store_ln0 = store i20 0, i20 %indvar_flatten160"   --->   Operation 14 'store' 'store_ln0' <Predicate = true> <Delay = 0.38>
ST_1 : Operation 15 [1/1] (0.38ns)   --->   "%store_ln21739 = store i11 0, i11 %i20" [/home/silvenchen/Desktop/DitBlock/WorkDCT/DitBlock/kernel.cpp:21739->/home/silvenchen/Desktop/DitBlock/WorkDCT/DitBlock/kernel.cpp:25470]   --->   Operation 15 'store' 'store_ln21739' <Predicate = true> <Delay = 0.38>
ST_1 : Operation 16 [1/1] (0.38ns)   --->   "%store_ln21740 = store i10 0, i10 %j18" [/home/silvenchen/Desktop/DitBlock/WorkDCT/DitBlock/kernel.cpp:21740->/home/silvenchen/Desktop/DitBlock/WorkDCT/DitBlock/kernel.cpp:25470]   --->   Operation 16 'store' 'store_ln21740' <Predicate = true> <Delay = 0.38>
ST_1 : Operation 17 [1/1] (0.00ns)   --->   "%br_ln0 = br void %for.inc.i275"   --->   Operation 17 'br' 'br_ln0' <Predicate = true> <Delay = 0.00>

State 2 <SV = 1> <Delay = 4.50>
ST_2 : Operation 18 [1/1] (0.00ns)   --->   "%indvar_flatten160_load = load i20 %indvar_flatten160" [/home/silvenchen/Desktop/DitBlock/WorkDCT/DitBlock/kernel.cpp:21739->/home/silvenchen/Desktop/DitBlock/WorkDCT/DitBlock/kernel.cpp:25470]   --->   Operation 18 'load' 'indvar_flatten160_load' <Predicate = true> <Delay = 0.00>
ST_2 : Operation 19 [1/1] (0.80ns)   --->   "%icmp_ln21739 = icmp_eq  i20 %indvar_flatten160_load, i20 524288" [/home/silvenchen/Desktop/DitBlock/WorkDCT/DitBlock/kernel.cpp:21739->/home/silvenchen/Desktop/DitBlock/WorkDCT/DitBlock/kernel.cpp:25470]   --->   Operation 19 'icmp' 'icmp_ln21739' <Predicate = true> <Delay = 0.80> <CoreInst = "Cmp">   --->   Core 9 'Cmp' <Latency = 0> <II = 1> <Delay = 0.80> <FuncUnit> <Opcode : 'icmp'> <InPorts = 2> <OutPorts = 1>
ST_2 : Operation 20 [1/1] (0.80ns)   --->   "%add_ln21739 = add i20 %indvar_flatten160_load, i20 1" [/home/silvenchen/Desktop/DitBlock/WorkDCT/DitBlock/kernel.cpp:21739->/home/silvenchen/Desktop/DitBlock/WorkDCT/DitBlock/kernel.cpp:25470]   --->   Operation 20 'add' 'add_ln21739' <Predicate = true> <Delay = 0.80> <CoreInst = "Adder">   --->   Core 1 'Adder' <Latency = 0> <II = 1> <Delay = 0.80> <FuncUnit> <Opcode : 'add' 'sub'> <InPorts = 2> <OutPorts = 1>
ST_2 : Operation 21 [1/1] (0.00ns)   --->   "%br_ln21739 = br i1 %icmp_ln21739, void %for.inc13.i278, void %for.inc.i288.preheader.exitStub" [/home/silvenchen/Desktop/DitBlock/WorkDCT/DitBlock/kernel.cpp:21739->/home/silvenchen/Desktop/DitBlock/WorkDCT/DitBlock/kernel.cpp:25470]   --->   Operation 21 'br' 'br_ln21739' <Predicate = true> <Delay = 0.00>
ST_2 : Operation 22 [1/1] (0.00ns)   --->   "%j18_load = load i10 %j18" [/home/silvenchen/Desktop/DitBlock/WorkDCT/DitBlock/kernel.cpp:21740->/home/silvenchen/Desktop/DitBlock/WorkDCT/DitBlock/kernel.cpp:25470]   --->   Operation 22 'load' 'j18_load' <Predicate = (!icmp_ln21739)> <Delay = 0.00>
ST_2 : Operation 23 [1/1] (0.00ns)   --->   "%i20_load = load i11 %i20" [/home/silvenchen/Desktop/DitBlock/WorkDCT/DitBlock/kernel.cpp:21739->/home/silvenchen/Desktop/DitBlock/WorkDCT/DitBlock/kernel.cpp:25470]   --->   Operation 23 'load' 'i20_load' <Predicate = (!icmp_ln21739)> <Delay = 0.00>
ST_2 : Operation 24 [1/1] (0.73ns)   --->   "%add_ln21739_1 = add i11 %i20_load, i11 1" [/home/silvenchen/Desktop/DitBlock/WorkDCT/DitBlock/kernel.cpp:21739->/home/silvenchen/Desktop/DitBlock/WorkDCT/DitBlock/kernel.cpp:25470]   --->   Operation 24 'add' 'add_ln21739_1' <Predicate = (!icmp_ln21739)> <Delay = 0.73> <CoreInst = "Adder">   --->   Core 1 'Adder' <Latency = 0> <II = 1> <Delay = 0.73> <FuncUnit> <Opcode : 'add' 'sub'> <InPorts = 2> <OutPorts = 1>
ST_2 : Operation 25 [1/1] (0.72ns)   --->   "%icmp_ln21740 = icmp_eq  i10 %j18_load, i10 512" [/home/silvenchen/Desktop/DitBlock/WorkDCT/DitBlock/kernel.cpp:21740->/home/silvenchen/Desktop/DitBlock/WorkDCT/DitBlock/kernel.cpp:25470]   --->   Operation 25 'icmp' 'icmp_ln21740' <Predicate = (!icmp_ln21739)> <Delay = 0.72> <CoreInst = "Cmp">   --->   Core 9 'Cmp' <Latency = 0> <II = 1> <Delay = 0.72> <FuncUnit> <Opcode : 'icmp'> <InPorts = 2> <OutPorts = 1>
ST_2 : Operation 26 [1/1] (0.30ns)   --->   "%select_ln21739 = select i1 %icmp_ln21740, i10 0, i10 %j18_load" [/home/silvenchen/Desktop/DitBlock/WorkDCT/DitBlock/kernel.cpp:21739->/home/silvenchen/Desktop/DitBlock/WorkDCT/DitBlock/kernel.cpp:25470]   --->   Operation 26 'select' 'select_ln21739' <Predicate = (!icmp_ln21739)> <Delay = 0.30> <CoreInst = "Sel">   --->   Core 73 'Sel' <Latency = 0> <II = 1> <Delay = 0.30> <FuncUnit> <Opcode : 'select'> <InPorts = 3> <OutPorts = 1>
ST_2 : Operation 27 [1/1] (0.30ns)   --->   "%select_ln21739_1 = select i1 %icmp_ln21740, i11 %add_ln21739_1, i11 %i20_load" [/home/silvenchen/Desktop/DitBlock/WorkDCT/DitBlock/kernel.cpp:21739->/home/silvenchen/Desktop/DitBlock/WorkDCT/DitBlock/kernel.cpp:25470]   --->   Operation 27 'select' 'select_ln21739_1' <Predicate = (!icmp_ln21739)> <Delay = 0.30> <CoreInst = "Sel">   --->   Core 73 'Sel' <Latency = 0> <II = 1> <Delay = 0.30> <FuncUnit> <Opcode : 'select'> <InPorts = 3> <OutPorts = 1>
ST_2 : Operation 28 [1/1] (0.00ns)   --->   "%trunc_ln21744 = trunc i11 %select_ln21739_1" [/home/silvenchen/Desktop/DitBlock/WorkDCT/DitBlock/kernel.cpp:21744->/home/silvenchen/Desktop/DitBlock/WorkDCT/DitBlock/kernel.cpp:25470]   --->   Operation 28 'trunc' 'trunc_ln21744' <Predicate = (!icmp_ln21739)> <Delay = 0.00>
ST_2 : Operation 29 [1/1] (0.00ns)   --->   "%tmp_s = bitconcatenate i19 @_ssdm_op_BitConcatenate.i19.i10.i9, i10 %trunc_ln21744, i9 0" [/home/silvenchen/Desktop/DitBlock/WorkDCT/DitBlock/kernel.cpp:21744->/home/silvenchen/Desktop/DitBlock/WorkDCT/DitBlock/kernel.cpp:25470]   --->   Operation 29 'bitconcatenate' 'tmp_s' <Predicate = (!icmp_ln21739)> <Delay = 0.00>
ST_2 : Operation 30 [1/1] (0.00ns)   --->   "%zext_ln21740 = zext i10 %select_ln21739" [/home/silvenchen/Desktop/DitBlock/WorkDCT/DitBlock/kernel.cpp:21740->/home/silvenchen/Desktop/DitBlock/WorkDCT/DitBlock/kernel.cpp:25470]   --->   Operation 30 'zext' 'zext_ln21740' <Predicate = (!icmp_ln21739)> <Delay = 0.00>
ST_2 : Operation 31 [1/1] (0.00ns)   --->   "%zext_ln21744 = zext i10 %select_ln21739" [/home/silvenchen/Desktop/DitBlock/WorkDCT/DitBlock/kernel.cpp:21744->/home/silvenchen/Desktop/DitBlock/WorkDCT/DitBlock/kernel.cpp:25470]   --->   Operation 31 'zext' 'zext_ln21744' <Predicate = (!icmp_ln21739)> <Delay = 0.00>
ST_2 : Operation 32 [1/1] (0.80ns)   --->   "%add_ln21744 = add i19 %tmp_s, i19 %zext_ln21744" [/home/silvenchen/Desktop/DitBlock/WorkDCT/DitBlock/kernel.cpp:21744->/home/silvenchen/Desktop/DitBlock/WorkDCT/DitBlock/kernel.cpp:25470]   --->   Operation 32 'add' 'add_ln21744' <Predicate = (!icmp_ln21739)> <Delay = 0.80> <CoreInst = "Adder">   --->   Core 1 'Adder' <Latency = 0> <II = 1> <Delay = 0.80> <FuncUnit> <Opcode : 'add' 'sub'> <InPorts = 2> <OutPorts = 1>
ST_2 : Operation 33 [1/1] (0.00ns)   --->   "%zext_ln21744_1 = zext i19 %add_ln21744" [/home/silvenchen/Desktop/DitBlock/WorkDCT/DitBlock/kernel.cpp:21744->/home/silvenchen/Desktop/DitBlock/WorkDCT/DitBlock/kernel.cpp:25470]   --->   Operation 33 'zext' 'zext_ln21744_1' <Predicate = (!icmp_ln21739)> <Delay = 0.00>
ST_2 : Operation 34 [1/1] (0.00ns)   --->   "%buffer_K_addr = getelementptr i32 %buffer_K, i64 0, i64 %zext_ln21744_1" [/home/silvenchen/Desktop/DitBlock/WorkDCT/DitBlock/kernel.cpp:21741->/home/silvenchen/Desktop/DitBlock/WorkDCT/DitBlock/kernel.cpp:25470]   --->   Operation 34 'getelementptr' 'buffer_K_addr' <Predicate = (!icmp_ln21739)> <Delay = 0.00>
ST_2 : Operation 35 [2/2] (2.66ns)   --->   "%v11886 = load i19 %buffer_K_addr" [/home/silvenchen/Desktop/DitBlock/WorkDCT/DitBlock/kernel.cpp:21741->/home/silvenchen/Desktop/DitBlock/WorkDCT/DitBlock/kernel.cpp:25470]   --->   Operation 35 'load' 'v11886' <Predicate = (!icmp_ln21739)> <Delay = 2.66> <CoreInst = "RAM_2P_URAM">   --->   Core 95 'RAM_2P_URAM' <Latency = 1> <II = 1> <Delay = 2.66> <Storage> <Opcode : 'load' 'store'> <Ports = 2> <Width = 32> <Depth = 524288> <RAM>
ST_2 : Operation 36 [1/1] (0.00ns)   --->   "%buffer0_addr = getelementptr i32 %buffer0, i64 0, i64 %zext_ln21740" [/home/silvenchen/Desktop/DitBlock/WorkDCT/DitBlock/kernel.cpp:21742->/home/silvenchen/Desktop/DitBlock/WorkDCT/DitBlock/kernel.cpp:25470]   --->   Operation 36 'getelementptr' 'buffer0_addr' <Predicate = (!icmp_ln21739)> <Delay = 0.00>
ST_2 : Operation 37 [2/2] (1.19ns)   --->   "%v11887 = load i9 %buffer0_addr" [/home/silvenchen/Desktop/DitBlock/WorkDCT/DitBlock/kernel.cpp:21742->/home/silvenchen/Desktop/DitBlock/WorkDCT/DitBlock/kernel.cpp:25470]   --->   Operation 37 'load' 'v11887' <Predicate = (!icmp_ln21739)> <Delay = 1.19> <CoreInst = "RAM">   --->   Core 83 'RAM' <Latency = 1> <II = 1> <Delay = 1.19> <Storage> <Opcode : 'load' 'store'> <Ports = 2> <Width = 32> <Depth = 512> <RAM>
ST_2 : Operation 38 [1/1] (0.72ns)   --->   "%add_ln21740 = add i10 %select_ln21739, i10 1" [/home/silvenchen/Desktop/DitBlock/WorkDCT/DitBlock/kernel.cpp:21740->/home/silvenchen/Desktop/DitBlock/WorkDCT/DitBlock/kernel.cpp:25470]   --->   Operation 38 'add' 'add_ln21740' <Predicate = (!icmp_ln21739)> <Delay = 0.72> <CoreInst = "Adder">   --->   Core 1 'Adder' <Latency = 0> <II = 1> <Delay = 0.72> <FuncUnit> <Opcode : 'add' 'sub'> <InPorts = 2> <OutPorts = 1>
ST_2 : Operation 39 [1/1] (0.38ns)   --->   "%store_ln21739 = store i20 %add_ln21739, i20 %indvar_flatten160" [/home/silvenchen/Desktop/DitBlock/WorkDCT/DitBlock/kernel.cpp:21739->/home/silvenchen/Desktop/DitBlock/WorkDCT/DitBlock/kernel.cpp:25470]   --->   Operation 39 'store' 'store_ln21739' <Predicate = (!icmp_ln21739)> <Delay = 0.38>
ST_2 : Operation 40 [1/1] (0.38ns)   --->   "%store_ln21739 = store i11 %select_ln21739_1, i11 %i20" [/home/silvenchen/Desktop/DitBlock/WorkDCT/DitBlock/kernel.cpp:21739->/home/silvenchen/Desktop/DitBlock/WorkDCT/DitBlock/kernel.cpp:25470]   --->   Operation 40 'store' 'store_ln21739' <Predicate = (!icmp_ln21739)> <Delay = 0.38>
ST_2 : Operation 41 [1/1] (0.38ns)   --->   "%store_ln21740 = store i10 %add_ln21740, i10 %j18" [/home/silvenchen/Desktop/DitBlock/WorkDCT/DitBlock/kernel.cpp:21740->/home/silvenchen/Desktop/DitBlock/WorkDCT/DitBlock/kernel.cpp:25470]   --->   Operation 41 'store' 'store_ln21740' <Predicate = (!icmp_ln21739)> <Delay = 0.38>

State 3 <SV = 2> <Delay = 2.66>
ST_3 : Operation 42 [1/2] (2.66ns)   --->   "%v11886 = load i19 %buffer_K_addr" [/home/silvenchen/Desktop/DitBlock/WorkDCT/DitBlock/kernel.cpp:21741->/home/silvenchen/Desktop/DitBlock/WorkDCT/DitBlock/kernel.cpp:25470]   --->   Operation 42 'load' 'v11886' <Predicate = true> <Delay = 2.66> <CoreInst = "RAM_2P_URAM">   --->   Core 95 'RAM_2P_URAM' <Latency = 1> <II = 1> <Delay = 2.66> <Storage> <Opcode : 'load' 'store'> <Ports = 2> <Width = 32> <Depth = 524288> <RAM>
ST_3 : Operation 43 [1/2] (1.19ns)   --->   "%v11887 = load i9 %buffer0_addr" [/home/silvenchen/Desktop/DitBlock/WorkDCT/DitBlock/kernel.cpp:21742->/home/silvenchen/Desktop/DitBlock/WorkDCT/DitBlock/kernel.cpp:25470]   --->   Operation 43 'load' 'v11887' <Predicate = true> <Delay = 1.19> <CoreInst = "RAM">   --->   Core 83 'RAM' <Latency = 1> <II = 1> <Delay = 1.19> <Storage> <Opcode : 'load' 'store'> <Ports = 2> <Width = 32> <Depth = 512> <RAM>

State 4 <SV = 3> <Delay = 6.14>
ST_4 : Operation 44 [3/3] (6.14ns)   --->   "%v11888 = fadd i32 %v11886, i32 %v11887" [/home/silvenchen/Desktop/DitBlock/WorkDCT/DitBlock/kernel.cpp:21743->/home/silvenchen/Desktop/DitBlock/WorkDCT/DitBlock/kernel.cpp:25470]   --->   Operation 44 'fadd' 'v11888' <Predicate = true> <Delay = 6.14> <CoreInst = "FAddSub_fulldsp">   --->   Core 18 'FAddSub_fulldsp' <Latency = 2> <II = 1> <Delay = 6.14> <FuncUnit> <Opcode : 'fadd' 'fsub'> <InPorts = 2> <OutPorts = 1>

State 5 <SV = 4> <Delay = 6.14>
ST_5 : Operation 45 [2/3] (6.14ns)   --->   "%v11888 = fadd i32 %v11886, i32 %v11887" [/home/silvenchen/Desktop/DitBlock/WorkDCT/DitBlock/kernel.cpp:21743->/home/silvenchen/Desktop/DitBlock/WorkDCT/DitBlock/kernel.cpp:25470]   --->   Operation 45 'fadd' 'v11888' <Predicate = true> <Delay = 6.14> <CoreInst = "FAddSub_fulldsp">   --->   Core 18 'FAddSub_fulldsp' <Latency = 2> <II = 1> <Delay = 6.14> <FuncUnit> <Opcode : 'fadd' 'fsub'> <InPorts = 2> <OutPorts = 1>

State 6 <SV = 5> <Delay = 6.14>
ST_6 : Operation 46 [1/3] (6.14ns)   --->   "%v11888 = fadd i32 %v11886, i32 %v11887" [/home/silvenchen/Desktop/DitBlock/WorkDCT/DitBlock/kernel.cpp:21743->/home/silvenchen/Desktop/DitBlock/WorkDCT/DitBlock/kernel.cpp:25470]   --->   Operation 46 'fadd' 'v11888' <Predicate = true> <Delay = 6.14> <CoreInst = "FAddSub_fulldsp">   --->   Core 18 'FAddSub_fulldsp' <Latency = 2> <II = 1> <Delay = 6.14> <FuncUnit> <Opcode : 'fadd' 'fsub'> <InPorts = 2> <OutPorts = 1>
ST_6 : Operation 53 [1/1] (0.00ns)   --->   "%ret_ln0 = ret"   --->   Operation 53 'ret' 'ret_ln0' <Predicate = (icmp_ln21739)> <Delay = 0.00>

State 7 <SV = 6> <Delay = 2.66>
ST_7 : Operation 47 [1/1] (0.00ns)   --->   "%specloopname_ln0 = specloopname void @_ssdm_op_SpecLoopName, void @l_S_i_j_0_i20_l_j18_str"   --->   Operation 47 'specloopname' 'specloopname_ln0' <Predicate = true> <Delay = 0.00>
ST_7 : Operation 48 [1/1] (0.00ns)   --->   "%speclooptripcount_ln0 = speclooptripcount void @_ssdm_op_SpecLoopTripCount, i64 524288, i64 524288, i64 524288"   --->   Operation 48 'speclooptripcount' 'speclooptripcount_ln0' <Predicate = true> <Delay = 0.00>
ST_7 : Operation 49 [1/1] (0.00ns)   --->   "%buffer_Q_addr = getelementptr i32 %buffer_Q, i64 0, i64 %zext_ln21744_1" [/home/silvenchen/Desktop/DitBlock/WorkDCT/DitBlock/kernel.cpp:21744->/home/silvenchen/Desktop/DitBlock/WorkDCT/DitBlock/kernel.cpp:25470]   --->   Operation 49 'getelementptr' 'buffer_Q_addr' <Predicate = true> <Delay = 0.00>
ST_7 : Operation 50 [1/1] (0.00ns)   --->   "%specpipeline_ln21740 = specpipeline void @_ssdm_op_SpecPipeline, i32 4294967295, i32 0, i32 0, i32 0, void @empty_219" [/home/silvenchen/Desktop/DitBlock/WorkDCT/DitBlock/kernel.cpp:21740->/home/silvenchen/Desktop/DitBlock/WorkDCT/DitBlock/kernel.cpp:25470]   --->   Operation 50 'specpipeline' 'specpipeline_ln21740' <Predicate = true> <Delay = 0.00>
ST_7 : Operation 51 [1/1] (2.66ns)   --->   "%store_ln21744 = store i32 %v11888, i19 %buffer_Q_addr" [/home/silvenchen/Desktop/DitBlock/WorkDCT/DitBlock/kernel.cpp:21744->/home/silvenchen/Desktop/DitBlock/WorkDCT/DitBlock/kernel.cpp:25470]   --->   Operation 51 'store' 'store_ln21744' <Predicate = true> <Delay = 2.66> <CoreInst = "RAM_2P_URAM">   --->   Core 95 'RAM_2P_URAM' <Latency = 1> <II = 1> <Delay = 2.66> <Storage> <Opcode : 'load' 'store'> <Ports = 2> <Width = 32> <Depth = 524288> <RAM>
ST_7 : Operation 52 [1/1] (0.00ns)   --->   "%br_ln21740 = br void %for.inc.i275" [/home/silvenchen/Desktop/DitBlock/WorkDCT/DitBlock/kernel.cpp:21740->/home/silvenchen/Desktop/DitBlock/WorkDCT/DitBlock/kernel.cpp:25470]   --->   Operation 52 'br' 'br_ln21740' <Predicate = true> <Delay = 0.00>


============================================================
+ Verbose Summary: Timing violations
============================================================
Target clock period: 10.000ns, clock uncertainty: 2.700ns.

 <State 1>: 0.387ns
The critical path consists of the following:
	'alloca' operation 20 bit ('indvar_flatten160') [6]  (0.000 ns)
	'store' operation 0 bit ('store_ln0') of constant 0 on local variable 'indvar_flatten160' [9]  (0.387 ns)

 <State 2>: 4.503ns
The critical path consists of the following:
	'load' operation 11 bit ('i20_load', /home/silvenchen/Desktop/DitBlock/WorkDCT/DitBlock/kernel.cpp:21739->/home/silvenchen/Desktop/DitBlock/WorkDCT/DitBlock/kernel.cpp:25470) on local variable 'i20', /home/silvenchen/Desktop/DitBlock/WorkDCT/DitBlock/kernel.cpp:21739->/home/silvenchen/Desktop/DitBlock/WorkDCT/DitBlock/kernel.cpp:25470 [20]  (0.000 ns)
	'add' operation 11 bit ('add_ln21739_1', /home/silvenchen/Desktop/DitBlock/WorkDCT/DitBlock/kernel.cpp:21739->/home/silvenchen/Desktop/DitBlock/WorkDCT/DitBlock/kernel.cpp:25470) [21]  (0.735 ns)
	'select' operation 11 bit ('select_ln21739_1', /home/silvenchen/Desktop/DitBlock/WorkDCT/DitBlock/kernel.cpp:21739->/home/silvenchen/Desktop/DitBlock/WorkDCT/DitBlock/kernel.cpp:25470) [26]  (0.301 ns)
	'add' operation 19 bit ('add_ln21744', /home/silvenchen/Desktop/DitBlock/WorkDCT/DitBlock/kernel.cpp:21744->/home/silvenchen/Desktop/DitBlock/WorkDCT/DitBlock/kernel.cpp:25470) [31]  (0.803 ns)
	'getelementptr' operation 19 bit ('buffer_K_addr', /home/silvenchen/Desktop/DitBlock/WorkDCT/DitBlock/kernel.cpp:21741->/home/silvenchen/Desktop/DitBlock/WorkDCT/DitBlock/kernel.cpp:25470) [34]  (0.000 ns)
	'load' operation 32 bit ('v11886', /home/silvenchen/Desktop/DitBlock/WorkDCT/DitBlock/kernel.cpp:21741->/home/silvenchen/Desktop/DitBlock/WorkDCT/DitBlock/kernel.cpp:25470) on array 'buffer_K' [36]  (2.664 ns)

 <State 3>: 2.664ns
The critical path consists of the following:
	'load' operation 32 bit ('v11886', /home/silvenchen/Desktop/DitBlock/WorkDCT/DitBlock/kernel.cpp:21741->/home/silvenchen/Desktop/DitBlock/WorkDCT/DitBlock/kernel.cpp:25470) on array 'buffer_K' [36]  (2.664 ns)

 <State 4>: 6.149ns
The critical path consists of the following:
	'fadd' operation 32 bit ('v11888', /home/silvenchen/Desktop/DitBlock/WorkDCT/DitBlock/kernel.cpp:21743->/home/silvenchen/Desktop/DitBlock/WorkDCT/DitBlock/kernel.cpp:25470) [39]  (6.149 ns)

 <State 5>: 6.149ns
The critical path consists of the following:
	'fadd' operation 32 bit ('v11888', /home/silvenchen/Desktop/DitBlock/WorkDCT/DitBlock/kernel.cpp:21743->/home/silvenchen/Desktop/DitBlock/WorkDCT/DitBlock/kernel.cpp:25470) [39]  (6.149 ns)

 <State 6>: 6.149ns
The critical path consists of the following:
	'fadd' operation 32 bit ('v11888', /home/silvenchen/Desktop/DitBlock/WorkDCT/DitBlock/kernel.cpp:21743->/home/silvenchen/Desktop/DitBlock/WorkDCT/DitBlock/kernel.cpp:25470) [39]  (6.149 ns)

 <State 7>: 2.664ns
The critical path consists of the following:
	'getelementptr' operation 19 bit ('buffer_Q_addr', /home/silvenchen/Desktop/DitBlock/WorkDCT/DitBlock/kernel.cpp:21744->/home/silvenchen/Desktop/DitBlock/WorkDCT/DitBlock/kernel.cpp:25470) [33]  (0.000 ns)
	'store' operation 0 bit ('store_ln21744', /home/silvenchen/Desktop/DitBlock/WorkDCT/DitBlock/kernel.cpp:21744->/home/silvenchen/Desktop/DitBlock/WorkDCT/DitBlock/kernel.cpp:25470) of variable 'v11888', /home/silvenchen/Desktop/DitBlock/WorkDCT/DitBlock/kernel.cpp:21743->/home/silvenchen/Desktop/DitBlock/WorkDCT/DitBlock/kernel.cpp:25470 on array 'buffer_Q' [40]  (2.664 ns)


============================================================
+ Verbose Summary: Binding
============================================================
N/A
* FSMD analyzer results:
  - Output states:
 - Input state : 
  - Chain level:
	State 1
	State 2
	State 3
	State 4
	State 5
	State 6
	State 7


============================================================
+ Verbose Summary: Datapath Resource usage 
============================================================
N/A
