

================================================================
== Vitis HLS Report for 'dataflow_in_loop_l_ni4_Loop_l_load_B_tile_bk4_proc4929'
================================================================
* Date:           Mon Feb 17 20:38:08 2025

* Version:        2023.2 (Build 4023990 on Oct 11 2023)
* Project:        DitBlock
* Solution:       hls (Vivado IP Flow Target)
* Product family: virtexuplusHBM
* Target device:  xcu280-fsvh2892-2L-e


================================================================
== Performance Estimates
================================================================
+ Timing: 
    * Summary: 
    +--------+----------+----------+------------+
    |  Clock |  Target  | Estimated| Uncertainty|
    +--------+----------+----------+------------+
    |ap_clk  |  10.00 ns|  3.419 ns|     2.70 ns|
    +--------+----------+----------+------------+

+ Latency: 
    * Summary: 
    +---------+---------+----------+----------+-----+-----+---------+
    |  Latency (cycles) |  Latency (absolute) |  Interval | Pipeline|
    |   min   |   max   |    min   |    max   | min | max |   Type  |
    +---------+---------+----------+----------+-----+-----+---------+
    |      514|      514|  5.140 us|  5.140 us|  514|  514|       no|
    +---------+---------+----------+----------+-----+-----+---------+

    + Detail: 
        * Instance: 
        N/A

        * Loop: 
        +---------------------------+---------+---------+----------+-----------+-----------+------+----------+
        |                           |  Latency (cycles) | Iteration|  Initiation Interval  | Trip |          |
        |         Loop Name         |   min   |   max   |  Latency |  achieved |   target  | Count| Pipelined|
        +---------------------------+---------+---------+----------+-----------+-----------+------+----------+
        |- l_load_B_tile_bk4_l_bj4  |      512|      512|         2|          1|          1|   512|       yes|
        +---------------------------+---------+---------+----------+-----------+-----------+------+----------+



================================================================
== Utilization Estimates
================================================================
* Summary: 
+---------------------+---------+------+---------+---------+-----+
|         Name        | BRAM_18K|  DSP |    FF   |   LUT   | URAM|
+---------------------+---------+------+---------+---------+-----+
|DSP                  |        -|     -|        -|        -|    -|
|Expression           |        -|     -|        0|      107|    -|
|FIFO                 |        -|     -|        -|        -|    -|
|Instance             |        -|     -|        -|        -|    -|
|Memory               |        -|     -|        -|        -|    -|
|Multiplexer          |        -|     -|        -|       72|    -|
|Register             |        -|     -|       34|        -|    -|
+---------------------+---------+------+---------+---------+-----+
|Total                |        0|     0|       34|      179|    0|
+---------------------+---------+------+---------+---------+-----+
|Available SLR        |     1344|  3008|   869120|   434560|  320|
+---------------------+---------+------+---------+---------+-----+
|Utilization SLR (%)  |        0|     0|       ~0|       ~0|    0|
+---------------------+---------+------+---------+---------+-----+
|Available            |     4032|  9024|  2607360|  1303680|  960|
+---------------------+---------+------+---------+---------+-----+
|Utilization (%)      |        0|     0|       ~0|       ~0|    0|
+---------------------+---------+------+---------+---------+-----+

+ Detail: 
    * Instance: 
    N/A

    * DSP: 
    N/A

    * Memory: 
    N/A

    * FIFO: 
    N/A

    * Expression: 
    +----------------------------+----------+----+---+----+------------+------------+
    |        Variable Name       | Operation| DSP| FF| LUT| Bitwidth P0| Bitwidth P1|
    +----------------------------+----------+----+---+----+------------+------------+
    |add_ln12487_1_fu_261_p2     |         +|   0|  0|  14|           7|           1|
    |add_ln12487_fu_249_p2       |         +|   0|  0|  17|          10|           1|
    |add_ln12488_fu_320_p2       |         +|   0|  0|  12|           4|           1|
    |add_ln12490_fu_297_p2       |         +|   0|  0|  17|          10|          10|
    |ap_condition_152            |       and|   0|  0|   2|           1|           1|
    |icmp_ln12487_fu_243_p2      |      icmp|   0|  0|  18|          10|          11|
    |icmp_ln12488_fu_267_p2      |      icmp|   0|  0|  12|           4|           5|
    |ap_block_pp0_stage0_11001   |        or|   0|  0|   2|           1|           1|
    |select_ln12487_1_fu_281_p3  |    select|   0|  0|   7|           1|           7|
    |select_ln12487_fu_273_p3    |    select|   0|  0|   4|           1|           1|
    |ap_enable_pp0               |       xor|   0|  0|   2|           1|           2|
    +----------------------------+----------+----+---+----+------------+------------+
    |Total                       |          |   0|  0| 107|          50|          41|
    +----------------------------+----------+----+---+----+------------+------------+

    * Multiplexer: 
    +----------------------------------------+----+-----------+-----+-----------+
    |                  Name                  | LUT| Input Size| Bits| Total Bits|
    +----------------------------------------+----+-----------+-----+-----------+
    |ap_done_int                             |   9|          2|    1|          2|
    |ap_enable_reg_pp0_iter1                 |   9|          2|    1|          2|
    |ap_sig_allocacmp_bj4_load               |   9|          2|    4|          8|
    |ap_sig_allocacmp_bk4_load               |   9|          2|    7|         14|
    |ap_sig_allocacmp_indvar_flatten_i_load  |   9|          2|   10|         20|
    |bj4_fu_74                               |   9|          2|    4|          8|
    |bk4_fu_78                               |   9|          2|    7|         14|
    |indvar_flatten_i_fu_82                  |   9|          2|   10|         20|
    +----------------------------------------+----+-----------+-----+-----------+
    |Total                                   |  72|         16|   44|         88|
    +----------------------------------------+----+-----------+-----+-----------+

    * Register: 
    +--------------------------+----+----+-----+-----------+
    |           Name           | FF | LUT| Bits| Const Bits|
    +--------------------------+----+----+-----+-----------+
    |ap_CS_fsm                 |   1|   0|    1|          0|
    |ap_done_reg               |   1|   0|    1|          0|
    |ap_enable_reg_pp0_iter1   |   1|   0|    1|          0|
    |bj4_fu_74                 |   4|   0|    4|          0|
    |bk4_fu_78                 |   7|   0|    7|          0|
    |indvar_flatten_i_fu_82    |  10|   0|   10|          0|
    |select_ln12487_1_reg_376  |   7|   0|    7|          0|
    |trunc_ln12488_reg_386     |   3|   0|    3|          0|
    +--------------------------+----+----+-----+-----------+
    |Total                     |  34|   0|   34|          0|
    +--------------------------+----+----+-----+-----------+



================================================================
== Interface
================================================================
* Summary: 
+-----------------------+-----+-----+------------+--------------------------------------------------------+--------------+
|       RTL Ports       | Dir | Bits|  Protocol  |                      Source Object                     |    C Type    |
+-----------------------+-----+-----+------------+--------------------------------------------------------+--------------+
|ap_clk                 |   in|    1|  ap_ctrl_hs|  dataflow_in_loop_l_ni4_Loop_l_load_B_tile_bk4_proc4929|  return value|
|ap_rst                 |   in|    1|  ap_ctrl_hs|  dataflow_in_loop_l_ni4_Loop_l_load_B_tile_bk4_proc4929|  return value|
|ap_start               |   in|    1|  ap_ctrl_hs|  dataflow_in_loop_l_ni4_Loop_l_load_B_tile_bk4_proc4929|  return value|
|ap_done                |  out|    1|  ap_ctrl_hs|  dataflow_in_loop_l_ni4_Loop_l_load_B_tile_bk4_proc4929|  return value|
|ap_continue            |   in|    1|  ap_ctrl_hs|  dataflow_in_loop_l_ni4_Loop_l_load_B_tile_bk4_proc4929|  return value|
|ap_idle                |  out|    1|  ap_ctrl_hs|  dataflow_in_loop_l_ni4_Loop_l_load_B_tile_bk4_proc4929|  return value|
|ap_ready               |  out|    1|  ap_ctrl_hs|  dataflow_in_loop_l_ni4_Loop_l_load_B_tile_bk4_proc4929|  return value|
|local_B4_i_address0    |  out|    6|   ap_memory|                                              local_B4_i|         array|
|local_B4_i_ce0         |  out|    1|   ap_memory|                                              local_B4_i|         array|
|local_B4_i_we0         |  out|    1|   ap_memory|                                              local_B4_i|         array|
|local_B4_i_d0          |  out|   32|   ap_memory|                                              local_B4_i|         array|
|local_B4_1_i_address0  |  out|    6|   ap_memory|                                            local_B4_1_i|         array|
|local_B4_1_i_ce0       |  out|    1|   ap_memory|                                            local_B4_1_i|         array|
|local_B4_1_i_we0       |  out|    1|   ap_memory|                                            local_B4_1_i|         array|
|local_B4_1_i_d0        |  out|   32|   ap_memory|                                            local_B4_1_i|         array|
|local_B4_2_i_address0  |  out|    6|   ap_memory|                                            local_B4_2_i|         array|
|local_B4_2_i_ce0       |  out|    1|   ap_memory|                                            local_B4_2_i|         array|
|local_B4_2_i_we0       |  out|    1|   ap_memory|                                            local_B4_2_i|         array|
|local_B4_2_i_d0        |  out|   32|   ap_memory|                                            local_B4_2_i|         array|
|local_B4_3_i_address0  |  out|    6|   ap_memory|                                            local_B4_3_i|         array|
|local_B4_3_i_ce0       |  out|    1|   ap_memory|                                            local_B4_3_i|         array|
|local_B4_3_i_we0       |  out|    1|   ap_memory|                                            local_B4_3_i|         array|
|local_B4_3_i_d0        |  out|   32|   ap_memory|                                            local_B4_3_i|         array|
|local_B4_4_i_address0  |  out|    6|   ap_memory|                                            local_B4_4_i|         array|
|local_B4_4_i_ce0       |  out|    1|   ap_memory|                                            local_B4_4_i|         array|
|local_B4_4_i_we0       |  out|    1|   ap_memory|                                            local_B4_4_i|         array|
|local_B4_4_i_d0        |  out|   32|   ap_memory|                                            local_B4_4_i|         array|
|local_B4_5_i_address0  |  out|    6|   ap_memory|                                            local_B4_5_i|         array|
|local_B4_5_i_ce0       |  out|    1|   ap_memory|                                            local_B4_5_i|         array|
|local_B4_5_i_we0       |  out|    1|   ap_memory|                                            local_B4_5_i|         array|
|local_B4_5_i_d0        |  out|   32|   ap_memory|                                            local_B4_5_i|         array|
|local_B4_6_i_address0  |  out|    6|   ap_memory|                                            local_B4_6_i|         array|
|local_B4_6_i_ce0       |  out|    1|   ap_memory|                                            local_B4_6_i|         array|
|local_B4_6_i_we0       |  out|    1|   ap_memory|                                            local_B4_6_i|         array|
|local_B4_6_i_d0        |  out|   32|   ap_memory|                                            local_B4_6_i|         array|
|local_B4_7_i_address0  |  out|    6|   ap_memory|                                            local_B4_7_i|         array|
|local_B4_7_i_ce0       |  out|    1|   ap_memory|                                            local_B4_7_i|         array|
|local_B4_7_i_we0       |  out|    1|   ap_memory|                                            local_B4_7_i|         array|
|local_B4_7_i_d0        |  out|   32|   ap_memory|                                            local_B4_7_i|         array|
|ni4                    |   in|    7|     ap_none|                                                     ni4|        scalar|
|v6883_address0         |  out|   16|   ap_memory|                                                   v6883|         array|
|v6883_ce0              |  out|    1|   ap_memory|                                                   v6883|         array|
|v6883_q0               |   in|   32|   ap_memory|                                                   v6883|         array|
+-----------------------+-----+-----+------------+--------------------------------------------------------+--------------+

============================================================
+ Verbose Summary: Synthesis Manager
============================================================
InlineROM: 1
ExposeGlobal: 0
============================================================
+ Verbose Summary: CDFG Model
============================================================
IsTopModel: 0
ResetActiveHigh: 1
IsCombinational: 2
IsDatapathOnly: 0
HasWiredReturn: 1
HasMFsm: 2
HasVarLatency: 1
IsPipeline: 0
IsRtlPipelined: 0
IsInstanceOverlapped: 0
IsDontTouch: 0
HasImplIP: 0
IsGatedGlobalClock: 0

+ Individual pipeline summary: 
  * Pipeline-0: initiation interval (II) = 1, depth = 2


============================================================
+ Verbose Summary: Schedule
============================================================
* Number of FSM states : 2
* Pipeline : 1
  Pipeline-0 : II = 1, D = 2, States = { 1 2 }
* Dataflow Pipeline: 0

* FSM state transitions: 
1 --> 2 
2 --> 

* FSM state operations: 

State 1 <SV = 0> <Delay = 3.41>
ST_1 : Operation 5 [1/1] (0.00ns)   --->   "%bj4 = alloca i32 1" [/home/silvenchen/Desktop/DitBlock/WorkDCT/DitBlock/kernel.cpp:12488]   --->   Operation 5 'alloca' 'bj4' <Predicate = true> <Delay = 0.00>
ST_1 : Operation 6 [1/1] (0.00ns)   --->   "%bk4 = alloca i32 1" [/home/silvenchen/Desktop/DitBlock/WorkDCT/DitBlock/kernel.cpp:12487]   --->   Operation 6 'alloca' 'bk4' <Predicate = true> <Delay = 0.00>
ST_1 : Operation 7 [1/1] (0.00ns)   --->   "%indvar_flatten_i = alloca i32 1"   --->   Operation 7 'alloca' 'indvar_flatten_i' <Predicate = true> <Delay = 0.00>
ST_1 : Operation 8 [1/1] (1.42ns)   --->   "%ni4_read = read i7 @_ssdm_op_Read.ap_auto.i7, i7 %ni4"   --->   Operation 8 'read' 'ni4_read' <Predicate = true> <Delay = 1.42> <CoreInst = "FIFO_SRL">   --->   Core 81 'FIFO_SRL' <Latency = 0> <II = 1> <Delay = 1.42> <Storage> <Opcode : 'read' 'write' 'nbread' 'nbwrite'> <Ports = 0> <Width = -1> <Depth = -1> <FIFO>
ST_1 : Operation 9 [1/1] (0.00ns)   --->   "%tmp_i = bitconcatenate i10 @_ssdm_op_BitConcatenate.i10.i7.i3, i7 %ni4_read, i3 0"   --->   Operation 9 'bitconcatenate' 'tmp_i' <Predicate = true> <Delay = 0.00>
ST_1 : Operation 10 [1/1] (0.38ns)   --->   "%store_ln0 = store i10 0, i10 %indvar_flatten_i"   --->   Operation 10 'store' 'store_ln0' <Predicate = true> <Delay = 0.38>
ST_1 : Operation 11 [1/1] (0.38ns)   --->   "%store_ln12487 = store i7 0, i7 %bk4" [/home/silvenchen/Desktop/DitBlock/WorkDCT/DitBlock/kernel.cpp:12487]   --->   Operation 11 'store' 'store_ln12487' <Predicate = true> <Delay = 0.38>
ST_1 : Operation 12 [1/1] (0.38ns)   --->   "%store_ln12488 = store i4 0, i4 %bj4" [/home/silvenchen/Desktop/DitBlock/WorkDCT/DitBlock/kernel.cpp:12488]   --->   Operation 12 'store' 'store_ln12488' <Predicate = true> <Delay = 0.38>
ST_1 : Operation 13 [1/1] (0.00ns)   --->   "%br_ln0 = br void %for.inc40.i.i"   --->   Operation 13 'br' 'br_ln0' <Predicate = true> <Delay = 0.00>
ST_1 : Operation 14 [1/1] (0.00ns)   --->   "%indvar_flatten_i_load = load i10 %indvar_flatten_i" [/home/silvenchen/Desktop/DitBlock/WorkDCT/DitBlock/kernel.cpp:12487]   --->   Operation 14 'load' 'indvar_flatten_i_load' <Predicate = true> <Delay = 0.00>
ST_1 : Operation 15 [1/1] (0.72ns)   --->   "%icmp_ln12487 = icmp_eq  i10 %indvar_flatten_i_load, i10 512" [/home/silvenchen/Desktop/DitBlock/WorkDCT/DitBlock/kernel.cpp:12487]   --->   Operation 15 'icmp' 'icmp_ln12487' <Predicate = true> <Delay = 0.72> <CoreInst = "Cmp">   --->   Core 9 'Cmp' <Latency = 0> <II = 1> <Delay = 0.73> <FuncUnit> <Opcode : 'icmp'> <InPorts = 2> <OutPorts = 1>
ST_1 : Operation 16 [1/1] (0.72ns)   --->   "%add_ln12487 = add i10 %indvar_flatten_i_load, i10 1" [/home/silvenchen/Desktop/DitBlock/WorkDCT/DitBlock/kernel.cpp:12487]   --->   Operation 16 'add' 'add_ln12487' <Predicate = true> <Delay = 0.72> <CoreInst = "Adder">   --->   Core 1 'Adder' <Latency = 0> <II = 1> <Delay = 0.72> <FuncUnit> <Opcode : 'add' 'sub'> <InPorts = 2> <OutPorts = 1>
ST_1 : Operation 17 [1/1] (0.00ns)   --->   "%br_ln12487 = br i1 %icmp_ln12487, void %for.inc43.i.i, void %dataflow_in_loop_l_ni4_Loop_l_load_B_tile_bk4_proc49.exit" [/home/silvenchen/Desktop/DitBlock/WorkDCT/DitBlock/kernel.cpp:12487]   --->   Operation 17 'br' 'br_ln12487' <Predicate = true> <Delay = 0.00>
ST_1 : Operation 18 [1/1] (0.00ns)   --->   "%bj4_load = load i4 %bj4" [/home/silvenchen/Desktop/DitBlock/WorkDCT/DitBlock/kernel.cpp:12487]   --->   Operation 18 'load' 'bj4_load' <Predicate = (!icmp_ln12487)> <Delay = 0.00>
ST_1 : Operation 19 [1/1] (0.00ns)   --->   "%bk4_load = load i7 %bk4" [/home/silvenchen/Desktop/DitBlock/WorkDCT/DitBlock/kernel.cpp:12487]   --->   Operation 19 'load' 'bk4_load' <Predicate = (!icmp_ln12487)> <Delay = 0.00>
ST_1 : Operation 20 [1/1] (0.70ns)   --->   "%add_ln12487_1 = add i7 %bk4_load, i7 1" [/home/silvenchen/Desktop/DitBlock/WorkDCT/DitBlock/kernel.cpp:12487]   --->   Operation 20 'add' 'add_ln12487_1' <Predicate = (!icmp_ln12487)> <Delay = 0.70> <CoreInst = "Adder">   --->   Core 1 'Adder' <Latency = 0> <II = 1> <Delay = 0.70> <FuncUnit> <Opcode : 'add' 'sub'> <InPorts = 2> <OutPorts = 1>
ST_1 : Operation 21 [1/1] (0.70ns)   --->   "%icmp_ln12488 = icmp_eq  i4 %bj4_load, i4 8" [/home/silvenchen/Desktop/DitBlock/WorkDCT/DitBlock/kernel.cpp:12488]   --->   Operation 21 'icmp' 'icmp_ln12488' <Predicate = (!icmp_ln12487)> <Delay = 0.70> <CoreInst = "Cmp">   --->   Core 9 'Cmp' <Latency = 0> <II = 1> <Delay = 0.70> <FuncUnit> <Opcode : 'icmp'> <InPorts = 2> <OutPorts = 1>
ST_1 : Operation 22 [1/1] (0.35ns)   --->   "%select_ln12487 = select i1 %icmp_ln12488, i4 0, i4 %bj4_load" [/home/silvenchen/Desktop/DitBlock/WorkDCT/DitBlock/kernel.cpp:12487]   --->   Operation 22 'select' 'select_ln12487' <Predicate = (!icmp_ln12487)> <Delay = 0.35> <CoreInst = "Sel">   --->   Core 73 'Sel' <Latency = 0> <II = 1> <Delay = 0.35> <FuncUnit> <Opcode : 'select'> <InPorts = 3> <OutPorts = 1>
ST_1 : Operation 23 [1/1] (0.30ns)   --->   "%select_ln12487_1 = select i1 %icmp_ln12488, i7 %add_ln12487_1, i7 %bk4_load" [/home/silvenchen/Desktop/DitBlock/WorkDCT/DitBlock/kernel.cpp:12487]   --->   Operation 23 'select' 'select_ln12487_1' <Predicate = (!icmp_ln12487)> <Delay = 0.30> <CoreInst = "Sel">   --->   Core 73 'Sel' <Latency = 0> <II = 1> <Delay = 0.30> <FuncUnit> <Opcode : 'select'> <InPorts = 3> <OutPorts = 1>
ST_1 : Operation 24 [1/1] (0.00ns)   --->   "%trunc_ln12487 = trunc i7 %select_ln12487_1" [/home/silvenchen/Desktop/DitBlock/WorkDCT/DitBlock/kernel.cpp:12487]   --->   Operation 24 'trunc' 'trunc_ln12487' <Predicate = (!icmp_ln12487)> <Delay = 0.00>
ST_1 : Operation 25 [1/1] (0.00ns)   --->   "%zext_ln12488 = zext i4 %select_ln12487" [/home/silvenchen/Desktop/DitBlock/WorkDCT/DitBlock/kernel.cpp:12488]   --->   Operation 25 'zext' 'zext_ln12488' <Predicate = (!icmp_ln12487)> <Delay = 0.00>
ST_1 : Operation 26 [1/1] (0.72ns)   --->   "%add_ln12490 = add i10 %tmp_i, i10 %zext_ln12488" [/home/silvenchen/Desktop/DitBlock/WorkDCT/DitBlock/kernel.cpp:12490]   --->   Operation 26 'add' 'add_ln12490' <Predicate = (!icmp_ln12487)> <Delay = 0.72> <CoreInst = "Adder">   --->   Core 1 'Adder' <Latency = 0> <II = 1> <Delay = 0.72> <FuncUnit> <Opcode : 'add' 'sub'> <InPorts = 2> <OutPorts = 1>
ST_1 : Operation 27 [1/1] (0.00ns)   --->   "%tmp_58_i = bitconcatenate i16 @_ssdm_op_BitConcatenate.i16.i6.i10, i6 %trunc_ln12487, i10 %add_ln12490" [/home/silvenchen/Desktop/DitBlock/WorkDCT/DitBlock/kernel.cpp:12490]   --->   Operation 27 'bitconcatenate' 'tmp_58_i' <Predicate = (!icmp_ln12487)> <Delay = 0.00>
ST_1 : Operation 28 [1/1] (0.00ns)   --->   "%zext_ln12490 = zext i16 %tmp_58_i" [/home/silvenchen/Desktop/DitBlock/WorkDCT/DitBlock/kernel.cpp:12490]   --->   Operation 28 'zext' 'zext_ln12490' <Predicate = (!icmp_ln12487)> <Delay = 0.00>
ST_1 : Operation 29 [1/1] (0.00ns)   --->   "%v6883_addr = getelementptr i32 %v6883, i64 0, i64 %zext_ln12490" [/home/silvenchen/Desktop/DitBlock/WorkDCT/DitBlock/kernel.cpp:12490]   --->   Operation 29 'getelementptr' 'v6883_addr' <Predicate = (!icmp_ln12487)> <Delay = 0.00>
ST_1 : Operation 30 [2/2] (1.24ns)   --->   "%v6897 = load i16 %v6883_addr" [/home/silvenchen/Desktop/DitBlock/WorkDCT/DitBlock/kernel.cpp:12490]   --->   Operation 30 'load' 'v6897' <Predicate = (!icmp_ln12487)> <Delay = 1.24> <CoreInst = "RAM">   --->   Core 83 'RAM' <Latency = 1> <II = 1> <Delay = 1.24> <Storage> <Opcode : 'load' 'store'> <Ports = 2> <Width = 32> <Depth = 65536> <RAM>
ST_1 : Operation 31 [1/1] (0.00ns)   --->   "%trunc_ln12488 = trunc i4 %select_ln12487" [/home/silvenchen/Desktop/DitBlock/WorkDCT/DitBlock/kernel.cpp:12488]   --->   Operation 31 'trunc' 'trunc_ln12488' <Predicate = (!icmp_ln12487)> <Delay = 0.00>
ST_1 : Operation 32 [1/1] (0.67ns)   --->   "%switch_ln12491 = switch i3 %trunc_ln12488, void %arrayidx394.case.7.i.i, i3 0, void %arrayidx394.case.0.i.i, i3 1, void %arrayidx394.case.1.i.i, i3 2, void %arrayidx394.case.2.i.i, i3 3, void %arrayidx394.case.3.i.i, i3 4, void %arrayidx394.case.4.i.i, i3 5, void %arrayidx394.case.5.i.i, i3 6, void %arrayidx394.case.6.i.i" [/home/silvenchen/Desktop/DitBlock/WorkDCT/DitBlock/kernel.cpp:12491]   --->   Operation 32 'switch' 'switch_ln12491' <Predicate = (!icmp_ln12487)> <Delay = 0.67>
ST_1 : Operation 33 [1/1] (0.70ns)   --->   "%add_ln12488 = add i4 %select_ln12487, i4 1" [/home/silvenchen/Desktop/DitBlock/WorkDCT/DitBlock/kernel.cpp:12488]   --->   Operation 33 'add' 'add_ln12488' <Predicate = (!icmp_ln12487)> <Delay = 0.70> <CoreInst = "Adder">   --->   Core 1 'Adder' <Latency = 0> <II = 1> <Delay = 0.70> <FuncUnit> <Opcode : 'add' 'sub'> <InPorts = 2> <OutPorts = 1>
ST_1 : Operation 34 [1/1] (0.38ns)   --->   "%store_ln12487 = store i10 %add_ln12487, i10 %indvar_flatten_i" [/home/silvenchen/Desktop/DitBlock/WorkDCT/DitBlock/kernel.cpp:12487]   --->   Operation 34 'store' 'store_ln12487' <Predicate = (!icmp_ln12487)> <Delay = 0.38>
ST_1 : Operation 35 [1/1] (0.38ns)   --->   "%store_ln12487 = store i7 %select_ln12487_1, i7 %bk4" [/home/silvenchen/Desktop/DitBlock/WorkDCT/DitBlock/kernel.cpp:12487]   --->   Operation 35 'store' 'store_ln12487' <Predicate = (!icmp_ln12487)> <Delay = 0.38>
ST_1 : Operation 36 [1/1] (0.38ns)   --->   "%store_ln12488 = store i4 %add_ln12488, i4 %bj4" [/home/silvenchen/Desktop/DitBlock/WorkDCT/DitBlock/kernel.cpp:12488]   --->   Operation 36 'store' 'store_ln12488' <Predicate = (!icmp_ln12487)> <Delay = 0.38>
ST_1 : Operation 37 [1/1] (0.00ns)   --->   "%br_ln12488 = br void %for.inc40.i.i" [/home/silvenchen/Desktop/DitBlock/WorkDCT/DitBlock/kernel.cpp:12488]   --->   Operation 37 'br' 'br_ln12488' <Predicate = (!icmp_ln12487)> <Delay = 0.00>
ST_1 : Operation 67 [1/1] (0.00ns)   --->   "%ret_ln0 = ret"   --->   Operation 67 'ret' 'ret_ln0' <Predicate = (icmp_ln12487)> <Delay = 0.00>

State 2 <SV = 1> <Delay = 1.94>
ST_2 : Operation 38 [1/1] (0.00ns)   --->   "%specloopname_ln0 = specloopname void @_ssdm_op_SpecLoopName, void @l_load_B_tile_bk4_l_bj4_str"   --->   Operation 38 'specloopname' 'specloopname_ln0' <Predicate = true> <Delay = 0.00>
ST_2 : Operation 39 [1/1] (0.00ns)   --->   "%speclooptripcount_ln0 = speclooptripcount void @_ssdm_op_SpecLoopTripCount, i64 512, i64 512, i64 512"   --->   Operation 39 'speclooptripcount' 'speclooptripcount_ln0' <Predicate = true> <Delay = 0.00>
ST_2 : Operation 40 [1/1] (0.00ns)   --->   "%zext_ln12487 = zext i7 %select_ln12487_1" [/home/silvenchen/Desktop/DitBlock/WorkDCT/DitBlock/kernel.cpp:12487]   --->   Operation 40 'zext' 'zext_ln12487' <Predicate = true> <Delay = 0.00>
ST_2 : Operation 41 [1/1] (0.00ns)   --->   "%local_B4_7_i_addr = getelementptr i32 %local_B4_7_i, i64 0, i64 %zext_ln12487" [/home/silvenchen/Desktop/DitBlock/WorkDCT/DitBlock/kernel.cpp:12487]   --->   Operation 41 'getelementptr' 'local_B4_7_i_addr' <Predicate = true> <Delay = 0.00>
ST_2 : Operation 42 [1/1] (0.00ns)   --->   "%local_B4_6_i_addr = getelementptr i32 %local_B4_6_i, i64 0, i64 %zext_ln12487" [/home/silvenchen/Desktop/DitBlock/WorkDCT/DitBlock/kernel.cpp:12487]   --->   Operation 42 'getelementptr' 'local_B4_6_i_addr' <Predicate = true> <Delay = 0.00>
ST_2 : Operation 43 [1/1] (0.00ns)   --->   "%local_B4_5_i_addr = getelementptr i32 %local_B4_5_i, i64 0, i64 %zext_ln12487" [/home/silvenchen/Desktop/DitBlock/WorkDCT/DitBlock/kernel.cpp:12487]   --->   Operation 43 'getelementptr' 'local_B4_5_i_addr' <Predicate = true> <Delay = 0.00>
ST_2 : Operation 44 [1/1] (0.00ns)   --->   "%local_B4_4_i_addr = getelementptr i32 %local_B4_4_i, i64 0, i64 %zext_ln12487" [/home/silvenchen/Desktop/DitBlock/WorkDCT/DitBlock/kernel.cpp:12487]   --->   Operation 44 'getelementptr' 'local_B4_4_i_addr' <Predicate = true> <Delay = 0.00>
ST_2 : Operation 45 [1/1] (0.00ns)   --->   "%local_B4_3_i_addr = getelementptr i32 %local_B4_3_i, i64 0, i64 %zext_ln12487" [/home/silvenchen/Desktop/DitBlock/WorkDCT/DitBlock/kernel.cpp:12487]   --->   Operation 45 'getelementptr' 'local_B4_3_i_addr' <Predicate = true> <Delay = 0.00>
ST_2 : Operation 46 [1/1] (0.00ns)   --->   "%local_B4_2_i_addr = getelementptr i32 %local_B4_2_i, i64 0, i64 %zext_ln12487" [/home/silvenchen/Desktop/DitBlock/WorkDCT/DitBlock/kernel.cpp:12487]   --->   Operation 46 'getelementptr' 'local_B4_2_i_addr' <Predicate = true> <Delay = 0.00>
ST_2 : Operation 47 [1/1] (0.00ns)   --->   "%local_B4_1_i_addr = getelementptr i32 %local_B4_1_i, i64 0, i64 %zext_ln12487" [/home/silvenchen/Desktop/DitBlock/WorkDCT/DitBlock/kernel.cpp:12487]   --->   Operation 47 'getelementptr' 'local_B4_1_i_addr' <Predicate = true> <Delay = 0.00>
ST_2 : Operation 48 [1/1] (0.00ns)   --->   "%local_B4_i_addr = getelementptr i32 %local_B4_i, i64 0, i64 %zext_ln12487" [/home/silvenchen/Desktop/DitBlock/WorkDCT/DitBlock/kernel.cpp:12487]   --->   Operation 48 'getelementptr' 'local_B4_i_addr' <Predicate = true> <Delay = 0.00>
ST_2 : Operation 49 [1/1] (0.00ns)   --->   "%specpipeline_ln12489 = specpipeline void @_ssdm_op_SpecPipeline, i32 1, i32 0, i32 0, i32 0, void @empty_191" [/home/silvenchen/Desktop/DitBlock/WorkDCT/DitBlock/kernel.cpp:12489]   --->   Operation 49 'specpipeline' 'specpipeline_ln12489' <Predicate = true> <Delay = 0.00>
ST_2 : Operation 50 [1/2] (1.24ns)   --->   "%v6897 = load i16 %v6883_addr" [/home/silvenchen/Desktop/DitBlock/WorkDCT/DitBlock/kernel.cpp:12490]   --->   Operation 50 'load' 'v6897' <Predicate = true> <Delay = 1.24> <CoreInst = "RAM">   --->   Core 83 'RAM' <Latency = 1> <II = 1> <Delay = 1.24> <Storage> <Opcode : 'load' 'store'> <Ports = 2> <Width = 32> <Depth = 65536> <RAM>
ST_2 : Operation 51 [1/1] (0.69ns)   --->   "%store_ln12491 = store i32 %v6897, i6 %local_B4_1_i_addr" [/home/silvenchen/Desktop/DitBlock/WorkDCT/DitBlock/kernel.cpp:12491]   --->   Operation 51 'store' 'store_ln12491' <Predicate = (trunc_ln12488 == 6)> <Delay = 0.69> <CoreInst = "RAM">   --->   Core 83 'RAM' <Latency = 1> <II = 1> <Delay = 0.69> <Storage> <Opcode : 'load' 'store'> <Ports = 2> <Width = 32> <Depth = 64> <RAM>
ST_2 : Operation 52 [1/1] (0.00ns)   --->   "%br_ln12491 = br void %arrayidx394.exit.i.i" [/home/silvenchen/Desktop/DitBlock/WorkDCT/DitBlock/kernel.cpp:12491]   --->   Operation 52 'br' 'br_ln12491' <Predicate = (trunc_ln12488 == 6)> <Delay = 0.00>
ST_2 : Operation 53 [1/1] (0.69ns)   --->   "%store_ln12491 = store i32 %v6897, i6 %local_B4_2_i_addr" [/home/silvenchen/Desktop/DitBlock/WorkDCT/DitBlock/kernel.cpp:12491]   --->   Operation 53 'store' 'store_ln12491' <Predicate = (trunc_ln12488 == 5)> <Delay = 0.69> <CoreInst = "RAM">   --->   Core 83 'RAM' <Latency = 1> <II = 1> <Delay = 0.69> <Storage> <Opcode : 'load' 'store'> <Ports = 2> <Width = 32> <Depth = 64> <RAM>
ST_2 : Operation 54 [1/1] (0.00ns)   --->   "%br_ln12491 = br void %arrayidx394.exit.i.i" [/home/silvenchen/Desktop/DitBlock/WorkDCT/DitBlock/kernel.cpp:12491]   --->   Operation 54 'br' 'br_ln12491' <Predicate = (trunc_ln12488 == 5)> <Delay = 0.00>
ST_2 : Operation 55 [1/1] (0.69ns)   --->   "%store_ln12491 = store i32 %v6897, i6 %local_B4_3_i_addr" [/home/silvenchen/Desktop/DitBlock/WorkDCT/DitBlock/kernel.cpp:12491]   --->   Operation 55 'store' 'store_ln12491' <Predicate = (trunc_ln12488 == 4)> <Delay = 0.69> <CoreInst = "RAM">   --->   Core 83 'RAM' <Latency = 1> <II = 1> <Delay = 0.69> <Storage> <Opcode : 'load' 'store'> <Ports = 2> <Width = 32> <Depth = 64> <RAM>
ST_2 : Operation 56 [1/1] (0.00ns)   --->   "%br_ln12491 = br void %arrayidx394.exit.i.i" [/home/silvenchen/Desktop/DitBlock/WorkDCT/DitBlock/kernel.cpp:12491]   --->   Operation 56 'br' 'br_ln12491' <Predicate = (trunc_ln12488 == 4)> <Delay = 0.00>
ST_2 : Operation 57 [1/1] (0.69ns)   --->   "%store_ln12491 = store i32 %v6897, i6 %local_B4_4_i_addr" [/home/silvenchen/Desktop/DitBlock/WorkDCT/DitBlock/kernel.cpp:12491]   --->   Operation 57 'store' 'store_ln12491' <Predicate = (trunc_ln12488 == 3)> <Delay = 0.69> <CoreInst = "RAM">   --->   Core 83 'RAM' <Latency = 1> <II = 1> <Delay = 0.69> <Storage> <Opcode : 'load' 'store'> <Ports = 2> <Width = 32> <Depth = 64> <RAM>
ST_2 : Operation 58 [1/1] (0.00ns)   --->   "%br_ln12491 = br void %arrayidx394.exit.i.i" [/home/silvenchen/Desktop/DitBlock/WorkDCT/DitBlock/kernel.cpp:12491]   --->   Operation 58 'br' 'br_ln12491' <Predicate = (trunc_ln12488 == 3)> <Delay = 0.00>
ST_2 : Operation 59 [1/1] (0.69ns)   --->   "%store_ln12491 = store i32 %v6897, i6 %local_B4_5_i_addr" [/home/silvenchen/Desktop/DitBlock/WorkDCT/DitBlock/kernel.cpp:12491]   --->   Operation 59 'store' 'store_ln12491' <Predicate = (trunc_ln12488 == 2)> <Delay = 0.69> <CoreInst = "RAM">   --->   Core 83 'RAM' <Latency = 1> <II = 1> <Delay = 0.69> <Storage> <Opcode : 'load' 'store'> <Ports = 2> <Width = 32> <Depth = 64> <RAM>
ST_2 : Operation 60 [1/1] (0.00ns)   --->   "%br_ln12491 = br void %arrayidx394.exit.i.i" [/home/silvenchen/Desktop/DitBlock/WorkDCT/DitBlock/kernel.cpp:12491]   --->   Operation 60 'br' 'br_ln12491' <Predicate = (trunc_ln12488 == 2)> <Delay = 0.00>
ST_2 : Operation 61 [1/1] (0.69ns)   --->   "%store_ln12491 = store i32 %v6897, i6 %local_B4_6_i_addr" [/home/silvenchen/Desktop/DitBlock/WorkDCT/DitBlock/kernel.cpp:12491]   --->   Operation 61 'store' 'store_ln12491' <Predicate = (trunc_ln12488 == 1)> <Delay = 0.69> <CoreInst = "RAM">   --->   Core 83 'RAM' <Latency = 1> <II = 1> <Delay = 0.69> <Storage> <Opcode : 'load' 'store'> <Ports = 2> <Width = 32> <Depth = 64> <RAM>
ST_2 : Operation 62 [1/1] (0.00ns)   --->   "%br_ln12491 = br void %arrayidx394.exit.i.i" [/home/silvenchen/Desktop/DitBlock/WorkDCT/DitBlock/kernel.cpp:12491]   --->   Operation 62 'br' 'br_ln12491' <Predicate = (trunc_ln12488 == 1)> <Delay = 0.00>
ST_2 : Operation 63 [1/1] (0.69ns)   --->   "%store_ln12491 = store i32 %v6897, i6 %local_B4_7_i_addr" [/home/silvenchen/Desktop/DitBlock/WorkDCT/DitBlock/kernel.cpp:12491]   --->   Operation 63 'store' 'store_ln12491' <Predicate = (trunc_ln12488 == 0)> <Delay = 0.69> <CoreInst = "RAM">   --->   Core 83 'RAM' <Latency = 1> <II = 1> <Delay = 0.69> <Storage> <Opcode : 'load' 'store'> <Ports = 2> <Width = 32> <Depth = 64> <RAM>
ST_2 : Operation 64 [1/1] (0.00ns)   --->   "%br_ln12491 = br void %arrayidx394.exit.i.i" [/home/silvenchen/Desktop/DitBlock/WorkDCT/DitBlock/kernel.cpp:12491]   --->   Operation 64 'br' 'br_ln12491' <Predicate = (trunc_ln12488 == 0)> <Delay = 0.00>
ST_2 : Operation 65 [1/1] (0.69ns)   --->   "%store_ln12491 = store i32 %v6897, i6 %local_B4_i_addr" [/home/silvenchen/Desktop/DitBlock/WorkDCT/DitBlock/kernel.cpp:12491]   --->   Operation 65 'store' 'store_ln12491' <Predicate = (trunc_ln12488 == 7)> <Delay = 0.69> <CoreInst = "RAM">   --->   Core 83 'RAM' <Latency = 1> <II = 1> <Delay = 0.69> <Storage> <Opcode : 'load' 'store'> <Ports = 2> <Width = 32> <Depth = 64> <RAM>
ST_2 : Operation 66 [1/1] (0.00ns)   --->   "%br_ln12491 = br void %arrayidx394.exit.i.i" [/home/silvenchen/Desktop/DitBlock/WorkDCT/DitBlock/kernel.cpp:12491]   --->   Operation 66 'br' 'br_ln12491' <Predicate = (trunc_ln12488 == 7)> <Delay = 0.00>


============================================================
+ Verbose Summary: Binding
============================================================
STG Binding: 
---------------- STG Properties BEGIN ----------------
- Is combinational: 0
- Is one-state seq: 0
- Is datapath-only: 0
- Is pipelined: 0
- Is top level: 0
Port [ Return ] is wired: 1; IO mode=ap_ctrl_hs:ce=0
Port [ local_B4_i]:  wired=1; compound=1; hidden=0; nouse=0; global=0; static=0; extern=0; dir=1; type=1; pingpong=1; private_global=0; MemPort=[03]; IO mode=ap_memory:ce=0
Port [ local_B4_1_i]:  wired=1; compound=1; hidden=0; nouse=0; global=0; static=0; extern=0; dir=1; type=1; pingpong=1; private_global=0; MemPort=[03]; IO mode=ap_memory:ce=0
Port [ local_B4_2_i]:  wired=1; compound=1; hidden=0; nouse=0; global=0; static=0; extern=0; dir=1; type=1; pingpong=1; private_global=0; MemPort=[03]; IO mode=ap_memory:ce=0
Port [ local_B4_3_i]:  wired=1; compound=1; hidden=0; nouse=0; global=0; static=0; extern=0; dir=1; type=1; pingpong=1; private_global=0; MemPort=[03]; IO mode=ap_memory:ce=0
Port [ local_B4_4_i]:  wired=1; compound=1; hidden=0; nouse=0; global=0; static=0; extern=0; dir=1; type=1; pingpong=1; private_global=0; MemPort=[03]; IO mode=ap_memory:ce=0
Port [ local_B4_5_i]:  wired=1; compound=1; hidden=0; nouse=0; global=0; static=0; extern=0; dir=1; type=1; pingpong=1; private_global=0; MemPort=[03]; IO mode=ap_memory:ce=0
Port [ local_B4_6_i]:  wired=1; compound=1; hidden=0; nouse=0; global=0; static=0; extern=0; dir=1; type=1; pingpong=1; private_global=0; MemPort=[03]; IO mode=ap_memory:ce=0
Port [ local_B4_7_i]:  wired=1; compound=1; hidden=0; nouse=0; global=0; static=0; extern=0; dir=1; type=1; pingpong=1; private_global=0; MemPort=[03]; IO mode=ap_memory:ce=0
Port [ ni4]:  wired=1; compound=0; hidden=0; nouse=0; global=0; static=0; extern=0; dir=0; type=0; pingpong=0; private_global=0; IO mode=ap_none:ce=0
Port [ v6883]:  wired=1; compound=1; hidden=0; nouse=0; global=0; static=0; extern=0; dir=0; type=1; pingpong=0; private_global=0; MemPort=[13]; IO mode=ap_memory:ce=0
---------------- STG Properties END ------------------

---------------- Datapath Model BEGIN ----------------

<LifeTime>
<method=bitvector/>
bj4                   (alloca           ) [ 010]
bk4                   (alloca           ) [ 010]
indvar_flatten_i      (alloca           ) [ 010]
ni4_read              (read             ) [ 000]
tmp_i                 (bitconcatenate   ) [ 000]
store_ln0             (store            ) [ 000]
store_ln12487         (store            ) [ 000]
store_ln12488         (store            ) [ 000]
br_ln0                (br               ) [ 000]
indvar_flatten_i_load (load             ) [ 000]
icmp_ln12487          (icmp             ) [ 010]
add_ln12487           (add              ) [ 000]
br_ln12487            (br               ) [ 000]
bj4_load              (load             ) [ 000]
bk4_load              (load             ) [ 000]
add_ln12487_1         (add              ) [ 000]
icmp_ln12488          (icmp             ) [ 000]
select_ln12487        (select           ) [ 000]
select_ln12487_1      (select           ) [ 011]
trunc_ln12487         (trunc            ) [ 000]
zext_ln12488          (zext             ) [ 000]
add_ln12490           (add              ) [ 000]
tmp_58_i              (bitconcatenate   ) [ 000]
zext_ln12490          (zext             ) [ 000]
v6883_addr            (getelementptr    ) [ 011]
trunc_ln12488         (trunc            ) [ 011]
switch_ln12491        (switch           ) [ 000]
add_ln12488           (add              ) [ 000]
store_ln12487         (store            ) [ 000]
store_ln12487         (store            ) [ 000]
store_ln12488         (store            ) [ 000]
br_ln12488            (br               ) [ 000]
specloopname_ln0      (specloopname     ) [ 000]
speclooptripcount_ln0 (speclooptripcount) [ 000]
zext_ln12487          (zext             ) [ 000]
local_B4_7_i_addr     (getelementptr    ) [ 000]
local_B4_6_i_addr     (getelementptr    ) [ 000]
local_B4_5_i_addr     (getelementptr    ) [ 000]
local_B4_4_i_addr     (getelementptr    ) [ 000]
local_B4_3_i_addr     (getelementptr    ) [ 000]
local_B4_2_i_addr     (getelementptr    ) [ 000]
local_B4_1_i_addr     (getelementptr    ) [ 000]
local_B4_i_addr       (getelementptr    ) [ 000]
specpipeline_ln12489  (specpipeline     ) [ 000]
v6897                 (load             ) [ 000]
store_ln12491         (store            ) [ 000]
br_ln12491            (br               ) [ 000]
store_ln12491         (store            ) [ 000]
br_ln12491            (br               ) [ 000]
store_ln12491         (store            ) [ 000]
br_ln12491            (br               ) [ 000]
store_ln12491         (store            ) [ 000]
br_ln12491            (br               ) [ 000]
store_ln12491         (store            ) [ 000]
br_ln12491            (br               ) [ 000]
store_ln12491         (store            ) [ 000]
br_ln12491            (br               ) [ 000]
store_ln12491         (store            ) [ 000]
br_ln12491            (br               ) [ 000]
store_ln12491         (store            ) [ 000]
br_ln12491            (br               ) [ 000]
ret_ln0               (ret              ) [ 000]
</LifeTime>

<model>

<comp_list>
<comp id="0" class="1000" name="local_B4_i">
<pin_list>
<pin id="1" dir="1" index="0" bw="1" slack="0"/>
</pin_list>
<bind>
<StgValue><ssdm name="local_B4_i"/><MemPortTyVec>0 3 </MemPortTyVec>
</StgValue>
</bind>
</comp>

<comp id="2" class="1000" name="local_B4_1_i">
<pin_list>
<pin id="3" dir="1" index="0" bw="1" slack="0"/>
</pin_list>
<bind>
<StgValue><ssdm name="local_B4_1_i"/><MemPortTyVec>0 3 </MemPortTyVec>
</StgValue>
</bind>
</comp>

<comp id="4" class="1000" name="local_B4_2_i">
<pin_list>
<pin id="5" dir="1" index="0" bw="1" slack="0"/>
</pin_list>
<bind>
<StgValue><ssdm name="local_B4_2_i"/><MemPortTyVec>0 3 </MemPortTyVec>
</StgValue>
</bind>
</comp>

<comp id="6" class="1000" name="local_B4_3_i">
<pin_list>
<pin id="7" dir="1" index="0" bw="1" slack="0"/>
</pin_list>
<bind>
<StgValue><ssdm name="local_B4_3_i"/><MemPortTyVec>0 3 </MemPortTyVec>
</StgValue>
</bind>
</comp>

<comp id="8" class="1000" name="local_B4_4_i">
<pin_list>
<pin id="9" dir="1" index="0" bw="1" slack="0"/>
</pin_list>
<bind>
<StgValue><ssdm name="local_B4_4_i"/><MemPortTyVec>0 3 </MemPortTyVec>
</StgValue>
</bind>
</comp>

<comp id="10" class="1000" name="local_B4_5_i">
<pin_list>
<pin id="11" dir="1" index="0" bw="1" slack="0"/>
</pin_list>
<bind>
<StgValue><ssdm name="local_B4_5_i"/><MemPortTyVec>0 3 </MemPortTyVec>
</StgValue>
</bind>
</comp>

<comp id="12" class="1000" name="local_B4_6_i">
<pin_list>
<pin id="13" dir="1" index="0" bw="1" slack="0"/>
</pin_list>
<bind>
<StgValue><ssdm name="local_B4_6_i"/><MemPortTyVec>0 3 </MemPortTyVec>
</StgValue>
</bind>
</comp>

<comp id="14" class="1000" name="local_B4_7_i">
<pin_list>
<pin id="15" dir="1" index="0" bw="1" slack="0"/>
</pin_list>
<bind>
<StgValue><ssdm name="local_B4_7_i"/><MemPortTyVec>0 3 </MemPortTyVec>
</StgValue>
</bind>
</comp>

<comp id="16" class="1000" name="ni4">
<pin_list>
<pin id="17" dir="1" index="0" bw="1" slack="0"/>
</pin_list>
<bind>
<StgValue><ssdm name="ni4"/></StgValue>
</bind>
</comp>

<comp id="18" class="1000" name="v6883">
<pin_list>
<pin id="19" dir="1" index="0" bw="1" slack="0"/>
</pin_list>
<bind>
<StgValue><ssdm name="v6883"/><MemPortTyVec>1 3 </MemPortTyVec>
</StgValue>
</bind>
</comp>

<comp id="20" class="1001" name="const_20">
<pin_list>
<pin id="21" dir="1" index="0" bw="1" slack="0"/>
</pin_list>
<bind>
<StgValue><ssdm name=""/></StgValue>
</bind>
</comp>

<comp id="22" class="1001" name="const_22">
<pin_list>
<pin id="23" dir="1" index="0" bw="1" slack="0"/>
</pin_list>
<bind>
<StgValue><ssdm name="_ssdm_op_Read.ap_auto.i7"/></StgValue>
</bind>
</comp>

<comp id="24" class="1001" name="const_24">
<pin_list>
<pin id="25" dir="1" index="0" bw="1" slack="0"/>
</pin_list>
<bind>
<StgValue><ssdm name="_ssdm_op_BitConcatenate.i10.i7.i3"/></StgValue>
</bind>
</comp>

<comp id="26" class="1001" name="const_26">
<pin_list>
<pin id="27" dir="1" index="0" bw="1" slack="0"/>
</pin_list>
<bind>
<StgValue><ssdm name=""/></StgValue>
</bind>
</comp>

<comp id="28" class="1001" name="const_28">
<pin_list>
<pin id="29" dir="1" index="0" bw="1" slack="0"/>
</pin_list>
<bind>
<StgValue><ssdm name=""/></StgValue>
</bind>
</comp>

<comp id="30" class="1001" name="const_30">
<pin_list>
<pin id="31" dir="1" index="0" bw="1" slack="0"/>
</pin_list>
<bind>
<StgValue><ssdm name=""/></StgValue>
</bind>
</comp>

<comp id="32" class="1001" name="const_32">
<pin_list>
<pin id="33" dir="1" index="0" bw="1" slack="0"/>
</pin_list>
<bind>
<StgValue><ssdm name=""/></StgValue>
</bind>
</comp>

<comp id="34" class="1001" name="const_34">
<pin_list>
<pin id="35" dir="1" index="0" bw="1" slack="0"/>
</pin_list>
<bind>
<StgValue><ssdm name=""/></StgValue>
</bind>
</comp>

<comp id="36" class="1001" name="const_36">
<pin_list>
<pin id="37" dir="1" index="0" bw="1" slack="0"/>
</pin_list>
<bind>
<StgValue><ssdm name=""/></StgValue>
</bind>
</comp>

<comp id="38" class="1001" name="const_38">
<pin_list>
<pin id="39" dir="1" index="0" bw="1" slack="0"/>
</pin_list>
<bind>
<StgValue><ssdm name=""/></StgValue>
</bind>
</comp>

<comp id="40" class="1001" name="const_40">
<pin_list>
<pin id="41" dir="1" index="0" bw="1" slack="0"/>
</pin_list>
<bind>
<StgValue><ssdm name=""/></StgValue>
</bind>
</comp>

<comp id="42" class="1001" name="const_42">
<pin_list>
<pin id="43" dir="1" index="0" bw="1" slack="0"/>
</pin_list>
<bind>
<StgValue><ssdm name="_ssdm_op_BitConcatenate.i16.i6.i10"/></StgValue>
</bind>
</comp>

<comp id="44" class="1001" name="const_44">
<pin_list>
<pin id="45" dir="1" index="0" bw="1" slack="0"/>
</pin_list>
<bind>
<StgValue><ssdm name=""/></StgValue>
</bind>
</comp>

<comp id="46" class="1001" name="const_46">
<pin_list>
<pin id="47" dir="1" index="0" bw="1" slack="2147483647"/>
</pin_list>
<bind>
<StgValue><ssdm name=""/></StgValue>
</bind>
</comp>

<comp id="48" class="1001" name="const_48">
<pin_list>
<pin id="49" dir="1" index="0" bw="1" slack="2147483647"/>
</pin_list>
<bind>
<StgValue><ssdm name=""/></StgValue>
</bind>
</comp>

<comp id="50" class="1001" name="const_50">
<pin_list>
<pin id="51" dir="1" index="0" bw="1" slack="2147483647"/>
</pin_list>
<bind>
<StgValue><ssdm name=""/></StgValue>
</bind>
</comp>

<comp id="52" class="1001" name="const_52">
<pin_list>
<pin id="53" dir="1" index="0" bw="1" slack="2147483647"/>
</pin_list>
<bind>
<StgValue><ssdm name=""/></StgValue>
</bind>
</comp>

<comp id="54" class="1001" name="const_54">
<pin_list>
<pin id="55" dir="1" index="0" bw="1" slack="2147483647"/>
</pin_list>
<bind>
<StgValue><ssdm name=""/></StgValue>
</bind>
</comp>

<comp id="56" class="1001" name="const_56">
<pin_list>
<pin id="57" dir="1" index="0" bw="1" slack="2147483647"/>
</pin_list>
<bind>
<StgValue><ssdm name=""/></StgValue>
</bind>
</comp>

<comp id="58" class="1001" name="const_58">
<pin_list>
<pin id="59" dir="1" index="0" bw="1" slack="0"/>
</pin_list>
<bind>
<StgValue><ssdm name=""/></StgValue>
</bind>
</comp>

<comp id="60" class="1001" name="const_60">
<pin_list>
<pin id="61" dir="1" index="0" bw="1" slack="2147483647"/>
</pin_list>
<bind>
<StgValue><ssdm name="_ssdm_op_SpecLoopName"/></StgValue>
</bind>
</comp>

<comp id="62" class="1001" name="const_62">
<pin_list>
<pin id="63" dir="1" index="0" bw="1" slack="2147483647"/>
</pin_list>
<bind>
<StgValue><ssdm name="l_load_B_tile_bk4_l_bj4_str"/></StgValue>
</bind>
</comp>

<comp id="64" class="1001" name="const_64">
<pin_list>
<pin id="65" dir="1" index="0" bw="1" slack="2147483647"/>
</pin_list>
<bind>
<StgValue><ssdm name="_ssdm_op_SpecLoopTripCount"/></StgValue>
</bind>
</comp>

<comp id="66" class="1001" name="const_66">
<pin_list>
<pin id="67" dir="1" index="0" bw="1" slack="2147483647"/>
</pin_list>
<bind>
<StgValue><ssdm name=""/></StgValue>
</bind>
</comp>

<comp id="68" class="1001" name="const_68">
<pin_list>
<pin id="69" dir="1" index="0" bw="1" slack="2147483647"/>
</pin_list>
<bind>
<StgValue><ssdm name="_ssdm_op_SpecPipeline"/></StgValue>
</bind>
</comp>

<comp id="70" class="1001" name="const_70">
<pin_list>
<pin id="71" dir="1" index="0" bw="1" slack="2147483647"/>
</pin_list>
<bind>
<StgValue><ssdm name=""/></StgValue>
</bind>
</comp>

<comp id="72" class="1001" name="const_72">
<pin_list>
<pin id="73" dir="1" index="0" bw="1" slack="2147483647"/>
</pin_list>
<bind>
<StgValue><ssdm name="empty_191"/></StgValue>
</bind>
</comp>

<comp id="74" class="1004" name="bj4_fu_74">
<pin_list>
<pin id="75" dir="0" index="0" bw="1" slack="0"/>
<pin id="76" dir="1" index="1" bw="4" slack="0"/>
</pin_list>
<bind>
<opcode="alloca(26) " fcode="alloca"/>
<opset="bj4/1 "/>
</bind>
</comp>

<comp id="78" class="1004" name="bk4_fu_78">
<pin_list>
<pin id="79" dir="0" index="0" bw="1" slack="0"/>
<pin id="80" dir="1" index="1" bw="7" slack="0"/>
</pin_list>
<bind>
<opcode="alloca(26) " fcode="alloca"/>
<opset="bk4/1 "/>
</bind>
</comp>

<comp id="82" class="1004" name="indvar_flatten_i_fu_82">
<pin_list>
<pin id="83" dir="0" index="0" bw="1" slack="0"/>
<pin id="84" dir="1" index="1" bw="10" slack="0"/>
</pin_list>
<bind>
<opcode="alloca(26) " fcode="alloca"/>
<opset="indvar_flatten_i/1 "/>
</bind>
</comp>

<comp id="86" class="1004" name="ni4_read_read_fu_86">
<pin_list>
<pin id="87" dir="0" index="0" bw="7" slack="0"/>
<pin id="88" dir="0" index="1" bw="7" slack="0"/>
<pin id="89" dir="1" index="2" bw="7" slack="0"/>
</pin_list>
<bind>
<opcode="read(1150) " fcode="read"/>
<opset="ni4_read/1 "/>
</bind>
</comp>

<comp id="92" class="1004" name="v6883_addr_gep_fu_92">
<pin_list>
<pin id="93" dir="0" index="0" bw="32" slack="0"/>
<pin id="94" dir="0" index="1" bw="1" slack="0"/>
<pin id="95" dir="0" index="2" bw="16" slack="0"/>
<pin id="96" dir="1" index="3" bw="16" slack="0"/>
</pin_list>
<bind>
<opcode="getelementptr(29) " fcode="getelementptr"/>
<opset="v6883_addr/1 "/>
</bind>
</comp>

<comp id="99" class="1004" name="grp_access_fu_99">
<pin_list>
<pin id="100" dir="0" index="0" bw="16" slack="0"/>
<pin id="101" dir="0" index="1" bw="32" slack="2147483647"/>
<pin id="102" dir="0" index="2" bw="0" slack="2147483647"/>
<pin id="103" dir="1" index="3" bw="32" slack="0"/>
</pin_list>
<bind>
<opcode="load(27) " fcode="load"/>
<opset="v6897/1 "/>
</bind>
</comp>

<comp id="105" class="1004" name="local_B4_7_i_addr_gep_fu_105">
<pin_list>
<pin id="106" dir="0" index="0" bw="32" slack="0"/>
<pin id="107" dir="0" index="1" bw="1" slack="0"/>
<pin id="108" dir="0" index="2" bw="7" slack="0"/>
<pin id="109" dir="1" index="3" bw="6" slack="0"/>
</pin_list>
<bind>
<opcode="getelementptr(29) " fcode="getelementptr"/>
<opset="local_B4_7_i_addr/2 "/>
</bind>
</comp>

<comp id="112" class="1004" name="local_B4_6_i_addr_gep_fu_112">
<pin_list>
<pin id="113" dir="0" index="0" bw="32" slack="0"/>
<pin id="114" dir="0" index="1" bw="1" slack="0"/>
<pin id="115" dir="0" index="2" bw="7" slack="0"/>
<pin id="116" dir="1" index="3" bw="6" slack="0"/>
</pin_list>
<bind>
<opcode="getelementptr(29) " fcode="getelementptr"/>
<opset="local_B4_6_i_addr/2 "/>
</bind>
</comp>

<comp id="119" class="1004" name="local_B4_5_i_addr_gep_fu_119">
<pin_list>
<pin id="120" dir="0" index="0" bw="32" slack="0"/>
<pin id="121" dir="0" index="1" bw="1" slack="0"/>
<pin id="122" dir="0" index="2" bw="7" slack="0"/>
<pin id="123" dir="1" index="3" bw="6" slack="0"/>
</pin_list>
<bind>
<opcode="getelementptr(29) " fcode="getelementptr"/>
<opset="local_B4_5_i_addr/2 "/>
</bind>
</comp>

<comp id="126" class="1004" name="local_B4_4_i_addr_gep_fu_126">
<pin_list>
<pin id="127" dir="0" index="0" bw="32" slack="0"/>
<pin id="128" dir="0" index="1" bw="1" slack="0"/>
<pin id="129" dir="0" index="2" bw="7" slack="0"/>
<pin id="130" dir="1" index="3" bw="6" slack="0"/>
</pin_list>
<bind>
<opcode="getelementptr(29) " fcode="getelementptr"/>
<opset="local_B4_4_i_addr/2 "/>
</bind>
</comp>

<comp id="133" class="1004" name="local_B4_3_i_addr_gep_fu_133">
<pin_list>
<pin id="134" dir="0" index="0" bw="32" slack="0"/>
<pin id="135" dir="0" index="1" bw="1" slack="0"/>
<pin id="136" dir="0" index="2" bw="7" slack="0"/>
<pin id="137" dir="1" index="3" bw="6" slack="0"/>
</pin_list>
<bind>
<opcode="getelementptr(29) " fcode="getelementptr"/>
<opset="local_B4_3_i_addr/2 "/>
</bind>
</comp>

<comp id="140" class="1004" name="local_B4_2_i_addr_gep_fu_140">
<pin_list>
<pin id="141" dir="0" index="0" bw="32" slack="0"/>
<pin id="142" dir="0" index="1" bw="1" slack="0"/>
<pin id="143" dir="0" index="2" bw="7" slack="0"/>
<pin id="144" dir="1" index="3" bw="6" slack="0"/>
</pin_list>
<bind>
<opcode="getelementptr(29) " fcode="getelementptr"/>
<opset="local_B4_2_i_addr/2 "/>
</bind>
</comp>

<comp id="147" class="1004" name="local_B4_1_i_addr_gep_fu_147">
<pin_list>
<pin id="148" dir="0" index="0" bw="32" slack="0"/>
<pin id="149" dir="0" index="1" bw="1" slack="0"/>
<pin id="150" dir="0" index="2" bw="7" slack="0"/>
<pin id="151" dir="1" index="3" bw="6" slack="0"/>
</pin_list>
<bind>
<opcode="getelementptr(29) " fcode="getelementptr"/>
<opset="local_B4_1_i_addr/2 "/>
</bind>
</comp>

<comp id="154" class="1004" name="local_B4_i_addr_gep_fu_154">
<pin_list>
<pin id="155" dir="0" index="0" bw="32" slack="0"/>
<pin id="156" dir="0" index="1" bw="1" slack="0"/>
<pin id="157" dir="0" index="2" bw="7" slack="0"/>
<pin id="158" dir="1" index="3" bw="6" slack="0"/>
</pin_list>
<bind>
<opcode="getelementptr(29) " fcode="getelementptr"/>
<opset="local_B4_i_addr/2 "/>
</bind>
</comp>

<comp id="161" class="1004" name="store_ln12491_access_fu_161">
<pin_list>
<pin id="162" dir="0" index="0" bw="6" slack="0"/>
<pin id="163" dir="0" index="1" bw="32" slack="0"/>
<pin id="164" dir="0" index="2" bw="0" slack="2147483647"/>
<pin id="165" dir="1" index="3" bw="32" slack="2147483647"/>
</pin_list>
<bind>
<opcode="store(28) " fcode="store"/>
<opset="store_ln12491/2 "/>
</bind>
</comp>

<comp id="168" class="1004" name="store_ln12491_access_fu_168">
<pin_list>
<pin id="169" dir="0" index="0" bw="6" slack="0"/>
<pin id="170" dir="0" index="1" bw="32" slack="0"/>
<pin id="171" dir="0" index="2" bw="0" slack="2147483647"/>
<pin id="172" dir="1" index="3" bw="32" slack="2147483647"/>
</pin_list>
<bind>
<opcode="store(28) " fcode="store"/>
<opset="store_ln12491/2 "/>
</bind>
</comp>

<comp id="175" class="1004" name="store_ln12491_access_fu_175">
<pin_list>
<pin id="176" dir="0" index="0" bw="6" slack="0"/>
<pin id="177" dir="0" index="1" bw="32" slack="0"/>
<pin id="178" dir="0" index="2" bw="0" slack="2147483647"/>
<pin id="179" dir="1" index="3" bw="32" slack="2147483647"/>
</pin_list>
<bind>
<opcode="store(28) " fcode="store"/>
<opset="store_ln12491/2 "/>
</bind>
</comp>

<comp id="182" class="1004" name="store_ln12491_access_fu_182">
<pin_list>
<pin id="183" dir="0" index="0" bw="6" slack="0"/>
<pin id="184" dir="0" index="1" bw="32" slack="0"/>
<pin id="185" dir="0" index="2" bw="0" slack="2147483647"/>
<pin id="186" dir="1" index="3" bw="32" slack="2147483647"/>
</pin_list>
<bind>
<opcode="store(28) " fcode="store"/>
<opset="store_ln12491/2 "/>
</bind>
</comp>

<comp id="189" class="1004" name="store_ln12491_access_fu_189">
<pin_list>
<pin id="190" dir="0" index="0" bw="6" slack="0"/>
<pin id="191" dir="0" index="1" bw="32" slack="0"/>
<pin id="192" dir="0" index="2" bw="0" slack="2147483647"/>
<pin id="193" dir="1" index="3" bw="32" slack="2147483647"/>
</pin_list>
<bind>
<opcode="store(28) " fcode="store"/>
<opset="store_ln12491/2 "/>
</bind>
</comp>

<comp id="196" class="1004" name="store_ln12491_access_fu_196">
<pin_list>
<pin id="197" dir="0" index="0" bw="6" slack="0"/>
<pin id="198" dir="0" index="1" bw="32" slack="0"/>
<pin id="199" dir="0" index="2" bw="0" slack="2147483647"/>
<pin id="200" dir="1" index="3" bw="32" slack="2147483647"/>
</pin_list>
<bind>
<opcode="store(28) " fcode="store"/>
<opset="store_ln12491/2 "/>
</bind>
</comp>

<comp id="203" class="1004" name="store_ln12491_access_fu_203">
<pin_list>
<pin id="204" dir="0" index="0" bw="6" slack="0"/>
<pin id="205" dir="0" index="1" bw="32" slack="0"/>
<pin id="206" dir="0" index="2" bw="0" slack="2147483647"/>
<pin id="207" dir="1" index="3" bw="32" slack="2147483647"/>
</pin_list>
<bind>
<opcode="store(28) " fcode="store"/>
<opset="store_ln12491/2 "/>
</bind>
</comp>

<comp id="210" class="1004" name="store_ln12491_access_fu_210">
<pin_list>
<pin id="211" dir="0" index="0" bw="6" slack="0"/>
<pin id="212" dir="0" index="1" bw="32" slack="0"/>
<pin id="213" dir="0" index="2" bw="0" slack="2147483647"/>
<pin id="214" dir="1" index="3" bw="32" slack="2147483647"/>
</pin_list>
<bind>
<opcode="store(28) " fcode="store"/>
<opset="store_ln12491/2 "/>
</bind>
</comp>

<comp id="217" class="1004" name="tmp_i_fu_217">
<pin_list>
<pin id="218" dir="0" index="0" bw="10" slack="0"/>
<pin id="219" dir="0" index="1" bw="7" slack="0"/>
<pin id="220" dir="0" index="2" bw="1" slack="0"/>
<pin id="221" dir="1" index="3" bw="10" slack="0"/>
</pin_list>
<bind>
<opcode="bitconcatenate(1004) " fcode="bitconcatenate"/>
<opset="tmp_i/1 "/>
</bind>
</comp>

<comp id="225" class="1004" name="store_ln0_store_fu_225">
<pin_list>
<pin id="226" dir="0" index="0" bw="1" slack="0"/>
<pin id="227" dir="0" index="1" bw="10" slack="0"/>
<pin id="228" dir="1" index="2" bw="0" slack="2147483647"/>
</pin_list>
<bind>
<opcode="store(28) " fcode="store"/>
<opset="store_ln0/1 "/>
</bind>
</comp>

<comp id="230" class="1004" name="store_ln12487_store_fu_230">
<pin_list>
<pin id="231" dir="0" index="0" bw="1" slack="0"/>
<pin id="232" dir="0" index="1" bw="7" slack="0"/>
<pin id="233" dir="1" index="2" bw="0" slack="2147483647"/>
</pin_list>
<bind>
<opcode="store(28) " fcode="store"/>
<opset="store_ln12487/1 "/>
</bind>
</comp>

<comp id="235" class="1004" name="store_ln12488_store_fu_235">
<pin_list>
<pin id="236" dir="0" index="0" bw="1" slack="0"/>
<pin id="237" dir="0" index="1" bw="4" slack="0"/>
<pin id="238" dir="1" index="2" bw="0" slack="2147483647"/>
</pin_list>
<bind>
<opcode="store(28) " fcode="store"/>
<opset="store_ln12488/1 "/>
</bind>
</comp>

<comp id="240" class="1004" name="indvar_flatten_i_load_load_fu_240">
<pin_list>
<pin id="241" dir="0" index="0" bw="10" slack="0"/>
<pin id="242" dir="1" index="1" bw="10" slack="0"/>
</pin_list>
<bind>
<opcode="load(27) " fcode="load"/>
<opset="indvar_flatten_i_load/1 "/>
</bind>
</comp>

<comp id="243" class="1004" name="icmp_ln12487_fu_243">
<pin_list>
<pin id="244" dir="0" index="0" bw="10" slack="0"/>
<pin id="245" dir="0" index="1" bw="10" slack="0"/>
<pin id="246" dir="1" index="2" bw="1" slack="2147483647"/>
</pin_list>
<bind>
<opcode="icmp(45) " fcode="icmp"/>
<opset="icmp_ln12487/1 "/>
</bind>
</comp>

<comp id="249" class="1004" name="add_ln12487_fu_249">
<pin_list>
<pin id="250" dir="0" index="0" bw="10" slack="0"/>
<pin id="251" dir="0" index="1" bw="1" slack="0"/>
<pin id="252" dir="1" index="2" bw="10" slack="0"/>
</pin_list>
<bind>
<opcode="add(8) " fcode="add"/>
<opset="add_ln12487/1 "/>
</bind>
</comp>

<comp id="255" class="1004" name="bj4_load_load_fu_255">
<pin_list>
<pin id="256" dir="0" index="0" bw="4" slack="0"/>
<pin id="257" dir="1" index="1" bw="4" slack="0"/>
</pin_list>
<bind>
<opcode="load(27) " fcode="load"/>
<opset="bj4_load/1 "/>
</bind>
</comp>

<comp id="258" class="1004" name="bk4_load_load_fu_258">
<pin_list>
<pin id="259" dir="0" index="0" bw="7" slack="0"/>
<pin id="260" dir="1" index="1" bw="7" slack="0"/>
</pin_list>
<bind>
<opcode="load(27) " fcode="load"/>
<opset="bk4_load/1 "/>
</bind>
</comp>

<comp id="261" class="1004" name="add_ln12487_1_fu_261">
<pin_list>
<pin id="262" dir="0" index="0" bw="7" slack="0"/>
<pin id="263" dir="0" index="1" bw="1" slack="0"/>
<pin id="264" dir="1" index="2" bw="7" slack="0"/>
</pin_list>
<bind>
<opcode="add(8) " fcode="add"/>
<opset="add_ln12487_1/1 "/>
</bind>
</comp>

<comp id="267" class="1004" name="icmp_ln12488_fu_267">
<pin_list>
<pin id="268" dir="0" index="0" bw="4" slack="0"/>
<pin id="269" dir="0" index="1" bw="4" slack="0"/>
<pin id="270" dir="1" index="2" bw="1" slack="0"/>
</pin_list>
<bind>
<opcode="icmp(45) " fcode="icmp"/>
<opset="icmp_ln12488/1 "/>
</bind>
</comp>

<comp id="273" class="1004" name="select_ln12487_fu_273">
<pin_list>
<pin id="274" dir="0" index="0" bw="1" slack="0"/>
<pin id="275" dir="0" index="1" bw="4" slack="0"/>
<pin id="276" dir="0" index="2" bw="4" slack="0"/>
<pin id="277" dir="1" index="3" bw="4" slack="0"/>
</pin_list>
<bind>
<opcode="select(49) " fcode="select"/>
<opset="select_ln12487/1 "/>
</bind>
</comp>

<comp id="281" class="1004" name="select_ln12487_1_fu_281">
<pin_list>
<pin id="282" dir="0" index="0" bw="1" slack="0"/>
<pin id="283" dir="0" index="1" bw="7" slack="0"/>
<pin id="284" dir="0" index="2" bw="7" slack="0"/>
<pin id="285" dir="1" index="3" bw="7" slack="0"/>
</pin_list>
<bind>
<opcode="select(49) " fcode="select"/>
<opset="select_ln12487_1/1 "/>
</bind>
</comp>

<comp id="289" class="1004" name="trunc_ln12487_fu_289">
<pin_list>
<pin id="290" dir="0" index="0" bw="7" slack="0"/>
<pin id="291" dir="1" index="1" bw="6" slack="0"/>
</pin_list>
<bind>
<opcode="trunc(33) " fcode="trunc"/>
<opset="trunc_ln12487/1 "/>
</bind>
</comp>

<comp id="293" class="1004" name="zext_ln12488_fu_293">
<pin_list>
<pin id="294" dir="0" index="0" bw="4" slack="0"/>
<pin id="295" dir="1" index="1" bw="10" slack="0"/>
</pin_list>
<bind>
<opcode="zext(34) " fcode="zext"/>
<opset="zext_ln12488/1 "/>
</bind>
</comp>

<comp id="297" class="1004" name="add_ln12490_fu_297">
<pin_list>
<pin id="298" dir="0" index="0" bw="10" slack="0"/>
<pin id="299" dir="0" index="1" bw="4" slack="0"/>
<pin id="300" dir="1" index="2" bw="10" slack="0"/>
</pin_list>
<bind>
<opcode="add(8) " fcode="add"/>
<opset="add_ln12490/1 "/>
</bind>
</comp>

<comp id="303" class="1004" name="tmp_58_i_fu_303">
<pin_list>
<pin id="304" dir="0" index="0" bw="16" slack="0"/>
<pin id="305" dir="0" index="1" bw="6" slack="0"/>
<pin id="306" dir="0" index="2" bw="10" slack="0"/>
<pin id="307" dir="1" index="3" bw="16" slack="0"/>
</pin_list>
<bind>
<opcode="bitconcatenate(1004) " fcode="bitconcatenate"/>
<opset="tmp_58_i/1 "/>
</bind>
</comp>

<comp id="311" class="1004" name="zext_ln12490_fu_311">
<pin_list>
<pin id="312" dir="0" index="0" bw="16" slack="0"/>
<pin id="313" dir="1" index="1" bw="64" slack="0"/>
</pin_list>
<bind>
<opcode="zext(34) " fcode="zext"/>
<opset="zext_ln12490/1 "/>
</bind>
</comp>

<comp id="316" class="1004" name="trunc_ln12488_fu_316">
<pin_list>
<pin id="317" dir="0" index="0" bw="4" slack="0"/>
<pin id="318" dir="1" index="1" bw="3" slack="1"/>
</pin_list>
<bind>
<opcode="trunc(33) " fcode="trunc"/>
<opset="trunc_ln12488/1 "/>
</bind>
</comp>

<comp id="320" class="1004" name="add_ln12488_fu_320">
<pin_list>
<pin id="321" dir="0" index="0" bw="4" slack="0"/>
<pin id="322" dir="0" index="1" bw="1" slack="0"/>
<pin id="323" dir="1" index="2" bw="4" slack="0"/>
</pin_list>
<bind>
<opcode="add(8) " fcode="add"/>
<opset="add_ln12488/1 "/>
</bind>
</comp>

<comp id="326" class="1004" name="store_ln12487_store_fu_326">
<pin_list>
<pin id="327" dir="0" index="0" bw="10" slack="0"/>
<pin id="328" dir="0" index="1" bw="10" slack="0"/>
<pin id="329" dir="1" index="2" bw="0" slack="2147483647"/>
</pin_list>
<bind>
<opcode="store(28) " fcode="store"/>
<opset="store_ln12487/1 "/>
</bind>
</comp>

<comp id="331" class="1004" name="store_ln12487_store_fu_331">
<pin_list>
<pin id="332" dir="0" index="0" bw="7" slack="0"/>
<pin id="333" dir="0" index="1" bw="7" slack="0"/>
<pin id="334" dir="1" index="2" bw="0" slack="2147483647"/>
</pin_list>
<bind>
<opcode="store(28) " fcode="store"/>
<opset="store_ln12487/1 "/>
</bind>
</comp>

<comp id="336" class="1004" name="store_ln12488_store_fu_336">
<pin_list>
<pin id="337" dir="0" index="0" bw="4" slack="0"/>
<pin id="338" dir="0" index="1" bw="4" slack="0"/>
<pin id="339" dir="1" index="2" bw="0" slack="2147483647"/>
</pin_list>
<bind>
<opcode="store(28) " fcode="store"/>
<opset="store_ln12488/1 "/>
</bind>
</comp>

<comp id="341" class="1004" name="zext_ln12487_fu_341">
<pin_list>
<pin id="342" dir="0" index="0" bw="7" slack="1"/>
<pin id="343" dir="1" index="1" bw="64" slack="0"/>
</pin_list>
<bind>
<opcode="zext(34) " fcode="zext"/>
<opset="zext_ln12487/2 "/>
</bind>
</comp>

<comp id="352" class="1005" name="bj4_reg_352">
<pin_list>
<pin id="353" dir="0" index="0" bw="4" slack="0"/>
<pin id="354" dir="1" index="1" bw="4" slack="0"/>
</pin_list>
<bind>
<opset="bj4 "/>
</bind>
</comp>

<comp id="359" class="1005" name="bk4_reg_359">
<pin_list>
<pin id="360" dir="0" index="0" bw="7" slack="0"/>
<pin id="361" dir="1" index="1" bw="7" slack="0"/>
</pin_list>
<bind>
<opset="bk4 "/>
</bind>
</comp>

<comp id="366" class="1005" name="indvar_flatten_i_reg_366">
<pin_list>
<pin id="367" dir="0" index="0" bw="10" slack="0"/>
<pin id="368" dir="1" index="1" bw="10" slack="0"/>
</pin_list>
<bind>
<opset="indvar_flatten_i "/>
</bind>
</comp>

<comp id="376" class="1005" name="select_ln12487_1_reg_376">
<pin_list>
<pin id="377" dir="0" index="0" bw="7" slack="1"/>
<pin id="378" dir="1" index="1" bw="7" slack="1"/>
</pin_list>
<bind>
<opset="select_ln12487_1 "/>
</bind>
</comp>

<comp id="381" class="1005" name="v6883_addr_reg_381">
<pin_list>
<pin id="382" dir="0" index="0" bw="16" slack="1"/>
<pin id="383" dir="1" index="1" bw="16" slack="1"/>
</pin_list>
<bind>
<opset="v6883_addr "/>
</bind>
</comp>

<comp id="386" class="1005" name="trunc_ln12488_reg_386">
<pin_list>
<pin id="387" dir="0" index="0" bw="3" slack="1"/>
<pin id="388" dir="1" index="1" bw="3" slack="2147483647"/>
</pin_list>
<bind>
<opset="trunc_ln12488 "/>
</bind>
</comp>

</comp_list>

<net_list>
<net id="77"><net_src comp="20" pin="0"/><net_sink comp="74" pin=0"/></net>

<net id="81"><net_src comp="20" pin="0"/><net_sink comp="78" pin=0"/></net>

<net id="85"><net_src comp="20" pin="0"/><net_sink comp="82" pin=0"/></net>

<net id="90"><net_src comp="22" pin="0"/><net_sink comp="86" pin=0"/></net>

<net id="91"><net_src comp="16" pin="0"/><net_sink comp="86" pin=1"/></net>

<net id="97"><net_src comp="18" pin="0"/><net_sink comp="92" pin=0"/></net>

<net id="98"><net_src comp="44" pin="0"/><net_sink comp="92" pin=1"/></net>

<net id="104"><net_src comp="92" pin="3"/><net_sink comp="99" pin=0"/></net>

<net id="110"><net_src comp="14" pin="0"/><net_sink comp="105" pin=0"/></net>

<net id="111"><net_src comp="44" pin="0"/><net_sink comp="105" pin=1"/></net>

<net id="117"><net_src comp="12" pin="0"/><net_sink comp="112" pin=0"/></net>

<net id="118"><net_src comp="44" pin="0"/><net_sink comp="112" pin=1"/></net>

<net id="124"><net_src comp="10" pin="0"/><net_sink comp="119" pin=0"/></net>

<net id="125"><net_src comp="44" pin="0"/><net_sink comp="119" pin=1"/></net>

<net id="131"><net_src comp="8" pin="0"/><net_sink comp="126" pin=0"/></net>

<net id="132"><net_src comp="44" pin="0"/><net_sink comp="126" pin=1"/></net>

<net id="138"><net_src comp="6" pin="0"/><net_sink comp="133" pin=0"/></net>

<net id="139"><net_src comp="44" pin="0"/><net_sink comp="133" pin=1"/></net>

<net id="145"><net_src comp="4" pin="0"/><net_sink comp="140" pin=0"/></net>

<net id="146"><net_src comp="44" pin="0"/><net_sink comp="140" pin=1"/></net>

<net id="152"><net_src comp="2" pin="0"/><net_sink comp="147" pin=0"/></net>

<net id="153"><net_src comp="44" pin="0"/><net_sink comp="147" pin=1"/></net>

<net id="159"><net_src comp="0" pin="0"/><net_sink comp="154" pin=0"/></net>

<net id="160"><net_src comp="44" pin="0"/><net_sink comp="154" pin=1"/></net>

<net id="166"><net_src comp="99" pin="3"/><net_sink comp="161" pin=1"/></net>

<net id="167"><net_src comp="147" pin="3"/><net_sink comp="161" pin=0"/></net>

<net id="173"><net_src comp="99" pin="3"/><net_sink comp="168" pin=1"/></net>

<net id="174"><net_src comp="140" pin="3"/><net_sink comp="168" pin=0"/></net>

<net id="180"><net_src comp="99" pin="3"/><net_sink comp="175" pin=1"/></net>

<net id="181"><net_src comp="133" pin="3"/><net_sink comp="175" pin=0"/></net>

<net id="187"><net_src comp="99" pin="3"/><net_sink comp="182" pin=1"/></net>

<net id="188"><net_src comp="126" pin="3"/><net_sink comp="182" pin=0"/></net>

<net id="194"><net_src comp="99" pin="3"/><net_sink comp="189" pin=1"/></net>

<net id="195"><net_src comp="119" pin="3"/><net_sink comp="189" pin=0"/></net>

<net id="201"><net_src comp="99" pin="3"/><net_sink comp="196" pin=1"/></net>

<net id="202"><net_src comp="112" pin="3"/><net_sink comp="196" pin=0"/></net>

<net id="208"><net_src comp="99" pin="3"/><net_sink comp="203" pin=1"/></net>

<net id="209"><net_src comp="105" pin="3"/><net_sink comp="203" pin=0"/></net>

<net id="215"><net_src comp="99" pin="3"/><net_sink comp="210" pin=1"/></net>

<net id="216"><net_src comp="154" pin="3"/><net_sink comp="210" pin=0"/></net>

<net id="222"><net_src comp="24" pin="0"/><net_sink comp="217" pin=0"/></net>

<net id="223"><net_src comp="86" pin="2"/><net_sink comp="217" pin=1"/></net>

<net id="224"><net_src comp="26" pin="0"/><net_sink comp="217" pin=2"/></net>

<net id="229"><net_src comp="28" pin="0"/><net_sink comp="225" pin=0"/></net>

<net id="234"><net_src comp="30" pin="0"/><net_sink comp="230" pin=0"/></net>

<net id="239"><net_src comp="32" pin="0"/><net_sink comp="235" pin=0"/></net>

<net id="247"><net_src comp="240" pin="1"/><net_sink comp="243" pin=0"/></net>

<net id="248"><net_src comp="34" pin="0"/><net_sink comp="243" pin=1"/></net>

<net id="253"><net_src comp="240" pin="1"/><net_sink comp="249" pin=0"/></net>

<net id="254"><net_src comp="36" pin="0"/><net_sink comp="249" pin=1"/></net>

<net id="265"><net_src comp="258" pin="1"/><net_sink comp="261" pin=0"/></net>

<net id="266"><net_src comp="38" pin="0"/><net_sink comp="261" pin=1"/></net>

<net id="271"><net_src comp="255" pin="1"/><net_sink comp="267" pin=0"/></net>

<net id="272"><net_src comp="40" pin="0"/><net_sink comp="267" pin=1"/></net>

<net id="278"><net_src comp="267" pin="2"/><net_sink comp="273" pin=0"/></net>

<net id="279"><net_src comp="32" pin="0"/><net_sink comp="273" pin=1"/></net>

<net id="280"><net_src comp="255" pin="1"/><net_sink comp="273" pin=2"/></net>

<net id="286"><net_src comp="267" pin="2"/><net_sink comp="281" pin=0"/></net>

<net id="287"><net_src comp="261" pin="2"/><net_sink comp="281" pin=1"/></net>

<net id="288"><net_src comp="258" pin="1"/><net_sink comp="281" pin=2"/></net>

<net id="292"><net_src comp="281" pin="3"/><net_sink comp="289" pin=0"/></net>

<net id="296"><net_src comp="273" pin="3"/><net_sink comp="293" pin=0"/></net>

<net id="301"><net_src comp="217" pin="3"/><net_sink comp="297" pin=0"/></net>

<net id="302"><net_src comp="293" pin="1"/><net_sink comp="297" pin=1"/></net>

<net id="308"><net_src comp="42" pin="0"/><net_sink comp="303" pin=0"/></net>

<net id="309"><net_src comp="289" pin="1"/><net_sink comp="303" pin=1"/></net>

<net id="310"><net_src comp="297" pin="2"/><net_sink comp="303" pin=2"/></net>

<net id="314"><net_src comp="303" pin="3"/><net_sink comp="311" pin=0"/></net>

<net id="315"><net_src comp="311" pin="1"/><net_sink comp="92" pin=2"/></net>

<net id="319"><net_src comp="273" pin="3"/><net_sink comp="316" pin=0"/></net>

<net id="324"><net_src comp="273" pin="3"/><net_sink comp="320" pin=0"/></net>

<net id="325"><net_src comp="58" pin="0"/><net_sink comp="320" pin=1"/></net>

<net id="330"><net_src comp="249" pin="2"/><net_sink comp="326" pin=0"/></net>

<net id="335"><net_src comp="281" pin="3"/><net_sink comp="331" pin=0"/></net>

<net id="340"><net_src comp="320" pin="2"/><net_sink comp="336" pin=0"/></net>

<net id="344"><net_src comp="341" pin="1"/><net_sink comp="105" pin=2"/></net>

<net id="345"><net_src comp="341" pin="1"/><net_sink comp="112" pin=2"/></net>

<net id="346"><net_src comp="341" pin="1"/><net_sink comp="119" pin=2"/></net>

<net id="347"><net_src comp="341" pin="1"/><net_sink comp="126" pin=2"/></net>

<net id="348"><net_src comp="341" pin="1"/><net_sink comp="133" pin=2"/></net>

<net id="349"><net_src comp="341" pin="1"/><net_sink comp="140" pin=2"/></net>

<net id="350"><net_src comp="341" pin="1"/><net_sink comp="147" pin=2"/></net>

<net id="351"><net_src comp="341" pin="1"/><net_sink comp="154" pin=2"/></net>

<net id="355"><net_src comp="74" pin="1"/><net_sink comp="352" pin=0"/></net>

<net id="356"><net_src comp="352" pin="1"/><net_sink comp="235" pin=1"/></net>

<net id="357"><net_src comp="352" pin="1"/><net_sink comp="255" pin=0"/></net>

<net id="358"><net_src comp="352" pin="1"/><net_sink comp="336" pin=1"/></net>

<net id="362"><net_src comp="78" pin="1"/><net_sink comp="359" pin=0"/></net>

<net id="363"><net_src comp="359" pin="1"/><net_sink comp="230" pin=1"/></net>

<net id="364"><net_src comp="359" pin="1"/><net_sink comp="258" pin=0"/></net>

<net id="365"><net_src comp="359" pin="1"/><net_sink comp="331" pin=1"/></net>

<net id="369"><net_src comp="82" pin="1"/><net_sink comp="366" pin=0"/></net>

<net id="370"><net_src comp="366" pin="1"/><net_sink comp="225" pin=1"/></net>

<net id="371"><net_src comp="366" pin="1"/><net_sink comp="240" pin=0"/></net>

<net id="372"><net_src comp="366" pin="1"/><net_sink comp="326" pin=1"/></net>

<net id="379"><net_src comp="281" pin="3"/><net_sink comp="376" pin=0"/></net>

<net id="380"><net_src comp="376" pin="1"/><net_sink comp="341" pin=0"/></net>

<net id="384"><net_src comp="92" pin="3"/><net_sink comp="381" pin=0"/></net>

<net id="385"><net_src comp="381" pin="1"/><net_sink comp="99" pin=0"/></net>

<net id="389"><net_src comp="316" pin="1"/><net_sink comp="386" pin=0"/></net>

</net_list>

</model> 
---------------- Datapath Model END ------------------

* FSMD analyzer results:
  - Output states:
	Port: local_B4_i | {2 }
	Port: local_B4_1_i | {2 }
	Port: local_B4_2_i | {2 }
	Port: local_B4_3_i | {2 }
	Port: local_B4_4_i | {2 }
	Port: local_B4_5_i | {2 }
	Port: local_B4_6_i | {2 }
	Port: local_B4_7_i | {2 }
	Port: v6883 | {}
 - Input state : 
	Port: dataflow_in_loop_l_ni4_Loop_l_load_B_tile_bk4_proc4929 : ni4 | {1 }
	Port: dataflow_in_loop_l_ni4_Loop_l_load_B_tile_bk4_proc4929 : v6883 | {1 2 }
  - Chain level:
	State 1
		store_ln0 : 1
		store_ln12487 : 1
		store_ln12488 : 1
		indvar_flatten_i_load : 1
		icmp_ln12487 : 2
		add_ln12487 : 2
		br_ln12487 : 3
		bj4_load : 1
		bk4_load : 1
		add_ln12487_1 : 2
		icmp_ln12488 : 2
		select_ln12487 : 3
		select_ln12487_1 : 3
		trunc_ln12487 : 4
		zext_ln12488 : 4
		add_ln12490 : 5
		tmp_58_i : 6
		zext_ln12490 : 7
		v6883_addr : 8
		v6897 : 9
		trunc_ln12488 : 4
		switch_ln12491 : 5
		add_ln12488 : 4
		store_ln12487 : 3
		store_ln12487 : 4
		store_ln12488 : 5
	State 2
		local_B4_7_i_addr : 1
		local_B4_6_i_addr : 1
		local_B4_5_i_addr : 1
		local_B4_4_i_addr : 1
		local_B4_3_i_addr : 1
		local_B4_2_i_addr : 1
		local_B4_1_i_addr : 1
		local_B4_i_addr : 1
		store_ln12491 : 2
		store_ln12491 : 2
		store_ln12491 : 2
		store_ln12491 : 2
		store_ln12491 : 2
		store_ln12491 : 2
		store_ln12491 : 2
		store_ln12491 : 2


============================================================
+ Verbose Summary: Datapath Resource usage 
============================================================

* Functional unit list:
|----------|-------------------------|---------|---------|
| Operation|     Functional Unit     |    FF   |   LUT   |
|----------|-------------------------|---------|---------|
|          |    add_ln12487_fu_249   |    0    |    17   |
|    add   |   add_ln12487_1_fu_261  |    0    |    14   |
|          |    add_ln12490_fu_297   |    0    |    17   |
|          |    add_ln12488_fu_320   |    0    |    12   |
|----------|-------------------------|---------|---------|
|   icmp   |   icmp_ln12487_fu_243   |    0    |    17   |
|          |   icmp_ln12488_fu_267   |    0    |    12   |
|----------|-------------------------|---------|---------|
|  select  |  select_ln12487_fu_273  |    0    |    4    |
|          | select_ln12487_1_fu_281 |    0    |    7    |
|----------|-------------------------|---------|---------|
|   read   |   ni4_read_read_fu_86   |    0    |    0    |
|----------|-------------------------|---------|---------|
|bitconcatenate|       tmp_i_fu_217      |    0    |    0    |
|          |     tmp_58_i_fu_303     |    0    |    0    |
|----------|-------------------------|---------|---------|
|   trunc  |   trunc_ln12487_fu_289  |    0    |    0    |
|          |   trunc_ln12488_fu_316  |    0    |    0    |
|----------|-------------------------|---------|---------|
|          |   zext_ln12488_fu_293   |    0    |    0    |
|   zext   |   zext_ln12490_fu_311   |    0    |    0    |
|          |   zext_ln12487_fu_341   |    0    |    0    |
|----------|-------------------------|---------|---------|
|   Total  |                         |    0    |   100   |
|----------|-------------------------|---------|---------|

Memories:
N/A

* Register list:
+------------------------+--------+
|                        |   FF   |
+------------------------+--------+
|       bj4_reg_352      |    4   |
|       bk4_reg_359      |    7   |
|indvar_flatten_i_reg_366|   10   |
|select_ln12487_1_reg_376|    7   |
|  trunc_ln12488_reg_386 |    3   |
|   v6883_addr_reg_381   |   16   |
+------------------------+--------+
|          Total         |   47   |
+------------------------+--------+

* Multiplexer (MUX) list: 
|------------------|------|------|------|--------||---------||---------|
|       Comp       |  Pin | Size |  BW  | S x BW ||  Delay  ||   LUT   |
|------------------|------|------|------|--------||---------||---------|
| grp_access_fu_99 |  p0  |   2  |  16  |   32   ||    9    |
|------------------|------|------|------|--------||---------||---------|
|       Total      |      |      |      |   32   ||  0.387  ||    9    |
|------------------|------|------|------|--------||---------||---------|



* Summary:
+-----------+--------+--------+--------+
|           |  Delay |   FF   |   LUT  |
+-----------+--------+--------+--------+
|  Function |    -   |    0   |   100  |
|   Memory  |    -   |    -   |    -   |
|Multiplexer|    0   |    -   |    9   |
|  Register |    -   |   47   |    -   |
+-----------+--------+--------+--------+
|   Total   |    0   |   47   |   109  |
+-----------+--------+--------+--------+
