

================================================================
== Vitis HLS Report for 'dataflow_in_loop_l_ni1_Loop_l_load_B_tile_bk1_proc4527'
================================================================
* Date:           Mon Feb 17 20:36:11 2025

* Version:        2023.2 (Build 4023990 on Oct 11 2023)
* Project:        DitBlock
* Solution:       hls (Vivado IP Flow Target)
* Product family: virtexuplusHBM
* Target device:  xcu280-fsvh2892-2L-e


================================================================
== Performance Estimates
================================================================
+ Timing: 
    * Summary: 
    +--------+----------+----------+------------+
    |  Clock |  Target  | Estimated| Uncertainty|
    +--------+----------+----------+------------+
    |ap_clk  |  10.00 ns|  3.409 ns|     2.70 ns|
    +--------+----------+----------+------------+

+ Latency: 
    * Summary: 
    +---------+---------+-----------+-----------+------+------+---------+
    |  Latency (cycles) |   Latency (absolute)  |   Interval  | Pipeline|
    |   min   |   max   |    min    |    max    |  min |  max |   Type  |
    +---------+---------+-----------+-----------+------+------+---------+
    |     4098|     4098|  40.980 us|  40.980 us|  4098|  4098|       no|
    +---------+---------+-----------+-----------+------+------+---------+

    + Detail: 
        * Instance: 
        N/A

        * Loop: 
        +---------------------------+---------+---------+----------+-----------+-----------+------+----------+
        |                           |  Latency (cycles) | Iteration|  Initiation Interval  | Trip |          |
        |         Loop Name         |   min   |   max   |  Latency |  achieved |   target  | Count| Pipelined|
        +---------------------------+---------+---------+----------+-----------+-----------+------+----------+
        |- l_load_B_tile_bk1_l_bj1  |     4096|     4096|         2|          1|          1|  4096|       yes|
        +---------------------------+---------+---------+----------+-----------+-----------+------+----------+

============================================================
+ Verbose Summary: Synthesis Manager
============================================================
InlineROM: 1
ExposeGlobal: 0
============================================================
+ Verbose Summary: CDFG Model
============================================================
IsTopModel: 0
ResetActiveHigh: 1
IsCombinational: 2
IsDatapathOnly: 0
HasWiredReturn: 1
HasMFsm: 2
HasVarLatency: 1
IsPipeline: 0
IsRtlPipelined: 0
IsInstanceOverlapped: 0
IsDontTouch: 0
HasImplIP: 0
IsGatedGlobalClock: 0

+ Individual pipeline summary: 
  * Pipeline-0: initiation interval (II) = 1, depth = 2


============================================================
+ Verbose Summary: Schedule
============================================================
* Number of FSM states : 2
* Pipeline : 1
  Pipeline-0 : II = 1, D = 2, States = { 1 2 }
* Dataflow Pipeline: 0

* FSM state transitions: 
1 --> 2 
2 --> 

* FSM state operations: 

State 1 <SV = 0> <Delay = 3.40>
ST_1 : Operation 5 [1/1] (0.00ns)   --->   "%bj1 = alloca i32 1" [/home/silvenchen/Desktop/DitBlock/WorkDCT/DitBlock/kernel.cpp:3509]   --->   Operation 5 'alloca' 'bj1' <Predicate = true> <Delay = 0.00>
ST_1 : Operation 6 [1/1] (0.00ns)   --->   "%bk1 = alloca i32 1" [/home/silvenchen/Desktop/DitBlock/WorkDCT/DitBlock/kernel.cpp:3508]   --->   Operation 6 'alloca' 'bk1' <Predicate = true> <Delay = 0.00>
ST_1 : Operation 7 [1/1] (0.00ns)   --->   "%indvar_flatten_i = alloca i32 1"   --->   Operation 7 'alloca' 'indvar_flatten_i' <Predicate = true> <Delay = 0.00>
ST_1 : Operation 8 [1/1] (1.42ns)   --->   "%ni1_read = read i6 @_ssdm_op_Read.ap_auto.i6, i6 %ni1"   --->   Operation 8 'read' 'ni1_read' <Predicate = true> <Delay = 1.42> <CoreInst = "FIFO_SRL">   --->   Core 81 'FIFO_SRL' <Latency = 0> <II = 1> <Delay = 1.42> <Storage> <Opcode : 'read' 'write' 'nbread' 'nbwrite'> <Ports = 0> <Width = -1> <Depth = -1> <FIFO>
ST_1 : Operation 9 [1/1] (0.00ns)   --->   "%tmp_i = bitconcatenate i9 @_ssdm_op_BitConcatenate.i9.i6.i3, i6 %ni1_read, i3 0"   --->   Operation 9 'bitconcatenate' 'tmp_i' <Predicate = true> <Delay = 0.00>
ST_1 : Operation 10 [1/1] (0.38ns)   --->   "%store_ln0 = store i13 0, i13 %indvar_flatten_i"   --->   Operation 10 'store' 'store_ln0' <Predicate = true> <Delay = 0.38>
ST_1 : Operation 11 [1/1] (0.38ns)   --->   "%store_ln3508 = store i10 0, i10 %bk1" [/home/silvenchen/Desktop/DitBlock/WorkDCT/DitBlock/kernel.cpp:3508]   --->   Operation 11 'store' 'store_ln3508' <Predicate = true> <Delay = 0.38>
ST_1 : Operation 12 [1/1] (0.38ns)   --->   "%store_ln3509 = store i4 0, i4 %bj1" [/home/silvenchen/Desktop/DitBlock/WorkDCT/DitBlock/kernel.cpp:3509]   --->   Operation 12 'store' 'store_ln3509' <Predicate = true> <Delay = 0.38>
ST_1 : Operation 13 [1/1] (0.00ns)   --->   "%br_ln0 = br void %for.inc40.i.i"   --->   Operation 13 'br' 'br_ln0' <Predicate = true> <Delay = 0.00>
ST_1 : Operation 14 [1/1] (0.00ns)   --->   "%indvar_flatten_i_load = load i13 %indvar_flatten_i" [/home/silvenchen/Desktop/DitBlock/WorkDCT/DitBlock/kernel.cpp:3508]   --->   Operation 14 'load' 'indvar_flatten_i_load' <Predicate = true> <Delay = 0.00>
ST_1 : Operation 15 [1/1] (0.75ns)   --->   "%icmp_ln3508 = icmp_eq  i13 %indvar_flatten_i_load, i13 4096" [/home/silvenchen/Desktop/DitBlock/WorkDCT/DitBlock/kernel.cpp:3508]   --->   Operation 15 'icmp' 'icmp_ln3508' <Predicate = true> <Delay = 0.75> <CoreInst = "Cmp">   --->   Core 9 'Cmp' <Latency = 0> <II = 1> <Delay = 0.75> <FuncUnit> <Opcode : 'icmp'> <InPorts = 2> <OutPorts = 1>
ST_1 : Operation 16 [1/1] (0.75ns)   --->   "%add_ln3508 = add i13 %indvar_flatten_i_load, i13 1" [/home/silvenchen/Desktop/DitBlock/WorkDCT/DitBlock/kernel.cpp:3508]   --->   Operation 16 'add' 'add_ln3508' <Predicate = true> <Delay = 0.75> <CoreInst = "Adder">   --->   Core 1 'Adder' <Latency = 0> <II = 1> <Delay = 0.75> <FuncUnit> <Opcode : 'add' 'sub'> <InPorts = 2> <OutPorts = 1>
ST_1 : Operation 17 [1/1] (0.00ns)   --->   "%br_ln3508 = br i1 %icmp_ln3508, void %for.inc43.i.i, void %dataflow_in_loop_l_ni1_Loop_l_load_B_tile_bk1_proc45.exit" [/home/silvenchen/Desktop/DitBlock/WorkDCT/DitBlock/kernel.cpp:3508]   --->   Operation 17 'br' 'br_ln3508' <Predicate = true> <Delay = 0.00>
ST_1 : Operation 18 [1/1] (0.00ns)   --->   "%bj1_load = load i4 %bj1" [/home/silvenchen/Desktop/DitBlock/WorkDCT/DitBlock/kernel.cpp:3508]   --->   Operation 18 'load' 'bj1_load' <Predicate = (!icmp_ln3508)> <Delay = 0.00>
ST_1 : Operation 19 [1/1] (0.00ns)   --->   "%bk1_load = load i10 %bk1" [/home/silvenchen/Desktop/DitBlock/WorkDCT/DitBlock/kernel.cpp:3508]   --->   Operation 19 'load' 'bk1_load' <Predicate = (!icmp_ln3508)> <Delay = 0.00>
ST_1 : Operation 20 [1/1] (0.72ns)   --->   "%add_ln3508_1 = add i10 %bk1_load, i10 1" [/home/silvenchen/Desktop/DitBlock/WorkDCT/DitBlock/kernel.cpp:3508]   --->   Operation 20 'add' 'add_ln3508_1' <Predicate = (!icmp_ln3508)> <Delay = 0.72> <CoreInst = "Adder">   --->   Core 1 'Adder' <Latency = 0> <II = 1> <Delay = 0.72> <FuncUnit> <Opcode : 'add' 'sub'> <InPorts = 2> <OutPorts = 1>
ST_1 : Operation 21 [1/1] (0.70ns)   --->   "%icmp_ln3509 = icmp_eq  i4 %bj1_load, i4 8" [/home/silvenchen/Desktop/DitBlock/WorkDCT/DitBlock/kernel.cpp:3509]   --->   Operation 21 'icmp' 'icmp_ln3509' <Predicate = (!icmp_ln3508)> <Delay = 0.70> <CoreInst = "Cmp">   --->   Core 9 'Cmp' <Latency = 0> <II = 1> <Delay = 0.70> <FuncUnit> <Opcode : 'icmp'> <InPorts = 2> <OutPorts = 1>
ST_1 : Operation 22 [1/1] (0.35ns)   --->   "%select_ln3508 = select i1 %icmp_ln3509, i4 0, i4 %bj1_load" [/home/silvenchen/Desktop/DitBlock/WorkDCT/DitBlock/kernel.cpp:3508]   --->   Operation 22 'select' 'select_ln3508' <Predicate = (!icmp_ln3508)> <Delay = 0.35> <CoreInst = "Sel">   --->   Core 73 'Sel' <Latency = 0> <II = 1> <Delay = 0.35> <FuncUnit> <Opcode : 'select'> <InPorts = 3> <OutPorts = 1>
ST_1 : Operation 23 [1/1] (0.30ns)   --->   "%select_ln3508_1 = select i1 %icmp_ln3509, i10 %add_ln3508_1, i10 %bk1_load" [/home/silvenchen/Desktop/DitBlock/WorkDCT/DitBlock/kernel.cpp:3508]   --->   Operation 23 'select' 'select_ln3508_1' <Predicate = (!icmp_ln3508)> <Delay = 0.30> <CoreInst = "Sel">   --->   Core 73 'Sel' <Latency = 0> <II = 1> <Delay = 0.30> <FuncUnit> <Opcode : 'select'> <InPorts = 3> <OutPorts = 1>
ST_1 : Operation 24 [1/1] (0.00ns)   --->   "%trunc_ln3508 = trunc i10 %select_ln3508_1" [/home/silvenchen/Desktop/DitBlock/WorkDCT/DitBlock/kernel.cpp:3508]   --->   Operation 24 'trunc' 'trunc_ln3508' <Predicate = (!icmp_ln3508)> <Delay = 0.00>
ST_1 : Operation 25 [1/1] (0.00ns)   --->   "%zext_ln3509 = zext i4 %select_ln3508" [/home/silvenchen/Desktop/DitBlock/WorkDCT/DitBlock/kernel.cpp:3509]   --->   Operation 25 'zext' 'zext_ln3509' <Predicate = (!icmp_ln3508)> <Delay = 0.00>
ST_1 : Operation 26 [1/1] (0.71ns)   --->   "%add_ln3511 = add i9 %tmp_i, i9 %zext_ln3509" [/home/silvenchen/Desktop/DitBlock/WorkDCT/DitBlock/kernel.cpp:3511]   --->   Operation 26 'add' 'add_ln3511' <Predicate = (!icmp_ln3508)> <Delay = 0.71> <CoreInst = "Adder">   --->   Core 1 'Adder' <Latency = 0> <II = 1> <Delay = 0.71> <FuncUnit> <Opcode : 'add' 'sub'> <InPorts = 2> <OutPorts = 1>
ST_1 : Operation 27 [1/1] (0.00ns)   --->   "%tmp_62_i = bitconcatenate i18 @_ssdm_op_BitConcatenate.i18.i9.i9, i9 %trunc_ln3508, i9 %add_ln3511" [/home/silvenchen/Desktop/DitBlock/WorkDCT/DitBlock/kernel.cpp:3511]   --->   Operation 27 'bitconcatenate' 'tmp_62_i' <Predicate = (!icmp_ln3508)> <Delay = 0.00>
ST_1 : Operation 28 [1/1] (0.00ns)   --->   "%zext_ln3511 = zext i18 %tmp_62_i" [/home/silvenchen/Desktop/DitBlock/WorkDCT/DitBlock/kernel.cpp:3511]   --->   Operation 28 'zext' 'zext_ln3511' <Predicate = (!icmp_ln3508)> <Delay = 0.00>
ST_1 : Operation 29 [1/1] (0.00ns)   --->   "%v1932_addr = getelementptr i32 %v1932, i64 0, i64 %zext_ln3511" [/home/silvenchen/Desktop/DitBlock/WorkDCT/DitBlock/kernel.cpp:3511]   --->   Operation 29 'getelementptr' 'v1932_addr' <Predicate = (!icmp_ln3508)> <Delay = 0.00>
ST_1 : Operation 30 [2/2] (1.24ns)   --->   "%v1946 = load i18 %v1932_addr" [/home/silvenchen/Desktop/DitBlock/WorkDCT/DitBlock/kernel.cpp:3511]   --->   Operation 30 'load' 'v1946' <Predicate = (!icmp_ln3508)> <Delay = 1.24> <CoreInst = "RAM">   --->   Core 83 'RAM' <Latency = 1> <II = 1> <Delay = 1.24> <Storage> <Opcode : 'load' 'store'> <Ports = 2> <Width = 32> <Depth = 262144> <RAM>
ST_1 : Operation 31 [1/1] (0.00ns)   --->   "%trunc_ln3509 = trunc i4 %select_ln3508" [/home/silvenchen/Desktop/DitBlock/WorkDCT/DitBlock/kernel.cpp:3509]   --->   Operation 31 'trunc' 'trunc_ln3509' <Predicate = (!icmp_ln3508)> <Delay = 0.00>
ST_1 : Operation 32 [1/1] (0.67ns)   --->   "%switch_ln3512 = switch i3 %trunc_ln3509, void %arrayidx394.case.7.i.i, i3 0, void %arrayidx394.case.0.i.i, i3 1, void %arrayidx394.case.1.i.i, i3 2, void %arrayidx394.case.2.i.i, i3 3, void %arrayidx394.case.3.i.i, i3 4, void %arrayidx394.case.4.i.i, i3 5, void %arrayidx394.case.5.i.i, i3 6, void %arrayidx394.case.6.i.i" [/home/silvenchen/Desktop/DitBlock/WorkDCT/DitBlock/kernel.cpp:3512]   --->   Operation 32 'switch' 'switch_ln3512' <Predicate = (!icmp_ln3508)> <Delay = 0.67>
ST_1 : Operation 33 [1/1] (0.70ns)   --->   "%add_ln3509 = add i4 %select_ln3508, i4 1" [/home/silvenchen/Desktop/DitBlock/WorkDCT/DitBlock/kernel.cpp:3509]   --->   Operation 33 'add' 'add_ln3509' <Predicate = (!icmp_ln3508)> <Delay = 0.70> <CoreInst = "Adder">   --->   Core 1 'Adder' <Latency = 0> <II = 1> <Delay = 0.70> <FuncUnit> <Opcode : 'add' 'sub'> <InPorts = 2> <OutPorts = 1>
ST_1 : Operation 34 [1/1] (0.38ns)   --->   "%store_ln3508 = store i13 %add_ln3508, i13 %indvar_flatten_i" [/home/silvenchen/Desktop/DitBlock/WorkDCT/DitBlock/kernel.cpp:3508]   --->   Operation 34 'store' 'store_ln3508' <Predicate = (!icmp_ln3508)> <Delay = 0.38>
ST_1 : Operation 35 [1/1] (0.38ns)   --->   "%store_ln3508 = store i10 %select_ln3508_1, i10 %bk1" [/home/silvenchen/Desktop/DitBlock/WorkDCT/DitBlock/kernel.cpp:3508]   --->   Operation 35 'store' 'store_ln3508' <Predicate = (!icmp_ln3508)> <Delay = 0.38>
ST_1 : Operation 36 [1/1] (0.38ns)   --->   "%store_ln3509 = store i4 %add_ln3509, i4 %bj1" [/home/silvenchen/Desktop/DitBlock/WorkDCT/DitBlock/kernel.cpp:3509]   --->   Operation 36 'store' 'store_ln3509' <Predicate = (!icmp_ln3508)> <Delay = 0.38>
ST_1 : Operation 37 [1/1] (0.00ns)   --->   "%br_ln3509 = br void %for.inc40.i.i" [/home/silvenchen/Desktop/DitBlock/WorkDCT/DitBlock/kernel.cpp:3509]   --->   Operation 37 'br' 'br_ln3509' <Predicate = (!icmp_ln3508)> <Delay = 0.00>
ST_1 : Operation 67 [1/1] (0.00ns)   --->   "%ret_ln0 = ret"   --->   Operation 67 'ret' 'ret_ln0' <Predicate = (icmp_ln3508)> <Delay = 0.00>

State 2 <SV = 1> <Delay = 2.44>
ST_2 : Operation 38 [1/1] (0.00ns)   --->   "%specloopname_ln0 = specloopname void @_ssdm_op_SpecLoopName, void @l_load_B_tile_bk1_l_bj1_str"   --->   Operation 38 'specloopname' 'specloopname_ln0' <Predicate = true> <Delay = 0.00>
ST_2 : Operation 39 [1/1] (0.00ns)   --->   "%speclooptripcount_ln0 = speclooptripcount void @_ssdm_op_SpecLoopTripCount, i64 4096, i64 4096, i64 4096"   --->   Operation 39 'speclooptripcount' 'speclooptripcount_ln0' <Predicate = true> <Delay = 0.00>
ST_2 : Operation 40 [1/1] (0.00ns)   --->   "%zext_ln3508 = zext i10 %select_ln3508_1" [/home/silvenchen/Desktop/DitBlock/WorkDCT/DitBlock/kernel.cpp:3508]   --->   Operation 40 'zext' 'zext_ln3508' <Predicate = true> <Delay = 0.00>
ST_2 : Operation 41 [1/1] (0.00ns)   --->   "%local_B1_7_i_addr = getelementptr i32 %local_B1_7_i, i64 0, i64 %zext_ln3508" [/home/silvenchen/Desktop/DitBlock/WorkDCT/DitBlock/kernel.cpp:3508]   --->   Operation 41 'getelementptr' 'local_B1_7_i_addr' <Predicate = true> <Delay = 0.00>
ST_2 : Operation 42 [1/1] (0.00ns)   --->   "%local_B1_6_i_addr = getelementptr i32 %local_B1_6_i, i64 0, i64 %zext_ln3508" [/home/silvenchen/Desktop/DitBlock/WorkDCT/DitBlock/kernel.cpp:3508]   --->   Operation 42 'getelementptr' 'local_B1_6_i_addr' <Predicate = true> <Delay = 0.00>
ST_2 : Operation 43 [1/1] (0.00ns)   --->   "%local_B1_5_i_addr = getelementptr i32 %local_B1_5_i, i64 0, i64 %zext_ln3508" [/home/silvenchen/Desktop/DitBlock/WorkDCT/DitBlock/kernel.cpp:3508]   --->   Operation 43 'getelementptr' 'local_B1_5_i_addr' <Predicate = true> <Delay = 0.00>
ST_2 : Operation 44 [1/1] (0.00ns)   --->   "%local_B1_4_i_addr = getelementptr i32 %local_B1_4_i, i64 0, i64 %zext_ln3508" [/home/silvenchen/Desktop/DitBlock/WorkDCT/DitBlock/kernel.cpp:3508]   --->   Operation 44 'getelementptr' 'local_B1_4_i_addr' <Predicate = true> <Delay = 0.00>
ST_2 : Operation 45 [1/1] (0.00ns)   --->   "%local_B1_3_i_addr = getelementptr i32 %local_B1_3_i, i64 0, i64 %zext_ln3508" [/home/silvenchen/Desktop/DitBlock/WorkDCT/DitBlock/kernel.cpp:3508]   --->   Operation 45 'getelementptr' 'local_B1_3_i_addr' <Predicate = true> <Delay = 0.00>
ST_2 : Operation 46 [1/1] (0.00ns)   --->   "%local_B1_2_i_addr = getelementptr i32 %local_B1_2_i, i64 0, i64 %zext_ln3508" [/home/silvenchen/Desktop/DitBlock/WorkDCT/DitBlock/kernel.cpp:3508]   --->   Operation 46 'getelementptr' 'local_B1_2_i_addr' <Predicate = true> <Delay = 0.00>
ST_2 : Operation 47 [1/1] (0.00ns)   --->   "%local_B1_1_i_addr = getelementptr i32 %local_B1_1_i, i64 0, i64 %zext_ln3508" [/home/silvenchen/Desktop/DitBlock/WorkDCT/DitBlock/kernel.cpp:3508]   --->   Operation 47 'getelementptr' 'local_B1_1_i_addr' <Predicate = true> <Delay = 0.00>
ST_2 : Operation 48 [1/1] (0.00ns)   --->   "%local_B1_i_addr = getelementptr i32 %local_B1_i, i64 0, i64 %zext_ln3508" [/home/silvenchen/Desktop/DitBlock/WorkDCT/DitBlock/kernel.cpp:3508]   --->   Operation 48 'getelementptr' 'local_B1_i_addr' <Predicate = true> <Delay = 0.00>
ST_2 : Operation 49 [1/1] (0.00ns)   --->   "%specpipeline_ln3510 = specpipeline void @_ssdm_op_SpecPipeline, i32 1, i32 0, i32 0, i32 0, void @empty_191" [/home/silvenchen/Desktop/DitBlock/WorkDCT/DitBlock/kernel.cpp:3510]   --->   Operation 49 'specpipeline' 'specpipeline_ln3510' <Predicate = true> <Delay = 0.00>
ST_2 : Operation 50 [1/2] (1.24ns)   --->   "%v1946 = load i18 %v1932_addr" [/home/silvenchen/Desktop/DitBlock/WorkDCT/DitBlock/kernel.cpp:3511]   --->   Operation 50 'load' 'v1946' <Predicate = true> <Delay = 1.24> <CoreInst = "RAM">   --->   Core 83 'RAM' <Latency = 1> <II = 1> <Delay = 1.24> <Storage> <Opcode : 'load' 'store'> <Ports = 2> <Width = 32> <Depth = 262144> <RAM>
ST_2 : Operation 51 [1/1] (1.19ns)   --->   "%store_ln3512 = store i32 %v1946, i9 %local_B1_1_i_addr" [/home/silvenchen/Desktop/DitBlock/WorkDCT/DitBlock/kernel.cpp:3512]   --->   Operation 51 'store' 'store_ln3512' <Predicate = (trunc_ln3509 == 6)> <Delay = 1.19> <CoreInst = "RAM">   --->   Core 83 'RAM' <Latency = 1> <II = 1> <Delay = 1.19> <Storage> <Opcode : 'load' 'store'> <Ports = 2> <Width = 32> <Depth = 512> <RAM>
ST_2 : Operation 52 [1/1] (0.00ns)   --->   "%br_ln3512 = br void %arrayidx394.exit.i.i" [/home/silvenchen/Desktop/DitBlock/WorkDCT/DitBlock/kernel.cpp:3512]   --->   Operation 52 'br' 'br_ln3512' <Predicate = (trunc_ln3509 == 6)> <Delay = 0.00>
ST_2 : Operation 53 [1/1] (1.19ns)   --->   "%store_ln3512 = store i32 %v1946, i9 %local_B1_2_i_addr" [/home/silvenchen/Desktop/DitBlock/WorkDCT/DitBlock/kernel.cpp:3512]   --->   Operation 53 'store' 'store_ln3512' <Predicate = (trunc_ln3509 == 5)> <Delay = 1.19> <CoreInst = "RAM">   --->   Core 83 'RAM' <Latency = 1> <II = 1> <Delay = 1.19> <Storage> <Opcode : 'load' 'store'> <Ports = 2> <Width = 32> <Depth = 512> <RAM>
ST_2 : Operation 54 [1/1] (0.00ns)   --->   "%br_ln3512 = br void %arrayidx394.exit.i.i" [/home/silvenchen/Desktop/DitBlock/WorkDCT/DitBlock/kernel.cpp:3512]   --->   Operation 54 'br' 'br_ln3512' <Predicate = (trunc_ln3509 == 5)> <Delay = 0.00>
ST_2 : Operation 55 [1/1] (1.19ns)   --->   "%store_ln3512 = store i32 %v1946, i9 %local_B1_3_i_addr" [/home/silvenchen/Desktop/DitBlock/WorkDCT/DitBlock/kernel.cpp:3512]   --->   Operation 55 'store' 'store_ln3512' <Predicate = (trunc_ln3509 == 4)> <Delay = 1.19> <CoreInst = "RAM">   --->   Core 83 'RAM' <Latency = 1> <II = 1> <Delay = 1.19> <Storage> <Opcode : 'load' 'store'> <Ports = 2> <Width = 32> <Depth = 512> <RAM>
ST_2 : Operation 56 [1/1] (0.00ns)   --->   "%br_ln3512 = br void %arrayidx394.exit.i.i" [/home/silvenchen/Desktop/DitBlock/WorkDCT/DitBlock/kernel.cpp:3512]   --->   Operation 56 'br' 'br_ln3512' <Predicate = (trunc_ln3509 == 4)> <Delay = 0.00>
ST_2 : Operation 57 [1/1] (1.19ns)   --->   "%store_ln3512 = store i32 %v1946, i9 %local_B1_4_i_addr" [/home/silvenchen/Desktop/DitBlock/WorkDCT/DitBlock/kernel.cpp:3512]   --->   Operation 57 'store' 'store_ln3512' <Predicate = (trunc_ln3509 == 3)> <Delay = 1.19> <CoreInst = "RAM">   --->   Core 83 'RAM' <Latency = 1> <II = 1> <Delay = 1.19> <Storage> <Opcode : 'load' 'store'> <Ports = 2> <Width = 32> <Depth = 512> <RAM>
ST_2 : Operation 58 [1/1] (0.00ns)   --->   "%br_ln3512 = br void %arrayidx394.exit.i.i" [/home/silvenchen/Desktop/DitBlock/WorkDCT/DitBlock/kernel.cpp:3512]   --->   Operation 58 'br' 'br_ln3512' <Predicate = (trunc_ln3509 == 3)> <Delay = 0.00>
ST_2 : Operation 59 [1/1] (1.19ns)   --->   "%store_ln3512 = store i32 %v1946, i9 %local_B1_5_i_addr" [/home/silvenchen/Desktop/DitBlock/WorkDCT/DitBlock/kernel.cpp:3512]   --->   Operation 59 'store' 'store_ln3512' <Predicate = (trunc_ln3509 == 2)> <Delay = 1.19> <CoreInst = "RAM">   --->   Core 83 'RAM' <Latency = 1> <II = 1> <Delay = 1.19> <Storage> <Opcode : 'load' 'store'> <Ports = 2> <Width = 32> <Depth = 512> <RAM>
ST_2 : Operation 60 [1/1] (0.00ns)   --->   "%br_ln3512 = br void %arrayidx394.exit.i.i" [/home/silvenchen/Desktop/DitBlock/WorkDCT/DitBlock/kernel.cpp:3512]   --->   Operation 60 'br' 'br_ln3512' <Predicate = (trunc_ln3509 == 2)> <Delay = 0.00>
ST_2 : Operation 61 [1/1] (1.19ns)   --->   "%store_ln3512 = store i32 %v1946, i9 %local_B1_6_i_addr" [/home/silvenchen/Desktop/DitBlock/WorkDCT/DitBlock/kernel.cpp:3512]   --->   Operation 61 'store' 'store_ln3512' <Predicate = (trunc_ln3509 == 1)> <Delay = 1.19> <CoreInst = "RAM">   --->   Core 83 'RAM' <Latency = 1> <II = 1> <Delay = 1.19> <Storage> <Opcode : 'load' 'store'> <Ports = 2> <Width = 32> <Depth = 512> <RAM>
ST_2 : Operation 62 [1/1] (0.00ns)   --->   "%br_ln3512 = br void %arrayidx394.exit.i.i" [/home/silvenchen/Desktop/DitBlock/WorkDCT/DitBlock/kernel.cpp:3512]   --->   Operation 62 'br' 'br_ln3512' <Predicate = (trunc_ln3509 == 1)> <Delay = 0.00>
ST_2 : Operation 63 [1/1] (1.19ns)   --->   "%store_ln3512 = store i32 %v1946, i9 %local_B1_7_i_addr" [/home/silvenchen/Desktop/DitBlock/WorkDCT/DitBlock/kernel.cpp:3512]   --->   Operation 63 'store' 'store_ln3512' <Predicate = (trunc_ln3509 == 0)> <Delay = 1.19> <CoreInst = "RAM">   --->   Core 83 'RAM' <Latency = 1> <II = 1> <Delay = 1.19> <Storage> <Opcode : 'load' 'store'> <Ports = 2> <Width = 32> <Depth = 512> <RAM>
ST_2 : Operation 64 [1/1] (0.00ns)   --->   "%br_ln3512 = br void %arrayidx394.exit.i.i" [/home/silvenchen/Desktop/DitBlock/WorkDCT/DitBlock/kernel.cpp:3512]   --->   Operation 64 'br' 'br_ln3512' <Predicate = (trunc_ln3509 == 0)> <Delay = 0.00>
ST_2 : Operation 65 [1/1] (1.19ns)   --->   "%store_ln3512 = store i32 %v1946, i9 %local_B1_i_addr" [/home/silvenchen/Desktop/DitBlock/WorkDCT/DitBlock/kernel.cpp:3512]   --->   Operation 65 'store' 'store_ln3512' <Predicate = (trunc_ln3509 == 7)> <Delay = 1.19> <CoreInst = "RAM">   --->   Core 83 'RAM' <Latency = 1> <II = 1> <Delay = 1.19> <Storage> <Opcode : 'load' 'store'> <Ports = 2> <Width = 32> <Depth = 512> <RAM>
ST_2 : Operation 66 [1/1] (0.00ns)   --->   "%br_ln3512 = br void %arrayidx394.exit.i.i" [/home/silvenchen/Desktop/DitBlock/WorkDCT/DitBlock/kernel.cpp:3512]   --->   Operation 66 'br' 'br_ln3512' <Predicate = (trunc_ln3509 == 7)> <Delay = 0.00>


============================================================
+ Verbose Summary: Timing violations
============================================================
Target clock period: 10.000ns, clock uncertainty: 2.700ns.

 <State 1>: 3.409ns
The critical path consists of the following:
	'store' operation 0 bit ('store_ln3509', /home/silvenchen/Desktop/DitBlock/WorkDCT/DitBlock/kernel.cpp:3509) of constant 0 on local variable 'bj1', /home/silvenchen/Desktop/DitBlock/WorkDCT/DitBlock/kernel.cpp:3509 [18]  (0.387 ns)
	'load' operation 4 bit ('bj1_load', /home/silvenchen/Desktop/DitBlock/WorkDCT/DitBlock/kernel.cpp:3508) on local variable 'bj1', /home/silvenchen/Desktop/DitBlock/WorkDCT/DitBlock/kernel.cpp:3509 [26]  (0.000 ns)
	'icmp' operation 1 bit ('icmp_ln3509', /home/silvenchen/Desktop/DitBlock/WorkDCT/DitBlock/kernel.cpp:3509) [31]  (0.708 ns)
	'select' operation 4 bit ('select_ln3508', /home/silvenchen/Desktop/DitBlock/WorkDCT/DitBlock/kernel.cpp:3508) [32]  (0.351 ns)
	'add' operation 9 bit ('add_ln3511', /home/silvenchen/Desktop/DitBlock/WorkDCT/DitBlock/kernel.cpp:3511) [46]  (0.715 ns)
	'getelementptr' operation 18 bit ('v1932_addr', /home/silvenchen/Desktop/DitBlock/WorkDCT/DitBlock/kernel.cpp:3511) [49]  (0.000 ns)
	'load' operation 32 bit ('v1946', /home/silvenchen/Desktop/DitBlock/WorkDCT/DitBlock/kernel.cpp:3511) on array 'v1932' [50]  (1.248 ns)

 <State 2>: 2.444ns
The critical path consists of the following:
	'load' operation 32 bit ('v1946', /home/silvenchen/Desktop/DitBlock/WorkDCT/DitBlock/kernel.cpp:3511) on array 'v1932' [50]  (1.248 ns)
	'store' operation 0 bit ('store_ln3512', /home/silvenchen/Desktop/DitBlock/WorkDCT/DitBlock/kernel.cpp:3512) of variable 'v1946', /home/silvenchen/Desktop/DitBlock/WorkDCT/DitBlock/kernel.cpp:3511 on array 'local_B1_1_i' [54]  (1.196 ns)


============================================================
+ Verbose Summary: Binding
============================================================
N/A
* FSMD analyzer results:
  - Output states:
 - Input state : 
  - Chain level:
	State 1
	State 2


============================================================
+ Verbose Summary: Datapath Resource usage 
============================================================
N/A
