

================================================================
== Vitis HLS Report for 'dataflow_in_loop_l_ni1_Loop_l_store_C_tile_sj1_proc47_Pipeline_l_store_C_tile_sj'
================================================================
* Date:           Mon Feb 17 20:36:23 2025

* Version:        2023.2 (Build 4023990 on Oct 11 2023)
* Project:        DitBlock
* Solution:       hls (Vivado IP Flow Target)
* Product family: virtexuplusHBM
* Target device:  xcu280-fsvh2892-2L-e


================================================================
== Performance Estimates
================================================================
+ Timing: 
    * Summary: 
    +--------+----------+----------+------------+
    |  Clock |  Target  | Estimated| Uncertainty|
    +--------+----------+----------+------------+
    |ap_clk  |  10.00 ns|  5.638 ns|     2.70 ns|
    +--------+----------+----------+------------+

+ Latency: 
    * Summary: 
    +---------+---------+----------+----------+-----+-----+---------+
    |  Latency (cycles) |  Latency (absolute) |  Interval | Pipeline|
    |   min   |   max   |    min   |    max   | min | max |   Type  |
    +---------+---------+----------+----------+-----+-----+---------+
    |       66|       66|  0.660 us|  0.660 us|   66|   66|       no|
    +---------+---------+----------+----------+-----+-----+---------+

    + Detail: 
        * Instance: 
        N/A

        * Loop: 
        +----------------------------+---------+---------+----------+-----------+-----------+------+----------+
        |                            |  Latency (cycles) | Iteration|  Initiation Interval  | Trip |          |
        |          Loop Name         |   min   |   max   |  Latency |  achieved |   target  | Count| Pipelined|
        +----------------------------+---------+---------+----------+-----------+-----------+------+----------+
        |- l_store_C_tile_sj1_l_si1  |       64|       64|         1|          1|          1|    64|       yes|
        +----------------------------+---------+---------+----------+-----------+-----------+------+----------+

============================================================
+ Verbose Summary: Synthesis Manager
============================================================
InlineROM: 1
ExposeGlobal: 0
============================================================
+ Verbose Summary: CDFG Model
============================================================
IsTopModel: 0
ResetActiveHigh: 1
IsCombinational: 0
IsDatapathOnly: 0
HasWiredReturn: 1
HasMFsm: 2
HasVarLatency: 1
IsPipeline: 0
IsRtlPipelined: 0
IsInstanceOverlapped: 0
IsDontTouch: 0
HasImplIP: 0
IsGatedGlobalClock: 0

+ Individual pipeline summary: 
  * Pipeline-0: initiation interval (II) = 1, depth = 1


============================================================
+ Verbose Summary: Schedule
============================================================
* Number of FSM states : 1
* Pipeline : 1
  Pipeline-0 : II = 1, D = 1, States = { 1 }
* Dataflow Pipeline: 0

* FSM state transitions: 
1 --> 

* FSM state operations: 

State 1 <SV = 0> <Delay = 5.63>
ST_1 : Operation 4 [1/1] (0.00ns)   --->   "%si1 = alloca i32 1" [/home/silvenchen/Desktop/DitBlock/WorkDCT/DitBlock/kernel.cpp:3517]   --->   Operation 4 'alloca' 'si1' <Predicate = true> <Delay = 0.00>
ST_1 : Operation 5 [1/1] (0.00ns)   --->   "%sj1 = alloca i32 1" [/home/silvenchen/Desktop/DitBlock/WorkDCT/DitBlock/kernel.cpp:3516]   --->   Operation 5 'alloca' 'sj1' <Predicate = true> <Delay = 0.00>
ST_1 : Operation 6 [1/1] (0.00ns)   --->   "%indvar_flatten = alloca i32 1"   --->   Operation 6 'alloca' 'indvar_flatten' <Predicate = true> <Delay = 0.00>
ST_1 : Operation 7 [1/1] (0.00ns)   --->   "%tmp_read = read i10 @_ssdm_op_Read.ap_auto.i10, i10 %tmp"   --->   Operation 7 'read' 'tmp_read' <Predicate = true> <Delay = 0.00>
ST_1 : Operation 8 [1/1] (0.00ns)   --->   "%local_C1_i_load_read = read i32 @_ssdm_op_Read.ap_auto.float, i32 %local_C1_i_load"   --->   Operation 8 'read' 'local_C1_i_load_read' <Predicate = true> <Delay = 0.00>
ST_1 : Operation 9 [1/1] (0.00ns)   --->   "%local_C1_1_i_load_read = read i32 @_ssdm_op_Read.ap_auto.float, i32 %local_C1_1_i_load"   --->   Operation 9 'read' 'local_C1_1_i_load_read' <Predicate = true> <Delay = 0.00>
ST_1 : Operation 10 [1/1] (0.00ns)   --->   "%local_C1_2_i_load_read = read i32 @_ssdm_op_Read.ap_auto.float, i32 %local_C1_2_i_load"   --->   Operation 10 'read' 'local_C1_2_i_load_read' <Predicate = true> <Delay = 0.00>
ST_1 : Operation 11 [1/1] (0.00ns)   --->   "%local_C1_3_i_load_read = read i32 @_ssdm_op_Read.ap_auto.float, i32 %local_C1_3_i_load"   --->   Operation 11 'read' 'local_C1_3_i_load_read' <Predicate = true> <Delay = 0.00>
ST_1 : Operation 12 [1/1] (0.00ns)   --->   "%local_C1_4_i_load_read = read i32 @_ssdm_op_Read.ap_auto.float, i32 %local_C1_4_i_load"   --->   Operation 12 'read' 'local_C1_4_i_load_read' <Predicate = true> <Delay = 0.00>
ST_1 : Operation 13 [1/1] (0.00ns)   --->   "%local_C1_5_i_load_read = read i32 @_ssdm_op_Read.ap_auto.float, i32 %local_C1_5_i_load"   --->   Operation 13 'read' 'local_C1_5_i_load_read' <Predicate = true> <Delay = 0.00>
ST_1 : Operation 14 [1/1] (0.00ns)   --->   "%local_C1_6_i_load_read = read i32 @_ssdm_op_Read.ap_auto.float, i32 %local_C1_6_i_load"   --->   Operation 14 'read' 'local_C1_6_i_load_read' <Predicate = true> <Delay = 0.00>
ST_1 : Operation 15 [1/1] (0.00ns)   --->   "%local_C1_7_i_load_read = read i32 @_ssdm_op_Read.ap_auto.float, i32 %local_C1_7_i_load"   --->   Operation 15 'read' 'local_C1_7_i_load_read' <Predicate = true> <Delay = 0.00>
ST_1 : Operation 16 [1/1] (0.00ns)   --->   "%local_C1_8_i_load_read = read i32 @_ssdm_op_Read.ap_auto.float, i32 %local_C1_8_i_load"   --->   Operation 16 'read' 'local_C1_8_i_load_read' <Predicate = true> <Delay = 0.00>
ST_1 : Operation 17 [1/1] (0.00ns)   --->   "%local_C1_9_i_load_read = read i32 @_ssdm_op_Read.ap_auto.float, i32 %local_C1_9_i_load"   --->   Operation 17 'read' 'local_C1_9_i_load_read' <Predicate = true> <Delay = 0.00>
ST_1 : Operation 18 [1/1] (0.00ns)   --->   "%local_C1_10_i_load_read = read i32 @_ssdm_op_Read.ap_auto.float, i32 %local_C1_10_i_load"   --->   Operation 18 'read' 'local_C1_10_i_load_read' <Predicate = true> <Delay = 0.00>
ST_1 : Operation 19 [1/1] (0.00ns)   --->   "%local_C1_11_i_load_read = read i32 @_ssdm_op_Read.ap_auto.float, i32 %local_C1_11_i_load"   --->   Operation 19 'read' 'local_C1_11_i_load_read' <Predicate = true> <Delay = 0.00>
ST_1 : Operation 20 [1/1] (0.00ns)   --->   "%local_C1_12_i_load_read = read i32 @_ssdm_op_Read.ap_auto.float, i32 %local_C1_12_i_load"   --->   Operation 20 'read' 'local_C1_12_i_load_read' <Predicate = true> <Delay = 0.00>
ST_1 : Operation 21 [1/1] (0.00ns)   --->   "%local_C1_13_i_load_read = read i32 @_ssdm_op_Read.ap_auto.float, i32 %local_C1_13_i_load"   --->   Operation 21 'read' 'local_C1_13_i_load_read' <Predicate = true> <Delay = 0.00>
ST_1 : Operation 22 [1/1] (0.00ns)   --->   "%local_C1_14_i_load_read = read i32 @_ssdm_op_Read.ap_auto.float, i32 %local_C1_14_i_load"   --->   Operation 22 'read' 'local_C1_14_i_load_read' <Predicate = true> <Delay = 0.00>
ST_1 : Operation 23 [1/1] (0.00ns)   --->   "%local_C1_15_i_load_read = read i32 @_ssdm_op_Read.ap_auto.float, i32 %local_C1_15_i_load"   --->   Operation 23 'read' 'local_C1_15_i_load_read' <Predicate = true> <Delay = 0.00>
ST_1 : Operation 24 [1/1] (0.00ns)   --->   "%local_C1_16_i_load_read = read i32 @_ssdm_op_Read.ap_auto.float, i32 %local_C1_16_i_load"   --->   Operation 24 'read' 'local_C1_16_i_load_read' <Predicate = true> <Delay = 0.00>
ST_1 : Operation 25 [1/1] (0.00ns)   --->   "%local_C1_17_i_load_read = read i32 @_ssdm_op_Read.ap_auto.float, i32 %local_C1_17_i_load"   --->   Operation 25 'read' 'local_C1_17_i_load_read' <Predicate = true> <Delay = 0.00>
ST_1 : Operation 26 [1/1] (0.00ns)   --->   "%local_C1_18_i_load_read = read i32 @_ssdm_op_Read.ap_auto.float, i32 %local_C1_18_i_load"   --->   Operation 26 'read' 'local_C1_18_i_load_read' <Predicate = true> <Delay = 0.00>
ST_1 : Operation 27 [1/1] (0.00ns)   --->   "%local_C1_19_i_load_read = read i32 @_ssdm_op_Read.ap_auto.float, i32 %local_C1_19_i_load"   --->   Operation 27 'read' 'local_C1_19_i_load_read' <Predicate = true> <Delay = 0.00>
ST_1 : Operation 28 [1/1] (0.00ns)   --->   "%local_C1_20_i_load_read = read i32 @_ssdm_op_Read.ap_auto.float, i32 %local_C1_20_i_load"   --->   Operation 28 'read' 'local_C1_20_i_load_read' <Predicate = true> <Delay = 0.00>
ST_1 : Operation 29 [1/1] (0.00ns)   --->   "%local_C1_21_i_load_read = read i32 @_ssdm_op_Read.ap_auto.float, i32 %local_C1_21_i_load"   --->   Operation 29 'read' 'local_C1_21_i_load_read' <Predicate = true> <Delay = 0.00>
ST_1 : Operation 30 [1/1] (0.00ns)   --->   "%local_C1_22_i_load_read = read i32 @_ssdm_op_Read.ap_auto.float, i32 %local_C1_22_i_load"   --->   Operation 30 'read' 'local_C1_22_i_load_read' <Predicate = true> <Delay = 0.00>
ST_1 : Operation 31 [1/1] (0.00ns)   --->   "%local_C1_23_i_load_read = read i32 @_ssdm_op_Read.ap_auto.float, i32 %local_C1_23_i_load"   --->   Operation 31 'read' 'local_C1_23_i_load_read' <Predicate = true> <Delay = 0.00>
ST_1 : Operation 32 [1/1] (0.00ns)   --->   "%local_C1_24_i_load_read = read i32 @_ssdm_op_Read.ap_auto.float, i32 %local_C1_24_i_load"   --->   Operation 32 'read' 'local_C1_24_i_load_read' <Predicate = true> <Delay = 0.00>
ST_1 : Operation 33 [1/1] (0.00ns)   --->   "%local_C1_25_i_load_read = read i32 @_ssdm_op_Read.ap_auto.float, i32 %local_C1_25_i_load"   --->   Operation 33 'read' 'local_C1_25_i_load_read' <Predicate = true> <Delay = 0.00>
ST_1 : Operation 34 [1/1] (0.00ns)   --->   "%local_C1_26_i_load_read = read i32 @_ssdm_op_Read.ap_auto.float, i32 %local_C1_26_i_load"   --->   Operation 34 'read' 'local_C1_26_i_load_read' <Predicate = true> <Delay = 0.00>
ST_1 : Operation 35 [1/1] (0.00ns)   --->   "%local_C1_27_i_load_read = read i32 @_ssdm_op_Read.ap_auto.float, i32 %local_C1_27_i_load"   --->   Operation 35 'read' 'local_C1_27_i_load_read' <Predicate = true> <Delay = 0.00>
ST_1 : Operation 36 [1/1] (0.00ns)   --->   "%local_C1_28_i_load_read = read i32 @_ssdm_op_Read.ap_auto.float, i32 %local_C1_28_i_load"   --->   Operation 36 'read' 'local_C1_28_i_load_read' <Predicate = true> <Delay = 0.00>
ST_1 : Operation 37 [1/1] (0.00ns)   --->   "%local_C1_29_i_load_read = read i32 @_ssdm_op_Read.ap_auto.float, i32 %local_C1_29_i_load"   --->   Operation 37 'read' 'local_C1_29_i_load_read' <Predicate = true> <Delay = 0.00>
ST_1 : Operation 38 [1/1] (0.00ns)   --->   "%local_C1_30_i_load_read = read i32 @_ssdm_op_Read.ap_auto.float, i32 %local_C1_30_i_load"   --->   Operation 38 'read' 'local_C1_30_i_load_read' <Predicate = true> <Delay = 0.00>
ST_1 : Operation 39 [1/1] (0.00ns)   --->   "%local_C1_31_i_load_read = read i32 @_ssdm_op_Read.ap_auto.float, i32 %local_C1_31_i_load"   --->   Operation 39 'read' 'local_C1_31_i_load_read' <Predicate = true> <Delay = 0.00>
ST_1 : Operation 40 [1/1] (0.00ns)   --->   "%local_C1_32_i_load_read = read i32 @_ssdm_op_Read.ap_auto.float, i32 %local_C1_32_i_load"   --->   Operation 40 'read' 'local_C1_32_i_load_read' <Predicate = true> <Delay = 0.00>
ST_1 : Operation 41 [1/1] (0.00ns)   --->   "%local_C1_33_i_load_read = read i32 @_ssdm_op_Read.ap_auto.float, i32 %local_C1_33_i_load"   --->   Operation 41 'read' 'local_C1_33_i_load_read' <Predicate = true> <Delay = 0.00>
ST_1 : Operation 42 [1/1] (0.00ns)   --->   "%local_C1_34_i_load_read = read i32 @_ssdm_op_Read.ap_auto.float, i32 %local_C1_34_i_load"   --->   Operation 42 'read' 'local_C1_34_i_load_read' <Predicate = true> <Delay = 0.00>
ST_1 : Operation 43 [1/1] (0.00ns)   --->   "%local_C1_35_i_load_read = read i32 @_ssdm_op_Read.ap_auto.float, i32 %local_C1_35_i_load"   --->   Operation 43 'read' 'local_C1_35_i_load_read' <Predicate = true> <Delay = 0.00>
ST_1 : Operation 44 [1/1] (0.00ns)   --->   "%local_C1_36_i_load_read = read i32 @_ssdm_op_Read.ap_auto.float, i32 %local_C1_36_i_load"   --->   Operation 44 'read' 'local_C1_36_i_load_read' <Predicate = true> <Delay = 0.00>
ST_1 : Operation 45 [1/1] (0.00ns)   --->   "%local_C1_37_i_load_read = read i32 @_ssdm_op_Read.ap_auto.float, i32 %local_C1_37_i_load"   --->   Operation 45 'read' 'local_C1_37_i_load_read' <Predicate = true> <Delay = 0.00>
ST_1 : Operation 46 [1/1] (0.00ns)   --->   "%local_C1_38_i_load_read = read i32 @_ssdm_op_Read.ap_auto.float, i32 %local_C1_38_i_load"   --->   Operation 46 'read' 'local_C1_38_i_load_read' <Predicate = true> <Delay = 0.00>
ST_1 : Operation 47 [1/1] (0.00ns)   --->   "%local_C1_39_i_load_read = read i32 @_ssdm_op_Read.ap_auto.float, i32 %local_C1_39_i_load"   --->   Operation 47 'read' 'local_C1_39_i_load_read' <Predicate = true> <Delay = 0.00>
ST_1 : Operation 48 [1/1] (0.00ns)   --->   "%local_C1_40_i_load_read = read i32 @_ssdm_op_Read.ap_auto.float, i32 %local_C1_40_i_load"   --->   Operation 48 'read' 'local_C1_40_i_load_read' <Predicate = true> <Delay = 0.00>
ST_1 : Operation 49 [1/1] (0.00ns)   --->   "%local_C1_41_i_load_read = read i32 @_ssdm_op_Read.ap_auto.float, i32 %local_C1_41_i_load"   --->   Operation 49 'read' 'local_C1_41_i_load_read' <Predicate = true> <Delay = 0.00>
ST_1 : Operation 50 [1/1] (0.00ns)   --->   "%local_C1_42_i_load_read = read i32 @_ssdm_op_Read.ap_auto.float, i32 %local_C1_42_i_load"   --->   Operation 50 'read' 'local_C1_42_i_load_read' <Predicate = true> <Delay = 0.00>
ST_1 : Operation 51 [1/1] (0.00ns)   --->   "%local_C1_43_i_load_read = read i32 @_ssdm_op_Read.ap_auto.float, i32 %local_C1_43_i_load"   --->   Operation 51 'read' 'local_C1_43_i_load_read' <Predicate = true> <Delay = 0.00>
ST_1 : Operation 52 [1/1] (0.00ns)   --->   "%local_C1_44_i_load_read = read i32 @_ssdm_op_Read.ap_auto.float, i32 %local_C1_44_i_load"   --->   Operation 52 'read' 'local_C1_44_i_load_read' <Predicate = true> <Delay = 0.00>
ST_1 : Operation 53 [1/1] (0.00ns)   --->   "%local_C1_45_i_load_read = read i32 @_ssdm_op_Read.ap_auto.float, i32 %local_C1_45_i_load"   --->   Operation 53 'read' 'local_C1_45_i_load_read' <Predicate = true> <Delay = 0.00>
ST_1 : Operation 54 [1/1] (0.00ns)   --->   "%local_C1_46_i_load_read = read i32 @_ssdm_op_Read.ap_auto.float, i32 %local_C1_46_i_load"   --->   Operation 54 'read' 'local_C1_46_i_load_read' <Predicate = true> <Delay = 0.00>
ST_1 : Operation 55 [1/1] (0.00ns)   --->   "%local_C1_47_i_load_read = read i32 @_ssdm_op_Read.ap_auto.float, i32 %local_C1_47_i_load"   --->   Operation 55 'read' 'local_C1_47_i_load_read' <Predicate = true> <Delay = 0.00>
ST_1 : Operation 56 [1/1] (0.00ns)   --->   "%local_C1_48_i_load_read = read i32 @_ssdm_op_Read.ap_auto.float, i32 %local_C1_48_i_load"   --->   Operation 56 'read' 'local_C1_48_i_load_read' <Predicate = true> <Delay = 0.00>
ST_1 : Operation 57 [1/1] (0.00ns)   --->   "%local_C1_49_i_load_read = read i32 @_ssdm_op_Read.ap_auto.float, i32 %local_C1_49_i_load"   --->   Operation 57 'read' 'local_C1_49_i_load_read' <Predicate = true> <Delay = 0.00>
ST_1 : Operation 58 [1/1] (0.00ns)   --->   "%local_C1_50_i_load_read = read i32 @_ssdm_op_Read.ap_auto.float, i32 %local_C1_50_i_load"   --->   Operation 58 'read' 'local_C1_50_i_load_read' <Predicate = true> <Delay = 0.00>
ST_1 : Operation 59 [1/1] (0.00ns)   --->   "%local_C1_51_i_load_read = read i32 @_ssdm_op_Read.ap_auto.float, i32 %local_C1_51_i_load"   --->   Operation 59 'read' 'local_C1_51_i_load_read' <Predicate = true> <Delay = 0.00>
ST_1 : Operation 60 [1/1] (0.00ns)   --->   "%local_C1_52_i_load_read = read i32 @_ssdm_op_Read.ap_auto.float, i32 %local_C1_52_i_load"   --->   Operation 60 'read' 'local_C1_52_i_load_read' <Predicate = true> <Delay = 0.00>
ST_1 : Operation 61 [1/1] (0.00ns)   --->   "%local_C1_53_i_load_read = read i32 @_ssdm_op_Read.ap_auto.float, i32 %local_C1_53_i_load"   --->   Operation 61 'read' 'local_C1_53_i_load_read' <Predicate = true> <Delay = 0.00>
ST_1 : Operation 62 [1/1] (0.00ns)   --->   "%local_C1_54_i_load_read = read i32 @_ssdm_op_Read.ap_auto.float, i32 %local_C1_54_i_load"   --->   Operation 62 'read' 'local_C1_54_i_load_read' <Predicate = true> <Delay = 0.00>
ST_1 : Operation 63 [1/1] (0.00ns)   --->   "%local_C1_55_i_load_read = read i32 @_ssdm_op_Read.ap_auto.float, i32 %local_C1_55_i_load"   --->   Operation 63 'read' 'local_C1_55_i_load_read' <Predicate = true> <Delay = 0.00>
ST_1 : Operation 64 [1/1] (0.00ns)   --->   "%local_C1_56_i_load_read = read i32 @_ssdm_op_Read.ap_auto.float, i32 %local_C1_56_i_load"   --->   Operation 64 'read' 'local_C1_56_i_load_read' <Predicate = true> <Delay = 0.00>
ST_1 : Operation 65 [1/1] (0.00ns)   --->   "%local_C1_57_i_load_read = read i32 @_ssdm_op_Read.ap_auto.float, i32 %local_C1_57_i_load"   --->   Operation 65 'read' 'local_C1_57_i_load_read' <Predicate = true> <Delay = 0.00>
ST_1 : Operation 66 [1/1] (0.00ns)   --->   "%local_C1_58_i_load_read = read i32 @_ssdm_op_Read.ap_auto.float, i32 %local_C1_58_i_load"   --->   Operation 66 'read' 'local_C1_58_i_load_read' <Predicate = true> <Delay = 0.00>
ST_1 : Operation 67 [1/1] (0.00ns)   --->   "%local_C1_59_i_load_read = read i32 @_ssdm_op_Read.ap_auto.float, i32 %local_C1_59_i_load"   --->   Operation 67 'read' 'local_C1_59_i_load_read' <Predicate = true> <Delay = 0.00>
ST_1 : Operation 68 [1/1] (0.00ns)   --->   "%local_C1_60_i_load_read = read i32 @_ssdm_op_Read.ap_auto.float, i32 %local_C1_60_i_load"   --->   Operation 68 'read' 'local_C1_60_i_load_read' <Predicate = true> <Delay = 0.00>
ST_1 : Operation 69 [1/1] (0.00ns)   --->   "%local_C1_61_i_load_read = read i32 @_ssdm_op_Read.ap_auto.float, i32 %local_C1_61_i_load"   --->   Operation 69 'read' 'local_C1_61_i_load_read' <Predicate = true> <Delay = 0.00>
ST_1 : Operation 70 [1/1] (0.00ns)   --->   "%local_C1_62_i_load_read = read i32 @_ssdm_op_Read.ap_auto.float, i32 %local_C1_62_i_load"   --->   Operation 70 'read' 'local_C1_62_i_load_read' <Predicate = true> <Delay = 0.00>
ST_1 : Operation 71 [1/1] (0.00ns)   --->   "%local_C1_63_i_load_read = read i32 @_ssdm_op_Read.ap_auto.float, i32 %local_C1_63_i_load"   --->   Operation 71 'read' 'local_C1_63_i_load_read' <Predicate = true> <Delay = 0.00>
ST_1 : Operation 72 [1/1] (0.00ns)   --->   "%p_cast_read = read i9 @_ssdm_op_Read.ap_auto.i9, i9 %p_cast"   --->   Operation 72 'read' 'p_cast_read' <Predicate = true> <Delay = 0.00>
ST_1 : Operation 73 [1/1] (0.00ns)   --->   "%p_cast_cast = zext i9 %p_cast_read"   --->   Operation 73 'zext' 'p_cast_cast' <Predicate = true> <Delay = 0.00>
ST_1 : Operation 74 [1/1] (0.00ns)   --->   "%specmemcore_ln0 = specmemcore void @_ssdm_op_SpecMemCore, i32 %v1933, i64 666, i64 24, i64 18446744073709551615"   --->   Operation 74 'specmemcore' 'specmemcore_ln0' <Predicate = true> <Delay = 0.00>
ST_1 : Operation 75 [1/1] (0.38ns)   --->   "%store_ln0 = store i7 0, i7 %indvar_flatten"   --->   Operation 75 'store' 'store_ln0' <Predicate = true> <Delay = 0.38>
ST_1 : Operation 76 [1/1] (0.38ns)   --->   "%store_ln3516 = store i4 0, i4 %sj1" [/home/silvenchen/Desktop/DitBlock/WorkDCT/DitBlock/kernel.cpp:3516]   --->   Operation 76 'store' 'store_ln3516' <Predicate = true> <Delay = 0.38>
ST_1 : Operation 77 [1/1] (0.38ns)   --->   "%store_ln3517 = store i4 0, i4 %si1" [/home/silvenchen/Desktop/DitBlock/WorkDCT/DitBlock/kernel.cpp:3517]   --->   Operation 77 'store' 'store_ln3517' <Predicate = true> <Delay = 0.38>
ST_1 : Operation 78 [1/1] (0.00ns)   --->   "%br_ln0 = br void %for.inc68.i.i"   --->   Operation 78 'br' 'br_ln0' <Predicate = true> <Delay = 0.00>
ST_1 : Operation 79 [1/1] (0.00ns)   --->   "%indvar_flatten_load = load i7 %indvar_flatten" [/home/silvenchen/Desktop/DitBlock/WorkDCT/DitBlock/kernel.cpp:3516]   --->   Operation 79 'load' 'indvar_flatten_load' <Predicate = true> <Delay = 0.00>
ST_1 : Operation 80 [1/1] (0.70ns)   --->   "%icmp_ln3516 = icmp_eq  i7 %indvar_flatten_load, i7 64" [/home/silvenchen/Desktop/DitBlock/WorkDCT/DitBlock/kernel.cpp:3516]   --->   Operation 80 'icmp' 'icmp_ln3516' <Predicate = true> <Delay = 0.70> <CoreInst = "Cmp">   --->   Core 9 'Cmp' <Latency = 0> <II = 1> <Delay = 0.70> <FuncUnit> <Opcode : 'icmp'> <InPorts = 2> <OutPorts = 1>
ST_1 : Operation 81 [1/1] (0.70ns)   --->   "%add_ln3516_1 = add i7 %indvar_flatten_load, i7 1" [/home/silvenchen/Desktop/DitBlock/WorkDCT/DitBlock/kernel.cpp:3516]   --->   Operation 81 'add' 'add_ln3516_1' <Predicate = true> <Delay = 0.70> <CoreInst = "Adder">   --->   Core 1 'Adder' <Latency = 0> <II = 1> <Delay = 0.70> <FuncUnit> <Opcode : 'add' 'sub'> <InPorts = 2> <OutPorts = 1>
ST_1 : Operation 82 [1/1] (0.00ns)   --->   "%br_ln3516 = br i1 %icmp_ln3516, void %for.inc71.i.i, void %dataflow_in_loop_l_ni1_Loop_l_store_C_tile_sj1_proc47.exit.exitStub" [/home/silvenchen/Desktop/DitBlock/WorkDCT/DitBlock/kernel.cpp:3516]   --->   Operation 82 'br' 'br_ln3516' <Predicate = true> <Delay = 0.00>
ST_1 : Operation 83 [1/1] (0.00ns)   --->   "%si1_load = load i4 %si1" [/home/silvenchen/Desktop/DitBlock/WorkDCT/DitBlock/kernel.cpp:3517]   --->   Operation 83 'load' 'si1_load' <Predicate = (!icmp_ln3516)> <Delay = 0.00>
ST_1 : Operation 84 [1/1] (0.00ns)   --->   "%sj1_load = load i4 %sj1" [/home/silvenchen/Desktop/DitBlock/WorkDCT/DitBlock/kernel.cpp:3516]   --->   Operation 84 'load' 'sj1_load' <Predicate = (!icmp_ln3516)> <Delay = 0.00>
ST_1 : Operation 85 [1/1] (0.70ns)   --->   "%add_ln3516 = add i4 %sj1_load, i4 1" [/home/silvenchen/Desktop/DitBlock/WorkDCT/DitBlock/kernel.cpp:3516]   --->   Operation 85 'add' 'add_ln3516' <Predicate = (!icmp_ln3516)> <Delay = 0.70> <CoreInst = "Adder">   --->   Core 1 'Adder' <Latency = 0> <II = 1> <Delay = 0.70> <FuncUnit> <Opcode : 'add' 'sub'> <InPorts = 2> <OutPorts = 1>
ST_1 : Operation 86 [1/1] (0.00ns)   --->   "%specloopname_ln0 = specloopname void @_ssdm_op_SpecLoopName, void @l_store_C_tile_sj1_l_si1_str"   --->   Operation 86 'specloopname' 'specloopname_ln0' <Predicate = (!icmp_ln3516)> <Delay = 0.00>
ST_1 : Operation 87 [1/1] (0.00ns)   --->   "%speclooptripcount_ln0 = speclooptripcount void @_ssdm_op_SpecLoopTripCount, i64 64, i64 64, i64 64"   --->   Operation 87 'speclooptripcount' 'speclooptripcount_ln0' <Predicate = (!icmp_ln3516)> <Delay = 0.00>
ST_1 : Operation 88 [1/1] (0.70ns)   --->   "%icmp_ln3517 = icmp_eq  i4 %si1_load, i4 8" [/home/silvenchen/Desktop/DitBlock/WorkDCT/DitBlock/kernel.cpp:3517]   --->   Operation 88 'icmp' 'icmp_ln3517' <Predicate = (!icmp_ln3516)> <Delay = 0.70> <CoreInst = "Cmp">   --->   Core 9 'Cmp' <Latency = 0> <II = 1> <Delay = 0.70> <FuncUnit> <Opcode : 'icmp'> <InPorts = 2> <OutPorts = 1>
ST_1 : Operation 89 [1/1] (0.35ns)   --->   "%select_ln3516 = select i1 %icmp_ln3517, i4 0, i4 %si1_load" [/home/silvenchen/Desktop/DitBlock/WorkDCT/DitBlock/kernel.cpp:3516]   --->   Operation 89 'select' 'select_ln3516' <Predicate = (!icmp_ln3516)> <Delay = 0.35> <CoreInst = "Sel">   --->   Core 73 'Sel' <Latency = 0> <II = 1> <Delay = 0.35> <FuncUnit> <Opcode : 'select'> <InPorts = 3> <OutPorts = 1>
ST_1 : Operation 90 [1/1] (0.35ns)   --->   "%select_ln3516_1 = select i1 %icmp_ln3517, i4 %add_ln3516, i4 %sj1_load" [/home/silvenchen/Desktop/DitBlock/WorkDCT/DitBlock/kernel.cpp:3516]   --->   Operation 90 'select' 'select_ln3516_1' <Predicate = (!icmp_ln3516)> <Delay = 0.35> <CoreInst = "Sel">   --->   Core 73 'Sel' <Latency = 0> <II = 1> <Delay = 0.35> <FuncUnit> <Opcode : 'select'> <InPorts = 3> <OutPorts = 1>
ST_1 : Operation 91 [1/1] (0.00ns)   --->   "%trunc_ln3516 = trunc i4 %select_ln3516_1" [/home/silvenchen/Desktop/DitBlock/WorkDCT/DitBlock/kernel.cpp:3516]   --->   Operation 91 'trunc' 'trunc_ln3516' <Predicate = (!icmp_ln3516)> <Delay = 0.00>
ST_1 : Operation 92 [1/1] (0.00ns)   --->   "%zext_ln3516 = zext i4 %select_ln3516_1" [/home/silvenchen/Desktop/DitBlock/WorkDCT/DitBlock/kernel.cpp:3516]   --->   Operation 92 'zext' 'zext_ln3516' <Predicate = (!icmp_ln3516)> <Delay = 0.00>
ST_1 : Operation 93 [1/1] (0.71ns)   --->   "%empty = add i10 %p_cast_cast, i10 %zext_ln3516" [/home/silvenchen/Desktop/DitBlock/WorkDCT/DitBlock/kernel.cpp:3516]   --->   Operation 93 'add' 'empty' <Predicate = (!icmp_ln3516)> <Delay = 0.71> <CoreInst = "Adder">   --->   Core 1 'Adder' <Latency = 0> <II = 1> <Delay = 0.71> <FuncUnit> <Opcode : 'add' 'sub'> <InPorts = 2> <OutPorts = 1>
ST_1 : Operation 94 [1/1] (0.00ns)   --->   "%zext_ln3519 = zext i10 %empty" [/home/silvenchen/Desktop/DitBlock/WorkDCT/DitBlock/kernel.cpp:3519]   --->   Operation 94 'zext' 'zext_ln3519' <Predicate = (!icmp_ln3516)> <Delay = 0.00>
ST_1 : Operation 95 [1/1] (0.58ns)   --->   "%tmp_i_i = sparsemux i32 @_ssdm_op_SparseMux.ap_auto.8f32.f32.i3, i3 0, i32 %local_C1_63_i_load_read, i3 1, i32 %local_C1_62_i_load_read, i3 2, i32 %local_C1_61_i_load_read, i3 3, i32 %local_C1_60_i_load_read, i3 4, i32 %local_C1_59_i_load_read, i3 5, i32 %local_C1_58_i_load_read, i3 6, i32 %local_C1_57_i_load_read, i3 7, i32 %local_C1_56_i_load_read, i32 <undef>, i3 %trunc_ln3516" [/home/silvenchen/Desktop/DitBlock/WorkDCT/DitBlock/kernel.cpp:3519]   --->   Operation 95 'sparsemux' 'tmp_i_i' <Predicate = (!icmp_ln3516)> <Delay = 0.58> <CoreInst = "SparseMux">   --->   Core 147 'SparseMux' <Latency = 0> <II = 1> <Delay = 0.58> <FuncUnit> <Opcode : 'sparsemux'> <InPorts = 2> <OutPorts = 1>
ST_1 : Operation 96 [1/1] (0.58ns)   --->   "%tmp_i_i_754 = sparsemux i32 @_ssdm_op_SparseMux.ap_auto.8f32.f32.i3, i3 0, i32 %local_C1_55_i_load_read, i3 1, i32 %local_C1_54_i_load_read, i3 2, i32 %local_C1_53_i_load_read, i3 3, i32 %local_C1_52_i_load_read, i3 4, i32 %local_C1_51_i_load_read, i3 5, i32 %local_C1_50_i_load_read, i3 6, i32 %local_C1_49_i_load_read, i3 7, i32 %local_C1_48_i_load_read, i32 <undef>, i3 %trunc_ln3516" [/home/silvenchen/Desktop/DitBlock/WorkDCT/DitBlock/kernel.cpp:3519]   --->   Operation 96 'sparsemux' 'tmp_i_i_754' <Predicate = (!icmp_ln3516)> <Delay = 0.58> <CoreInst = "SparseMux">   --->   Core 147 'SparseMux' <Latency = 0> <II = 1> <Delay = 0.58> <FuncUnit> <Opcode : 'sparsemux'> <InPorts = 2> <OutPorts = 1>
ST_1 : Operation 97 [1/1] (0.58ns)   --->   "%tmp_25_i_i = sparsemux i32 @_ssdm_op_SparseMux.ap_auto.8f32.f32.i3, i3 0, i32 %local_C1_47_i_load_read, i3 1, i32 %local_C1_46_i_load_read, i3 2, i32 %local_C1_45_i_load_read, i3 3, i32 %local_C1_44_i_load_read, i3 4, i32 %local_C1_43_i_load_read, i3 5, i32 %local_C1_42_i_load_read, i3 6, i32 %local_C1_41_i_load_read, i3 7, i32 %local_C1_40_i_load_read, i32 <undef>, i3 %trunc_ln3516" [/home/silvenchen/Desktop/DitBlock/WorkDCT/DitBlock/kernel.cpp:3519]   --->   Operation 97 'sparsemux' 'tmp_25_i_i' <Predicate = (!icmp_ln3516)> <Delay = 0.58> <CoreInst = "SparseMux">   --->   Core 147 'SparseMux' <Latency = 0> <II = 1> <Delay = 0.58> <FuncUnit> <Opcode : 'sparsemux'> <InPorts = 2> <OutPorts = 1>
ST_1 : Operation 98 [1/1] (0.58ns)   --->   "%tmp_26_i_i = sparsemux i32 @_ssdm_op_SparseMux.ap_auto.8f32.f32.i3, i3 0, i32 %local_C1_39_i_load_read, i3 1, i32 %local_C1_38_i_load_read, i3 2, i32 %local_C1_37_i_load_read, i3 3, i32 %local_C1_36_i_load_read, i3 4, i32 %local_C1_35_i_load_read, i3 5, i32 %local_C1_34_i_load_read, i3 6, i32 %local_C1_33_i_load_read, i3 7, i32 %local_C1_32_i_load_read, i32 <undef>, i3 %trunc_ln3516" [/home/silvenchen/Desktop/DitBlock/WorkDCT/DitBlock/kernel.cpp:3519]   --->   Operation 98 'sparsemux' 'tmp_26_i_i' <Predicate = (!icmp_ln3516)> <Delay = 0.58> <CoreInst = "SparseMux">   --->   Core 147 'SparseMux' <Latency = 0> <II = 1> <Delay = 0.58> <FuncUnit> <Opcode : 'sparsemux'> <InPorts = 2> <OutPorts = 1>
ST_1 : Operation 99 [1/1] (0.58ns)   --->   "%tmp_27_i_i = sparsemux i32 @_ssdm_op_SparseMux.ap_auto.8f32.f32.i3, i3 0, i32 %local_C1_31_i_load_read, i3 1, i32 %local_C1_30_i_load_read, i3 2, i32 %local_C1_29_i_load_read, i3 3, i32 %local_C1_28_i_load_read, i3 4, i32 %local_C1_27_i_load_read, i3 5, i32 %local_C1_26_i_load_read, i3 6, i32 %local_C1_25_i_load_read, i3 7, i32 %local_C1_24_i_load_read, i32 <undef>, i3 %trunc_ln3516" [/home/silvenchen/Desktop/DitBlock/WorkDCT/DitBlock/kernel.cpp:3519]   --->   Operation 99 'sparsemux' 'tmp_27_i_i' <Predicate = (!icmp_ln3516)> <Delay = 0.58> <CoreInst = "SparseMux">   --->   Core 147 'SparseMux' <Latency = 0> <II = 1> <Delay = 0.58> <FuncUnit> <Opcode : 'sparsemux'> <InPorts = 2> <OutPorts = 1>
ST_1 : Operation 100 [1/1] (0.58ns)   --->   "%tmp_28_i_i = sparsemux i32 @_ssdm_op_SparseMux.ap_auto.8f32.f32.i3, i3 0, i32 %local_C1_23_i_load_read, i3 1, i32 %local_C1_22_i_load_read, i3 2, i32 %local_C1_21_i_load_read, i3 3, i32 %local_C1_20_i_load_read, i3 4, i32 %local_C1_19_i_load_read, i3 5, i32 %local_C1_18_i_load_read, i3 6, i32 %local_C1_17_i_load_read, i3 7, i32 %local_C1_16_i_load_read, i32 <undef>, i3 %trunc_ln3516" [/home/silvenchen/Desktop/DitBlock/WorkDCT/DitBlock/kernel.cpp:3519]   --->   Operation 100 'sparsemux' 'tmp_28_i_i' <Predicate = (!icmp_ln3516)> <Delay = 0.58> <CoreInst = "SparseMux">   --->   Core 147 'SparseMux' <Latency = 0> <II = 1> <Delay = 0.58> <FuncUnit> <Opcode : 'sparsemux'> <InPorts = 2> <OutPorts = 1>
ST_1 : Operation 101 [1/1] (0.58ns)   --->   "%tmp_29_i_i = sparsemux i32 @_ssdm_op_SparseMux.ap_auto.8f32.f32.i3, i3 0, i32 %local_C1_15_i_load_read, i3 1, i32 %local_C1_14_i_load_read, i3 2, i32 %local_C1_13_i_load_read, i3 3, i32 %local_C1_12_i_load_read, i3 4, i32 %local_C1_11_i_load_read, i3 5, i32 %local_C1_10_i_load_read, i3 6, i32 %local_C1_9_i_load_read, i3 7, i32 %local_C1_8_i_load_read, i32 <undef>, i3 %trunc_ln3516" [/home/silvenchen/Desktop/DitBlock/WorkDCT/DitBlock/kernel.cpp:3519]   --->   Operation 101 'sparsemux' 'tmp_29_i_i' <Predicate = (!icmp_ln3516)> <Delay = 0.58> <CoreInst = "SparseMux">   --->   Core 147 'SparseMux' <Latency = 0> <II = 1> <Delay = 0.58> <FuncUnit> <Opcode : 'sparsemux'> <InPorts = 2> <OutPorts = 1>
ST_1 : Operation 102 [1/1] (0.58ns)   --->   "%tmp_30_i_i = sparsemux i32 @_ssdm_op_SparseMux.ap_auto.8f32.f32.i3, i3 0, i32 %local_C1_7_i_load_read, i3 1, i32 %local_C1_6_i_load_read, i3 2, i32 %local_C1_5_i_load_read, i3 3, i32 %local_C1_4_i_load_read, i3 4, i32 %local_C1_3_i_load_read, i3 5, i32 %local_C1_2_i_load_read, i3 6, i32 %local_C1_1_i_load_read, i3 7, i32 %local_C1_i_load_read, i32 <undef>, i3 %trunc_ln3516" [/home/silvenchen/Desktop/DitBlock/WorkDCT/DitBlock/kernel.cpp:3519]   --->   Operation 102 'sparsemux' 'tmp_30_i_i' <Predicate = (!icmp_ln3516)> <Delay = 0.58> <CoreInst = "SparseMux">   --->   Core 147 'SparseMux' <Latency = 0> <II = 1> <Delay = 0.58> <FuncUnit> <Opcode : 'sparsemux'> <InPorts = 2> <OutPorts = 1>
ST_1 : Operation 103 [1/1] (0.00ns)   --->   "%zext_ln3517 = zext i4 %select_ln3516" [/home/silvenchen/Desktop/DitBlock/WorkDCT/DitBlock/kernel.cpp:3517]   --->   Operation 103 'zext' 'zext_ln3517' <Predicate = (!icmp_ln3516)> <Delay = 0.00>
ST_1 : Operation 104 [1/1] (0.00ns)   --->   "%specpipeline_ln3518 = specpipeline void @_ssdm_op_SpecPipeline, i32 1, i32 0, i32 0, i32 0, void @empty_191" [/home/silvenchen/Desktop/DitBlock/WorkDCT/DitBlock/kernel.cpp:3518]   --->   Operation 104 'specpipeline' 'specpipeline_ln3518' <Predicate = (!icmp_ln3516)> <Delay = 0.00>
ST_1 : Operation 105 [1/1] (0.00ns)   --->   "%trunc_ln3517 = trunc i4 %select_ln3516" [/home/silvenchen/Desktop/DitBlock/WorkDCT/DitBlock/kernel.cpp:3517]   --->   Operation 105 'trunc' 'trunc_ln3517' <Predicate = (!icmp_ln3516)> <Delay = 0.00>
ST_1 : Operation 106 [1/1] (0.58ns)   --->   "%v1949 = sparsemux i32 @_ssdm_op_SparseMux.ap_auto.8f32.f32.i3, i3 0, i32 %tmp_i_i, i3 1, i32 %tmp_i_i_754, i3 2, i32 %tmp_25_i_i, i3 3, i32 %tmp_26_i_i, i3 4, i32 %tmp_27_i_i, i3 5, i32 %tmp_28_i_i, i3 6, i32 %tmp_29_i_i, i3 7, i32 %tmp_30_i_i, i32 <undef>, i3 %trunc_ln3517" [/home/silvenchen/Desktop/DitBlock/WorkDCT/DitBlock/kernel.cpp:3519]   --->   Operation 106 'sparsemux' 'v1949' <Predicate = (!icmp_ln3516)> <Delay = 0.58> <CoreInst = "SparseMux">   --->   Core 147 'SparseMux' <Latency = 0> <II = 1> <Delay = 0.58> <FuncUnit> <Opcode : 'sparsemux'> <InPorts = 2> <OutPorts = 1>
ST_1 : Operation 107 [1/1] (0.72ns)   --->   "%add_ln3520 = add i10 %tmp_read, i10 %zext_ln3517" [/home/silvenchen/Desktop/DitBlock/WorkDCT/DitBlock/kernel.cpp:3520]   --->   Operation 107 'add' 'add_ln3520' <Predicate = (!icmp_ln3516)> <Delay = 0.72> <CoreInst = "Adder">   --->   Core 1 'Adder' <Latency = 0> <II = 1> <Delay = 0.72> <FuncUnit> <Opcode : 'add' 'sub'> <InPorts = 2> <OutPorts = 1>
ST_1 : Operation 108 [1/1] (0.00ns)   --->   "%tmp_s = bitconcatenate i19 @_ssdm_op_BitConcatenate.i19.i10.i9, i10 %add_ln3520, i9 0" [/home/silvenchen/Desktop/DitBlock/WorkDCT/DitBlock/kernel.cpp:3520]   --->   Operation 108 'bitconcatenate' 'tmp_s' <Predicate = (!icmp_ln3516)> <Delay = 0.00>
ST_1 : Operation 109 [1/1] (0.80ns)   --->   "%add_ln3520_1 = add i19 %tmp_s, i19 %zext_ln3519" [/home/silvenchen/Desktop/DitBlock/WorkDCT/DitBlock/kernel.cpp:3520]   --->   Operation 109 'add' 'add_ln3520_1' <Predicate = (!icmp_ln3516)> <Delay = 0.80> <CoreInst = "Adder">   --->   Core 1 'Adder' <Latency = 0> <II = 1> <Delay = 0.80> <FuncUnit> <Opcode : 'add' 'sub'> <InPorts = 2> <OutPorts = 1>
ST_1 : Operation 110 [1/1] (0.00ns)   --->   "%zext_ln3520 = zext i19 %add_ln3520_1" [/home/silvenchen/Desktop/DitBlock/WorkDCT/DitBlock/kernel.cpp:3520]   --->   Operation 110 'zext' 'zext_ln3520' <Predicate = (!icmp_ln3516)> <Delay = 0.00>
ST_1 : Operation 111 [1/1] (0.00ns)   --->   "%v1933_addr = getelementptr i32 %v1933, i64 0, i64 %zext_ln3520" [/home/silvenchen/Desktop/DitBlock/WorkDCT/DitBlock/kernel.cpp:3520]   --->   Operation 111 'getelementptr' 'v1933_addr' <Predicate = (!icmp_ln3516)> <Delay = 0.00>
ST_1 : Operation 112 [1/1] (2.66ns)   --->   "%store_ln3520 = store i32 %v1949, i19 %v1933_addr" [/home/silvenchen/Desktop/DitBlock/WorkDCT/DitBlock/kernel.cpp:3520]   --->   Operation 112 'store' 'store_ln3520' <Predicate = (!icmp_ln3516)> <Delay = 2.66> <CoreInst = "RAM_2P_URAM">   --->   Core 95 'RAM_2P_URAM' <Latency = 1> <II = 1> <Delay = 2.66> <Storage> <Opcode : 'load' 'store'> <Ports = 2> <Width = 32> <Depth = 524288> <RAM>
ST_1 : Operation 113 [1/1] (0.70ns)   --->   "%add_ln3517 = add i4 %select_ln3516, i4 1" [/home/silvenchen/Desktop/DitBlock/WorkDCT/DitBlock/kernel.cpp:3517]   --->   Operation 113 'add' 'add_ln3517' <Predicate = (!icmp_ln3516)> <Delay = 0.70> <CoreInst = "Adder">   --->   Core 1 'Adder' <Latency = 0> <II = 1> <Delay = 0.70> <FuncUnit> <Opcode : 'add' 'sub'> <InPorts = 2> <OutPorts = 1>
ST_1 : Operation 114 [1/1] (0.38ns)   --->   "%store_ln3516 = store i7 %add_ln3516_1, i7 %indvar_flatten" [/home/silvenchen/Desktop/DitBlock/WorkDCT/DitBlock/kernel.cpp:3516]   --->   Operation 114 'store' 'store_ln3516' <Predicate = (!icmp_ln3516)> <Delay = 0.38>
ST_1 : Operation 115 [1/1] (0.38ns)   --->   "%store_ln3516 = store i4 %select_ln3516_1, i4 %sj1" [/home/silvenchen/Desktop/DitBlock/WorkDCT/DitBlock/kernel.cpp:3516]   --->   Operation 115 'store' 'store_ln3516' <Predicate = (!icmp_ln3516)> <Delay = 0.38>
ST_1 : Operation 116 [1/1] (0.38ns)   --->   "%store_ln3517 = store i4 %add_ln3517, i4 %si1" [/home/silvenchen/Desktop/DitBlock/WorkDCT/DitBlock/kernel.cpp:3517]   --->   Operation 116 'store' 'store_ln3517' <Predicate = (!icmp_ln3516)> <Delay = 0.38>
ST_1 : Operation 117 [1/1] (0.00ns)   --->   "%br_ln3517 = br void %for.inc68.i.i" [/home/silvenchen/Desktop/DitBlock/WorkDCT/DitBlock/kernel.cpp:3517]   --->   Operation 117 'br' 'br_ln3517' <Predicate = (!icmp_ln3516)> <Delay = 0.00>
ST_1 : Operation 118 [1/1] (0.00ns)   --->   "%ret_ln0 = ret"   --->   Operation 118 'ret' 'ret_ln0' <Predicate = (icmp_ln3516)> <Delay = 0.00>


============================================================
+ Verbose Summary: Timing violations
============================================================
Target clock period: 10.000ns, clock uncertainty: 2.700ns.

 <State 1>: 5.638ns
The critical path consists of the following:
	'store' operation 0 bit ('store_ln3517', /home/silvenchen/Desktop/DitBlock/WorkDCT/DitBlock/kernel.cpp:3517) of constant 0 on local variable 'si1', /home/silvenchen/Desktop/DitBlock/WorkDCT/DitBlock/kernel.cpp:3517 [141]  (0.387 ns)
	'load' operation 4 bit ('si1_load', /home/silvenchen/Desktop/DitBlock/WorkDCT/DitBlock/kernel.cpp:3517) on local variable 'si1', /home/silvenchen/Desktop/DitBlock/WorkDCT/DitBlock/kernel.cpp:3517 [149]  (0.000 ns)
	'icmp' operation 1 bit ('icmp_ln3517', /home/silvenchen/Desktop/DitBlock/WorkDCT/DitBlock/kernel.cpp:3517) [154]  (0.708 ns)
	'select' operation 4 bit ('select_ln3516', /home/silvenchen/Desktop/DitBlock/WorkDCT/DitBlock/kernel.cpp:3516) [155]  (0.351 ns)
	'add' operation 10 bit ('add_ln3520', /home/silvenchen/Desktop/DitBlock/WorkDCT/DitBlock/kernel.cpp:3520) [173]  (0.725 ns)
	'add' operation 19 bit ('add_ln3520_1', /home/silvenchen/Desktop/DitBlock/WorkDCT/DitBlock/kernel.cpp:3520) [175]  (0.803 ns)
	'getelementptr' operation 19 bit ('v1933_addr', /home/silvenchen/Desktop/DitBlock/WorkDCT/DitBlock/kernel.cpp:3520) [177]  (0.000 ns)
	'store' operation 0 bit ('store_ln3520', /home/silvenchen/Desktop/DitBlock/WorkDCT/DitBlock/kernel.cpp:3520) of variable 'v1949', /home/silvenchen/Desktop/DitBlock/WorkDCT/DitBlock/kernel.cpp:3519 on array 'v1933' [178]  (2.664 ns)


============================================================
+ Verbose Summary: Binding
============================================================
N/A
* FSMD analyzer results:
  - Output states:
 - Input state : 
  - Chain level:
	State 1


============================================================
+ Verbose Summary: Datapath Resource usage 
============================================================
N/A
