

================================================================
== Vitis HLS Report for 'dataflow_parent_loop_proc43'
================================================================
* Date:           Mon Feb 17 20:36:24 2025

* Version:        2023.2 (Build 4023990 on Oct 11 2023)
* Project:        DitBlock
* Solution:       hls (Vivado IP Flow Target)
* Product family: virtexuplusHBM
* Target device:  xcu280-fsvh2892-2L-e


================================================================
== Performance Estimates
================================================================
+ Timing: 
    * Summary: 
    +--------+----------+----------+------------+
    |  Clock |  Target  | Estimated| Uncertainty|
    +--------+----------+----------+------------+
    |ap_clk  |  10.00 ns|  7.523 ns|     2.70 ns|
    +--------+----------+----------+------------+

+ Latency: 
    * Summary: 
    +---------+---------+----------+----------+--------+--------+---------+
    |  Latency (cycles) |  Latency (absolute) |     Interval    | Pipeline|
    |   min   |   max   |    min   |    max   |   min  |   max  |   Type  |
    +---------+---------+----------+----------+--------+--------+---------+
    |   263514|   263514|  2.635 ms|  2.635 ms|  263514|  263514|       no|
    +---------+---------+----------+----------+--------+--------+---------+

    + Detail: 
        * Instance: 
        N/A

        * Loop: 
        +----------+---------+---------+----------+-----------+-----------+------+----------+
        |          |  Latency (cycles) | Iteration|  Initiation Interval  | Trip |          |
        | Loop Name|   min   |   max   |  Latency |  achieved |   target  | Count| Pipelined|
        +----------+---------+---------+----------+-----------+-----------+------+----------+
        |- l_ni1   |   263513|   263513|      5214|          -|          -|    64|        no|
        +----------+---------+---------+----------+-----------+-----------+------+----------+

============================================================
+ Verbose Summary: Synthesis Manager
============================================================
InlineROM: 1
ExposeGlobal: 0
============================================================
+ Verbose Summary: CDFG Model
============================================================
IsTopModel: 0
ResetActiveHigh: 1
IsCombinational: 2
IsDatapathOnly: 0
HasWiredReturn: 1
HasMFsm: 0
HasVarLatency: 1
IsPipeline: 0
IsRtlPipelined: 0
IsInstanceOverlapped: 0
IsDontTouch: 0
HasImplIP: 0
IsGatedGlobalClock: 0


============================================================
+ Verbose Summary: Schedule
============================================================
* Number of FSM states : 3
* Pipeline : 0
* Dataflow Pipeline: 1
  DF-Pipeline-0: Size = 2, States = { 2 3 }

* FSM state transitions: 
1 --> 2 
2 --> 3 
3 --> 2 

* FSM state operations: 

State 1 <SV = 0> <Delay = 0.38>
ST_1 : Operation 4 [1/1] (0.00ns)   --->   "%mi1_read = read i8 @_ssdm_op_Read.ap_auto.i8, i8 %mi1"   --->   Operation 4 'read' 'mi1_read' <Predicate = true> <Delay = 0.00>
ST_1 : Operation 5 [1/1] (0.00ns)   --->   "%empty = trunc i8 %mi1_read"   --->   Operation 5 'trunc' 'empty' <Predicate = true> <Delay = 0.00>
ST_1 : Operation 6 [1/1] (0.00ns)   --->   "%specmemcore_ln0 = specmemcore void @_ssdm_op_SpecMemCore, i32 %v1933, i64 666, i64 24, i64 18446744073709551615"   --->   Operation 6 'specmemcore' 'specmemcore_ln0' <Predicate = true> <Delay = 0.00>
ST_1 : Operation 7 [1/1] (0.00ns)   --->   "%specmemcore_ln0 = specmemcore void @_ssdm_op_SpecMemCore, i32 %v1931, i64 666, i64 24, i64 18446744073709551615"   --->   Operation 7 'specmemcore' 'specmemcore_ln0' <Predicate = true> <Delay = 0.00>
ST_1 : Operation 8 [1/1] (0.38ns)   --->   "%br_ln0 = br void %for.cond1"   --->   Operation 8 'br' 'br_ln0' <Predicate = true> <Delay = 0.38>

State 2 <SV = 1> <Delay = 7.03>
ST_2 : Operation 9 [1/1] (0.00ns)   --->   "%ni1 = phi i7 %add_ln3495, void %codeRepl, i7 0, void %newFuncRoot" [/home/silvenchen/Desktop/DitBlock/WorkDCT/DitBlock/kernel.cpp:3495]   --->   Operation 9 'phi' 'ni1' <Predicate = true> <Delay = 0.00>
ST_2 : Operation 10 [1/1] (0.70ns)   --->   "%icmp_ln3495 = icmp_eq  i7 %ni1, i7 64" [/home/silvenchen/Desktop/DitBlock/WorkDCT/DitBlock/kernel.cpp:3495]   --->   Operation 10 'icmp' 'icmp_ln3495' <Predicate = true> <Delay = 0.70> <CoreInst = "Cmp">   --->   Core 9 'Cmp' <Latency = 0> <II = 1> <Delay = 0.70> <FuncUnit> <Opcode : 'icmp'> <InPorts = 2> <OutPorts = 1>
ST_2 : Operation 11 [1/1] (0.70ns)   --->   "%add_ln3495 = add i7 %ni1, i7 1" [/home/silvenchen/Desktop/DitBlock/WorkDCT/DitBlock/kernel.cpp:3495]   --->   Operation 11 'add' 'add_ln3495' <Predicate = true> <Delay = 0.70> <CoreInst = "Adder">   --->   Core 1 'Adder' <Latency = 0> <II = 1> <Delay = 0.70> <FuncUnit> <Opcode : 'add' 'sub'> <InPorts = 2> <OutPorts = 1>
ST_2 : Operation 12 [1/1] (0.00ns)   --->   "%specdataflowpipeline_ln3495 = specdataflowpipeline void @_ssdm_op_SpecDataflowPipeline, i32 4294967295, i32 0, void @dataflow_parent_loop_str, i7 %ni1, i7 64, i32 0" [/home/silvenchen/Desktop/DitBlock/WorkDCT/DitBlock/kernel.cpp:3495]   --->   Operation 12 'specdataflowpipeline' 'specdataflowpipeline_ln3495' <Predicate = true> <Delay = 0.00>
ST_2 : Operation 13 [1/1] (0.00ns)   --->   "%br_ln3495 = br i1 %icmp_ln3495, void %codeRepl, void %for.inc77.exitStub" [/home/silvenchen/Desktop/DitBlock/WorkDCT/DitBlock/kernel.cpp:3495]   --->   Operation 13 'br' 'br_ln3495' <Predicate = true> <Delay = 0.00>
ST_2 : Operation 14 [2/2] (6.32ns)   --->   "%call_ln3490 = call void @dataflow_in_loop_l_ni1, i7 %ni1, i7 %empty, i32 %v1933, i32 %v1932, i32 %v1931" [/home/silvenchen/Desktop/DitBlock/WorkDCT/DitBlock/kernel.cpp:3490]   --->   Operation 14 'call' 'call_ln3490' <Predicate = (!icmp_ln3495)> <Delay = 6.32> <CoreType = "Generic">   --->   Core 0 '' <Latency = 0> <II = 1> <Delay = 1.00> <Generic> <Opcode : >
ST_2 : Operation 15 [1/1] (0.00ns)   --->   "%ret_ln0 = ret"   --->   Operation 15 'ret' 'ret_ln0' <Predicate = (icmp_ln3495)> <Delay = 0.00>

State 3 <SV = 2> <Delay = 0.00>
ST_3 : Operation 16 [1/1] (0.00ns)   --->   "%speclooptripcount_ln3490 = speclooptripcount void @_ssdm_op_SpecLoopTripCount, i64 64, i64 64, i64 64" [/home/silvenchen/Desktop/DitBlock/WorkDCT/DitBlock/kernel.cpp:3490]   --->   Operation 16 'speclooptripcount' 'speclooptripcount_ln3490' <Predicate = (!icmp_ln3495)> <Delay = 0.00>
ST_3 : Operation 17 [1/1] (0.00ns)   --->   "%specloopname_ln3495 = specloopname void @_ssdm_op_SpecLoopName, void @empty_198" [/home/silvenchen/Desktop/DitBlock/WorkDCT/DitBlock/kernel.cpp:3495]   --->   Operation 17 'specloopname' 'specloopname_ln3495' <Predicate = (!icmp_ln3495)> <Delay = 0.00>
ST_3 : Operation 18 [1/2] (0.00ns)   --->   "%call_ln3490 = call void @dataflow_in_loop_l_ni1, i7 %ni1, i7 %empty, i32 %v1933, i32 %v1932, i32 %v1931" [/home/silvenchen/Desktop/DitBlock/WorkDCT/DitBlock/kernel.cpp:3490]   --->   Operation 18 'call' 'call_ln3490' <Predicate = (!icmp_ln3495)> <Delay = 0.00> <CoreType = "Generic">   --->   Core 0 '' <Latency = 0> <II = 1> <Delay = 1.00> <Generic> <Opcode : >
ST_3 : Operation 19 [1/1] (0.00ns)   --->   "%br_ln3495 = br void %for.cond1" [/home/silvenchen/Desktop/DitBlock/WorkDCT/DitBlock/kernel.cpp:3495]   --->   Operation 19 'br' 'br_ln3495' <Predicate = (!icmp_ln3495)> <Delay = 0.00>


============================================================
+ Verbose Summary: Timing violations
============================================================
Target clock period: 10.000ns, clock uncertainty: 2.700ns.

 <State 1>: 0.387ns
The critical path consists of the following:
	multiplexor before 'phi' operation 7 bit ('ni1', /home/silvenchen/Desktop/DitBlock/WorkDCT/DitBlock/kernel.cpp:3495) with incoming values : ('add_ln3495', /home/silvenchen/Desktop/DitBlock/WorkDCT/DitBlock/kernel.cpp:3495) [11]  (0.387 ns)

 <State 2>: 7.033ns
The critical path consists of the following:
	'phi' operation 7 bit ('ni1', /home/silvenchen/Desktop/DitBlock/WorkDCT/DitBlock/kernel.cpp:3495) with incoming values : ('add_ln3495', /home/silvenchen/Desktop/DitBlock/WorkDCT/DitBlock/kernel.cpp:3495) [11]  (0.000 ns)
	'icmp' operation 1 bit ('icmp_ln3495', /home/silvenchen/Desktop/DitBlock/WorkDCT/DitBlock/kernel.cpp:3495) [12]  (0.706 ns)
	'call' operation 0 bit ('call_ln3490', /home/silvenchen/Desktop/DitBlock/WorkDCT/DitBlock/kernel.cpp:3490) to 'dataflow_in_loop_l_ni1' [19]  (6.327 ns)

 <State 3>: 0.000ns
The critical path consists of the following:


============================================================
+ Verbose Summary: Binding
============================================================
N/A
* FSMD analyzer results:
  - Output states:
 - Input state : 
  - Chain level:
	State 1
	State 2
	State 3


============================================================
+ Verbose Summary: Datapath Resource usage 
============================================================
N/A
