

================================================================
== Vitis HLS Report for 'dataflow_in_loop_l_ni5_Loop_l_store_C_tile_sj5_proc55_Pipeline_l_store_C_tile_sj'
================================================================
* Date:           Mon Feb 17 20:37:20 2025

* Version:        2023.2 (Build 4023990 on Oct 11 2023)
* Project:        DitBlock
* Solution:       hls (Vivado IP Flow Target)
* Product family: virtexuplusHBM
* Target device:  xcu280-fsvh2892-2L-e


================================================================
== Performance Estimates
================================================================
+ Timing: 
    * Summary: 
    +--------+----------+----------+------------+
    |  Clock |  Target  | Estimated| Uncertainty|
    +--------+----------+----------+------------+
    |ap_clk  |  10.00 ns|  4.204 ns|     2.70 ns|
    +--------+----------+----------+------------+

+ Latency: 
    * Summary: 
    +---------+---------+----------+----------+-----+-----+---------+
    |  Latency (cycles) |  Latency (absolute) |  Interval | Pipeline|
    |   min   |   max   |    min   |    max   | min | max |   Type  |
    +---------+---------+----------+----------+-----+-----+---------+
    |       66|       66|  0.660 us|  0.660 us|   66|   66|       no|
    +---------+---------+----------+----------+-----+-----+---------+

    + Detail: 
        * Instance: 
        N/A

        * Loop: 
        +----------------------------+---------+---------+----------+-----------+-----------+------+----------+
        |                            |  Latency (cycles) | Iteration|  Initiation Interval  | Trip |          |
        |          Loop Name         |   min   |   max   |  Latency |  achieved |   target  | Count| Pipelined|
        +----------------------------+---------+---------+----------+-----------+-----------+------+----------+
        |- l_store_C_tile_sj5_l_si5  |       64|       64|         1|          1|          1|    64|       yes|
        +----------------------------+---------+---------+----------+-----------+-----------+------+----------+

============================================================
+ Verbose Summary: Synthesis Manager
============================================================
InlineROM: 1
ExposeGlobal: 0
============================================================
+ Verbose Summary: CDFG Model
============================================================
IsTopModel: 0
ResetActiveHigh: 1
IsCombinational: 0
IsDatapathOnly: 0
HasWiredReturn: 1
HasMFsm: 2
HasVarLatency: 1
IsPipeline: 0
IsRtlPipelined: 0
IsInstanceOverlapped: 0
IsDontTouch: 0
HasImplIP: 0
IsGatedGlobalClock: 0

+ Individual pipeline summary: 
  * Pipeline-0: initiation interval (II) = 1, depth = 1


============================================================
+ Verbose Summary: Schedule
============================================================
* Number of FSM states : 1
* Pipeline : 1
  Pipeline-0 : II = 1, D = 1, States = { 1 }
* Dataflow Pipeline: 0

* FSM state transitions: 
1 --> 

* FSM state operations: 

State 1 <SV = 0> <Delay = 4.20>
ST_1 : Operation 4 [1/1] (0.00ns)   --->   "%si5 = alloca i32 1" [/home/silvenchen/Desktop/DitBlock/WorkDCT/DitBlock/kernel.cpp:15557]   --->   Operation 4 'alloca' 'si5' <Predicate = true> <Delay = 0.00>
ST_1 : Operation 5 [1/1] (0.00ns)   --->   "%sj5 = alloca i32 1" [/home/silvenchen/Desktop/DitBlock/WorkDCT/DitBlock/kernel.cpp:15556]   --->   Operation 5 'alloca' 'sj5' <Predicate = true> <Delay = 0.00>
ST_1 : Operation 6 [1/1] (0.00ns)   --->   "%indvar_flatten = alloca i32 1"   --->   Operation 6 'alloca' 'indvar_flatten' <Predicate = true> <Delay = 0.00>
ST_1 : Operation 7 [1/1] (0.00ns)   --->   "%tmp_read = read i10 @_ssdm_op_Read.ap_auto.i10, i10 %tmp"   --->   Operation 7 'read' 'tmp_read' <Predicate = true> <Delay = 0.00>
ST_1 : Operation 8 [1/1] (0.00ns)   --->   "%local_C5_i_load_read = read i32 @_ssdm_op_Read.ap_auto.float, i32 %local_C5_i_load"   --->   Operation 8 'read' 'local_C5_i_load_read' <Predicate = true> <Delay = 0.00>
ST_1 : Operation 9 [1/1] (0.00ns)   --->   "%local_C5_1_i_load_read = read i32 @_ssdm_op_Read.ap_auto.float, i32 %local_C5_1_i_load"   --->   Operation 9 'read' 'local_C5_1_i_load_read' <Predicate = true> <Delay = 0.00>
ST_1 : Operation 10 [1/1] (0.00ns)   --->   "%local_C5_2_i_load_read = read i32 @_ssdm_op_Read.ap_auto.float, i32 %local_C5_2_i_load"   --->   Operation 10 'read' 'local_C5_2_i_load_read' <Predicate = true> <Delay = 0.00>
ST_1 : Operation 11 [1/1] (0.00ns)   --->   "%local_C5_3_i_load_read = read i32 @_ssdm_op_Read.ap_auto.float, i32 %local_C5_3_i_load"   --->   Operation 11 'read' 'local_C5_3_i_load_read' <Predicate = true> <Delay = 0.00>
ST_1 : Operation 12 [1/1] (0.00ns)   --->   "%local_C5_4_i_load_read = read i32 @_ssdm_op_Read.ap_auto.float, i32 %local_C5_4_i_load"   --->   Operation 12 'read' 'local_C5_4_i_load_read' <Predicate = true> <Delay = 0.00>
ST_1 : Operation 13 [1/1] (0.00ns)   --->   "%local_C5_5_i_load_read = read i32 @_ssdm_op_Read.ap_auto.float, i32 %local_C5_5_i_load"   --->   Operation 13 'read' 'local_C5_5_i_load_read' <Predicate = true> <Delay = 0.00>
ST_1 : Operation 14 [1/1] (0.00ns)   --->   "%local_C5_6_i_load_read = read i32 @_ssdm_op_Read.ap_auto.float, i32 %local_C5_6_i_load"   --->   Operation 14 'read' 'local_C5_6_i_load_read' <Predicate = true> <Delay = 0.00>
ST_1 : Operation 15 [1/1] (0.00ns)   --->   "%local_C5_7_i_load_read = read i32 @_ssdm_op_Read.ap_auto.float, i32 %local_C5_7_i_load"   --->   Operation 15 'read' 'local_C5_7_i_load_read' <Predicate = true> <Delay = 0.00>
ST_1 : Operation 16 [1/1] (0.00ns)   --->   "%local_C5_8_i_load_read = read i32 @_ssdm_op_Read.ap_auto.float, i32 %local_C5_8_i_load"   --->   Operation 16 'read' 'local_C5_8_i_load_read' <Predicate = true> <Delay = 0.00>
ST_1 : Operation 17 [1/1] (0.00ns)   --->   "%local_C5_9_i_load_read = read i32 @_ssdm_op_Read.ap_auto.float, i32 %local_C5_9_i_load"   --->   Operation 17 'read' 'local_C5_9_i_load_read' <Predicate = true> <Delay = 0.00>
ST_1 : Operation 18 [1/1] (0.00ns)   --->   "%local_C5_10_i_load_read = read i32 @_ssdm_op_Read.ap_auto.float, i32 %local_C5_10_i_load"   --->   Operation 18 'read' 'local_C5_10_i_load_read' <Predicate = true> <Delay = 0.00>
ST_1 : Operation 19 [1/1] (0.00ns)   --->   "%local_C5_11_i_load_read = read i32 @_ssdm_op_Read.ap_auto.float, i32 %local_C5_11_i_load"   --->   Operation 19 'read' 'local_C5_11_i_load_read' <Predicate = true> <Delay = 0.00>
ST_1 : Operation 20 [1/1] (0.00ns)   --->   "%local_C5_12_i_load_read = read i32 @_ssdm_op_Read.ap_auto.float, i32 %local_C5_12_i_load"   --->   Operation 20 'read' 'local_C5_12_i_load_read' <Predicate = true> <Delay = 0.00>
ST_1 : Operation 21 [1/1] (0.00ns)   --->   "%local_C5_13_i_load_read = read i32 @_ssdm_op_Read.ap_auto.float, i32 %local_C5_13_i_load"   --->   Operation 21 'read' 'local_C5_13_i_load_read' <Predicate = true> <Delay = 0.00>
ST_1 : Operation 22 [1/1] (0.00ns)   --->   "%local_C5_14_i_load_read = read i32 @_ssdm_op_Read.ap_auto.float, i32 %local_C5_14_i_load"   --->   Operation 22 'read' 'local_C5_14_i_load_read' <Predicate = true> <Delay = 0.00>
ST_1 : Operation 23 [1/1] (0.00ns)   --->   "%local_C5_15_i_load_read = read i32 @_ssdm_op_Read.ap_auto.float, i32 %local_C5_15_i_load"   --->   Operation 23 'read' 'local_C5_15_i_load_read' <Predicate = true> <Delay = 0.00>
ST_1 : Operation 24 [1/1] (0.00ns)   --->   "%local_C5_16_i_load_read = read i32 @_ssdm_op_Read.ap_auto.float, i32 %local_C5_16_i_load"   --->   Operation 24 'read' 'local_C5_16_i_load_read' <Predicate = true> <Delay = 0.00>
ST_1 : Operation 25 [1/1] (0.00ns)   --->   "%local_C5_17_i_load_read = read i32 @_ssdm_op_Read.ap_auto.float, i32 %local_C5_17_i_load"   --->   Operation 25 'read' 'local_C5_17_i_load_read' <Predicate = true> <Delay = 0.00>
ST_1 : Operation 26 [1/1] (0.00ns)   --->   "%local_C5_18_i_load_read = read i32 @_ssdm_op_Read.ap_auto.float, i32 %local_C5_18_i_load"   --->   Operation 26 'read' 'local_C5_18_i_load_read' <Predicate = true> <Delay = 0.00>
ST_1 : Operation 27 [1/1] (0.00ns)   --->   "%local_C5_19_i_load_read = read i32 @_ssdm_op_Read.ap_auto.float, i32 %local_C5_19_i_load"   --->   Operation 27 'read' 'local_C5_19_i_load_read' <Predicate = true> <Delay = 0.00>
ST_1 : Operation 28 [1/1] (0.00ns)   --->   "%local_C5_20_i_load_read = read i32 @_ssdm_op_Read.ap_auto.float, i32 %local_C5_20_i_load"   --->   Operation 28 'read' 'local_C5_20_i_load_read' <Predicate = true> <Delay = 0.00>
ST_1 : Operation 29 [1/1] (0.00ns)   --->   "%local_C5_21_i_load_read = read i32 @_ssdm_op_Read.ap_auto.float, i32 %local_C5_21_i_load"   --->   Operation 29 'read' 'local_C5_21_i_load_read' <Predicate = true> <Delay = 0.00>
ST_1 : Operation 30 [1/1] (0.00ns)   --->   "%local_C5_22_i_load_read = read i32 @_ssdm_op_Read.ap_auto.float, i32 %local_C5_22_i_load"   --->   Operation 30 'read' 'local_C5_22_i_load_read' <Predicate = true> <Delay = 0.00>
ST_1 : Operation 31 [1/1] (0.00ns)   --->   "%local_C5_23_i_load_read = read i32 @_ssdm_op_Read.ap_auto.float, i32 %local_C5_23_i_load"   --->   Operation 31 'read' 'local_C5_23_i_load_read' <Predicate = true> <Delay = 0.00>
ST_1 : Operation 32 [1/1] (0.00ns)   --->   "%local_C5_24_i_load_read = read i32 @_ssdm_op_Read.ap_auto.float, i32 %local_C5_24_i_load"   --->   Operation 32 'read' 'local_C5_24_i_load_read' <Predicate = true> <Delay = 0.00>
ST_1 : Operation 33 [1/1] (0.00ns)   --->   "%local_C5_25_i_load_read = read i32 @_ssdm_op_Read.ap_auto.float, i32 %local_C5_25_i_load"   --->   Operation 33 'read' 'local_C5_25_i_load_read' <Predicate = true> <Delay = 0.00>
ST_1 : Operation 34 [1/1] (0.00ns)   --->   "%local_C5_26_i_load_read = read i32 @_ssdm_op_Read.ap_auto.float, i32 %local_C5_26_i_load"   --->   Operation 34 'read' 'local_C5_26_i_load_read' <Predicate = true> <Delay = 0.00>
ST_1 : Operation 35 [1/1] (0.00ns)   --->   "%local_C5_27_i_load_read = read i32 @_ssdm_op_Read.ap_auto.float, i32 %local_C5_27_i_load"   --->   Operation 35 'read' 'local_C5_27_i_load_read' <Predicate = true> <Delay = 0.00>
ST_1 : Operation 36 [1/1] (0.00ns)   --->   "%local_C5_28_i_load_read = read i32 @_ssdm_op_Read.ap_auto.float, i32 %local_C5_28_i_load"   --->   Operation 36 'read' 'local_C5_28_i_load_read' <Predicate = true> <Delay = 0.00>
ST_1 : Operation 37 [1/1] (0.00ns)   --->   "%local_C5_29_i_load_read = read i32 @_ssdm_op_Read.ap_auto.float, i32 %local_C5_29_i_load"   --->   Operation 37 'read' 'local_C5_29_i_load_read' <Predicate = true> <Delay = 0.00>
ST_1 : Operation 38 [1/1] (0.00ns)   --->   "%local_C5_30_i_load_read = read i32 @_ssdm_op_Read.ap_auto.float, i32 %local_C5_30_i_load"   --->   Operation 38 'read' 'local_C5_30_i_load_read' <Predicate = true> <Delay = 0.00>
ST_1 : Operation 39 [1/1] (0.00ns)   --->   "%local_C5_31_i_load_read = read i32 @_ssdm_op_Read.ap_auto.float, i32 %local_C5_31_i_load"   --->   Operation 39 'read' 'local_C5_31_i_load_read' <Predicate = true> <Delay = 0.00>
ST_1 : Operation 40 [1/1] (0.00ns)   --->   "%local_C5_32_i_load_read = read i32 @_ssdm_op_Read.ap_auto.float, i32 %local_C5_32_i_load"   --->   Operation 40 'read' 'local_C5_32_i_load_read' <Predicate = true> <Delay = 0.00>
ST_1 : Operation 41 [1/1] (0.00ns)   --->   "%local_C5_33_i_load_read = read i32 @_ssdm_op_Read.ap_auto.float, i32 %local_C5_33_i_load"   --->   Operation 41 'read' 'local_C5_33_i_load_read' <Predicate = true> <Delay = 0.00>
ST_1 : Operation 42 [1/1] (0.00ns)   --->   "%local_C5_34_i_load_read = read i32 @_ssdm_op_Read.ap_auto.float, i32 %local_C5_34_i_load"   --->   Operation 42 'read' 'local_C5_34_i_load_read' <Predicate = true> <Delay = 0.00>
ST_1 : Operation 43 [1/1] (0.00ns)   --->   "%local_C5_35_i_load_read = read i32 @_ssdm_op_Read.ap_auto.float, i32 %local_C5_35_i_load"   --->   Operation 43 'read' 'local_C5_35_i_load_read' <Predicate = true> <Delay = 0.00>
ST_1 : Operation 44 [1/1] (0.00ns)   --->   "%local_C5_36_i_load_read = read i32 @_ssdm_op_Read.ap_auto.float, i32 %local_C5_36_i_load"   --->   Operation 44 'read' 'local_C5_36_i_load_read' <Predicate = true> <Delay = 0.00>
ST_1 : Operation 45 [1/1] (0.00ns)   --->   "%local_C5_37_i_load_read = read i32 @_ssdm_op_Read.ap_auto.float, i32 %local_C5_37_i_load"   --->   Operation 45 'read' 'local_C5_37_i_load_read' <Predicate = true> <Delay = 0.00>
ST_1 : Operation 46 [1/1] (0.00ns)   --->   "%local_C5_38_i_load_read = read i32 @_ssdm_op_Read.ap_auto.float, i32 %local_C5_38_i_load"   --->   Operation 46 'read' 'local_C5_38_i_load_read' <Predicate = true> <Delay = 0.00>
ST_1 : Operation 47 [1/1] (0.00ns)   --->   "%local_C5_39_i_load_read = read i32 @_ssdm_op_Read.ap_auto.float, i32 %local_C5_39_i_load"   --->   Operation 47 'read' 'local_C5_39_i_load_read' <Predicate = true> <Delay = 0.00>
ST_1 : Operation 48 [1/1] (0.00ns)   --->   "%local_C5_40_i_load_read = read i32 @_ssdm_op_Read.ap_auto.float, i32 %local_C5_40_i_load"   --->   Operation 48 'read' 'local_C5_40_i_load_read' <Predicate = true> <Delay = 0.00>
ST_1 : Operation 49 [1/1] (0.00ns)   --->   "%local_C5_41_i_load_read = read i32 @_ssdm_op_Read.ap_auto.float, i32 %local_C5_41_i_load"   --->   Operation 49 'read' 'local_C5_41_i_load_read' <Predicate = true> <Delay = 0.00>
ST_1 : Operation 50 [1/1] (0.00ns)   --->   "%local_C5_42_i_load_read = read i32 @_ssdm_op_Read.ap_auto.float, i32 %local_C5_42_i_load"   --->   Operation 50 'read' 'local_C5_42_i_load_read' <Predicate = true> <Delay = 0.00>
ST_1 : Operation 51 [1/1] (0.00ns)   --->   "%local_C5_43_i_load_read = read i32 @_ssdm_op_Read.ap_auto.float, i32 %local_C5_43_i_load"   --->   Operation 51 'read' 'local_C5_43_i_load_read' <Predicate = true> <Delay = 0.00>
ST_1 : Operation 52 [1/1] (0.00ns)   --->   "%local_C5_44_i_load_read = read i32 @_ssdm_op_Read.ap_auto.float, i32 %local_C5_44_i_load"   --->   Operation 52 'read' 'local_C5_44_i_load_read' <Predicate = true> <Delay = 0.00>
ST_1 : Operation 53 [1/1] (0.00ns)   --->   "%local_C5_45_i_load_read = read i32 @_ssdm_op_Read.ap_auto.float, i32 %local_C5_45_i_load"   --->   Operation 53 'read' 'local_C5_45_i_load_read' <Predicate = true> <Delay = 0.00>
ST_1 : Operation 54 [1/1] (0.00ns)   --->   "%local_C5_46_i_load_read = read i32 @_ssdm_op_Read.ap_auto.float, i32 %local_C5_46_i_load"   --->   Operation 54 'read' 'local_C5_46_i_load_read' <Predicate = true> <Delay = 0.00>
ST_1 : Operation 55 [1/1] (0.00ns)   --->   "%local_C5_47_i_load_read = read i32 @_ssdm_op_Read.ap_auto.float, i32 %local_C5_47_i_load"   --->   Operation 55 'read' 'local_C5_47_i_load_read' <Predicate = true> <Delay = 0.00>
ST_1 : Operation 56 [1/1] (0.00ns)   --->   "%local_C5_48_i_load_read = read i32 @_ssdm_op_Read.ap_auto.float, i32 %local_C5_48_i_load"   --->   Operation 56 'read' 'local_C5_48_i_load_read' <Predicate = true> <Delay = 0.00>
ST_1 : Operation 57 [1/1] (0.00ns)   --->   "%local_C5_49_i_load_read = read i32 @_ssdm_op_Read.ap_auto.float, i32 %local_C5_49_i_load"   --->   Operation 57 'read' 'local_C5_49_i_load_read' <Predicate = true> <Delay = 0.00>
ST_1 : Operation 58 [1/1] (0.00ns)   --->   "%local_C5_50_i_load_read = read i32 @_ssdm_op_Read.ap_auto.float, i32 %local_C5_50_i_load"   --->   Operation 58 'read' 'local_C5_50_i_load_read' <Predicate = true> <Delay = 0.00>
ST_1 : Operation 59 [1/1] (0.00ns)   --->   "%local_C5_51_i_load_read = read i32 @_ssdm_op_Read.ap_auto.float, i32 %local_C5_51_i_load"   --->   Operation 59 'read' 'local_C5_51_i_load_read' <Predicate = true> <Delay = 0.00>
ST_1 : Operation 60 [1/1] (0.00ns)   --->   "%local_C5_52_i_load_read = read i32 @_ssdm_op_Read.ap_auto.float, i32 %local_C5_52_i_load"   --->   Operation 60 'read' 'local_C5_52_i_load_read' <Predicate = true> <Delay = 0.00>
ST_1 : Operation 61 [1/1] (0.00ns)   --->   "%local_C5_53_i_load_read = read i32 @_ssdm_op_Read.ap_auto.float, i32 %local_C5_53_i_load"   --->   Operation 61 'read' 'local_C5_53_i_load_read' <Predicate = true> <Delay = 0.00>
ST_1 : Operation 62 [1/1] (0.00ns)   --->   "%local_C5_54_i_load_read = read i32 @_ssdm_op_Read.ap_auto.float, i32 %local_C5_54_i_load"   --->   Operation 62 'read' 'local_C5_54_i_load_read' <Predicate = true> <Delay = 0.00>
ST_1 : Operation 63 [1/1] (0.00ns)   --->   "%local_C5_55_i_load_read = read i32 @_ssdm_op_Read.ap_auto.float, i32 %local_C5_55_i_load"   --->   Operation 63 'read' 'local_C5_55_i_load_read' <Predicate = true> <Delay = 0.00>
ST_1 : Operation 64 [1/1] (0.00ns)   --->   "%local_C5_56_i_load_read = read i32 @_ssdm_op_Read.ap_auto.float, i32 %local_C5_56_i_load"   --->   Operation 64 'read' 'local_C5_56_i_load_read' <Predicate = true> <Delay = 0.00>
ST_1 : Operation 65 [1/1] (0.00ns)   --->   "%local_C5_57_i_load_read = read i32 @_ssdm_op_Read.ap_auto.float, i32 %local_C5_57_i_load"   --->   Operation 65 'read' 'local_C5_57_i_load_read' <Predicate = true> <Delay = 0.00>
ST_1 : Operation 66 [1/1] (0.00ns)   --->   "%local_C5_58_i_load_read = read i32 @_ssdm_op_Read.ap_auto.float, i32 %local_C5_58_i_load"   --->   Operation 66 'read' 'local_C5_58_i_load_read' <Predicate = true> <Delay = 0.00>
ST_1 : Operation 67 [1/1] (0.00ns)   --->   "%local_C5_59_i_load_read = read i32 @_ssdm_op_Read.ap_auto.float, i32 %local_C5_59_i_load"   --->   Operation 67 'read' 'local_C5_59_i_load_read' <Predicate = true> <Delay = 0.00>
ST_1 : Operation 68 [1/1] (0.00ns)   --->   "%local_C5_60_i_load_read = read i32 @_ssdm_op_Read.ap_auto.float, i32 %local_C5_60_i_load"   --->   Operation 68 'read' 'local_C5_60_i_load_read' <Predicate = true> <Delay = 0.00>
ST_1 : Operation 69 [1/1] (0.00ns)   --->   "%local_C5_61_i_load_read = read i32 @_ssdm_op_Read.ap_auto.float, i32 %local_C5_61_i_load"   --->   Operation 69 'read' 'local_C5_61_i_load_read' <Predicate = true> <Delay = 0.00>
ST_1 : Operation 70 [1/1] (0.00ns)   --->   "%local_C5_62_i_load_read = read i32 @_ssdm_op_Read.ap_auto.float, i32 %local_C5_62_i_load"   --->   Operation 70 'read' 'local_C5_62_i_load_read' <Predicate = true> <Delay = 0.00>
ST_1 : Operation 71 [1/1] (0.00ns)   --->   "%local_C5_63_i_load_read = read i32 @_ssdm_op_Read.ap_auto.float, i32 %local_C5_63_i_load"   --->   Operation 71 'read' 'local_C5_63_i_load_read' <Predicate = true> <Delay = 0.00>
ST_1 : Operation 72 [1/1] (0.00ns)   --->   "%p_cast_read = read i6 @_ssdm_op_Read.ap_auto.i6, i6 %p_cast"   --->   Operation 72 'read' 'p_cast_read' <Predicate = true> <Delay = 0.00>
ST_1 : Operation 73 [1/1] (0.00ns)   --->   "%p_cast_cast = zext i6 %p_cast_read"   --->   Operation 73 'zext' 'p_cast_cast' <Predicate = true> <Delay = 0.00>
ST_1 : Operation 74 [1/1] (0.38ns)   --->   "%store_ln0 = store i7 0, i7 %indvar_flatten"   --->   Operation 74 'store' 'store_ln0' <Predicate = true> <Delay = 0.38>
ST_1 : Operation 75 [1/1] (0.38ns)   --->   "%store_ln15556 = store i4 0, i4 %sj5" [/home/silvenchen/Desktop/DitBlock/WorkDCT/DitBlock/kernel.cpp:15556]   --->   Operation 75 'store' 'store_ln15556' <Predicate = true> <Delay = 0.38>
ST_1 : Operation 76 [1/1] (0.38ns)   --->   "%store_ln15557 = store i4 0, i4 %si5" [/home/silvenchen/Desktop/DitBlock/WorkDCT/DitBlock/kernel.cpp:15557]   --->   Operation 76 'store' 'store_ln15557' <Predicate = true> <Delay = 0.38>
ST_1 : Operation 77 [1/1] (0.00ns)   --->   "%br_ln0 = br void %for.inc68.i.i"   --->   Operation 77 'br' 'br_ln0' <Predicate = true> <Delay = 0.00>
ST_1 : Operation 78 [1/1] (0.00ns)   --->   "%indvar_flatten_load = load i7 %indvar_flatten" [/home/silvenchen/Desktop/DitBlock/WorkDCT/DitBlock/kernel.cpp:15556]   --->   Operation 78 'load' 'indvar_flatten_load' <Predicate = true> <Delay = 0.00>
ST_1 : Operation 79 [1/1] (0.70ns)   --->   "%icmp_ln15556 = icmp_eq  i7 %indvar_flatten_load, i7 64" [/home/silvenchen/Desktop/DitBlock/WorkDCT/DitBlock/kernel.cpp:15556]   --->   Operation 79 'icmp' 'icmp_ln15556' <Predicate = true> <Delay = 0.70> <CoreInst = "Cmp">   --->   Core 9 'Cmp' <Latency = 0> <II = 1> <Delay = 0.70> <FuncUnit> <Opcode : 'icmp'> <InPorts = 2> <OutPorts = 1>
ST_1 : Operation 80 [1/1] (0.70ns)   --->   "%add_ln15556_1 = add i7 %indvar_flatten_load, i7 1" [/home/silvenchen/Desktop/DitBlock/WorkDCT/DitBlock/kernel.cpp:15556]   --->   Operation 80 'add' 'add_ln15556_1' <Predicate = true> <Delay = 0.70> <CoreInst = "Adder">   --->   Core 1 'Adder' <Latency = 0> <II = 1> <Delay = 0.70> <FuncUnit> <Opcode : 'add' 'sub'> <InPorts = 2> <OutPorts = 1>
ST_1 : Operation 81 [1/1] (0.00ns)   --->   "%br_ln15556 = br i1 %icmp_ln15556, void %for.inc71.i.i, void %dataflow_in_loop_l_ni5_Loop_l_store_C_tile_sj5_proc55.exit.exitStub" [/home/silvenchen/Desktop/DitBlock/WorkDCT/DitBlock/kernel.cpp:15556]   --->   Operation 81 'br' 'br_ln15556' <Predicate = true> <Delay = 0.00>
ST_1 : Operation 82 [1/1] (0.00ns)   --->   "%si5_load = load i4 %si5" [/home/silvenchen/Desktop/DitBlock/WorkDCT/DitBlock/kernel.cpp:15557]   --->   Operation 82 'load' 'si5_load' <Predicate = (!icmp_ln15556)> <Delay = 0.00>
ST_1 : Operation 83 [1/1] (0.00ns)   --->   "%sj5_load = load i4 %sj5" [/home/silvenchen/Desktop/DitBlock/WorkDCT/DitBlock/kernel.cpp:15556]   --->   Operation 83 'load' 'sj5_load' <Predicate = (!icmp_ln15556)> <Delay = 0.00>
ST_1 : Operation 84 [1/1] (0.70ns)   --->   "%add_ln15556 = add i4 %sj5_load, i4 1" [/home/silvenchen/Desktop/DitBlock/WorkDCT/DitBlock/kernel.cpp:15556]   --->   Operation 84 'add' 'add_ln15556' <Predicate = (!icmp_ln15556)> <Delay = 0.70> <CoreInst = "Adder">   --->   Core 1 'Adder' <Latency = 0> <II = 1> <Delay = 0.70> <FuncUnit> <Opcode : 'add' 'sub'> <InPorts = 2> <OutPorts = 1>
ST_1 : Operation 85 [1/1] (0.00ns)   --->   "%specloopname_ln0 = specloopname void @_ssdm_op_SpecLoopName, void @l_store_C_tile_sj5_l_si5_str"   --->   Operation 85 'specloopname' 'specloopname_ln0' <Predicate = (!icmp_ln15556)> <Delay = 0.00>
ST_1 : Operation 86 [1/1] (0.00ns)   --->   "%speclooptripcount_ln0 = speclooptripcount void @_ssdm_op_SpecLoopTripCount, i64 64, i64 64, i64 64"   --->   Operation 86 'speclooptripcount' 'speclooptripcount_ln0' <Predicate = (!icmp_ln15556)> <Delay = 0.00>
ST_1 : Operation 87 [1/1] (0.70ns)   --->   "%icmp_ln15557 = icmp_eq  i4 %si5_load, i4 8" [/home/silvenchen/Desktop/DitBlock/WorkDCT/DitBlock/kernel.cpp:15557]   --->   Operation 87 'icmp' 'icmp_ln15557' <Predicate = (!icmp_ln15556)> <Delay = 0.70> <CoreInst = "Cmp">   --->   Core 9 'Cmp' <Latency = 0> <II = 1> <Delay = 0.70> <FuncUnit> <Opcode : 'icmp'> <InPorts = 2> <OutPorts = 1>
ST_1 : Operation 88 [1/1] (0.35ns)   --->   "%select_ln15556 = select i1 %icmp_ln15557, i4 0, i4 %si5_load" [/home/silvenchen/Desktop/DitBlock/WorkDCT/DitBlock/kernel.cpp:15556]   --->   Operation 88 'select' 'select_ln15556' <Predicate = (!icmp_ln15556)> <Delay = 0.35> <CoreInst = "Sel">   --->   Core 73 'Sel' <Latency = 0> <II = 1> <Delay = 0.35> <FuncUnit> <Opcode : 'select'> <InPorts = 3> <OutPorts = 1>
ST_1 : Operation 89 [1/1] (0.35ns)   --->   "%select_ln15556_1 = select i1 %icmp_ln15557, i4 %add_ln15556, i4 %sj5_load" [/home/silvenchen/Desktop/DitBlock/WorkDCT/DitBlock/kernel.cpp:15556]   --->   Operation 89 'select' 'select_ln15556_1' <Predicate = (!icmp_ln15556)> <Delay = 0.35> <CoreInst = "Sel">   --->   Core 73 'Sel' <Latency = 0> <II = 1> <Delay = 0.35> <FuncUnit> <Opcode : 'select'> <InPorts = 3> <OutPorts = 1>
ST_1 : Operation 90 [1/1] (0.00ns)   --->   "%trunc_ln15556 = trunc i4 %select_ln15556_1" [/home/silvenchen/Desktop/DitBlock/WorkDCT/DitBlock/kernel.cpp:15556]   --->   Operation 90 'trunc' 'trunc_ln15556' <Predicate = (!icmp_ln15556)> <Delay = 0.00>
ST_1 : Operation 91 [1/1] (0.00ns)   --->   "%zext_ln15556 = zext i4 %select_ln15556_1" [/home/silvenchen/Desktop/DitBlock/WorkDCT/DitBlock/kernel.cpp:15556]   --->   Operation 91 'zext' 'zext_ln15556' <Predicate = (!icmp_ln15556)> <Delay = 0.00>
ST_1 : Operation 92 [1/1] (0.70ns)   --->   "%empty = add i7 %p_cast_cast, i7 %zext_ln15556" [/home/silvenchen/Desktop/DitBlock/WorkDCT/DitBlock/kernel.cpp:15556]   --->   Operation 92 'add' 'empty' <Predicate = (!icmp_ln15556)> <Delay = 0.70> <CoreInst = "Adder">   --->   Core 1 'Adder' <Latency = 0> <II = 1> <Delay = 0.70> <FuncUnit> <Opcode : 'add' 'sub'> <InPorts = 2> <OutPorts = 1>
ST_1 : Operation 93 [1/1] (0.00ns)   --->   "%zext_ln15559 = zext i7 %empty" [/home/silvenchen/Desktop/DitBlock/WorkDCT/DitBlock/kernel.cpp:15559]   --->   Operation 93 'zext' 'zext_ln15559' <Predicate = (!icmp_ln15556)> <Delay = 0.00>
ST_1 : Operation 94 [1/1] (0.58ns)   --->   "%tmp_i_i = sparsemux i32 @_ssdm_op_SparseMux.ap_auto.8f32.f32.i3, i3 0, i32 %local_C5_63_i_load_read, i3 1, i32 %local_C5_62_i_load_read, i3 2, i32 %local_C5_61_i_load_read, i3 3, i32 %local_C5_60_i_load_read, i3 4, i32 %local_C5_59_i_load_read, i3 5, i32 %local_C5_58_i_load_read, i3 6, i32 %local_C5_57_i_load_read, i3 7, i32 %local_C5_56_i_load_read, i32 <undef>, i3 %trunc_ln15556" [/home/silvenchen/Desktop/DitBlock/WorkDCT/DitBlock/kernel.cpp:15559]   --->   Operation 94 'sparsemux' 'tmp_i_i' <Predicate = (!icmp_ln15556)> <Delay = 0.58> <CoreInst = "SparseMux">   --->   Core 147 'SparseMux' <Latency = 0> <II = 1> <Delay = 0.58> <FuncUnit> <Opcode : 'sparsemux'> <InPorts = 2> <OutPorts = 1>
ST_1 : Operation 95 [1/1] (0.58ns)   --->   "%tmp_i_i_748 = sparsemux i32 @_ssdm_op_SparseMux.ap_auto.8f32.f32.i3, i3 0, i32 %local_C5_55_i_load_read, i3 1, i32 %local_C5_54_i_load_read, i3 2, i32 %local_C5_53_i_load_read, i3 3, i32 %local_C5_52_i_load_read, i3 4, i32 %local_C5_51_i_load_read, i3 5, i32 %local_C5_50_i_load_read, i3 6, i32 %local_C5_49_i_load_read, i3 7, i32 %local_C5_48_i_load_read, i32 <undef>, i3 %trunc_ln15556" [/home/silvenchen/Desktop/DitBlock/WorkDCT/DitBlock/kernel.cpp:15559]   --->   Operation 95 'sparsemux' 'tmp_i_i_748' <Predicate = (!icmp_ln15556)> <Delay = 0.58> <CoreInst = "SparseMux">   --->   Core 147 'SparseMux' <Latency = 0> <II = 1> <Delay = 0.58> <FuncUnit> <Opcode : 'sparsemux'> <InPorts = 2> <OutPorts = 1>
ST_1 : Operation 96 [1/1] (0.58ns)   --->   "%tmp_13_i_i = sparsemux i32 @_ssdm_op_SparseMux.ap_auto.8f32.f32.i3, i3 0, i32 %local_C5_47_i_load_read, i3 1, i32 %local_C5_46_i_load_read, i3 2, i32 %local_C5_45_i_load_read, i3 3, i32 %local_C5_44_i_load_read, i3 4, i32 %local_C5_43_i_load_read, i3 5, i32 %local_C5_42_i_load_read, i3 6, i32 %local_C5_41_i_load_read, i3 7, i32 %local_C5_40_i_load_read, i32 <undef>, i3 %trunc_ln15556" [/home/silvenchen/Desktop/DitBlock/WorkDCT/DitBlock/kernel.cpp:15559]   --->   Operation 96 'sparsemux' 'tmp_13_i_i' <Predicate = (!icmp_ln15556)> <Delay = 0.58> <CoreInst = "SparseMux">   --->   Core 147 'SparseMux' <Latency = 0> <II = 1> <Delay = 0.58> <FuncUnit> <Opcode : 'sparsemux'> <InPorts = 2> <OutPorts = 1>
ST_1 : Operation 97 [1/1] (0.58ns)   --->   "%tmp_14_i_i = sparsemux i32 @_ssdm_op_SparseMux.ap_auto.8f32.f32.i3, i3 0, i32 %local_C5_39_i_load_read, i3 1, i32 %local_C5_38_i_load_read, i3 2, i32 %local_C5_37_i_load_read, i3 3, i32 %local_C5_36_i_load_read, i3 4, i32 %local_C5_35_i_load_read, i3 5, i32 %local_C5_34_i_load_read, i3 6, i32 %local_C5_33_i_load_read, i3 7, i32 %local_C5_32_i_load_read, i32 <undef>, i3 %trunc_ln15556" [/home/silvenchen/Desktop/DitBlock/WorkDCT/DitBlock/kernel.cpp:15559]   --->   Operation 97 'sparsemux' 'tmp_14_i_i' <Predicate = (!icmp_ln15556)> <Delay = 0.58> <CoreInst = "SparseMux">   --->   Core 147 'SparseMux' <Latency = 0> <II = 1> <Delay = 0.58> <FuncUnit> <Opcode : 'sparsemux'> <InPorts = 2> <OutPorts = 1>
ST_1 : Operation 98 [1/1] (0.58ns)   --->   "%tmp_15_i_i = sparsemux i32 @_ssdm_op_SparseMux.ap_auto.8f32.f32.i3, i3 0, i32 %local_C5_31_i_load_read, i3 1, i32 %local_C5_30_i_load_read, i3 2, i32 %local_C5_29_i_load_read, i3 3, i32 %local_C5_28_i_load_read, i3 4, i32 %local_C5_27_i_load_read, i3 5, i32 %local_C5_26_i_load_read, i3 6, i32 %local_C5_25_i_load_read, i3 7, i32 %local_C5_24_i_load_read, i32 <undef>, i3 %trunc_ln15556" [/home/silvenchen/Desktop/DitBlock/WorkDCT/DitBlock/kernel.cpp:15559]   --->   Operation 98 'sparsemux' 'tmp_15_i_i' <Predicate = (!icmp_ln15556)> <Delay = 0.58> <CoreInst = "SparseMux">   --->   Core 147 'SparseMux' <Latency = 0> <II = 1> <Delay = 0.58> <FuncUnit> <Opcode : 'sparsemux'> <InPorts = 2> <OutPorts = 1>
ST_1 : Operation 99 [1/1] (0.58ns)   --->   "%tmp_16_i_i = sparsemux i32 @_ssdm_op_SparseMux.ap_auto.8f32.f32.i3, i3 0, i32 %local_C5_23_i_load_read, i3 1, i32 %local_C5_22_i_load_read, i3 2, i32 %local_C5_21_i_load_read, i3 3, i32 %local_C5_20_i_load_read, i3 4, i32 %local_C5_19_i_load_read, i3 5, i32 %local_C5_18_i_load_read, i3 6, i32 %local_C5_17_i_load_read, i3 7, i32 %local_C5_16_i_load_read, i32 <undef>, i3 %trunc_ln15556" [/home/silvenchen/Desktop/DitBlock/WorkDCT/DitBlock/kernel.cpp:15559]   --->   Operation 99 'sparsemux' 'tmp_16_i_i' <Predicate = (!icmp_ln15556)> <Delay = 0.58> <CoreInst = "SparseMux">   --->   Core 147 'SparseMux' <Latency = 0> <II = 1> <Delay = 0.58> <FuncUnit> <Opcode : 'sparsemux'> <InPorts = 2> <OutPorts = 1>
ST_1 : Operation 100 [1/1] (0.58ns)   --->   "%tmp_17_i_i = sparsemux i32 @_ssdm_op_SparseMux.ap_auto.8f32.f32.i3, i3 0, i32 %local_C5_15_i_load_read, i3 1, i32 %local_C5_14_i_load_read, i3 2, i32 %local_C5_13_i_load_read, i3 3, i32 %local_C5_12_i_load_read, i3 4, i32 %local_C5_11_i_load_read, i3 5, i32 %local_C5_10_i_load_read, i3 6, i32 %local_C5_9_i_load_read, i3 7, i32 %local_C5_8_i_load_read, i32 <undef>, i3 %trunc_ln15556" [/home/silvenchen/Desktop/DitBlock/WorkDCT/DitBlock/kernel.cpp:15559]   --->   Operation 100 'sparsemux' 'tmp_17_i_i' <Predicate = (!icmp_ln15556)> <Delay = 0.58> <CoreInst = "SparseMux">   --->   Core 147 'SparseMux' <Latency = 0> <II = 1> <Delay = 0.58> <FuncUnit> <Opcode : 'sparsemux'> <InPorts = 2> <OutPorts = 1>
ST_1 : Operation 101 [1/1] (0.58ns)   --->   "%tmp_18_i_i = sparsemux i32 @_ssdm_op_SparseMux.ap_auto.8f32.f32.i3, i3 0, i32 %local_C5_7_i_load_read, i3 1, i32 %local_C5_6_i_load_read, i3 2, i32 %local_C5_5_i_load_read, i3 3, i32 %local_C5_4_i_load_read, i3 4, i32 %local_C5_3_i_load_read, i3 5, i32 %local_C5_2_i_load_read, i3 6, i32 %local_C5_1_i_load_read, i3 7, i32 %local_C5_i_load_read, i32 <undef>, i3 %trunc_ln15556" [/home/silvenchen/Desktop/DitBlock/WorkDCT/DitBlock/kernel.cpp:15559]   --->   Operation 101 'sparsemux' 'tmp_18_i_i' <Predicate = (!icmp_ln15556)> <Delay = 0.58> <CoreInst = "SparseMux">   --->   Core 147 'SparseMux' <Latency = 0> <II = 1> <Delay = 0.58> <FuncUnit> <Opcode : 'sparsemux'> <InPorts = 2> <OutPorts = 1>
ST_1 : Operation 102 [1/1] (0.00ns)   --->   "%zext_ln15557 = zext i4 %select_ln15556" [/home/silvenchen/Desktop/DitBlock/WorkDCT/DitBlock/kernel.cpp:15557]   --->   Operation 102 'zext' 'zext_ln15557' <Predicate = (!icmp_ln15556)> <Delay = 0.00>
ST_1 : Operation 103 [1/1] (0.00ns)   --->   "%specpipeline_ln15558 = specpipeline void @_ssdm_op_SpecPipeline, i32 1, i32 0, i32 0, i32 0, void @empty_191" [/home/silvenchen/Desktop/DitBlock/WorkDCT/DitBlock/kernel.cpp:15558]   --->   Operation 103 'specpipeline' 'specpipeline_ln15558' <Predicate = (!icmp_ln15556)> <Delay = 0.00>
ST_1 : Operation 104 [1/1] (0.00ns)   --->   "%trunc_ln15557 = trunc i4 %select_ln15556" [/home/silvenchen/Desktop/DitBlock/WorkDCT/DitBlock/kernel.cpp:15557]   --->   Operation 104 'trunc' 'trunc_ln15557' <Predicate = (!icmp_ln15556)> <Delay = 0.00>
ST_1 : Operation 105 [1/1] (0.58ns)   --->   "%v8563 = sparsemux i32 @_ssdm_op_SparseMux.ap_auto.8f32.f32.i3, i3 0, i32 %tmp_i_i, i3 1, i32 %tmp_i_i_748, i3 2, i32 %tmp_13_i_i, i3 3, i32 %tmp_14_i_i, i3 4, i32 %tmp_15_i_i, i3 5, i32 %tmp_16_i_i, i3 6, i32 %tmp_17_i_i, i3 7, i32 %tmp_18_i_i, i32 <undef>, i3 %trunc_ln15557" [/home/silvenchen/Desktop/DitBlock/WorkDCT/DitBlock/kernel.cpp:15559]   --->   Operation 105 'sparsemux' 'v8563' <Predicate = (!icmp_ln15556)> <Delay = 0.58> <CoreInst = "SparseMux">   --->   Core 147 'SparseMux' <Latency = 0> <II = 1> <Delay = 0.58> <FuncUnit> <Opcode : 'sparsemux'> <InPorts = 2> <OutPorts = 1>
ST_1 : Operation 106 [1/1] (0.72ns)   --->   "%add_ln15560 = add i10 %tmp_read, i10 %zext_ln15557" [/home/silvenchen/Desktop/DitBlock/WorkDCT/DitBlock/kernel.cpp:15560]   --->   Operation 106 'add' 'add_ln15560' <Predicate = (!icmp_ln15556)> <Delay = 0.72> <CoreInst = "Adder">   --->   Core 1 'Adder' <Latency = 0> <II = 1> <Delay = 0.72> <FuncUnit> <Opcode : 'add' 'sub'> <InPorts = 2> <OutPorts = 1>
ST_1 : Operation 107 [1/1] (0.00ns)   --->   "%tmp_s = bitconcatenate i16 @_ssdm_op_BitConcatenate.i16.i10.i6, i10 %add_ln15560, i6 0" [/home/silvenchen/Desktop/DitBlock/WorkDCT/DitBlock/kernel.cpp:15560]   --->   Operation 107 'bitconcatenate' 'tmp_s' <Predicate = (!icmp_ln15556)> <Delay = 0.00>
ST_1 : Operation 108 [1/1] (0.78ns)   --->   "%add_ln15560_1 = add i16 %tmp_s, i16 %zext_ln15559" [/home/silvenchen/Desktop/DitBlock/WorkDCT/DitBlock/kernel.cpp:15560]   --->   Operation 108 'add' 'add_ln15560_1' <Predicate = (!icmp_ln15556)> <Delay = 0.78> <CoreInst = "Adder">   --->   Core 1 'Adder' <Latency = 0> <II = 1> <Delay = 0.78> <FuncUnit> <Opcode : 'add' 'sub'> <InPorts = 2> <OutPorts = 1>
ST_1 : Operation 109 [1/1] (0.00ns)   --->   "%zext_ln15560 = zext i16 %add_ln15560_1" [/home/silvenchen/Desktop/DitBlock/WorkDCT/DitBlock/kernel.cpp:15560]   --->   Operation 109 'zext' 'zext_ln15560' <Predicate = (!icmp_ln15556)> <Delay = 0.00>
ST_1 : Operation 110 [1/1] (0.00ns)   --->   "%v8547_addr = getelementptr i32 %v8547, i64 0, i64 %zext_ln15560" [/home/silvenchen/Desktop/DitBlock/WorkDCT/DitBlock/kernel.cpp:15560]   --->   Operation 110 'getelementptr' 'v8547_addr' <Predicate = (!icmp_ln15556)> <Delay = 0.00>
ST_1 : Operation 111 [1/1] (1.24ns)   --->   "%store_ln15560 = store i32 %v8563, i16 %v8547_addr" [/home/silvenchen/Desktop/DitBlock/WorkDCT/DitBlock/kernel.cpp:15560]   --->   Operation 111 'store' 'store_ln15560' <Predicate = (!icmp_ln15556)> <Delay = 1.24> <CoreInst = "RAM">   --->   Core 83 'RAM' <Latency = 1> <II = 1> <Delay = 1.24> <Storage> <Opcode : 'load' 'store'> <Ports = 2> <Width = 32> <Depth = 65536> <RAM>
ST_1 : Operation 112 [1/1] (0.70ns)   --->   "%add_ln15557 = add i4 %select_ln15556, i4 1" [/home/silvenchen/Desktop/DitBlock/WorkDCT/DitBlock/kernel.cpp:15557]   --->   Operation 112 'add' 'add_ln15557' <Predicate = (!icmp_ln15556)> <Delay = 0.70> <CoreInst = "Adder">   --->   Core 1 'Adder' <Latency = 0> <II = 1> <Delay = 0.70> <FuncUnit> <Opcode : 'add' 'sub'> <InPorts = 2> <OutPorts = 1>
ST_1 : Operation 113 [1/1] (0.38ns)   --->   "%store_ln15556 = store i7 %add_ln15556_1, i7 %indvar_flatten" [/home/silvenchen/Desktop/DitBlock/WorkDCT/DitBlock/kernel.cpp:15556]   --->   Operation 113 'store' 'store_ln15556' <Predicate = (!icmp_ln15556)> <Delay = 0.38>
ST_1 : Operation 114 [1/1] (0.38ns)   --->   "%store_ln15556 = store i4 %select_ln15556_1, i4 %sj5" [/home/silvenchen/Desktop/DitBlock/WorkDCT/DitBlock/kernel.cpp:15556]   --->   Operation 114 'store' 'store_ln15556' <Predicate = (!icmp_ln15556)> <Delay = 0.38>
ST_1 : Operation 115 [1/1] (0.38ns)   --->   "%store_ln15557 = store i4 %add_ln15557, i4 %si5" [/home/silvenchen/Desktop/DitBlock/WorkDCT/DitBlock/kernel.cpp:15557]   --->   Operation 115 'store' 'store_ln15557' <Predicate = (!icmp_ln15556)> <Delay = 0.38>
ST_1 : Operation 116 [1/1] (0.00ns)   --->   "%br_ln15557 = br void %for.inc68.i.i" [/home/silvenchen/Desktop/DitBlock/WorkDCT/DitBlock/kernel.cpp:15557]   --->   Operation 116 'br' 'br_ln15557' <Predicate = (!icmp_ln15556)> <Delay = 0.00>
ST_1 : Operation 117 [1/1] (0.00ns)   --->   "%ret_ln0 = ret"   --->   Operation 117 'ret' 'ret_ln0' <Predicate = (icmp_ln15556)> <Delay = 0.00>


============================================================
+ Verbose Summary: Timing violations
============================================================
Target clock period: 10.000ns, clock uncertainty: 2.700ns.

 <State 1>: 4.204ns
The critical path consists of the following:
	'store' operation 0 bit ('store_ln15557', /home/silvenchen/Desktop/DitBlock/WorkDCT/DitBlock/kernel.cpp:15557) of constant 0 on local variable 'si5', /home/silvenchen/Desktop/DitBlock/WorkDCT/DitBlock/kernel.cpp:15557 [140]  (0.387 ns)
	'load' operation 4 bit ('si5_load', /home/silvenchen/Desktop/DitBlock/WorkDCT/DitBlock/kernel.cpp:15557) on local variable 'si5', /home/silvenchen/Desktop/DitBlock/WorkDCT/DitBlock/kernel.cpp:15557 [148]  (0.000 ns)
	'icmp' operation 1 bit ('icmp_ln15557', /home/silvenchen/Desktop/DitBlock/WorkDCT/DitBlock/kernel.cpp:15557) [153]  (0.708 ns)
	'select' operation 4 bit ('select_ln15556', /home/silvenchen/Desktop/DitBlock/WorkDCT/DitBlock/kernel.cpp:15556) [154]  (0.351 ns)
	'add' operation 10 bit ('add_ln15560', /home/silvenchen/Desktop/DitBlock/WorkDCT/DitBlock/kernel.cpp:15560) [172]  (0.725 ns)
	'add' operation 16 bit ('add_ln15560_1', /home/silvenchen/Desktop/DitBlock/WorkDCT/DitBlock/kernel.cpp:15560) [174]  (0.785 ns)
	'getelementptr' operation 16 bit ('v8547_addr', /home/silvenchen/Desktop/DitBlock/WorkDCT/DitBlock/kernel.cpp:15560) [176]  (0.000 ns)
	'store' operation 0 bit ('store_ln15560', /home/silvenchen/Desktop/DitBlock/WorkDCT/DitBlock/kernel.cpp:15560) of variable 'v8563', /home/silvenchen/Desktop/DitBlock/WorkDCT/DitBlock/kernel.cpp:15559 on array 'v8547' [177]  (1.248 ns)


============================================================
+ Verbose Summary: Binding
============================================================
N/A
* FSMD analyzer results:
  - Output states:
 - Input state : 
  - Chain level:
	State 1


============================================================
+ Verbose Summary: Datapath Resource usage 
============================================================
N/A
