

================================================================
== Vitis HLS Report for 'generic_tanh_float_s'
================================================================
* Date:           Wed Feb  5 22:35:17 2025

* Version:        2023.2 (Build 4023990 on Oct 11 2023)
* Project:        DitBlock
* Solution:       hls (Vivado IP Flow Target)
* Product family: virtexuplusHBM
* Target device:  xcu280-fsvh2892-2L-e


================================================================
== Performance Estimates
================================================================
+ Timing: 
    * Summary: 
    +--------+----------+----------+------------+
    |  Clock |  Target  | Estimated| Uncertainty|
    +--------+----------+----------+------------+
    |ap_clk  |  10.00 ns|  7.279 ns|     2.70 ns|
    +--------+----------+----------+------------+

+ Latency: 
    * Summary: 
    +---------+---------+----------+----------+-----+-----+---------+
    |  Latency (cycles) |  Latency (absolute) |  Interval | Pipeline|
    |   min   |   max   |    min   |    max   | min | max |   Type  |
    +---------+---------+----------+----------+-----+-----+---------+
    |       28|       28|  0.280 us|  0.280 us|    1|    1|      yes|
    +---------+---------+----------+----------+-----+-----+---------+

    + Detail: 
        * Instance: 
        N/A

        * Loop: 
        N/A

============================================================
+ Verbose Summary: Synthesis Manager
============================================================
InlineROM: 1
ExposeGlobal: 0
============================================================
+ Verbose Summary: CDFG Model
============================================================
IsTopModel: 0
ResetActiveHigh: 1
IsCombinational: 0
IsDatapathOnly: 0
HasWiredReturn: 1
HasMFsm: 2
HasVarLatency: 0
IsPipeline: 1
IsRtlPipelined: 1
IsInstanceOverlapped: 0
IsDontTouch: 0
HasImplIP: 0
IsGatedGlobalClock: 0

+ Individual pipeline summary: 
  * Pipeline-0: initiation interval (II) = 1, depth = 29


============================================================
+ Verbose Summary: Schedule
============================================================
* Number of FSM states : 29
* Pipeline : 1
  Pipeline-0 : II = 1, D = 29, States = { 1 2 3 4 5 6 7 8 9 10 11 12 13 14 15 16 17 18 19 20 21 22 23 24 25 26 27 28 29 }
* Dataflow Pipeline: 0

* FSM state transitions: 
1 --> 2 
2 --> 3 
3 --> 4 
4 --> 5 
5 --> 6 
6 --> 7 
7 --> 8 
8 --> 9 
9 --> 10 
10 --> 11 
11 --> 12 
12 --> 13 
13 --> 14 
14 --> 15 
15 --> 16 
16 --> 17 
17 --> 18 
18 --> 19 
19 --> 20 
20 --> 21 
21 --> 22 
22 --> 23 
23 --> 24 
24 --> 25 
25 --> 26 
26 --> 27 
27 --> 28 
28 --> 29 
29 --> 

* FSM state operations: 

State 1 <SV = 0> <Delay = 6.99>
ST_1 : Operation 30 [1/1] (0.00ns)   --->   "%t_in_read = read i32 @_ssdm_op_Read.ap_auto.float, i32 %t_in" [/wrk/ci/prod/2023.2/hls_product/continuous/689/2023.2/src/shared/hls/clib/hlsmath/include/FloatingPoint/hls_tanh.h:28]   --->   Operation 30 'read' 't_in_read' <Predicate = true> <Delay = 0.00>
ST_1 : Operation 31 [1/1] (0.00ns)   --->   "%data = bitcast i32 %t_in_read" [/wrk/ci/prod/2023.2/hls_product/continuous/689/2023.2/src/shared/hls/clib/src/hls/utils/x_hls_utils.h:288->/wrk/ci/prod/2023.2/hls_product/continuous/689/2023.2/src/shared/hls/clib/hlsmath/include/FloatingPoint/hls_tanh.h:32]   --->   Operation 31 'bitcast' 'data' <Predicate = true> <Delay = 0.00>
ST_1 : Operation 32 [1/1] (0.00ns)   --->   "%din_sign = bitselect i1 @_ssdm_op_BitSelect.i1.i32.i32, i32 %data, i32 31" [/wrk/ci/prod/2023.2/hls_product/continuous/689/2023.2/src/shared/hls/clib/src/hls/utils/x_hls_utils.h:294->/wrk/ci/prod/2023.2/hls_product/continuous/689/2023.2/src/shared/hls/clib/hlsmath/include/FloatingPoint/hls_tanh.h:32]   --->   Operation 32 'bitselect' 'din_sign' <Predicate = true> <Delay = 0.00>
ST_1 : Operation 33 [1/1] (0.00ns)   --->   "%din_exp = partselect i8 @_ssdm_op_PartSelect.i8.i32.i32.i32, i32 %data, i32 23, i32 30" [/wrk/ci/prod/2023.2/hls_product/continuous/689/2023.2/src/shared/hls/clib/src/hls/utils/x_hls_utils.h:295->/wrk/ci/prod/2023.2/hls_product/continuous/689/2023.2/src/shared/hls/clib/hlsmath/include/FloatingPoint/hls_tanh.h:32]   --->   Operation 33 'partselect' 'din_exp' <Predicate = true> <Delay = 0.00>
ST_1 : Operation 34 [1/1] (0.00ns)   --->   "%din_sig = trunc i32 %data" [/wrk/ci/prod/2023.2/hls_product/continuous/689/2023.2/src/shared/hls/clib/src/hls/utils/x_hls_utils.h:296->/wrk/ci/prod/2023.2/hls_product/continuous/689/2023.2/src/shared/hls/clib/hlsmath/include/FloatingPoint/hls_tanh.h:32]   --->   Operation 34 'trunc' 'din_sig' <Predicate = true> <Delay = 0.00>
ST_1 : Operation 35 [1/1] (0.00ns)   --->   "%trunc_ln313 = trunc i32 %data" [/wrk/ci/prod/2023.2/hls_product/continuous/689/2023.2/src/shared/hls/clib/src/hls/utils/x_hls_utils.h:313->/wrk/ci/prod/2023.2/hls_product/continuous/689/2023.2/src/shared/hls/clib/src/hls/utils/x_hls_utils.h:326->/wrk/ci/prod/2023.2/hls_product/continuous/689/2023.2/src/shared/hls/clib/src/hls/utils/x_hls_utils.h:347->/wrk/ci/prod/2023.2/hls_product/continuous/689/2023.2/src/shared/hls/clib/hlsmath/include/FloatingPoint/hls_copysign.h:14->/wrk/ci/prod/2023.2/hls_product/continuous/689/2023.2/src/shared/hls/clib/hlsmath/include/FloatingPoint/hls_fabs.h:13->/wrk/ci/prod/2023.2/hls_product/continuous/689/2023.2/src/shared/hls/clib/hlsmath/include/FloatingPoint/hls_tanh.h:33]   --->   Operation 35 'trunc' 'trunc_ln313' <Predicate = true> <Delay = 0.00>
ST_1 : Operation 36 [1/1] (0.00ns)   --->   "%t = bitconcatenate i32 @_ssdm_op_BitConcatenate.i32.i1.i31, i1 0, i31 %trunc_ln313" [/wrk/ci/prod/2023.2/hls_product/continuous/689/2023.2/src/shared/hls/clib/src/hls/utils/x_hls_utils.h:313->/wrk/ci/prod/2023.2/hls_product/continuous/689/2023.2/src/shared/hls/clib/src/hls/utils/x_hls_utils.h:326->/wrk/ci/prod/2023.2/hls_product/continuous/689/2023.2/src/shared/hls/clib/src/hls/utils/x_hls_utils.h:347->/wrk/ci/prod/2023.2/hls_product/continuous/689/2023.2/src/shared/hls/clib/hlsmath/include/FloatingPoint/hls_copysign.h:14->/wrk/ci/prod/2023.2/hls_product/continuous/689/2023.2/src/shared/hls/clib/hlsmath/include/FloatingPoint/hls_fabs.h:13->/wrk/ci/prod/2023.2/hls_product/continuous/689/2023.2/src/shared/hls/clib/hlsmath/include/FloatingPoint/hls_tanh.h:33]   --->   Operation 36 'bitconcatenate' 't' <Predicate = true> <Delay = 0.00>
ST_1 : Operation 37 [1/1] (0.00ns)   --->   "%abst_in = bitcast i32 %t" [/wrk/ci/prod/2023.2/hls_product/continuous/689/2023.2/src/shared/hls/clib/src/hls/utils/x_hls_utils.h:327->/wrk/ci/prod/2023.2/hls_product/continuous/689/2023.2/src/shared/hls/clib/src/hls/utils/x_hls_utils.h:347->/wrk/ci/prod/2023.2/hls_product/continuous/689/2023.2/src/shared/hls/clib/hlsmath/include/FloatingPoint/hls_copysign.h:14->/wrk/ci/prod/2023.2/hls_product/continuous/689/2023.2/src/shared/hls/clib/hlsmath/include/FloatingPoint/hls_fabs.h:13->/wrk/ci/prod/2023.2/hls_product/continuous/689/2023.2/src/shared/hls/clib/hlsmath/include/FloatingPoint/hls_tanh.h:33]   --->   Operation 37 'bitcast' 'abst_in' <Predicate = true> <Delay = 0.00>
ST_1 : Operation 38 [1/1] (0.70ns)   --->   "%icmp_ln36 = icmp_eq  i8 %din_exp, i8 255" [/wrk/ci/prod/2023.2/hls_product/continuous/689/2023.2/src/shared/hls/clib/hlsmath/include/FloatingPoint/hls_tanh.h:36]   --->   Operation 38 'icmp' 'icmp_ln36' <Predicate = true> <Delay = 0.70> <CoreInst = "Cmp">   --->   Core 9 'Cmp' <Latency = 0> <II = 1> <Delay = 0.70> <FuncUnit> <Opcode : 'icmp'> <InPorts = 2> <OutPorts = 1>
ST_1 : Operation 39 [1/1] (0.00ns)   --->   "%br_ln36 = br i1 %icmp_ln36, void %if.else5, void %if.then" [/wrk/ci/prod/2023.2/hls_product/continuous/689/2023.2/src/shared/hls/clib/hlsmath/include/FloatingPoint/hls_tanh.h:36]   --->   Operation 39 'br' 'br_ln36' <Predicate = true> <Delay = 0.00>
ST_1 : Operation 40 [1/1] (0.70ns)   --->   "%icmp_ln45 = icmp_ult  i8 %din_exp, i8 72" [/wrk/ci/prod/2023.2/hls_product/continuous/689/2023.2/src/shared/hls/clib/hlsmath/include/FloatingPoint/hls_tanh.h:45]   --->   Operation 40 'icmp' 'icmp_ln45' <Predicate = (!icmp_ln36)> <Delay = 0.70> <CoreInst = "Cmp">   --->   Core 9 'Cmp' <Latency = 0> <II = 1> <Delay = 0.70> <FuncUnit> <Opcode : 'icmp'> <InPorts = 2> <OutPorts = 1>
ST_1 : Operation 41 [1/1] (0.00ns)   --->   "%br_ln45 = br i1 %icmp_ln45, void %lor.lhs.false, void %if.then12" [/wrk/ci/prod/2023.2/hls_product/continuous/689/2023.2/src/shared/hls/clib/hlsmath/include/FloatingPoint/hls_tanh.h:45]   --->   Operation 41 'br' 'br_ln45' <Predicate = (!icmp_ln36)> <Delay = 0.00>
ST_1 : Operation 42 [1/1] (0.70ns)   --->   "%icmp_ln46 = icmp_eq  i8 %din_exp, i8 72" [/wrk/ci/prod/2023.2/hls_product/continuous/689/2023.2/src/shared/hls/clib/hlsmath/include/FloatingPoint/hls_tanh.h:46]   --->   Operation 42 'icmp' 'icmp_ln46' <Predicate = (!icmp_ln36 & !icmp_ln45)> <Delay = 0.70> <CoreInst = "Cmp">   --->   Core 9 'Cmp' <Latency = 0> <II = 1> <Delay = 0.70> <FuncUnit> <Opcode : 'icmp'> <InPorts = 2> <OutPorts = 1>
ST_1 : Operation 43 [1/1] (0.82ns)   --->   "%icmp_ln46_1 = icmp_eq  i23 %din_sig, i23 0" [/wrk/ci/prod/2023.2/hls_product/continuous/689/2023.2/src/shared/hls/clib/hlsmath/include/FloatingPoint/hls_tanh.h:46]   --->   Operation 43 'icmp' 'icmp_ln46_1' <Predicate = (!icmp_ln36 & !icmp_ln45)> <Delay = 0.82> <CoreInst = "Cmp">   --->   Core 9 'Cmp' <Latency = 0> <II = 1> <Delay = 0.82> <FuncUnit> <Opcode : 'icmp'> <InPorts = 2> <OutPorts = 1>
ST_1 : Operation 44 [1/1] (0.12ns)   --->   "%and_ln46 = and i1 %icmp_ln46, i1 %icmp_ln46_1" [/wrk/ci/prod/2023.2/hls_product/continuous/689/2023.2/src/shared/hls/clib/hlsmath/include/FloatingPoint/hls_tanh.h:46]   --->   Operation 44 'and' 'and_ln46' <Predicate = (!icmp_ln36 & !icmp_ln45)> <Delay = 0.12> <CoreInst = "LogicGate">   --->   Core 74 'LogicGate' <Latency = 0> <II = 1> <Delay = 0.12> <FuncUnit> <Opcode : 'and' 'or' 'xor'> <InPorts = 2> <OutPorts = 1>
ST_1 : Operation 45 [1/1] (0.00ns)   --->   "%br_ln46 = br i1 %and_ln46, void %if.else13, void %if.then12" [/wrk/ci/prod/2023.2/hls_product/continuous/689/2023.2/src/shared/hls/clib/hlsmath/include/FloatingPoint/hls_tanh.h:46]   --->   Operation 45 'br' 'br_ln46' <Predicate = (!icmp_ln36 & !icmp_ln45)> <Delay = 0.00>
ST_1 : Operation 46 [1/1] (6.87ns)   --->   "%tmp_6 = fcmp_olt  i32 %abst_in, i32 22" [/wrk/ci/prod/2023.2/hls_product/continuous/689/2023.2/src/shared/hls/clib/hlsmath/include/FloatingPoint/hls_tanh.h:51]   --->   Operation 46 'fcmp' 'tmp_6' <Predicate = (!icmp_ln36 & !icmp_ln45 & !and_ln46)> <Delay = 6.87> <CoreInst = "FCompare">   --->   Core 19 'FCompare' <Latency = 0> <II = 1> <Delay = 6.87> <FuncUnit> <Opcode : 'fcmp'> <InPorts = 2> <OutPorts = 1>
ST_1 : Operation 47 [1/1] (0.70ns)   --->   "%icmp_ln54 = icmp_ult  i8 %din_exp, i8 127" [/wrk/ci/prod/2023.2/hls_product/continuous/689/2023.2/src/shared/hls/clib/hlsmath/include/FloatingPoint/hls_tanh.h:54]   --->   Operation 47 'icmp' 'icmp_ln54' <Predicate = (!icmp_ln36 & !icmp_ln45 & !and_ln46 & tmp_6)> <Delay = 0.70> <CoreInst = "Cmp">   --->   Core 9 'Cmp' <Latency = 0> <II = 1> <Delay = 0.70> <FuncUnit> <Opcode : 'icmp'> <InPorts = 2> <OutPorts = 1>
ST_1 : Operation 48 [1/1] (0.00ns)   --->   "%or_ln55 = or i32 %t, i32 2147483648" [/wrk/ci/prod/2023.2/hls_product/continuous/689/2023.2/src/shared/hls/clib/hlsmath/include/FloatingPoint/hls_tanh.h:55]   --->   Operation 48 'or' 'or_ln55' <Predicate = (!icmp_ln36 & !icmp_ln45 & !and_ln46 & tmp_6)> <Delay = 0.00>
ST_1 : Operation 49 [1/1] (0.00ns)   --->   "%bitcast_ln55 = bitcast i32 %or_ln55" [/wrk/ci/prod/2023.2/hls_product/continuous/689/2023.2/src/shared/hls/clib/hlsmath/include/FloatingPoint/hls_tanh.h:55]   --->   Operation 49 'bitcast' 'bitcast_ln55' <Predicate = (!icmp_ln36 & !icmp_ln45 & !and_ln46 & tmp_6)> <Delay = 0.00>
ST_1 : Operation 50 [3/3] (6.14ns)   --->   "%x = fsub i32 %bitcast_ln55, i32 %abst_in" [/wrk/ci/prod/2023.2/hls_product/continuous/689/2023.2/src/shared/hls/clib/hlsmath/include/FloatingPoint/hls_tanh.h:55]   --->   Operation 50 'fsub' 'x' <Predicate = (!icmp_ln36 & !icmp_ln45 & !and_ln46 & tmp_6)> <Delay = 6.14> <CoreInst = "FAddSub_fulldsp">   --->   Core 18 'FAddSub_fulldsp' <Latency = 2> <II = 1> <Delay = 6.14> <FuncUnit> <Opcode : 'fadd' 'fsub'> <InPorts = 2> <OutPorts = 1>
ST_1 : Operation 51 [3/3] (6.14ns)   --->   "%x_1 = fadd i32 %abst_in, i32 %abst_in" [/wrk/ci/prod/2023.2/hls_product/continuous/689/2023.2/src/shared/hls/clib/hlsmath/include/FloatingPoint/hls_tanh.h:58]   --->   Operation 51 'fadd' 'x_1' <Predicate = (!icmp_ln36 & !icmp_ln45 & !and_ln46 & tmp_6)> <Delay = 6.14> <CoreInst = "FAddSub_fulldsp">   --->   Core 18 'FAddSub_fulldsp' <Latency = 2> <II = 1> <Delay = 6.14> <FuncUnit> <Opcode : 'fadd' 'fsub'> <InPorts = 2> <OutPorts = 1>
ST_1 : Operation 52 [1/1] (0.00ns)   --->   "%br_ln63 = br i1 %icmp_ln54, void %if.else28, void %if.then25" [/wrk/ci/prod/2023.2/hls_product/continuous/689/2023.2/src/shared/hls/clib/hlsmath/include/FloatingPoint/hls_tanh.h:63]   --->   Operation 52 'br' 'br_ln63' <Predicate = (!icmp_ln36 & !icmp_ln45 & !and_ln46 & tmp_6)> <Delay = 0.00>
ST_1 : Operation 53 [3/3] (6.14ns)   --->   "%add = fadd i32 %abst_in, i32 1" [/wrk/ci/prod/2023.2/hls_product/continuous/689/2023.2/src/shared/hls/clib/hlsmath/include/FloatingPoint/hls_tanh.h:49]   --->   Operation 53 'fadd' 'add' <Predicate = (!icmp_ln36 & and_ln46) | (!icmp_ln36 & icmp_ln45)> <Delay = 6.14> <CoreInst = "FAddSub_fulldsp">   --->   Core 18 'FAddSub_fulldsp' <Latency = 2> <II = 1> <Delay = 6.14> <FuncUnit> <Opcode : 'fadd' 'fsub'> <InPorts = 2> <OutPorts = 1>
ST_1 : Operation 54 [1/1] (0.82ns)   --->   "%icmp_ln38 = icmp_ne  i23 %din_sig, i23 0" [/wrk/ci/prod/2023.2/hls_product/continuous/689/2023.2/src/shared/hls/clib/hlsmath/include/FloatingPoint/hls_tanh.h:38]   --->   Operation 54 'icmp' 'icmp_ln38' <Predicate = (icmp_ln36)> <Delay = 0.82> <CoreInst = "Cmp">   --->   Core 9 'Cmp' <Latency = 0> <II = 1> <Delay = 0.82> <FuncUnit> <Opcode : 'icmp'> <InPorts = 2> <OutPorts = 1>

State 2 <SV = 1> <Delay = 6.14>
ST_2 : Operation 55 [1/1] (0.48ns)   --->   "%br_ln51 = br i1 %tmp_6, void %if.end38, void %if.then14" [/wrk/ci/prod/2023.2/hls_product/continuous/689/2023.2/src/shared/hls/clib/hlsmath/include/FloatingPoint/hls_tanh.h:51]   --->   Operation 55 'br' 'br_ln51' <Predicate = (!icmp_ln36 & !icmp_ln45 & !and_ln46)> <Delay = 0.48>
ST_2 : Operation 56 [2/3] (6.14ns)   --->   "%x = fsub i32 %bitcast_ln55, i32 %abst_in" [/wrk/ci/prod/2023.2/hls_product/continuous/689/2023.2/src/shared/hls/clib/hlsmath/include/FloatingPoint/hls_tanh.h:55]   --->   Operation 56 'fsub' 'x' <Predicate = (!icmp_ln36 & !icmp_ln45 & !and_ln46 & tmp_6)> <Delay = 6.14> <CoreInst = "FAddSub_fulldsp">   --->   Core 18 'FAddSub_fulldsp' <Latency = 2> <II = 1> <Delay = 6.14> <FuncUnit> <Opcode : 'fadd' 'fsub'> <InPorts = 2> <OutPorts = 1>
ST_2 : Operation 57 [2/3] (6.14ns)   --->   "%x_1 = fadd i32 %abst_in, i32 %abst_in" [/wrk/ci/prod/2023.2/hls_product/continuous/689/2023.2/src/shared/hls/clib/hlsmath/include/FloatingPoint/hls_tanh.h:58]   --->   Operation 57 'fadd' 'x_1' <Predicate = (!icmp_ln36 & !icmp_ln45 & !and_ln46 & tmp_6)> <Delay = 6.14> <CoreInst = "FAddSub_fulldsp">   --->   Core 18 'FAddSub_fulldsp' <Latency = 2> <II = 1> <Delay = 6.14> <FuncUnit> <Opcode : 'fadd' 'fsub'> <InPorts = 2> <OutPorts = 1>
ST_2 : Operation 58 [2/3] (6.14ns)   --->   "%add = fadd i32 %abst_in, i32 1" [/wrk/ci/prod/2023.2/hls_product/continuous/689/2023.2/src/shared/hls/clib/hlsmath/include/FloatingPoint/hls_tanh.h:49]   --->   Operation 58 'fadd' 'add' <Predicate = (!icmp_ln36 & and_ln46) | (!icmp_ln36 & icmp_ln45)> <Delay = 6.14> <CoreInst = "FAddSub_fulldsp">   --->   Core 18 'FAddSub_fulldsp' <Latency = 2> <II = 1> <Delay = 6.14> <FuncUnit> <Opcode : 'fadd' 'fsub'> <InPorts = 2> <OutPorts = 1>

State 3 <SV = 2> <Delay = 6.37>
ST_3 : Operation 59 [1/3] (6.14ns)   --->   "%x = fsub i32 %bitcast_ln55, i32 %abst_in" [/wrk/ci/prod/2023.2/hls_product/continuous/689/2023.2/src/shared/hls/clib/hlsmath/include/FloatingPoint/hls_tanh.h:55]   --->   Operation 59 'fsub' 'x' <Predicate = (!icmp_ln36 & !icmp_ln45 & !and_ln46 & tmp_6)> <Delay = 6.14> <CoreInst = "FAddSub_fulldsp">   --->   Core 18 'FAddSub_fulldsp' <Latency = 2> <II = 1> <Delay = 6.14> <FuncUnit> <Opcode : 'fadd' 'fsub'> <InPorts = 2> <OutPorts = 1>
ST_3 : Operation 60 [1/3] (6.14ns)   --->   "%x_1 = fadd i32 %abst_in, i32 %abst_in" [/wrk/ci/prod/2023.2/hls_product/continuous/689/2023.2/src/shared/hls/clib/hlsmath/include/FloatingPoint/hls_tanh.h:58]   --->   Operation 60 'fadd' 'x_1' <Predicate = (!icmp_ln36 & !icmp_ln45 & !and_ln46 & tmp_6)> <Delay = 6.14> <CoreInst = "FAddSub_fulldsp">   --->   Core 18 'FAddSub_fulldsp' <Latency = 2> <II = 1> <Delay = 6.14> <FuncUnit> <Opcode : 'fadd' 'fsub'> <InPorts = 2> <OutPorts = 1>
ST_3 : Operation 61 [1/1] (0.22ns)   --->   "%x_3 = select i1 %icmp_ln54, i32 %x, i32 %x_1" [/wrk/ci/prod/2023.2/hls_product/continuous/689/2023.2/src/shared/hls/clib/hlsmath/include/FloatingPoint/hls_tanh.h:54]   --->   Operation 61 'select' 'x_3' <Predicate = (!icmp_ln36 & !icmp_ln45 & !and_ln46 & tmp_6)> <Delay = 0.22> <CoreInst = "Sel">   --->   Core 73 'Sel' <Latency = 0> <II = 1> <Delay = 0.22> <FuncUnit> <Opcode : 'select'> <InPorts = 3> <OutPorts = 1>
ST_3 : Operation 62 [1/3] (6.14ns)   --->   "%add = fadd i32 %abst_in, i32 1" [/wrk/ci/prod/2023.2/hls_product/continuous/689/2023.2/src/shared/hls/clib/hlsmath/include/FloatingPoint/hls_tanh.h:49]   --->   Operation 62 'fadd' 'add' <Predicate = (!icmp_ln36 & and_ln46) | (!icmp_ln36 & icmp_ln45)> <Delay = 6.14> <CoreInst = "FAddSub_fulldsp">   --->   Core 18 'FAddSub_fulldsp' <Latency = 2> <II = 1> <Delay = 6.14> <FuncUnit> <Opcode : 'fadd' 'fsub'> <InPorts = 2> <OutPorts = 1>

State 4 <SV = 3> <Delay = 6.41>
ST_4 : Operation 63 [1/1] (0.00ns)   --->   "%data_1 = bitcast i32 %x_3" [/wrk/ci/prod/2023.2/hls_product/continuous/689/2023.2/src/shared/hls/clib/src/hls/utils/x_hls_utils.h:288->/wrk/ci/prod/2023.2/hls_product/continuous/689/2023.2/src/shared/hls/clib/hlsmath/src/common/hls_exp_float.cpp:8->/wrk/ci/prod/2023.2/hls_product/continuous/689/2023.2/src/shared/hls/clib/hlsmath/include/FloatingPoint/hls_tanh.h:61]   --->   Operation 63 'bitcast' 'data_1' <Predicate = (!icmp_ln36 & !icmp_ln45 & !and_ln46 & tmp_6)> <Delay = 0.00>
ST_4 : Operation 64 [1/1] (0.00ns)   --->   "%xs_exp_1 = partselect i8 @_ssdm_op_PartSelect.i8.i32.i32.i32, i32 %data_1, i32 23, i32 30" [/wrk/ci/prod/2023.2/hls_product/continuous/689/2023.2/src/shared/hls/clib/src/hls/utils/x_hls_utils.h:295->/wrk/ci/prod/2023.2/hls_product/continuous/689/2023.2/src/shared/hls/clib/hlsmath/src/common/hls_exp_float.cpp:8->/wrk/ci/prod/2023.2/hls_product/continuous/689/2023.2/src/shared/hls/clib/hlsmath/include/FloatingPoint/hls_tanh.h:61]   --->   Operation 64 'partselect' 'xs_exp_1' <Predicate = (!icmp_ln36 & !icmp_ln45 & !and_ln46 & tmp_6)> <Delay = 0.00>
ST_4 : Operation 65 [1/1] (0.70ns)   --->   "%icmp_ln9 = icmp_eq  i8 %xs_exp_1, i8 0" [/wrk/ci/prod/2023.2/hls_product/continuous/689/2023.2/src/shared/hls/clib/hlsmath/src/common/hls_exp_float.cpp:9->/wrk/ci/prod/2023.2/hls_product/continuous/689/2023.2/src/shared/hls/clib/hlsmath/include/FloatingPoint/hls_tanh.h:61]   --->   Operation 65 'icmp' 'icmp_ln9' <Predicate = (!icmp_ln36 & !icmp_ln45 & !and_ln46 & tmp_6)> <Delay = 0.70> <CoreInst = "Cmp">   --->   Core 9 'Cmp' <Latency = 0> <II = 1> <Delay = 0.70> <FuncUnit> <Opcode : 'icmp'> <InPorts = 2> <OutPorts = 1>
ST_4 : Operation 66 [1/1] (0.41ns)   --->   "%br_ln9 = br i1 %icmp_ln9, void %if.end.i, void %_ZN11exp_reduce_5expm1Ef.exit" [/wrk/ci/prod/2023.2/hls_product/continuous/689/2023.2/src/shared/hls/clib/hlsmath/src/common/hls_exp_float.cpp:9->/wrk/ci/prod/2023.2/hls_product/continuous/689/2023.2/src/shared/hls/clib/hlsmath/include/FloatingPoint/hls_tanh.h:61]   --->   Operation 66 'br' 'br_ln9' <Predicate = (!icmp_ln36 & !icmp_ln45 & !and_ln46 & tmp_6)> <Delay = 0.41>
ST_4 : Operation 67 [1/1] (0.70ns)   --->   "%icmp_ln10 = icmp_ult  i8 %xs_exp_1, i8 96" [/wrk/ci/prod/2023.2/hls_product/continuous/689/2023.2/src/shared/hls/clib/hlsmath/src/common/hls_exp_float.cpp:10->/wrk/ci/prod/2023.2/hls_product/continuous/689/2023.2/src/shared/hls/clib/hlsmath/include/FloatingPoint/hls_tanh.h:61]   --->   Operation 67 'icmp' 'icmp_ln10' <Predicate = (!icmp_ln36 & !icmp_ln45 & !and_ln46 & tmp_6 & !icmp_ln9)> <Delay = 0.70> <CoreInst = "Cmp">   --->   Core 9 'Cmp' <Latency = 0> <II = 1> <Delay = 0.70> <FuncUnit> <Opcode : 'icmp'> <InPorts = 2> <OutPorts = 1>
ST_4 : Operation 68 [1/1] (0.41ns)   --->   "%br_ln10 = br i1 %icmp_ln10, void %if.end4.i, void %_ZN11exp_reduce_5expm1Ef.exit" [/wrk/ci/prod/2023.2/hls_product/continuous/689/2023.2/src/shared/hls/clib/hlsmath/src/common/hls_exp_float.cpp:10->/wrk/ci/prod/2023.2/hls_product/continuous/689/2023.2/src/shared/hls/clib/hlsmath/include/FloatingPoint/hls_tanh.h:61]   --->   Operation 68 'br' 'br_ln10' <Predicate = (!icmp_ln36 & !icmp_ln45 & !and_ln46 & tmp_6 & !icmp_ln9)> <Delay = 0.41>
ST_4 : Operation 69 [1/1] (6.41ns)   --->   "%xd = fpext i32 %x_3" [/wrk/ci/prod/2023.2/hls_product/continuous/689/2023.2/src/shared/hls/clib/hlsmath/src/common/hls_exp_float.cpp:11->/wrk/ci/prod/2023.2/hls_product/continuous/689/2023.2/src/shared/hls/clib/hlsmath/include/FloatingPoint/hls_tanh.h:61]   --->   Operation 69 'fpext' 'xd' <Predicate = (!icmp_ln36 & !icmp_ln45 & !and_ln46 & tmp_6 & !icmp_ln9 & !icmp_ln10)> <Delay = 6.41> <CoreInst = "Float2Double">   --->   Core 64 'Float2Double' <Latency = 0> <II = 1> <Delay = 6.41> <FuncUnit> <Opcode : 'fpext'> <InPorts = 1> <OutPorts = 1>
ST_4 : Operation 70 [2/2] (4.90ns)   --->   "%resultf = fmul i32 %abst_in, i32 %add" [/wrk/ci/prod/2023.2/hls_product/continuous/689/2023.2/src/shared/hls/clib/hlsmath/include/FloatingPoint/hls_tanh.h:49]   --->   Operation 70 'fmul' 'resultf' <Predicate = (!icmp_ln36 & and_ln46) | (!icmp_ln36 & icmp_ln45)> <Delay = 4.90> <CoreInst = "FMul_maxdsp">   --->   Core 30 'FMul_maxdsp' <Latency = 1> <II = 1> <Delay = 4.90> <FuncUnit> <Opcode : 'fmul'> <InPorts = 2> <OutPorts = 1>

State 5 <SV = 4> <Delay = 5.38>
ST_5 : Operation 71 [8/8] (5.02ns)   --->   "%tmp_s = call i64 @exp_generic<double>, i64 %xd, i58 %table_exp_Z1_ap_ufixed_58_1_ap_q_mode_5_ap_o_mode_3_0_array, i26 %table_f_Z3_ap_ufixed_59_0_ap_q_mode_5_ap_o_mode_3_0_array, i42 %table_f_Z2_ap_ufixed_59_0_ap_q_mode_5_ap_o_mode_3_0_array" [/wrk/ci/prod/2023.2/hls_product/continuous/689/2023.2/src/shared/hls/clib/hlsmath/src/common/hls_exp_float.cpp:12->/wrk/ci/prod/2023.2/hls_product/continuous/689/2023.2/src/shared/hls/clib/hlsmath/include/FloatingPoint/hls_tanh.h:61]   --->   Operation 71 'call' 'tmp_s' <Predicate = (!icmp_ln36 & !icmp_ln45 & !and_ln46 & tmp_6 & !icmp_ln9 & !icmp_ln10)> <Delay = 5.02> <CoreType = "Generic">   --->   Core 0 '' <Latency = 0> <II = 1> <Delay = 1.00> <Generic> <Opcode : >
ST_5 : Operation 72 [1/2] (4.90ns)   --->   "%resultf = fmul i32 %abst_in, i32 %add" [/wrk/ci/prod/2023.2/hls_product/continuous/689/2023.2/src/shared/hls/clib/hlsmath/include/FloatingPoint/hls_tanh.h:49]   --->   Operation 72 'fmul' 'resultf' <Predicate = (!icmp_ln36 & and_ln46) | (!icmp_ln36 & icmp_ln45)> <Delay = 4.90> <CoreInst = "FMul_maxdsp">   --->   Core 30 'FMul_maxdsp' <Latency = 1> <II = 1> <Delay = 4.90> <FuncUnit> <Opcode : 'fmul'> <InPorts = 2> <OutPorts = 1>
ST_5 : Operation 73 [1/1] (0.48ns)   --->   "%br_ln50 = br void %if.end38" [/wrk/ci/prod/2023.2/hls_product/continuous/689/2023.2/src/shared/hls/clib/hlsmath/include/FloatingPoint/hls_tanh.h:50]   --->   Operation 73 'br' 'br_ln50' <Predicate = (!icmp_ln36 & and_ln46) | (!icmp_ln36 & icmp_ln45)> <Delay = 0.48>

State 6 <SV = 5> <Delay = 6.99>
ST_6 : Operation 74 [7/8] (6.99ns)   --->   "%tmp_s = call i64 @exp_generic<double>, i64 %xd, i58 %table_exp_Z1_ap_ufixed_58_1_ap_q_mode_5_ap_o_mode_3_0_array, i26 %table_f_Z3_ap_ufixed_59_0_ap_q_mode_5_ap_o_mode_3_0_array, i42 %table_f_Z2_ap_ufixed_59_0_ap_q_mode_5_ap_o_mode_3_0_array" [/wrk/ci/prod/2023.2/hls_product/continuous/689/2023.2/src/shared/hls/clib/hlsmath/src/common/hls_exp_float.cpp:12->/wrk/ci/prod/2023.2/hls_product/continuous/689/2023.2/src/shared/hls/clib/hlsmath/include/FloatingPoint/hls_tanh.h:61]   --->   Operation 74 'call' 'tmp_s' <Predicate = (!icmp_ln36 & !icmp_ln45 & !and_ln46 & tmp_6 & !icmp_ln9 & !icmp_ln10)> <Delay = 6.99> <CoreType = "Generic">   --->   Core 0 '' <Latency = 0> <II = 1> <Delay = 1.00> <Generic> <Opcode : >

State 7 <SV = 6> <Delay = 6.99>
ST_7 : Operation 75 [6/8] (6.99ns)   --->   "%tmp_s = call i64 @exp_generic<double>, i64 %xd, i58 %table_exp_Z1_ap_ufixed_58_1_ap_q_mode_5_ap_o_mode_3_0_array, i26 %table_f_Z3_ap_ufixed_59_0_ap_q_mode_5_ap_o_mode_3_0_array, i42 %table_f_Z2_ap_ufixed_59_0_ap_q_mode_5_ap_o_mode_3_0_array" [/wrk/ci/prod/2023.2/hls_product/continuous/689/2023.2/src/shared/hls/clib/hlsmath/src/common/hls_exp_float.cpp:12->/wrk/ci/prod/2023.2/hls_product/continuous/689/2023.2/src/shared/hls/clib/hlsmath/include/FloatingPoint/hls_tanh.h:61]   --->   Operation 75 'call' 'tmp_s' <Predicate = (!icmp_ln36 & !icmp_ln45 & !and_ln46 & tmp_6 & !icmp_ln9 & !icmp_ln10)> <Delay = 6.99> <CoreType = "Generic">   --->   Core 0 '' <Latency = 0> <II = 1> <Delay = 1.00> <Generic> <Opcode : >

State 8 <SV = 7> <Delay = 6.99>
ST_8 : Operation 76 [5/8] (6.99ns)   --->   "%tmp_s = call i64 @exp_generic<double>, i64 %xd, i58 %table_exp_Z1_ap_ufixed_58_1_ap_q_mode_5_ap_o_mode_3_0_array, i26 %table_f_Z3_ap_ufixed_59_0_ap_q_mode_5_ap_o_mode_3_0_array, i42 %table_f_Z2_ap_ufixed_59_0_ap_q_mode_5_ap_o_mode_3_0_array" [/wrk/ci/prod/2023.2/hls_product/continuous/689/2023.2/src/shared/hls/clib/hlsmath/src/common/hls_exp_float.cpp:12->/wrk/ci/prod/2023.2/hls_product/continuous/689/2023.2/src/shared/hls/clib/hlsmath/include/FloatingPoint/hls_tanh.h:61]   --->   Operation 76 'call' 'tmp_s' <Predicate = (!icmp_ln36 & !icmp_ln45 & !and_ln46 & tmp_6 & !icmp_ln9 & !icmp_ln10)> <Delay = 6.99> <CoreType = "Generic">   --->   Core 0 '' <Latency = 0> <II = 1> <Delay = 1.00> <Generic> <Opcode : >

State 9 <SV = 8> <Delay = 6.99>
ST_9 : Operation 77 [4/8] (6.99ns)   --->   "%tmp_s = call i64 @exp_generic<double>, i64 %xd, i58 %table_exp_Z1_ap_ufixed_58_1_ap_q_mode_5_ap_o_mode_3_0_array, i26 %table_f_Z3_ap_ufixed_59_0_ap_q_mode_5_ap_o_mode_3_0_array, i42 %table_f_Z2_ap_ufixed_59_0_ap_q_mode_5_ap_o_mode_3_0_array" [/wrk/ci/prod/2023.2/hls_product/continuous/689/2023.2/src/shared/hls/clib/hlsmath/src/common/hls_exp_float.cpp:12->/wrk/ci/prod/2023.2/hls_product/continuous/689/2023.2/src/shared/hls/clib/hlsmath/include/FloatingPoint/hls_tanh.h:61]   --->   Operation 77 'call' 'tmp_s' <Predicate = (!icmp_ln36 & !icmp_ln45 & !and_ln46 & tmp_6 & !icmp_ln9 & !icmp_ln10)> <Delay = 6.99> <CoreType = "Generic">   --->   Core 0 '' <Latency = 0> <II = 1> <Delay = 1.00> <Generic> <Opcode : >

State 10 <SV = 9> <Delay = 6.99>
ST_10 : Operation 78 [3/8] (6.99ns)   --->   "%tmp_s = call i64 @exp_generic<double>, i64 %xd, i58 %table_exp_Z1_ap_ufixed_58_1_ap_q_mode_5_ap_o_mode_3_0_array, i26 %table_f_Z3_ap_ufixed_59_0_ap_q_mode_5_ap_o_mode_3_0_array, i42 %table_f_Z2_ap_ufixed_59_0_ap_q_mode_5_ap_o_mode_3_0_array" [/wrk/ci/prod/2023.2/hls_product/continuous/689/2023.2/src/shared/hls/clib/hlsmath/src/common/hls_exp_float.cpp:12->/wrk/ci/prod/2023.2/hls_product/continuous/689/2023.2/src/shared/hls/clib/hlsmath/include/FloatingPoint/hls_tanh.h:61]   --->   Operation 78 'call' 'tmp_s' <Predicate = (!icmp_ln36 & !icmp_ln45 & !and_ln46 & tmp_6 & !icmp_ln9 & !icmp_ln10)> <Delay = 6.99> <CoreType = "Generic">   --->   Core 0 '' <Latency = 0> <II = 1> <Delay = 1.00> <Generic> <Opcode : >

State 11 <SV = 10> <Delay = 6.99>
ST_11 : Operation 79 [2/8] (6.99ns)   --->   "%tmp_s = call i64 @exp_generic<double>, i64 %xd, i58 %table_exp_Z1_ap_ufixed_58_1_ap_q_mode_5_ap_o_mode_3_0_array, i26 %table_f_Z3_ap_ufixed_59_0_ap_q_mode_5_ap_o_mode_3_0_array, i42 %table_f_Z2_ap_ufixed_59_0_ap_q_mode_5_ap_o_mode_3_0_array" [/wrk/ci/prod/2023.2/hls_product/continuous/689/2023.2/src/shared/hls/clib/hlsmath/src/common/hls_exp_float.cpp:12->/wrk/ci/prod/2023.2/hls_product/continuous/689/2023.2/src/shared/hls/clib/hlsmath/include/FloatingPoint/hls_tanh.h:61]   --->   Operation 79 'call' 'tmp_s' <Predicate = (!icmp_ln36 & !icmp_ln45 & !and_ln46 & tmp_6 & !icmp_ln9 & !icmp_ln10)> <Delay = 6.99> <CoreType = "Generic">   --->   Core 0 '' <Latency = 0> <II = 1> <Delay = 1.00> <Generic> <Opcode : >

State 12 <SV = 11> <Delay = 6.98>
ST_12 : Operation 80 [1/8] (6.98ns)   --->   "%tmp_s = call i64 @exp_generic<double>, i64 %xd, i58 %table_exp_Z1_ap_ufixed_58_1_ap_q_mode_5_ap_o_mode_3_0_array, i26 %table_f_Z3_ap_ufixed_59_0_ap_q_mode_5_ap_o_mode_3_0_array, i42 %table_f_Z2_ap_ufixed_59_0_ap_q_mode_5_ap_o_mode_3_0_array" [/wrk/ci/prod/2023.2/hls_product/continuous/689/2023.2/src/shared/hls/clib/hlsmath/src/common/hls_exp_float.cpp:12->/wrk/ci/prod/2023.2/hls_product/continuous/689/2023.2/src/shared/hls/clib/hlsmath/include/FloatingPoint/hls_tanh.h:61]   --->   Operation 80 'call' 'tmp_s' <Predicate = (!icmp_ln36 & !icmp_ln45 & !and_ln46 & tmp_6 & !icmp_ln9 & !icmp_ln10)> <Delay = 6.98> <CoreType = "Generic">   --->   Core 0 '' <Latency = 0> <II = 1> <Delay = 1.00> <Generic> <Opcode : >

State 13 <SV = 12> <Delay = 7.08>
ST_13 : Operation 81 [3/3] (7.08ns)   --->   "%sub_i = dadd i64 %tmp_s, i64 -1" [/wrk/ci/prod/2023.2/hls_product/continuous/689/2023.2/src/shared/hls/clib/hlsmath/src/common/hls_exp_float.cpp:12->/wrk/ci/prod/2023.2/hls_product/continuous/689/2023.2/src/shared/hls/clib/hlsmath/include/FloatingPoint/hls_tanh.h:61]   --->   Operation 81 'dadd' 'sub_i' <Predicate = (!icmp_ln36 & !icmp_ln45 & !and_ln46 & tmp_6 & !icmp_ln9 & !icmp_ln10)> <Delay = 7.08> <CoreInst = "DAddSub_fulldsp">   --->   Core 37 'DAddSub_fulldsp' <Latency = 2> <II = 1> <Delay = 7.08> <FuncUnit> <Opcode : 'dadd' 'dsub'> <InPorts = 2> <OutPorts = 1>

State 14 <SV = 13> <Delay = 7.08>
ST_14 : Operation 82 [2/3] (7.08ns)   --->   "%sub_i = dadd i64 %tmp_s, i64 -1" [/wrk/ci/prod/2023.2/hls_product/continuous/689/2023.2/src/shared/hls/clib/hlsmath/src/common/hls_exp_float.cpp:12->/wrk/ci/prod/2023.2/hls_product/continuous/689/2023.2/src/shared/hls/clib/hlsmath/include/FloatingPoint/hls_tanh.h:61]   --->   Operation 82 'dadd' 'sub_i' <Predicate = (!icmp_ln36 & !icmp_ln45 & !and_ln46 & tmp_6 & !icmp_ln9 & !icmp_ln10)> <Delay = 7.08> <CoreInst = "DAddSub_fulldsp">   --->   Core 37 'DAddSub_fulldsp' <Latency = 2> <II = 1> <Delay = 7.08> <FuncUnit> <Opcode : 'dadd' 'dsub'> <InPorts = 2> <OutPorts = 1>

State 15 <SV = 14> <Delay = 7.08>
ST_15 : Operation 83 [1/3] (7.08ns)   --->   "%sub_i = dadd i64 %tmp_s, i64 -1" [/wrk/ci/prod/2023.2/hls_product/continuous/689/2023.2/src/shared/hls/clib/hlsmath/src/common/hls_exp_float.cpp:12->/wrk/ci/prod/2023.2/hls_product/continuous/689/2023.2/src/shared/hls/clib/hlsmath/include/FloatingPoint/hls_tanh.h:61]   --->   Operation 83 'dadd' 'sub_i' <Predicate = (!icmp_ln36 & !icmp_ln45 & !and_ln46 & tmp_6 & !icmp_ln9 & !icmp_ln10)> <Delay = 7.08> <CoreInst = "DAddSub_fulldsp">   --->   Core 37 'DAddSub_fulldsp' <Latency = 2> <II = 1> <Delay = 7.08> <FuncUnit> <Opcode : 'dadd' 'dsub'> <InPorts = 2> <OutPorts = 1>

State 16 <SV = 15> <Delay = 1.82>
ST_16 : Operation 84 [2/2] (1.82ns)   --->   "%conv6_i = fptrunc i64 %sub_i" [/wrk/ci/prod/2023.2/hls_product/continuous/689/2023.2/src/shared/hls/clib/hlsmath/src/common/hls_exp_float.cpp:12->/wrk/ci/prod/2023.2/hls_product/continuous/689/2023.2/src/shared/hls/clib/hlsmath/include/FloatingPoint/hls_tanh.h:61]   --->   Operation 84 'fptrunc' 'conv6_i' <Predicate = (!icmp_ln36 & !icmp_ln45 & !and_ln46 & tmp_6 & !icmp_ln9 & !icmp_ln10)> <Delay = 1.82> <CoreInst = "Double2Float">   --->   Core 67 'Double2Float' <Latency = 1> <II = 1> <Delay = 1.82> <FuncUnit> <Opcode : 'fptrunc'> <InPorts = 1> <OutPorts = 1>

State 17 <SV = 16> <Delay = 2.24>
ST_17 : Operation 85 [1/2] (1.82ns)   --->   "%conv6_i = fptrunc i64 %sub_i" [/wrk/ci/prod/2023.2/hls_product/continuous/689/2023.2/src/shared/hls/clib/hlsmath/src/common/hls_exp_float.cpp:12->/wrk/ci/prod/2023.2/hls_product/continuous/689/2023.2/src/shared/hls/clib/hlsmath/include/FloatingPoint/hls_tanh.h:61]   --->   Operation 85 'fptrunc' 'conv6_i' <Predicate = (!icmp_ln36 & !icmp_ln45 & !and_ln46 & tmp_6 & !icmp_ln9 & !icmp_ln10)> <Delay = 1.82> <CoreInst = "Double2Float">   --->   Core 67 'Double2Float' <Latency = 1> <II = 1> <Delay = 1.82> <FuncUnit> <Opcode : 'fptrunc'> <InPorts = 1> <OutPorts = 1>
ST_17 : Operation 86 [1/1] (0.41ns)   --->   "%br_ln0 = br void %_ZN11exp_reduce_5expm1Ef.exit"   --->   Operation 86 'br' 'br_ln0' <Predicate = (!icmp_ln36 & !icmp_ln45 & !and_ln46 & tmp_6 & !icmp_ln9 & !icmp_ln10)> <Delay = 0.41>

State 18 <SV = 17> <Delay = 6.14>
ST_18 : Operation 87 [1/1] (0.00ns)   --->   "%expx = phi i32 %conv6_i, void %if.end4.i, i32 0, void %if.then14, i32 %x_3, void %if.end.i"   --->   Operation 87 'phi' 'expx' <Predicate = (!icmp_ln36 & !icmp_ln45 & !and_ln46 & tmp_6)> <Delay = 0.00>
ST_18 : Operation 88 [3/3] (6.14ns)   --->   "%add3 = fadd i32 %expx, i32 2" [/wrk/ci/prod/2023.2/hls_product/continuous/689/2023.2/src/shared/hls/clib/hlsmath/include/FloatingPoint/hls_tanh.h:71]   --->   Operation 88 'fadd' 'add3' <Predicate = (!icmp_ln36 & !icmp_ln45 & !and_ln46 & tmp_6)> <Delay = 6.14> <CoreInst = "FAddSub_fulldsp">   --->   Core 18 'FAddSub_fulldsp' <Latency = 2> <II = 1> <Delay = 6.14> <FuncUnit> <Opcode : 'fadd' 'fsub'> <InPorts = 2> <OutPorts = 1>

State 19 <SV = 18> <Delay = 6.14>
ST_19 : Operation 89 [2/3] (6.14ns)   --->   "%add3 = fadd i32 %expx, i32 2" [/wrk/ci/prod/2023.2/hls_product/continuous/689/2023.2/src/shared/hls/clib/hlsmath/include/FloatingPoint/hls_tanh.h:71]   --->   Operation 89 'fadd' 'add3' <Predicate = (!icmp_ln36 & !icmp_ln45 & !and_ln46 & tmp_6)> <Delay = 6.14> <CoreInst = "FAddSub_fulldsp">   --->   Core 18 'FAddSub_fulldsp' <Latency = 2> <II = 1> <Delay = 6.14> <FuncUnit> <Opcode : 'fadd' 'fsub'> <InPorts = 2> <OutPorts = 1>

State 20 <SV = 19> <Delay = 6.14>
ST_20 : Operation 90 [1/3] (6.14ns)   --->   "%add3 = fadd i32 %expx, i32 2" [/wrk/ci/prod/2023.2/hls_product/continuous/689/2023.2/src/shared/hls/clib/hlsmath/include/FloatingPoint/hls_tanh.h:71]   --->   Operation 90 'fadd' 'add3' <Predicate = (!icmp_ln36 & !icmp_ln45 & !and_ln46 & tmp_6)> <Delay = 6.14> <CoreInst = "FAddSub_fulldsp">   --->   Core 18 'FAddSub_fulldsp' <Latency = 2> <II = 1> <Delay = 6.14> <FuncUnit> <Opcode : 'fadd' 'fsub'> <InPorts = 2> <OutPorts = 1>

State 21 <SV = 20> <Delay = 7.27>
ST_21 : Operation 91 [6/6] (7.06ns)   --->   "%div = fdiv i32 2, i32 %add3" [/wrk/ci/prod/2023.2/hls_product/continuous/689/2023.2/src/shared/hls/clib/hlsmath/include/FloatingPoint/hls_tanh.h:71]   --->   Operation 91 'fdiv' 'div' <Predicate = (!icmp_ln36 & !icmp_ln45 & !and_ln46 & tmp_6 & !icmp_ln54)> <Delay = 7.06> <CoreInst = "FDiv">   --->   Core 20 'FDiv' <Latency = 5> <II = 1> <Delay = 7.06> <FuncUnit> <Opcode : 'fdiv' 'frem'> <InPorts = 2> <OutPorts = 1>
ST_21 : Operation 92 [1/1] (0.00ns)   --->   "%bitcast_ln66 = bitcast i32 %expx" [/wrk/ci/prod/2023.2/hls_product/continuous/689/2023.2/src/shared/hls/clib/hlsmath/include/FloatingPoint/hls_tanh.h:66]   --->   Operation 92 'bitcast' 'bitcast_ln66' <Predicate = (!icmp_ln36 & !icmp_ln45 & !and_ln46 & tmp_6 & icmp_ln54)> <Delay = 0.00>
ST_21 : Operation 93 [1/1] (0.21ns)   --->   "%xor_ln66 = xor i32 %bitcast_ln66, i32 2147483648" [/wrk/ci/prod/2023.2/hls_product/continuous/689/2023.2/src/shared/hls/clib/hlsmath/include/FloatingPoint/hls_tanh.h:66]   --->   Operation 93 'xor' 'xor_ln66' <Predicate = (!icmp_ln36 & !icmp_ln45 & !and_ln46 & tmp_6 & icmp_ln54)> <Delay = 0.21> <CoreInst = "LogicGate">   --->   Core 74 'LogicGate' <Latency = 0> <II = 1> <Delay = 0.21> <FuncUnit> <Opcode : 'and' 'or' 'xor'> <InPorts = 2> <OutPorts = 1>
ST_21 : Operation 94 [1/1] (0.00ns)   --->   "%bitcast_ln66_1 = bitcast i32 %xor_ln66" [/wrk/ci/prod/2023.2/hls_product/continuous/689/2023.2/src/shared/hls/clib/hlsmath/include/FloatingPoint/hls_tanh.h:66]   --->   Operation 94 'bitcast' 'bitcast_ln66_1' <Predicate = (!icmp_ln36 & !icmp_ln45 & !and_ln46 & tmp_6 & icmp_ln54)> <Delay = 0.00>
ST_21 : Operation 95 [6/6] (7.06ns)   --->   "%resultf_1 = fdiv i32 %bitcast_ln66_1, i32 %add3" [/wrk/ci/prod/2023.2/hls_product/continuous/689/2023.2/src/shared/hls/clib/hlsmath/include/FloatingPoint/hls_tanh.h:66]   --->   Operation 95 'fdiv' 'resultf_1' <Predicate = (!icmp_ln36 & !icmp_ln45 & !and_ln46 & tmp_6 & icmp_ln54)> <Delay = 7.06> <CoreInst = "FDiv">   --->   Core 20 'FDiv' <Latency = 5> <II = 1> <Delay = 7.06> <FuncUnit> <Opcode : 'fdiv' 'frem'> <InPorts = 2> <OutPorts = 1>

State 22 <SV = 21> <Delay = 7.06>
ST_22 : Operation 96 [5/6] (7.06ns)   --->   "%div = fdiv i32 2, i32 %add3" [/wrk/ci/prod/2023.2/hls_product/continuous/689/2023.2/src/shared/hls/clib/hlsmath/include/FloatingPoint/hls_tanh.h:71]   --->   Operation 96 'fdiv' 'div' <Predicate = (!icmp_ln36 & !icmp_ln45 & !and_ln46 & tmp_6 & !icmp_ln54)> <Delay = 7.06> <CoreInst = "FDiv">   --->   Core 20 'FDiv' <Latency = 5> <II = 1> <Delay = 7.06> <FuncUnit> <Opcode : 'fdiv' 'frem'> <InPorts = 2> <OutPorts = 1>
ST_22 : Operation 97 [5/6] (7.06ns)   --->   "%resultf_1 = fdiv i32 %bitcast_ln66_1, i32 %add3" [/wrk/ci/prod/2023.2/hls_product/continuous/689/2023.2/src/shared/hls/clib/hlsmath/include/FloatingPoint/hls_tanh.h:66]   --->   Operation 97 'fdiv' 'resultf_1' <Predicate = (!icmp_ln36 & !icmp_ln45 & !and_ln46 & tmp_6 & icmp_ln54)> <Delay = 7.06> <CoreInst = "FDiv">   --->   Core 20 'FDiv' <Latency = 5> <II = 1> <Delay = 7.06> <FuncUnit> <Opcode : 'fdiv' 'frem'> <InPorts = 2> <OutPorts = 1>

State 23 <SV = 22> <Delay = 7.06>
ST_23 : Operation 98 [4/6] (7.06ns)   --->   "%div = fdiv i32 2, i32 %add3" [/wrk/ci/prod/2023.2/hls_product/continuous/689/2023.2/src/shared/hls/clib/hlsmath/include/FloatingPoint/hls_tanh.h:71]   --->   Operation 98 'fdiv' 'div' <Predicate = (!icmp_ln36 & !icmp_ln45 & !and_ln46 & tmp_6 & !icmp_ln54)> <Delay = 7.06> <CoreInst = "FDiv">   --->   Core 20 'FDiv' <Latency = 5> <II = 1> <Delay = 7.06> <FuncUnit> <Opcode : 'fdiv' 'frem'> <InPorts = 2> <OutPorts = 1>
ST_23 : Operation 99 [4/6] (7.06ns)   --->   "%resultf_1 = fdiv i32 %bitcast_ln66_1, i32 %add3" [/wrk/ci/prod/2023.2/hls_product/continuous/689/2023.2/src/shared/hls/clib/hlsmath/include/FloatingPoint/hls_tanh.h:66]   --->   Operation 99 'fdiv' 'resultf_1' <Predicate = (!icmp_ln36 & !icmp_ln45 & !and_ln46 & tmp_6 & icmp_ln54)> <Delay = 7.06> <CoreInst = "FDiv">   --->   Core 20 'FDiv' <Latency = 5> <II = 1> <Delay = 7.06> <FuncUnit> <Opcode : 'fdiv' 'frem'> <InPorts = 2> <OutPorts = 1>

State 24 <SV = 23> <Delay = 7.06>
ST_24 : Operation 100 [3/6] (7.06ns)   --->   "%div = fdiv i32 2, i32 %add3" [/wrk/ci/prod/2023.2/hls_product/continuous/689/2023.2/src/shared/hls/clib/hlsmath/include/FloatingPoint/hls_tanh.h:71]   --->   Operation 100 'fdiv' 'div' <Predicate = (!icmp_ln36 & !icmp_ln45 & !and_ln46 & tmp_6 & !icmp_ln54)> <Delay = 7.06> <CoreInst = "FDiv">   --->   Core 20 'FDiv' <Latency = 5> <II = 1> <Delay = 7.06> <FuncUnit> <Opcode : 'fdiv' 'frem'> <InPorts = 2> <OutPorts = 1>
ST_24 : Operation 101 [3/6] (7.06ns)   --->   "%resultf_1 = fdiv i32 %bitcast_ln66_1, i32 %add3" [/wrk/ci/prod/2023.2/hls_product/continuous/689/2023.2/src/shared/hls/clib/hlsmath/include/FloatingPoint/hls_tanh.h:66]   --->   Operation 101 'fdiv' 'resultf_1' <Predicate = (!icmp_ln36 & !icmp_ln45 & !and_ln46 & tmp_6 & icmp_ln54)> <Delay = 7.06> <CoreInst = "FDiv">   --->   Core 20 'FDiv' <Latency = 5> <II = 1> <Delay = 7.06> <FuncUnit> <Opcode : 'fdiv' 'frem'> <InPorts = 2> <OutPorts = 1>

State 25 <SV = 24> <Delay = 7.06>
ST_25 : Operation 102 [2/6] (7.06ns)   --->   "%div = fdiv i32 2, i32 %add3" [/wrk/ci/prod/2023.2/hls_product/continuous/689/2023.2/src/shared/hls/clib/hlsmath/include/FloatingPoint/hls_tanh.h:71]   --->   Operation 102 'fdiv' 'div' <Predicate = (!icmp_ln36 & !icmp_ln45 & !and_ln46 & tmp_6 & !icmp_ln54)> <Delay = 7.06> <CoreInst = "FDiv">   --->   Core 20 'FDiv' <Latency = 5> <II = 1> <Delay = 7.06> <FuncUnit> <Opcode : 'fdiv' 'frem'> <InPorts = 2> <OutPorts = 1>
ST_25 : Operation 103 [2/6] (7.06ns)   --->   "%resultf_1 = fdiv i32 %bitcast_ln66_1, i32 %add3" [/wrk/ci/prod/2023.2/hls_product/continuous/689/2023.2/src/shared/hls/clib/hlsmath/include/FloatingPoint/hls_tanh.h:66]   --->   Operation 103 'fdiv' 'resultf_1' <Predicate = (!icmp_ln36 & !icmp_ln45 & !and_ln46 & tmp_6 & icmp_ln54)> <Delay = 7.06> <CoreInst = "FDiv">   --->   Core 20 'FDiv' <Latency = 5> <II = 1> <Delay = 7.06> <FuncUnit> <Opcode : 'fdiv' 'frem'> <InPorts = 2> <OutPorts = 1>

State 26 <SV = 25> <Delay = 7.06>
ST_26 : Operation 104 [1/6] (7.06ns)   --->   "%div = fdiv i32 2, i32 %add3" [/wrk/ci/prod/2023.2/hls_product/continuous/689/2023.2/src/shared/hls/clib/hlsmath/include/FloatingPoint/hls_tanh.h:71]   --->   Operation 104 'fdiv' 'div' <Predicate = (!icmp_ln36 & !icmp_ln45 & !and_ln46 & tmp_6 & !icmp_ln54)> <Delay = 7.06> <CoreInst = "FDiv">   --->   Core 20 'FDiv' <Latency = 5> <II = 1> <Delay = 7.06> <FuncUnit> <Opcode : 'fdiv' 'frem'> <InPorts = 2> <OutPorts = 1>
ST_26 : Operation 105 [1/6] (7.06ns)   --->   "%resultf_1 = fdiv i32 %bitcast_ln66_1, i32 %add3" [/wrk/ci/prod/2023.2/hls_product/continuous/689/2023.2/src/shared/hls/clib/hlsmath/include/FloatingPoint/hls_tanh.h:66]   --->   Operation 105 'fdiv' 'resultf_1' <Predicate = (!icmp_ln36 & !icmp_ln45 & !and_ln46 & tmp_6 & icmp_ln54)> <Delay = 7.06> <CoreInst = "FDiv">   --->   Core 20 'FDiv' <Latency = 5> <II = 1> <Delay = 7.06> <FuncUnit> <Opcode : 'fdiv' 'frem'> <InPorts = 2> <OutPorts = 1>

State 27 <SV = 26> <Delay = 6.14>
ST_27 : Operation 106 [3/3] (6.14ns)   --->   "%resultf_2 = fsub i32 1, i32 %div" [/wrk/ci/prod/2023.2/hls_product/continuous/689/2023.2/src/shared/hls/clib/hlsmath/include/FloatingPoint/hls_tanh.h:71]   --->   Operation 106 'fsub' 'resultf_2' <Predicate = (!icmp_ln36 & !icmp_ln45 & !and_ln46 & tmp_6 & !icmp_ln54)> <Delay = 6.14> <CoreInst = "FAddSub_fulldsp">   --->   Core 18 'FAddSub_fulldsp' <Latency = 2> <II = 1> <Delay = 6.14> <FuncUnit> <Opcode : 'fadd' 'fsub'> <InPorts = 2> <OutPorts = 1>
ST_27 : Operation 107 [1/1] (0.48ns)   --->   "%br_ln67 = br void %if.end38" [/wrk/ci/prod/2023.2/hls_product/continuous/689/2023.2/src/shared/hls/clib/hlsmath/include/FloatingPoint/hls_tanh.h:67]   --->   Operation 107 'br' 'br_ln67' <Predicate = (!icmp_ln36 & !icmp_ln45 & !and_ln46 & tmp_6 & icmp_ln54)> <Delay = 0.48>

State 28 <SV = 27> <Delay = 6.14>
ST_28 : Operation 108 [2/3] (6.14ns)   --->   "%resultf_2 = fsub i32 1, i32 %div" [/wrk/ci/prod/2023.2/hls_product/continuous/689/2023.2/src/shared/hls/clib/hlsmath/include/FloatingPoint/hls_tanh.h:71]   --->   Operation 108 'fsub' 'resultf_2' <Predicate = (!icmp_ln36 & !icmp_ln45 & !and_ln46 & tmp_6 & !icmp_ln54)> <Delay = 6.14> <CoreInst = "FAddSub_fulldsp">   --->   Core 18 'FAddSub_fulldsp' <Latency = 2> <II = 1> <Delay = 6.14> <FuncUnit> <Opcode : 'fadd' 'fsub'> <InPorts = 2> <OutPorts = 1>
ST_28 : Operation 109 [1/1] (0.22ns)   --->   "%select_ln38 = select i1 %icmp_ln38, i32 nan, i32 1" [/wrk/ci/prod/2023.2/hls_product/continuous/689/2023.2/src/shared/hls/clib/hlsmath/include/FloatingPoint/hls_tanh.h:38]   --->   Operation 109 'select' 'select_ln38' <Predicate = (icmp_ln36)> <Delay = 0.22> <CoreInst = "Sel">   --->   Core 73 'Sel' <Latency = 0> <II = 1> <Delay = 0.22> <FuncUnit> <Opcode : 'select'> <InPorts = 3> <OutPorts = 1>
ST_28 : Operation 110 [1/1] (0.48ns)   --->   "%br_ln38 = br void %if.end38" [/wrk/ci/prod/2023.2/hls_product/continuous/689/2023.2/src/shared/hls/clib/hlsmath/include/FloatingPoint/hls_tanh.h:38]   --->   Operation 110 'br' 'br_ln38' <Predicate = (icmp_ln36)> <Delay = 0.48>

State 29 <SV = 28> <Delay = 6.86>
ST_29 : Operation 111 [1/3] (6.14ns)   --->   "%resultf_2 = fsub i32 1, i32 %div" [/wrk/ci/prod/2023.2/hls_product/continuous/689/2023.2/src/shared/hls/clib/hlsmath/include/FloatingPoint/hls_tanh.h:71]   --->   Operation 111 'fsub' 'resultf_2' <Predicate = (!icmp_ln36 & !icmp_ln45 & !and_ln46 & tmp_6 & !icmp_ln54)> <Delay = 6.14> <CoreInst = "FAddSub_fulldsp">   --->   Core 18 'FAddSub_fulldsp' <Latency = 2> <II = 1> <Delay = 6.14> <FuncUnit> <Opcode : 'fadd' 'fsub'> <InPorts = 2> <OutPorts = 1>
ST_29 : Operation 112 [1/1] (0.48ns)   --->   "%br_ln0 = br void %if.end38"   --->   Operation 112 'br' 'br_ln0' <Predicate = (!icmp_ln36 & !icmp_ln45 & !and_ln46 & tmp_6 & !icmp_ln54)> <Delay = 0.48>
ST_29 : Operation 113 [1/1] (0.00ns)   --->   "%resultf_3 = phi i32 %resultf, void %if.then12, i32 %resultf_1, void %if.then25, i32 %resultf_2, void %if.else28, i32 %select_ln38, void %if.then, i32 1, void %if.else13"   --->   Operation 113 'phi' 'resultf_3' <Predicate = true> <Delay = 0.00>
ST_29 : Operation 114 [1/1] (0.00ns) (grouped into LUT with out node select_ln79)   --->   "%bitcast_ln83 = bitcast i32 %resultf_3" [/wrk/ci/prod/2023.2/hls_product/continuous/689/2023.2/src/shared/hls/clib/hlsmath/include/FloatingPoint/hls_tanh.h:83]   --->   Operation 114 'bitcast' 'bitcast_ln83' <Predicate = (din_sign)> <Delay = 0.00>
ST_29 : Operation 115 [1/1] (0.00ns) (grouped into LUT with out node select_ln79)   --->   "%xor_ln83 = xor i32 %bitcast_ln83, i32 2147483648" [/wrk/ci/prod/2023.2/hls_product/continuous/689/2023.2/src/shared/hls/clib/hlsmath/include/FloatingPoint/hls_tanh.h:83]   --->   Operation 115 'xor' 'xor_ln83' <Predicate = (din_sign)> <Delay = 0.00> <CoreInst = "LogicGate">   --->   Core 74 'LogicGate' <Latency = 0> <II = 1> <Delay = 0.21> <FuncUnit> <Opcode : 'and' 'or' 'xor'> <InPorts = 2> <OutPorts = 1>
ST_29 : Operation 116 [1/1] (0.00ns) (grouped into LUT with out node select_ln79)   --->   "%bitcast_ln83_1 = bitcast i32 %xor_ln83" [/wrk/ci/prod/2023.2/hls_product/continuous/689/2023.2/src/shared/hls/clib/hlsmath/include/FloatingPoint/hls_tanh.h:83]   --->   Operation 116 'bitcast' 'bitcast_ln83_1' <Predicate = (din_sign)> <Delay = 0.00>
ST_29 : Operation 117 [1/1] (0.22ns) (out node of the LUT)   --->   "%select_ln79 = select i1 %din_sign, i32 %bitcast_ln83_1, i32 %resultf_3" [/wrk/ci/prod/2023.2/hls_product/continuous/689/2023.2/src/shared/hls/clib/hlsmath/include/FloatingPoint/hls_tanh.h:79]   --->   Operation 117 'select' 'select_ln79' <Predicate = true> <Delay = 0.22> <CoreInst = "Sel">   --->   Core 73 'Sel' <Latency = 0> <II = 1> <Delay = 0.22> <FuncUnit> <Opcode : 'select'> <InPorts = 3> <OutPorts = 1>
ST_29 : Operation 118 [1/1] (0.00ns)   --->   "%ret_ln85 = ret i32 %select_ln79" [/wrk/ci/prod/2023.2/hls_product/continuous/689/2023.2/src/shared/hls/clib/hlsmath/include/FloatingPoint/hls_tanh.h:85]   --->   Operation 118 'ret' 'ret_ln85' <Predicate = true> <Delay = 0.00>


============================================================
+ Verbose Summary: Timing violations
============================================================
Target clock period: 10.000ns, clock uncertainty: 2.700ns.

 <State 1>: 6.992ns
The critical path consists of the following:
	wire read operation ('t_in', /wrk/ci/prod/2023.2/hls_product/continuous/689/2023.2/src/shared/hls/clib/hlsmath/include/FloatingPoint/hls_tanh.h:28) on port 't_in' (/wrk/ci/prod/2023.2/hls_product/continuous/689/2023.2/src/shared/hls/clib/hlsmath/include/FloatingPoint/hls_tanh.h:28) [5]  (0.000 ns)
	'fcmp' operation 1 bit ('tmp_6', /wrk/ci/prod/2023.2/hls_product/continuous/689/2023.2/src/shared/hls/clib/hlsmath/include/FloatingPoint/hls_tanh.h:51) [24]  (6.870 ns)
	blocking operation 0.122 ns on control path)

 <State 2>: 6.149ns
The critical path consists of the following:
	'fadd' operation 32 bit ('add', /wrk/ci/prod/2023.2/hls_product/continuous/689/2023.2/src/shared/hls/clib/hlsmath/include/FloatingPoint/hls_tanh.h:49) [61]  (6.149 ns)

 <State 3>: 6.376ns
The critical path consists of the following:
	'fsub' operation 32 bit ('x', /wrk/ci/prod/2023.2/hls_product/continuous/689/2023.2/src/shared/hls/clib/hlsmath/include/FloatingPoint/hls_tanh.h:55) [30]  (6.149 ns)
	'select' operation 32 bit ('x', /wrk/ci/prod/2023.2/hls_product/continuous/689/2023.2/src/shared/hls/clib/hlsmath/include/FloatingPoint/hls_tanh.h:54) [32]  (0.227 ns)

 <State 4>: 6.415ns
The critical path consists of the following:
	'fpext' operation 64 bit ('xd', /wrk/ci/prod/2023.2/hls_product/continuous/689/2023.2/src/shared/hls/clib/hlsmath/src/common/hls_exp_float.cpp:11->/wrk/ci/prod/2023.2/hls_product/continuous/689/2023.2/src/shared/hls/clib/hlsmath/include/FloatingPoint/hls_tanh.h:61) [41]  (6.415 ns)

 <State 5>: 5.387ns
The critical path consists of the following:
	'fmul' operation 32 bit ('resultf', /wrk/ci/prod/2023.2/hls_product/continuous/689/2023.2/src/shared/hls/clib/hlsmath/include/FloatingPoint/hls_tanh.h:49) [62]  (4.901 ns)
	multiplexor before 'phi' operation 32 bit ('resultf') with incoming values : ('resultf', /wrk/ci/prod/2023.2/hls_product/continuous/689/2023.2/src/shared/hls/clib/hlsmath/include/FloatingPoint/hls_tanh.h:71) ('resultf', /wrk/ci/prod/2023.2/hls_product/continuous/689/2023.2/src/shared/hls/clib/hlsmath/include/FloatingPoint/hls_tanh.h:66) ('resultf', /wrk/ci/prod/2023.2/hls_product/continuous/689/2023.2/src/shared/hls/clib/hlsmath/include/FloatingPoint/hls_tanh.h:49) ('select_ln38', /wrk/ci/prod/2023.2/hls_product/continuous/689/2023.2/src/shared/hls/clib/hlsmath/include/FloatingPoint/hls_tanh.h:38) [69]  (0.486 ns)

 <State 6>: 6.995ns
The critical path consists of the following:
	'call' operation 64 bit ('tmp_s', /wrk/ci/prod/2023.2/hls_product/continuous/689/2023.2/src/shared/hls/clib/hlsmath/src/common/hls_exp_float.cpp:12->/wrk/ci/prod/2023.2/hls_product/continuous/689/2023.2/src/shared/hls/clib/hlsmath/include/FloatingPoint/hls_tanh.h:61) to 'exp_generic<double>' [42]  (6.995 ns)

 <State 7>: 6.995ns
The critical path consists of the following:
	'call' operation 64 bit ('tmp_s', /wrk/ci/prod/2023.2/hls_product/continuous/689/2023.2/src/shared/hls/clib/hlsmath/src/common/hls_exp_float.cpp:12->/wrk/ci/prod/2023.2/hls_product/continuous/689/2023.2/src/shared/hls/clib/hlsmath/include/FloatingPoint/hls_tanh.h:61) to 'exp_generic<double>' [42]  (6.995 ns)

 <State 8>: 6.995ns
The critical path consists of the following:
	'call' operation 64 bit ('tmp_s', /wrk/ci/prod/2023.2/hls_product/continuous/689/2023.2/src/shared/hls/clib/hlsmath/src/common/hls_exp_float.cpp:12->/wrk/ci/prod/2023.2/hls_product/continuous/689/2023.2/src/shared/hls/clib/hlsmath/include/FloatingPoint/hls_tanh.h:61) to 'exp_generic<double>' [42]  (6.995 ns)

 <State 9>: 6.995ns
The critical path consists of the following:
	'call' operation 64 bit ('tmp_s', /wrk/ci/prod/2023.2/hls_product/continuous/689/2023.2/src/shared/hls/clib/hlsmath/src/common/hls_exp_float.cpp:12->/wrk/ci/prod/2023.2/hls_product/continuous/689/2023.2/src/shared/hls/clib/hlsmath/include/FloatingPoint/hls_tanh.h:61) to 'exp_generic<double>' [42]  (6.995 ns)

 <State 10>: 6.995ns
The critical path consists of the following:
	'call' operation 64 bit ('tmp_s', /wrk/ci/prod/2023.2/hls_product/continuous/689/2023.2/src/shared/hls/clib/hlsmath/src/common/hls_exp_float.cpp:12->/wrk/ci/prod/2023.2/hls_product/continuous/689/2023.2/src/shared/hls/clib/hlsmath/include/FloatingPoint/hls_tanh.h:61) to 'exp_generic<double>' [42]  (6.995 ns)

 <State 11>: 6.995ns
The critical path consists of the following:
	'call' operation 64 bit ('tmp_s', /wrk/ci/prod/2023.2/hls_product/continuous/689/2023.2/src/shared/hls/clib/hlsmath/src/common/hls_exp_float.cpp:12->/wrk/ci/prod/2023.2/hls_product/continuous/689/2023.2/src/shared/hls/clib/hlsmath/include/FloatingPoint/hls_tanh.h:61) to 'exp_generic<double>' [42]  (6.995 ns)

 <State 12>: 6.987ns
The critical path consists of the following:
	'call' operation 64 bit ('tmp_s', /wrk/ci/prod/2023.2/hls_product/continuous/689/2023.2/src/shared/hls/clib/hlsmath/src/common/hls_exp_float.cpp:12->/wrk/ci/prod/2023.2/hls_product/continuous/689/2023.2/src/shared/hls/clib/hlsmath/include/FloatingPoint/hls_tanh.h:61) to 'exp_generic<double>' [42]  (6.987 ns)

 <State 13>: 7.088ns
The critical path consists of the following:
	'dadd' operation 64 bit ('sub_i', /wrk/ci/prod/2023.2/hls_product/continuous/689/2023.2/src/shared/hls/clib/hlsmath/src/common/hls_exp_float.cpp:12->/wrk/ci/prod/2023.2/hls_product/continuous/689/2023.2/src/shared/hls/clib/hlsmath/include/FloatingPoint/hls_tanh.h:61) [43]  (7.088 ns)

 <State 14>: 7.088ns
The critical path consists of the following:
	'dadd' operation 64 bit ('sub_i', /wrk/ci/prod/2023.2/hls_product/continuous/689/2023.2/src/shared/hls/clib/hlsmath/src/common/hls_exp_float.cpp:12->/wrk/ci/prod/2023.2/hls_product/continuous/689/2023.2/src/shared/hls/clib/hlsmath/include/FloatingPoint/hls_tanh.h:61) [43]  (7.088 ns)

 <State 15>: 7.088ns
The critical path consists of the following:
	'dadd' operation 64 bit ('sub_i', /wrk/ci/prod/2023.2/hls_product/continuous/689/2023.2/src/shared/hls/clib/hlsmath/src/common/hls_exp_float.cpp:12->/wrk/ci/prod/2023.2/hls_product/continuous/689/2023.2/src/shared/hls/clib/hlsmath/include/FloatingPoint/hls_tanh.h:61) [43]  (7.088 ns)

 <State 16>: 1.825ns
The critical path consists of the following:
	'fptrunc' operation 32 bit ('conv6_i', /wrk/ci/prod/2023.2/hls_product/continuous/689/2023.2/src/shared/hls/clib/hlsmath/src/common/hls_exp_float.cpp:12->/wrk/ci/prod/2023.2/hls_product/continuous/689/2023.2/src/shared/hls/clib/hlsmath/include/FloatingPoint/hls_tanh.h:61) [44]  (1.825 ns)

 <State 17>: 2.245ns
The critical path consists of the following:
	'fptrunc' operation 32 bit ('conv6_i', /wrk/ci/prod/2023.2/hls_product/continuous/689/2023.2/src/shared/hls/clib/hlsmath/src/common/hls_exp_float.cpp:12->/wrk/ci/prod/2023.2/hls_product/continuous/689/2023.2/src/shared/hls/clib/hlsmath/include/FloatingPoint/hls_tanh.h:61) [44]  (1.825 ns)
	multiplexor before 'phi' operation 32 bit ('dc') with incoming values : ('x', /wrk/ci/prod/2023.2/hls_product/continuous/689/2023.2/src/shared/hls/clib/hlsmath/include/FloatingPoint/hls_tanh.h:54) ('conv6_i', /wrk/ci/prod/2023.2/hls_product/continuous/689/2023.2/src/shared/hls/clib/hlsmath/src/common/hls_exp_float.cpp:12->/wrk/ci/prod/2023.2/hls_product/continuous/689/2023.2/src/shared/hls/clib/hlsmath/include/FloatingPoint/hls_tanh.h:61) [47]  (0.420 ns)

 <State 18>: 6.149ns
The critical path consists of the following:
	'phi' operation 32 bit ('dc') with incoming values : ('x', /wrk/ci/prod/2023.2/hls_product/continuous/689/2023.2/src/shared/hls/clib/hlsmath/include/FloatingPoint/hls_tanh.h:54) ('conv6_i', /wrk/ci/prod/2023.2/hls_product/continuous/689/2023.2/src/shared/hls/clib/hlsmath/src/common/hls_exp_float.cpp:12->/wrk/ci/prod/2023.2/hls_product/continuous/689/2023.2/src/shared/hls/clib/hlsmath/include/FloatingPoint/hls_tanh.h:61) [47]  (0.000 ns)
	'fadd' operation 32 bit ('add3', /wrk/ci/prod/2023.2/hls_product/continuous/689/2023.2/src/shared/hls/clib/hlsmath/include/FloatingPoint/hls_tanh.h:71) [48]  (6.149 ns)

 <State 19>: 6.149ns
The critical path consists of the following:
	'fadd' operation 32 bit ('add3', /wrk/ci/prod/2023.2/hls_product/continuous/689/2023.2/src/shared/hls/clib/hlsmath/include/FloatingPoint/hls_tanh.h:71) [48]  (6.149 ns)

 <State 20>: 6.149ns
The critical path consists of the following:
	'fadd' operation 32 bit ('add3', /wrk/ci/prod/2023.2/hls_product/continuous/689/2023.2/src/shared/hls/clib/hlsmath/include/FloatingPoint/hls_tanh.h:71) [48]  (6.149 ns)

 <State 21>: 7.279ns
The critical path consists of the following:
	'xor' operation 32 bit ('xor_ln66', /wrk/ci/prod/2023.2/hls_product/continuous/689/2023.2/src/shared/hls/clib/hlsmath/include/FloatingPoint/hls_tanh.h:66) [56]  (0.210 ns)
	'fdiv' operation 32 bit ('resultf', /wrk/ci/prod/2023.2/hls_product/continuous/689/2023.2/src/shared/hls/clib/hlsmath/include/FloatingPoint/hls_tanh.h:66) [58]  (7.069 ns)

 <State 22>: 7.069ns
The critical path consists of the following:
	'fdiv' operation 32 bit ('div', /wrk/ci/prod/2023.2/hls_product/continuous/689/2023.2/src/shared/hls/clib/hlsmath/include/FloatingPoint/hls_tanh.h:71) [51]  (7.069 ns)

 <State 23>: 7.069ns
The critical path consists of the following:
	'fdiv' operation 32 bit ('div', /wrk/ci/prod/2023.2/hls_product/continuous/689/2023.2/src/shared/hls/clib/hlsmath/include/FloatingPoint/hls_tanh.h:71) [51]  (7.069 ns)

 <State 24>: 7.069ns
The critical path consists of the following:
	'fdiv' operation 32 bit ('div', /wrk/ci/prod/2023.2/hls_product/continuous/689/2023.2/src/shared/hls/clib/hlsmath/include/FloatingPoint/hls_tanh.h:71) [51]  (7.069 ns)

 <State 25>: 7.069ns
The critical path consists of the following:
	'fdiv' operation 32 bit ('div', /wrk/ci/prod/2023.2/hls_product/continuous/689/2023.2/src/shared/hls/clib/hlsmath/include/FloatingPoint/hls_tanh.h:71) [51]  (7.069 ns)

 <State 26>: 7.069ns
The critical path consists of the following:
	'fdiv' operation 32 bit ('div', /wrk/ci/prod/2023.2/hls_product/continuous/689/2023.2/src/shared/hls/clib/hlsmath/include/FloatingPoint/hls_tanh.h:71) [51]  (7.069 ns)

 <State 27>: 6.149ns
The critical path consists of the following:
	'fsub' operation 32 bit ('resultf', /wrk/ci/prod/2023.2/hls_product/continuous/689/2023.2/src/shared/hls/clib/hlsmath/include/FloatingPoint/hls_tanh.h:71) [52]  (6.149 ns)

 <State 28>: 6.149ns
The critical path consists of the following:
	'fsub' operation 32 bit ('resultf', /wrk/ci/prod/2023.2/hls_product/continuous/689/2023.2/src/shared/hls/clib/hlsmath/include/FloatingPoint/hls_tanh.h:71) [52]  (6.149 ns)

 <State 29>: 6.862ns
The critical path consists of the following:
	'fsub' operation 32 bit ('resultf', /wrk/ci/prod/2023.2/hls_product/continuous/689/2023.2/src/shared/hls/clib/hlsmath/include/FloatingPoint/hls_tanh.h:71) [52]  (6.149 ns)
	multiplexor before 'phi' operation 32 bit ('resultf') with incoming values : ('resultf', /wrk/ci/prod/2023.2/hls_product/continuous/689/2023.2/src/shared/hls/clib/hlsmath/include/FloatingPoint/hls_tanh.h:71) ('resultf', /wrk/ci/prod/2023.2/hls_product/continuous/689/2023.2/src/shared/hls/clib/hlsmath/include/FloatingPoint/hls_tanh.h:66) ('resultf', /wrk/ci/prod/2023.2/hls_product/continuous/689/2023.2/src/shared/hls/clib/hlsmath/include/FloatingPoint/hls_tanh.h:49) ('select_ln38', /wrk/ci/prod/2023.2/hls_product/continuous/689/2023.2/src/shared/hls/clib/hlsmath/include/FloatingPoint/hls_tanh.h:38) [69]  (0.486 ns)
	'phi' operation 32 bit ('resultf') with incoming values : ('resultf', /wrk/ci/prod/2023.2/hls_product/continuous/689/2023.2/src/shared/hls/clib/hlsmath/include/FloatingPoint/hls_tanh.h:71) ('resultf', /wrk/ci/prod/2023.2/hls_product/continuous/689/2023.2/src/shared/hls/clib/hlsmath/include/FloatingPoint/hls_tanh.h:66) ('resultf', /wrk/ci/prod/2023.2/hls_product/continuous/689/2023.2/src/shared/hls/clib/hlsmath/include/FloatingPoint/hls_tanh.h:49) ('select_ln38', /wrk/ci/prod/2023.2/hls_product/continuous/689/2023.2/src/shared/hls/clib/hlsmath/include/FloatingPoint/hls_tanh.h:38) [69]  (0.000 ns)
	'select' operation 32 bit ('select_ln79', /wrk/ci/prod/2023.2/hls_product/continuous/689/2023.2/src/shared/hls/clib/hlsmath/include/FloatingPoint/hls_tanh.h:79) [73]  (0.227 ns)


============================================================
+ Verbose Summary: Binding
============================================================
N/A
* FSMD analyzer results:
  - Output states:
 - Input state : 
  - Chain level:
	State 1
	State 2
	State 3
	State 4
	State 5
	State 6
	State 7
	State 8
	State 9
	State 10
	State 11
	State 12
	State 13
	State 14
	State 15
	State 16
	State 17
	State 18
	State 19
	State 20
	State 21
	State 22
	State 23
	State 24
	State 25
	State 26
	State 27
	State 28
	State 29


============================================================
+ Verbose Summary: Datapath Resource usage 
============================================================
N/A
