

================================================================
== Vitis HLS Report for 'layer_norm'
================================================================
* Date:           Wed Feb  5 22:35:29 2025

* Version:        2023.2 (Build 4023990 on Oct 11 2023)
* Project:        DitBlock
* Solution:       hls (Vivado IP Flow Target)
* Product family: virtexuplusHBM
* Target device:  xcu280-fsvh2892-2L-e


================================================================
== Performance Estimates
================================================================
+ Timing: 
    * Summary: 
    +--------+----------+----------+------------+
    |  Clock |  Target  | Estimated| Uncertainty|
    +--------+----------+----------+------------+
    |ap_clk  |  10.00 ns|  7.088 ns|     2.70 ns|
    +--------+----------+----------+------------+

+ Latency: 
    * Summary: 
    +---------+---------+-----------+-----------+---------+---------+---------+
    |  Latency (cycles) |   Latency (absolute)  |      Interval     | Pipeline|
    |   min   |   max   |    min    |    max    |   min   |   max   |   Type  |
    +---------+---------+-----------+-----------+---------+---------+---------+
    |  1606681|  1606681|  16.067 ms|  16.067 ms|  1606681|  1606681|       no|
    +---------+---------+-----------+-----------+---------+---------+---------+

    + Detail: 
        * Instance: 
        +------------------------------------------------+--------------------------------------+---------+---------+-----------+-----------+---------+---------+---------+
        |                                                |                                      |  Latency (cycles) |   Latency (absolute)  |      Interval     | Pipeline|
        |                    Instance                    |                Module                |   min   |   max   |    min    |    max    |   min   |   max   |   Type  |
        +------------------------------------------------+--------------------------------------+---------+---------+-----------+-----------+---------+---------+---------+
        |grp_layer_norm_Pipeline_VITIS_LOOP_617_1_fu_90  |layer_norm_Pipeline_VITIS_LOOP_617_1  |     1026|     1026|  10.260 us|  10.260 us|     1026|     1026|       no|
        |grp_layer_norm_Pipeline_VITIS_LOOP_621_2_fu_96  |layer_norm_Pipeline_VITIS_LOOP_621_2  |     1026|     1026|  10.260 us|  10.260 us|     1026|     1026|       no|
        |grp_layer_norm_Pipeline_l_sum_i2_l_j1_fu_102    |layer_norm_Pipeline_l_sum_i2_l_j1     |  1048584|  1048584|  10.486 ms|  10.486 ms|  1048584|  1048584|       no|
        |grp_layer_norm_Pipeline_l_mean_var_i3_fu_110    |layer_norm_Pipeline_l_mean_var_i3     |     1033|     1033|  10.330 us|  10.330 us|     1033|     1033|       no|
        |grp_layer_norm_Pipeline_l_j2_fu_117             |layer_norm_Pipeline_l_j2              |      527|      527|   5.270 us|   5.270 us|      527|      527|       no|
        +------------------------------------------------+--------------------------------------+---------+---------+-----------+-----------+---------+---------+---------+

        * Loop: 
        +-------------+---------+---------+----------+-----------+-----------+------+----------+
        |             |  Latency (cycles) | Iteration|  Initiation Interval  | Trip |          |
        |  Loop Name  |   min   |   max   |  Latency |  achieved |   target  | Count| Pipelined|
        +-------------+---------+---------+----------+-----------+-----------+------+----------+
        |- l_norm_i4  |   556032|   556032|       543|          -|          -|  1024|        no|
        +-------------+---------+---------+----------+-----------+-----------+------+----------+



================================================================
== Utilization Estimates
================================================================
* Summary: 
+---------------------+---------+------+---------+---------+-----+
|         Name        | BRAM_18K|  DSP |    FF   |   LUT   | URAM|
+---------------------+---------+------+---------+---------+-----+
|DSP                  |        -|     -|        -|        -|    -|
|Expression           |        -|     -|        0|       39|    -|
|FIFO                 |        -|     -|        -|        -|    -|
|Instance             |        -|    16|     2312|     2291|    -|
|Memory               |        6|     -|        0|        0|    0|
|Multiplexer          |        -|     -|        -|      518|    -|
|Register             |        -|     -|      314|        -|    -|
+---------------------+---------+------+---------+---------+-----+
|Total                |        6|    16|     2626|     2848|    0|
+---------------------+---------+------+---------+---------+-----+
|Available SLR        |     1344|  3008|   869120|   434560|  320|
+---------------------+---------+------+---------+---------+-----+
|Utilization SLR (%)  |       ~0|    ~0|       ~0|       ~0|    0|
+---------------------+---------+------+---------+---------+-----+
|Available            |     4032|  9024|  2607360|  1303680|  960|
+---------------------+---------+------+---------+---------+-----+
|Utilization (%)      |       ~0|    ~0|       ~0|       ~0|    0|
+---------------------+---------+------+---------+---------+-----+

+ Detail: 
    * Instance: 
    +------------------------------------------------+--------------------------------------+---------+----+-----+-----+-----+
    |                    Instance                    |                Module                | BRAM_18K| DSP|  FF | LUT | URAM|
    +------------------------------------------------+--------------------------------------+---------+----+-----+-----+-----+
    |dadd_64ns_64ns_64_3_full_dsp_1_U228             |dadd_64ns_64ns_64_3_full_dsp_1        |        0|   3|  343|  708|    0|
    |faddfsub_32ns_32ns_32_3_full_dsp_1_U229         |faddfsub_32ns_32ns_32_3_full_dsp_1    |        0|   2|  177|  226|    0|
    |fmul_32ns_32ns_32_2_max_dsp_1_U230              |fmul_32ns_32ns_32_2_max_dsp_1         |        0|   3|  128|   77|    0|
    |fpext_32ns_64_1_no_dsp_1_U226                   |fpext_32ns_64_1_no_dsp_1              |        0|   0|    0|    0|    0|
    |fptrunc_64ns_32_2_no_dsp_1_U225                 |fptrunc_64ns_32_2_no_dsp_1            |        0|   0|    0|    0|    0|
    |fsqrt_32ns_32ns_32_6_no_dsp_1_U227              |fsqrt_32ns_32ns_32_6_no_dsp_1         |        0|   0|    0|    0|    0|
    |grp_layer_norm_Pipeline_VITIS_LOOP_617_1_fu_90  |layer_norm_Pipeline_VITIS_LOOP_617_1  |        0|   0|   13|   64|    0|
    |grp_layer_norm_Pipeline_VITIS_LOOP_621_2_fu_96  |layer_norm_Pipeline_VITIS_LOOP_621_2  |        0|   0|   13|   64|    0|
    |grp_layer_norm_Pipeline_l_j2_fu_117             |layer_norm_Pipeline_l_j2              |        0|   2|  427|  357|    0|
    |grp_layer_norm_Pipeline_l_mean_var_i3_fu_110    |layer_norm_Pipeline_l_mean_var_i3     |        0|   6|  591|  293|    0|
    |grp_layer_norm_Pipeline_l_sum_i2_l_j1_fu_102    |layer_norm_Pipeline_l_sum_i2_l_j1     |        0|   0|  620|  502|    0|
    +------------------------------------------------+--------------------------------------+---------+----+-----+-----+-----+
    |Total                                           |                                      |        0|  16| 2312| 2291|    0|
    +------------------------------------------------+--------------------------------------+---------+----+-----+-----+-----+

    * DSP: 
    N/A

    * Memory: 
    +---------+--------------------------------+---------+---+----+-----+------+-----+------+-------------+
    |  Memory |             Module             | BRAM_18K| FF| LUT| URAM| Words| Bits| Banks| W*Bits*Banks|
    +---------+--------------------------------+---------+---+----+-----+------+-----+------+-------------+
    |mean2_U  |layer_norm_mean2_RAM_AUTO_1R1W  |        2|  0|   0|    0|  1024|   32|     1|        32768|
    |mean_U   |layer_norm_mean_RAM_AUTO_1R1W   |        2|  0|   0|    0|  1024|   32|     1|        32768|
    |var_U    |layer_norm_var_RAM_AUTO_1R1W    |        2|  0|   0|    0|  1024|   32|     1|        32768|
    +---------+--------------------------------+---------+---+----+-----+------+-----+------+-------------+
    |Total    |                                |        6|  0|   0|    0|  3072|   96|     3|        98304|
    +---------+--------------------------------+---------+---+----+-----+------+-----+------+-------------+

    * FIFO: 
    N/A

    * Expression: 
    +---------------------------------+----------+----+---+----+------------+------------+
    |          Variable Name          | Operation| DSP| FF| LUT| Bitwidth P0| Bitwidth P1|
    +---------------------------------+----------+----+---+----+------------+------------+
    |add_ln651_fu_162_p2              |         +|   0|  0|  18|          11|           1|
    |icmp_ln651_fu_156_p2             |      icmp|   0|  0|  19|          11|          12|
    |ap_block_state2_on_subcall_done  |        or|   0|  0|   2|           1|           1|
    +---------------------------------+----------+----+---+----+------------+------------+
    |Total                            |          |   0|  0|  39|          23|          14|
    +---------------------------------+----------+----+---+----+------------+------------+

    * Multiplexer: 
    +-------------------+-----+-----------+-----+-----------+
    |        Name       | LUT | Input Size| Bits| Total Bits|
    +-------------------+-----+-----------+-----+-----------+
    |ap_NS_fsm          |  113|         23|    1|         23|
    |grp_fu_247_ce      |   20|          4|    1|          4|
    |grp_fu_247_opcode  |   20|          4|    2|          8|
    |grp_fu_247_p0      |   20|          4|   32|        128|
    |grp_fu_247_p1      |   20|          4|   32|        128|
    |grp_fu_251_ce      |   14|          3|    1|          3|
    |grp_fu_251_p0      |   14|          3|   32|         96|
    |grp_fu_251_p1      |   14|          3|   32|         96|
    |i4_fu_50           |    9|          2|   11|         22|
    |mean2_address0     |   20|          4|   10|         40|
    |mean2_address1     |   14|          3|   10|         30|
    |mean2_ce0          |   20|          4|    1|          4|
    |mean2_ce1          |   14|          3|    1|          3|
    |mean2_d0           |   20|          4|   32|        128|
    |mean2_we0          |   20|          4|    1|          4|
    |mean_address0      |   26|          5|   10|         50|
    |mean_ce0           |   26|          5|    1|          5|
    |mean_ce1           |    9|          2|    1|          2|
    |mean_d0            |   20|          4|   32|        128|
    |mean_we0           |   20|          4|    1|          4|
    |v262_address0      |   14|          3|   19|         57|
    |v262_ce0           |   14|          3|    1|          3|
    |var_address0       |   14|          3|   10|         30|
    |var_ce0            |   14|          3|    1|          3|
    |var_we0            |    9|          2|    1|          2|
    +-------------------+-----+-----------+-----+-----------+
    |Total              |  518|        106|  276|       1001|
    +-------------------+-----+-----------+-----+-----------+

    * Register: 
    +-------------------------------------------------------------+----+----+-----+-----------+
    |                             Name                            | FF | LUT| Bits| Const Bits|
    +-------------------------------------------------------------+----+----+-----+-----------+
    |add_reg_227                                                  |  64|   0|   64|          0|
    |ap_CS_fsm                                                    |  22|   0|   22|          0|
    |conv_reg_222                                                 |  64|   0|   64|          0|
    |grp_layer_norm_Pipeline_VITIS_LOOP_617_1_fu_90_ap_start_reg  |   1|   0|    1|          0|
    |grp_layer_norm_Pipeline_VITIS_LOOP_621_2_fu_96_ap_start_reg  |   1|   0|    1|          0|
    |grp_layer_norm_Pipeline_l_j2_fu_117_ap_start_reg             |   1|   0|    1|          0|
    |grp_layer_norm_Pipeline_l_mean_var_i3_fu_110_ap_start_reg    |   1|   0|    1|          0|
    |grp_layer_norm_Pipeline_l_sum_i2_l_j1_fu_102_ap_start_reg    |   1|   0|    1|          0|
    |i4_fu_50                                                     |  11|   0|   11|          0|
    |mean_load_reg_212                                            |  32|   0|   32|          0|
    |tmp_s_reg_242                                                |  10|   0|   19|          9|
    |trunc_ln651_reg_194                                          |  10|   0|   10|          0|
    |v1_reg_237                                                   |  32|   0|   32|          0|
    |v_reg_232                                                    |  32|   0|   32|          0|
    |var_load_reg_217                                             |  32|   0|   32|          0|
    +-------------------------------------------------------------+----+----+-----+-----------+
    |Total                                                        | 314|   0|  323|          9|
    +-------------------------------------------------------------+----+----+-----+-----------+



================================================================
== Interface
================================================================
* Summary: 
+---------------+-----+-----+------------+--------------+--------------+
|   RTL Ports   | Dir | Bits|  Protocol  | Source Object|    C Type    |
+---------------+-----+-----+------------+--------------+--------------+
|ap_clk         |   in|    1|  ap_ctrl_hs|    layer_norm|  return value|
|ap_rst         |   in|    1|  ap_ctrl_hs|    layer_norm|  return value|
|ap_start       |   in|    1|  ap_ctrl_hs|    layer_norm|  return value|
|ap_done        |  out|    1|  ap_ctrl_hs|    layer_norm|  return value|
|ap_idle        |  out|    1|  ap_ctrl_hs|    layer_norm|  return value|
|ap_ready       |  out|    1|  ap_ctrl_hs|    layer_norm|  return value|
|v262_address0  |  out|   19|   ap_memory|          v262|         array|
|v262_ce0       |  out|    1|   ap_memory|          v262|         array|
|v262_q0        |   in|   32|   ap_memory|          v262|         array|
|v265_address1  |  out|   19|   ap_memory|          v265|         array|
|v265_ce1       |  out|    1|   ap_memory|          v265|         array|
|v265_we1       |  out|    1|   ap_memory|          v265|         array|
|v265_d1        |  out|   32|   ap_memory|          v265|         array|
+---------------+-----+-----+------------+--------------+--------------+

============================================================
+ Verbose Summary: Synthesis Manager
============================================================
InlineROM: 1
ExposeGlobal: 0
============================================================
+ Verbose Summary: CDFG Model
============================================================
IsTopModel: 0
ResetActiveHigh: 1
IsCombinational: 2
IsDatapathOnly: 2
HasWiredReturn: 1
HasMFsm: 0
HasVarLatency: 1
IsPipeline: 0
IsRtlPipelined: 0
IsInstanceOverlapped: 0
IsDontTouch: 0
HasImplIP: 0
IsGatedGlobalClock: 0


============================================================
+ Verbose Summary: Schedule
============================================================
* Number of FSM states : 22
* Pipeline : 0
* Dataflow Pipeline: 0

* FSM state transitions: 
1 --> 2 
2 --> 3 
3 --> 4 
4 --> 5 
5 --> 6 
6 --> 7 
7 --> 8 
8 --> 9 
9 --> 10 
10 --> 11 
11 --> 12 
12 --> 13 
13 --> 14 
14 --> 15 
15 --> 16 
16 --> 17 
17 --> 18 
18 --> 19 
19 --> 20 
20 --> 21 
21 --> 22 
22 --> 7 

* FSM state operations: 

State 1 <SV = 0> <Delay = 1.20>
ST_1 : Operation 23 [1/1] (0.00ns)   --->   "%i4 = alloca i32 1" [/home/silvenchen/Desktop/DitBlock/WorkDCT/DitBlock/kernel.cpp:651]   --->   Operation 23 'alloca' 'i4' <Predicate = true> <Delay = 0.00>
ST_1 : Operation 24 [1/1] (1.20ns)   --->   "%mean = alloca i64 1" [/home/silvenchen/Desktop/DitBlock/WorkDCT/DitBlock/kernel.cpp:616]   --->   Operation 24 'alloca' 'mean' <Predicate = true> <Delay = 1.20> <CoreInst = "RAM">   --->   Core 83 'RAM' <Latency = 1> <II = 1> <Delay = 1.20> <Storage> <Opcode : 'load' 'store'> <Ports = 2> <Width = 32> <Depth = 1024> <RAM>
ST_1 : Operation 25 [1/1] (1.20ns)   --->   "%mean2 = alloca i64 1" [/home/silvenchen/Desktop/DitBlock/WorkDCT/DitBlock/kernel.cpp:620]   --->   Operation 25 'alloca' 'mean2' <Predicate = true> <Delay = 1.20>
ST_1 : Operation 26 [1/1] (1.20ns)   --->   "%var = alloca i64 1" [/home/silvenchen/Desktop/DitBlock/WorkDCT/DitBlock/kernel.cpp:624]   --->   Operation 26 'alloca' 'var' <Predicate = true> <Delay = 1.20> <CoreInst = "RAM">   --->   Core 83 'RAM' <Latency = 1> <II = 1> <Delay = 1.20> <Storage> <Opcode : 'load' 'store'> <Ports = 2> <Width = 32> <Depth = 1024> <RAM>
ST_1 : Operation 27 [2/2] (0.00ns)   --->   "%call_ln0 = call void @layer_norm_Pipeline_VITIS_LOOP_617_1, i32 %mean"   --->   Operation 27 'call' 'call_ln0' <Predicate = true> <Delay = 0.00> <CoreType = "Generic">   --->   Core 0 '' <Latency = 0> <II = 1> <Delay = 1.00> <Generic> <Opcode : >
ST_1 : Operation 28 [2/2] (0.00ns)   --->   "%call_ln0 = call void @layer_norm_Pipeline_VITIS_LOOP_621_2, i32 %mean2"   --->   Operation 28 'call' 'call_ln0' <Predicate = true> <Delay = 0.00> <CoreType = "Generic">   --->   Core 0 '' <Latency = 0> <II = 1> <Delay = 1.00> <Generic> <Opcode : >
ST_1 : Operation 29 [1/1] (0.38ns)   --->   "%store_ln651 = store i11 0, i11 %i4" [/home/silvenchen/Desktop/DitBlock/WorkDCT/DitBlock/kernel.cpp:651]   --->   Operation 29 'store' 'store_ln651' <Predicate = true> <Delay = 0.38>

State 2 <SV = 1> <Delay = 0.00>
ST_2 : Operation 30 [1/2] (0.00ns)   --->   "%call_ln0 = call void @layer_norm_Pipeline_VITIS_LOOP_617_1, i32 %mean"   --->   Operation 30 'call' 'call_ln0' <Predicate = true> <Delay = 0.00> <CoreType = "Generic">   --->   Core 0 '' <Latency = 0> <II = 1> <Delay = 1.00> <Generic> <Opcode : >
ST_2 : Operation 31 [1/2] (0.00ns)   --->   "%call_ln0 = call void @layer_norm_Pipeline_VITIS_LOOP_621_2, i32 %mean2"   --->   Operation 31 'call' 'call_ln0' <Predicate = true> <Delay = 0.00> <CoreType = "Generic">   --->   Core 0 '' <Latency = 0> <II = 1> <Delay = 1.00> <Generic> <Opcode : >

State 3 <SV = 2> <Delay = 0.00>
ST_3 : Operation 32 [2/2] (0.00ns)   --->   "%call_ln0 = call void @layer_norm_Pipeline_l_sum_i2_l_j1, i32 %v262, i32 %mean, i32 %mean2"   --->   Operation 32 'call' 'call_ln0' <Predicate = true> <Delay = 0.00> <CoreType = "Generic">   --->   Core 0 '' <Latency = 0> <II = 1> <Delay = 1.00> <Generic> <Opcode : >

State 4 <SV = 3> <Delay = 0.00>
ST_4 : Operation 33 [1/2] (0.00ns)   --->   "%call_ln0 = call void @layer_norm_Pipeline_l_sum_i2_l_j1, i32 %v262, i32 %mean, i32 %mean2"   --->   Operation 33 'call' 'call_ln0' <Predicate = true> <Delay = 0.00> <CoreType = "Generic">   --->   Core 0 '' <Latency = 0> <II = 1> <Delay = 1.00> <Generic> <Opcode : >

State 5 <SV = 4> <Delay = 0.00>
ST_5 : Operation 34 [2/2] (0.00ns)   --->   "%call_ln0 = call void @layer_norm_Pipeline_l_mean_var_i3, i32 %mean, i32 %mean2, i32 %var"   --->   Operation 34 'call' 'call_ln0' <Predicate = true> <Delay = 0.00> <CoreType = "Generic">   --->   Core 0 '' <Latency = 0> <II = 1> <Delay = 1.00> <Generic> <Opcode : >

State 6 <SV = 5> <Delay = 0.00>
ST_6 : Operation 35 [1/1] (0.00ns)   --->   "%specmemcore_ln0 = specmemcore void @_ssdm_op_SpecMemCore, i32 %v265, i64 666, i64 24, i64 18446744073709551615"   --->   Operation 35 'specmemcore' 'specmemcore_ln0' <Predicate = true> <Delay = 0.00>
ST_6 : Operation 36 [1/1] (0.00ns)   --->   "%specmemcore_ln0 = specmemcore void @_ssdm_op_SpecMemCore, i32 %v262, i64 666, i64 24, i64 18446744073709551615"   --->   Operation 36 'specmemcore' 'specmemcore_ln0' <Predicate = true> <Delay = 0.00>
ST_6 : Operation 37 [1/2] (0.00ns)   --->   "%call_ln0 = call void @layer_norm_Pipeline_l_mean_var_i3, i32 %mean, i32 %mean2, i32 %var"   --->   Operation 37 'call' 'call_ln0' <Predicate = true> <Delay = 0.00> <CoreType = "Generic">   --->   Core 0 '' <Latency = 0> <II = 1> <Delay = 1.00> <Generic> <Opcode : >
ST_6 : Operation 38 [1/1] (0.00ns)   --->   "%br_ln651 = br void %l_j2" [/home/silvenchen/Desktop/DitBlock/WorkDCT/DitBlock/kernel.cpp:651]   --->   Operation 38 'br' 'br_ln651' <Predicate = true> <Delay = 0.00>

State 7 <SV = 6> <Delay = 1.20>
ST_7 : Operation 39 [1/1] (0.00ns)   --->   "%i4_1 = load i11 %i4" [/home/silvenchen/Desktop/DitBlock/WorkDCT/DitBlock/kernel.cpp:651]   --->   Operation 39 'load' 'i4_1' <Predicate = true> <Delay = 0.00>
ST_7 : Operation 40 [1/1] (0.00ns)   --->   "%trunc_ln651 = trunc i11 %i4_1" [/home/silvenchen/Desktop/DitBlock/WorkDCT/DitBlock/kernel.cpp:651]   --->   Operation 40 'trunc' 'trunc_ln651' <Predicate = true> <Delay = 0.00>
ST_7 : Operation 41 [1/1] (0.73ns)   --->   "%icmp_ln651 = icmp_eq  i11 %i4_1, i11 1024" [/home/silvenchen/Desktop/DitBlock/WorkDCT/DitBlock/kernel.cpp:651]   --->   Operation 41 'icmp' 'icmp_ln651' <Predicate = true> <Delay = 0.73> <CoreInst = "Cmp">   --->   Core 9 'Cmp' <Latency = 0> <II = 1> <Delay = 0.74> <FuncUnit> <Opcode : 'icmp'> <InPorts = 2> <OutPorts = 1>
ST_7 : Operation 42 [1/1] (0.73ns)   --->   "%add_ln651 = add i11 %i4_1, i11 1" [/home/silvenchen/Desktop/DitBlock/WorkDCT/DitBlock/kernel.cpp:651]   --->   Operation 42 'add' 'add_ln651' <Predicate = true> <Delay = 0.73> <CoreInst = "Adder">   --->   Core 1 'Adder' <Latency = 0> <II = 1> <Delay = 0.73> <FuncUnit> <Opcode : 'add' 'sub'> <InPorts = 2> <OutPorts = 1>
ST_7 : Operation 43 [1/1] (0.00ns)   --->   "%br_ln651 = br i1 %icmp_ln651, void %l_j2.split, void %for.end99" [/home/silvenchen/Desktop/DitBlock/WorkDCT/DitBlock/kernel.cpp:651]   --->   Operation 43 'br' 'br_ln651' <Predicate = true> <Delay = 0.00>
ST_7 : Operation 44 [1/1] (0.00ns)   --->   "%zext_ln651 = zext i11 %i4_1" [/home/silvenchen/Desktop/DitBlock/WorkDCT/DitBlock/kernel.cpp:651]   --->   Operation 44 'zext' 'zext_ln651' <Predicate = (!icmp_ln651)> <Delay = 0.00>
ST_7 : Operation 45 [1/1] (0.00ns)   --->   "%mean_addr = getelementptr i32 %mean, i64 0, i64 %zext_ln651" [/home/silvenchen/Desktop/DitBlock/WorkDCT/DitBlock/kernel.cpp:651]   --->   Operation 45 'getelementptr' 'mean_addr' <Predicate = (!icmp_ln651)> <Delay = 0.00>
ST_7 : Operation 46 [2/2] (1.20ns)   --->   "%mean_load = load i10 %mean_addr" [/home/silvenchen/Desktop/DitBlock/WorkDCT/DitBlock/kernel.cpp:651]   --->   Operation 46 'load' 'mean_load' <Predicate = (!icmp_ln651)> <Delay = 1.20> <CoreInst = "RAM">   --->   Core 83 'RAM' <Latency = 1> <II = 1> <Delay = 1.20> <Storage> <Opcode : 'load' 'store'> <Ports = 2> <Width = 32> <Depth = 1024> <RAM>
ST_7 : Operation 47 [1/1] (0.00ns)   --->   "%var_addr = getelementptr i32 %var, i64 0, i64 %zext_ln651" [/home/silvenchen/Desktop/DitBlock/WorkDCT/DitBlock/kernel.cpp:651]   --->   Operation 47 'getelementptr' 'var_addr' <Predicate = (!icmp_ln651)> <Delay = 0.00>
ST_7 : Operation 48 [2/2] (1.20ns)   --->   "%var_load = load i10 %var_addr" [/home/silvenchen/Desktop/DitBlock/WorkDCT/DitBlock/kernel.cpp:651]   --->   Operation 48 'load' 'var_load' <Predicate = (!icmp_ln651)> <Delay = 1.20> <CoreInst = "RAM">   --->   Core 83 'RAM' <Latency = 1> <II = 1> <Delay = 1.20> <Storage> <Opcode : 'load' 'store'> <Ports = 2> <Width = 32> <Depth = 1024> <RAM>
ST_7 : Operation 49 [1/1] (0.38ns)   --->   "%store_ln651 = store i11 %add_ln651, i11 %i4" [/home/silvenchen/Desktop/DitBlock/WorkDCT/DitBlock/kernel.cpp:651]   --->   Operation 49 'store' 'store_ln651' <Predicate = (!icmp_ln651)> <Delay = 0.38>
ST_7 : Operation 50 [1/1] (0.00ns)   --->   "%ret_ln669 = ret" [/home/silvenchen/Desktop/DitBlock/WorkDCT/DitBlock/kernel.cpp:669]   --->   Operation 50 'ret' 'ret_ln669' <Predicate = (icmp_ln651)> <Delay = 0.00>

State 8 <SV = 7> <Delay = 1.20>
ST_8 : Operation 51 [1/2] (1.20ns)   --->   "%mean_load = load i10 %mean_addr" [/home/silvenchen/Desktop/DitBlock/WorkDCT/DitBlock/kernel.cpp:651]   --->   Operation 51 'load' 'mean_load' <Predicate = true> <Delay = 1.20> <CoreInst = "RAM">   --->   Core 83 'RAM' <Latency = 1> <II = 1> <Delay = 1.20> <Storage> <Opcode : 'load' 'store'> <Ports = 2> <Width = 32> <Depth = 1024> <RAM>
ST_8 : Operation 52 [1/2] (1.20ns)   --->   "%var_load = load i10 %var_addr" [/home/silvenchen/Desktop/DitBlock/WorkDCT/DitBlock/kernel.cpp:651]   --->   Operation 52 'load' 'var_load' <Predicate = true> <Delay = 1.20> <CoreInst = "RAM">   --->   Core 83 'RAM' <Latency = 1> <II = 1> <Delay = 1.20> <Storage> <Opcode : 'load' 'store'> <Ports = 2> <Width = 32> <Depth = 1024> <RAM>

State 9 <SV = 8> <Delay = 6.41>
ST_9 : Operation 53 [1/1] (6.41ns)   --->   "%conv = fpext i32 %var_load" [/home/silvenchen/Desktop/DitBlock/WorkDCT/DitBlock/kernel.cpp:651]   --->   Operation 53 'fpext' 'conv' <Predicate = true> <Delay = 6.41> <CoreInst = "Float2Double">   --->   Core 64 'Float2Double' <Latency = 0> <II = 1> <Delay = 6.41> <FuncUnit> <Opcode : 'fpext'> <InPorts = 1> <OutPorts = 1>

State 10 <SV = 9> <Delay = 7.08>
ST_10 : Operation 54 [3/3] (7.08ns)   --->   "%add = dadd i64 %conv, i64 1e-05" [/home/silvenchen/Desktop/DitBlock/WorkDCT/DitBlock/kernel.cpp:651]   --->   Operation 54 'dadd' 'add' <Predicate = true> <Delay = 7.08> <CoreInst = "DAddSub_fulldsp">   --->   Core 37 'DAddSub_fulldsp' <Latency = 2> <II = 1> <Delay = 7.08> <FuncUnit> <Opcode : 'dadd' 'dsub'> <InPorts = 2> <OutPorts = 1>

State 11 <SV = 10> <Delay = 7.08>
ST_11 : Operation 55 [2/3] (7.08ns)   --->   "%add = dadd i64 %conv, i64 1e-05" [/home/silvenchen/Desktop/DitBlock/WorkDCT/DitBlock/kernel.cpp:651]   --->   Operation 55 'dadd' 'add' <Predicate = true> <Delay = 7.08> <CoreInst = "DAddSub_fulldsp">   --->   Core 37 'DAddSub_fulldsp' <Latency = 2> <II = 1> <Delay = 7.08> <FuncUnit> <Opcode : 'dadd' 'dsub'> <InPorts = 2> <OutPorts = 1>

State 12 <SV = 11> <Delay = 7.08>
ST_12 : Operation 56 [1/3] (7.08ns)   --->   "%add = dadd i64 %conv, i64 1e-05" [/home/silvenchen/Desktop/DitBlock/WorkDCT/DitBlock/kernel.cpp:651]   --->   Operation 56 'dadd' 'add' <Predicate = true> <Delay = 7.08> <CoreInst = "DAddSub_fulldsp">   --->   Core 37 'DAddSub_fulldsp' <Latency = 2> <II = 1> <Delay = 7.08> <FuncUnit> <Opcode : 'dadd' 'dsub'> <InPorts = 2> <OutPorts = 1>

State 13 <SV = 12> <Delay = 1.82>
ST_13 : Operation 57 [2/2] (1.82ns)   --->   "%v = fptrunc i64 %add" [/home/silvenchen/Desktop/DitBlock/WorkDCT/DitBlock/kernel.cpp:651]   --->   Operation 57 'fptrunc' 'v' <Predicate = true> <Delay = 1.82> <CoreInst = "Double2Float">   --->   Core 67 'Double2Float' <Latency = 1> <II = 1> <Delay = 1.82> <FuncUnit> <Opcode : 'fptrunc'> <InPorts = 1> <OutPorts = 1>

State 14 <SV = 13> <Delay = 1.82>
ST_14 : Operation 58 [1/2] (1.82ns)   --->   "%v = fptrunc i64 %add" [/home/silvenchen/Desktop/DitBlock/WorkDCT/DitBlock/kernel.cpp:651]   --->   Operation 58 'fptrunc' 'v' <Predicate = true> <Delay = 1.82> <CoreInst = "Double2Float">   --->   Core 67 'Double2Float' <Latency = 1> <II = 1> <Delay = 1.82> <FuncUnit> <Opcode : 'fptrunc'> <InPorts = 1> <OutPorts = 1>

State 15 <SV = 14> <Delay = 5.78>
ST_15 : Operation 59 [6/6] (5.78ns)   --->   "%v1 = fsqrt i32 @llvm.sqrt.f32, i32 %v" [/tools/Xilinx/Vitis_HLS/2023.2/tps/lnx64/gcc-8.3.0/lib/gcc/x86_64-pc-linux-gnu/8.3.0/../../../../include/c++/8.3.0/cmath:464->/home/silvenchen/Desktop/DitBlock/WorkDCT/DitBlock/kernel.cpp:661]   --->   Operation 59 'fsqrt' 'v1' <Predicate = true> <Delay = 5.78> <CoreInst = "FSqrt">   --->   Core 35 'FSqrt' <Latency = 5> <II = 1> <Delay = 5.78> <FuncUnit> <Opcode : 'fsqrt'> <InPorts = 1> <OutPorts = 1>

State 16 <SV = 15> <Delay = 5.78>
ST_16 : Operation 60 [5/6] (5.78ns)   --->   "%v1 = fsqrt i32 @llvm.sqrt.f32, i32 %v" [/tools/Xilinx/Vitis_HLS/2023.2/tps/lnx64/gcc-8.3.0/lib/gcc/x86_64-pc-linux-gnu/8.3.0/../../../../include/c++/8.3.0/cmath:464->/home/silvenchen/Desktop/DitBlock/WorkDCT/DitBlock/kernel.cpp:661]   --->   Operation 60 'fsqrt' 'v1' <Predicate = true> <Delay = 5.78> <CoreInst = "FSqrt">   --->   Core 35 'FSqrt' <Latency = 5> <II = 1> <Delay = 5.78> <FuncUnit> <Opcode : 'fsqrt'> <InPorts = 1> <OutPorts = 1>

State 17 <SV = 16> <Delay = 5.78>
ST_17 : Operation 61 [4/6] (5.78ns)   --->   "%v1 = fsqrt i32 @llvm.sqrt.f32, i32 %v" [/tools/Xilinx/Vitis_HLS/2023.2/tps/lnx64/gcc-8.3.0/lib/gcc/x86_64-pc-linux-gnu/8.3.0/../../../../include/c++/8.3.0/cmath:464->/home/silvenchen/Desktop/DitBlock/WorkDCT/DitBlock/kernel.cpp:661]   --->   Operation 61 'fsqrt' 'v1' <Predicate = true> <Delay = 5.78> <CoreInst = "FSqrt">   --->   Core 35 'FSqrt' <Latency = 5> <II = 1> <Delay = 5.78> <FuncUnit> <Opcode : 'fsqrt'> <InPorts = 1> <OutPorts = 1>

State 18 <SV = 17> <Delay = 5.78>
ST_18 : Operation 62 [3/6] (5.78ns)   --->   "%v1 = fsqrt i32 @llvm.sqrt.f32, i32 %v" [/tools/Xilinx/Vitis_HLS/2023.2/tps/lnx64/gcc-8.3.0/lib/gcc/x86_64-pc-linux-gnu/8.3.0/../../../../include/c++/8.3.0/cmath:464->/home/silvenchen/Desktop/DitBlock/WorkDCT/DitBlock/kernel.cpp:661]   --->   Operation 62 'fsqrt' 'v1' <Predicate = true> <Delay = 5.78> <CoreInst = "FSqrt">   --->   Core 35 'FSqrt' <Latency = 5> <II = 1> <Delay = 5.78> <FuncUnit> <Opcode : 'fsqrt'> <InPorts = 1> <OutPorts = 1>

State 19 <SV = 18> <Delay = 5.78>
ST_19 : Operation 63 [2/6] (5.78ns)   --->   "%v1 = fsqrt i32 @llvm.sqrt.f32, i32 %v" [/tools/Xilinx/Vitis_HLS/2023.2/tps/lnx64/gcc-8.3.0/lib/gcc/x86_64-pc-linux-gnu/8.3.0/../../../../include/c++/8.3.0/cmath:464->/home/silvenchen/Desktop/DitBlock/WorkDCT/DitBlock/kernel.cpp:661]   --->   Operation 63 'fsqrt' 'v1' <Predicate = true> <Delay = 5.78> <CoreInst = "FSqrt">   --->   Core 35 'FSqrt' <Latency = 5> <II = 1> <Delay = 5.78> <FuncUnit> <Opcode : 'fsqrt'> <InPorts = 1> <OutPorts = 1>

State 20 <SV = 19> <Delay = 5.78>
ST_20 : Operation 64 [1/6] (5.78ns)   --->   "%v1 = fsqrt i32 @llvm.sqrt.f32, i32 %v" [/tools/Xilinx/Vitis_HLS/2023.2/tps/lnx64/gcc-8.3.0/lib/gcc/x86_64-pc-linux-gnu/8.3.0/../../../../include/c++/8.3.0/cmath:464->/home/silvenchen/Desktop/DitBlock/WorkDCT/DitBlock/kernel.cpp:661]   --->   Operation 64 'fsqrt' 'v1' <Predicate = true> <Delay = 5.78> <CoreInst = "FSqrt">   --->   Core 35 'FSqrt' <Latency = 5> <II = 1> <Delay = 5.78> <FuncUnit> <Opcode : 'fsqrt'> <InPorts = 1> <OutPorts = 1>

State 21 <SV = 20> <Delay = 3.46>
ST_21 : Operation 65 [1/1] (0.00ns)   --->   "%tmp_s = bitconcatenate i19 @_ssdm_op_BitConcatenate.i19.i10.i9, i10 %trunc_ln651, i9 0" [/home/silvenchen/Desktop/DitBlock/WorkDCT/DitBlock/kernel.cpp:655]   --->   Operation 65 'bitconcatenate' 'tmp_s' <Predicate = true> <Delay = 0.00>
ST_21 : Operation 66 [2/2] (3.46ns)   --->   "%call_ln655 = call void @layer_norm_Pipeline_l_j2, i19 %tmp_s, i32 %v262, i32 %v265, i32 %mean_load, i32 %v1" [/home/silvenchen/Desktop/DitBlock/WorkDCT/DitBlock/kernel.cpp:655]   --->   Operation 66 'call' 'call_ln655' <Predicate = true> <Delay = 3.46> <CoreType = "Generic">   --->   Core 0 '' <Latency = 0> <II = 1> <Delay = 1.00> <Generic> <Opcode : >

State 22 <SV = 21> <Delay = 0.00>
ST_22 : Operation 67 [1/1] (0.00ns)   --->   "%speclooptripcount_ln651 = speclooptripcount void @_ssdm_op_SpecLoopTripCount, i64 1024, i64 1024, i64 1024" [/home/silvenchen/Desktop/DitBlock/WorkDCT/DitBlock/kernel.cpp:651]   --->   Operation 67 'speclooptripcount' 'speclooptripcount_ln651' <Predicate = true> <Delay = 0.00>
ST_22 : Operation 68 [1/1] (0.00ns)   --->   "%specloopname_ln651 = specloopname void @_ssdm_op_SpecLoopName, void @empty_188" [/home/silvenchen/Desktop/DitBlock/WorkDCT/DitBlock/kernel.cpp:651]   --->   Operation 68 'specloopname' 'specloopname_ln651' <Predicate = true> <Delay = 0.00>
ST_22 : Operation 69 [1/2] (0.00ns)   --->   "%call_ln655 = call void @layer_norm_Pipeline_l_j2, i19 %tmp_s, i32 %v262, i32 %v265, i32 %mean_load, i32 %v1" [/home/silvenchen/Desktop/DitBlock/WorkDCT/DitBlock/kernel.cpp:655]   --->   Operation 69 'call' 'call_ln655' <Predicate = true> <Delay = 0.00> <CoreType = "Generic">   --->   Core 0 '' <Latency = 0> <II = 1> <Delay = 1.00> <Generic> <Opcode : >
ST_22 : Operation 70 [1/1] (0.00ns)   --->   "%br_ln651 = br void %l_j2" [/home/silvenchen/Desktop/DitBlock/WorkDCT/DitBlock/kernel.cpp:651]   --->   Operation 70 'br' 'br_ln651' <Predicate = true> <Delay = 0.00>


============================================================
+ Verbose Summary: Binding
============================================================
STG Binding: 
---------------- STG Properties BEGIN ----------------
- Is combinational: 0
- Is one-state seq: 0
- Is datapath-only: 0
- Is pipelined: 0
- Is top level: 0
Port [ Return ] is wired: 1; IO mode=ap_ctrl_hs:ce=0
Port [ v262]:  wired=1; compound=1; hidden=0; nouse=0; global=0; static=0; extern=0; dir=0; type=1; pingpong=0; private_global=0; MemPort=[13]; IO mode=ap_memory:ce=0
Port [ v265]:  wired=1; compound=1; hidden=0; nouse=0; global=0; static=0; extern=0; dir=1; type=1; pingpong=0; private_global=0; MemPort=[30]; IO mode=ap_memory:ce=0
---------------- STG Properties END ------------------

---------------- Datapath Model BEGIN ----------------

<LifeTime>
<method=bitvector/>
i4                      (alloca           ) [ 01111111111111111111111]
mean                    (alloca           ) [ 00111111111111111111111]
mean2                   (alloca           ) [ 00111110000000000000000]
var                     (alloca           ) [ 00111111111111111111111]
store_ln651             (store            ) [ 00000000000000000000000]
call_ln0                (call             ) [ 00000000000000000000000]
call_ln0                (call             ) [ 00000000000000000000000]
call_ln0                (call             ) [ 00000000000000000000000]
specmemcore_ln0         (specmemcore      ) [ 00000000000000000000000]
specmemcore_ln0         (specmemcore      ) [ 00000000000000000000000]
call_ln0                (call             ) [ 00000000000000000000000]
br_ln651                (br               ) [ 00000000000000000000000]
i4_1                    (load             ) [ 00000000000000000000000]
trunc_ln651             (trunc            ) [ 00000000111111111111110]
icmp_ln651              (icmp             ) [ 00000001111111111111111]
add_ln651               (add              ) [ 00000000000000000000000]
br_ln651                (br               ) [ 00000000000000000000000]
zext_ln651              (zext             ) [ 00000000000000000000000]
mean_addr               (getelementptr    ) [ 00000000100000000000000]
var_addr                (getelementptr    ) [ 00000000100000000000000]
store_ln651             (store            ) [ 00000000000000000000000]
ret_ln669               (ret              ) [ 00000000000000000000000]
mean_load               (load             ) [ 00000000011111111111111]
var_load                (load             ) [ 00000000010000000000000]
conv                    (fpext            ) [ 00000000001110000000000]
add                     (dadd             ) [ 00000000000001100000000]
v                       (fptrunc          ) [ 00000000000000011111100]
v1                      (fsqrt            ) [ 00000000000000000000011]
tmp_s                   (bitconcatenate   ) [ 00000000000000000000001]
speclooptripcount_ln651 (speclooptripcount) [ 00000000000000000000000]
specloopname_ln651      (specloopname     ) [ 00000000000000000000000]
call_ln655              (call             ) [ 00000000000000000000000]
br_ln651                (br               ) [ 00000000000000000000000]
</LifeTime>

<model>

<comp_list>
<comp id="0" class="1000" name="v262">
<pin_list>
<pin id="1" dir="1" index="0" bw="1" slack="0"/>
</pin_list>
<bind>
<StgValue><ssdm name="v262"/><MemPortTyVec>1 3 </MemPortTyVec>
</StgValue>
</bind>
</comp>

<comp id="2" class="1000" name="v265">
<pin_list>
<pin id="3" dir="1" index="0" bw="1" slack="0"/>
</pin_list>
<bind>
<StgValue><ssdm name="v265"/><MemPortTyVec>3 0 </MemPortTyVec>
</StgValue>
</bind>
</comp>

<comp id="4" class="1001" name="const_4">
<pin_list>
<pin id="5" dir="1" index="0" bw="1" slack="0"/>
</pin_list>
<bind>
<StgValue><ssdm name=""/></StgValue>
</bind>
</comp>

<comp id="6" class="1001" name="const_6">
<pin_list>
<pin id="7" dir="1" index="0" bw="1" slack="0"/>
</pin_list>
<bind>
<StgValue><ssdm name=""/></StgValue>
</bind>
</comp>

<comp id="8" class="1001" name="const_8">
<pin_list>
<pin id="9" dir="1" index="0" bw="1" slack="0"/>
</pin_list>
<bind>
<StgValue><ssdm name="layer_norm_Pipeline_VITIS_LOOP_617_1"/></StgValue>
</bind>
</comp>

<comp id="10" class="1001" name="const_10">
<pin_list>
<pin id="11" dir="1" index="0" bw="1" slack="0"/>
</pin_list>
<bind>
<StgValue><ssdm name="layer_norm_Pipeline_VITIS_LOOP_621_2"/></StgValue>
</bind>
</comp>

<comp id="12" class="1001" name="const_12">
<pin_list>
<pin id="13" dir="1" index="0" bw="1" slack="0"/>
</pin_list>
<bind>
<StgValue><ssdm name=""/></StgValue>
</bind>
</comp>

<comp id="14" class="1001" name="const_14">
<pin_list>
<pin id="15" dir="1" index="0" bw="1" slack="0"/>
</pin_list>
<bind>
<StgValue><ssdm name="layer_norm_Pipeline_l_sum_i2_l_j1"/></StgValue>
</bind>
</comp>

<comp id="16" class="1001" name="const_16">
<pin_list>
<pin id="17" dir="1" index="0" bw="1" slack="0"/>
</pin_list>
<bind>
<StgValue><ssdm name="layer_norm_Pipeline_l_mean_var_i3"/></StgValue>
</bind>
</comp>

<comp id="18" class="1001" name="const_18">
<pin_list>
<pin id="19" dir="1" index="0" bw="1" slack="2147483647"/>
</pin_list>
<bind>
<StgValue><ssdm name="_ssdm_op_SpecMemCore"/></StgValue>
</bind>
</comp>

<comp id="20" class="1001" name="const_20">
<pin_list>
<pin id="21" dir="1" index="0" bw="1" slack="2147483647"/>
</pin_list>
<bind>
<StgValue><ssdm name=""/></StgValue>
</bind>
</comp>

<comp id="22" class="1001" name="const_22">
<pin_list>
<pin id="23" dir="1" index="0" bw="1" slack="2147483647"/>
</pin_list>
<bind>
<StgValue><ssdm name=""/></StgValue>
</bind>
</comp>

<comp id="24" class="1001" name="const_24">
<pin_list>
<pin id="25" dir="1" index="0" bw="1" slack="2147483647"/>
</pin_list>
<bind>
<StgValue><ssdm name=""/></StgValue>
</bind>
</comp>

<comp id="26" class="1001" name="const_26">
<pin_list>
<pin id="27" dir="1" index="0" bw="1" slack="0"/>
</pin_list>
<bind>
<StgValue><ssdm name=""/></StgValue>
</bind>
</comp>

<comp id="28" class="1001" name="const_28">
<pin_list>
<pin id="29" dir="1" index="0" bw="1" slack="0"/>
</pin_list>
<bind>
<StgValue><ssdm name=""/></StgValue>
</bind>
</comp>

<comp id="30" class="1001" name="const_30">
<pin_list>
<pin id="31" dir="1" index="0" bw="1" slack="0"/>
</pin_list>
<bind>
<StgValue><ssdm name=""/></StgValue>
</bind>
</comp>

<comp id="32" class="1001" name="const_32">
<pin_list>
<pin id="33" dir="1" index="0" bw="1" slack="0"/>
</pin_list>
<bind>
<StgValue><ssdm name=""/></StgValue>
</bind>
</comp>

<comp id="34" class="1001" name="const_34">
<pin_list>
<pin id="35" dir="1" index="0" bw="1" slack="0"/>
</pin_list>
<bind>
<StgValue><ssdm name="llvm.sqrt.f32"/></StgValue>
</bind>
</comp>

<comp id="36" class="1001" name="const_36">
<pin_list>
<pin id="37" dir="1" index="0" bw="1" slack="0"/>
</pin_list>
<bind>
<StgValue><ssdm name="_ssdm_op_BitConcatenate.i19.i10.i9"/></StgValue>
</bind>
</comp>

<comp id="38" class="1001" name="const_38">
<pin_list>
<pin id="39" dir="1" index="0" bw="1" slack="0"/>
</pin_list>
<bind>
<StgValue><ssdm name=""/></StgValue>
</bind>
</comp>

<comp id="40" class="1001" name="const_40">
<pin_list>
<pin id="41" dir="1" index="0" bw="1" slack="0"/>
</pin_list>
<bind>
<StgValue><ssdm name="layer_norm_Pipeline_l_j2"/></StgValue>
</bind>
</comp>

<comp id="42" class="1001" name="const_42">
<pin_list>
<pin id="43" dir="1" index="0" bw="1" slack="2147483647"/>
</pin_list>
<bind>
<StgValue><ssdm name="_ssdm_op_SpecLoopTripCount"/></StgValue>
</bind>
</comp>

<comp id="44" class="1001" name="const_44">
<pin_list>
<pin id="45" dir="1" index="0" bw="1" slack="2147483647"/>
</pin_list>
<bind>
<StgValue><ssdm name=""/></StgValue>
</bind>
</comp>

<comp id="46" class="1001" name="const_46">
<pin_list>
<pin id="47" dir="1" index="0" bw="1" slack="2147483647"/>
</pin_list>
<bind>
<StgValue><ssdm name="_ssdm_op_SpecLoopName"/></StgValue>
</bind>
</comp>

<comp id="48" class="1001" name="const_48">
<pin_list>
<pin id="49" dir="1" index="0" bw="1" slack="2147483647"/>
</pin_list>
<bind>
<StgValue><ssdm name="empty_188"/></StgValue>
</bind>
</comp>

<comp id="50" class="1004" name="i4_fu_50">
<pin_list>
<pin id="51" dir="0" index="0" bw="1" slack="0"/>
<pin id="52" dir="1" index="1" bw="11" slack="0"/>
</pin_list>
<bind>
<opcode="alloca(26) " fcode="alloca"/>
<opset="i4/1 "/>
</bind>
</comp>

<comp id="54" class="1004" name="mean_alloca_fu_54">
<pin_list>
<pin id="55" dir="0" index="0" bw="1" slack="0"/>
<pin id="56" dir="1" index="1" bw="32" slack="0"/>
</pin_list>
<bind>
<opcode="alloca(26) " fcode="alloca"/>
<opset="mean/1 "/>
</bind>
</comp>

<comp id="58" class="1004" name="mean2_alloca_fu_58">
<pin_list>
<pin id="59" dir="0" index="0" bw="1" slack="0"/>
<pin id="60" dir="1" index="1" bw="32" slack="0"/>
</pin_list>
<bind>
<opcode="alloca(26) " fcode="alloca"/>
<opset="mean2/1 "/>
</bind>
</comp>

<comp id="62" class="1004" name="var_alloca_fu_62">
<pin_list>
<pin id="63" dir="0" index="0" bw="1" slack="0"/>
<pin id="64" dir="1" index="1" bw="32" slack="2147483647"/>
</pin_list>
<bind>
<opcode="alloca(26) " fcode="alloca"/>
<opset="var/1 "/>
</bind>
</comp>

<comp id="66" class="1004" name="mean_addr_gep_fu_66">
<pin_list>
<pin id="67" dir="0" index="0" bw="32" slack="2147483647"/>
<pin id="68" dir="0" index="1" bw="1" slack="0"/>
<pin id="69" dir="0" index="2" bw="11" slack="0"/>
<pin id="70" dir="1" index="3" bw="10" slack="0"/>
</pin_list>
<bind>
<opcode="getelementptr(29) " fcode="getelementptr"/>
<opset="mean_addr/7 "/>
</bind>
</comp>

<comp id="72" class="1004" name="grp_access_fu_72">
<pin_list>
<pin id="73" dir="0" index="0" bw="10" slack="0"/>
<pin id="74" dir="0" index="1" bw="32" slack="2147483647"/>
<pin id="75" dir="0" index="2" bw="0" slack="2147483647"/>
<pin id="76" dir="1" index="3" bw="32" slack="13"/>
</pin_list>
<bind>
<opcode="load(27) " fcode="load"/>
<opset="mean_load/7 "/>
</bind>
</comp>

<comp id="78" class="1004" name="var_addr_gep_fu_78">
<pin_list>
<pin id="79" dir="0" index="0" bw="32" slack="2147483647"/>
<pin id="80" dir="0" index="1" bw="1" slack="0"/>
<pin id="81" dir="0" index="2" bw="11" slack="0"/>
<pin id="82" dir="1" index="3" bw="10" slack="0"/>
</pin_list>
<bind>
<opcode="getelementptr(29) " fcode="getelementptr"/>
<opset="var_addr/7 "/>
</bind>
</comp>

<comp id="84" class="1004" name="grp_access_fu_84">
<pin_list>
<pin id="85" dir="0" index="0" bw="10" slack="0"/>
<pin id="86" dir="0" index="1" bw="32" slack="2147483647"/>
<pin id="87" dir="0" index="2" bw="0" slack="2147483647"/>
<pin id="88" dir="1" index="3" bw="32" slack="1"/>
</pin_list>
<bind>
<opcode="load(27) " fcode="load"/>
<opset="var_load/7 "/>
</bind>
</comp>

<comp id="90" class="1004" name="grp_layer_norm_Pipeline_VITIS_LOOP_617_1_fu_90">
<pin_list>
<pin id="91" dir="0" index="0" bw="0" slack="0"/>
<pin id="92" dir="0" index="1" bw="32" slack="0"/>
<pin id="93" dir="1" index="2" bw="0" slack="2147483647"/>
</pin_list>
<bind>
<opcode="call(48) " fcode="call"/>
<opset="call_ln0/1 "/>
</bind>
</comp>

<comp id="96" class="1004" name="grp_layer_norm_Pipeline_VITIS_LOOP_621_2_fu_96">
<pin_list>
<pin id="97" dir="0" index="0" bw="0" slack="0"/>
<pin id="98" dir="0" index="1" bw="32" slack="0"/>
<pin id="99" dir="1" index="2" bw="0" slack="2147483647"/>
</pin_list>
<bind>
<opcode="call(48) " fcode="call"/>
<opset="call_ln0/1 "/>
</bind>
</comp>

<comp id="102" class="1004" name="grp_layer_norm_Pipeline_l_sum_i2_l_j1_fu_102">
<pin_list>
<pin id="103" dir="0" index="0" bw="0" slack="0"/>
<pin id="104" dir="0" index="1" bw="32" slack="0"/>
<pin id="105" dir="0" index="2" bw="32" slack="2147483647"/>
<pin id="106" dir="0" index="3" bw="32" slack="2147483647"/>
<pin id="107" dir="1" index="4" bw="0" slack="2147483647"/>
</pin_list>
<bind>
<opcode="call(48) " fcode="call"/>
<opset="call_ln0/3 "/>
</bind>
</comp>

<comp id="110" class="1004" name="grp_layer_norm_Pipeline_l_mean_var_i3_fu_110">
<pin_list>
<pin id="111" dir="0" index="0" bw="0" slack="0"/>
<pin id="112" dir="0" index="1" bw="32" slack="2147483647"/>
<pin id="113" dir="0" index="2" bw="32" slack="2147483647"/>
<pin id="114" dir="0" index="3" bw="32" slack="2147483647"/>
<pin id="115" dir="1" index="4" bw="0" slack="2147483647"/>
</pin_list>
<bind>
<opcode="call(48) " fcode="call"/>
<opset="call_ln0/5 "/>
</bind>
</comp>

<comp id="117" class="1004" name="grp_layer_norm_Pipeline_l_j2_fu_117">
<pin_list>
<pin id="118" dir="0" index="0" bw="0" slack="0"/>
<pin id="119" dir="0" index="1" bw="19" slack="0"/>
<pin id="120" dir="0" index="2" bw="32" slack="0"/>
<pin id="121" dir="0" index="3" bw="32" slack="0"/>
<pin id="122" dir="0" index="4" bw="32" slack="13"/>
<pin id="123" dir="0" index="5" bw="32" slack="1"/>
<pin id="124" dir="1" index="6" bw="0" slack="2147483647"/>
</pin_list>
<bind>
<opcode="call(48) " fcode="call"/>
<opset="call_ln655/21 "/>
</bind>
</comp>

<comp id="128" class="1004" name="grp_fu_128">
<pin_list>
<pin id="129" dir="0" index="0" bw="64" slack="1"/>
<pin id="130" dir="1" index="1" bw="32" slack="1"/>
</pin_list>
<bind>
<opcode="fptrunc(40) " fcode="fptrunc"/>
<opset="v/13 "/>
</bind>
</comp>

<comp id="131" class="1004" name="conv_fu_131">
<pin_list>
<pin id="132" dir="0" index="0" bw="32" slack="1"/>
<pin id="133" dir="1" index="1" bw="64" slack="1"/>
</pin_list>
<bind>
<opcode="fpext(41) " fcode="fpext"/>
<opset="conv/9 "/>
</bind>
</comp>

<comp id="134" class="1004" name="grp_fu_134">
<pin_list>
<pin id="135" dir="0" index="0" bw="32" slack="0"/>
<pin id="136" dir="0" index="1" bw="32" slack="1"/>
<pin id="137" dir="1" index="2" bw="32" slack="1"/>
</pin_list>
<bind>
<opcode="fsqrt(503) " fcode="fsqrt"/>
<opset="v1/15 "/>
</bind>
</comp>

<comp id="139" class="1004" name="grp_fu_139">
<pin_list>
<pin id="140" dir="0" index="0" bw="64" slack="1"/>
<pin id="141" dir="0" index="1" bw="64" slack="0"/>
<pin id="142" dir="1" index="2" bw="64" slack="1"/>
</pin_list>
<bind>
<opcode="dadd(508) " fcode="dadd"/>
<opset="add/10 "/>
</bind>
</comp>

<comp id="144" class="1004" name="store_ln651_store_fu_144">
<pin_list>
<pin id="145" dir="0" index="0" bw="1" slack="0"/>
<pin id="146" dir="0" index="1" bw="11" slack="0"/>
<pin id="147" dir="1" index="2" bw="0" slack="2147483647"/>
</pin_list>
<bind>
<opcode="store(28) " fcode="store"/>
<opset="store_ln651/1 "/>
</bind>
</comp>

<comp id="149" class="1004" name="i4_1_load_fu_149">
<pin_list>
<pin id="150" dir="0" index="0" bw="11" slack="6"/>
<pin id="151" dir="1" index="1" bw="11" slack="0"/>
</pin_list>
<bind>
<opcode="load(27) " fcode="load"/>
<opset="i4_1/7 "/>
</bind>
</comp>

<comp id="152" class="1004" name="trunc_ln651_fu_152">
<pin_list>
<pin id="153" dir="0" index="0" bw="11" slack="0"/>
<pin id="154" dir="1" index="1" bw="10" slack="14"/>
</pin_list>
<bind>
<opcode="trunc(33) " fcode="trunc"/>
<opset="trunc_ln651/7 "/>
</bind>
</comp>

<comp id="156" class="1004" name="icmp_ln651_fu_156">
<pin_list>
<pin id="157" dir="0" index="0" bw="11" slack="0"/>
<pin id="158" dir="0" index="1" bw="11" slack="0"/>
<pin id="159" dir="1" index="2" bw="1" slack="2147483647"/>
</pin_list>
<bind>
<opcode="icmp(45) " fcode="icmp"/>
<opset="icmp_ln651/7 "/>
</bind>
</comp>

<comp id="162" class="1004" name="add_ln651_fu_162">
<pin_list>
<pin id="163" dir="0" index="0" bw="11" slack="0"/>
<pin id="164" dir="0" index="1" bw="1" slack="0"/>
<pin id="165" dir="1" index="2" bw="11" slack="0"/>
</pin_list>
<bind>
<opcode="add(8) " fcode="add"/>
<opset="add_ln651/7 "/>
</bind>
</comp>

<comp id="168" class="1004" name="zext_ln651_fu_168">
<pin_list>
<pin id="169" dir="0" index="0" bw="11" slack="0"/>
<pin id="170" dir="1" index="1" bw="64" slack="0"/>
</pin_list>
<bind>
<opcode="zext(34) " fcode="zext"/>
<opset="zext_ln651/7 "/>
</bind>
</comp>

<comp id="174" class="1004" name="store_ln651_store_fu_174">
<pin_list>
<pin id="175" dir="0" index="0" bw="11" slack="0"/>
<pin id="176" dir="0" index="1" bw="11" slack="6"/>
<pin id="177" dir="1" index="2" bw="0" slack="2147483647"/>
</pin_list>
<bind>
<opcode="store(28) " fcode="store"/>
<opset="store_ln651/7 "/>
</bind>
</comp>

<comp id="179" class="1004" name="tmp_s_fu_179">
<pin_list>
<pin id="180" dir="0" index="0" bw="19" slack="0"/>
<pin id="181" dir="0" index="1" bw="10" slack="14"/>
<pin id="182" dir="0" index="2" bw="1" slack="0"/>
<pin id="183" dir="1" index="3" bw="19" slack="0"/>
</pin_list>
<bind>
<opcode="bitconcatenate(1004) " fcode="bitconcatenate"/>
<opset="tmp_s/21 "/>
</bind>
</comp>

<comp id="187" class="1005" name="i4_reg_187">
<pin_list>
<pin id="188" dir="0" index="0" bw="11" slack="0"/>
<pin id="189" dir="1" index="1" bw="11" slack="0"/>
</pin_list>
<bind>
<opset="i4 "/>
</bind>
</comp>

<comp id="194" class="1005" name="trunc_ln651_reg_194">
<pin_list>
<pin id="195" dir="0" index="0" bw="10" slack="14"/>
<pin id="196" dir="1" index="1" bw="10" slack="14"/>
</pin_list>
<bind>
<opset="trunc_ln651 "/>
</bind>
</comp>

<comp id="202" class="1005" name="mean_addr_reg_202">
<pin_list>
<pin id="203" dir="0" index="0" bw="10" slack="1"/>
<pin id="204" dir="1" index="1" bw="10" slack="1"/>
</pin_list>
<bind>
<opset="mean_addr "/>
</bind>
</comp>

<comp id="207" class="1005" name="var_addr_reg_207">
<pin_list>
<pin id="208" dir="0" index="0" bw="10" slack="1"/>
<pin id="209" dir="1" index="1" bw="10" slack="1"/>
</pin_list>
<bind>
<opset="var_addr "/>
</bind>
</comp>

<comp id="212" class="1005" name="mean_load_reg_212">
<pin_list>
<pin id="213" dir="0" index="0" bw="32" slack="13"/>
<pin id="214" dir="1" index="1" bw="32" slack="13"/>
</pin_list>
<bind>
<opset="mean_load "/>
</bind>
</comp>

<comp id="217" class="1005" name="var_load_reg_217">
<pin_list>
<pin id="218" dir="0" index="0" bw="32" slack="1"/>
<pin id="219" dir="1" index="1" bw="32" slack="1"/>
</pin_list>
<bind>
<opset="var_load "/>
</bind>
</comp>

<comp id="222" class="1005" name="conv_reg_222">
<pin_list>
<pin id="223" dir="0" index="0" bw="64" slack="1"/>
<pin id="224" dir="1" index="1" bw="64" slack="1"/>
</pin_list>
<bind>
<opset="conv "/>
</bind>
</comp>

<comp id="227" class="1005" name="add_reg_227">
<pin_list>
<pin id="228" dir="0" index="0" bw="64" slack="1"/>
<pin id="229" dir="1" index="1" bw="64" slack="1"/>
</pin_list>
<bind>
<opset="add "/>
</bind>
</comp>

<comp id="232" class="1005" name="v_reg_232">
<pin_list>
<pin id="233" dir="0" index="0" bw="32" slack="1"/>
<pin id="234" dir="1" index="1" bw="32" slack="1"/>
</pin_list>
<bind>
<opset="v "/>
</bind>
</comp>

<comp id="237" class="1005" name="v1_reg_237">
<pin_list>
<pin id="238" dir="0" index="0" bw="32" slack="1"/>
<pin id="239" dir="1" index="1" bw="32" slack="1"/>
</pin_list>
<bind>
<opset="v1 "/>
</bind>
</comp>

<comp id="242" class="1005" name="tmp_s_reg_242">
<pin_list>
<pin id="243" dir="0" index="0" bw="19" slack="1"/>
<pin id="244" dir="1" index="1" bw="19" slack="1"/>
</pin_list>
<bind>
<opset="tmp_s "/>
</bind>
</comp>

<comp id="247" class="1004" name="grp_fu_247">
<pin_list>
<pin id="248" dir="0" index="0" bw="32" slack="2147483647"/>
<pin id="249" dir="0" index="1" bw="32" slack="2147483647"/>
<pin id="250" dir="1" index="2" bw="32" slack="2147483647"/>
</pin_list>
<bind>
<opcode="fadd(9) fsub(11) " fcode="fadd"/>
<opset="v275/4 v279/7 v288/6 v294/3 "/>
</bind>
</comp>

<comp id="251" class="1004" name="grp_fu_251">
<pin_list>
<pin id="252" dir="0" index="0" bw="32" slack="2147483647"/>
<pin id="253" dir="0" index="1" bw="32" slack="2147483647"/>
<pin id="254" dir="1" index="2" bw="32" slack="2147483647"/>
</pin_list>
<bind>
<opcode="fmul(13) " fcode="fmul"/>
<opset="v277/5 v287/4 "/>
</bind>
</comp>

</comp_list>

<net_list>
<net id="53"><net_src comp="4" pin="0"/><net_sink comp="50" pin=0"/></net>

<net id="57"><net_src comp="6" pin="0"/><net_sink comp="54" pin=0"/></net>

<net id="61"><net_src comp="6" pin="0"/><net_sink comp="58" pin=0"/></net>

<net id="65"><net_src comp="6" pin="0"/><net_sink comp="62" pin=0"/></net>

<net id="71"><net_src comp="30" pin="0"/><net_sink comp="66" pin=1"/></net>

<net id="77"><net_src comp="66" pin="3"/><net_sink comp="72" pin=0"/></net>

<net id="83"><net_src comp="30" pin="0"/><net_sink comp="78" pin=1"/></net>

<net id="89"><net_src comp="78" pin="3"/><net_sink comp="84" pin=0"/></net>

<net id="94"><net_src comp="8" pin="0"/><net_sink comp="90" pin=0"/></net>

<net id="95"><net_src comp="54" pin="1"/><net_sink comp="90" pin=1"/></net>

<net id="100"><net_src comp="10" pin="0"/><net_sink comp="96" pin=0"/></net>

<net id="101"><net_src comp="58" pin="1"/><net_sink comp="96" pin=1"/></net>

<net id="108"><net_src comp="14" pin="0"/><net_sink comp="102" pin=0"/></net>

<net id="109"><net_src comp="0" pin="0"/><net_sink comp="102" pin=1"/></net>

<net id="116"><net_src comp="16" pin="0"/><net_sink comp="110" pin=0"/></net>

<net id="125"><net_src comp="40" pin="0"/><net_sink comp="117" pin=0"/></net>

<net id="126"><net_src comp="0" pin="0"/><net_sink comp="117" pin=2"/></net>

<net id="127"><net_src comp="2" pin="0"/><net_sink comp="117" pin=3"/></net>

<net id="138"><net_src comp="34" pin="0"/><net_sink comp="134" pin=0"/></net>

<net id="143"><net_src comp="32" pin="0"/><net_sink comp="139" pin=1"/></net>

<net id="148"><net_src comp="12" pin="0"/><net_sink comp="144" pin=0"/></net>

<net id="155"><net_src comp="149" pin="1"/><net_sink comp="152" pin=0"/></net>

<net id="160"><net_src comp="149" pin="1"/><net_sink comp="156" pin=0"/></net>

<net id="161"><net_src comp="26" pin="0"/><net_sink comp="156" pin=1"/></net>

<net id="166"><net_src comp="149" pin="1"/><net_sink comp="162" pin=0"/></net>

<net id="167"><net_src comp="28" pin="0"/><net_sink comp="162" pin=1"/></net>

<net id="171"><net_src comp="149" pin="1"/><net_sink comp="168" pin=0"/></net>

<net id="172"><net_src comp="168" pin="1"/><net_sink comp="66" pin=2"/></net>

<net id="173"><net_src comp="168" pin="1"/><net_sink comp="78" pin=2"/></net>

<net id="178"><net_src comp="162" pin="2"/><net_sink comp="174" pin=0"/></net>

<net id="184"><net_src comp="36" pin="0"/><net_sink comp="179" pin=0"/></net>

<net id="185"><net_src comp="38" pin="0"/><net_sink comp="179" pin=2"/></net>

<net id="186"><net_src comp="179" pin="3"/><net_sink comp="117" pin=1"/></net>

<net id="190"><net_src comp="50" pin="1"/><net_sink comp="187" pin=0"/></net>

<net id="191"><net_src comp="187" pin="1"/><net_sink comp="144" pin=1"/></net>

<net id="192"><net_src comp="187" pin="1"/><net_sink comp="149" pin=0"/></net>

<net id="193"><net_src comp="187" pin="1"/><net_sink comp="174" pin=1"/></net>

<net id="197"><net_src comp="152" pin="1"/><net_sink comp="194" pin=0"/></net>

<net id="198"><net_src comp="194" pin="1"/><net_sink comp="179" pin=1"/></net>

<net id="205"><net_src comp="66" pin="3"/><net_sink comp="202" pin=0"/></net>

<net id="206"><net_src comp="202" pin="1"/><net_sink comp="72" pin=0"/></net>

<net id="210"><net_src comp="78" pin="3"/><net_sink comp="207" pin=0"/></net>

<net id="211"><net_src comp="207" pin="1"/><net_sink comp="84" pin=0"/></net>

<net id="215"><net_src comp="72" pin="3"/><net_sink comp="212" pin=0"/></net>

<net id="216"><net_src comp="212" pin="1"/><net_sink comp="117" pin=4"/></net>

<net id="220"><net_src comp="84" pin="3"/><net_sink comp="217" pin=0"/></net>

<net id="221"><net_src comp="217" pin="1"/><net_sink comp="131" pin=0"/></net>

<net id="225"><net_src comp="131" pin="1"/><net_sink comp="222" pin=0"/></net>

<net id="226"><net_src comp="222" pin="1"/><net_sink comp="139" pin=0"/></net>

<net id="230"><net_src comp="139" pin="2"/><net_sink comp="227" pin=0"/></net>

<net id="231"><net_src comp="227" pin="1"/><net_sink comp="128" pin=0"/></net>

<net id="235"><net_src comp="128" pin="1"/><net_sink comp="232" pin=0"/></net>

<net id="236"><net_src comp="232" pin="1"/><net_sink comp="134" pin=1"/></net>

<net id="240"><net_src comp="134" pin="2"/><net_sink comp="237" pin=0"/></net>

<net id="241"><net_src comp="237" pin="1"/><net_sink comp="117" pin=5"/></net>

<net id="245"><net_src comp="179" pin="3"/><net_sink comp="242" pin=0"/></net>

<net id="246"><net_src comp="242" pin="1"/><net_sink comp="117" pin=1"/></net>

</net_list>

</model> 
---------------- Datapath Model END ------------------

* FSMD analyzer results:
  - Output states:
	Port: v265 | {21 22 }
 - Input state : 
	Port: layer_norm : v262 | {3 4 21 22 }
  - Chain level:
	State 1
		call_ln0 : 1
		call_ln0 : 1
		store_ln651 : 1
	State 2
	State 3
	State 4
	State 5
	State 6
	State 7
		trunc_ln651 : 1
		icmp_ln651 : 1
		add_ln651 : 1
		br_ln651 : 2
		zext_ln651 : 1
		mean_addr : 2
		mean_load : 3
		var_addr : 2
		var_load : 3
		store_ln651 : 2
	State 8
	State 9
	State 10
	State 11
	State 12
	State 13
	State 14
	State 15
	State 16
	State 17
	State 18
	State 19
	State 20
	State 21
		call_ln655 : 1
	State 22


============================================================
+ Verbose Summary: Datapath Resource usage 
============================================================

* Functional unit list:
|----------|------------------------------------------------|---------|---------|---------|---------|
| Operation|                 Functional Unit                |   DSP   |  Delay  |    FF   |   LUT   |
|----------|------------------------------------------------|---------|---------|---------|---------|
|          | grp_layer_norm_Pipeline_VITIS_LOOP_617_1_fu_90 |    0    |    0    |    11   |    36   |
|          | grp_layer_norm_Pipeline_VITIS_LOOP_621_2_fu_96 |    0    |    0    |    11   |    36   |
|   call   |  grp_layer_norm_Pipeline_l_sum_i2_l_j1_fu_102  |    5    | 1.61371 |   677   |   522   |
|          |  grp_layer_norm_Pipeline_l_mean_var_i3_fu_110  |    11   |  1.548  |   849   |   529   |
|          |       grp_layer_norm_Pipeline_l_j2_fu_117      |    4    |  0.387  |   640   |   521   |
|----------|------------------------------------------------|---------|---------|---------|---------|
|   dadd   |                   grp_fu_139                   |    3    |    0    |   343   |   708   |
|----------|------------------------------------------------|---------|---------|---------|---------|
|   fadd   |                   grp_fu_247                   |    2    |    0    |   177   |   226   |
|----------|------------------------------------------------|---------|---------|---------|---------|
|   fmul   |                   grp_fu_251                   |    3    |    0    |   128   |    77   |
|----------|------------------------------------------------|---------|---------|---------|---------|
|   icmp   |                icmp_ln651_fu_156               |    0    |    0    |    0    |    18   |
|----------|------------------------------------------------|---------|---------|---------|---------|
|    add   |                add_ln651_fu_162                |    0    |    0    |    0    |    18   |
|----------|------------------------------------------------|---------|---------|---------|---------|
|  fptrunc |                   grp_fu_128                   |    0    |    0    |    0    |    0    |
|----------|------------------------------------------------|---------|---------|---------|---------|
|   fpext  |                   conv_fu_131                  |    0    |    0    |    0    |    0    |
|----------|------------------------------------------------|---------|---------|---------|---------|
|   fsqrt  |                   grp_fu_134                   |    0    |    0    |    0    |    0    |
|----------|------------------------------------------------|---------|---------|---------|---------|
|   trunc  |               trunc_ln651_fu_152               |    0    |    0    |    0    |    0    |
|----------|------------------------------------------------|---------|---------|---------|---------|
|   zext   |                zext_ln651_fu_168               |    0    |    0    |    0    |    0    |
|----------|------------------------------------------------|---------|---------|---------|---------|
|bitconcatenate|                  tmp_s_fu_179                  |    0    |    0    |    0    |    0    |
|----------|------------------------------------------------|---------|---------|---------|---------|
|   Total  |                                                |    28   | 3.54871 |   2836  |   2691  |
|----------|------------------------------------------------|---------|---------|---------|---------|

Memories:
+-----+--------+--------+--------+--------+
|     |  BRAM  |   FF   |   LUT  |  URAM  |
+-----+--------+--------+--------+--------+
| mean|    2   |    0   |    0   |    0   |
|mean2|    2   |    0   |    0   |    0   |
| var |    2   |    0   |    0   |    0   |
+-----+--------+--------+--------+--------+
|Total|    6   |    0   |    0   |    0   |
+-----+--------+--------+--------+--------+

* Register list:
+-------------------+--------+
|                   |   FF   |
+-------------------+--------+
|    add_reg_227    |   64   |
|    conv_reg_222   |   64   |
|     i4_reg_187    |   11   |
| mean_addr_reg_202 |   10   |
| mean_load_reg_212 |   32   |
|   tmp_s_reg_242   |   19   |
|trunc_ln651_reg_194|   10   |
|     v1_reg_237    |   32   |
|     v_reg_232     |   32   |
|  var_addr_reg_207 |   10   |
|  var_load_reg_217 |   32   |
+-------------------+--------+
|       Total       |   316  |
+-------------------+--------+

* Multiplexer (MUX) list: 
|-------------------------------------|------|------|------|--------||---------||---------|
|                 Comp                |  Pin | Size |  BW  | S x BW ||  Delay  ||   LUT   |
|-------------------------------------|------|------|------|--------||---------||---------|
|           grp_access_fu_72          |  p0  |   2  |  10  |   20   ||    9    |
|           grp_access_fu_84          |  p0  |   2  |  10  |   20   ||    9    |
| grp_layer_norm_Pipeline_l_j2_fu_117 |  p1  |   2  |  19  |   38   ||    9    |
|-------------------------------------|------|------|------|--------||---------||---------|
|                Total                |      |      |      |   78   ||  1.161  ||    27   |
|-------------------------------------|------|------|------|--------||---------||---------|



* Summary:
+-----------+--------+--------+--------+--------+--------+--------+
|           |  BRAM  |   DSP  |  Delay |   FF   |   LUT  |  URAM  |
+-----------+--------+--------+--------+--------+--------+--------+
|  Function |    -   |   28   |    3   |  2836  |  2691  |    -   |
|   Memory  |    6   |    -   |    -   |    0   |    0   |    0   |
|Multiplexer|    -   |    -   |    1   |    -   |   27   |    -   |
|  Register |    -   |    -   |    -   |   316  |    -   |    -   |
+-----------+--------+--------+--------+--------+--------+--------+
|   Total   |    6   |   28   |    4   |  3152  |  2718  |    0   |
+-----------+--------+--------+--------+--------+--------+--------+
