

================================================================
== Vitis HLS Report for 'layer_norm_Pipeline_l_j2'
================================================================
* Date:           Wed Feb  5 22:34:03 2025

* Version:        2023.2 (Build 4023990 on Oct 11 2023)
* Project:        DitBlock
* Solution:       hls (Vivado IP Flow Target)
* Product family: virtexuplusHBM
* Target device:  xcu280-fsvh2892-2L-e


================================================================
== Performance Estimates
================================================================
+ Timing: 
    * Summary: 
    +--------+----------+----------+------------+
    |  Clock |  Target  | Estimated| Uncertainty|
    +--------+----------+----------+------------+
    |ap_clk  |  10.00 ns|  7.069 ns|     2.70 ns|
    +--------+----------+----------+------------+

+ Latency: 
    * Summary: 
    +---------+---------+----------+----------+-----+-----+---------+
    |  Latency (cycles) |  Latency (absolute) |  Interval | Pipeline|
    |   min   |   max   |    min   |    max   | min | max |   Type  |
    +---------+---------+----------+----------+-----+-----+---------+
    |      527|      527|  5.270 us|  5.270 us|  527|  527|       no|
    +---------+---------+----------+----------+-----+-----+---------+

    + Detail: 
        * Instance: 
        N/A

        * Loop: 
        +----------+---------+---------+----------+-----------+-----------+------+----------+
        |          |  Latency (cycles) | Iteration|  Initiation Interval  | Trip |          |
        | Loop Name|   min   |   max   |  Latency |  achieved |   target  | Count| Pipelined|
        +----------+---------+---------+----------+-----------+-----------+------+----------+
        |- l_j2    |      525|      525|        15|          1|          1|   512|       yes|
        +----------+---------+---------+----------+-----------+-----------+------+----------+

============================================================
+ Verbose Summary: Synthesis Manager
============================================================
InlineROM: 1
ExposeGlobal: 0
============================================================
+ Verbose Summary: CDFG Model
============================================================
IsTopModel: 0
ResetActiveHigh: 1
IsCombinational: 0
IsDatapathOnly: 0
HasWiredReturn: 1
HasMFsm: 2
HasVarLatency: 1
IsPipeline: 0
IsRtlPipelined: 0
IsInstanceOverlapped: 0
IsDontTouch: 0
HasImplIP: 0
IsGatedGlobalClock: 0

+ Individual pipeline summary: 
  * Pipeline-0: initiation interval (II) = 1, depth = 15


============================================================
+ Verbose Summary: Schedule
============================================================
* Number of FSM states : 15
* Pipeline : 1
  Pipeline-0 : II = 1, D = 15, States = { 1 2 3 4 5 6 7 8 9 10 11 12 13 14 15 }
* Dataflow Pipeline: 0

* FSM state transitions: 
1 --> 2 
2 --> 3 
3 --> 4 
4 --> 5 
5 --> 6 
6 --> 7 
7 --> 8 
8 --> 9 
9 --> 10 
10 --> 11 
11 --> 12 
12 --> 13 
13 --> 14 
14 --> 15 
15 --> 

* FSM state operations: 

State 1 <SV = 0> <Delay = 3.85>
ST_1 : Operation 18 [1/1] (0.00ns)   --->   "%j2 = alloca i32 1" [/home/silvenchen/Desktop/DitBlock/WorkDCT/DitBlock/kernel.cpp:652]   --->   Operation 18 'alloca' 'j2' <Predicate = true> <Delay = 0.00>
ST_1 : Operation 19 [1/1] (0.00ns)   --->   "%specmemcore_ln0 = specmemcore void @_ssdm_op_SpecMemCore, i32 %v262, i64 666, i64 24, i64 18446744073709551615"   --->   Operation 19 'specmemcore' 'specmemcore_ln0' <Predicate = true> <Delay = 0.00>
ST_1 : Operation 20 [1/1] (0.00ns)   --->   "%specmemcore_ln0 = specmemcore void @_ssdm_op_SpecMemCore, i32 %v265, i64 666, i64 24, i64 18446744073709551615"   --->   Operation 20 'specmemcore' 'specmemcore_ln0' <Predicate = true> <Delay = 0.00>
ST_1 : Operation 21 [1/1] (0.00ns)   --->   "%v298_read = read i32 @_ssdm_op_Read.ap_auto.float, i32 %v298"   --->   Operation 21 'read' 'v298_read' <Predicate = true> <Delay = 0.00>
ST_1 : Operation 22 [1/1] (0.00ns)   --->   "%v293_read = read i32 @_ssdm_op_Read.ap_auto.float, i32 %v293"   --->   Operation 22 'read' 'v293_read' <Predicate = true> <Delay = 0.00>
ST_1 : Operation 23 [1/1] (0.00ns)   --->   "%zext_ln655_read = read i19 @_ssdm_op_Read.ap_auto.i19, i19 %zext_ln655"   --->   Operation 23 'read' 'zext_ln655_read' <Predicate = true> <Delay = 0.00>
ST_1 : Operation 24 [1/1] (0.38ns)   --->   "%store_ln652 = store i10 0, i10 %j2" [/home/silvenchen/Desktop/DitBlock/WorkDCT/DitBlock/kernel.cpp:652]   --->   Operation 24 'store' 'store_ln652' <Predicate = true> <Delay = 0.38>
ST_1 : Operation 25 [1/1] (0.00ns)   --->   "%br_ln0 = br void %for.inc94"   --->   Operation 25 'br' 'br_ln0' <Predicate = true> <Delay = 0.00>
ST_1 : Operation 26 [1/1] (0.00ns)   --->   "%j2_1 = load i10 %j2" [/home/silvenchen/Desktop/DitBlock/WorkDCT/DitBlock/kernel.cpp:652]   --->   Operation 26 'load' 'j2_1' <Predicate = true> <Delay = 0.00>
ST_1 : Operation 27 [1/1] (0.72ns)   --->   "%icmp_ln652 = icmp_eq  i10 %j2_1, i10 512" [/home/silvenchen/Desktop/DitBlock/WorkDCT/DitBlock/kernel.cpp:652]   --->   Operation 27 'icmp' 'icmp_ln652' <Predicate = true> <Delay = 0.72> <CoreInst = "Cmp">   --->   Core 9 'Cmp' <Latency = 0> <II = 1> <Delay = 0.72> <FuncUnit> <Opcode : 'icmp'> <InPorts = 2> <OutPorts = 1>
ST_1 : Operation 28 [1/1] (0.72ns)   --->   "%add_ln652 = add i10 %j2_1, i10 1" [/home/silvenchen/Desktop/DitBlock/WorkDCT/DitBlock/kernel.cpp:652]   --->   Operation 28 'add' 'add_ln652' <Predicate = true> <Delay = 0.72> <CoreInst = "Adder">   --->   Core 1 'Adder' <Latency = 0> <II = 1> <Delay = 0.72> <FuncUnit> <Opcode : 'add' 'sub'> <InPorts = 2> <OutPorts = 1>
ST_1 : Operation 29 [1/1] (0.00ns)   --->   "%br_ln652 = br i1 %icmp_ln652, void %for.inc94.split, void %for.inc97.exitStub" [/home/silvenchen/Desktop/DitBlock/WorkDCT/DitBlock/kernel.cpp:652]   --->   Operation 29 'br' 'br_ln652' <Predicate = true> <Delay = 0.00>
ST_1 : Operation 30 [1/1] (0.00ns)   --->   "%zext_ln655_1 = zext i10 %j2_1" [/home/silvenchen/Desktop/DitBlock/WorkDCT/DitBlock/kernel.cpp:655]   --->   Operation 30 'zext' 'zext_ln655_1' <Predicate = (!icmp_ln652)> <Delay = 0.00>
ST_1 : Operation 31 [1/1] (0.80ns)   --->   "%add_ln655 = add i19 %zext_ln655_read, i19 %zext_ln655_1" [/home/silvenchen/Desktop/DitBlock/WorkDCT/DitBlock/kernel.cpp:655]   --->   Operation 31 'add' 'add_ln655' <Predicate = (!icmp_ln652)> <Delay = 0.80> <CoreInst = "Adder">   --->   Core 1 'Adder' <Latency = 0> <II = 1> <Delay = 0.80> <FuncUnit> <Opcode : 'add' 'sub'> <InPorts = 2> <OutPorts = 1>
ST_1 : Operation 32 [1/1] (0.00ns)   --->   "%zext_ln655_2 = zext i19 %add_ln655" [/home/silvenchen/Desktop/DitBlock/WorkDCT/DitBlock/kernel.cpp:655]   --->   Operation 32 'zext' 'zext_ln655_2' <Predicate = (!icmp_ln652)> <Delay = 0.00>
ST_1 : Operation 33 [1/1] (0.00ns)   --->   "%v262_addr = getelementptr i32 %v262, i64 0, i64 %zext_ln655_2" [/home/silvenchen/Desktop/DitBlock/WorkDCT/DitBlock/kernel.cpp:655]   --->   Operation 33 'getelementptr' 'v262_addr' <Predicate = (!icmp_ln652)> <Delay = 0.00>
ST_1 : Operation 34 [2/2] (2.66ns)   --->   "%v292 = load i19 %v262_addr" [/home/silvenchen/Desktop/DitBlock/WorkDCT/DitBlock/kernel.cpp:655]   --->   Operation 34 'load' 'v292' <Predicate = (!icmp_ln652)> <Delay = 2.66> <CoreInst = "RAM_2P_URAM">   --->   Core 95 'RAM_2P_URAM' <Latency = 1> <II = 1> <Delay = 2.66> <Storage> <Opcode : 'load' 'store'> <Ports = 2> <Width = 32> <Depth = 524288> <RAM>
ST_1 : Operation 35 [1/1] (0.38ns)   --->   "%store_ln652 = store i10 %add_ln652, i10 %j2" [/home/silvenchen/Desktop/DitBlock/WorkDCT/DitBlock/kernel.cpp:652]   --->   Operation 35 'store' 'store_ln652' <Predicate = (!icmp_ln652)> <Delay = 0.38>

State 2 <SV = 1> <Delay = 2.66>
ST_2 : Operation 36 [1/2] (2.66ns)   --->   "%v292 = load i19 %v262_addr" [/home/silvenchen/Desktop/DitBlock/WorkDCT/DitBlock/kernel.cpp:655]   --->   Operation 36 'load' 'v292' <Predicate = true> <Delay = 2.66> <CoreInst = "RAM_2P_URAM">   --->   Core 95 'RAM_2P_URAM' <Latency = 1> <II = 1> <Delay = 2.66> <Storage> <Opcode : 'load' 'store'> <Ports = 2> <Width = 32> <Depth = 524288> <RAM>

State 3 <SV = 2> <Delay = 6.14>
ST_3 : Operation 37 [3/3] (6.14ns)   --->   "%v294 = fsub i32 %v292, i32 %v293_read" [/home/silvenchen/Desktop/DitBlock/WorkDCT/DitBlock/kernel.cpp:657]   --->   Operation 37 'fsub' 'v294' <Predicate = true> <Delay = 6.14> <CoreInst = "FAddSub_fulldsp">   --->   Core 18 'FAddSub_fulldsp' <Latency = 2> <II = 1> <Delay = 6.14> <FuncUnit> <Opcode : 'fadd' 'fsub'> <InPorts = 2> <OutPorts = 1>

State 4 <SV = 3> <Delay = 6.14>
ST_4 : Operation 38 [2/3] (6.14ns)   --->   "%v294 = fsub i32 %v292, i32 %v293_read" [/home/silvenchen/Desktop/DitBlock/WorkDCT/DitBlock/kernel.cpp:657]   --->   Operation 38 'fsub' 'v294' <Predicate = true> <Delay = 6.14> <CoreInst = "FAddSub_fulldsp">   --->   Core 18 'FAddSub_fulldsp' <Latency = 2> <II = 1> <Delay = 6.14> <FuncUnit> <Opcode : 'fadd' 'fsub'> <InPorts = 2> <OutPorts = 1>

State 5 <SV = 4> <Delay = 6.14>
ST_5 : Operation 39 [1/3] (6.14ns)   --->   "%v294 = fsub i32 %v292, i32 %v293_read" [/home/silvenchen/Desktop/DitBlock/WorkDCT/DitBlock/kernel.cpp:657]   --->   Operation 39 'fsub' 'v294' <Predicate = true> <Delay = 6.14> <CoreInst = "FAddSub_fulldsp">   --->   Core 18 'FAddSub_fulldsp' <Latency = 2> <II = 1> <Delay = 6.14> <FuncUnit> <Opcode : 'fadd' 'fsub'> <InPorts = 2> <OutPorts = 1>

State 6 <SV = 5> <Delay = 7.06>
ST_6 : Operation 40 [6/6] (7.06ns)   --->   "%v299 = fdiv i32 %v294, i32 %v298_read" [/home/silvenchen/Desktop/DitBlock/WorkDCT/DitBlock/kernel.cpp:662]   --->   Operation 40 'fdiv' 'v299' <Predicate = true> <Delay = 7.06> <CoreInst = "FDiv">   --->   Core 20 'FDiv' <Latency = 5> <II = 1> <Delay = 7.06> <FuncUnit> <Opcode : 'fdiv' 'frem'> <InPorts = 2> <OutPorts = 1>

State 7 <SV = 6> <Delay = 7.06>
ST_7 : Operation 41 [5/6] (7.06ns)   --->   "%v299 = fdiv i32 %v294, i32 %v298_read" [/home/silvenchen/Desktop/DitBlock/WorkDCT/DitBlock/kernel.cpp:662]   --->   Operation 41 'fdiv' 'v299' <Predicate = true> <Delay = 7.06> <CoreInst = "FDiv">   --->   Core 20 'FDiv' <Latency = 5> <II = 1> <Delay = 7.06> <FuncUnit> <Opcode : 'fdiv' 'frem'> <InPorts = 2> <OutPorts = 1>

State 8 <SV = 7> <Delay = 7.06>
ST_8 : Operation 42 [4/6] (7.06ns)   --->   "%v299 = fdiv i32 %v294, i32 %v298_read" [/home/silvenchen/Desktop/DitBlock/WorkDCT/DitBlock/kernel.cpp:662]   --->   Operation 42 'fdiv' 'v299' <Predicate = true> <Delay = 7.06> <CoreInst = "FDiv">   --->   Core 20 'FDiv' <Latency = 5> <II = 1> <Delay = 7.06> <FuncUnit> <Opcode : 'fdiv' 'frem'> <InPorts = 2> <OutPorts = 1>

State 9 <SV = 8> <Delay = 7.06>
ST_9 : Operation 43 [3/6] (7.06ns)   --->   "%v299 = fdiv i32 %v294, i32 %v298_read" [/home/silvenchen/Desktop/DitBlock/WorkDCT/DitBlock/kernel.cpp:662]   --->   Operation 43 'fdiv' 'v299' <Predicate = true> <Delay = 7.06> <CoreInst = "FDiv">   --->   Core 20 'FDiv' <Latency = 5> <II = 1> <Delay = 7.06> <FuncUnit> <Opcode : 'fdiv' 'frem'> <InPorts = 2> <OutPorts = 1>

State 10 <SV = 9> <Delay = 7.06>
ST_10 : Operation 44 [2/6] (7.06ns)   --->   "%v299 = fdiv i32 %v294, i32 %v298_read" [/home/silvenchen/Desktop/DitBlock/WorkDCT/DitBlock/kernel.cpp:662]   --->   Operation 44 'fdiv' 'v299' <Predicate = true> <Delay = 7.06> <CoreInst = "FDiv">   --->   Core 20 'FDiv' <Latency = 5> <II = 1> <Delay = 7.06> <FuncUnit> <Opcode : 'fdiv' 'frem'> <InPorts = 2> <OutPorts = 1>

State 11 <SV = 10> <Delay = 7.06>
ST_11 : Operation 45 [1/6] (7.06ns)   --->   "%v299 = fdiv i32 %v294, i32 %v298_read" [/home/silvenchen/Desktop/DitBlock/WorkDCT/DitBlock/kernel.cpp:662]   --->   Operation 45 'fdiv' 'v299' <Predicate = true> <Delay = 7.06> <CoreInst = "FDiv">   --->   Core 20 'FDiv' <Latency = 5> <II = 1> <Delay = 7.06> <FuncUnit> <Opcode : 'fdiv' 'frem'> <InPorts = 2> <OutPorts = 1>

State 12 <SV = 11> <Delay = 6.14>
ST_12 : Operation 46 [3/3] (6.14ns)   --->   "%v301 = fadd i32 %v299, i32 0" [/home/silvenchen/Desktop/DitBlock/WorkDCT/DitBlock/kernel.cpp:665]   --->   Operation 46 'fadd' 'v301' <Predicate = true> <Delay = 6.14> <CoreInst = "FAddSub_fulldsp">   --->   Core 18 'FAddSub_fulldsp' <Latency = 2> <II = 1> <Delay = 6.14> <FuncUnit> <Opcode : 'fadd' 'fsub'> <InPorts = 2> <OutPorts = 1>

State 13 <SV = 12> <Delay = 6.14>
ST_13 : Operation 47 [2/3] (6.14ns)   --->   "%v301 = fadd i32 %v299, i32 0" [/home/silvenchen/Desktop/DitBlock/WorkDCT/DitBlock/kernel.cpp:665]   --->   Operation 47 'fadd' 'v301' <Predicate = true> <Delay = 6.14> <CoreInst = "FAddSub_fulldsp">   --->   Core 18 'FAddSub_fulldsp' <Latency = 2> <II = 1> <Delay = 6.14> <FuncUnit> <Opcode : 'fadd' 'fsub'> <InPorts = 2> <OutPorts = 1>

State 14 <SV = 13> <Delay = 6.14>
ST_14 : Operation 48 [1/3] (6.14ns)   --->   "%v301 = fadd i32 %v299, i32 0" [/home/silvenchen/Desktop/DitBlock/WorkDCT/DitBlock/kernel.cpp:665]   --->   Operation 48 'fadd' 'v301' <Predicate = true> <Delay = 6.14> <CoreInst = "FAddSub_fulldsp">   --->   Core 18 'FAddSub_fulldsp' <Latency = 2> <II = 1> <Delay = 6.14> <FuncUnit> <Opcode : 'fadd' 'fsub'> <InPorts = 2> <OutPorts = 1>
ST_14 : Operation 55 [1/1] (0.00ns)   --->   "%ret_ln0 = ret"   --->   Operation 55 'ret' 'ret_ln0' <Predicate = (icmp_ln652)> <Delay = 0.00>

State 15 <SV = 14> <Delay = 2.66>
ST_15 : Operation 49 [1/1] (0.00ns)   --->   "%v265_addr = getelementptr i32 %v265, i64 0, i64 %zext_ln655_2" [/home/silvenchen/Desktop/DitBlock/WorkDCT/DitBlock/kernel.cpp:666]   --->   Operation 49 'getelementptr' 'v265_addr' <Predicate = true> <Delay = 0.00>
ST_15 : Operation 50 [1/1] (0.00ns)   --->   "%specpipeline_ln652 = specpipeline void @_ssdm_op_SpecPipeline, i32 4294967295, i32 0, i32 0, i32 0, void @empty_219" [/home/silvenchen/Desktop/DitBlock/WorkDCT/DitBlock/kernel.cpp:652]   --->   Operation 50 'specpipeline' 'specpipeline_ln652' <Predicate = true> <Delay = 0.00>
ST_15 : Operation 51 [1/1] (0.00ns)   --->   "%speclooptripcount_ln652 = speclooptripcount void @_ssdm_op_SpecLoopTripCount, i64 512, i64 512, i64 512" [/home/silvenchen/Desktop/DitBlock/WorkDCT/DitBlock/kernel.cpp:652]   --->   Operation 51 'speclooptripcount' 'speclooptripcount_ln652' <Predicate = true> <Delay = 0.00>
ST_15 : Operation 52 [1/1] (0.00ns)   --->   "%specloopname_ln652 = specloopname void @_ssdm_op_SpecLoopName, void @empty_206" [/home/silvenchen/Desktop/DitBlock/WorkDCT/DitBlock/kernel.cpp:652]   --->   Operation 52 'specloopname' 'specloopname_ln652' <Predicate = true> <Delay = 0.00>
ST_15 : Operation 53 [1/1] (2.66ns)   --->   "%store_ln666 = store i32 %v301, i19 %v265_addr" [/home/silvenchen/Desktop/DitBlock/WorkDCT/DitBlock/kernel.cpp:666]   --->   Operation 53 'store' 'store_ln666' <Predicate = true> <Delay = 2.66> <CoreInst = "RAM_2P_URAM">   --->   Core 95 'RAM_2P_URAM' <Latency = 1> <II = 1> <Delay = 2.66> <Storage> <Opcode : 'load' 'store'> <Ports = 2> <Width = 32> <Depth = 524288> <RAM>
ST_15 : Operation 54 [1/1] (0.00ns)   --->   "%br_ln652 = br void %for.inc94" [/home/silvenchen/Desktop/DitBlock/WorkDCT/DitBlock/kernel.cpp:652]   --->   Operation 54 'br' 'br_ln652' <Predicate = true> <Delay = 0.00>


============================================================
+ Verbose Summary: Timing violations
============================================================
Target clock period: 10.000ns, clock uncertainty: 2.700ns.

 <State 1>: 3.854ns
The critical path consists of the following:
	'store' operation 0 bit ('store_ln652', /home/silvenchen/Desktop/DitBlock/WorkDCT/DitBlock/kernel.cpp:652) of constant 0 on local variable 'j2', /home/silvenchen/Desktop/DitBlock/WorkDCT/DitBlock/kernel.cpp:652 [12]  (0.387 ns)
	'load' operation 10 bit ('j2', /home/silvenchen/Desktop/DitBlock/WorkDCT/DitBlock/kernel.cpp:652) on local variable 'j2', /home/silvenchen/Desktop/DitBlock/WorkDCT/DitBlock/kernel.cpp:652 [15]  (0.000 ns)
	'add' operation 19 bit ('add_ln655', /home/silvenchen/Desktop/DitBlock/WorkDCT/DitBlock/kernel.cpp:655) [21]  (0.803 ns)
	'getelementptr' operation 19 bit ('v262_addr', /home/silvenchen/Desktop/DitBlock/WorkDCT/DitBlock/kernel.cpp:655) [23]  (0.000 ns)
	'load' operation 32 bit ('v292', /home/silvenchen/Desktop/DitBlock/WorkDCT/DitBlock/kernel.cpp:655) on array 'v262' [28]  (2.664 ns)

 <State 2>: 2.664ns
The critical path consists of the following:
	'load' operation 32 bit ('v292', /home/silvenchen/Desktop/DitBlock/WorkDCT/DitBlock/kernel.cpp:655) on array 'v262' [28]  (2.664 ns)

 <State 3>: 6.149ns
The critical path consists of the following:
	'fsub' operation 32 bit ('v294', /home/silvenchen/Desktop/DitBlock/WorkDCT/DitBlock/kernel.cpp:657) [29]  (6.149 ns)

 <State 4>: 6.149ns
The critical path consists of the following:
	'fsub' operation 32 bit ('v294', /home/silvenchen/Desktop/DitBlock/WorkDCT/DitBlock/kernel.cpp:657) [29]  (6.149 ns)

 <State 5>: 6.149ns
The critical path consists of the following:
	'fsub' operation 32 bit ('v294', /home/silvenchen/Desktop/DitBlock/WorkDCT/DitBlock/kernel.cpp:657) [29]  (6.149 ns)

 <State 6>: 7.069ns
The critical path consists of the following:
	'fdiv' operation 32 bit ('v299', /home/silvenchen/Desktop/DitBlock/WorkDCT/DitBlock/kernel.cpp:662) [30]  (7.069 ns)

 <State 7>: 7.069ns
The critical path consists of the following:
	'fdiv' operation 32 bit ('v299', /home/silvenchen/Desktop/DitBlock/WorkDCT/DitBlock/kernel.cpp:662) [30]  (7.069 ns)

 <State 8>: 7.069ns
The critical path consists of the following:
	'fdiv' operation 32 bit ('v299', /home/silvenchen/Desktop/DitBlock/WorkDCT/DitBlock/kernel.cpp:662) [30]  (7.069 ns)

 <State 9>: 7.069ns
The critical path consists of the following:
	'fdiv' operation 32 bit ('v299', /home/silvenchen/Desktop/DitBlock/WorkDCT/DitBlock/kernel.cpp:662) [30]  (7.069 ns)

 <State 10>: 7.069ns
The critical path consists of the following:
	'fdiv' operation 32 bit ('v299', /home/silvenchen/Desktop/DitBlock/WorkDCT/DitBlock/kernel.cpp:662) [30]  (7.069 ns)

 <State 11>: 7.069ns
The critical path consists of the following:
	'fdiv' operation 32 bit ('v299', /home/silvenchen/Desktop/DitBlock/WorkDCT/DitBlock/kernel.cpp:662) [30]  (7.069 ns)

 <State 12>: 6.149ns
The critical path consists of the following:
	'fadd' operation 32 bit ('v301', /home/silvenchen/Desktop/DitBlock/WorkDCT/DitBlock/kernel.cpp:665) [31]  (6.149 ns)

 <State 13>: 6.149ns
The critical path consists of the following:
	'fadd' operation 32 bit ('v301', /home/silvenchen/Desktop/DitBlock/WorkDCT/DitBlock/kernel.cpp:665) [31]  (6.149 ns)

 <State 14>: 6.149ns
The critical path consists of the following:
	'fadd' operation 32 bit ('v301', /home/silvenchen/Desktop/DitBlock/WorkDCT/DitBlock/kernel.cpp:665) [31]  (6.149 ns)

 <State 15>: 2.664ns
The critical path consists of the following:
	'getelementptr' operation 19 bit ('v265_addr', /home/silvenchen/Desktop/DitBlock/WorkDCT/DitBlock/kernel.cpp:666) [24]  (0.000 ns)
	'store' operation 0 bit ('store_ln666', /home/silvenchen/Desktop/DitBlock/WorkDCT/DitBlock/kernel.cpp:666) of variable 'v301', /home/silvenchen/Desktop/DitBlock/WorkDCT/DitBlock/kernel.cpp:665 on array 'v265' [32]  (2.664 ns)


============================================================
+ Verbose Summary: Binding
============================================================
N/A
* FSMD analyzer results:
  - Output states:
 - Input state : 
  - Chain level:
	State 1
	State 2
	State 3
	State 4
	State 5
	State 6
	State 7
	State 8
	State 9
	State 10
	State 11
	State 12
	State 13
	State 14
	State 15


============================================================
+ Verbose Summary: Datapath Resource usage 
============================================================
N/A
