

================================================================
== Vitis HLS Report for 'layer_norm_Pipeline_l_mean_var_i3'
================================================================
* Date:           Mon Feb 17 20:37:40 2025

* Version:        2023.2 (Build 4023990 on Oct 11 2023)
* Project:        DitBlock
* Solution:       hls (Vivado IP Flow Target)
* Product family: virtexuplusHBM
* Target device:  xcu280-fsvh2892-2L-e


================================================================
== Performance Estimates
================================================================
+ Timing: 
    * Summary: 
    +--------+----------+----------+------------+
    |  Clock |  Target  | Estimated| Uncertainty|
    +--------+----------+----------+------------+
    |ap_clk  |  10.00 ns|  6.149 ns|     2.70 ns|
    +--------+----------+----------+------------+

+ Latency: 
    * Summary: 
    +---------+---------+-----------+-----------+------+------+---------+
    |  Latency (cycles) |   Latency (absolute)  |   Interval  | Pipeline|
    |   min   |   max   |    min    |    max    |  min |  max |   Type  |
    +---------+---------+-----------+-----------+------+------+---------+
    |     1033|     1033|  10.330 us|  10.330 us|  1033|  1033|       no|
    +---------+---------+-----------+-----------+------+------+---------+

    + Detail: 
        * Instance: 
        N/A

        * Loop: 
        +-----------------+---------+---------+----------+-----------+-----------+------+----------+
        |                 |  Latency (cycles) | Iteration|  Initiation Interval  | Trip |          |
        |    Loop Name    |   min   |   max   |  Latency |  achieved |   target  | Count| Pipelined|
        +-----------------+---------+---------+----------+-----------+-----------+------+----------+
        |- l_mean_var_i3  |     1031|     1031|         9|          1|          1|  1024|       yes|
        +-----------------+---------+---------+----------+-----------+-----------+------+----------+



================================================================
== Utilization Estimates
================================================================
* Summary: 
+---------------------+---------+------+---------+---------+-----+
|         Name        | BRAM_18K|  DSP |    FF   |   LUT   | URAM|
+---------------------+---------+------+---------+---------+-----+
|DSP                  |        -|     -|        -|        -|    -|
|Expression           |        -|     -|        0|       39|    -|
|FIFO                 |        -|     -|        -|        -|    -|
|Instance             |        -|     6|      256|      154|    -|
|Memory               |        -|     -|        -|        -|    -|
|Multiplexer          |        -|     -|        -|       36|    -|
|Register             |        -|     -|      335|       64|    -|
+---------------------+---------+------+---------+---------+-----+
|Total                |        0|     6|      591|      293|    0|
+---------------------+---------+------+---------+---------+-----+
|Available SLR        |     1344|  3008|   869120|   434560|  320|
+---------------------+---------+------+---------+---------+-----+
|Utilization SLR (%)  |        0|    ~0|       ~0|       ~0|    0|
+---------------------+---------+------+---------+---------+-----+
|Available            |     4032|  9024|  2607360|  1303680|  960|
+---------------------+---------+------+---------+---------+-----+
|Utilization (%)      |        0|    ~0|       ~0|       ~0|    0|
+---------------------+---------+------+---------+---------+-----+

+ Detail: 
    * Instance: 
    +------------------------------------+-------------------------------+---------+----+-----+----+-----+
    |              Instance              |             Module            | BRAM_18K| DSP|  FF | LUT| URAM|
    +------------------------------------+-------------------------------+---------+----+-----+----+-----+
    |fmul_32ns_32ns_32_2_max_dsp_1_U210  |fmul_32ns_32ns_32_2_max_dsp_1  |        0|   3|  128|  77|    0|
    |fmul_32ns_32ns_32_2_max_dsp_1_U211  |fmul_32ns_32ns_32_2_max_dsp_1  |        0|   3|  128|  77|    0|
    +------------------------------------+-------------------------------+---------+----+-----+----+-----+
    |Total                               |                               |        0|   6|  256| 154|    0|
    +------------------------------------+-------------------------------+---------+----+-----+----+-----+

    * DSP: 
    N/A

    * Memory: 
    N/A

    * FIFO: 
    N/A

    * Expression: 
    +----------------------+----------+----+---+----+------------+------------+
    |     Variable Name    | Operation| DSP| FF| LUT| Bitwidth P0| Bitwidth P1|
    +----------------------+----------+----+---+----+------------+------------+
    |add_ln507_fu_121_p2   |         +|   0|  0|  18|          11|           1|
    |icmp_ln507_fu_115_p2  |      icmp|   0|  0|  19|          11|          12|
    |ap_enable_pp0         |       xor|   0|  0|   2|           1|           2|
    +----------------------+----------+----+---+----+------------+------------+
    |Total                 |          |   0|  0|  39|          23|          15|
    +----------------------+----------+----+---+----+------------+------------+

    * Multiplexer: 
    +-------------------------+----+-----------+-----+-----------+
    |           Name          | LUT| Input Size| Bits| Total Bits|
    +-------------------------+----+-----------+-----+-----------+
    |ap_done_int              |   9|          2|    1|          2|
    |ap_enable_reg_pp0_iter1  |   9|          2|    1|          2|
    |ap_sig_allocacmp_i3_1    |   9|          2|   11|         22|
    |i3_fu_34                 |   9|          2|   11|         22|
    +-------------------------+----+-----------+-----+-----------+
    |Total                    |  36|          8|   24|         48|
    +-------------------------+----+-----------+-----+-----------+

    * Register: 
    +----------------------------------+----+----+-----+-----------+
    |               Name               | FF | LUT| Bits| Const Bits|
    +----------------------------------+----+----+-----+-----------+
    |ap_CS_fsm                         |   1|   0|    1|          0|
    |ap_done_reg                       |   1|   0|    1|          0|
    |ap_enable_reg_pp0_iter1           |   1|   0|    1|          0|
    |ap_enable_reg_pp0_iter2           |   1|   0|    1|          0|
    |ap_enable_reg_pp0_iter3           |   1|   0|    1|          0|
    |ap_enable_reg_pp0_iter4           |   1|   0|    1|          0|
    |ap_enable_reg_pp0_iter5           |   1|   0|    1|          0|
    |ap_enable_reg_pp0_iter6           |   1|   0|    1|          0|
    |ap_enable_reg_pp0_iter7           |   1|   0|    1|          0|
    |ap_enable_reg_pp0_iter8           |   1|   0|    1|          0|
    |ap_loop_exit_ready_pp0_iter1_reg  |   1|   0|    1|          0|
    |ap_loop_exit_ready_pp0_iter2_reg  |   1|   0|    1|          0|
    |ap_loop_exit_ready_pp0_iter3_reg  |   1|   0|    1|          0|
    |ap_loop_exit_ready_pp0_iter4_reg  |   1|   0|    1|          0|
    |ap_loop_exit_ready_pp0_iter5_reg  |   1|   0|    1|          0|
    |ap_loop_exit_ready_pp0_iter6_reg  |   1|   0|    1|          0|
    |ap_loop_exit_ready_pp0_iter7_reg  |   1|   0|    1|          0|
    |i3_fu_34                          |  11|   0|   11|          0|
    |mean2_addr_reg_160                |  10|   0|   10|          0|
    |mean2_addr_reg_160_pp0_iter1_reg  |  10|   0|   10|          0|
    |mean_addr_reg_154                 |  10|   0|   10|          0|
    |mean_addr_reg_154_pp0_iter1_reg   |  10|   0|   10|          0|
    |v282_reg_176                      |  32|   0|   32|          0|
    |v284_reg_182                      |  32|   0|   32|          0|
    |v287_reg_187                      |  32|   0|   32|          0|
    |v288_reg_192                      |  32|   0|   32|          0|
    |zext_ln507_reg_149                |  11|   0|   64|         53|
    |v284_reg_182                      |  64|  32|   32|          0|
    |zext_ln507_reg_149                |  64|  32|   64|         53|
    +----------------------------------+----+----+-----+-----------+
    |Total                             | 335|  64|  356|        106|
    +----------------------------------+----+----+-----+-----------+



================================================================
== Interface
================================================================
* Summary: 
+---------------------+-----+-----+------------+-----------------------------------+--------------+
|      RTL Ports      | Dir | Bits|  Protocol  |           Source Object           |    C Type    |
+---------------------+-----+-----+------------+-----------------------------------+--------------+
|ap_clk               |   in|    1|  ap_ctrl_hs|  layer_norm_Pipeline_l_mean_var_i3|  return value|
|ap_rst               |   in|    1|  ap_ctrl_hs|  layer_norm_Pipeline_l_mean_var_i3|  return value|
|ap_start             |   in|    1|  ap_ctrl_hs|  layer_norm_Pipeline_l_mean_var_i3|  return value|
|ap_done              |  out|    1|  ap_ctrl_hs|  layer_norm_Pipeline_l_mean_var_i3|  return value|
|ap_idle              |  out|    1|  ap_ctrl_hs|  layer_norm_Pipeline_l_mean_var_i3|  return value|
|ap_ready             |  out|    1|  ap_ctrl_hs|  layer_norm_Pipeline_l_mean_var_i3|  return value|
|grp_fu_247_p_din0    |  out|   32|  ap_ctrl_hs|  layer_norm_Pipeline_l_mean_var_i3|  return value|
|grp_fu_247_p_din1    |  out|   32|  ap_ctrl_hs|  layer_norm_Pipeline_l_mean_var_i3|  return value|
|grp_fu_247_p_dout0   |   in|   32|  ap_ctrl_hs|  layer_norm_Pipeline_l_mean_var_i3|  return value|
|grp_fu_247_p_ce      |  out|    1|  ap_ctrl_hs|  layer_norm_Pipeline_l_mean_var_i3|  return value|
|grp_fu_243_p_din0    |  out|   32|  ap_ctrl_hs|  layer_norm_Pipeline_l_mean_var_i3|  return value|
|grp_fu_243_p_din1    |  out|   32|  ap_ctrl_hs|  layer_norm_Pipeline_l_mean_var_i3|  return value|
|grp_fu_243_p_opcode  |  out|    1|  ap_ctrl_hs|  layer_norm_Pipeline_l_mean_var_i3|  return value|
|grp_fu_243_p_dout0   |   in|   32|  ap_ctrl_hs|  layer_norm_Pipeline_l_mean_var_i3|  return value|
|grp_fu_243_p_ce      |  out|    1|  ap_ctrl_hs|  layer_norm_Pipeline_l_mean_var_i3|  return value|
|mean_address0        |  out|   10|   ap_memory|                               mean|         array|
|mean_ce0             |  out|    1|   ap_memory|                               mean|         array|
|mean_we0             |  out|    1|   ap_memory|                               mean|         array|
|mean_d0              |  out|   32|   ap_memory|                               mean|         array|
|mean_address1        |  out|   10|   ap_memory|                               mean|         array|
|mean_ce1             |  out|    1|   ap_memory|                               mean|         array|
|mean_q1              |   in|   32|   ap_memory|                               mean|         array|
|mean2_address0       |  out|   10|   ap_memory|                              mean2|         array|
|mean2_ce0            |  out|    1|   ap_memory|                              mean2|         array|
|mean2_we0            |  out|    1|   ap_memory|                              mean2|         array|
|mean2_d0             |  out|   32|   ap_memory|                              mean2|         array|
|mean2_address1       |  out|   10|   ap_memory|                              mean2|         array|
|mean2_ce1            |  out|    1|   ap_memory|                              mean2|         array|
|mean2_q1             |   in|   32|   ap_memory|                              mean2|         array|
|var_r_address0       |  out|   10|   ap_memory|                              var_r|         array|
|var_r_ce0            |  out|    1|   ap_memory|                              var_r|         array|
|var_r_we0            |  out|    1|   ap_memory|                              var_r|         array|
|var_r_d0             |  out|   32|   ap_memory|                              var_r|         array|
+---------------------+-----+-----+------------+-----------------------------------+--------------+

============================================================
+ Verbose Summary: Synthesis Manager
============================================================
InlineROM: 1
ExposeGlobal: 0
============================================================
+ Verbose Summary: CDFG Model
============================================================
IsTopModel: 0
ResetActiveHigh: 1
IsCombinational: 2
IsDatapathOnly: 2
HasWiredReturn: 1
HasMFsm: 2
HasVarLatency: 1
IsPipeline: 0
IsRtlPipelined: 0
IsInstanceOverlapped: 0
IsDontTouch: 0
HasImplIP: 0
IsGatedGlobalClock: 0

+ Individual pipeline summary: 
  * Pipeline-0: initiation interval (II) = 1, depth = 9


============================================================
+ Verbose Summary: Schedule
============================================================
* Number of FSM states : 9
* Pipeline : 1
  Pipeline-0 : II = 1, D = 9, States = { 1 2 3 4 5 6 7 8 9 }
* Dataflow Pipeline: 0

* FSM state transitions: 
1 --> 2 
2 --> 3 
3 --> 4 
4 --> 5 
5 --> 6 
6 --> 7 
7 --> 8 
8 --> 9 
9 --> 

* FSM state operations: 

State 1 <SV = 0> <Delay = 1.58>
ST_1 : Operation 12 [1/1] (0.00ns)   --->   "%i3 = alloca i32 1" [/home/silvenchen/Desktop/DitBlock/WorkDCT/DitBlock/kernel.cpp:507]   --->   Operation 12 'alloca' 'i3' <Predicate = true> <Delay = 0.00>
ST_1 : Operation 13 [1/1] (0.38ns)   --->   "%store_ln507 = store i11 0, i11 %i3" [/home/silvenchen/Desktop/DitBlock/WorkDCT/DitBlock/kernel.cpp:507]   --->   Operation 13 'store' 'store_ln507' <Predicate = true> <Delay = 0.38>
ST_1 : Operation 14 [1/1] (0.00ns)   --->   "%br_ln0 = br void %for.inc64"   --->   Operation 14 'br' 'br_ln0' <Predicate = true> <Delay = 0.00>
ST_1 : Operation 15 [1/1] (0.00ns)   --->   "%i3_1 = load i11 %i3" [/home/silvenchen/Desktop/DitBlock/WorkDCT/DitBlock/kernel.cpp:507]   --->   Operation 15 'load' 'i3_1' <Predicate = true> <Delay = 0.00>
ST_1 : Operation 16 [1/1] (0.73ns)   --->   "%icmp_ln507 = icmp_eq  i11 %i3_1, i11 1024" [/home/silvenchen/Desktop/DitBlock/WorkDCT/DitBlock/kernel.cpp:507]   --->   Operation 16 'icmp' 'icmp_ln507' <Predicate = true> <Delay = 0.73> <CoreInst = "Cmp">   --->   Core 9 'Cmp' <Latency = 0> <II = 1> <Delay = 0.74> <FuncUnit> <Opcode : 'icmp'> <InPorts = 2> <OutPorts = 1>
ST_1 : Operation 17 [1/1] (0.73ns)   --->   "%add_ln507 = add i11 %i3_1, i11 1" [/home/silvenchen/Desktop/DitBlock/WorkDCT/DitBlock/kernel.cpp:507]   --->   Operation 17 'add' 'add_ln507' <Predicate = true> <Delay = 0.73> <CoreInst = "Adder">   --->   Core 1 'Adder' <Latency = 0> <II = 1> <Delay = 0.73> <FuncUnit> <Opcode : 'add' 'sub'> <InPorts = 2> <OutPorts = 1>
ST_1 : Operation 18 [1/1] (0.00ns)   --->   "%br_ln507 = br i1 %icmp_ln507, void %for.inc64.split, void %l_j2.preheader.exitStub" [/home/silvenchen/Desktop/DitBlock/WorkDCT/DitBlock/kernel.cpp:507]   --->   Operation 18 'br' 'br_ln507' <Predicate = true> <Delay = 0.00>
ST_1 : Operation 19 [1/1] (0.00ns)   --->   "%zext_ln507 = zext i11 %i3_1" [/home/silvenchen/Desktop/DitBlock/WorkDCT/DitBlock/kernel.cpp:507]   --->   Operation 19 'zext' 'zext_ln507' <Predicate = (!icmp_ln507)> <Delay = 0.00>
ST_1 : Operation 20 [1/1] (0.00ns)   --->   "%mean_addr = getelementptr i32 %mean, i64 0, i64 %zext_ln507" [/home/silvenchen/Desktop/DitBlock/WorkDCT/DitBlock/kernel.cpp:508]   --->   Operation 20 'getelementptr' 'mean_addr' <Predicate = (!icmp_ln507)> <Delay = 0.00>
ST_1 : Operation 21 [2/2] (1.20ns)   --->   "%v281 = load i10 %mean_addr" [/home/silvenchen/Desktop/DitBlock/WorkDCT/DitBlock/kernel.cpp:509]   --->   Operation 21 'load' 'v281' <Predicate = (!icmp_ln507)> <Delay = 1.20> <CoreInst = "RAM">   --->   Core 83 'RAM' <Latency = 1> <II = 1> <Delay = 1.20> <Storage> <Opcode : 'load' 'store'> <Ports = 2> <Width = 32> <Depth = 1024> <RAM>
ST_1 : Operation 22 [1/1] (0.00ns)   --->   "%mean2_addr = getelementptr i32 %mean2, i64 0, i64 %zext_ln507" [/home/silvenchen/Desktop/DitBlock/WorkDCT/DitBlock/kernel.cpp:511]   --->   Operation 22 'getelementptr' 'mean2_addr' <Predicate = (!icmp_ln507)> <Delay = 0.00>
ST_1 : Operation 23 [2/2] (1.20ns)   --->   "%v283 = load i10 %mean2_addr" [/home/silvenchen/Desktop/DitBlock/WorkDCT/DitBlock/kernel.cpp:512]   --->   Operation 23 'load' 'v283' <Predicate = (!icmp_ln507)> <Delay = 1.20> <CoreInst = "RAM">   --->   Core 83 'RAM' <Latency = 1> <II = 1> <Delay = 1.20> <Storage> <Opcode : 'load' 'store'> <Ports = 2> <Width = 32> <Depth = 1024> <RAM>
ST_1 : Operation 24 [1/1] (0.38ns)   --->   "%store_ln507 = store i11 %add_ln507, i11 %i3" [/home/silvenchen/Desktop/DitBlock/WorkDCT/DitBlock/kernel.cpp:507]   --->   Operation 24 'store' 'store_ln507' <Predicate = (!icmp_ln507)> <Delay = 0.38>

State 2 <SV = 1> <Delay = 6.10>
ST_2 : Operation 25 [1/2] (1.20ns)   --->   "%v281 = load i10 %mean_addr" [/home/silvenchen/Desktop/DitBlock/WorkDCT/DitBlock/kernel.cpp:509]   --->   Operation 25 'load' 'v281' <Predicate = true> <Delay = 1.20> <CoreInst = "RAM">   --->   Core 83 'RAM' <Latency = 1> <II = 1> <Delay = 1.20> <Storage> <Opcode : 'load' 'store'> <Ports = 2> <Width = 32> <Depth = 1024> <RAM>
ST_2 : Operation 26 [2/2] (4.90ns)   --->   "%v282 = fmul i32 %v281, i32 0.00195312" [/home/silvenchen/Desktop/DitBlock/WorkDCT/DitBlock/kernel.cpp:509]   --->   Operation 26 'fmul' 'v282' <Predicate = true> <Delay = 4.90> <CoreInst = "FMul_maxdsp">   --->   Core 30 'FMul_maxdsp' <Latency = 1> <II = 1> <Delay = 4.90> <FuncUnit> <Opcode : 'fmul'> <InPorts = 2> <OutPorts = 1>
ST_2 : Operation 27 [1/2] (1.20ns)   --->   "%v283 = load i10 %mean2_addr" [/home/silvenchen/Desktop/DitBlock/WorkDCT/DitBlock/kernel.cpp:512]   --->   Operation 27 'load' 'v283' <Predicate = true> <Delay = 1.20> <CoreInst = "RAM">   --->   Core 83 'RAM' <Latency = 1> <II = 1> <Delay = 1.20> <Storage> <Opcode : 'load' 'store'> <Ports = 2> <Width = 32> <Depth = 1024> <RAM>
ST_2 : Operation 28 [2/2] (4.90ns)   --->   "%v284 = fmul i32 %v283, i32 0.00195312" [/home/silvenchen/Desktop/DitBlock/WorkDCT/DitBlock/kernel.cpp:512]   --->   Operation 28 'fmul' 'v284' <Predicate = true> <Delay = 4.90> <CoreInst = "FMul_maxdsp">   --->   Core 30 'FMul_maxdsp' <Latency = 1> <II = 1> <Delay = 4.90> <FuncUnit> <Opcode : 'fmul'> <InPorts = 2> <OutPorts = 1>

State 3 <SV = 2> <Delay = 6.10>
ST_3 : Operation 29 [1/2] (4.90ns)   --->   "%v282 = fmul i32 %v281, i32 0.00195312" [/home/silvenchen/Desktop/DitBlock/WorkDCT/DitBlock/kernel.cpp:509]   --->   Operation 29 'fmul' 'v282' <Predicate = true> <Delay = 4.90> <CoreInst = "FMul_maxdsp">   --->   Core 30 'FMul_maxdsp' <Latency = 1> <II = 1> <Delay = 4.90> <FuncUnit> <Opcode : 'fmul'> <InPorts = 2> <OutPorts = 1>
ST_3 : Operation 30 [1/1] (1.20ns)   --->   "%store_ln510 = store i32 %v282, i10 %mean_addr" [/home/silvenchen/Desktop/DitBlock/WorkDCT/DitBlock/kernel.cpp:510]   --->   Operation 30 'store' 'store_ln510' <Predicate = true> <Delay = 1.20> <CoreInst = "RAM">   --->   Core 83 'RAM' <Latency = 1> <II = 1> <Delay = 1.20> <Storage> <Opcode : 'load' 'store'> <Ports = 2> <Width = 32> <Depth = 1024> <RAM>
ST_3 : Operation 31 [1/2] (4.90ns)   --->   "%v284 = fmul i32 %v283, i32 0.00195312" [/home/silvenchen/Desktop/DitBlock/WorkDCT/DitBlock/kernel.cpp:512]   --->   Operation 31 'fmul' 'v284' <Predicate = true> <Delay = 4.90> <CoreInst = "FMul_maxdsp">   --->   Core 30 'FMul_maxdsp' <Latency = 1> <II = 1> <Delay = 4.90> <FuncUnit> <Opcode : 'fmul'> <InPorts = 2> <OutPorts = 1>
ST_3 : Operation 32 [1/1] (1.20ns)   --->   "%store_ln513 = store i32 %v284, i10 %mean2_addr" [/home/silvenchen/Desktop/DitBlock/WorkDCT/DitBlock/kernel.cpp:513]   --->   Operation 32 'store' 'store_ln513' <Predicate = true> <Delay = 1.20> <CoreInst = "RAM">   --->   Core 83 'RAM' <Latency = 1> <II = 1> <Delay = 1.20> <Storage> <Opcode : 'load' 'store'> <Ports = 2> <Width = 32> <Depth = 1024> <RAM>

State 4 <SV = 3> <Delay = 4.90>
ST_4 : Operation 33 [2/2] (4.90ns)   --->   "%v287 = fmul i32 %v282, i32 %v282" [/home/silvenchen/Desktop/DitBlock/WorkDCT/DitBlock/kernel.cpp:516]   --->   Operation 33 'fmul' 'v287' <Predicate = true> <Delay = 4.90> <CoreInst = "FMul_maxdsp">   --->   Core 30 'FMul_maxdsp' <Latency = 1> <II = 1> <Delay = 4.90> <FuncUnit> <Opcode : 'fmul'> <InPorts = 2> <OutPorts = 1>

State 5 <SV = 4> <Delay = 4.90>
ST_5 : Operation 34 [1/2] (4.90ns)   --->   "%v287 = fmul i32 %v282, i32 %v282" [/home/silvenchen/Desktop/DitBlock/WorkDCT/DitBlock/kernel.cpp:516]   --->   Operation 34 'fmul' 'v287' <Predicate = true> <Delay = 4.90> <CoreInst = "FMul_maxdsp">   --->   Core 30 'FMul_maxdsp' <Latency = 1> <II = 1> <Delay = 4.90> <FuncUnit> <Opcode : 'fmul'> <InPorts = 2> <OutPorts = 1>

State 6 <SV = 5> <Delay = 6.14>
ST_6 : Operation 35 [3/3] (6.14ns)   --->   "%v288 = fsub i32 %v284, i32 %v287" [/home/silvenchen/Desktop/DitBlock/WorkDCT/DitBlock/kernel.cpp:517]   --->   Operation 35 'fsub' 'v288' <Predicate = true> <Delay = 6.14> <CoreInst = "FAddSub_fulldsp">   --->   Core 18 'FAddSub_fulldsp' <Latency = 2> <II = 1> <Delay = 6.14> <FuncUnit> <Opcode : 'fadd' 'fsub'> <InPorts = 2> <OutPorts = 1>

State 7 <SV = 6> <Delay = 6.14>
ST_7 : Operation 36 [2/3] (6.14ns)   --->   "%v288 = fsub i32 %v284, i32 %v287" [/home/silvenchen/Desktop/DitBlock/WorkDCT/DitBlock/kernel.cpp:517]   --->   Operation 36 'fsub' 'v288' <Predicate = true> <Delay = 6.14> <CoreInst = "FAddSub_fulldsp">   --->   Core 18 'FAddSub_fulldsp' <Latency = 2> <II = 1> <Delay = 6.14> <FuncUnit> <Opcode : 'fadd' 'fsub'> <InPorts = 2> <OutPorts = 1>

State 8 <SV = 7> <Delay = 6.14>
ST_8 : Operation 37 [1/3] (6.14ns)   --->   "%v288 = fsub i32 %v284, i32 %v287" [/home/silvenchen/Desktop/DitBlock/WorkDCT/DitBlock/kernel.cpp:517]   --->   Operation 37 'fsub' 'v288' <Predicate = true> <Delay = 6.14> <CoreInst = "FAddSub_fulldsp">   --->   Core 18 'FAddSub_fulldsp' <Latency = 2> <II = 1> <Delay = 6.14> <FuncUnit> <Opcode : 'fadd' 'fsub'> <InPorts = 2> <OutPorts = 1>
ST_8 : Operation 44 [1/1] (0.00ns)   --->   "%ret_ln0 = ret"   --->   Operation 44 'ret' 'ret_ln0' <Predicate = (icmp_ln507)> <Delay = 0.00>

State 9 <SV = 8> <Delay = 1.20>
ST_9 : Operation 38 [1/1] (0.00ns)   --->   "%specpipeline_ln507 = specpipeline void @_ssdm_op_SpecPipeline, i32 4294967295, i32 0, i32 0, i32 0, void @empty_191" [/home/silvenchen/Desktop/DitBlock/WorkDCT/DitBlock/kernel.cpp:507]   --->   Operation 38 'specpipeline' 'specpipeline_ln507' <Predicate = true> <Delay = 0.00>
ST_9 : Operation 39 [1/1] (0.00ns)   --->   "%speclooptripcount_ln507 = speclooptripcount void @_ssdm_op_SpecLoopTripCount, i64 1024, i64 1024, i64 1024" [/home/silvenchen/Desktop/DitBlock/WorkDCT/DitBlock/kernel.cpp:507]   --->   Operation 39 'speclooptripcount' 'speclooptripcount_ln507' <Predicate = true> <Delay = 0.00>
ST_9 : Operation 40 [1/1] (0.00ns)   --->   "%specloopname_ln507 = specloopname void @_ssdm_op_SpecLoopName, void @empty_37" [/home/silvenchen/Desktop/DitBlock/WorkDCT/DitBlock/kernel.cpp:507]   --->   Operation 40 'specloopname' 'specloopname_ln507' <Predicate = true> <Delay = 0.00>
ST_9 : Operation 41 [1/1] (0.00ns)   --->   "%var_addr = getelementptr i32 %var_r, i64 0, i64 %zext_ln507" [/home/silvenchen/Desktop/DitBlock/WorkDCT/DitBlock/kernel.cpp:518]   --->   Operation 41 'getelementptr' 'var_addr' <Predicate = true> <Delay = 0.00>
ST_9 : Operation 42 [1/1] (1.20ns)   --->   "%store_ln518 = store i32 %v288, i10 %var_addr" [/home/silvenchen/Desktop/DitBlock/WorkDCT/DitBlock/kernel.cpp:518]   --->   Operation 42 'store' 'store_ln518' <Predicate = true> <Delay = 1.20> <CoreInst = "RAM">   --->   Core 83 'RAM' <Latency = 1> <II = 1> <Delay = 1.20> <Storage> <Opcode : 'load' 'store'> <Ports = 2> <Width = 32> <Depth = 1024> <RAM>
ST_9 : Operation 43 [1/1] (0.00ns)   --->   "%br_ln507 = br void %for.inc64" [/home/silvenchen/Desktop/DitBlock/WorkDCT/DitBlock/kernel.cpp:507]   --->   Operation 43 'br' 'br_ln507' <Predicate = true> <Delay = 0.00>


============================================================
+ Verbose Summary: Binding
============================================================
STG Binding: 
---------------- STG Properties BEGIN ----------------
- Is combinational: 0
- Is one-state seq: 0
- Is datapath-only: 0
- Is pipelined: 0
- Is top level: 0
Port [ Return ] is wired: 1; IO mode=ap_ctrl_hs:ce=0
Port [ mean]:  wired=1; compound=1; hidden=0; nouse=0; global=0; static=0; extern=0; dir=2; type=1; pingpong=0; private_global=0; MemPort=[01]; IO mode=ap_memory:ce=0
Port [ mean2]:  wired=1; compound=1; hidden=0; nouse=0; global=0; static=0; extern=0; dir=2; type=1; pingpong=0; private_global=0; MemPort=[01]; IO mode=ap_memory:ce=0
Port [ var_r]:  wired=1; compound=1; hidden=0; nouse=0; global=0; static=0; extern=0; dir=1; type=1; pingpong=0; private_global=0; MemPort=[03]; IO mode=ap_memory:ce=0
---------------- STG Properties END ------------------

---------------- Datapath Model BEGIN ----------------

<LifeTime>
<method=bitvector/>
i3                      (alloca           ) [ 0100000000]
store_ln507             (store            ) [ 0000000000]
br_ln0                  (br               ) [ 0000000000]
i3_1                    (load             ) [ 0000000000]
icmp_ln507              (icmp             ) [ 0111111110]
add_ln507               (add              ) [ 0000000000]
br_ln507                (br               ) [ 0000000000]
zext_ln507              (zext             ) [ 0111111111]
mean_addr               (getelementptr    ) [ 0111000000]
mean2_addr              (getelementptr    ) [ 0111000000]
store_ln507             (store            ) [ 0000000000]
v281                    (load             ) [ 0101000000]
v283                    (load             ) [ 0101000000]
v282                    (fmul             ) [ 0100110000]
store_ln510             (store            ) [ 0000000000]
v284                    (fmul             ) [ 0100111110]
store_ln513             (store            ) [ 0000000000]
v287                    (fmul             ) [ 0100001110]
v288                    (fsub             ) [ 0100000001]
specpipeline_ln507      (specpipeline     ) [ 0000000000]
speclooptripcount_ln507 (speclooptripcount) [ 0000000000]
specloopname_ln507      (specloopname     ) [ 0000000000]
var_addr                (getelementptr    ) [ 0000000000]
store_ln518             (store            ) [ 0000000000]
br_ln507                (br               ) [ 0000000000]
ret_ln0                 (ret              ) [ 0000000000]
</LifeTime>

<model>

<comp_list>
<comp id="0" class="1000" name="mean">
<pin_list>
<pin id="1" dir="1" index="0" bw="1" slack="0"/>
</pin_list>
<bind>
<StgValue><ssdm name="mean"/><MemPortTyVec>0 1 </MemPortTyVec>
</StgValue>
</bind>
</comp>

<comp id="2" class="1000" name="mean2">
<pin_list>
<pin id="3" dir="1" index="0" bw="1" slack="0"/>
</pin_list>
<bind>
<StgValue><ssdm name="mean2"/><MemPortTyVec>0 1 </MemPortTyVec>
</StgValue>
</bind>
</comp>

<comp id="4" class="1000" name="var_r">
<pin_list>
<pin id="5" dir="1" index="0" bw="1" slack="0"/>
</pin_list>
<bind>
<StgValue><ssdm name="var_r"/><MemPortTyVec>0 3 </MemPortTyVec>
</StgValue>
</bind>
</comp>

<comp id="6" class="1001" name="const_6">
<pin_list>
<pin id="7" dir="1" index="0" bw="1" slack="0"/>
</pin_list>
<bind>
<StgValue><ssdm name=""/></StgValue>
</bind>
</comp>

<comp id="8" class="1001" name="const_8">
<pin_list>
<pin id="9" dir="1" index="0" bw="1" slack="0"/>
</pin_list>
<bind>
<StgValue><ssdm name=""/></StgValue>
</bind>
</comp>

<comp id="10" class="1001" name="const_10">
<pin_list>
<pin id="11" dir="1" index="0" bw="1" slack="0"/>
</pin_list>
<bind>
<StgValue><ssdm name=""/></StgValue>
</bind>
</comp>

<comp id="12" class="1001" name="const_12">
<pin_list>
<pin id="13" dir="1" index="0" bw="1" slack="0"/>
</pin_list>
<bind>
<StgValue><ssdm name=""/></StgValue>
</bind>
</comp>

<comp id="14" class="1001" name="const_14">
<pin_list>
<pin id="15" dir="1" index="0" bw="1" slack="0"/>
</pin_list>
<bind>
<StgValue><ssdm name=""/></StgValue>
</bind>
</comp>

<comp id="16" class="1001" name="const_16">
<pin_list>
<pin id="17" dir="1" index="0" bw="1" slack="0"/>
</pin_list>
<bind>
<StgValue><ssdm name=""/></StgValue>
</bind>
</comp>

<comp id="18" class="1001" name="const_18">
<pin_list>
<pin id="19" dir="1" index="0" bw="1" slack="2147483647"/>
</pin_list>
<bind>
<StgValue><ssdm name="_ssdm_op_SpecPipeline"/></StgValue>
</bind>
</comp>

<comp id="20" class="1001" name="const_20">
<pin_list>
<pin id="21" dir="1" index="0" bw="1" slack="2147483647"/>
</pin_list>
<bind>
<StgValue><ssdm name=""/></StgValue>
</bind>
</comp>

<comp id="22" class="1001" name="const_22">
<pin_list>
<pin id="23" dir="1" index="0" bw="1" slack="2147483647"/>
</pin_list>
<bind>
<StgValue><ssdm name=""/></StgValue>
</bind>
</comp>

<comp id="24" class="1001" name="const_24">
<pin_list>
<pin id="25" dir="1" index="0" bw="1" slack="2147483647"/>
</pin_list>
<bind>
<StgValue><ssdm name="empty_191"/></StgValue>
</bind>
</comp>

<comp id="26" class="1001" name="const_26">
<pin_list>
<pin id="27" dir="1" index="0" bw="1" slack="2147483647"/>
</pin_list>
<bind>
<StgValue><ssdm name="_ssdm_op_SpecLoopTripCount"/></StgValue>
</bind>
</comp>

<comp id="28" class="1001" name="const_28">
<pin_list>
<pin id="29" dir="1" index="0" bw="1" slack="2147483647"/>
</pin_list>
<bind>
<StgValue><ssdm name=""/></StgValue>
</bind>
</comp>

<comp id="30" class="1001" name="const_30">
<pin_list>
<pin id="31" dir="1" index="0" bw="1" slack="2147483647"/>
</pin_list>
<bind>
<StgValue><ssdm name="_ssdm_op_SpecLoopName"/></StgValue>
</bind>
</comp>

<comp id="32" class="1001" name="const_32">
<pin_list>
<pin id="33" dir="1" index="0" bw="1" slack="2147483647"/>
</pin_list>
<bind>
<StgValue><ssdm name="empty_37"/></StgValue>
</bind>
</comp>

<comp id="34" class="1004" name="i3_fu_34">
<pin_list>
<pin id="35" dir="0" index="0" bw="1" slack="0"/>
<pin id="36" dir="1" index="1" bw="11" slack="0"/>
</pin_list>
<bind>
<opcode="alloca(26) " fcode="alloca"/>
<opset="i3/1 "/>
</bind>
</comp>

<comp id="38" class="1004" name="mean_addr_gep_fu_38">
<pin_list>
<pin id="39" dir="0" index="0" bw="32" slack="0"/>
<pin id="40" dir="0" index="1" bw="1" slack="0"/>
<pin id="41" dir="0" index="2" bw="11" slack="0"/>
<pin id="42" dir="1" index="3" bw="10" slack="0"/>
</pin_list>
<bind>
<opcode="getelementptr(29) " fcode="getelementptr"/>
<opset="mean_addr/1 "/>
</bind>
</comp>

<comp id="45" class="1004" name="grp_access_fu_45">
<pin_list>
<pin id="46" dir="0" index="0" bw="10" slack="2"/>
<pin id="47" dir="0" index="1" bw="32" slack="0"/>
<pin id="48" dir="0" index="2" bw="0" slack="0"/>
<pin id="50" dir="0" index="4" bw="10" slack="2147483647"/>
<pin id="51" dir="0" index="5" bw="32" slack="2147483647"/>
<pin id="52" dir="0" index="6" bw="0" slack="2147483647"/>
<pin id="49" dir="1" index="3" bw="32" slack="2147483647"/>
<pin id="53" dir="1" index="7" bw="32" slack="0"/>
</pin_list>
<bind>
<opcode="load(27) store(28) " fcode="store"/>
<opset="v281/1 store_ln510/3 "/>
</bind>
</comp>

<comp id="55" class="1004" name="mean2_addr_gep_fu_55">
<pin_list>
<pin id="56" dir="0" index="0" bw="32" slack="0"/>
<pin id="57" dir="0" index="1" bw="1" slack="0"/>
<pin id="58" dir="0" index="2" bw="11" slack="0"/>
<pin id="59" dir="1" index="3" bw="10" slack="0"/>
</pin_list>
<bind>
<opcode="getelementptr(29) " fcode="getelementptr"/>
<opset="mean2_addr/1 "/>
</bind>
</comp>

<comp id="62" class="1004" name="grp_access_fu_62">
<pin_list>
<pin id="63" dir="0" index="0" bw="10" slack="2"/>
<pin id="64" dir="0" index="1" bw="32" slack="0"/>
<pin id="65" dir="0" index="2" bw="0" slack="0"/>
<pin id="67" dir="0" index="4" bw="10" slack="2147483647"/>
<pin id="68" dir="0" index="5" bw="32" slack="2147483647"/>
<pin id="69" dir="0" index="6" bw="0" slack="2147483647"/>
<pin id="66" dir="1" index="3" bw="32" slack="2147483647"/>
<pin id="70" dir="1" index="7" bw="32" slack="0"/>
</pin_list>
<bind>
<opcode="load(27) store(28) " fcode="store"/>
<opset="v283/1 store_ln513/3 "/>
</bind>
</comp>

<comp id="72" class="1004" name="var_addr_gep_fu_72">
<pin_list>
<pin id="73" dir="0" index="0" bw="32" slack="0"/>
<pin id="74" dir="0" index="1" bw="1" slack="0"/>
<pin id="75" dir="0" index="2" bw="11" slack="8"/>
<pin id="76" dir="1" index="3" bw="10" slack="0"/>
</pin_list>
<bind>
<opcode="getelementptr(29) " fcode="getelementptr"/>
<opset="var_addr/9 "/>
</bind>
</comp>

<comp id="79" class="1004" name="store_ln518_access_fu_79">
<pin_list>
<pin id="80" dir="0" index="0" bw="10" slack="0"/>
<pin id="81" dir="0" index="1" bw="32" slack="1"/>
<pin id="82" dir="0" index="2" bw="0" slack="2147483647"/>
<pin id="83" dir="1" index="3" bw="32" slack="2147483647"/>
</pin_list>
<bind>
<opcode="store(28) " fcode="store"/>
<opset="store_ln518/9 "/>
</bind>
</comp>

<comp id="85" class="1004" name="grp_fu_85">
<pin_list>
<pin id="86" dir="0" index="0" bw="32" slack="3"/>
<pin id="87" dir="0" index="1" bw="32" slack="1"/>
<pin id="88" dir="1" index="2" bw="32" slack="1"/>
</pin_list>
<bind>
<opcode="fsub(11) " fcode="fadd"/>
<opset="v288/6 "/>
</bind>
</comp>

<comp id="89" class="1004" name="grp_fu_89">
<pin_list>
<pin id="90" dir="0" index="0" bw="32" slack="0"/>
<pin id="91" dir="0" index="1" bw="32" slack="0"/>
<pin id="92" dir="1" index="2" bw="32" slack="0"/>
</pin_list>
<bind>
<opcode="fmul(13) " fcode="fmul"/>
<opset="v282/2 "/>
</bind>
</comp>

<comp id="96" class="1004" name="grp_fu_96">
<pin_list>
<pin id="97" dir="0" index="0" bw="32" slack="0"/>
<pin id="98" dir="0" index="1" bw="32" slack="0"/>
<pin id="99" dir="1" index="2" bw="32" slack="0"/>
</pin_list>
<bind>
<opcode="fmul(13) " fcode="fmul"/>
<opset="v284/2 "/>
</bind>
</comp>

<comp id="103" class="1004" name="grp_fu_103">
<pin_list>
<pin id="104" dir="0" index="0" bw="32" slack="1"/>
<pin id="105" dir="0" index="1" bw="32" slack="1"/>
<pin id="106" dir="1" index="2" bw="32" slack="1"/>
</pin_list>
<bind>
<opcode="fmul(13) " fcode="fmul"/>
<opset="v287/4 "/>
</bind>
</comp>

<comp id="107" class="1004" name="store_ln507_store_fu_107">
<pin_list>
<pin id="108" dir="0" index="0" bw="1" slack="0"/>
<pin id="109" dir="0" index="1" bw="11" slack="0"/>
<pin id="110" dir="1" index="2" bw="0" slack="2147483647"/>
</pin_list>
<bind>
<opcode="store(28) " fcode="store"/>
<opset="store_ln507/1 "/>
</bind>
</comp>

<comp id="112" class="1004" name="i3_1_load_fu_112">
<pin_list>
<pin id="113" dir="0" index="0" bw="11" slack="0"/>
<pin id="114" dir="1" index="1" bw="11" slack="0"/>
</pin_list>
<bind>
<opcode="load(27) " fcode="load"/>
<opset="i3_1/1 "/>
</bind>
</comp>

<comp id="115" class="1004" name="icmp_ln507_fu_115">
<pin_list>
<pin id="116" dir="0" index="0" bw="11" slack="0"/>
<pin id="117" dir="0" index="1" bw="11" slack="0"/>
<pin id="118" dir="1" index="2" bw="1" slack="7"/>
</pin_list>
<bind>
<opcode="icmp(45) " fcode="icmp"/>
<opset="icmp_ln507/1 "/>
</bind>
</comp>

<comp id="121" class="1004" name="add_ln507_fu_121">
<pin_list>
<pin id="122" dir="0" index="0" bw="11" slack="0"/>
<pin id="123" dir="0" index="1" bw="1" slack="0"/>
<pin id="124" dir="1" index="2" bw="11" slack="0"/>
</pin_list>
<bind>
<opcode="add(8) " fcode="add"/>
<opset="add_ln507/1 "/>
</bind>
</comp>

<comp id="127" class="1004" name="zext_ln507_fu_127">
<pin_list>
<pin id="128" dir="0" index="0" bw="11" slack="0"/>
<pin id="129" dir="1" index="1" bw="64" slack="0"/>
</pin_list>
<bind>
<opcode="zext(34) " fcode="zext"/>
<opset="zext_ln507/1 "/>
</bind>
</comp>

<comp id="133" class="1004" name="store_ln507_store_fu_133">
<pin_list>
<pin id="134" dir="0" index="0" bw="11" slack="0"/>
<pin id="135" dir="0" index="1" bw="11" slack="0"/>
<pin id="136" dir="1" index="2" bw="0" slack="2147483647"/>
</pin_list>
<bind>
<opcode="store(28) " fcode="store"/>
<opset="store_ln507/1 "/>
</bind>
</comp>

<comp id="138" class="1005" name="i3_reg_138">
<pin_list>
<pin id="139" dir="0" index="0" bw="11" slack="0"/>
<pin id="140" dir="1" index="1" bw="11" slack="0"/>
</pin_list>
<bind>
<opset="i3 "/>
</bind>
</comp>

<comp id="145" class="1005" name="icmp_ln507_reg_145">
<pin_list>
<pin id="146" dir="0" index="0" bw="1" slack="7"/>
<pin id="147" dir="1" index="1" bw="1" slack="2147483647"/>
</pin_list>
<bind>
<opset="icmp_ln507 "/>
</bind>
</comp>

<comp id="149" class="1005" name="zext_ln507_reg_149">
<pin_list>
<pin id="150" dir="0" index="0" bw="64" slack="8"/>
<pin id="151" dir="1" index="1" bw="64" slack="8"/>
</pin_list>
<bind>
<opset="zext_ln507 "/>
</bind>
</comp>

<comp id="154" class="1005" name="mean_addr_reg_154">
<pin_list>
<pin id="155" dir="0" index="0" bw="10" slack="1"/>
<pin id="156" dir="1" index="1" bw="10" slack="1"/>
</pin_list>
<bind>
<opset="mean_addr "/>
</bind>
</comp>

<comp id="160" class="1005" name="mean2_addr_reg_160">
<pin_list>
<pin id="161" dir="0" index="0" bw="10" slack="1"/>
<pin id="162" dir="1" index="1" bw="10" slack="1"/>
</pin_list>
<bind>
<opset="mean2_addr "/>
</bind>
</comp>

<comp id="166" class="1005" name="v281_reg_166">
<pin_list>
<pin id="167" dir="0" index="0" bw="32" slack="1"/>
<pin id="168" dir="1" index="1" bw="32" slack="1"/>
</pin_list>
<bind>
<opset="v281 "/>
</bind>
</comp>

<comp id="171" class="1005" name="v283_reg_171">
<pin_list>
<pin id="172" dir="0" index="0" bw="32" slack="1"/>
<pin id="173" dir="1" index="1" bw="32" slack="1"/>
</pin_list>
<bind>
<opset="v283 "/>
</bind>
</comp>

<comp id="176" class="1005" name="v282_reg_176">
<pin_list>
<pin id="177" dir="0" index="0" bw="32" slack="1"/>
<pin id="178" dir="1" index="1" bw="32" slack="1"/>
</pin_list>
<bind>
<opset="v282 "/>
</bind>
</comp>

<comp id="182" class="1005" name="v284_reg_182">
<pin_list>
<pin id="183" dir="0" index="0" bw="32" slack="3"/>
<pin id="184" dir="1" index="1" bw="32" slack="3"/>
</pin_list>
<bind>
<opset="v284 "/>
</bind>
</comp>

<comp id="187" class="1005" name="v287_reg_187">
<pin_list>
<pin id="188" dir="0" index="0" bw="32" slack="1"/>
<pin id="189" dir="1" index="1" bw="32" slack="1"/>
</pin_list>
<bind>
<opset="v287 "/>
</bind>
</comp>

<comp id="192" class="1005" name="v288_reg_192">
<pin_list>
<pin id="193" dir="0" index="0" bw="32" slack="1"/>
<pin id="194" dir="1" index="1" bw="32" slack="1"/>
</pin_list>
<bind>
<opset="v288 "/>
</bind>
</comp>

</comp_list>

<net_list>
<net id="37"><net_src comp="6" pin="0"/><net_sink comp="34" pin=0"/></net>

<net id="43"><net_src comp="0" pin="0"/><net_sink comp="38" pin=0"/></net>

<net id="44"><net_src comp="14" pin="0"/><net_sink comp="38" pin=1"/></net>

<net id="54"><net_src comp="38" pin="3"/><net_sink comp="45" pin=2"/></net>

<net id="60"><net_src comp="2" pin="0"/><net_sink comp="55" pin=0"/></net>

<net id="61"><net_src comp="14" pin="0"/><net_sink comp="55" pin=1"/></net>

<net id="71"><net_src comp="55" pin="3"/><net_sink comp="62" pin=2"/></net>

<net id="77"><net_src comp="4" pin="0"/><net_sink comp="72" pin=0"/></net>

<net id="78"><net_src comp="14" pin="0"/><net_sink comp="72" pin=1"/></net>

<net id="84"><net_src comp="72" pin="3"/><net_sink comp="79" pin=0"/></net>

<net id="93"><net_src comp="89" pin="2"/><net_sink comp="45" pin=1"/></net>

<net id="94"><net_src comp="45" pin="7"/><net_sink comp="89" pin=0"/></net>

<net id="95"><net_src comp="16" pin="0"/><net_sink comp="89" pin=1"/></net>

<net id="100"><net_src comp="96" pin="2"/><net_sink comp="62" pin=1"/></net>

<net id="101"><net_src comp="62" pin="7"/><net_sink comp="96" pin=0"/></net>

<net id="102"><net_src comp="16" pin="0"/><net_sink comp="96" pin=1"/></net>

<net id="111"><net_src comp="8" pin="0"/><net_sink comp="107" pin=0"/></net>

<net id="119"><net_src comp="112" pin="1"/><net_sink comp="115" pin=0"/></net>

<net id="120"><net_src comp="10" pin="0"/><net_sink comp="115" pin=1"/></net>

<net id="125"><net_src comp="112" pin="1"/><net_sink comp="121" pin=0"/></net>

<net id="126"><net_src comp="12" pin="0"/><net_sink comp="121" pin=1"/></net>

<net id="130"><net_src comp="112" pin="1"/><net_sink comp="127" pin=0"/></net>

<net id="131"><net_src comp="127" pin="1"/><net_sink comp="38" pin=2"/></net>

<net id="132"><net_src comp="127" pin="1"/><net_sink comp="55" pin=2"/></net>

<net id="137"><net_src comp="121" pin="2"/><net_sink comp="133" pin=0"/></net>

<net id="141"><net_src comp="34" pin="1"/><net_sink comp="138" pin=0"/></net>

<net id="142"><net_src comp="138" pin="1"/><net_sink comp="107" pin=1"/></net>

<net id="143"><net_src comp="138" pin="1"/><net_sink comp="112" pin=0"/></net>

<net id="144"><net_src comp="138" pin="1"/><net_sink comp="133" pin=1"/></net>

<net id="148"><net_src comp="115" pin="2"/><net_sink comp="145" pin=0"/></net>

<net id="152"><net_src comp="127" pin="1"/><net_sink comp="149" pin=0"/></net>

<net id="153"><net_src comp="149" pin="1"/><net_sink comp="72" pin=2"/></net>

<net id="157"><net_src comp="38" pin="3"/><net_sink comp="154" pin=0"/></net>

<net id="158"><net_src comp="154" pin="1"/><net_sink comp="45" pin=2"/></net>

<net id="159"><net_src comp="154" pin="1"/><net_sink comp="45" pin=0"/></net>

<net id="163"><net_src comp="55" pin="3"/><net_sink comp="160" pin=0"/></net>

<net id="164"><net_src comp="160" pin="1"/><net_sink comp="62" pin=2"/></net>

<net id="165"><net_src comp="160" pin="1"/><net_sink comp="62" pin=0"/></net>

<net id="169"><net_src comp="45" pin="7"/><net_sink comp="166" pin=0"/></net>

<net id="170"><net_src comp="166" pin="1"/><net_sink comp="89" pin=0"/></net>

<net id="174"><net_src comp="62" pin="7"/><net_sink comp="171" pin=0"/></net>

<net id="175"><net_src comp="171" pin="1"/><net_sink comp="96" pin=0"/></net>

<net id="179"><net_src comp="89" pin="2"/><net_sink comp="176" pin=0"/></net>

<net id="180"><net_src comp="176" pin="1"/><net_sink comp="103" pin=0"/></net>

<net id="181"><net_src comp="176" pin="1"/><net_sink comp="103" pin=1"/></net>

<net id="185"><net_src comp="96" pin="2"/><net_sink comp="182" pin=0"/></net>

<net id="186"><net_src comp="182" pin="1"/><net_sink comp="85" pin=0"/></net>

<net id="190"><net_src comp="103" pin="2"/><net_sink comp="187" pin=0"/></net>

<net id="191"><net_src comp="187" pin="1"/><net_sink comp="85" pin=1"/></net>

<net id="195"><net_src comp="85" pin="2"/><net_sink comp="192" pin=0"/></net>

<net id="196"><net_src comp="192" pin="1"/><net_sink comp="79" pin=1"/></net>

</net_list>

</model> 
---------------- Datapath Model END ------------------

* FSMD analyzer results:
  - Output states:
	Port: mean | {3 }
	Port: mean2 | {3 }
	Port: var_r | {9 }
 - Input state : 
	Port: layer_norm_Pipeline_l_mean_var_i3 : mean | {1 2 }
	Port: layer_norm_Pipeline_l_mean_var_i3 : mean2 | {1 2 }
  - Chain level:
	State 1
		store_ln507 : 1
		i3_1 : 1
		icmp_ln507 : 2
		add_ln507 : 2
		br_ln507 : 3
		zext_ln507 : 2
		mean_addr : 3
		v281 : 4
		mean2_addr : 3
		v283 : 4
		store_ln507 : 3
	State 2
		v282 : 1
		v284 : 1
	State 3
		store_ln510 : 1
		store_ln513 : 1
	State 4
	State 5
	State 6
	State 7
	State 8
	State 9
		store_ln518 : 1


============================================================
+ Verbose Summary: Datapath Resource usage 
============================================================

* Functional unit list:
|----------|-------------------|---------|---------|---------|
| Operation|  Functional Unit  |   DSP   |    FF   |   LUT   |
|----------|-------------------|---------|---------|---------|
|          |     grp_fu_89     |    3    |   128   |    77   |
|   fmul   |     grp_fu_96     |    3    |   128   |    77   |
|          |     grp_fu_103    |    3    |   128   |    77   |
|----------|-------------------|---------|---------|---------|
|   fadd   |     grp_fu_85     |    2    |   177   |   226   |
|----------|-------------------|---------|---------|---------|
|   icmp   | icmp_ln507_fu_115 |    0    |    0    |    18   |
|----------|-------------------|---------|---------|---------|
|    add   |  add_ln507_fu_121 |    0    |    0    |    18   |
|----------|-------------------|---------|---------|---------|
|   zext   | zext_ln507_fu_127 |    0    |    0    |    0    |
|----------|-------------------|---------|---------|---------|
|   Total  |                   |    11   |   561   |   493   |
|----------|-------------------|---------|---------|---------|

Memories:
N/A

* Register list:
+------------------+--------+
|                  |   FF   |
+------------------+--------+
|    i3_reg_138    |   11   |
|icmp_ln507_reg_145|    1   |
|mean2_addr_reg_160|   10   |
| mean_addr_reg_154|   10   |
|   v281_reg_166   |   32   |
|   v282_reg_176   |   32   |
|   v283_reg_171   |   32   |
|   v284_reg_182   |   32   |
|   v287_reg_187   |   32   |
|   v288_reg_192   |   32   |
|zext_ln507_reg_149|   64   |
+------------------+--------+
|       Total      |   288  |
+------------------+--------+

* Multiplexer (MUX) list: 
|------------------|------|------|------|--------||---------||---------|
|       Comp       |  Pin | Size |  BW  | S x BW ||  Delay  ||   LUT   |
|------------------|------|------|------|--------||---------||---------|
| grp_access_fu_45 |  p2  |   2  |   0  |    0   ||    9    |
| grp_access_fu_62 |  p2  |   2  |   0  |    0   ||    9    |
|     grp_fu_89    |  p0  |   2  |  32  |   64   ||    9    |
|     grp_fu_96    |  p0  |   2  |  32  |   64   ||    9    |
|------------------|------|------|------|--------||---------||---------|
|       Total      |      |      |      |   128  ||  1.548  ||    36   |
|------------------|------|------|------|--------||---------||---------|



* Summary:
+-----------+--------+--------+--------+--------+
|           |   DSP  |  Delay |   FF   |   LUT  |
+-----------+--------+--------+--------+--------+
|  Function |   11   |    -   |   561  |   493  |
|   Memory  |    -   |    -   |    -   |    -   |
|Multiplexer|    -   |    1   |    -   |   36   |
|  Register |    -   |    -   |   288  |    -   |
+-----------+--------+--------+--------+--------+
|   Total   |   11   |    1   |   849  |   529  |
+-----------+--------+--------+--------+--------+
