

================================================================
== Vitis HLS Report for 'PE_kernel_modulate_4_0_1'
================================================================
* Date:           Wed Feb  5 22:34:00 2025

* Version:        2023.2 (Build 4023990 on Oct 11 2023)
* Project:        DitBlock
* Solution:       hls (Vivado IP Flow Target)
* Product family: virtexuplusHBM
* Target device:  xcu280-fsvh2892-2L-e


================================================================
== Performance Estimates
================================================================
+ Timing: 
    * Summary: 
    +--------+----------+----------+------------+
    |  Clock |  Target  | Estimated| Uncertainty|
    +--------+----------+----------+------------+
    |ap_clk  |  10.00 ns|  6.536 ns|     2.70 ns|
    +--------+----------+----------+------------+

+ Latency: 
    * Summary: 
    +---------+---------+----------+----------+-----+-----+---------+
    |  Latency (cycles) |  Latency (absolute) |  Interval | Pipeline|
    |   min   |   max   |    min   |    max   | min | max |   Type  |
    +---------+---------+----------+----------+-----+-----+---------+
    |      261|      261|  2.610 us|  2.610 us|  261|  261|       no|
    +---------+---------+----------+----------+-----+-----+---------+

    + Detail: 
        * Instance: 
        N/A

        * Loop: 
        +--------------+---------+---------+----------+-----------+-----------+------+----------+
        |              |  Latency (cycles) | Iteration|  Initiation Interval  | Trip |          |
        |   Loop Name  |   min   |   max   |  Latency |  achieved |   target  | Count| Pipelined|
        +--------------+---------+---------+----------+-----------+-----------+------+----------+
        |- l_S_k_0_k4  |      259|      259|         6|          2|          1|   128|       yes|
        +--------------+---------+---------+----------+-----------+-----------+------+----------+

============================================================
+ Verbose Summary: Synthesis Manager
============================================================
InlineROM: 1
ExposeGlobal: 0
============================================================
+ Verbose Summary: CDFG Model
============================================================
IsTopModel: 0
ResetActiveHigh: 1
IsCombinational: 2
IsDatapathOnly: 0
HasWiredReturn: 1
HasMFsm: 2
HasVarLatency: 1
IsPipeline: 0
IsRtlPipelined: 0
IsInstanceOverlapped: 0
IsDontTouch: 0
HasImplIP: 0
IsGatedGlobalClock: 0

+ Individual pipeline summary: 
  * Pipeline-0: initiation interval (II) = 2, depth = 6


============================================================
+ Verbose Summary: Schedule
============================================================
* Number of FSM states : 6
* Pipeline : 1
  Pipeline-0 : II = 2, D = 6, States = { 1 2 3 4 5 6 }
* Dataflow Pipeline: 0

* FSM state transitions: 
1 --> 2 
2 --> 3 
3 --> 4 
4 --> 5 
5 --> 6 
6 --> 

* FSM state operations: 

State 1 <SV = 0> <Delay = 1.09>
ST_1 : Operation 9 [1/1] (0.00ns)   --->   "%v100 = alloca i32 1" [/home/silvenchen/Desktop/DitBlock/WorkDCT/DitBlock/kernel.cpp:203]   --->   Operation 9 'alloca' 'v100' <Predicate = true> <Delay = 0.00>
ST_1 : Operation 10 [1/1] (0.00ns)   --->   "%k4 = alloca i32 1" [/home/silvenchen/Desktop/DitBlock/WorkDCT/DitBlock/kernel.cpp:193]   --->   Operation 10 'alloca' 'k4' <Predicate = true> <Delay = 0.00>
ST_1 : Operation 11 [1/1] (0.00ns)   --->   "%specinterface_ln0 = specinterface void @_ssdm_op_SpecInterface, i32 %B_fifo_4_1, void @empty_215, i32 0, i32 0, void @empty_219, i32 0, i32 0, void @empty_219, void @empty_219, void @empty_219, i32 0, i32 0, i32 0, i32 0, void @empty_219, void @empty_219, i32 4294967295, i32 0"   --->   Operation 11 'specinterface' 'specinterface_ln0' <Predicate = true> <Delay = 0.00>
ST_1 : Operation 12 [1/1] (0.00ns)   --->   "%specinterface_ln0 = specinterface void @_ssdm_op_SpecInterface, i32 %B_fifo_4_0, void @empty_215, i32 0, i32 0, void @empty_219, i32 0, i32 0, void @empty_219, void @empty_219, void @empty_219, i32 0, i32 0, i32 0, i32 0, void @empty_219, void @empty_219, i32 4294967295, i32 0"   --->   Operation 12 'specinterface' 'specinterface_ln0' <Predicate = true> <Delay = 0.00>
ST_1 : Operation 13 [1/1] (0.00ns)   --->   "%specinterface_ln0 = specinterface void @_ssdm_op_SpecInterface, i32 %A_fifo_5, void @empty_215, i32 0, i32 0, void @empty_219, i32 0, i32 0, void @empty_219, void @empty_219, void @empty_219, i32 0, i32 0, i32 0, i32 0, void @empty_219, void @empty_219, i32 4294967295, i32 0"   --->   Operation 13 'specinterface' 'specinterface_ln0' <Predicate = true> <Delay = 0.00>
ST_1 : Operation 14 [1/1] (0.00ns)   --->   "%specinterface_ln0 = specinterface void @_ssdm_op_SpecInterface, i32 %A_fifo_4, void @empty_215, i32 0, i32 0, void @empty_219, i32 0, i32 0, void @empty_219, void @empty_219, void @empty_219, i32 0, i32 0, i32 0, i32 0, void @empty_219, void @empty_219, i32 4294967295, i32 0"   --->   Operation 14 'specinterface' 'specinterface_ln0' <Predicate = true> <Delay = 0.00>
ST_1 : Operation 15 [1/1] (0.38ns)   --->   "%store_ln193 = store i8 0, i8 %k4" [/home/silvenchen/Desktop/DitBlock/WorkDCT/DitBlock/kernel.cpp:193]   --->   Operation 15 'store' 'store_ln193' <Predicate = true> <Delay = 0.38>
ST_1 : Operation 17 [1/1] (0.00ns)   --->   "%br_ln193 = br void %for.inc" [/home/silvenchen/Desktop/DitBlock/WorkDCT/DitBlock/kernel.cpp:193]   --->   Operation 17 'br' 'br_ln193' <Predicate = true> <Delay = 0.00>
ST_1 : Operation 18 [1/1] (0.00ns)   --->   "%k4_1 = load i8 %k4" [/home/silvenchen/Desktop/DitBlock/WorkDCT/DitBlock/kernel.cpp:193]   --->   Operation 18 'load' 'k4_1' <Predicate = true> <Delay = 0.00>
ST_1 : Operation 19 [1/1] (0.70ns)   --->   "%icmp_ln193 = icmp_eq  i8 %k4_1, i8 128" [/home/silvenchen/Desktop/DitBlock/WorkDCT/DitBlock/kernel.cpp:193]   --->   Operation 19 'icmp' 'icmp_ln193' <Predicate = true> <Delay = 0.70> <CoreInst = "Cmp">   --->   Core 9 'Cmp' <Latency = 0> <II = 1> <Delay = 0.70> <FuncUnit> <Opcode : 'icmp'> <InPorts = 2> <OutPorts = 1>
ST_1 : Operation 20 [1/1] (0.70ns)   --->   "%k4_2 = add i8 %k4_1, i8 1" [/home/silvenchen/Desktop/DitBlock/WorkDCT/DitBlock/kernel.cpp:193]   --->   Operation 20 'add' 'k4_2' <Predicate = true> <Delay = 0.70> <CoreInst = "Adder">   --->   Core 1 'Adder' <Latency = 0> <II = 1> <Delay = 0.70> <FuncUnit> <Opcode : 'add' 'sub'> <InPorts = 2> <OutPorts = 1>
ST_1 : Operation 21 [1/1] (0.00ns)   --->   "%br_ln193 = br i1 %icmp_ln193, void %for.inc.split, void %for.end" [/home/silvenchen/Desktop/DitBlock/WorkDCT/DitBlock/kernel.cpp:193]   --->   Operation 21 'br' 'br_ln193' <Predicate = true> <Delay = 0.00>

State 2 <SV = 1> <Delay = 6.33>
ST_2 : Operation 22 [1/1] (1.39ns)   --->   "%A_fifo_4_read = read i32 @_ssdm_op_Read.ap_fifo.volatile.i32P0A, i32 %A_fifo_4" [/home/silvenchen/Desktop/DitBlock/WorkDCT/DitBlock/kernel.cpp:194]   --->   Operation 22 'read' 'A_fifo_4_read' <Predicate = (!icmp_ln193)> <Delay = 1.39> <CoreInst = "FIFO_SRL">   --->   Core 81 'FIFO_SRL' <Latency = 0> <II = 1> <Delay = 1.39> <Storage> <Opcode : 'read' 'write' 'nbread' 'nbwrite'> <Ports = 0> <Width = 32> <Depth = 2> <FIFO>
ST_2 : Operation 23 [1/1] (0.00ns)   --->   "%v93 = bitcast i32 %A_fifo_4_read" [/home/silvenchen/Desktop/DitBlock/WorkDCT/DitBlock/kernel.cpp:194]   --->   Operation 23 'bitcast' 'v93' <Predicate = (!icmp_ln193)> <Delay = 0.00>
ST_2 : Operation 24 [1/1] (1.43ns)   --->   "%B_fifo_4_0_read = read i32 @_ssdm_op_Read.ap_fifo.volatile.i32P0A, i32 %B_fifo_4_0" [/home/silvenchen/Desktop/DitBlock/WorkDCT/DitBlock/kernel.cpp:197]   --->   Operation 24 'read' 'B_fifo_4_0_read' <Predicate = (!icmp_ln193)> <Delay = 1.43> <CoreInst = "FIFO_SRL">   --->   Core 81 'FIFO_SRL' <Latency = 0> <II = 1> <Delay = 1.43> <Storage> <Opcode : 'read' 'write' 'nbread' 'nbwrite'> <Ports = 0> <Width = 32> <Depth = 9> <FIFO>
ST_2 : Operation 25 [1/1] (0.00ns)   --->   "%v95 = bitcast i32 %B_fifo_4_0_read" [/home/silvenchen/Desktop/DitBlock/WorkDCT/DitBlock/kernel.cpp:197]   --->   Operation 25 'bitcast' 'v95' <Predicate = (!icmp_ln193)> <Delay = 0.00>
ST_2 : Operation 26 [2/2] (4.90ns)   --->   "%v99 = fmul i32 %v93, i32 %v95" [/home/silvenchen/Desktop/DitBlock/WorkDCT/DitBlock/kernel.cpp:202]   --->   Operation 26 'fmul' 'v99' <Predicate = (!icmp_ln193)> <Delay = 4.90> <CoreInst = "FMul_maxdsp">   --->   Core 30 'FMul_maxdsp' <Latency = 1> <II = 1> <Delay = 4.90> <FuncUnit> <Opcode : 'fmul'> <InPorts = 2> <OutPorts = 1>
ST_2 : Operation 27 [1/1] (1.39ns)   --->   "%write_ln207 = write void @_ssdm_op_Write.ap_fifo.volatile.i32P0A, i32 %A_fifo_5, i32 %A_fifo_4_read" [/home/silvenchen/Desktop/DitBlock/WorkDCT/DitBlock/kernel.cpp:207]   --->   Operation 27 'write' 'write_ln207' <Predicate = (!icmp_ln193)> <Delay = 1.39> <CoreInst = "FIFO_SRL">   --->   Core 81 'FIFO_SRL' <Latency = 0> <II = 1> <Delay = 1.39> <Storage> <Opcode : 'read' 'write' 'nbread' 'nbwrite'> <Ports = 0> <Width = 32> <Depth = 2> <FIFO>
ST_2 : Operation 28 [1/1] (1.43ns)   --->   "%write_ln209 = write void @_ssdm_op_Write.ap_fifo.volatile.i32P0A, i32 %B_fifo_4_1, i32 %B_fifo_4_0_read" [/home/silvenchen/Desktop/DitBlock/WorkDCT/DitBlock/kernel.cpp:209]   --->   Operation 28 'write' 'write_ln209' <Predicate = (!icmp_ln193)> <Delay = 1.43> <CoreInst = "FIFO_SRL">   --->   Core 81 'FIFO_SRL' <Latency = 0> <II = 1> <Delay = 1.43> <Storage> <Opcode : 'read' 'write' 'nbread' 'nbwrite'> <Ports = 0> <Width = 32> <Depth = 9> <FIFO>
ST_2 : Operation 29 [1/1] (0.38ns)   --->   "%store_ln193 = store i8 %k4_2, i8 %k4" [/home/silvenchen/Desktop/DitBlock/WorkDCT/DitBlock/kernel.cpp:193]   --->   Operation 29 'store' 'store_ln193' <Predicate = (!icmp_ln193)> <Delay = 0.38>

State 3 <SV = 2> <Delay = 4.90>
ST_3 : Operation 30 [1/2] (4.90ns)   --->   "%v99 = fmul i32 %v93, i32 %v95" [/home/silvenchen/Desktop/DitBlock/WorkDCT/DitBlock/kernel.cpp:202]   --->   Operation 30 'fmul' 'v99' <Predicate = true> <Delay = 4.90> <CoreInst = "FMul_maxdsp">   --->   Core 30 'FMul_maxdsp' <Latency = 1> <II = 1> <Delay = 4.90> <FuncUnit> <Opcode : 'fmul'> <InPorts = 2> <OutPorts = 1>

State 4 <SV = 3> <Delay = 6.53>
ST_4 : Operation 16 [1/1] (0.38ns)   --->   "%store_ln203 = store i32 0, i32 %v100" [/home/silvenchen/Desktop/DitBlock/WorkDCT/DitBlock/kernel.cpp:203]   --->   Operation 16 'store' 'store_ln203' <Predicate = true> <Delay = 0.38>
ST_4 : Operation 31 [1/1] (0.00ns)   --->   "%v100_load_1 = load i32 %v100" [/home/silvenchen/Desktop/DitBlock/WorkDCT/DitBlock/kernel.cpp:204]   --->   Operation 31 'load' 'v100_load_1' <Predicate = true> <Delay = 0.00>
ST_4 : Operation 32 [3/3] (6.14ns)   --->   "%v101 = fadd i32 %v100_load_1, i32 %v99" [/home/silvenchen/Desktop/DitBlock/WorkDCT/DitBlock/kernel.cpp:204]   --->   Operation 32 'fadd' 'v101' <Predicate = true> <Delay = 6.14> <CoreInst = "FAddSub_fulldsp">   --->   Core 18 'FAddSub_fulldsp' <Latency = 2> <II = 1> <Delay = 6.14> <FuncUnit> <Opcode : 'fadd' 'fsub'> <InPorts = 2> <OutPorts = 1>
ST_4 : Operation 40 [1/1] (0.00ns)   --->   "%v100_load = load i32 %v100" [/home/silvenchen/Desktop/DitBlock/WorkDCT/DitBlock/kernel.cpp:212]   --->   Operation 40 'load' 'v100_load' <Predicate = (icmp_ln193)> <Delay = 0.00>
ST_4 : Operation 41 [1/1] (0.00ns)   --->   "%write_ln212 = write void @_ssdm_op_Write.ap_auto.floatP0A, i32 %v88_4_0, i32 %v100_load" [/home/silvenchen/Desktop/DitBlock/WorkDCT/DitBlock/kernel.cpp:212]   --->   Operation 41 'write' 'write_ln212' <Predicate = (icmp_ln193)> <Delay = 0.00>
ST_4 : Operation 42 [1/1] (0.00ns)   --->   "%ret_ln213 = ret" [/home/silvenchen/Desktop/DitBlock/WorkDCT/DitBlock/kernel.cpp:213]   --->   Operation 42 'ret' 'ret_ln213' <Predicate = (icmp_ln193)> <Delay = 0.00>

State 5 <SV = 4> <Delay = 6.14>
ST_5 : Operation 33 [2/3] (6.14ns)   --->   "%v101 = fadd i32 %v100_load_1, i32 %v99" [/home/silvenchen/Desktop/DitBlock/WorkDCT/DitBlock/kernel.cpp:204]   --->   Operation 33 'fadd' 'v101' <Predicate = true> <Delay = 6.14> <CoreInst = "FAddSub_fulldsp">   --->   Core 18 'FAddSub_fulldsp' <Latency = 2> <II = 1> <Delay = 6.14> <FuncUnit> <Opcode : 'fadd' 'fsub'> <InPorts = 2> <OutPorts = 1>

State 6 <SV = 5> <Delay = 6.53>
ST_6 : Operation 34 [1/1] (0.00ns)   --->   "%specpipeline_ln191 = specpipeline void @_ssdm_op_SpecPipeline, i32 4294967295, i32 0, i32 0, i32 0, void @empty_219" [/home/silvenchen/Desktop/DitBlock/WorkDCT/DitBlock/kernel.cpp:191]   --->   Operation 34 'specpipeline' 'specpipeline_ln191' <Predicate = true> <Delay = 0.00>
ST_6 : Operation 35 [1/1] (0.00ns)   --->   "%speclooptripcount_ln191 = speclooptripcount void @_ssdm_op_SpecLoopTripCount, i64 128, i64 128, i64 128" [/home/silvenchen/Desktop/DitBlock/WorkDCT/DitBlock/kernel.cpp:191]   --->   Operation 35 'speclooptripcount' 'speclooptripcount_ln191' <Predicate = true> <Delay = 0.00>
ST_6 : Operation 36 [1/1] (0.00ns)   --->   "%specloopname_ln193 = specloopname void @_ssdm_op_SpecLoopName, void @empty_165" [/home/silvenchen/Desktop/DitBlock/WorkDCT/DitBlock/kernel.cpp:193]   --->   Operation 36 'specloopname' 'specloopname_ln193' <Predicate = true> <Delay = 0.00>
ST_6 : Operation 37 [1/3] (6.14ns)   --->   "%v101 = fadd i32 %v100_load_1, i32 %v99" [/home/silvenchen/Desktop/DitBlock/WorkDCT/DitBlock/kernel.cpp:204]   --->   Operation 37 'fadd' 'v101' <Predicate = true> <Delay = 6.14> <CoreInst = "FAddSub_fulldsp">   --->   Core 18 'FAddSub_fulldsp' <Latency = 2> <II = 1> <Delay = 6.14> <FuncUnit> <Opcode : 'fadd' 'fsub'> <InPorts = 2> <OutPorts = 1>
ST_6 : Operation 38 [1/1] (0.38ns)   --->   "%store_ln203 = store i32 %v101, i32 %v100" [/home/silvenchen/Desktop/DitBlock/WorkDCT/DitBlock/kernel.cpp:203]   --->   Operation 38 'store' 'store_ln203' <Predicate = true> <Delay = 0.38>
ST_6 : Operation 39 [1/1] (0.00ns)   --->   "%br_ln193 = br void %for.inc" [/home/silvenchen/Desktop/DitBlock/WorkDCT/DitBlock/kernel.cpp:193]   --->   Operation 39 'br' 'br_ln193' <Predicate = true> <Delay = 0.00>


============================================================
+ Verbose Summary: Timing violations
============================================================
Target clock period: 10.000ns, clock uncertainty: 2.700ns.

 <State 1>: 1.092ns
The critical path consists of the following:
	'store' operation 0 bit ('store_ln193', /home/silvenchen/Desktop/DitBlock/WorkDCT/DitBlock/kernel.cpp:193) of constant 0 on local variable 'k4', /home/silvenchen/Desktop/DitBlock/WorkDCT/DitBlock/kernel.cpp:193 [12]  (0.387 ns)
	'load' operation 8 bit ('k4', /home/silvenchen/Desktop/DitBlock/WorkDCT/DitBlock/kernel.cpp:193) on local variable 'k4', /home/silvenchen/Desktop/DitBlock/WorkDCT/DitBlock/kernel.cpp:193 [16]  (0.000 ns)
	'icmp' operation 1 bit ('icmp_ln193', /home/silvenchen/Desktop/DitBlock/WorkDCT/DitBlock/kernel.cpp:193) [17]  (0.705 ns)

 <State 2>: 6.333ns
The critical path consists of the following:
	fifo read operation ('B_fifo_4_0_read', /home/silvenchen/Desktop/DitBlock/WorkDCT/DitBlock/kernel.cpp:197) on port 'B_fifo_4_0' (/home/silvenchen/Desktop/DitBlock/WorkDCT/DitBlock/kernel.cpp:197) [27]  (1.432 ns)
	'fmul' operation 32 bit ('v99', /home/silvenchen/Desktop/DitBlock/WorkDCT/DitBlock/kernel.cpp:202) [29]  (4.901 ns)

 <State 3>: 4.901ns
The critical path consists of the following:
	'fmul' operation 32 bit ('v99', /home/silvenchen/Desktop/DitBlock/WorkDCT/DitBlock/kernel.cpp:202) [29]  (4.901 ns)

 <State 4>: 6.536ns
The critical path consists of the following:
	'store' operation 0 bit ('store_ln203', /home/silvenchen/Desktop/DitBlock/WorkDCT/DitBlock/kernel.cpp:203) of constant 0 on local variable 'v100', /home/silvenchen/Desktop/DitBlock/WorkDCT/DitBlock/kernel.cpp:203 [13]  (0.387 ns)
	'load' operation 32 bit ('v100_load_1', /home/silvenchen/Desktop/DitBlock/WorkDCT/DitBlock/kernel.cpp:204) on local variable 'v100', /home/silvenchen/Desktop/DitBlock/WorkDCT/DitBlock/kernel.cpp:203 [21]  (0.000 ns)
	'fadd' operation 32 bit ('v101', /home/silvenchen/Desktop/DitBlock/WorkDCT/DitBlock/kernel.cpp:204) [30]  (6.149 ns)

 <State 5>: 6.149ns
The critical path consists of the following:
	'fadd' operation 32 bit ('v101', /home/silvenchen/Desktop/DitBlock/WorkDCT/DitBlock/kernel.cpp:204) [30]  (6.149 ns)

 <State 6>: 6.536ns
The critical path consists of the following:
	'fadd' operation 32 bit ('v101', /home/silvenchen/Desktop/DitBlock/WorkDCT/DitBlock/kernel.cpp:204) [30]  (6.149 ns)
	'store' operation 0 bit ('store_ln203', /home/silvenchen/Desktop/DitBlock/WorkDCT/DitBlock/kernel.cpp:203) of variable 'v101', /home/silvenchen/Desktop/DitBlock/WorkDCT/DitBlock/kernel.cpp:204 on local variable 'v100', /home/silvenchen/Desktop/DitBlock/WorkDCT/DitBlock/kernel.cpp:203 [34]  (0.387 ns)


============================================================
+ Verbose Summary: Binding
============================================================
N/A
* FSMD analyzer results:
  - Output states:
 - Input state : 
  - Chain level:
	State 1
	State 2
	State 3
	State 4
	State 5
	State 6


============================================================
+ Verbose Summary: Datapath Resource usage 
============================================================
N/A
