

================================================================
== Vitis HLS Report for 'RoPE'
================================================================
* Date:           Wed Feb  5 22:34:18 2025

* Version:        2023.2 (Build 4023990 on Oct 11 2023)
* Project:        DitBlock
* Solution:       hls (Vivado IP Flow Target)
* Product family: virtexuplusHBM
* Target device:  xcu280-fsvh2892-2L-e


================================================================
== Performance Estimates
================================================================
+ Timing: 
    * Summary: 
    +--------+----------+----------+------------+
    |  Clock |  Target  | Estimated| Uncertainty|
    +--------+----------+----------+------------+
    |ap_clk  |  10.00 ns|  6.149 ns|     2.70 ns|
    +--------+----------+----------+------------+

+ Latency: 
    * Summary: 
    +---------+---------+-----------+-----------+---------+---------+---------+
    |  Latency (cycles) |   Latency (absolute)  |      Interval     | Pipeline|
    |   min   |   max   |    min    |    max    |   min   |   max   |   Type  |
    +---------+---------+-----------+-----------+---------+---------+---------+
    |  1310961|  1310961|  13.110 ms|  13.110 ms|  1310961|  1310961|       no|
    +---------+---------+-----------+-----------+---------+---------+---------+

    + Detail: 
        * Instance: 
        N/A

        * Loop: 
        +-------------+---------+---------+----------+-----------+-----------+------+----------+
        |             |  Latency (cycles) | Iteration|  Initiation Interval  | Trip |          |
        |  Loop Name  |   min   |   max   |  Latency |  achieved |   target  | Count| Pipelined|
        +-------------+---------+---------+----------+-----------+-----------+------+----------+
        |- l_S_h_0_h  |  1310960|  1310960|    163870|          -|          -|     8|        no|
        +-------------+---------+---------+----------+-----------+-----------+------+----------+

============================================================
+ Verbose Summary: Synthesis Manager
============================================================
InlineROM: 1
ExposeGlobal: 0
============================================================
+ Verbose Summary: CDFG Model
============================================================
IsTopModel: 0
ResetActiveHigh: 1
IsCombinational: 0
IsDatapathOnly: 0
HasWiredReturn: 1
HasMFsm: 0
HasVarLatency: 1
IsPipeline: 0
IsRtlPipelined: 0
IsInstanceOverlapped: 0
IsDontTouch: 0
HasImplIP: 0
IsGatedGlobalClock: 0


============================================================
+ Verbose Summary: Schedule
============================================================
* Number of FSM states : 11
* Pipeline : 0
* Dataflow Pipeline: 0

* FSM state transitions: 
1 --> 2 
2 --> 3 
3 --> 4 
4 --> 5 
5 --> 6 
6 --> 7 
7 --> 8 
8 --> 9 
9 --> 10 
10 --> 11 
11 --> 2 

* FSM state operations: 

State 1 <SV = 0> <Delay = 0.38>
ST_1 : Operation 12 [1/1] (0.00ns)   --->   "%h = alloca i32 1" [/home/silvenchen/Desktop/DitBlock/WorkDCT/DitBlock/kernel.cpp:9602]   --->   Operation 12 'alloca' 'h' <Predicate = true> <Delay = 0.00>
ST_1 : Operation 13 [1/1] (0.00ns)   --->   "%specmemcore_ln0 = specmemcore void @_ssdm_op_SpecMemCore, i32 %v5222, i64 666, i64 24, i64 18446744073709551615"   --->   Operation 13 'specmemcore' 'specmemcore_ln0' <Predicate = true> <Delay = 0.00>
ST_1 : Operation 14 [1/1] (0.00ns)   --->   "%X_1_h = alloca i64 1" [/home/silvenchen/Desktop/DitBlock/WorkDCT/DitBlock/kernel.cpp:9603]   --->   Operation 14 'alloca' 'X_1_h' <Predicate = true> <Delay = 0.00>
ST_1 : Operation 15 [1/1] (0.00ns)   --->   "%X_2_h = alloca i64 1" [/home/silvenchen/Desktop/DitBlock/WorkDCT/DitBlock/kernel.cpp:9604]   --->   Operation 15 'alloca' 'X_2_h' <Predicate = true> <Delay = 0.00>
ST_1 : Operation 16 [1/1] (0.00ns)   --->   "%X_1_rotary = alloca i64 1" [/home/silvenchen/Desktop/DitBlock/WorkDCT/DitBlock/kernel.cpp:9617]   --->   Operation 16 'alloca' 'X_1_rotary' <Predicate = true> <Delay = 0.00>
ST_1 : Operation 17 [1/1] (0.00ns)   --->   "%X_2_rotary = alloca i64 1" [/home/silvenchen/Desktop/DitBlock/WorkDCT/DitBlock/kernel.cpp:9623]   --->   Operation 17 'alloca' 'X_2_rotary' <Predicate = true> <Delay = 0.00>
ST_1 : Operation 18 [1/1] (0.38ns)   --->   "%store_ln9602 = store i4 0, i4 %h" [/home/silvenchen/Desktop/DitBlock/WorkDCT/DitBlock/kernel.cpp:9602]   --->   Operation 18 'store' 'store_ln9602' <Predicate = true> <Delay = 0.38>
ST_1 : Operation 19 [1/1] (0.00ns)   --->   "%br_ln9602 = br void %l_rope_split_1_i6" [/home/silvenchen/Desktop/DitBlock/WorkDCT/DitBlock/kernel.cpp:9602]   --->   Operation 19 'br' 'br_ln9602' <Predicate = true> <Delay = 0.00>

State 2 <SV = 1> <Delay = 1.09>
ST_2 : Operation 20 [1/1] (0.00ns)   --->   "%h_1 = load i4 %h"   --->   Operation 20 'load' 'h_1' <Predicate = true> <Delay = 0.00>
ST_2 : Operation 21 [1/1] (0.70ns)   --->   "%icmp_ln9602 = icmp_eq  i4 %h_1, i4 8" [/home/silvenchen/Desktop/DitBlock/WorkDCT/DitBlock/kernel.cpp:9602]   --->   Operation 21 'icmp' 'icmp_ln9602' <Predicate = true> <Delay = 0.70> <CoreInst = "Cmp">   --->   Core 9 'Cmp' <Latency = 0> <II = 1> <Delay = 0.70> <FuncUnit> <Opcode : 'icmp'> <InPorts = 2> <OutPorts = 1>
ST_2 : Operation 22 [1/1] (0.70ns)   --->   "%add_ln9602 = add i4 %h_1, i4 1" [/home/silvenchen/Desktop/DitBlock/WorkDCT/DitBlock/kernel.cpp:9602]   --->   Operation 22 'add' 'add_ln9602' <Predicate = true> <Delay = 0.70> <CoreInst = "Adder">   --->   Core 1 'Adder' <Latency = 0> <II = 1> <Delay = 0.70> <FuncUnit> <Opcode : 'add' 'sub'> <InPorts = 2> <OutPorts = 1>
ST_2 : Operation 23 [1/1] (0.00ns)   --->   "%br_ln9602 = br i1 %icmp_ln9602, void %l_rope_split_1_i6.split, void %for.end203" [/home/silvenchen/Desktop/DitBlock/WorkDCT/DitBlock/kernel.cpp:9602]   --->   Operation 23 'br' 'br_ln9602' <Predicate = true> <Delay = 0.00>
ST_2 : Operation 24 [1/1] (0.00ns)   --->   "%empty = trunc i4 %h_1"   --->   Operation 24 'trunc' 'empty' <Predicate = (!icmp_ln9602)> <Delay = 0.00>
ST_2 : Operation 25 [2/2] (0.00ns)   --->   "%call_ln0 = call void @RoPE_Pipeline_l_rope_split_1_i6_l_j4, i32 %X_1_h, i3 %empty, i32 %v5222"   --->   Operation 25 'call' 'call_ln0' <Predicate = (!icmp_ln9602)> <Delay = 0.00> <CoreType = "Generic">   --->   Core 0 '' <Latency = 0> <II = 1> <Delay = 1.00> <Generic> <Opcode : >
ST_2 : Operation 26 [2/2] (0.00ns)   --->   "%call_ln0 = call void @RoPE_Pipeline_VITIS_LOOP_9618_1_VITIS_LOOP_9619_2, i32 %X_1_rotary"   --->   Operation 26 'call' 'call_ln0' <Predicate = (!icmp_ln9602)> <Delay = 0.00> <CoreType = "Generic">   --->   Core 0 '' <Latency = 0> <II = 1> <Delay = 1.00> <Generic> <Opcode : >
ST_2 : Operation 27 [2/2] (0.00ns)   --->   "%call_ln0 = call void @RoPE_Pipeline_VITIS_LOOP_9624_3_VITIS_LOOP_9625_4, i32 %X_2_rotary"   --->   Operation 27 'call' 'call_ln0' <Predicate = (!icmp_ln9602)> <Delay = 0.00> <CoreType = "Generic">   --->   Core 0 '' <Latency = 0> <II = 1> <Delay = 1.00> <Generic> <Opcode : >
ST_2 : Operation 28 [1/1] (0.38ns)   --->   "%store_ln9602 = store i4 %add_ln9602, i4 %h" [/home/silvenchen/Desktop/DitBlock/WorkDCT/DitBlock/kernel.cpp:9602]   --->   Operation 28 'store' 'store_ln9602' <Predicate = (!icmp_ln9602)> <Delay = 0.38>
ST_2 : Operation 29 [1/1] (0.00ns)   --->   "%ret_ln9666 = ret" [/home/silvenchen/Desktop/DitBlock/WorkDCT/DitBlock/kernel.cpp:9666]   --->   Operation 29 'ret' 'ret_ln9666' <Predicate = (icmp_ln9602)> <Delay = 0.00>

State 3 <SV = 2> <Delay = 0.00>
ST_3 : Operation 30 [1/2] (0.00ns)   --->   "%call_ln0 = call void @RoPE_Pipeline_l_rope_split_1_i6_l_j4, i32 %X_1_h, i3 %empty, i32 %v5222"   --->   Operation 30 'call' 'call_ln0' <Predicate = true> <Delay = 0.00> <CoreType = "Generic">   --->   Core 0 '' <Latency = 0> <II = 1> <Delay = 1.00> <Generic> <Opcode : >
ST_3 : Operation 31 [1/2] (0.00ns)   --->   "%call_ln0 = call void @RoPE_Pipeline_VITIS_LOOP_9618_1_VITIS_LOOP_9619_2, i32 %X_1_rotary"   --->   Operation 31 'call' 'call_ln0' <Predicate = true> <Delay = 0.00> <CoreType = "Generic">   --->   Core 0 '' <Latency = 0> <II = 1> <Delay = 1.00> <Generic> <Opcode : >
ST_3 : Operation 32 [1/2] (0.00ns)   --->   "%call_ln0 = call void @RoPE_Pipeline_VITIS_LOOP_9624_3_VITIS_LOOP_9625_4, i32 %X_2_rotary"   --->   Operation 32 'call' 'call_ln0' <Predicate = true> <Delay = 0.00> <CoreType = "Generic">   --->   Core 0 '' <Latency = 0> <II = 1> <Delay = 1.00> <Generic> <Opcode : >

State 4 <SV = 3> <Delay = 0.00>
ST_4 : Operation 33 [1/1] (0.00ns)   --->   "%tmp_s = bitconcatenate i9 @_ssdm_op_BitConcatenate.i9.i3.i6, i3 %empty, i6 0"   --->   Operation 33 'bitconcatenate' 'tmp_s' <Predicate = true> <Delay = 0.00>
ST_4 : Operation 34 [2/2] (0.00ns)   --->   "%call_ln0 = call void @RoPE_Pipeline_l_rope_split_2_i7_l_j5, i32 %X_2_h, i9 %tmp_s, i32 %v5222"   --->   Operation 34 'call' 'call_ln0' <Predicate = true> <Delay = 0.00> <CoreType = "Generic">   --->   Core 0 '' <Latency = 0> <II = 1> <Delay = 1.00> <Generic> <Opcode : >

State 5 <SV = 4> <Delay = 0.00>
ST_5 : Operation 35 [1/2] (0.00ns)   --->   "%call_ln0 = call void @RoPE_Pipeline_l_rope_split_2_i7_l_j5, i32 %X_2_h, i9 %tmp_s, i32 %v5222"   --->   Operation 35 'call' 'call_ln0' <Predicate = true> <Delay = 0.00> <CoreType = "Generic">   --->   Core 0 '' <Latency = 0> <II = 1> <Delay = 1.00> <Generic> <Opcode : >

State 6 <SV = 5> <Delay = 0.00>
ST_6 : Operation 36 [2/2] (0.00ns)   --->   "%call_ln0 = call void @RoPE_Pipeline_l_rotary_1_i8_l_j6, i32 %v5223, i32 %v5224, i32 %X_1_h, i32 %X_2_h, i32 %X_1_rotary"   --->   Operation 36 'call' 'call_ln0' <Predicate = true> <Delay = 0.00> <CoreType = "Generic">   --->   Core 0 '' <Latency = 0> <II = 1> <Delay = 1.00> <Generic> <Opcode : >

State 7 <SV = 6> <Delay = 0.00>
ST_7 : Operation 37 [1/2] (0.00ns)   --->   "%call_ln0 = call void @RoPE_Pipeline_l_rotary_1_i8_l_j6, i32 %v5223, i32 %v5224, i32 %X_1_h, i32 %X_2_h, i32 %X_1_rotary"   --->   Operation 37 'call' 'call_ln0' <Predicate = true> <Delay = 0.00> <CoreType = "Generic">   --->   Core 0 '' <Latency = 0> <II = 1> <Delay = 1.00> <Generic> <Opcode : >

State 8 <SV = 7> <Delay = 0.00>
ST_8 : Operation 38 [2/2] (0.00ns)   --->   "%call_ln0 = call void @RoPE_Pipeline_l_rotary_2_i9_l_j7, i32 %v5223, i32 %v5224, i32 %X_1_h, i32 %X_2_h, i32 %X_2_rotary"   --->   Operation 38 'call' 'call_ln0' <Predicate = true> <Delay = 0.00> <CoreType = "Generic">   --->   Core 0 '' <Latency = 0> <II = 1> <Delay = 1.00> <Generic> <Opcode : >
ST_8 : Operation 39 [2/2] (0.00ns)   --->   "%call_ln0 = call void @RoPE_Pipeline_l_rotary_merge_1_i10_l_j8, i32 %X_1_rotary, i3 %empty, i32 %v5222"   --->   Operation 39 'call' 'call_ln0' <Predicate = true> <Delay = 0.00> <CoreType = "Generic">   --->   Core 0 '' <Latency = 0> <II = 1> <Delay = 1.00> <Generic> <Opcode : >

State 9 <SV = 8> <Delay = 0.00>
ST_9 : Operation 40 [1/2] (0.00ns)   --->   "%call_ln0 = call void @RoPE_Pipeline_l_rotary_2_i9_l_j7, i32 %v5223, i32 %v5224, i32 %X_1_h, i32 %X_2_h, i32 %X_2_rotary"   --->   Operation 40 'call' 'call_ln0' <Predicate = true> <Delay = 0.00> <CoreType = "Generic">   --->   Core 0 '' <Latency = 0> <II = 1> <Delay = 1.00> <Generic> <Opcode : >
ST_9 : Operation 41 [1/2] (0.00ns)   --->   "%call_ln0 = call void @RoPE_Pipeline_l_rotary_merge_1_i10_l_j8, i32 %X_1_rotary, i3 %empty, i32 %v5222"   --->   Operation 41 'call' 'call_ln0' <Predicate = true> <Delay = 0.00> <CoreType = "Generic">   --->   Core 0 '' <Latency = 0> <II = 1> <Delay = 1.00> <Generic> <Opcode : >

State 10 <SV = 9> <Delay = 0.00>
ST_10 : Operation 42 [2/2] (0.00ns)   --->   "%call_ln0 = call void @RoPE_Pipeline_l_rotary_merge_2_i11_l_j9, i32 %X_2_rotary, i9 %tmp_s, i32 %v5222"   --->   Operation 42 'call' 'call_ln0' <Predicate = true> <Delay = 0.00> <CoreType = "Generic">   --->   Core 0 '' <Latency = 0> <II = 1> <Delay = 1.00> <Generic> <Opcode : >

State 11 <SV = 10> <Delay = 0.00>
ST_11 : Operation 43 [1/1] (0.00ns)   --->   "%speclooptripcount_ln9603 = speclooptripcount void @_ssdm_op_SpecLoopTripCount, i64 8, i64 8, i64 8" [/home/silvenchen/Desktop/DitBlock/WorkDCT/DitBlock/kernel.cpp:9603]   --->   Operation 43 'speclooptripcount' 'speclooptripcount_ln9603' <Predicate = true> <Delay = 0.00>
ST_11 : Operation 44 [1/1] (0.00ns)   --->   "%specloopname_ln9602 = specloopname void @_ssdm_op_SpecLoopName, void @empty_198" [/home/silvenchen/Desktop/DitBlock/WorkDCT/DitBlock/kernel.cpp:9602]   --->   Operation 44 'specloopname' 'specloopname_ln9602' <Predicate = true> <Delay = 0.00>
ST_11 : Operation 45 [1/2] (0.00ns)   --->   "%call_ln0 = call void @RoPE_Pipeline_l_rotary_merge_2_i11_l_j9, i32 %X_2_rotary, i9 %tmp_s, i32 %v5222"   --->   Operation 45 'call' 'call_ln0' <Predicate = true> <Delay = 0.00> <CoreType = "Generic">   --->   Core 0 '' <Latency = 0> <II = 1> <Delay = 1.00> <Generic> <Opcode : >
ST_11 : Operation 46 [1/1] (0.00ns)   --->   "%br_ln9602 = br void %l_rope_split_1_i6" [/home/silvenchen/Desktop/DitBlock/WorkDCT/DitBlock/kernel.cpp:9602]   --->   Operation 46 'br' 'br_ln9602' <Predicate = true> <Delay = 0.00>


============================================================
+ Verbose Summary: Timing violations
============================================================
Target clock period: 10.000ns, clock uncertainty: 2.700ns.

 <State 1>: 0.387ns
The critical path consists of the following:
	'alloca' operation 4 bit ('h', /home/silvenchen/Desktop/DitBlock/WorkDCT/DitBlock/kernel.cpp:9602) [4]  (0.000 ns)
	'store' operation 0 bit ('store_ln9602', /home/silvenchen/Desktop/DitBlock/WorkDCT/DitBlock/kernel.cpp:9602) of constant 0 on local variable 'h', /home/silvenchen/Desktop/DitBlock/WorkDCT/DitBlock/kernel.cpp:9602 [10]  (0.387 ns)

 <State 2>: 1.095ns
The critical path consists of the following:
	'load' operation 4 bit ('h') on local variable 'h', /home/silvenchen/Desktop/DitBlock/WorkDCT/DitBlock/kernel.cpp:9602 [13]  (0.000 ns)
	'add' operation 4 bit ('add_ln9602', /home/silvenchen/Desktop/DitBlock/WorkDCT/DitBlock/kernel.cpp:9602) [15]  (0.708 ns)
	'store' operation 0 bit ('store_ln9602', /home/silvenchen/Desktop/DitBlock/WorkDCT/DitBlock/kernel.cpp:9602) of variable 'add_ln9602', /home/silvenchen/Desktop/DitBlock/WorkDCT/DitBlock/kernel.cpp:9602 on local variable 'h', /home/silvenchen/Desktop/DitBlock/WorkDCT/DitBlock/kernel.cpp:9602 [30]  (0.387 ns)

 <State 3>: 0.000ns
The critical path consists of the following:

 <State 4>: 0.000ns
The critical path consists of the following:

 <State 5>: 0.000ns
The critical path consists of the following:

 <State 6>: 0.000ns
The critical path consists of the following:

 <State 7>: 0.000ns
The critical path consists of the following:

 <State 8>: 0.000ns
The critical path consists of the following:

 <State 9>: 0.000ns
The critical path consists of the following:

 <State 10>: 0.000ns
The critical path consists of the following:

 <State 11>: 0.000ns
The critical path consists of the following:


============================================================
+ Verbose Summary: Binding
============================================================
N/A
* FSMD analyzer results:
  - Output states:
 - Input state : 
  - Chain level:
	State 1
	State 2
	State 3
	State 4
	State 5
	State 6
	State 7
	State 8
	State 9
	State 10
	State 11


============================================================
+ Verbose Summary: Datapath Resource usage 
============================================================
N/A
