

================================================================
== Vitis HLS Report for 'RoPE_Pipeline_VITIS_LOOP_9618_1_VITIS_LOOP_9619_2'
================================================================
* Date:           Wed Feb  5 22:34:17 2025

* Version:        2023.2 (Build 4023990 on Oct 11 2023)
* Project:        DitBlock
* Solution:       hls (Vivado IP Flow Target)
* Product family: virtexuplusHBM
* Target device:  xcu280-fsvh2892-2L-e


================================================================
== Performance Estimates
================================================================
+ Timing: 
    * Summary: 
    +--------+----------+----------+------------+
    |  Clock |  Target  | Estimated| Uncertainty|
    +--------+----------+----------+------------+
    |ap_clk  |  10.00 ns|  3.059 ns|     2.70 ns|
    +--------+----------+----------+------------+

+ Latency: 
    * Summary: 
    +---------+---------+----------+----------+-------+-------+---------+
    |  Latency (cycles) |  Latency (absolute) |    Interval   | Pipeline|
    |   min   |   max   |    min   |    max   |  min  |  max  |   Type  |
    +---------+---------+----------+----------+-------+-------+---------+
    |    32770|    32770|  0.328 ms|  0.328 ms|  32770|  32770|       no|
    +---------+---------+----------+----------+-------+-------+---------+

    + Detail: 
        * Instance: 
        N/A

        * Loop: 
        +---------------------------------------+---------+---------+----------+-----------+-----------+-------+----------+
        |                                       |  Latency (cycles) | Iteration|  Initiation Interval  |  Trip |          |
        |               Loop Name               |   min   |   max   |  Latency |  achieved |   target  | Count | Pipelined|
        +---------------------------------------+---------+---------+----------+-----------+-----------+-------+----------+
        |- VITIS_LOOP_9618_1_VITIS_LOOP_9619_2  |    32768|    32768|         1|          1|          1|  32768|       yes|
        +---------------------------------------+---------+---------+----------+-----------+-----------+-------+----------+

============================================================
+ Verbose Summary: Synthesis Manager
============================================================
InlineROM: 1
ExposeGlobal: 0
============================================================
+ Verbose Summary: CDFG Model
============================================================
IsTopModel: 0
ResetActiveHigh: 1
IsCombinational: 0
IsDatapathOnly: 0
HasWiredReturn: 1
HasMFsm: 2
HasVarLatency: 1
IsPipeline: 0
IsRtlPipelined: 0
IsInstanceOverlapped: 0
IsDontTouch: 0
HasImplIP: 0
IsGatedGlobalClock: 0

+ Individual pipeline summary: 
  * Pipeline-0: initiation interval (II) = 1, depth = 2


============================================================
+ Verbose Summary: Schedule
============================================================
* Number of FSM states : 2
* Pipeline : 1
  Pipeline-0 : II = 1, D = 2, States = { 1 2 }
* Dataflow Pipeline: 0

* FSM state transitions: 
1 --> 2 
2 --> 

* FSM state operations: 

State 1 <SV = 0> <Delay = 0.38>
ST_1 : Operation 4 [1/1] (0.00ns)   --->   "%v5237 = alloca i32 1" [/home/silvenchen/Desktop/DitBlock/WorkDCT/DitBlock/kernel.cpp:9619]   --->   Operation 4 'alloca' 'v5237' <Predicate = true> <Delay = 0.00>
ST_1 : Operation 5 [1/1] (0.00ns)   --->   "%v5236 = alloca i32 1" [/home/silvenchen/Desktop/DitBlock/WorkDCT/DitBlock/kernel.cpp:9618]   --->   Operation 5 'alloca' 'v5236' <Predicate = true> <Delay = 0.00>
ST_1 : Operation 6 [1/1] (0.00ns)   --->   "%indvar_flatten13 = alloca i32 1"   --->   Operation 6 'alloca' 'indvar_flatten13' <Predicate = true> <Delay = 0.00>
ST_1 : Operation 7 [1/1] (0.38ns)   --->   "%store_ln0 = store i16 0, i16 %indvar_flatten13"   --->   Operation 7 'store' 'store_ln0' <Predicate = true> <Delay = 0.38>
ST_1 : Operation 8 [1/1] (0.38ns)   --->   "%store_ln9618 = store i11 0, i11 %v5236" [/home/silvenchen/Desktop/DitBlock/WorkDCT/DitBlock/kernel.cpp:9618]   --->   Operation 8 'store' 'store_ln9618' <Predicate = true> <Delay = 0.38>
ST_1 : Operation 9 [1/1] (0.38ns)   --->   "%store_ln9619 = store i6 0, i6 %v5237" [/home/silvenchen/Desktop/DitBlock/WorkDCT/DitBlock/kernel.cpp:9619]   --->   Operation 9 'store' 'store_ln9619' <Predicate = true> <Delay = 0.38>
ST_1 : Operation 10 [1/1] (0.00ns)   --->   "%br_ln0 = br void %for.inc55"   --->   Operation 10 'br' 'br_ln0' <Predicate = true> <Delay = 0.00>

State 2 <SV = 1> <Delay = 3.05>
ST_2 : Operation 11 [1/1] (0.00ns)   --->   "%indvar_flatten13_load = load i16 %indvar_flatten13" [/home/silvenchen/Desktop/DitBlock/WorkDCT/DitBlock/kernel.cpp:9618]   --->   Operation 11 'load' 'indvar_flatten13_load' <Predicate = true> <Delay = 0.00>
ST_2 : Operation 12 [1/1] (0.78ns)   --->   "%icmp_ln9618 = icmp_eq  i16 %indvar_flatten13_load, i16 32768" [/home/silvenchen/Desktop/DitBlock/WorkDCT/DitBlock/kernel.cpp:9618]   --->   Operation 12 'icmp' 'icmp_ln9618' <Predicate = true> <Delay = 0.78> <CoreInst = "Cmp">   --->   Core 9 'Cmp' <Latency = 0> <II = 1> <Delay = 0.78> <FuncUnit> <Opcode : 'icmp'> <InPorts = 2> <OutPorts = 1>
ST_2 : Operation 13 [1/1] (0.78ns)   --->   "%add_ln9618_1 = add i16 %indvar_flatten13_load, i16 1" [/home/silvenchen/Desktop/DitBlock/WorkDCT/DitBlock/kernel.cpp:9618]   --->   Operation 13 'add' 'add_ln9618_1' <Predicate = true> <Delay = 0.78> <CoreInst = "Adder">   --->   Core 1 'Adder' <Latency = 0> <II = 1> <Delay = 0.78> <FuncUnit> <Opcode : 'add' 'sub'> <InPorts = 2> <OutPorts = 1>
ST_2 : Operation 14 [1/1] (0.00ns)   --->   "%br_ln9618 = br i1 %icmp_ln9618, void %for.inc58, void %for.inc73.preheader.exitStub" [/home/silvenchen/Desktop/DitBlock/WorkDCT/DitBlock/kernel.cpp:9618]   --->   Operation 14 'br' 'br_ln9618' <Predicate = true> <Delay = 0.00>
ST_2 : Operation 15 [1/1] (0.00ns)   --->   "%v5237_load = load i6 %v5237" [/home/silvenchen/Desktop/DitBlock/WorkDCT/DitBlock/kernel.cpp:9619]   --->   Operation 15 'load' 'v5237_load' <Predicate = (!icmp_ln9618)> <Delay = 0.00>
ST_2 : Operation 16 [1/1] (0.00ns)   --->   "%v5236_load = load i11 %v5236" [/home/silvenchen/Desktop/DitBlock/WorkDCT/DitBlock/kernel.cpp:9618]   --->   Operation 16 'load' 'v5236_load' <Predicate = (!icmp_ln9618)> <Delay = 0.00>
ST_2 : Operation 17 [1/1] (0.73ns)   --->   "%add_ln9618 = add i11 %v5236_load, i11 1" [/home/silvenchen/Desktop/DitBlock/WorkDCT/DitBlock/kernel.cpp:9618]   --->   Operation 17 'add' 'add_ln9618' <Predicate = (!icmp_ln9618)> <Delay = 0.73> <CoreInst = "Adder">   --->   Core 1 'Adder' <Latency = 0> <II = 1> <Delay = 0.73> <FuncUnit> <Opcode : 'add' 'sub'> <InPorts = 2> <OutPorts = 1>
ST_2 : Operation 18 [1/1] (0.00ns)   --->   "%specloopname_ln0 = specloopname void @_ssdm_op_SpecLoopName, void @VITIS_LOOP_9618_1_VITIS_LOOP_9619_2_str"   --->   Operation 18 'specloopname' 'specloopname_ln0' <Predicate = (!icmp_ln9618)> <Delay = 0.00>
ST_2 : Operation 19 [1/1] (0.00ns)   --->   "%speclooptripcount_ln0 = speclooptripcount void @_ssdm_op_SpecLoopTripCount, i64 32768, i64 32768, i64 32768"   --->   Operation 19 'speclooptripcount' 'speclooptripcount_ln0' <Predicate = (!icmp_ln9618)> <Delay = 0.00>
ST_2 : Operation 20 [1/1] (0.70ns)   --->   "%icmp_ln9619 = icmp_eq  i6 %v5237_load, i6 32" [/home/silvenchen/Desktop/DitBlock/WorkDCT/DitBlock/kernel.cpp:9619]   --->   Operation 20 'icmp' 'icmp_ln9619' <Predicate = (!icmp_ln9618)> <Delay = 0.70> <CoreInst = "Cmp">   --->   Core 9 'Cmp' <Latency = 0> <II = 1> <Delay = 0.70> <FuncUnit> <Opcode : 'icmp'> <InPorts = 2> <OutPorts = 1>
ST_2 : Operation 21 [1/1] (0.29ns)   --->   "%select_ln9618 = select i1 %icmp_ln9619, i6 0, i6 %v5237_load" [/home/silvenchen/Desktop/DitBlock/WorkDCT/DitBlock/kernel.cpp:9618]   --->   Operation 21 'select' 'select_ln9618' <Predicate = (!icmp_ln9618)> <Delay = 0.29> <CoreInst = "Sel">   --->   Core 73 'Sel' <Latency = 0> <II = 1> <Delay = 0.29> <FuncUnit> <Opcode : 'select'> <InPorts = 3> <OutPorts = 1>
ST_2 : Operation 22 [1/1] (0.30ns)   --->   "%select_ln9618_1 = select i1 %icmp_ln9619, i11 %add_ln9618, i11 %v5236_load" [/home/silvenchen/Desktop/DitBlock/WorkDCT/DitBlock/kernel.cpp:9618]   --->   Operation 22 'select' 'select_ln9618_1' <Predicate = (!icmp_ln9618)> <Delay = 0.30> <CoreInst = "Sel">   --->   Core 73 'Sel' <Latency = 0> <II = 1> <Delay = 0.30> <FuncUnit> <Opcode : 'select'> <InPorts = 3> <OutPorts = 1>
ST_2 : Operation 23 [1/1] (0.00ns)   --->   "%trunc_ln9620 = trunc i11 %select_ln9618_1" [/home/silvenchen/Desktop/DitBlock/WorkDCT/DitBlock/kernel.cpp:9620]   --->   Operation 23 'trunc' 'trunc_ln9620' <Predicate = (!icmp_ln9618)> <Delay = 0.00>
ST_2 : Operation 24 [1/1] (0.00ns)   --->   "%tmp_s = bitconcatenate i15 @_ssdm_op_BitConcatenate.i15.i10.i5, i10 %trunc_ln9620, i5 0" [/home/silvenchen/Desktop/DitBlock/WorkDCT/DitBlock/kernel.cpp:9620]   --->   Operation 24 'bitconcatenate' 'tmp_s' <Predicate = (!icmp_ln9618)> <Delay = 0.00>
ST_2 : Operation 25 [1/1] (0.00ns)   --->   "%zext_ln9620 = zext i6 %select_ln9618" [/home/silvenchen/Desktop/DitBlock/WorkDCT/DitBlock/kernel.cpp:9620]   --->   Operation 25 'zext' 'zext_ln9620' <Predicate = (!icmp_ln9618)> <Delay = 0.00>
ST_2 : Operation 26 [1/1] (0.77ns)   --->   "%add_ln9620 = add i15 %tmp_s, i15 %zext_ln9620" [/home/silvenchen/Desktop/DitBlock/WorkDCT/DitBlock/kernel.cpp:9620]   --->   Operation 26 'add' 'add_ln9620' <Predicate = (!icmp_ln9618)> <Delay = 0.77> <CoreInst = "Adder">   --->   Core 1 'Adder' <Latency = 0> <II = 1> <Delay = 0.77> <FuncUnit> <Opcode : 'add' 'sub'> <InPorts = 2> <OutPorts = 1>
ST_2 : Operation 27 [1/1] (0.00ns)   --->   "%zext_ln9620_1 = zext i15 %add_ln9620" [/home/silvenchen/Desktop/DitBlock/WorkDCT/DitBlock/kernel.cpp:9620]   --->   Operation 27 'zext' 'zext_ln9620_1' <Predicate = (!icmp_ln9618)> <Delay = 0.00>
ST_2 : Operation 28 [1/1] (0.00ns)   --->   "%X_1_rotary_addr = getelementptr i32 %X_1_rotary, i64 0, i64 %zext_ln9620_1" [/home/silvenchen/Desktop/DitBlock/WorkDCT/DitBlock/kernel.cpp:9620]   --->   Operation 28 'getelementptr' 'X_1_rotary_addr' <Predicate = (!icmp_ln9618)> <Delay = 0.00>
ST_2 : Operation 29 [1/1] (0.00ns)   --->   "%specpipeline_ln9619 = specpipeline void @_ssdm_op_SpecPipeline, i32 4294967295, i32 0, i32 0, i32 0, void @empty_219" [/home/silvenchen/Desktop/DitBlock/WorkDCT/DitBlock/kernel.cpp:9619]   --->   Operation 29 'specpipeline' 'specpipeline_ln9619' <Predicate = (!icmp_ln9618)> <Delay = 0.00>
ST_2 : Operation 30 [1/1] (1.24ns)   --->   "%store_ln9620 = store i32 0, i15 %X_1_rotary_addr" [/home/silvenchen/Desktop/DitBlock/WorkDCT/DitBlock/kernel.cpp:9620]   --->   Operation 30 'store' 'store_ln9620' <Predicate = (!icmp_ln9618)> <Delay = 1.24> <CoreInst = "RAM">   --->   Core 83 'RAM' <Latency = 1> <II = 1> <Delay = 1.24> <Storage> <Opcode : 'load' 'store'> <Ports = 2> <Width = 32> <Depth = 32768> <RAM>
ST_2 : Operation 31 [1/1] (0.70ns)   --->   "%add_ln9619 = add i6 %select_ln9618, i6 1" [/home/silvenchen/Desktop/DitBlock/WorkDCT/DitBlock/kernel.cpp:9619]   --->   Operation 31 'add' 'add_ln9619' <Predicate = (!icmp_ln9618)> <Delay = 0.70> <CoreInst = "Adder">   --->   Core 1 'Adder' <Latency = 0> <II = 1> <Delay = 0.70> <FuncUnit> <Opcode : 'add' 'sub'> <InPorts = 2> <OutPorts = 1>
ST_2 : Operation 32 [1/1] (0.38ns)   --->   "%store_ln9618 = store i16 %add_ln9618_1, i16 %indvar_flatten13" [/home/silvenchen/Desktop/DitBlock/WorkDCT/DitBlock/kernel.cpp:9618]   --->   Operation 32 'store' 'store_ln9618' <Predicate = (!icmp_ln9618)> <Delay = 0.38>
ST_2 : Operation 33 [1/1] (0.38ns)   --->   "%store_ln9618 = store i11 %select_ln9618_1, i11 %v5236" [/home/silvenchen/Desktop/DitBlock/WorkDCT/DitBlock/kernel.cpp:9618]   --->   Operation 33 'store' 'store_ln9618' <Predicate = (!icmp_ln9618)> <Delay = 0.38>
ST_2 : Operation 34 [1/1] (0.38ns)   --->   "%store_ln9619 = store i6 %add_ln9619, i6 %v5237" [/home/silvenchen/Desktop/DitBlock/WorkDCT/DitBlock/kernel.cpp:9619]   --->   Operation 34 'store' 'store_ln9619' <Predicate = (!icmp_ln9618)> <Delay = 0.38>
ST_2 : Operation 35 [1/1] (0.00ns)   --->   "%br_ln9619 = br void %for.inc55" [/home/silvenchen/Desktop/DitBlock/WorkDCT/DitBlock/kernel.cpp:9619]   --->   Operation 35 'br' 'br_ln9619' <Predicate = (!icmp_ln9618)> <Delay = 0.00>
ST_2 : Operation 36 [1/1] (0.00ns)   --->   "%ret_ln0 = ret"   --->   Operation 36 'ret' 'ret_ln0' <Predicate = (icmp_ln9618)> <Delay = 0.00>


============================================================
+ Verbose Summary: Timing violations
============================================================
Target clock period: 10.000ns, clock uncertainty: 2.700ns.

 <State 1>: 0.387ns
The critical path consists of the following:
	'alloca' operation 16 bit ('indvar_flatten13') [4]  (0.000 ns)
	'store' operation 0 bit ('store_ln0') of constant 0 on local variable 'indvar_flatten13' [5]  (0.387 ns)

 <State 2>: 3.059ns
The critical path consists of the following:
	'load' operation 11 bit ('v5236_load', /home/silvenchen/Desktop/DitBlock/WorkDCT/DitBlock/kernel.cpp:9618) on local variable 'v5236', /home/silvenchen/Desktop/DitBlock/WorkDCT/DitBlock/kernel.cpp:9618 [16]  (0.000 ns)
	'add' operation 11 bit ('add_ln9618', /home/silvenchen/Desktop/DitBlock/WorkDCT/DitBlock/kernel.cpp:9618) [17]  (0.735 ns)
	'select' operation 11 bit ('select_ln9618_1', /home/silvenchen/Desktop/DitBlock/WorkDCT/DitBlock/kernel.cpp:9618) [22]  (0.301 ns)
	'add' operation 15 bit ('add_ln9620', /home/silvenchen/Desktop/DitBlock/WorkDCT/DitBlock/kernel.cpp:9620) [26]  (0.775 ns)
	'getelementptr' operation 15 bit ('X_1_rotary_addr', /home/silvenchen/Desktop/DitBlock/WorkDCT/DitBlock/kernel.cpp:9620) [28]  (0.000 ns)
	'store' operation 0 bit ('store_ln9620', /home/silvenchen/Desktop/DitBlock/WorkDCT/DitBlock/kernel.cpp:9620) of constant 0 on array 'X_1_rotary' [30]  (1.248 ns)


============================================================
+ Verbose Summary: Binding
============================================================
N/A
* FSMD analyzer results:
  - Output states:
 - Input state : 
  - Chain level:
	State 1
	State 2


============================================================
+ Verbose Summary: Datapath Resource usage 
============================================================
N/A
