

================================================================
== Vitis HLS Report for 'RoPE_Pipeline_VITIS_LOOP_9624_3_VITIS_LOOP_9625_4'
================================================================
* Date:           Wed Feb  5 22:34:17 2025

* Version:        2023.2 (Build 4023990 on Oct 11 2023)
* Project:        DitBlock
* Solution:       hls (Vivado IP Flow Target)
* Product family: virtexuplusHBM
* Target device:  xcu280-fsvh2892-2L-e


================================================================
== Performance Estimates
================================================================
+ Timing: 
    * Summary: 
    +--------+----------+----------+------------+
    |  Clock |  Target  | Estimated| Uncertainty|
    +--------+----------+----------+------------+
    |ap_clk  |  10.00 ns|  3.059 ns|     2.70 ns|
    +--------+----------+----------+------------+

+ Latency: 
    * Summary: 
    +---------+---------+----------+----------+-------+-------+---------+
    |  Latency (cycles) |  Latency (absolute) |    Interval   | Pipeline|
    |   min   |   max   |    min   |    max   |  min  |  max  |   Type  |
    +---------+---------+----------+----------+-------+-------+---------+
    |    32770|    32770|  0.328 ms|  0.328 ms|  32770|  32770|       no|
    +---------+---------+----------+----------+-------+-------+---------+

    + Detail: 
        * Instance: 
        N/A

        * Loop: 
        +---------------------------------------+---------+---------+----------+-----------+-----------+-------+----------+
        |                                       |  Latency (cycles) | Iteration|  Initiation Interval  |  Trip |          |
        |               Loop Name               |   min   |   max   |  Latency |  achieved |   target  | Count | Pipelined|
        +---------------------------------------+---------+---------+----------+-----------+-----------+-------+----------+
        |- VITIS_LOOP_9624_3_VITIS_LOOP_9625_4  |    32768|    32768|         1|          1|          1|  32768|       yes|
        +---------------------------------------+---------+---------+----------+-----------+-----------+-------+----------+

============================================================
+ Verbose Summary: Synthesis Manager
============================================================
InlineROM: 1
ExposeGlobal: 0
============================================================
+ Verbose Summary: CDFG Model
============================================================
IsTopModel: 0
ResetActiveHigh: 1
IsCombinational: 0
IsDatapathOnly: 0
HasWiredReturn: 1
HasMFsm: 2
HasVarLatency: 1
IsPipeline: 0
IsRtlPipelined: 0
IsInstanceOverlapped: 0
IsDontTouch: 0
HasImplIP: 0
IsGatedGlobalClock: 0

+ Individual pipeline summary: 
  * Pipeline-0: initiation interval (II) = 1, depth = 2


============================================================
+ Verbose Summary: Schedule
============================================================
* Number of FSM states : 2
* Pipeline : 1
  Pipeline-0 : II = 1, D = 2, States = { 1 2 }
* Dataflow Pipeline: 0

* FSM state transitions: 
1 --> 2 
2 --> 

* FSM state operations: 

State 1 <SV = 0> <Delay = 0.38>
ST_1 : Operation 4 [1/1] (0.00ns)   --->   "%v5240 = alloca i32 1" [/home/silvenchen/Desktop/DitBlock/WorkDCT/DitBlock/kernel.cpp:9625]   --->   Operation 4 'alloca' 'v5240' <Predicate = true> <Delay = 0.00>
ST_1 : Operation 5 [1/1] (0.00ns)   --->   "%v5239 = alloca i32 1" [/home/silvenchen/Desktop/DitBlock/WorkDCT/DitBlock/kernel.cpp:9624]   --->   Operation 5 'alloca' 'v5239' <Predicate = true> <Delay = 0.00>
ST_1 : Operation 6 [1/1] (0.00ns)   --->   "%indvar_flatten20 = alloca i32 1"   --->   Operation 6 'alloca' 'indvar_flatten20' <Predicate = true> <Delay = 0.00>
ST_1 : Operation 7 [1/1] (0.38ns)   --->   "%store_ln0 = store i16 0, i16 %indvar_flatten20"   --->   Operation 7 'store' 'store_ln0' <Predicate = true> <Delay = 0.38>
ST_1 : Operation 8 [1/1] (0.38ns)   --->   "%store_ln9624 = store i11 0, i11 %v5239" [/home/silvenchen/Desktop/DitBlock/WorkDCT/DitBlock/kernel.cpp:9624]   --->   Operation 8 'store' 'store_ln9624' <Predicate = true> <Delay = 0.38>
ST_1 : Operation 9 [1/1] (0.38ns)   --->   "%store_ln9625 = store i6 0, i6 %v5240" [/home/silvenchen/Desktop/DitBlock/WorkDCT/DitBlock/kernel.cpp:9625]   --->   Operation 9 'store' 'store_ln9625' <Predicate = true> <Delay = 0.38>
ST_1 : Operation 10 [1/1] (0.00ns)   --->   "%br_ln0 = br void %for.inc73"   --->   Operation 10 'br' 'br_ln0' <Predicate = true> <Delay = 0.00>

State 2 <SV = 1> <Delay = 3.05>
ST_2 : Operation 11 [1/1] (0.00ns)   --->   "%indvar_flatten20_load = load i16 %indvar_flatten20" [/home/silvenchen/Desktop/DitBlock/WorkDCT/DitBlock/kernel.cpp:9624]   --->   Operation 11 'load' 'indvar_flatten20_load' <Predicate = true> <Delay = 0.00>
ST_2 : Operation 12 [1/1] (0.78ns)   --->   "%icmp_ln9624 = icmp_eq  i16 %indvar_flatten20_load, i16 32768" [/home/silvenchen/Desktop/DitBlock/WorkDCT/DitBlock/kernel.cpp:9624]   --->   Operation 12 'icmp' 'icmp_ln9624' <Predicate = true> <Delay = 0.78> <CoreInst = "Cmp">   --->   Core 9 'Cmp' <Latency = 0> <II = 1> <Delay = 0.78> <FuncUnit> <Opcode : 'icmp'> <InPorts = 2> <OutPorts = 1>
ST_2 : Operation 13 [1/1] (0.78ns)   --->   "%add_ln9624_1 = add i16 %indvar_flatten20_load, i16 1" [/home/silvenchen/Desktop/DitBlock/WorkDCT/DitBlock/kernel.cpp:9624]   --->   Operation 13 'add' 'add_ln9624_1' <Predicate = true> <Delay = 0.78> <CoreInst = "Adder">   --->   Core 1 'Adder' <Latency = 0> <II = 1> <Delay = 0.78> <FuncUnit> <Opcode : 'add' 'sub'> <InPorts = 2> <OutPorts = 1>
ST_2 : Operation 14 [1/1] (0.00ns)   --->   "%br_ln9624 = br i1 %icmp_ln9624, void %for.inc76, void %for.inc109.preheader.exitStub" [/home/silvenchen/Desktop/DitBlock/WorkDCT/DitBlock/kernel.cpp:9624]   --->   Operation 14 'br' 'br_ln9624' <Predicate = true> <Delay = 0.00>
ST_2 : Operation 15 [1/1] (0.00ns)   --->   "%v5240_load = load i6 %v5240" [/home/silvenchen/Desktop/DitBlock/WorkDCT/DitBlock/kernel.cpp:9625]   --->   Operation 15 'load' 'v5240_load' <Predicate = (!icmp_ln9624)> <Delay = 0.00>
ST_2 : Operation 16 [1/1] (0.00ns)   --->   "%v5239_load = load i11 %v5239" [/home/silvenchen/Desktop/DitBlock/WorkDCT/DitBlock/kernel.cpp:9624]   --->   Operation 16 'load' 'v5239_load' <Predicate = (!icmp_ln9624)> <Delay = 0.00>
ST_2 : Operation 17 [1/1] (0.73ns)   --->   "%add_ln9624 = add i11 %v5239_load, i11 1" [/home/silvenchen/Desktop/DitBlock/WorkDCT/DitBlock/kernel.cpp:9624]   --->   Operation 17 'add' 'add_ln9624' <Predicate = (!icmp_ln9624)> <Delay = 0.73> <CoreInst = "Adder">   --->   Core 1 'Adder' <Latency = 0> <II = 1> <Delay = 0.73> <FuncUnit> <Opcode : 'add' 'sub'> <InPorts = 2> <OutPorts = 1>
ST_2 : Operation 18 [1/1] (0.00ns)   --->   "%specloopname_ln0 = specloopname void @_ssdm_op_SpecLoopName, void @VITIS_LOOP_9624_3_VITIS_LOOP_9625_4_str"   --->   Operation 18 'specloopname' 'specloopname_ln0' <Predicate = (!icmp_ln9624)> <Delay = 0.00>
ST_2 : Operation 19 [1/1] (0.00ns)   --->   "%speclooptripcount_ln0 = speclooptripcount void @_ssdm_op_SpecLoopTripCount, i64 32768, i64 32768, i64 32768"   --->   Operation 19 'speclooptripcount' 'speclooptripcount_ln0' <Predicate = (!icmp_ln9624)> <Delay = 0.00>
ST_2 : Operation 20 [1/1] (0.70ns)   --->   "%icmp_ln9625 = icmp_eq  i6 %v5240_load, i6 32" [/home/silvenchen/Desktop/DitBlock/WorkDCT/DitBlock/kernel.cpp:9625]   --->   Operation 20 'icmp' 'icmp_ln9625' <Predicate = (!icmp_ln9624)> <Delay = 0.70> <CoreInst = "Cmp">   --->   Core 9 'Cmp' <Latency = 0> <II = 1> <Delay = 0.70> <FuncUnit> <Opcode : 'icmp'> <InPorts = 2> <OutPorts = 1>
ST_2 : Operation 21 [1/1] (0.29ns)   --->   "%select_ln9624 = select i1 %icmp_ln9625, i6 0, i6 %v5240_load" [/home/silvenchen/Desktop/DitBlock/WorkDCT/DitBlock/kernel.cpp:9624]   --->   Operation 21 'select' 'select_ln9624' <Predicate = (!icmp_ln9624)> <Delay = 0.29> <CoreInst = "Sel">   --->   Core 73 'Sel' <Latency = 0> <II = 1> <Delay = 0.29> <FuncUnit> <Opcode : 'select'> <InPorts = 3> <OutPorts = 1>
ST_2 : Operation 22 [1/1] (0.30ns)   --->   "%select_ln9624_1 = select i1 %icmp_ln9625, i11 %add_ln9624, i11 %v5239_load" [/home/silvenchen/Desktop/DitBlock/WorkDCT/DitBlock/kernel.cpp:9624]   --->   Operation 22 'select' 'select_ln9624_1' <Predicate = (!icmp_ln9624)> <Delay = 0.30> <CoreInst = "Sel">   --->   Core 73 'Sel' <Latency = 0> <II = 1> <Delay = 0.30> <FuncUnit> <Opcode : 'select'> <InPorts = 3> <OutPorts = 1>
ST_2 : Operation 23 [1/1] (0.00ns)   --->   "%trunc_ln9626 = trunc i11 %select_ln9624_1" [/home/silvenchen/Desktop/DitBlock/WorkDCT/DitBlock/kernel.cpp:9626]   --->   Operation 23 'trunc' 'trunc_ln9626' <Predicate = (!icmp_ln9624)> <Delay = 0.00>
ST_2 : Operation 24 [1/1] (0.00ns)   --->   "%tmp_s = bitconcatenate i15 @_ssdm_op_BitConcatenate.i15.i10.i5, i10 %trunc_ln9626, i5 0" [/home/silvenchen/Desktop/DitBlock/WorkDCT/DitBlock/kernel.cpp:9626]   --->   Operation 24 'bitconcatenate' 'tmp_s' <Predicate = (!icmp_ln9624)> <Delay = 0.00>
ST_2 : Operation 25 [1/1] (0.00ns)   --->   "%zext_ln9626 = zext i6 %select_ln9624" [/home/silvenchen/Desktop/DitBlock/WorkDCT/DitBlock/kernel.cpp:9626]   --->   Operation 25 'zext' 'zext_ln9626' <Predicate = (!icmp_ln9624)> <Delay = 0.00>
ST_2 : Operation 26 [1/1] (0.77ns)   --->   "%add_ln9626 = add i15 %tmp_s, i15 %zext_ln9626" [/home/silvenchen/Desktop/DitBlock/WorkDCT/DitBlock/kernel.cpp:9626]   --->   Operation 26 'add' 'add_ln9626' <Predicate = (!icmp_ln9624)> <Delay = 0.77> <CoreInst = "Adder">   --->   Core 1 'Adder' <Latency = 0> <II = 1> <Delay = 0.77> <FuncUnit> <Opcode : 'add' 'sub'> <InPorts = 2> <OutPorts = 1>
ST_2 : Operation 27 [1/1] (0.00ns)   --->   "%zext_ln9626_1 = zext i15 %add_ln9626" [/home/silvenchen/Desktop/DitBlock/WorkDCT/DitBlock/kernel.cpp:9626]   --->   Operation 27 'zext' 'zext_ln9626_1' <Predicate = (!icmp_ln9624)> <Delay = 0.00>
ST_2 : Operation 28 [1/1] (0.00ns)   --->   "%X_2_rotary_addr = getelementptr i32 %X_2_rotary, i64 0, i64 %zext_ln9626_1" [/home/silvenchen/Desktop/DitBlock/WorkDCT/DitBlock/kernel.cpp:9626]   --->   Operation 28 'getelementptr' 'X_2_rotary_addr' <Predicate = (!icmp_ln9624)> <Delay = 0.00>
ST_2 : Operation 29 [1/1] (0.00ns)   --->   "%specpipeline_ln9625 = specpipeline void @_ssdm_op_SpecPipeline, i32 4294967295, i32 0, i32 0, i32 0, void @empty_219" [/home/silvenchen/Desktop/DitBlock/WorkDCT/DitBlock/kernel.cpp:9625]   --->   Operation 29 'specpipeline' 'specpipeline_ln9625' <Predicate = (!icmp_ln9624)> <Delay = 0.00>
ST_2 : Operation 30 [1/1] (1.24ns)   --->   "%store_ln9626 = store i32 0, i15 %X_2_rotary_addr" [/home/silvenchen/Desktop/DitBlock/WorkDCT/DitBlock/kernel.cpp:9626]   --->   Operation 30 'store' 'store_ln9626' <Predicate = (!icmp_ln9624)> <Delay = 1.24> <CoreInst = "RAM">   --->   Core 83 'RAM' <Latency = 1> <II = 1> <Delay = 1.24> <Storage> <Opcode : 'load' 'store'> <Ports = 2> <Width = 32> <Depth = 32768> <RAM>
ST_2 : Operation 31 [1/1] (0.70ns)   --->   "%add_ln9625 = add i6 %select_ln9624, i6 1" [/home/silvenchen/Desktop/DitBlock/WorkDCT/DitBlock/kernel.cpp:9625]   --->   Operation 31 'add' 'add_ln9625' <Predicate = (!icmp_ln9624)> <Delay = 0.70> <CoreInst = "Adder">   --->   Core 1 'Adder' <Latency = 0> <II = 1> <Delay = 0.70> <FuncUnit> <Opcode : 'add' 'sub'> <InPorts = 2> <OutPorts = 1>
ST_2 : Operation 32 [1/1] (0.38ns)   --->   "%store_ln9624 = store i16 %add_ln9624_1, i16 %indvar_flatten20" [/home/silvenchen/Desktop/DitBlock/WorkDCT/DitBlock/kernel.cpp:9624]   --->   Operation 32 'store' 'store_ln9624' <Predicate = (!icmp_ln9624)> <Delay = 0.38>
ST_2 : Operation 33 [1/1] (0.38ns)   --->   "%store_ln9624 = store i11 %select_ln9624_1, i11 %v5239" [/home/silvenchen/Desktop/DitBlock/WorkDCT/DitBlock/kernel.cpp:9624]   --->   Operation 33 'store' 'store_ln9624' <Predicate = (!icmp_ln9624)> <Delay = 0.38>
ST_2 : Operation 34 [1/1] (0.38ns)   --->   "%store_ln9625 = store i6 %add_ln9625, i6 %v5240" [/home/silvenchen/Desktop/DitBlock/WorkDCT/DitBlock/kernel.cpp:9625]   --->   Operation 34 'store' 'store_ln9625' <Predicate = (!icmp_ln9624)> <Delay = 0.38>
ST_2 : Operation 35 [1/1] (0.00ns)   --->   "%br_ln9625 = br void %for.inc73" [/home/silvenchen/Desktop/DitBlock/WorkDCT/DitBlock/kernel.cpp:9625]   --->   Operation 35 'br' 'br_ln9625' <Predicate = (!icmp_ln9624)> <Delay = 0.00>
ST_2 : Operation 36 [1/1] (0.00ns)   --->   "%ret_ln0 = ret"   --->   Operation 36 'ret' 'ret_ln0' <Predicate = (icmp_ln9624)> <Delay = 0.00>


============================================================
+ Verbose Summary: Binding
============================================================
STG Binding: 
---------------- STG Properties BEGIN ----------------
- Is combinational: 0
- Is one-state seq: 0
- Is datapath-only: 0
- Is pipelined: 0
- Is top level: 0
Port [ Return ] is wired: 1; IO mode=ap_ctrl_hs:ce=0
Port [ X_2_rotary]:  wired=1; compound=1; hidden=0; nouse=0; global=0; static=0; extern=0; dir=1; type=1; pingpong=0; private_global=0; MemPort=[03]; IO mode=ap_memory:ce=0
---------------- STG Properties END ------------------

---------------- Datapath Model BEGIN ----------------

<LifeTime>
<method=bitvector/>
v5240                 (alloca           ) [ 011]
v5239                 (alloca           ) [ 011]
indvar_flatten20      (alloca           ) [ 011]
store_ln0             (store            ) [ 000]
store_ln9624          (store            ) [ 000]
store_ln9625          (store            ) [ 000]
br_ln0                (br               ) [ 000]
indvar_flatten20_load (load             ) [ 000]
icmp_ln9624           (icmp             ) [ 011]
add_ln9624_1          (add              ) [ 000]
br_ln9624             (br               ) [ 000]
v5240_load            (load             ) [ 000]
v5239_load            (load             ) [ 000]
add_ln9624            (add              ) [ 000]
specloopname_ln0      (specloopname     ) [ 000]
speclooptripcount_ln0 (speclooptripcount) [ 000]
icmp_ln9625           (icmp             ) [ 000]
select_ln9624         (select           ) [ 000]
select_ln9624_1       (select           ) [ 000]
trunc_ln9626          (trunc            ) [ 000]
tmp_s                 (bitconcatenate   ) [ 000]
zext_ln9626           (zext             ) [ 000]
add_ln9626            (add              ) [ 000]
zext_ln9626_1         (zext             ) [ 000]
X_2_rotary_addr       (getelementptr    ) [ 000]
specpipeline_ln9625   (specpipeline     ) [ 000]
store_ln9626          (store            ) [ 000]
add_ln9625            (add              ) [ 000]
store_ln9624          (store            ) [ 000]
store_ln9624          (store            ) [ 000]
store_ln9625          (store            ) [ 000]
br_ln9625             (br               ) [ 000]
ret_ln0               (ret              ) [ 000]
</LifeTime>

<model>

<comp_list>
<comp id="0" class="1000" name="X_2_rotary">
<pin_list>
<pin id="1" dir="1" index="0" bw="1" slack="0"/>
</pin_list>
<bind>
<StgValue><ssdm name="X_2_rotary"/><MemPortTyVec>0 3 </MemPortTyVec>
</StgValue>
</bind>
</comp>

<comp id="2" class="1001" name="const_2">
<pin_list>
<pin id="3" dir="1" index="0" bw="1" slack="0"/>
</pin_list>
<bind>
<StgValue><ssdm name=""/></StgValue>
</bind>
</comp>

<comp id="4" class="1001" name="const_4">
<pin_list>
<pin id="5" dir="1" index="0" bw="1" slack="0"/>
</pin_list>
<bind>
<StgValue><ssdm name=""/></StgValue>
</bind>
</comp>

<comp id="6" class="1001" name="const_6">
<pin_list>
<pin id="7" dir="1" index="0" bw="1" slack="0"/>
</pin_list>
<bind>
<StgValue><ssdm name=""/></StgValue>
</bind>
</comp>

<comp id="8" class="1001" name="const_8">
<pin_list>
<pin id="9" dir="1" index="0" bw="1" slack="0"/>
</pin_list>
<bind>
<StgValue><ssdm name=""/></StgValue>
</bind>
</comp>

<comp id="10" class="1001" name="const_10">
<pin_list>
<pin id="11" dir="1" index="0" bw="1" slack="0"/>
</pin_list>
<bind>
<StgValue><ssdm name=""/></StgValue>
</bind>
</comp>

<comp id="12" class="1001" name="const_12">
<pin_list>
<pin id="13" dir="1" index="0" bw="1" slack="0"/>
</pin_list>
<bind>
<StgValue><ssdm name=""/></StgValue>
</bind>
</comp>

<comp id="14" class="1001" name="const_14">
<pin_list>
<pin id="15" dir="1" index="0" bw="1" slack="0"/>
</pin_list>
<bind>
<StgValue><ssdm name=""/></StgValue>
</bind>
</comp>

<comp id="16" class="1001" name="const_16">
<pin_list>
<pin id="17" dir="1" index="0" bw="1" slack="2147483647"/>
</pin_list>
<bind>
<StgValue><ssdm name="_ssdm_op_SpecLoopName"/></StgValue>
</bind>
</comp>

<comp id="18" class="1001" name="const_18">
<pin_list>
<pin id="19" dir="1" index="0" bw="1" slack="2147483647"/>
</pin_list>
<bind>
<StgValue><ssdm name="VITIS_LOOP_9624_3_VITIS_LOOP_9625_4_str"/></StgValue>
</bind>
</comp>

<comp id="20" class="1001" name="const_20">
<pin_list>
<pin id="21" dir="1" index="0" bw="1" slack="2147483647"/>
</pin_list>
<bind>
<StgValue><ssdm name="_ssdm_op_SpecLoopTripCount"/></StgValue>
</bind>
</comp>

<comp id="22" class="1001" name="const_22">
<pin_list>
<pin id="23" dir="1" index="0" bw="1" slack="2147483647"/>
</pin_list>
<bind>
<StgValue><ssdm name=""/></StgValue>
</bind>
</comp>

<comp id="24" class="1001" name="const_24">
<pin_list>
<pin id="25" dir="1" index="0" bw="1" slack="0"/>
</pin_list>
<bind>
<StgValue><ssdm name=""/></StgValue>
</bind>
</comp>

<comp id="26" class="1001" name="const_26">
<pin_list>
<pin id="27" dir="1" index="0" bw="1" slack="0"/>
</pin_list>
<bind>
<StgValue><ssdm name="_ssdm_op_BitConcatenate.i15.i10.i5"/></StgValue>
</bind>
</comp>

<comp id="28" class="1001" name="const_28">
<pin_list>
<pin id="29" dir="1" index="0" bw="1" slack="0"/>
</pin_list>
<bind>
<StgValue><ssdm name=""/></StgValue>
</bind>
</comp>

<comp id="30" class="1001" name="const_30">
<pin_list>
<pin id="31" dir="1" index="0" bw="1" slack="0"/>
</pin_list>
<bind>
<StgValue><ssdm name=""/></StgValue>
</bind>
</comp>

<comp id="32" class="1001" name="const_32">
<pin_list>
<pin id="33" dir="1" index="0" bw="1" slack="2147483647"/>
</pin_list>
<bind>
<StgValue><ssdm name="_ssdm_op_SpecPipeline"/></StgValue>
</bind>
</comp>

<comp id="34" class="1001" name="const_34">
<pin_list>
<pin id="35" dir="1" index="0" bw="1" slack="2147483647"/>
</pin_list>
<bind>
<StgValue><ssdm name=""/></StgValue>
</bind>
</comp>

<comp id="36" class="1001" name="const_36">
<pin_list>
<pin id="37" dir="1" index="0" bw="1" slack="2147483647"/>
</pin_list>
<bind>
<StgValue><ssdm name=""/></StgValue>
</bind>
</comp>

<comp id="38" class="1001" name="const_38">
<pin_list>
<pin id="39" dir="1" index="0" bw="1" slack="2147483647"/>
</pin_list>
<bind>
<StgValue><ssdm name="empty_219"/></StgValue>
</bind>
</comp>

<comp id="40" class="1001" name="const_40">
<pin_list>
<pin id="41" dir="1" index="0" bw="1" slack="0"/>
</pin_list>
<bind>
<StgValue><ssdm name=""/></StgValue>
</bind>
</comp>

<comp id="42" class="1001" name="const_42">
<pin_list>
<pin id="43" dir="1" index="0" bw="1" slack="0"/>
</pin_list>
<bind>
<StgValue><ssdm name=""/></StgValue>
</bind>
</comp>

<comp id="44" class="1004" name="v5240_fu_44">
<pin_list>
<pin id="45" dir="0" index="0" bw="1" slack="0"/>
<pin id="46" dir="1" index="1" bw="6" slack="0"/>
</pin_list>
<bind>
<opcode="alloca(26) " fcode="alloca"/>
<opset="v5240/1 "/>
</bind>
</comp>

<comp id="48" class="1004" name="v5239_fu_48">
<pin_list>
<pin id="49" dir="0" index="0" bw="1" slack="0"/>
<pin id="50" dir="1" index="1" bw="11" slack="0"/>
</pin_list>
<bind>
<opcode="alloca(26) " fcode="alloca"/>
<opset="v5239/1 "/>
</bind>
</comp>

<comp id="52" class="1004" name="indvar_flatten20_fu_52">
<pin_list>
<pin id="53" dir="0" index="0" bw="1" slack="0"/>
<pin id="54" dir="1" index="1" bw="16" slack="0"/>
</pin_list>
<bind>
<opcode="alloca(26) " fcode="alloca"/>
<opset="indvar_flatten20/1 "/>
</bind>
</comp>

<comp id="56" class="1004" name="X_2_rotary_addr_gep_fu_56">
<pin_list>
<pin id="57" dir="0" index="0" bw="32" slack="0"/>
<pin id="58" dir="0" index="1" bw="1" slack="0"/>
<pin id="59" dir="0" index="2" bw="15" slack="0"/>
<pin id="60" dir="1" index="3" bw="15" slack="0"/>
</pin_list>
<bind>
<opcode="getelementptr(29) " fcode="getelementptr"/>
<opset="X_2_rotary_addr/2 "/>
</bind>
</comp>

<comp id="63" class="1004" name="store_ln9626_access_fu_63">
<pin_list>
<pin id="64" dir="0" index="0" bw="15" slack="0"/>
<pin id="65" dir="0" index="1" bw="32" slack="0"/>
<pin id="66" dir="0" index="2" bw="0" slack="2147483647"/>
<pin id="67" dir="1" index="3" bw="32" slack="2147483647"/>
</pin_list>
<bind>
<opcode="store(28) " fcode="store"/>
<opset="store_ln9626/2 "/>
</bind>
</comp>

<comp id="70" class="1004" name="store_ln0_store_fu_70">
<pin_list>
<pin id="71" dir="0" index="0" bw="1" slack="0"/>
<pin id="72" dir="0" index="1" bw="16" slack="0"/>
<pin id="73" dir="1" index="2" bw="0" slack="2147483647"/>
</pin_list>
<bind>
<opcode="store(28) " fcode="store"/>
<opset="store_ln0/1 "/>
</bind>
</comp>

<comp id="75" class="1004" name="store_ln9624_store_fu_75">
<pin_list>
<pin id="76" dir="0" index="0" bw="1" slack="0"/>
<pin id="77" dir="0" index="1" bw="11" slack="0"/>
<pin id="78" dir="1" index="2" bw="0" slack="2147483647"/>
</pin_list>
<bind>
<opcode="store(28) " fcode="store"/>
<opset="store_ln9624/1 "/>
</bind>
</comp>

<comp id="80" class="1004" name="store_ln9625_store_fu_80">
<pin_list>
<pin id="81" dir="0" index="0" bw="1" slack="0"/>
<pin id="82" dir="0" index="1" bw="6" slack="0"/>
<pin id="83" dir="1" index="2" bw="0" slack="2147483647"/>
</pin_list>
<bind>
<opcode="store(28) " fcode="store"/>
<opset="store_ln9625/1 "/>
</bind>
</comp>

<comp id="85" class="1004" name="indvar_flatten20_load_load_fu_85">
<pin_list>
<pin id="86" dir="0" index="0" bw="16" slack="1"/>
<pin id="87" dir="1" index="1" bw="16" slack="0"/>
</pin_list>
<bind>
<opcode="load(27) " fcode="load"/>
<opset="indvar_flatten20_load/2 "/>
</bind>
</comp>

<comp id="88" class="1004" name="icmp_ln9624_fu_88">
<pin_list>
<pin id="89" dir="0" index="0" bw="16" slack="0"/>
<pin id="90" dir="0" index="1" bw="16" slack="0"/>
<pin id="91" dir="1" index="2" bw="1" slack="2147483647"/>
</pin_list>
<bind>
<opcode="icmp(45) " fcode="icmp"/>
<opset="icmp_ln9624/2 "/>
</bind>
</comp>

<comp id="94" class="1004" name="add_ln9624_1_fu_94">
<pin_list>
<pin id="95" dir="0" index="0" bw="16" slack="0"/>
<pin id="96" dir="0" index="1" bw="1" slack="0"/>
<pin id="97" dir="1" index="2" bw="16" slack="0"/>
</pin_list>
<bind>
<opcode="add(8) " fcode="add"/>
<opset="add_ln9624_1/2 "/>
</bind>
</comp>

<comp id="100" class="1004" name="v5240_load_load_fu_100">
<pin_list>
<pin id="101" dir="0" index="0" bw="6" slack="1"/>
<pin id="102" dir="1" index="1" bw="6" slack="0"/>
</pin_list>
<bind>
<opcode="load(27) " fcode="load"/>
<opset="v5240_load/2 "/>
</bind>
</comp>

<comp id="103" class="1004" name="v5239_load_load_fu_103">
<pin_list>
<pin id="104" dir="0" index="0" bw="11" slack="1"/>
<pin id="105" dir="1" index="1" bw="11" slack="0"/>
</pin_list>
<bind>
<opcode="load(27) " fcode="load"/>
<opset="v5239_load/2 "/>
</bind>
</comp>

<comp id="106" class="1004" name="add_ln9624_fu_106">
<pin_list>
<pin id="107" dir="0" index="0" bw="11" slack="0"/>
<pin id="108" dir="0" index="1" bw="1" slack="0"/>
<pin id="109" dir="1" index="2" bw="11" slack="0"/>
</pin_list>
<bind>
<opcode="add(8) " fcode="add"/>
<opset="add_ln9624/2 "/>
</bind>
</comp>

<comp id="112" class="1004" name="icmp_ln9625_fu_112">
<pin_list>
<pin id="113" dir="0" index="0" bw="6" slack="0"/>
<pin id="114" dir="0" index="1" bw="6" slack="0"/>
<pin id="115" dir="1" index="2" bw="1" slack="0"/>
</pin_list>
<bind>
<opcode="icmp(45) " fcode="icmp"/>
<opset="icmp_ln9625/2 "/>
</bind>
</comp>

<comp id="118" class="1004" name="select_ln9624_fu_118">
<pin_list>
<pin id="119" dir="0" index="0" bw="1" slack="0"/>
<pin id="120" dir="0" index="1" bw="1" slack="0"/>
<pin id="121" dir="0" index="2" bw="6" slack="0"/>
<pin id="122" dir="1" index="3" bw="6" slack="0"/>
</pin_list>
<bind>
<opcode="select(49) " fcode="select"/>
<opset="select_ln9624/2 "/>
</bind>
</comp>

<comp id="126" class="1004" name="select_ln9624_1_fu_126">
<pin_list>
<pin id="127" dir="0" index="0" bw="1" slack="0"/>
<pin id="128" dir="0" index="1" bw="11" slack="0"/>
<pin id="129" dir="0" index="2" bw="11" slack="0"/>
<pin id="130" dir="1" index="3" bw="11" slack="0"/>
</pin_list>
<bind>
<opcode="select(49) " fcode="select"/>
<opset="select_ln9624_1/2 "/>
</bind>
</comp>

<comp id="134" class="1004" name="trunc_ln9626_fu_134">
<pin_list>
<pin id="135" dir="0" index="0" bw="11" slack="0"/>
<pin id="136" dir="1" index="1" bw="10" slack="0"/>
</pin_list>
<bind>
<opcode="trunc(33) " fcode="trunc"/>
<opset="trunc_ln9626/2 "/>
</bind>
</comp>

<comp id="138" class="1004" name="tmp_s_fu_138">
<pin_list>
<pin id="139" dir="0" index="0" bw="15" slack="0"/>
<pin id="140" dir="0" index="1" bw="10" slack="0"/>
<pin id="141" dir="0" index="2" bw="1" slack="0"/>
<pin id="142" dir="1" index="3" bw="15" slack="0"/>
</pin_list>
<bind>
<opcode="bitconcatenate(1004) " fcode="bitconcatenate"/>
<opset="tmp_s/2 "/>
</bind>
</comp>

<comp id="146" class="1004" name="zext_ln9626_fu_146">
<pin_list>
<pin id="147" dir="0" index="0" bw="6" slack="0"/>
<pin id="148" dir="1" index="1" bw="15" slack="0"/>
</pin_list>
<bind>
<opcode="zext(34) " fcode="zext"/>
<opset="zext_ln9626/2 "/>
</bind>
</comp>

<comp id="150" class="1004" name="add_ln9626_fu_150">
<pin_list>
<pin id="151" dir="0" index="0" bw="15" slack="0"/>
<pin id="152" dir="0" index="1" bw="6" slack="0"/>
<pin id="153" dir="1" index="2" bw="15" slack="0"/>
</pin_list>
<bind>
<opcode="add(8) " fcode="add"/>
<opset="add_ln9626/2 "/>
</bind>
</comp>

<comp id="156" class="1004" name="zext_ln9626_1_fu_156">
<pin_list>
<pin id="157" dir="0" index="0" bw="15" slack="0"/>
<pin id="158" dir="1" index="1" bw="64" slack="0"/>
</pin_list>
<bind>
<opcode="zext(34) " fcode="zext"/>
<opset="zext_ln9626_1/2 "/>
</bind>
</comp>

<comp id="161" class="1004" name="add_ln9625_fu_161">
<pin_list>
<pin id="162" dir="0" index="0" bw="6" slack="0"/>
<pin id="163" dir="0" index="1" bw="1" slack="0"/>
<pin id="164" dir="1" index="2" bw="6" slack="0"/>
</pin_list>
<bind>
<opcode="add(8) " fcode="add"/>
<opset="add_ln9625/2 "/>
</bind>
</comp>

<comp id="167" class="1004" name="store_ln9624_store_fu_167">
<pin_list>
<pin id="168" dir="0" index="0" bw="16" slack="0"/>
<pin id="169" dir="0" index="1" bw="16" slack="1"/>
<pin id="170" dir="1" index="2" bw="0" slack="2147483647"/>
</pin_list>
<bind>
<opcode="store(28) " fcode="store"/>
<opset="store_ln9624/2 "/>
</bind>
</comp>

<comp id="172" class="1004" name="store_ln9624_store_fu_172">
<pin_list>
<pin id="173" dir="0" index="0" bw="11" slack="0"/>
<pin id="174" dir="0" index="1" bw="11" slack="1"/>
<pin id="175" dir="1" index="2" bw="0" slack="2147483647"/>
</pin_list>
<bind>
<opcode="store(28) " fcode="store"/>
<opset="store_ln9624/2 "/>
</bind>
</comp>

<comp id="177" class="1004" name="store_ln9625_store_fu_177">
<pin_list>
<pin id="178" dir="0" index="0" bw="6" slack="0"/>
<pin id="179" dir="0" index="1" bw="6" slack="1"/>
<pin id="180" dir="1" index="2" bw="0" slack="2147483647"/>
</pin_list>
<bind>
<opcode="store(28) " fcode="store"/>
<opset="store_ln9625/2 "/>
</bind>
</comp>

<comp id="182" class="1005" name="v5240_reg_182">
<pin_list>
<pin id="183" dir="0" index="0" bw="6" slack="0"/>
<pin id="184" dir="1" index="1" bw="6" slack="0"/>
</pin_list>
<bind>
<opset="v5240 "/>
</bind>
</comp>

<comp id="189" class="1005" name="v5239_reg_189">
<pin_list>
<pin id="190" dir="0" index="0" bw="11" slack="0"/>
<pin id="191" dir="1" index="1" bw="11" slack="0"/>
</pin_list>
<bind>
<opset="v5239 "/>
</bind>
</comp>

<comp id="196" class="1005" name="indvar_flatten20_reg_196">
<pin_list>
<pin id="197" dir="0" index="0" bw="16" slack="0"/>
<pin id="198" dir="1" index="1" bw="16" slack="0"/>
</pin_list>
<bind>
<opset="indvar_flatten20 "/>
</bind>
</comp>

</comp_list>

<net_list>
<net id="47"><net_src comp="2" pin="0"/><net_sink comp="44" pin=0"/></net>

<net id="51"><net_src comp="2" pin="0"/><net_sink comp="48" pin=0"/></net>

<net id="55"><net_src comp="2" pin="0"/><net_sink comp="52" pin=0"/></net>

<net id="61"><net_src comp="0" pin="0"/><net_sink comp="56" pin=0"/></net>

<net id="62"><net_src comp="30" pin="0"/><net_sink comp="56" pin=1"/></net>

<net id="68"><net_src comp="40" pin="0"/><net_sink comp="63" pin=1"/></net>

<net id="69"><net_src comp="56" pin="3"/><net_sink comp="63" pin=0"/></net>

<net id="74"><net_src comp="4" pin="0"/><net_sink comp="70" pin=0"/></net>

<net id="79"><net_src comp="6" pin="0"/><net_sink comp="75" pin=0"/></net>

<net id="84"><net_src comp="8" pin="0"/><net_sink comp="80" pin=0"/></net>

<net id="92"><net_src comp="85" pin="1"/><net_sink comp="88" pin=0"/></net>

<net id="93"><net_src comp="10" pin="0"/><net_sink comp="88" pin=1"/></net>

<net id="98"><net_src comp="85" pin="1"/><net_sink comp="94" pin=0"/></net>

<net id="99"><net_src comp="12" pin="0"/><net_sink comp="94" pin=1"/></net>

<net id="110"><net_src comp="103" pin="1"/><net_sink comp="106" pin=0"/></net>

<net id="111"><net_src comp="14" pin="0"/><net_sink comp="106" pin=1"/></net>

<net id="116"><net_src comp="100" pin="1"/><net_sink comp="112" pin=0"/></net>

<net id="117"><net_src comp="24" pin="0"/><net_sink comp="112" pin=1"/></net>

<net id="123"><net_src comp="112" pin="2"/><net_sink comp="118" pin=0"/></net>

<net id="124"><net_src comp="8" pin="0"/><net_sink comp="118" pin=1"/></net>

<net id="125"><net_src comp="100" pin="1"/><net_sink comp="118" pin=2"/></net>

<net id="131"><net_src comp="112" pin="2"/><net_sink comp="126" pin=0"/></net>

<net id="132"><net_src comp="106" pin="2"/><net_sink comp="126" pin=1"/></net>

<net id="133"><net_src comp="103" pin="1"/><net_sink comp="126" pin=2"/></net>

<net id="137"><net_src comp="126" pin="3"/><net_sink comp="134" pin=0"/></net>

<net id="143"><net_src comp="26" pin="0"/><net_sink comp="138" pin=0"/></net>

<net id="144"><net_src comp="134" pin="1"/><net_sink comp="138" pin=1"/></net>

<net id="145"><net_src comp="28" pin="0"/><net_sink comp="138" pin=2"/></net>

<net id="149"><net_src comp="118" pin="3"/><net_sink comp="146" pin=0"/></net>

<net id="154"><net_src comp="138" pin="3"/><net_sink comp="150" pin=0"/></net>

<net id="155"><net_src comp="146" pin="1"/><net_sink comp="150" pin=1"/></net>

<net id="159"><net_src comp="150" pin="2"/><net_sink comp="156" pin=0"/></net>

<net id="160"><net_src comp="156" pin="1"/><net_sink comp="56" pin=2"/></net>

<net id="165"><net_src comp="118" pin="3"/><net_sink comp="161" pin=0"/></net>

<net id="166"><net_src comp="42" pin="0"/><net_sink comp="161" pin=1"/></net>

<net id="171"><net_src comp="94" pin="2"/><net_sink comp="167" pin=0"/></net>

<net id="176"><net_src comp="126" pin="3"/><net_sink comp="172" pin=0"/></net>

<net id="181"><net_src comp="161" pin="2"/><net_sink comp="177" pin=0"/></net>

<net id="185"><net_src comp="44" pin="1"/><net_sink comp="182" pin=0"/></net>

<net id="186"><net_src comp="182" pin="1"/><net_sink comp="80" pin=1"/></net>

<net id="187"><net_src comp="182" pin="1"/><net_sink comp="100" pin=0"/></net>

<net id="188"><net_src comp="182" pin="1"/><net_sink comp="177" pin=1"/></net>

<net id="192"><net_src comp="48" pin="1"/><net_sink comp="189" pin=0"/></net>

<net id="193"><net_src comp="189" pin="1"/><net_sink comp="75" pin=1"/></net>

<net id="194"><net_src comp="189" pin="1"/><net_sink comp="103" pin=0"/></net>

<net id="195"><net_src comp="189" pin="1"/><net_sink comp="172" pin=1"/></net>

<net id="199"><net_src comp="52" pin="1"/><net_sink comp="196" pin=0"/></net>

<net id="200"><net_src comp="196" pin="1"/><net_sink comp="70" pin=1"/></net>

<net id="201"><net_src comp="196" pin="1"/><net_sink comp="85" pin=0"/></net>

<net id="202"><net_src comp="196" pin="1"/><net_sink comp="167" pin=1"/></net>

</net_list>

</model> 
---------------- Datapath Model END ------------------

* FSMD analyzer results:
  - Output states:
	Port: X_2_rotary | {2 }
 - Input state : 
  - Chain level:
	State 1
		store_ln0 : 1
		store_ln9624 : 1
		store_ln9625 : 1
	State 2
		icmp_ln9624 : 1
		add_ln9624_1 : 1
		br_ln9624 : 2
		add_ln9624 : 1
		icmp_ln9625 : 1
		select_ln9624 : 2
		select_ln9624_1 : 2
		trunc_ln9626 : 3
		tmp_s : 4
		zext_ln9626 : 3
		add_ln9626 : 5
		zext_ln9626_1 : 6
		X_2_rotary_addr : 7
		store_ln9626 : 8
		add_ln9625 : 3
		store_ln9624 : 2
		store_ln9624 : 3
		store_ln9625 : 4


============================================================
+ Verbose Summary: Datapath Resource usage 
============================================================

* Functional unit list:
|----------|------------------------|---------|---------|
| Operation|     Functional Unit    |    FF   |   LUT   |
|----------|------------------------|---------|---------|
|          |   add_ln9624_1_fu_94   |    0    |    23   |
|    add   |    add_ln9624_fu_106   |    0    |    18   |
|          |    add_ln9626_fu_150   |    0    |    22   |
|          |    add_ln9625_fu_161   |    0    |    13   |
|----------|------------------------|---------|---------|
|   icmp   |    icmp_ln9624_fu_88   |    0    |    23   |
|          |   icmp_ln9625_fu_112   |    0    |    13   |
|----------|------------------------|---------|---------|
|  select  |  select_ln9624_fu_118  |    0    |    6    |
|          | select_ln9624_1_fu_126 |    0    |    11   |
|----------|------------------------|---------|---------|
|   trunc  |   trunc_ln9626_fu_134  |    0    |    0    |
|----------|------------------------|---------|---------|
|bitconcatenate|      tmp_s_fu_138      |    0    |    0    |
|----------|------------------------|---------|---------|
|   zext   |   zext_ln9626_fu_146   |    0    |    0    |
|          |  zext_ln9626_1_fu_156  |    0    |    0    |
|----------|------------------------|---------|---------|
|   Total  |                        |    0    |   129   |
|----------|------------------------|---------|---------|

Memories:
N/A

* Register list:
+------------------------+--------+
|                        |   FF   |
+------------------------+--------+
|indvar_flatten20_reg_196|   16   |
|      v5239_reg_189     |   11   |
|      v5240_reg_182     |    6   |
+------------------------+--------+
|          Total         |   33   |
+------------------------+--------+

* Multiplexer (MUX) list: 
|--------|------|------|------|--------|
|  Comp  |  Pin | Size |  BW  | S x BW |
|--------|------|------|------|--------|
|  Total |      |      |      |    0   |
|--------|------|------|------|--------|



* Summary:
+-----------+--------+--------+
|           |   FF   |   LUT  |
+-----------+--------+--------+
|  Function |    0   |   129  |
|   Memory  |    -   |    -   |
|Multiplexer|    -   |    -   |
|  Register |   33   |    -   |
+-----------+--------+--------+
|   Total   |   33   |   129  |
+-----------+--------+--------+
