

================================================================
== Vitis HLS Report for 'scaled_dot_product_attention_Pipeline_l_mha_merge_i17_l_j15'
================================================================
* Date:           Wed Feb  5 22:35:10 2025

* Version:        2023.2 (Build 4023990 on Oct 11 2023)
* Project:        DitBlock
* Solution:       hls (Vivado IP Flow Target)
* Product family: virtexuplusHBM
* Target device:  xcu280-fsvh2892-2L-e


================================================================
== Performance Estimates
================================================================
+ Timing: 
    * Summary: 
    +--------+----------+----------+------------+
    |  Clock |  Target  | Estimated| Uncertainty|
    +--------+----------+----------+------------+
    |ap_clk  |  10.00 ns|  3.912 ns|     2.70 ns|
    +--------+----------+----------+------------+

+ Latency: 
    * Summary: 
    +---------+---------+----------+----------+-------+-------+---------+
    |  Latency (cycles) |  Latency (absolute) |    Interval   | Pipeline|
    |   min   |   max   |    min   |    max   |  min  |  max  |   Type  |
    +---------+---------+----------+----------+-------+-------+---------+
    |    65538|    65538|  0.655 ms|  0.655 ms|  65538|  65538|       no|
    +---------+---------+----------+----------+-------+-------+---------+

    + Detail: 
        * Instance: 
        N/A

        * Loop: 
        +-------------------------+---------+---------+----------+-----------+-----------+-------+----------+
        |                         |  Latency (cycles) | Iteration|  Initiation Interval  |  Trip |          |
        |        Loop Name        |   min   |   max   |  Latency |  achieved |   target  | Count | Pipelined|
        +-------------------------+---------+---------+----------+-----------+-----------+-------+----------+
        |- l_mha_merge_i17_l_j15  |    65536|    65536|         2|          1|          1|  65536|       yes|
        +-------------------------+---------+---------+----------+-----------+-----------+-------+----------+

============================================================
+ Verbose Summary: Synthesis Manager
============================================================
InlineROM: 1
ExposeGlobal: 0
============================================================
+ Verbose Summary: CDFG Model
============================================================
IsTopModel: 0
ResetActiveHigh: 1
IsCombinational: 0
IsDatapathOnly: 0
HasWiredReturn: 1
HasMFsm: 2
HasVarLatency: 1
IsPipeline: 0
IsRtlPipelined: 0
IsInstanceOverlapped: 0
IsDontTouch: 0
HasImplIP: 0
IsGatedGlobalClock: 0

+ Individual pipeline summary: 
  * Pipeline-0: initiation interval (II) = 1, depth = 3


============================================================
+ Verbose Summary: Schedule
============================================================
* Number of FSM states : 3
* Pipeline : 1
  Pipeline-0 : II = 1, D = 3, States = { 1 2 3 }
* Dataflow Pipeline: 0

* FSM state transitions: 
1 --> 2 
2 --> 3 
3 --> 

* FSM state operations: 

State 1 <SV = 0> <Delay = 0.38>
ST_1 : Operation 5 [1/1] (0.00ns)   --->   "%j15 = alloca i32 1" [/home/silvenchen/Desktop/DitBlock/WorkDCT/DitBlock/kernel.cpp:15739]   --->   Operation 5 'alloca' 'j15' <Predicate = true> <Delay = 0.00>
ST_1 : Operation 6 [1/1] (0.00ns)   --->   "%i17 = alloca i32 1" [/home/silvenchen/Desktop/DitBlock/WorkDCT/DitBlock/kernel.cpp:15738]   --->   Operation 6 'alloca' 'i17' <Predicate = true> <Delay = 0.00>
ST_1 : Operation 7 [1/1] (0.00ns)   --->   "%indvar_flatten59 = alloca i32 1"   --->   Operation 7 'alloca' 'indvar_flatten59' <Predicate = true> <Delay = 0.00>
ST_1 : Operation 8 [1/1] (0.00ns)   --->   "%specmemcore_ln0 = specmemcore void @_ssdm_op_SpecMemCore, i32 %v8567, i64 666, i64 24, i64 18446744073709551615"   --->   Operation 8 'specmemcore' 'specmemcore_ln0' <Predicate = true> <Delay = 0.00>
ST_1 : Operation 9 [1/1] (0.00ns)   --->   "%tmp_27_read = read i9 @_ssdm_op_Read.ap_auto.i9, i9 %tmp_27"   --->   Operation 9 'read' 'tmp_27_read' <Predicate = true> <Delay = 0.00>
ST_1 : Operation 10 [1/1] (0.38ns)   --->   "%store_ln0 = store i17 0, i17 %indvar_flatten59"   --->   Operation 10 'store' 'store_ln0' <Predicate = true> <Delay = 0.38>
ST_1 : Operation 11 [1/1] (0.38ns)   --->   "%store_ln15738 = store i11 0, i11 %i17" [/home/silvenchen/Desktop/DitBlock/WorkDCT/DitBlock/kernel.cpp:15738]   --->   Operation 11 'store' 'store_ln15738' <Predicate = true> <Delay = 0.38>
ST_1 : Operation 12 [1/1] (0.38ns)   --->   "%store_ln15739 = store i7 0, i7 %j15" [/home/silvenchen/Desktop/DitBlock/WorkDCT/DitBlock/kernel.cpp:15739]   --->   Operation 12 'store' 'store_ln15739' <Predicate = true> <Delay = 0.38>
ST_1 : Operation 13 [1/1] (0.00ns)   --->   "%br_ln0 = br void %for.inc139"   --->   Operation 13 'br' 'br_ln0' <Predicate = true> <Delay = 0.00>

State 2 <SV = 1> <Delay = 3.06>
ST_2 : Operation 14 [1/1] (0.00ns)   --->   "%indvar_flatten59_load = load i17 %indvar_flatten59" [/home/silvenchen/Desktop/DitBlock/WorkDCT/DitBlock/kernel.cpp:15738]   --->   Operation 14 'load' 'indvar_flatten59_load' <Predicate = true> <Delay = 0.00>
ST_2 : Operation 15 [1/1] (0.79ns)   --->   "%icmp_ln15738 = icmp_eq  i17 %indvar_flatten59_load, i17 65536" [/home/silvenchen/Desktop/DitBlock/WorkDCT/DitBlock/kernel.cpp:15738]   --->   Operation 15 'icmp' 'icmp_ln15738' <Predicate = true> <Delay = 0.79> <CoreInst = "Cmp">   --->   Core 9 'Cmp' <Latency = 0> <II = 1> <Delay = 0.79> <FuncUnit> <Opcode : 'icmp'> <InPorts = 2> <OutPorts = 1>
ST_2 : Operation 16 [1/1] (0.79ns)   --->   "%add_ln15738_1 = add i17 %indvar_flatten59_load, i17 1" [/home/silvenchen/Desktop/DitBlock/WorkDCT/DitBlock/kernel.cpp:15738]   --->   Operation 16 'add' 'add_ln15738_1' <Predicate = true> <Delay = 0.79> <CoreInst = "Adder">   --->   Core 1 'Adder' <Latency = 0> <II = 1> <Delay = 0.79> <FuncUnit> <Opcode : 'add' 'sub'> <InPorts = 2> <OutPorts = 1>
ST_2 : Operation 17 [1/1] (0.00ns)   --->   "%br_ln15738 = br i1 %icmp_ln15738, void %for.inc142, void %for.inc145.exitStub" [/home/silvenchen/Desktop/DitBlock/WorkDCT/DitBlock/kernel.cpp:15738]   --->   Operation 17 'br' 'br_ln15738' <Predicate = true> <Delay = 0.00>
ST_2 : Operation 18 [1/1] (0.00ns)   --->   "%j15_load = load i7 %j15" [/home/silvenchen/Desktop/DitBlock/WorkDCT/DitBlock/kernel.cpp:15739]   --->   Operation 18 'load' 'j15_load' <Predicate = (!icmp_ln15738)> <Delay = 0.00>
ST_2 : Operation 19 [1/1] (0.00ns)   --->   "%i17_load = load i11 %i17" [/home/silvenchen/Desktop/DitBlock/WorkDCT/DitBlock/kernel.cpp:15738]   --->   Operation 19 'load' 'i17_load' <Predicate = (!icmp_ln15738)> <Delay = 0.00>
ST_2 : Operation 20 [1/1] (0.73ns)   --->   "%add_ln15738 = add i11 %i17_load, i11 1" [/home/silvenchen/Desktop/DitBlock/WorkDCT/DitBlock/kernel.cpp:15738]   --->   Operation 20 'add' 'add_ln15738' <Predicate = (!icmp_ln15738)> <Delay = 0.73> <CoreInst = "Adder">   --->   Core 1 'Adder' <Latency = 0> <II = 1> <Delay = 0.73> <FuncUnit> <Opcode : 'add' 'sub'> <InPorts = 2> <OutPorts = 1>
ST_2 : Operation 21 [1/1] (0.70ns)   --->   "%icmp_ln15739 = icmp_eq  i7 %j15_load, i7 64" [/home/silvenchen/Desktop/DitBlock/WorkDCT/DitBlock/kernel.cpp:15739]   --->   Operation 21 'icmp' 'icmp_ln15739' <Predicate = (!icmp_ln15738)> <Delay = 0.70> <CoreInst = "Cmp">   --->   Core 9 'Cmp' <Latency = 0> <II = 1> <Delay = 0.70> <FuncUnit> <Opcode : 'icmp'> <InPorts = 2> <OutPorts = 1>
ST_2 : Operation 22 [1/1] (0.30ns)   --->   "%select_ln15738 = select i1 %icmp_ln15739, i7 0, i7 %j15_load" [/home/silvenchen/Desktop/DitBlock/WorkDCT/DitBlock/kernel.cpp:15738]   --->   Operation 22 'select' 'select_ln15738' <Predicate = (!icmp_ln15738)> <Delay = 0.30> <CoreInst = "Sel">   --->   Core 73 'Sel' <Latency = 0> <II = 1> <Delay = 0.30> <FuncUnit> <Opcode : 'select'> <InPorts = 3> <OutPorts = 1>
ST_2 : Operation 23 [1/1] (0.30ns)   --->   "%select_ln15738_1 = select i1 %icmp_ln15739, i11 %add_ln15738, i11 %i17_load" [/home/silvenchen/Desktop/DitBlock/WorkDCT/DitBlock/kernel.cpp:15738]   --->   Operation 23 'select' 'select_ln15738_1' <Predicate = (!icmp_ln15738)> <Delay = 0.30> <CoreInst = "Sel">   --->   Core 73 'Sel' <Latency = 0> <II = 1> <Delay = 0.30> <FuncUnit> <Opcode : 'select'> <InPorts = 3> <OutPorts = 1>
ST_2 : Operation 24 [1/1] (0.00ns)   --->   "%trunc_ln15740 = trunc i11 %select_ln15738_1" [/home/silvenchen/Desktop/DitBlock/WorkDCT/DitBlock/kernel.cpp:15740]   --->   Operation 24 'trunc' 'trunc_ln15740' <Predicate = (!icmp_ln15738)> <Delay = 0.00>
ST_2 : Operation 25 [1/1] (0.00ns)   --->   "%tmp_s = bitconcatenate i16 @_ssdm_op_BitConcatenate.i16.i10.i6, i10 %trunc_ln15740, i6 0" [/home/silvenchen/Desktop/DitBlock/WorkDCT/DitBlock/kernel.cpp:15740]   --->   Operation 25 'bitconcatenate' 'tmp_s' <Predicate = (!icmp_ln15738)> <Delay = 0.00>
ST_2 : Operation 26 [1/1] (0.00ns)   --->   "%zext_ln15740 = zext i7 %select_ln15738" [/home/silvenchen/Desktop/DitBlock/WorkDCT/DitBlock/kernel.cpp:15740]   --->   Operation 26 'zext' 'zext_ln15740' <Predicate = (!icmp_ln15738)> <Delay = 0.00>
ST_2 : Operation 27 [1/1] (0.78ns)   --->   "%add_ln15740 = add i16 %tmp_s, i16 %zext_ln15740" [/home/silvenchen/Desktop/DitBlock/WorkDCT/DitBlock/kernel.cpp:15740]   --->   Operation 27 'add' 'add_ln15740' <Predicate = (!icmp_ln15738)> <Delay = 0.78> <CoreInst = "Adder">   --->   Core 1 'Adder' <Latency = 0> <II = 1> <Delay = 0.78> <FuncUnit> <Opcode : 'add' 'sub'> <InPorts = 2> <OutPorts = 1>
ST_2 : Operation 28 [1/1] (0.00ns)   --->   "%zext_ln15740_1 = zext i16 %add_ln15740" [/home/silvenchen/Desktop/DitBlock/WorkDCT/DitBlock/kernel.cpp:15740]   --->   Operation 28 'zext' 'zext_ln15740_1' <Predicate = (!icmp_ln15738)> <Delay = 0.00>
ST_2 : Operation 29 [1/1] (0.00ns)   --->   "%C_h_addr = getelementptr i32 %C_h, i64 0, i64 %zext_ln15740_1" [/home/silvenchen/Desktop/DitBlock/WorkDCT/DitBlock/kernel.cpp:15740]   --->   Operation 29 'getelementptr' 'C_h_addr' <Predicate = (!icmp_ln15738)> <Delay = 0.00>
ST_2 : Operation 30 [1/1] (0.00ns)   --->   "%zext_ln15739 = zext i7 %select_ln15738" [/home/silvenchen/Desktop/DitBlock/WorkDCT/DitBlock/kernel.cpp:15739]   --->   Operation 30 'zext' 'zext_ln15739' <Predicate = (!icmp_ln15738)> <Delay = 0.00>
ST_2 : Operation 31 [2/2] (1.24ns)   --->   "%v8593 = load i16 %C_h_addr" [/home/silvenchen/Desktop/DitBlock/WorkDCT/DitBlock/kernel.cpp:15740]   --->   Operation 31 'load' 'v8593' <Predicate = (!icmp_ln15738)> <Delay = 1.24> <CoreInst = "RAM">   --->   Core 83 'RAM' <Latency = 1> <II = 1> <Delay = 1.24> <Storage> <Opcode : 'load' 'store'> <Ports = 2> <Width = 32> <Depth = 65536> <RAM>
ST_2 : Operation 32 [1/1] (0.71ns)   --->   "%add_ln15741 = add i9 %tmp_27_read, i9 %zext_ln15739" [/home/silvenchen/Desktop/DitBlock/WorkDCT/DitBlock/kernel.cpp:15741]   --->   Operation 32 'add' 'add_ln15741' <Predicate = (!icmp_ln15738)> <Delay = 0.71> <CoreInst = "Adder">   --->   Core 1 'Adder' <Latency = 0> <II = 1> <Delay = 0.71> <FuncUnit> <Opcode : 'add' 'sub'> <InPorts = 2> <OutPorts = 1>
ST_2 : Operation 33 [1/1] (0.70ns)   --->   "%add_ln15739 = add i7 %select_ln15738, i7 1" [/home/silvenchen/Desktop/DitBlock/WorkDCT/DitBlock/kernel.cpp:15739]   --->   Operation 33 'add' 'add_ln15739' <Predicate = (!icmp_ln15738)> <Delay = 0.70> <CoreInst = "Adder">   --->   Core 1 'Adder' <Latency = 0> <II = 1> <Delay = 0.70> <FuncUnit> <Opcode : 'add' 'sub'> <InPorts = 2> <OutPorts = 1>
ST_2 : Operation 34 [1/1] (0.38ns)   --->   "%store_ln15738 = store i17 %add_ln15738_1, i17 %indvar_flatten59" [/home/silvenchen/Desktop/DitBlock/WorkDCT/DitBlock/kernel.cpp:15738]   --->   Operation 34 'store' 'store_ln15738' <Predicate = (!icmp_ln15738)> <Delay = 0.38>
ST_2 : Operation 35 [1/1] (0.38ns)   --->   "%store_ln15738 = store i11 %select_ln15738_1, i11 %i17" [/home/silvenchen/Desktop/DitBlock/WorkDCT/DitBlock/kernel.cpp:15738]   --->   Operation 35 'store' 'store_ln15738' <Predicate = (!icmp_ln15738)> <Delay = 0.38>
ST_2 : Operation 36 [1/1] (0.38ns)   --->   "%store_ln15739 = store i7 %add_ln15739, i7 %j15" [/home/silvenchen/Desktop/DitBlock/WorkDCT/DitBlock/kernel.cpp:15739]   --->   Operation 36 'store' 'store_ln15739' <Predicate = (!icmp_ln15738)> <Delay = 0.38>
ST_2 : Operation 46 [1/1] (0.00ns)   --->   "%ret_ln0 = ret"   --->   Operation 46 'ret' 'ret_ln0' <Predicate = (icmp_ln15738)> <Delay = 0.00>

State 3 <SV = 2> <Delay = 3.91>
ST_3 : Operation 37 [1/1] (0.00ns)   --->   "%specloopname_ln0 = specloopname void @_ssdm_op_SpecLoopName, void @l_mha_merge_i17_l_j15_str"   --->   Operation 37 'specloopname' 'specloopname_ln0' <Predicate = true> <Delay = 0.00>
ST_3 : Operation 38 [1/1] (0.00ns)   --->   "%speclooptripcount_ln0 = speclooptripcount void @_ssdm_op_SpecLoopTripCount, i64 65536, i64 65536, i64 65536"   --->   Operation 38 'speclooptripcount' 'speclooptripcount_ln0' <Predicate = true> <Delay = 0.00>
ST_3 : Operation 39 [1/1] (0.00ns)   --->   "%specpipeline_ln15739 = specpipeline void @_ssdm_op_SpecPipeline, i32 4294967295, i32 0, i32 0, i32 0, void @empty_219" [/home/silvenchen/Desktop/DitBlock/WorkDCT/DitBlock/kernel.cpp:15739]   --->   Operation 39 'specpipeline' 'specpipeline_ln15739' <Predicate = true> <Delay = 0.00>
ST_3 : Operation 40 [1/2] (1.24ns)   --->   "%v8593 = load i16 %C_h_addr" [/home/silvenchen/Desktop/DitBlock/WorkDCT/DitBlock/kernel.cpp:15740]   --->   Operation 40 'load' 'v8593' <Predicate = true> <Delay = 1.24> <CoreInst = "RAM">   --->   Core 83 'RAM' <Latency = 1> <II = 1> <Delay = 1.24> <Storage> <Opcode : 'load' 'store'> <Ports = 2> <Width = 32> <Depth = 65536> <RAM>
ST_3 : Operation 41 [1/1] (0.00ns)   --->   "%tmp_9 = bitconcatenate i19 @_ssdm_op_BitConcatenate.i19.i10.i9, i10 %trunc_ln15740, i9 %add_ln15741" [/home/silvenchen/Desktop/DitBlock/WorkDCT/DitBlock/kernel.cpp:15741]   --->   Operation 41 'bitconcatenate' 'tmp_9' <Predicate = true> <Delay = 0.00>
ST_3 : Operation 42 [1/1] (0.00ns)   --->   "%zext_ln15741 = zext i19 %tmp_9" [/home/silvenchen/Desktop/DitBlock/WorkDCT/DitBlock/kernel.cpp:15741]   --->   Operation 42 'zext' 'zext_ln15741' <Predicate = true> <Delay = 0.00>
ST_3 : Operation 43 [1/1] (0.00ns)   --->   "%v8567_addr = getelementptr i32 %v8567, i64 0, i64 %zext_ln15741" [/home/silvenchen/Desktop/DitBlock/WorkDCT/DitBlock/kernel.cpp:15741]   --->   Operation 43 'getelementptr' 'v8567_addr' <Predicate = true> <Delay = 0.00>
ST_3 : Operation 44 [1/1] (2.66ns)   --->   "%store_ln15741 = store i32 %v8593, i19 %v8567_addr" [/home/silvenchen/Desktop/DitBlock/WorkDCT/DitBlock/kernel.cpp:15741]   --->   Operation 44 'store' 'store_ln15741' <Predicate = true> <Delay = 2.66> <CoreInst = "RAM_2P_URAM">   --->   Core 95 'RAM_2P_URAM' <Latency = 1> <II = 1> <Delay = 2.66> <Storage> <Opcode : 'load' 'store'> <Ports = 2> <Width = 32> <Depth = 524288> <RAM>
ST_3 : Operation 45 [1/1] (0.00ns)   --->   "%br_ln15739 = br void %for.inc139" [/home/silvenchen/Desktop/DitBlock/WorkDCT/DitBlock/kernel.cpp:15739]   --->   Operation 45 'br' 'br_ln15739' <Predicate = true> <Delay = 0.00>


============================================================
+ Verbose Summary: Timing violations
============================================================
Target clock period: 10.000ns, clock uncertainty: 2.700ns.

 <State 1>: 0.387ns
The critical path consists of the following:
	'alloca' operation 17 bit ('indvar_flatten59') [6]  (0.000 ns)
	'store' operation 0 bit ('store_ln0') of constant 0 on local variable 'indvar_flatten59' [9]  (0.387 ns)

 <State 2>: 3.069ns
The critical path consists of the following:
	'load' operation 11 bit ('i17_load', /home/silvenchen/Desktop/DitBlock/WorkDCT/DitBlock/kernel.cpp:15738) on local variable 'i17', /home/silvenchen/Desktop/DitBlock/WorkDCT/DitBlock/kernel.cpp:15738 [20]  (0.000 ns)
	'add' operation 11 bit ('add_ln15738', /home/silvenchen/Desktop/DitBlock/WorkDCT/DitBlock/kernel.cpp:15738) [21]  (0.735 ns)
	'select' operation 11 bit ('select_ln15738_1', /home/silvenchen/Desktop/DitBlock/WorkDCT/DitBlock/kernel.cpp:15738) [26]  (0.301 ns)
	'add' operation 16 bit ('add_ln15740', /home/silvenchen/Desktop/DitBlock/WorkDCT/DitBlock/kernel.cpp:15740) [30]  (0.785 ns)
	'getelementptr' operation 16 bit ('C_h_addr', /home/silvenchen/Desktop/DitBlock/WorkDCT/DitBlock/kernel.cpp:15740) [32]  (0.000 ns)
	'load' operation 32 bit ('v8593', /home/silvenchen/Desktop/DitBlock/WorkDCT/DitBlock/kernel.cpp:15740) on array 'C_h' [35]  (1.248 ns)

 <State 3>: 3.912ns
The critical path consists of the following:
	'load' operation 32 bit ('v8593', /home/silvenchen/Desktop/DitBlock/WorkDCT/DitBlock/kernel.cpp:15740) on array 'C_h' [35]  (1.248 ns)
	'store' operation 0 bit ('store_ln15741', /home/silvenchen/Desktop/DitBlock/WorkDCT/DitBlock/kernel.cpp:15741) of variable 'v8593', /home/silvenchen/Desktop/DitBlock/WorkDCT/DitBlock/kernel.cpp:15740 on array 'v8567' [40]  (2.664 ns)


============================================================
+ Verbose Summary: Binding
============================================================
N/A
* FSMD analyzer results:
  - Output states:
 - Input state : 
  - Chain level:
	State 1
	State 2
	State 3


============================================================
+ Verbose Summary: Datapath Resource usage 
============================================================
N/A
