

================================================================
== Vitis HLS Report for 'scaled_dot_product_attention_Pipeline_VITIS_LOOP_15716_3_VITIS_LOOP_15717_4'
================================================================
* Date:           Wed Feb  5 22:34:19 2025

* Version:        2023.2 (Build 4023990 on Oct 11 2023)
* Project:        DitBlock
* Solution:       hls (Vivado IP Flow Target)
* Product family: virtexuplusHBM
* Target device:  xcu280-fsvh2892-2L-e


================================================================
== Performance Estimates
================================================================
+ Timing: 
    * Summary: 
    +--------+----------+----------+------------+
    |  Clock |  Target  | Estimated| Uncertainty|
    +--------+----------+----------+------------+
    |ap_clk  |  10.00 ns|  4.509 ns|     2.70 ns|
    +--------+----------+----------+------------+

+ Latency: 
    * Summary: 
    +---------+---------+-----------+-----------+---------+---------+---------+
    |  Latency (cycles) |   Latency (absolute)  |      Interval     | Pipeline|
    |   min   |   max   |    min    |    max    |   min   |   max   |   Type  |
    +---------+---------+-----------+-----------+---------+---------+---------+
    |  1048578|  1048578|  10.486 ms|  10.486 ms|  1048578|  1048578|       no|
    +---------+---------+-----------+-----------+---------+---------+---------+

    + Detail: 
        * Instance: 
        N/A

        * Loop: 
        +-----------------------------------------+---------+---------+----------+-----------+-----------+---------+----------+
        |                                         |  Latency (cycles) | Iteration|  Initiation Interval  |   Trip  |          |
        |                Loop Name                |   min   |   max   |  Latency |  achieved |   target  |  Count  | Pipelined|
        +-----------------------------------------+---------+---------+----------+-----------+-----------+---------+----------+
        |- VITIS_LOOP_15716_3_VITIS_LOOP_15717_4  |  1048576|  1048576|         1|          1|          1|  1048576|       yes|
        +-----------------------------------------+---------+---------+----------+-----------+-----------+---------+----------+

============================================================
+ Verbose Summary: Synthesis Manager
============================================================
InlineROM: 1
ExposeGlobal: 0
============================================================
+ Verbose Summary: CDFG Model
============================================================
IsTopModel: 0
ResetActiveHigh: 1
IsCombinational: 0
IsDatapathOnly: 0
HasWiredReturn: 1
HasMFsm: 2
HasVarLatency: 1
IsPipeline: 0
IsRtlPipelined: 0
IsInstanceOverlapped: 0
IsDontTouch: 0
HasImplIP: 0
IsGatedGlobalClock: 0

+ Individual pipeline summary: 
  * Pipeline-0: initiation interval (II) = 1, depth = 2


============================================================
+ Verbose Summary: Schedule
============================================================
* Number of FSM states : 2
* Pipeline : 1
  Pipeline-0 : II = 1, D = 2, States = { 1 2 }
* Dataflow Pipeline: 0

* FSM state transitions: 
1 --> 2 
2 --> 

* FSM state operations: 

State 1 <SV = 0> <Delay = 0.38>
ST_1 : Operation 4 [1/1] (0.00ns)   --->   "%v8582 = alloca i32 1" [/home/silvenchen/Desktop/DitBlock/WorkDCT/DitBlock/kernel.cpp:15717]   --->   Operation 4 'alloca' 'v8582' <Predicate = true> <Delay = 0.00>
ST_1 : Operation 5 [1/1] (0.00ns)   --->   "%v8581 = alloca i32 1" [/home/silvenchen/Desktop/DitBlock/WorkDCT/DitBlock/kernel.cpp:15716]   --->   Operation 5 'alloca' 'v8581' <Predicate = true> <Delay = 0.00>
ST_1 : Operation 6 [1/1] (0.00ns)   --->   "%indvar_flatten17 = alloca i32 1"   --->   Operation 6 'alloca' 'indvar_flatten17' <Predicate = true> <Delay = 0.00>
ST_1 : Operation 7 [1/1] (0.00ns)   --->   "%specmemcore_ln0 = specmemcore void @_ssdm_op_SpecMemCore, i32 %Y1, i64 666, i64 24, i64 18446744073709551615"   --->   Operation 7 'specmemcore' 'specmemcore_ln0' <Predicate = true> <Delay = 0.00>
ST_1 : Operation 8 [1/1] (0.38ns)   --->   "%store_ln0 = store i21 0, i21 %indvar_flatten17"   --->   Operation 8 'store' 'store_ln0' <Predicate = true> <Delay = 0.38>
ST_1 : Operation 9 [1/1] (0.38ns)   --->   "%store_ln15716 = store i11 0, i11 %v8581" [/home/silvenchen/Desktop/DitBlock/WorkDCT/DitBlock/kernel.cpp:15716]   --->   Operation 9 'store' 'store_ln15716' <Predicate = true> <Delay = 0.38>
ST_1 : Operation 10 [1/1] (0.38ns)   --->   "%store_ln15717 = store i11 0, i11 %v8582" [/home/silvenchen/Desktop/DitBlock/WorkDCT/DitBlock/kernel.cpp:15717]   --->   Operation 10 'store' 'store_ln15717' <Predicate = true> <Delay = 0.38>
ST_1 : Operation 11 [1/1] (0.00ns)   --->   "%br_ln0 = br void %for.inc68"   --->   Operation 11 'br' 'br_ln0' <Predicate = true> <Delay = 0.00>

State 2 <SV = 1> <Delay = 4.50>
ST_2 : Operation 12 [1/1] (0.00ns)   --->   "%indvar_flatten17_load = load i21 %indvar_flatten17" [/home/silvenchen/Desktop/DitBlock/WorkDCT/DitBlock/kernel.cpp:15716]   --->   Operation 12 'load' 'indvar_flatten17_load' <Predicate = true> <Delay = 0.00>
ST_2 : Operation 13 [1/1] (0.81ns)   --->   "%icmp_ln15716 = icmp_eq  i21 %indvar_flatten17_load, i21 1048576" [/home/silvenchen/Desktop/DitBlock/WorkDCT/DitBlock/kernel.cpp:15716]   --->   Operation 13 'icmp' 'icmp_ln15716' <Predicate = true> <Delay = 0.81> <CoreInst = "Cmp">   --->   Core 9 'Cmp' <Latency = 0> <II = 1> <Delay = 0.81> <FuncUnit> <Opcode : 'icmp'> <InPorts = 2> <OutPorts = 1>
ST_2 : Operation 14 [1/1] (0.81ns)   --->   "%add_ln15716_1 = add i21 %indvar_flatten17_load, i21 1" [/home/silvenchen/Desktop/DitBlock/WorkDCT/DitBlock/kernel.cpp:15716]   --->   Operation 14 'add' 'add_ln15716_1' <Predicate = true> <Delay = 0.81> <CoreInst = "Adder">   --->   Core 1 'Adder' <Latency = 0> <II = 1> <Delay = 0.81> <FuncUnit> <Opcode : 'add' 'sub'> <InPorts = 2> <OutPorts = 1>
ST_2 : Operation 15 [1/1] (0.00ns)   --->   "%br_ln15716 = br i1 %icmp_ln15716, void %for.inc71, void %VITIS_LOOP_15723_5.exitStub" [/home/silvenchen/Desktop/DitBlock/WorkDCT/DitBlock/kernel.cpp:15716]   --->   Operation 15 'br' 'br_ln15716' <Predicate = true> <Delay = 0.00>
ST_2 : Operation 16 [1/1] (0.00ns)   --->   "%v8582_load = load i11 %v8582" [/home/silvenchen/Desktop/DitBlock/WorkDCT/DitBlock/kernel.cpp:15717]   --->   Operation 16 'load' 'v8582_load' <Predicate = (!icmp_ln15716)> <Delay = 0.00>
ST_2 : Operation 17 [1/1] (0.00ns)   --->   "%v8581_load = load i11 %v8581" [/home/silvenchen/Desktop/DitBlock/WorkDCT/DitBlock/kernel.cpp:15716]   --->   Operation 17 'load' 'v8581_load' <Predicate = (!icmp_ln15716)> <Delay = 0.00>
ST_2 : Operation 18 [1/1] (0.73ns)   --->   "%add_ln15716 = add i11 %v8581_load, i11 1" [/home/silvenchen/Desktop/DitBlock/WorkDCT/DitBlock/kernel.cpp:15716]   --->   Operation 18 'add' 'add_ln15716' <Predicate = (!icmp_ln15716)> <Delay = 0.73> <CoreInst = "Adder">   --->   Core 1 'Adder' <Latency = 0> <II = 1> <Delay = 0.73> <FuncUnit> <Opcode : 'add' 'sub'> <InPorts = 2> <OutPorts = 1>
ST_2 : Operation 19 [1/1] (0.00ns)   --->   "%specloopname_ln0 = specloopname void @_ssdm_op_SpecLoopName, void @VITIS_LOOP_15716_3_VITIS_LOOP_15717_4_str"   --->   Operation 19 'specloopname' 'specloopname_ln0' <Predicate = (!icmp_ln15716)> <Delay = 0.00>
ST_2 : Operation 20 [1/1] (0.00ns)   --->   "%speclooptripcount_ln0 = speclooptripcount void @_ssdm_op_SpecLoopTripCount, i64 1048576, i64 1048576, i64 1048576"   --->   Operation 20 'speclooptripcount' 'speclooptripcount_ln0' <Predicate = (!icmp_ln15716)> <Delay = 0.00>
ST_2 : Operation 21 [1/1] (0.73ns)   --->   "%icmp_ln15717 = icmp_eq  i11 %v8582_load, i11 1024" [/home/silvenchen/Desktop/DitBlock/WorkDCT/DitBlock/kernel.cpp:15717]   --->   Operation 21 'icmp' 'icmp_ln15717' <Predicate = (!icmp_ln15716)> <Delay = 0.73> <CoreInst = "Cmp">   --->   Core 9 'Cmp' <Latency = 0> <II = 1> <Delay = 0.73> <FuncUnit> <Opcode : 'icmp'> <InPorts = 2> <OutPorts = 1>
ST_2 : Operation 22 [1/1] (0.30ns)   --->   "%select_ln15716 = select i1 %icmp_ln15717, i11 0, i11 %v8582_load" [/home/silvenchen/Desktop/DitBlock/WorkDCT/DitBlock/kernel.cpp:15716]   --->   Operation 22 'select' 'select_ln15716' <Predicate = (!icmp_ln15716)> <Delay = 0.30> <CoreInst = "Sel">   --->   Core 73 'Sel' <Latency = 0> <II = 1> <Delay = 0.30> <FuncUnit> <Opcode : 'select'> <InPorts = 3> <OutPorts = 1>
ST_2 : Operation 23 [1/1] (0.30ns)   --->   "%select_ln15716_1 = select i1 %icmp_ln15717, i11 %add_ln15716, i11 %v8581_load" [/home/silvenchen/Desktop/DitBlock/WorkDCT/DitBlock/kernel.cpp:15716]   --->   Operation 23 'select' 'select_ln15716_1' <Predicate = (!icmp_ln15716)> <Delay = 0.30> <CoreInst = "Sel">   --->   Core 73 'Sel' <Latency = 0> <II = 1> <Delay = 0.30> <FuncUnit> <Opcode : 'select'> <InPorts = 3> <OutPorts = 1>
ST_2 : Operation 24 [1/1] (0.00ns)   --->   "%trunc_ln15718 = trunc i11 %select_ln15716_1" [/home/silvenchen/Desktop/DitBlock/WorkDCT/DitBlock/kernel.cpp:15718]   --->   Operation 24 'trunc' 'trunc_ln15718' <Predicate = (!icmp_ln15716)> <Delay = 0.00>
ST_2 : Operation 25 [1/1] (0.00ns)   --->   "%tmp_s = bitconcatenate i20 @_ssdm_op_BitConcatenate.i20.i10.i10, i10 %trunc_ln15718, i10 0" [/home/silvenchen/Desktop/DitBlock/WorkDCT/DitBlock/kernel.cpp:15718]   --->   Operation 25 'bitconcatenate' 'tmp_s' <Predicate = (!icmp_ln15716)> <Delay = 0.00>
ST_2 : Operation 26 [1/1] (0.00ns)   --->   "%zext_ln15718 = zext i11 %select_ln15716" [/home/silvenchen/Desktop/DitBlock/WorkDCT/DitBlock/kernel.cpp:15718]   --->   Operation 26 'zext' 'zext_ln15718' <Predicate = (!icmp_ln15716)> <Delay = 0.00>
ST_2 : Operation 27 [1/1] (0.80ns)   --->   "%add_ln15718 = add i20 %tmp_s, i20 %zext_ln15718" [/home/silvenchen/Desktop/DitBlock/WorkDCT/DitBlock/kernel.cpp:15718]   --->   Operation 27 'add' 'add_ln15718' <Predicate = (!icmp_ln15716)> <Delay = 0.80> <CoreInst = "Adder">   --->   Core 1 'Adder' <Latency = 0> <II = 1> <Delay = 0.80> <FuncUnit> <Opcode : 'add' 'sub'> <InPorts = 2> <OutPorts = 1>
ST_2 : Operation 28 [1/1] (0.00ns)   --->   "%zext_ln15718_1 = zext i20 %add_ln15718" [/home/silvenchen/Desktop/DitBlock/WorkDCT/DitBlock/kernel.cpp:15718]   --->   Operation 28 'zext' 'zext_ln15718_1' <Predicate = (!icmp_ln15716)> <Delay = 0.00>
ST_2 : Operation 29 [1/1] (0.00ns)   --->   "%Y1_addr = getelementptr i32 %Y1, i64 0, i64 %zext_ln15718_1" [/home/silvenchen/Desktop/DitBlock/WorkDCT/DitBlock/kernel.cpp:15718]   --->   Operation 29 'getelementptr' 'Y1_addr' <Predicate = (!icmp_ln15716)> <Delay = 0.00>
ST_2 : Operation 30 [1/1] (0.00ns)   --->   "%specpipeline_ln15717 = specpipeline void @_ssdm_op_SpecPipeline, i32 4294967295, i32 0, i32 0, i32 0, void @empty_219" [/home/silvenchen/Desktop/DitBlock/WorkDCT/DitBlock/kernel.cpp:15717]   --->   Operation 30 'specpipeline' 'specpipeline_ln15717' <Predicate = (!icmp_ln15716)> <Delay = 0.00>
ST_2 : Operation 31 [1/1] (2.66ns)   --->   "%store_ln15718 = store i32 0, i20 %Y1_addr" [/home/silvenchen/Desktop/DitBlock/WorkDCT/DitBlock/kernel.cpp:15718]   --->   Operation 31 'store' 'store_ln15718' <Predicate = (!icmp_ln15716)> <Delay = 2.66> <CoreInst = "RAM_2P_URAM">   --->   Core 95 'RAM_2P_URAM' <Latency = 1> <II = 1> <Delay = 2.66> <Storage> <Opcode : 'load' 'store'> <Ports = 2> <Width = 32> <Depth = 1048576> <RAM>
ST_2 : Operation 32 [1/1] (0.73ns)   --->   "%add_ln15717 = add i11 %select_ln15716, i11 1" [/home/silvenchen/Desktop/DitBlock/WorkDCT/DitBlock/kernel.cpp:15717]   --->   Operation 32 'add' 'add_ln15717' <Predicate = (!icmp_ln15716)> <Delay = 0.73> <CoreInst = "Adder">   --->   Core 1 'Adder' <Latency = 0> <II = 1> <Delay = 0.73> <FuncUnit> <Opcode : 'add' 'sub'> <InPorts = 2> <OutPorts = 1>
ST_2 : Operation 33 [1/1] (0.38ns)   --->   "%store_ln15716 = store i21 %add_ln15716_1, i21 %indvar_flatten17" [/home/silvenchen/Desktop/DitBlock/WorkDCT/DitBlock/kernel.cpp:15716]   --->   Operation 33 'store' 'store_ln15716' <Predicate = (!icmp_ln15716)> <Delay = 0.38>
ST_2 : Operation 34 [1/1] (0.38ns)   --->   "%store_ln15716 = store i11 %select_ln15716_1, i11 %v8581" [/home/silvenchen/Desktop/DitBlock/WorkDCT/DitBlock/kernel.cpp:15716]   --->   Operation 34 'store' 'store_ln15716' <Predicate = (!icmp_ln15716)> <Delay = 0.38>
ST_2 : Operation 35 [1/1] (0.38ns)   --->   "%store_ln15717 = store i11 %add_ln15717, i11 %v8582" [/home/silvenchen/Desktop/DitBlock/WorkDCT/DitBlock/kernel.cpp:15717]   --->   Operation 35 'store' 'store_ln15717' <Predicate = (!icmp_ln15716)> <Delay = 0.38>
ST_2 : Operation 36 [1/1] (0.00ns)   --->   "%br_ln15717 = br void %for.inc68" [/home/silvenchen/Desktop/DitBlock/WorkDCT/DitBlock/kernel.cpp:15717]   --->   Operation 36 'br' 'br_ln15717' <Predicate = (!icmp_ln15716)> <Delay = 0.00>
ST_2 : Operation 37 [1/1] (0.00ns)   --->   "%ret_ln0 = ret"   --->   Operation 37 'ret' 'ret_ln0' <Predicate = (icmp_ln15716)> <Delay = 0.00>


============================================================
+ Verbose Summary: Timing violations
============================================================
Target clock period: 10.000ns, clock uncertainty: 2.700ns.

 <State 1>: 0.387ns
The critical path consists of the following:
	'alloca' operation 21 bit ('indvar_flatten17') [4]  (0.000 ns)
	'store' operation 0 bit ('store_ln0') of constant 0 on local variable 'indvar_flatten17' [6]  (0.387 ns)

 <State 2>: 4.509ns
The critical path consists of the following:
	'load' operation 11 bit ('v8582_load', /home/silvenchen/Desktop/DitBlock/WorkDCT/DitBlock/kernel.cpp:15717) on local variable 'v8582', /home/silvenchen/Desktop/DitBlock/WorkDCT/DitBlock/kernel.cpp:15717 [16]  (0.000 ns)
	'icmp' operation 1 bit ('icmp_ln15717', /home/silvenchen/Desktop/DitBlock/WorkDCT/DitBlock/kernel.cpp:15717) [21]  (0.735 ns)
	'select' operation 11 bit ('select_ln15716_1', /home/silvenchen/Desktop/DitBlock/WorkDCT/DitBlock/kernel.cpp:15716) [23]  (0.301 ns)
	'add' operation 20 bit ('add_ln15718', /home/silvenchen/Desktop/DitBlock/WorkDCT/DitBlock/kernel.cpp:15718) [27]  (0.809 ns)
	'getelementptr' operation 20 bit ('Y1_addr', /home/silvenchen/Desktop/DitBlock/WorkDCT/DitBlock/kernel.cpp:15718) [29]  (0.000 ns)
	'store' operation 0 bit ('store_ln15718', /home/silvenchen/Desktop/DitBlock/WorkDCT/DitBlock/kernel.cpp:15718) of constant 0 on array 'Y1' [31]  (2.664 ns)


============================================================
+ Verbose Summary: Binding
============================================================
N/A
* FSMD analyzer results:
  - Output states:
 - Input state : 
  - Chain level:
	State 1
	State 2


============================================================
+ Verbose Summary: Datapath Resource usage 
============================================================
N/A
