

================================================================
== Vitis HLS Report for 'scaled_dot_product_attention_Pipeline_l_exp_sum_i13_l_j11'
================================================================
* Date:           Mon Feb 17 20:36:50 2025

* Version:        2023.2 (Build 4023990 on Oct 11 2023)
* Project:        DitBlock
* Solution:       hls (Vivado IP Flow Target)
* Product family: virtexuplusHBM
* Target device:  xcu280-fsvh2892-2L-e


================================================================
== Performance Estimates
================================================================
+ Timing: 
    * Summary: 
    +--------+----------+----------+------------+
    |  Clock |  Target  | Estimated| Uncertainty|
    +--------+----------+----------+------------+
    |ap_clk  |  10.00 ns|  7.038 ns|     2.70 ns|
    +--------+----------+----------+------------+

+ Latency: 
    * Summary: 
    +---------+---------+-----------+-----------+---------+---------+---------+
    |  Latency (cycles) |   Latency (absolute)  |      Interval     | Pipeline|
    |   min   |   max   |    min    |    max    |   min   |   max   |   Type  |
    +---------+---------+-----------+-----------+---------+---------+---------+
    |  2097164|  2097164|  20.972 ms|  20.972 ms|  2097164|  2097164|       no|
    +---------+---------+-----------+-----------+---------+---------+---------+

    + Detail: 
        * Instance: 
        N/A

        * Loop: 
        +-----------------------+---------+---------+----------+-----------+-----------+---------+----------+
        |                       |  Latency (cycles) | Iteration|  Initiation Interval  |   Trip  |          |
        |       Loop Name       |   min   |   max   |  Latency |  achieved |   target  |  Count  | Pipelined|
        +-----------------------+---------+---------+----------+-----------+-----------+---------+----------+
        |- l_exp_sum_i13_l_j11  |  2097162|  2097162|        13|          2|          1|  1048576|       yes|
        +-----------------------+---------+---------+----------+-----------+-----------+---------+----------+

============================================================
+ Verbose Summary: Synthesis Manager
============================================================
InlineROM: 1
ExposeGlobal: 0
============================================================
+ Verbose Summary: CDFG Model
============================================================
IsTopModel: 0
ResetActiveHigh: 1
IsCombinational: 0
IsDatapathOnly: 0
HasWiredReturn: 1
HasMFsm: 2
HasVarLatency: 1
IsPipeline: 0
IsRtlPipelined: 0
IsInstanceOverlapped: 0
IsDontTouch: 0
HasImplIP: 0
IsGatedGlobalClock: 0

+ Individual pipeline summary: 
  * Pipeline-0: initiation interval (II) = 2, depth = 14


============================================================
+ Verbose Summary: Schedule
============================================================
* Number of FSM states : 14
* Pipeline : 1
  Pipeline-0 : II = 2, D = 14, States = { 1 2 3 4 5 6 7 8 9 10 11 12 13 14 }
* Dataflow Pipeline: 0

* FSM state transitions: 
1 --> 2 
2 --> 3 
3 --> 4 
4 --> 5 
5 --> 6 
6 --> 7 
7 --> 8 
8 --> 9 
9 --> 10 
10 --> 11 
11 --> 12 
12 --> 13 
13 --> 14 
14 --> 

* FSM state operations: 

State 1 <SV = 0> <Delay = 0.38>
ST_1 : Operation 16 [1/1] (0.00ns)   --->   "%j11 = alloca i32 1" [/home/silvenchen/Desktop/DitBlock/WorkDCT/DitBlock/kernel.cpp:12576->/home/silvenchen/Desktop/DitBlock/WorkDCT/DitBlock/kernel.cpp:15624]   --->   Operation 16 'alloca' 'j11' <Predicate = true> <Delay = 0.00>
ST_1 : Operation 17 [1/1] (0.00ns)   --->   "%i13 = alloca i32 1" [/home/silvenchen/Desktop/DitBlock/WorkDCT/DitBlock/kernel.cpp:12575->/home/silvenchen/Desktop/DitBlock/WorkDCT/DitBlock/kernel.cpp:15624]   --->   Operation 17 'alloca' 'i13' <Predicate = true> <Delay = 0.00>
ST_1 : Operation 18 [1/1] (0.00ns)   --->   "%indvar_flatten31 = alloca i32 1"   --->   Operation 18 'alloca' 'indvar_flatten31' <Predicate = true> <Delay = 0.00>
ST_1 : Operation 19 [1/1] (0.00ns)   --->   "%v6921 = alloca i32 1" [/home/silvenchen/Desktop/DitBlock/WorkDCT/DitBlock/kernel.cpp:12583->/home/silvenchen/Desktop/DitBlock/WorkDCT/DitBlock/kernel.cpp:15624]   --->   Operation 19 'alloca' 'v6921' <Predicate = true> <Delay = 0.00>
ST_1 : Operation 20 [1/1] (0.00ns)   --->   "%v69173 = alloca i32 1"   --->   Operation 20 'alloca' 'v69173' <Predicate = true> <Delay = 0.00>
ST_1 : Operation 21 [1/1] (0.00ns)   --->   "%specmemcore_ln0 = specmemcore void @_ssdm_op_SpecMemCore, i32 %Y1, i64 666, i64 24, i64 18446744073709551615"   --->   Operation 21 'specmemcore' 'specmemcore_ln0' <Predicate = true> <Delay = 0.00>
ST_1 : Operation 22 [1/1] (0.38ns)   --->   "%store_ln0 = store i21 0, i21 %indvar_flatten31"   --->   Operation 22 'store' 'store_ln0' <Predicate = true> <Delay = 0.38>
ST_1 : Operation 23 [1/1] (0.38ns)   --->   "%store_ln12575 = store i11 0, i11 %i13" [/home/silvenchen/Desktop/DitBlock/WorkDCT/DitBlock/kernel.cpp:12575->/home/silvenchen/Desktop/DitBlock/WorkDCT/DitBlock/kernel.cpp:15624]   --->   Operation 23 'store' 'store_ln12575' <Predicate = true> <Delay = 0.38>
ST_1 : Operation 24 [1/1] (0.38ns)   --->   "%store_ln12576 = store i11 0, i11 %j11" [/home/silvenchen/Desktop/DitBlock/WorkDCT/DitBlock/kernel.cpp:12576->/home/silvenchen/Desktop/DitBlock/WorkDCT/DitBlock/kernel.cpp:15624]   --->   Operation 24 'store' 'store_ln12576' <Predicate = true> <Delay = 0.38>
ST_1 : Operation 25 [1/1] (0.38ns)   --->   "%br_ln0 = br void %for.inc59.i"   --->   Operation 25 'br' 'br_ln0' <Predicate = true> <Delay = 0.38>

State 2 <SV = 1> <Delay = 4.50>
ST_2 : Operation 26 [1/1] (0.00ns)   --->   "%first_iter_4 = phi i1 0, void %new.latch.for.inc59.i.split, i1 1, void %newFuncRoot"   --->   Operation 26 'phi' 'first_iter_4' <Predicate = true> <Delay = 0.00>
ST_2 : Operation 27 [1/1] (0.00ns)   --->   "%indvar_flatten31_load = load i21 %indvar_flatten31" [/home/silvenchen/Desktop/DitBlock/WorkDCT/DitBlock/kernel.cpp:12575->/home/silvenchen/Desktop/DitBlock/WorkDCT/DitBlock/kernel.cpp:15624]   --->   Operation 27 'load' 'indvar_flatten31_load' <Predicate = true> <Delay = 0.00>
ST_2 : Operation 28 [1/1] (0.81ns)   --->   "%icmp_ln12575 = icmp_eq  i21 %indvar_flatten31_load, i21 1048576" [/home/silvenchen/Desktop/DitBlock/WorkDCT/DitBlock/kernel.cpp:12575->/home/silvenchen/Desktop/DitBlock/WorkDCT/DitBlock/kernel.cpp:15624]   --->   Operation 28 'icmp' 'icmp_ln12575' <Predicate = true> <Delay = 0.81> <CoreInst = "Cmp">   --->   Core 9 'Cmp' <Latency = 0> <II = 1> <Delay = 0.81> <FuncUnit> <Opcode : 'icmp'> <InPorts = 2> <OutPorts = 1>
ST_2 : Operation 29 [1/1] (0.81ns)   --->   "%add_ln12575_1 = add i21 %indvar_flatten31_load, i21 1" [/home/silvenchen/Desktop/DitBlock/WorkDCT/DitBlock/kernel.cpp:12575->/home/silvenchen/Desktop/DitBlock/WorkDCT/DitBlock/kernel.cpp:15624]   --->   Operation 29 'add' 'add_ln12575_1' <Predicate = true> <Delay = 0.81> <CoreInst = "Adder">   --->   Core 1 'Adder' <Latency = 0> <II = 1> <Delay = 0.81> <FuncUnit> <Opcode : 'add' 'sub'> <InPorts = 2> <OutPorts = 1>
ST_2 : Operation 30 [1/1] (0.00ns)   --->   "%br_ln12575 = br i1 %icmp_ln12575, void %for.inc62.i, void %for.inc83.i.preheader.exitStub" [/home/silvenchen/Desktop/DitBlock/WorkDCT/DitBlock/kernel.cpp:12575->/home/silvenchen/Desktop/DitBlock/WorkDCT/DitBlock/kernel.cpp:15624]   --->   Operation 30 'br' 'br_ln12575' <Predicate = true> <Delay = 0.00>
ST_2 : Operation 31 [1/1] (0.00ns)   --->   "%j11_load = load i11 %j11" [/home/silvenchen/Desktop/DitBlock/WorkDCT/DitBlock/kernel.cpp:12576->/home/silvenchen/Desktop/DitBlock/WorkDCT/DitBlock/kernel.cpp:15624]   --->   Operation 31 'load' 'j11_load' <Predicate = (!icmp_ln12575)> <Delay = 0.00>
ST_2 : Operation 32 [1/1] (0.00ns)   --->   "%i13_load = load i11 %i13" [/home/silvenchen/Desktop/DitBlock/WorkDCT/DitBlock/kernel.cpp:12575->/home/silvenchen/Desktop/DitBlock/WorkDCT/DitBlock/kernel.cpp:15624]   --->   Operation 32 'load' 'i13_load' <Predicate = (!icmp_ln12575)> <Delay = 0.00>
ST_2 : Operation 33 [1/1] (0.73ns)   --->   "%add_ln12575 = add i11 %i13_load, i11 1" [/home/silvenchen/Desktop/DitBlock/WorkDCT/DitBlock/kernel.cpp:12575->/home/silvenchen/Desktop/DitBlock/WorkDCT/DitBlock/kernel.cpp:15624]   --->   Operation 33 'add' 'add_ln12575' <Predicate = (!icmp_ln12575)> <Delay = 0.73> <CoreInst = "Adder">   --->   Core 1 'Adder' <Latency = 0> <II = 1> <Delay = 0.73> <FuncUnit> <Opcode : 'add' 'sub'> <InPorts = 2> <OutPorts = 1>
ST_2 : Operation 34 [1/1] (0.00ns)   --->   "%specloopname_ln0 = specloopname void @_ssdm_op_SpecLoopName, void @l_exp_sum_i13_l_j11_str"   --->   Operation 34 'specloopname' 'specloopname_ln0' <Predicate = (!icmp_ln12575)> <Delay = 0.00>
ST_2 : Operation 35 [1/1] (0.00ns)   --->   "%speclooptripcount_ln0 = speclooptripcount void @_ssdm_op_SpecLoopTripCount, i64 1048576, i64 1048576, i64 1048576"   --->   Operation 35 'speclooptripcount' 'speclooptripcount_ln0' <Predicate = (!icmp_ln12575)> <Delay = 0.00>
ST_2 : Operation 36 [1/1] (0.73ns)   --->   "%icmp_ln12576 = icmp_eq  i11 %j11_load, i11 1024" [/home/silvenchen/Desktop/DitBlock/WorkDCT/DitBlock/kernel.cpp:12576->/home/silvenchen/Desktop/DitBlock/WorkDCT/DitBlock/kernel.cpp:15624]   --->   Operation 36 'icmp' 'icmp_ln12576' <Predicate = (!icmp_ln12575)> <Delay = 0.73> <CoreInst = "Cmp">   --->   Core 9 'Cmp' <Latency = 0> <II = 1> <Delay = 0.73> <FuncUnit> <Opcode : 'icmp'> <InPorts = 2> <OutPorts = 1>
ST_2 : Operation 37 [1/1] (0.12ns)   --->   "%or_ln12575 = or i1 %icmp_ln12576, i1 %first_iter_4" [/home/silvenchen/Desktop/DitBlock/WorkDCT/DitBlock/kernel.cpp:12575->/home/silvenchen/Desktop/DitBlock/WorkDCT/DitBlock/kernel.cpp:15624]   --->   Operation 37 'or' 'or_ln12575' <Predicate = (!icmp_ln12575)> <Delay = 0.12> <CoreInst = "LogicGate">   --->   Core 74 'LogicGate' <Latency = 0> <II = 1> <Delay = 0.12> <FuncUnit> <Opcode : 'and' 'or' 'xor'> <InPorts = 2> <OutPorts = 1>
ST_2 : Operation 38 [1/1] (0.30ns)   --->   "%select_ln12575 = select i1 %icmp_ln12576, i11 0, i11 %j11_load" [/home/silvenchen/Desktop/DitBlock/WorkDCT/DitBlock/kernel.cpp:12575->/home/silvenchen/Desktop/DitBlock/WorkDCT/DitBlock/kernel.cpp:15624]   --->   Operation 38 'select' 'select_ln12575' <Predicate = (!icmp_ln12575)> <Delay = 0.30> <CoreInst = "Sel">   --->   Core 73 'Sel' <Latency = 0> <II = 1> <Delay = 0.30> <FuncUnit> <Opcode : 'select'> <InPorts = 3> <OutPorts = 1>
ST_2 : Operation 39 [1/1] (0.30ns)   --->   "%select_ln12575_1 = select i1 %icmp_ln12576, i11 %add_ln12575, i11 %i13_load" [/home/silvenchen/Desktop/DitBlock/WorkDCT/DitBlock/kernel.cpp:12575->/home/silvenchen/Desktop/DitBlock/WorkDCT/DitBlock/kernel.cpp:15624]   --->   Operation 39 'select' 'select_ln12575_1' <Predicate = (!icmp_ln12575)> <Delay = 0.30> <CoreInst = "Sel">   --->   Core 73 'Sel' <Latency = 0> <II = 1> <Delay = 0.30> <FuncUnit> <Opcode : 'select'> <InPorts = 3> <OutPorts = 1>
ST_2 : Operation 40 [1/1] (0.00ns)   --->   "%trunc_ln12575 = trunc i11 %select_ln12575_1" [/home/silvenchen/Desktop/DitBlock/WorkDCT/DitBlock/kernel.cpp:12575->/home/silvenchen/Desktop/DitBlock/WorkDCT/DitBlock/kernel.cpp:15624]   --->   Operation 40 'trunc' 'trunc_ln12575' <Predicate = (!icmp_ln12575)> <Delay = 0.00>
ST_2 : Operation 41 [1/1] (0.00ns)   --->   "%zext_ln12575 = zext i11 %select_ln12575_1" [/home/silvenchen/Desktop/DitBlock/WorkDCT/DitBlock/kernel.cpp:12575->/home/silvenchen/Desktop/DitBlock/WorkDCT/DitBlock/kernel.cpp:15624]   --->   Operation 41 'zext' 'zext_ln12575' <Predicate = (!icmp_ln12575)> <Delay = 0.00>
ST_2 : Operation 42 [1/1] (0.00ns)   --->   "%tmp_s = bitconcatenate i20 @_ssdm_op_BitConcatenate.i20.i10.i10, i10 %trunc_ln12575, i10 0" [/home/silvenchen/Desktop/DitBlock/WorkDCT/DitBlock/kernel.cpp:12577->/home/silvenchen/Desktop/DitBlock/WorkDCT/DitBlock/kernel.cpp:15624]   --->   Operation 42 'bitconcatenate' 'tmp_s' <Predicate = (!icmp_ln12575)> <Delay = 0.00>
ST_2 : Operation 43 [1/1] (0.00ns)   --->   "%M_addr = getelementptr i32 %M, i64 0, i64 %zext_ln12575" [/home/silvenchen/Desktop/DitBlock/WorkDCT/DitBlock/kernel.cpp:12575->/home/silvenchen/Desktop/DitBlock/WorkDCT/DitBlock/kernel.cpp:15624]   --->   Operation 43 'getelementptr' 'M_addr' <Predicate = (!icmp_ln12575)> <Delay = 0.00>
ST_2 : Operation 44 [1/1] (0.00ns)   --->   "%S_addr = getelementptr i32 %S, i64 0, i64 %zext_ln12575" [/home/silvenchen/Desktop/DitBlock/WorkDCT/DitBlock/kernel.cpp:12575->/home/silvenchen/Desktop/DitBlock/WorkDCT/DitBlock/kernel.cpp:15624]   --->   Operation 44 'getelementptr' 'S_addr' <Predicate = (!icmp_ln12575)> <Delay = 0.00>
ST_2 : Operation 45 [1/1] (0.00ns)   --->   "%br_ln12576 = br i1 %or_ln12575, void %for.inc59.i.split, void %for.first.iter.for.inc59.i" [/home/silvenchen/Desktop/DitBlock/WorkDCT/DitBlock/kernel.cpp:12576->/home/silvenchen/Desktop/DitBlock/WorkDCT/DitBlock/kernel.cpp:15624]   --->   Operation 45 'br' 'br_ln12576' <Predicate = (!icmp_ln12575)> <Delay = 0.00>
ST_2 : Operation 46 [2/2] (1.20ns)   --->   "%v6917 = load i10 %M_addr" [/home/silvenchen/Desktop/DitBlock/WorkDCT/DitBlock/kernel.cpp:12575->/home/silvenchen/Desktop/DitBlock/WorkDCT/DitBlock/kernel.cpp:15624]   --->   Operation 46 'load' 'v6917' <Predicate = (!icmp_ln12575 & or_ln12575)> <Delay = 1.20> <CoreInst = "RAM">   --->   Core 83 'RAM' <Latency = 1> <II = 1> <Delay = 1.20> <Storage> <Opcode : 'load' 'store'> <Ports = 2> <Width = 32> <Depth = 1024> <RAM>
ST_2 : Operation 47 [1/1] (0.00ns)   --->   "%zext_ln12577 = zext i11 %select_ln12575" [/home/silvenchen/Desktop/DitBlock/WorkDCT/DitBlock/kernel.cpp:12577->/home/silvenchen/Desktop/DitBlock/WorkDCT/DitBlock/kernel.cpp:15624]   --->   Operation 47 'zext' 'zext_ln12577' <Predicate = (!icmp_ln12575)> <Delay = 0.00>
ST_2 : Operation 48 [1/1] (0.80ns)   --->   "%add_ln12577 = add i20 %tmp_s, i20 %zext_ln12577" [/home/silvenchen/Desktop/DitBlock/WorkDCT/DitBlock/kernel.cpp:12577->/home/silvenchen/Desktop/DitBlock/WorkDCT/DitBlock/kernel.cpp:15624]   --->   Operation 48 'add' 'add_ln12577' <Predicate = (!icmp_ln12575)> <Delay = 0.80> <CoreInst = "Adder">   --->   Core 1 'Adder' <Latency = 0> <II = 1> <Delay = 0.80> <FuncUnit> <Opcode : 'add' 'sub'> <InPorts = 2> <OutPorts = 1>
ST_2 : Operation 49 [1/1] (0.00ns)   --->   "%zext_ln12577_1 = zext i20 %add_ln12577" [/home/silvenchen/Desktop/DitBlock/WorkDCT/DitBlock/kernel.cpp:12577->/home/silvenchen/Desktop/DitBlock/WorkDCT/DitBlock/kernel.cpp:15624]   --->   Operation 49 'zext' 'zext_ln12577_1' <Predicate = (!icmp_ln12575)> <Delay = 0.00>
ST_2 : Operation 50 [1/1] (0.00ns)   --->   "%Y1_addr = getelementptr i32 %Y1, i64 0, i64 %zext_ln12577_1" [/home/silvenchen/Desktop/DitBlock/WorkDCT/DitBlock/kernel.cpp:12577->/home/silvenchen/Desktop/DitBlock/WorkDCT/DitBlock/kernel.cpp:15624]   --->   Operation 50 'getelementptr' 'Y1_addr' <Predicate = (!icmp_ln12575)> <Delay = 0.00>
ST_2 : Operation 51 [2/2] (2.66ns)   --->   "%v6916 = load i20 %Y1_addr" [/home/silvenchen/Desktop/DitBlock/WorkDCT/DitBlock/kernel.cpp:12577->/home/silvenchen/Desktop/DitBlock/WorkDCT/DitBlock/kernel.cpp:15624]   --->   Operation 51 'load' 'v6916' <Predicate = (!icmp_ln12575)> <Delay = 2.66> <CoreInst = "RAM_2P_URAM">   --->   Core 95 'RAM_2P_URAM' <Latency = 1> <II = 1> <Delay = 2.66> <Storage> <Opcode : 'load' 'store'> <Ports = 2> <Width = 32> <Depth = 1048576> <RAM>
ST_2 : Operation 52 [1/1] (0.73ns)   --->   "%add_ln12576 = add i11 %select_ln12575, i11 1" [/home/silvenchen/Desktop/DitBlock/WorkDCT/DitBlock/kernel.cpp:12576->/home/silvenchen/Desktop/DitBlock/WorkDCT/DitBlock/kernel.cpp:15624]   --->   Operation 52 'add' 'add_ln12576' <Predicate = (!icmp_ln12575)> <Delay = 0.73> <CoreInst = "Adder">   --->   Core 1 'Adder' <Latency = 0> <II = 1> <Delay = 0.73> <FuncUnit> <Opcode : 'add' 'sub'> <InPorts = 2> <OutPorts = 1>
ST_2 : Operation 53 [1/1] (0.73ns)   --->   "%icmp_ln12576_1 = icmp_eq  i11 %add_ln12576, i11 1024" [/home/silvenchen/Desktop/DitBlock/WorkDCT/DitBlock/kernel.cpp:12576->/home/silvenchen/Desktop/DitBlock/WorkDCT/DitBlock/kernel.cpp:15624]   --->   Operation 53 'icmp' 'icmp_ln12576_1' <Predicate = (!icmp_ln12575)> <Delay = 0.73> <CoreInst = "Cmp">   --->   Core 9 'Cmp' <Latency = 0> <II = 1> <Delay = 0.73> <FuncUnit> <Opcode : 'icmp'> <InPorts = 2> <OutPorts = 1>
ST_2 : Operation 54 [1/1] (0.00ns)   --->   "%br_ln12576 = br i1 %icmp_ln12576_1, void %new.latch.for.inc59.i.split, void %last.iter.for.inc59.i.split" [/home/silvenchen/Desktop/DitBlock/WorkDCT/DitBlock/kernel.cpp:12576->/home/silvenchen/Desktop/DitBlock/WorkDCT/DitBlock/kernel.cpp:15624]   --->   Operation 54 'br' 'br_ln12576' <Predicate = (!icmp_ln12575)> <Delay = 0.00>
ST_2 : Operation 55 [1/1] (0.38ns)   --->   "%store_ln12575 = store i21 %add_ln12575_1, i21 %indvar_flatten31" [/home/silvenchen/Desktop/DitBlock/WorkDCT/DitBlock/kernel.cpp:12575->/home/silvenchen/Desktop/DitBlock/WorkDCT/DitBlock/kernel.cpp:15624]   --->   Operation 55 'store' 'store_ln12575' <Predicate = (!icmp_ln12575)> <Delay = 0.38>
ST_2 : Operation 56 [1/1] (0.38ns)   --->   "%store_ln12575 = store i11 %select_ln12575_1, i11 %i13" [/home/silvenchen/Desktop/DitBlock/WorkDCT/DitBlock/kernel.cpp:12575->/home/silvenchen/Desktop/DitBlock/WorkDCT/DitBlock/kernel.cpp:15624]   --->   Operation 56 'store' 'store_ln12575' <Predicate = (!icmp_ln12575)> <Delay = 0.38>
ST_2 : Operation 57 [1/1] (0.38ns)   --->   "%store_ln12576 = store i11 %add_ln12576, i11 %j11" [/home/silvenchen/Desktop/DitBlock/WorkDCT/DitBlock/kernel.cpp:12576->/home/silvenchen/Desktop/DitBlock/WorkDCT/DitBlock/kernel.cpp:15624]   --->   Operation 57 'store' 'store_ln12576' <Predicate = (!icmp_ln12575)> <Delay = 0.38>
ST_2 : Operation 58 [1/1] (0.00ns)   --->   "%br_ln12576 = br void %for.inc59.i" [/home/silvenchen/Desktop/DitBlock/WorkDCT/DitBlock/kernel.cpp:12576->/home/silvenchen/Desktop/DitBlock/WorkDCT/DitBlock/kernel.cpp:15624]   --->   Operation 58 'br' 'br_ln12576' <Predicate = (!icmp_ln12575)> <Delay = 0.00>

State 3 <SV = 2> <Delay = 2.66>
ST_3 : Operation 59 [1/2] (1.20ns)   --->   "%v6917 = load i10 %M_addr" [/home/silvenchen/Desktop/DitBlock/WorkDCT/DitBlock/kernel.cpp:12575->/home/silvenchen/Desktop/DitBlock/WorkDCT/DitBlock/kernel.cpp:15624]   --->   Operation 59 'load' 'v6917' <Predicate = (!icmp_ln12575 & or_ln12575)> <Delay = 1.20> <CoreInst = "RAM">   --->   Core 83 'RAM' <Latency = 1> <II = 1> <Delay = 1.20> <Storage> <Opcode : 'load' 'store'> <Ports = 2> <Width = 32> <Depth = 1024> <RAM>
ST_3 : Operation 60 [1/1] (0.00ns)   --->   "%store_ln12575 = store i32 %v6917, i32 %v69173" [/home/silvenchen/Desktop/DitBlock/WorkDCT/DitBlock/kernel.cpp:12575->/home/silvenchen/Desktop/DitBlock/WorkDCT/DitBlock/kernel.cpp:15624]   --->   Operation 60 'store' 'store_ln12575' <Predicate = (!icmp_ln12575 & or_ln12575)> <Delay = 0.00>
ST_3 : Operation 61 [1/2] (2.66ns)   --->   "%v6916 = load i20 %Y1_addr" [/home/silvenchen/Desktop/DitBlock/WorkDCT/DitBlock/kernel.cpp:12577->/home/silvenchen/Desktop/DitBlock/WorkDCT/DitBlock/kernel.cpp:15624]   --->   Operation 61 'load' 'v6916' <Predicate = (!icmp_ln12575)> <Delay = 2.66> <CoreInst = "RAM_2P_URAM">   --->   Core 95 'RAM_2P_URAM' <Latency = 1> <II = 1> <Delay = 2.66> <Storage> <Opcode : 'load' 'store'> <Ports = 2> <Width = 32> <Depth = 1048576> <RAM>

State 4 <SV = 3> <Delay = 6.14>
ST_4 : Operation 62 [1/1] (0.00ns)   --->   "%v69173_load = load i32 %v69173" [/home/silvenchen/Desktop/DitBlock/WorkDCT/DitBlock/kernel.cpp:12579->/home/silvenchen/Desktop/DitBlock/WorkDCT/DitBlock/kernel.cpp:15624]   --->   Operation 62 'load' 'v69173_load' <Predicate = true> <Delay = 0.00>
ST_4 : Operation 63 [3/3] (6.14ns)   --->   "%v6918 = fsub i32 %v6916, i32 %v69173_load" [/home/silvenchen/Desktop/DitBlock/WorkDCT/DitBlock/kernel.cpp:12579->/home/silvenchen/Desktop/DitBlock/WorkDCT/DitBlock/kernel.cpp:15624]   --->   Operation 63 'fsub' 'v6918' <Predicate = true> <Delay = 6.14> <CoreInst = "FAddSub_fulldsp">   --->   Core 18 'FAddSub_fulldsp' <Latency = 2> <II = 1> <Delay = 6.14> <FuncUnit> <Opcode : 'fadd' 'fsub'> <InPorts = 2> <OutPorts = 1>

State 5 <SV = 4> <Delay = 6.14>
ST_5 : Operation 64 [2/3] (6.14ns)   --->   "%v6918 = fsub i32 %v6916, i32 %v69173_load" [/home/silvenchen/Desktop/DitBlock/WorkDCT/DitBlock/kernel.cpp:12579->/home/silvenchen/Desktop/DitBlock/WorkDCT/DitBlock/kernel.cpp:15624]   --->   Operation 64 'fsub' 'v6918' <Predicate = true> <Delay = 6.14> <CoreInst = "FAddSub_fulldsp">   --->   Core 18 'FAddSub_fulldsp' <Latency = 2> <II = 1> <Delay = 6.14> <FuncUnit> <Opcode : 'fadd' 'fsub'> <InPorts = 2> <OutPorts = 1>

State 6 <SV = 5> <Delay = 6.14>
ST_6 : Operation 65 [1/3] (6.14ns)   --->   "%v6918 = fsub i32 %v6916, i32 %v69173_load" [/home/silvenchen/Desktop/DitBlock/WorkDCT/DitBlock/kernel.cpp:12579->/home/silvenchen/Desktop/DitBlock/WorkDCT/DitBlock/kernel.cpp:15624]   --->   Operation 65 'fsub' 'v6918' <Predicate = true> <Delay = 6.14> <CoreInst = "FAddSub_fulldsp">   --->   Core 18 'FAddSub_fulldsp' <Latency = 2> <II = 1> <Delay = 6.14> <FuncUnit> <Opcode : 'fadd' 'fsub'> <InPorts = 2> <OutPorts = 1>

State 7 <SV = 6> <Delay = 7.03>
ST_7 : Operation 66 [4/4] (7.03ns)   --->   "%v6919 = fexp i32 @llvm.exp.f32, i32 %v6918" [/tools/Xilinx/Vitis_HLS/2023.2/tps/lnx64/gcc-8.3.0/lib/gcc/x86_64-pc-linux-gnu/8.3.0/../../../../include/c++/8.3.0/cmath:223->/home/silvenchen/Desktop/DitBlock/WorkDCT/DitBlock/kernel.cpp:12580->/home/silvenchen/Desktop/DitBlock/WorkDCT/DitBlock/kernel.cpp:15624]   --->   Operation 66 'fexp' 'v6919' <Predicate = true> <Delay = 7.03> <CoreInst = "FExp_fulldsp">   --->   Core 23 'FExp_fulldsp' <Latency = 3> <II = 1> <Delay = 7.03> <FuncUnit> <Opcode : 'fexp'> <InPorts = 1> <OutPorts = 1>

State 8 <SV = 7> <Delay = 7.03>
ST_8 : Operation 67 [2/2] (1.20ns)   --->   "%S_load = load i10 %S_addr" [/home/silvenchen/Desktop/DitBlock/WorkDCT/DitBlock/kernel.cpp:12583->/home/silvenchen/Desktop/DitBlock/WorkDCT/DitBlock/kernel.cpp:15624]   --->   Operation 67 'load' 'S_load' <Predicate = (or_ln12575)> <Delay = 1.20> <CoreInst = "RAM">   --->   Core 83 'RAM' <Latency = 1> <II = 1> <Delay = 1.20> <Storage> <Opcode : 'load' 'store'> <Ports = 2> <Width = 32> <Depth = 1024> <RAM>
ST_8 : Operation 68 [3/4] (7.03ns)   --->   "%v6919 = fexp i32 @llvm.exp.f32, i32 %v6918" [/tools/Xilinx/Vitis_HLS/2023.2/tps/lnx64/gcc-8.3.0/lib/gcc/x86_64-pc-linux-gnu/8.3.0/../../../../include/c++/8.3.0/cmath:223->/home/silvenchen/Desktop/DitBlock/WorkDCT/DitBlock/kernel.cpp:12580->/home/silvenchen/Desktop/DitBlock/WorkDCT/DitBlock/kernel.cpp:15624]   --->   Operation 68 'fexp' 'v6919' <Predicate = true> <Delay = 7.03> <CoreInst = "FExp_fulldsp">   --->   Core 23 'FExp_fulldsp' <Latency = 3> <II = 1> <Delay = 7.03> <FuncUnit> <Opcode : 'fexp'> <InPorts = 1> <OutPorts = 1>

State 9 <SV = 8> <Delay = 7.03>
ST_9 : Operation 69 [1/2] (1.20ns)   --->   "%S_load = load i10 %S_addr" [/home/silvenchen/Desktop/DitBlock/WorkDCT/DitBlock/kernel.cpp:12583->/home/silvenchen/Desktop/DitBlock/WorkDCT/DitBlock/kernel.cpp:15624]   --->   Operation 69 'load' 'S_load' <Predicate = (or_ln12575)> <Delay = 1.20> <CoreInst = "RAM">   --->   Core 83 'RAM' <Latency = 1> <II = 1> <Delay = 1.20> <Storage> <Opcode : 'load' 'store'> <Ports = 2> <Width = 32> <Depth = 1024> <RAM>
ST_9 : Operation 70 [2/4] (7.03ns)   --->   "%v6919 = fexp i32 @llvm.exp.f32, i32 %v6918" [/tools/Xilinx/Vitis_HLS/2023.2/tps/lnx64/gcc-8.3.0/lib/gcc/x86_64-pc-linux-gnu/8.3.0/../../../../include/c++/8.3.0/cmath:223->/home/silvenchen/Desktop/DitBlock/WorkDCT/DitBlock/kernel.cpp:12580->/home/silvenchen/Desktop/DitBlock/WorkDCT/DitBlock/kernel.cpp:15624]   --->   Operation 70 'fexp' 'v6919' <Predicate = true> <Delay = 7.03> <CoreInst = "FExp_fulldsp">   --->   Core 23 'FExp_fulldsp' <Latency = 3> <II = 1> <Delay = 7.03> <FuncUnit> <Opcode : 'fexp'> <InPorts = 1> <OutPorts = 1>

State 10 <SV = 9> <Delay = 7.03>
ST_10 : Operation 71 [1/4] (7.03ns)   --->   "%v6919 = fexp i32 @llvm.exp.f32, i32 %v6918" [/tools/Xilinx/Vitis_HLS/2023.2/tps/lnx64/gcc-8.3.0/lib/gcc/x86_64-pc-linux-gnu/8.3.0/../../../../include/c++/8.3.0/cmath:223->/home/silvenchen/Desktop/DitBlock/WorkDCT/DitBlock/kernel.cpp:12580->/home/silvenchen/Desktop/DitBlock/WorkDCT/DitBlock/kernel.cpp:15624]   --->   Operation 71 'fexp' 'v6919' <Predicate = true> <Delay = 7.03> <CoreInst = "FExp_fulldsp">   --->   Core 23 'FExp_fulldsp' <Latency = 3> <II = 1> <Delay = 7.03> <FuncUnit> <Opcode : 'fexp'> <InPorts = 1> <OutPorts = 1>

State 11 <SV = 10> <Delay = 6.53>
ST_11 : Operation 72 [1/1] (0.38ns)   --->   "%store_ln12583 = store i32 %S_load, i32 %v6921" [/home/silvenchen/Desktop/DitBlock/WorkDCT/DitBlock/kernel.cpp:12583->/home/silvenchen/Desktop/DitBlock/WorkDCT/DitBlock/kernel.cpp:15624]   --->   Operation 72 'store' 'store_ln12583' <Predicate = (or_ln12575)> <Delay = 0.38>
ST_11 : Operation 73 [1/1] (0.00ns)   --->   "%br_ln12576 = br void %for.inc59.i.split" [/home/silvenchen/Desktop/DitBlock/WorkDCT/DitBlock/kernel.cpp:12576->/home/silvenchen/Desktop/DitBlock/WorkDCT/DitBlock/kernel.cpp:15624]   --->   Operation 73 'br' 'br_ln12576' <Predicate = (or_ln12575)> <Delay = 0.00>
ST_11 : Operation 74 [1/1] (0.00ns)   --->   "%v6921_load = load i32 %v6921" [/home/silvenchen/Desktop/DitBlock/WorkDCT/DitBlock/kernel.cpp:12584->/home/silvenchen/Desktop/DitBlock/WorkDCT/DitBlock/kernel.cpp:15624]   --->   Operation 74 'load' 'v6921_load' <Predicate = true> <Delay = 0.00>
ST_11 : Operation 75 [1/1] (2.66ns)   --->   "%store_ln12581 = store i32 %v6919, i20 %Y1_addr" [/home/silvenchen/Desktop/DitBlock/WorkDCT/DitBlock/kernel.cpp:12581->/home/silvenchen/Desktop/DitBlock/WorkDCT/DitBlock/kernel.cpp:15624]   --->   Operation 75 'store' 'store_ln12581' <Predicate = true> <Delay = 2.66> <CoreInst = "RAM_2P_URAM">   --->   Core 95 'RAM_2P_URAM' <Latency = 1> <II = 1> <Delay = 2.66> <Storage> <Opcode : 'load' 'store'> <Ports = 2> <Width = 32> <Depth = 1048576> <RAM>
ST_11 : Operation 76 [3/3] (6.14ns)   --->   "%v6922 = fadd i32 %v6921_load, i32 %v6919" [/home/silvenchen/Desktop/DitBlock/WorkDCT/DitBlock/kernel.cpp:12584->/home/silvenchen/Desktop/DitBlock/WorkDCT/DitBlock/kernel.cpp:15624]   --->   Operation 76 'fadd' 'v6922' <Predicate = true> <Delay = 6.14> <CoreInst = "FAddSub_fulldsp">   --->   Core 18 'FAddSub_fulldsp' <Latency = 2> <II = 1> <Delay = 6.14> <FuncUnit> <Opcode : 'fadd' 'fsub'> <InPorts = 2> <OutPorts = 1>

State 12 <SV = 11> <Delay = 6.14>
ST_12 : Operation 77 [2/3] (6.14ns)   --->   "%v6922 = fadd i32 %v6921_load, i32 %v6919" [/home/silvenchen/Desktop/DitBlock/WorkDCT/DitBlock/kernel.cpp:12584->/home/silvenchen/Desktop/DitBlock/WorkDCT/DitBlock/kernel.cpp:15624]   --->   Operation 77 'fadd' 'v6922' <Predicate = true> <Delay = 6.14> <CoreInst = "FAddSub_fulldsp">   --->   Core 18 'FAddSub_fulldsp' <Latency = 2> <II = 1> <Delay = 6.14> <FuncUnit> <Opcode : 'fadd' 'fsub'> <InPorts = 2> <OutPorts = 1>
ST_12 : Operation 83 [1/1] (0.00ns)   --->   "%ret_ln0 = ret"   --->   Operation 83 'ret' 'ret_ln0' <Predicate = (icmp_ln12575)> <Delay = 0.00>

State 13 <SV = 12> <Delay = 6.53>
ST_13 : Operation 78 [1/1] (0.00ns)   --->   "%specpipeline_ln12576 = specpipeline void @_ssdm_op_SpecPipeline, i32 4294967295, i32 0, i32 0, i32 0, void @empty_191" [/home/silvenchen/Desktop/DitBlock/WorkDCT/DitBlock/kernel.cpp:12576->/home/silvenchen/Desktop/DitBlock/WorkDCT/DitBlock/kernel.cpp:15624]   --->   Operation 78 'specpipeline' 'specpipeline_ln12576' <Predicate = true> <Delay = 0.00>
ST_13 : Operation 79 [1/3] (6.14ns)   --->   "%v6922 = fadd i32 %v6921_load, i32 %v6919" [/home/silvenchen/Desktop/DitBlock/WorkDCT/DitBlock/kernel.cpp:12584->/home/silvenchen/Desktop/DitBlock/WorkDCT/DitBlock/kernel.cpp:15624]   --->   Operation 79 'fadd' 'v6922' <Predicate = true> <Delay = 6.14> <CoreInst = "FAddSub_fulldsp">   --->   Core 18 'FAddSub_fulldsp' <Latency = 2> <II = 1> <Delay = 6.14> <FuncUnit> <Opcode : 'fadd' 'fsub'> <InPorts = 2> <OutPorts = 1>
ST_13 : Operation 80 [1/1] (0.38ns)   --->   "%store_ln12583 = store i32 %v6922, i32 %v6921" [/home/silvenchen/Desktop/DitBlock/WorkDCT/DitBlock/kernel.cpp:12583->/home/silvenchen/Desktop/DitBlock/WorkDCT/DitBlock/kernel.cpp:15624]   --->   Operation 80 'store' 'store_ln12583' <Predicate = (!icmp_ln12575)> <Delay = 0.38>

State 14 <SV = 13> <Delay = 1.20>
ST_14 : Operation 81 [1/1] (1.20ns)   --->   "%store_ln12583 = store i32 %v6922, i10 %S_addr" [/home/silvenchen/Desktop/DitBlock/WorkDCT/DitBlock/kernel.cpp:12583->/home/silvenchen/Desktop/DitBlock/WorkDCT/DitBlock/kernel.cpp:15624]   --->   Operation 81 'store' 'store_ln12583' <Predicate = (icmp_ln12576_1)> <Delay = 1.20> <CoreInst = "RAM">   --->   Core 83 'RAM' <Latency = 1> <II = 1> <Delay = 1.20> <Storage> <Opcode : 'load' 'store'> <Ports = 2> <Width = 32> <Depth = 1024> <RAM>
ST_14 : Operation 82 [1/1] (0.00ns)   --->   "%br_ln12576 = br void %new.latch.for.inc59.i.split" [/home/silvenchen/Desktop/DitBlock/WorkDCT/DitBlock/kernel.cpp:12576->/home/silvenchen/Desktop/DitBlock/WorkDCT/DitBlock/kernel.cpp:15624]   --->   Operation 82 'br' 'br_ln12576' <Predicate = (icmp_ln12576_1)> <Delay = 0.00>


============================================================
+ Verbose Summary: Timing violations
============================================================
Target clock period: 10.000ns, clock uncertainty: 2.700ns.

 <State 1>: 0.387ns
The critical path consists of the following:
	'alloca' operation 21 bit ('indvar_flatten31') [6]  (0.000 ns)
	'store' operation 0 bit ('store_ln0') of constant 0 on local variable 'indvar_flatten31' [10]  (0.387 ns)

 <State 2>: 4.509ns
The critical path consists of the following:
	'load' operation 11 bit ('j11_load', /home/silvenchen/Desktop/DitBlock/WorkDCT/DitBlock/kernel.cpp:12576->/home/silvenchen/Desktop/DitBlock/WorkDCT/DitBlock/kernel.cpp:15624) on local variable 'j11', /home/silvenchen/Desktop/DitBlock/WorkDCT/DitBlock/kernel.cpp:12576->/home/silvenchen/Desktop/DitBlock/WorkDCT/DitBlock/kernel.cpp:15624 [21]  (0.000 ns)
	'icmp' operation 1 bit ('icmp_ln12576', /home/silvenchen/Desktop/DitBlock/WorkDCT/DitBlock/kernel.cpp:12576->/home/silvenchen/Desktop/DitBlock/WorkDCT/DitBlock/kernel.cpp:15624) [26]  (0.735 ns)
	'select' operation 11 bit ('select_ln12575_1', /home/silvenchen/Desktop/DitBlock/WorkDCT/DitBlock/kernel.cpp:12575->/home/silvenchen/Desktop/DitBlock/WorkDCT/DitBlock/kernel.cpp:15624) [29]  (0.301 ns)
	'add' operation 20 bit ('add_ln12577', /home/silvenchen/Desktop/DitBlock/WorkDCT/DitBlock/kernel.cpp:12577->/home/silvenchen/Desktop/DitBlock/WorkDCT/DitBlock/kernel.cpp:15624) [46]  (0.809 ns)
	'getelementptr' operation 20 bit ('Y1_addr', /home/silvenchen/Desktop/DitBlock/WorkDCT/DitBlock/kernel.cpp:12577->/home/silvenchen/Desktop/DitBlock/WorkDCT/DitBlock/kernel.cpp:15624) [48]  (0.000 ns)
	'load' operation 32 bit ('v6916', /home/silvenchen/Desktop/DitBlock/WorkDCT/DitBlock/kernel.cpp:12577->/home/silvenchen/Desktop/DitBlock/WorkDCT/DitBlock/kernel.cpp:15624) on array 'Y1' [50]  (2.664 ns)

 <State 3>: 2.664ns
The critical path consists of the following:
	'load' operation 32 bit ('v6916', /home/silvenchen/Desktop/DitBlock/WorkDCT/DitBlock/kernel.cpp:12577->/home/silvenchen/Desktop/DitBlock/WorkDCT/DitBlock/kernel.cpp:15624) on array 'Y1' [50]  (2.664 ns)

 <State 4>: 6.149ns
The critical path consists of the following:
	'load' operation 32 bit ('v69173_load', /home/silvenchen/Desktop/DitBlock/WorkDCT/DitBlock/kernel.cpp:12579->/home/silvenchen/Desktop/DitBlock/WorkDCT/DitBlock/kernel.cpp:15624) on local variable 'v69173' [44]  (0.000 ns)
	'fsub' operation 32 bit ('v6918', /home/silvenchen/Desktop/DitBlock/WorkDCT/DitBlock/kernel.cpp:12579->/home/silvenchen/Desktop/DitBlock/WorkDCT/DitBlock/kernel.cpp:15624) [51]  (6.149 ns)

 <State 5>: 6.149ns
The critical path consists of the following:
	'fsub' operation 32 bit ('v6918', /home/silvenchen/Desktop/DitBlock/WorkDCT/DitBlock/kernel.cpp:12579->/home/silvenchen/Desktop/DitBlock/WorkDCT/DitBlock/kernel.cpp:15624) [51]  (6.149 ns)

 <State 6>: 6.149ns
The critical path consists of the following:
	'fsub' operation 32 bit ('v6918', /home/silvenchen/Desktop/DitBlock/WorkDCT/DitBlock/kernel.cpp:12579->/home/silvenchen/Desktop/DitBlock/WorkDCT/DitBlock/kernel.cpp:15624) [51]  (6.149 ns)

 <State 7>: 7.038ns
The critical path consists of the following:
	'fexp' operation 32 bit ('v6919', /tools/Xilinx/Vitis_HLS/2023.2/tps/lnx64/gcc-8.3.0/lib/gcc/x86_64-pc-linux-gnu/8.3.0/../../../../include/c++/8.3.0/cmath:223->/home/silvenchen/Desktop/DitBlock/WorkDCT/DitBlock/kernel.cpp:12580->/home/silvenchen/Desktop/DitBlock/WorkDCT/DitBlock/kernel.cpp:15624) [52]  (7.038 ns)

 <State 8>: 7.038ns
The critical path consists of the following:
	'fexp' operation 32 bit ('v6919', /tools/Xilinx/Vitis_HLS/2023.2/tps/lnx64/gcc-8.3.0/lib/gcc/x86_64-pc-linux-gnu/8.3.0/../../../../include/c++/8.3.0/cmath:223->/home/silvenchen/Desktop/DitBlock/WorkDCT/DitBlock/kernel.cpp:12580->/home/silvenchen/Desktop/DitBlock/WorkDCT/DitBlock/kernel.cpp:15624) [52]  (7.038 ns)

 <State 9>: 7.038ns
The critical path consists of the following:
	'fexp' operation 32 bit ('v6919', /tools/Xilinx/Vitis_HLS/2023.2/tps/lnx64/gcc-8.3.0/lib/gcc/x86_64-pc-linux-gnu/8.3.0/../../../../include/c++/8.3.0/cmath:223->/home/silvenchen/Desktop/DitBlock/WorkDCT/DitBlock/kernel.cpp:12580->/home/silvenchen/Desktop/DitBlock/WorkDCT/DitBlock/kernel.cpp:15624) [52]  (7.038 ns)

 <State 10>: 7.038ns
The critical path consists of the following:
	'fexp' operation 32 bit ('v6919', /tools/Xilinx/Vitis_HLS/2023.2/tps/lnx64/gcc-8.3.0/lib/gcc/x86_64-pc-linux-gnu/8.3.0/../../../../include/c++/8.3.0/cmath:223->/home/silvenchen/Desktop/DitBlock/WorkDCT/DitBlock/kernel.cpp:12580->/home/silvenchen/Desktop/DitBlock/WorkDCT/DitBlock/kernel.cpp:15624) [52]  (7.038 ns)

 <State 11>: 6.536ns
The critical path consists of the following:
	'store' operation 0 bit ('store_ln12583', /home/silvenchen/Desktop/DitBlock/WorkDCT/DitBlock/kernel.cpp:12583->/home/silvenchen/Desktop/DitBlock/WorkDCT/DitBlock/kernel.cpp:15624) of variable 'S_load', /home/silvenchen/Desktop/DitBlock/WorkDCT/DitBlock/kernel.cpp:12583->/home/silvenchen/Desktop/DitBlock/WorkDCT/DitBlock/kernel.cpp:15624 on local variable 'v6921', /home/silvenchen/Desktop/DitBlock/WorkDCT/DitBlock/kernel.cpp:12583->/home/silvenchen/Desktop/DitBlock/WorkDCT/DitBlock/kernel.cpp:15624 [40]  (0.387 ns)
	'load' operation 32 bit ('v6921_load', /home/silvenchen/Desktop/DitBlock/WorkDCT/DitBlock/kernel.cpp:12584->/home/silvenchen/Desktop/DitBlock/WorkDCT/DitBlock/kernel.cpp:15624) on local variable 'v6921', /home/silvenchen/Desktop/DitBlock/WorkDCT/DitBlock/kernel.cpp:12583->/home/silvenchen/Desktop/DitBlock/WorkDCT/DitBlock/kernel.cpp:15624 [43]  (0.000 ns)
	'fadd' operation 32 bit ('v6922', /home/silvenchen/Desktop/DitBlock/WorkDCT/DitBlock/kernel.cpp:12584->/home/silvenchen/Desktop/DitBlock/WorkDCT/DitBlock/kernel.cpp:15624) [54]  (6.149 ns)

 <State 12>: 6.149ns
The critical path consists of the following:
	'fadd' operation 32 bit ('v6922', /home/silvenchen/Desktop/DitBlock/WorkDCT/DitBlock/kernel.cpp:12584->/home/silvenchen/Desktop/DitBlock/WorkDCT/DitBlock/kernel.cpp:15624) [54]  (6.149 ns)

 <State 13>: 6.536ns
The critical path consists of the following:
	'fadd' operation 32 bit ('v6922', /home/silvenchen/Desktop/DitBlock/WorkDCT/DitBlock/kernel.cpp:12584->/home/silvenchen/Desktop/DitBlock/WorkDCT/DitBlock/kernel.cpp:15624) [54]  (6.149 ns)
	'store' operation 0 bit ('store_ln12583', /home/silvenchen/Desktop/DitBlock/WorkDCT/DitBlock/kernel.cpp:12583->/home/silvenchen/Desktop/DitBlock/WorkDCT/DitBlock/kernel.cpp:15624) of variable 'v6922', /home/silvenchen/Desktop/DitBlock/WorkDCT/DitBlock/kernel.cpp:12584->/home/silvenchen/Desktop/DitBlock/WorkDCT/DitBlock/kernel.cpp:15624 on local variable 'v6921', /home/silvenchen/Desktop/DitBlock/WorkDCT/DitBlock/kernel.cpp:12583->/home/silvenchen/Desktop/DitBlock/WorkDCT/DitBlock/kernel.cpp:15624 [62]  (0.387 ns)

 <State 14>: 1.200ns
The critical path consists of the following:
	'store' operation 0 bit ('store_ln12583', /home/silvenchen/Desktop/DitBlock/WorkDCT/DitBlock/kernel.cpp:12583->/home/silvenchen/Desktop/DitBlock/WorkDCT/DitBlock/kernel.cpp:15624) of variable 'v6922', /home/silvenchen/Desktop/DitBlock/WorkDCT/DitBlock/kernel.cpp:12584->/home/silvenchen/Desktop/DitBlock/WorkDCT/DitBlock/kernel.cpp:15624 on array 'S' [59]  (1.200 ns)


============================================================
+ Verbose Summary: Binding
============================================================
N/A
* FSMD analyzer results:
  - Output states:
 - Input state : 
  - Chain level:
	State 1
	State 2
	State 3
	State 4
	State 5
	State 6
	State 7
	State 8
	State 9
	State 10
	State 11
	State 12
	State 13
	State 14


============================================================
+ Verbose Summary: Datapath Resource usage 
============================================================
N/A
