

================================================================
== Vitis HLS Report for 'scaled_dot_product_attention_Pipeline_l_update_i14_l_j12'
================================================================
* Date:           Mon Feb 17 20:38:35 2025

* Version:        2023.2 (Build 4023990 on Oct 11 2023)
* Project:        DitBlock
* Solution:       hls (Vivado IP Flow Target)
* Product family: virtexuplusHBM
* Target device:  xcu280-fsvh2892-2L-e


================================================================
== Performance Estimates
================================================================
+ Timing: 
    * Summary: 
    +--------+----------+----------+------------+
    |  Clock |  Target  | Estimated| Uncertainty|
    +--------+----------+----------+------------+
    |ap_clk  |  10.00 ns|  7.069 ns|     2.70 ns|
    +--------+----------+----------+------------+

+ Latency: 
    * Summary: 
    +---------+---------+-----------+-----------+---------+---------+---------+
    |  Latency (cycles) |   Latency (absolute)  |      Interval     | Pipeline|
    |   min   |   max   |    min    |    max    |   min   |   max   |   Type  |
    +---------+---------+-----------+-----------+---------+---------+---------+
    |  1048585|  1048585|  10.486 ms|  10.486 ms|  1048585|  1048585|       no|
    +---------+---------+-----------+-----------+---------+---------+---------+

    + Detail: 
        * Instance: 
        N/A

        * Loop: 
        +----------------------+---------+---------+----------+-----------+-----------+---------+----------+
        |                      |  Latency (cycles) | Iteration|  Initiation Interval  |   Trip  |          |
        |       Loop Name      |   min   |   max   |  Latency |  achieved |   target  |  Count  | Pipelined|
        +----------------------+---------+---------+----------+-----------+-----------+---------+----------+
        |- l_update_i14_l_j12  |  1048583|  1048583|         9|          1|          1|  1048576|       yes|
        +----------------------+---------+---------+----------+-----------+-----------+---------+----------+



================================================================
== Utilization Estimates
================================================================
* Summary: 
+---------------------+---------+------+---------+---------+-----+
|         Name        | BRAM_18K|  DSP |    FF   |   LUT   | URAM|
+---------------------+---------+------+---------+---------+-----+
|DSP                  |        -|     -|        -|        -|    -|
|Expression           |        -|     -|        0|      163|    -|
|FIFO                 |        -|     -|        -|        -|    -|
|Instance             |        -|     -|        -|        -|    -|
|Memory               |        -|     -|        -|        -|    -|
|Multiplexer          |        -|     -|        -|       54|    -|
|Register             |        -|     -|      241|       32|    -|
+---------------------+---------+------+---------+---------+-----+
|Total                |        0|     0|      241|      249|    0|
+---------------------+---------+------+---------+---------+-----+
|Available SLR        |     1344|  3008|   869120|   434560|  320|
+---------------------+---------+------+---------+---------+-----+
|Utilization SLR (%)  |        0|     0|       ~0|       ~0|    0|
+---------------------+---------+------+---------+---------+-----+
|Available            |     4032|  9024|  2607360|  1303680|  960|
+---------------------+---------+------+---------+---------+-----+
|Utilization (%)      |        0|     0|       ~0|       ~0|    0|
+---------------------+---------+------+---------+---------+-----+

+ Detail: 
    * Instance: 
    +------------------------------------+------------------------------+---------+----+---+----+-----+
    |              Instance              |            Module            | BRAM_18K| DSP| FF| LUT| URAM|
    +------------------------------------+------------------------------+---------+----+---+----+-----+
    |fdiv_32ns_32ns_32_6_no_dsp_1_U2393  |fdiv_32ns_32ns_32_6_no_dsp_1  |        0|   0|  0|   0|    0|
    +------------------------------------+------------------------------+---------+----+---+----+-----+
    |Total                               |                              |        0|   0|  0|   0|    0|
    +------------------------------------+------------------------------+---------+----+---+----+-----+

    * DSP: 
    N/A

    * Memory: 
    N/A

    * FIFO: 
    N/A

    * Expression: 
    +----------------------------+----------+----+---+----+------------+------------+
    |        Variable Name       | Operation| DSP| FF| LUT| Bitwidth P0| Bitwidth P1|
    +----------------------------+----------+----+---+----+------------+------------+
    |add_ln12588_1_fu_118_p2     |         +|   0|  0|  28|          21|           1|
    |add_ln12588_fu_130_p2       |         +|   0|  0|  18|          11|           1|
    |add_ln12589_fu_190_p2       |         +|   0|  0|  18|          11|           1|
    |add_ln12590_fu_179_p2       |         +|   0|  0|  27|          20|          20|
    |icmp_ln12588_fu_112_p2      |      icmp|   0|  0|  29|          21|          22|
    |icmp_ln12589_fu_136_p2      |      icmp|   0|  0|  19|          11|          12|
    |select_ln12588_1_fu_150_p3  |    select|   0|  0|  11|           1|          11|
    |select_ln12588_fu_142_p3    |    select|   0|  0|  11|           1|           1|
    |ap_enable_pp0               |       xor|   0|  0|   2|           1|           2|
    +----------------------------+----------+----+---+----+------------+------------+
    |Total                       |          |   0|  0| 163|          98|          71|
    +----------------------------+----------+----+---+----+------------+------------+

    * Multiplexer: 
    +-------------------------+----+-----------+-----+-----------+
    |           Name          | LUT| Input Size| Bits| Total Bits|
    +-------------------------+----+-----------+-----+-----------+
    |ap_done_int              |   9|          2|    1|          2|
    |ap_enable_reg_pp0_iter1  |   9|          2|    1|          2|
    |ap_enable_reg_pp0_iter2  |   9|          2|    1|          2|
    |i14_fu_52                |   9|          2|   11|         22|
    |indvar_flatten38_fu_56   |   9|          2|   21|         42|
    |j12_fu_48                |   9|          2|   11|         22|
    +-------------------------+----+-----------+-----+-----------+
    |Total                    |  54|         12|   46|         92|
    +-------------------------+----+-----------+-----+-----------+

    * Register: 
    +----------------------------------+----+----+-----+-----------+
    |               Name               | FF | LUT| Bits| Const Bits|
    +----------------------------------+----+----+-----+-----------+
    |Y1_addr_reg_241                   |  20|   0|   20|          0|
    |ap_CS_fsm                         |   1|   0|    1|          0|
    |ap_done_reg                       |   1|   0|    1|          0|
    |ap_enable_reg_pp0_iter1           |   1|   0|    1|          0|
    |ap_enable_reg_pp0_iter2           |   1|   0|    1|          0|
    |ap_enable_reg_pp0_iter3           |   1|   0|    1|          0|
    |ap_enable_reg_pp0_iter4           |   1|   0|    1|          0|
    |ap_enable_reg_pp0_iter5           |   1|   0|    1|          0|
    |ap_enable_reg_pp0_iter6           |   1|   0|    1|          0|
    |ap_enable_reg_pp0_iter7           |   1|   0|    1|          0|
    |ap_enable_reg_pp0_iter8           |   1|   0|    1|          0|
    |ap_enable_reg_pp0_iter9           |   1|   0|    1|          0|
    |ap_loop_exit_ready_pp0_iter2_reg  |   1|   0|    1|          0|
    |ap_loop_exit_ready_pp0_iter3_reg  |   1|   0|    1|          0|
    |ap_loop_exit_ready_pp0_iter4_reg  |   1|   0|    1|          0|
    |ap_loop_exit_ready_pp0_iter5_reg  |   1|   0|    1|          0|
    |ap_loop_exit_ready_pp0_iter6_reg  |   1|   0|    1|          0|
    |ap_loop_exit_ready_pp0_iter7_reg  |   1|   0|    1|          0|
    |ap_loop_exit_ready_pp0_iter8_reg  |   1|   0|    1|          0|
    |i14_fu_52                         |  11|   0|   11|          0|
    |indvar_flatten38_fu_56            |  21|   0|   21|          0|
    |j12_fu_48                         |  11|   0|   11|          0|
    |v6925_reg_252                     |  32|   0|   32|          0|
    |v6926_reg_247                     |  32|   0|   32|          0|
    |v6927_reg_257                     |  32|   0|   32|          0|
    |Y1_addr_reg_241                   |  64|  32|   20|          0|
    +----------------------------------+----+----+-----+-----------+
    |Total                             | 241|  32|  197|          0|
    +----------------------------------+----+----+-----+-----------+



================================================================
== Interface
================================================================
* Summary: 
+-------------+-----+-----+------------+----------------------------------------------------------+--------------+
|  RTL Ports  | Dir | Bits|  Protocol  |                       Source Object                      |    C Type    |
+-------------+-----+-----+------------+----------------------------------------------------------+--------------+
|ap_clk       |   in|    1|  ap_ctrl_hs|  scaled_dot_product_attention_Pipeline_l_update_i14_l_j12|  return value|
|ap_rst       |   in|    1|  ap_ctrl_hs|  scaled_dot_product_attention_Pipeline_l_update_i14_l_j12|  return value|
|ap_start     |   in|    1|  ap_ctrl_hs|  scaled_dot_product_attention_Pipeline_l_update_i14_l_j12|  return value|
|ap_done      |  out|    1|  ap_ctrl_hs|  scaled_dot_product_attention_Pipeline_l_update_i14_l_j12|  return value|
|ap_idle      |  out|    1|  ap_ctrl_hs|  scaled_dot_product_attention_Pipeline_l_update_i14_l_j12|  return value|
|ap_ready     |  out|    1|  ap_ctrl_hs|  scaled_dot_product_attention_Pipeline_l_update_i14_l_j12|  return value|
|S_address0   |  out|   10|   ap_memory|                                                         S|         array|
|S_ce0        |  out|    1|   ap_memory|                                                         S|         array|
|S_q0         |   in|   32|   ap_memory|                                                         S|         array|
|Y1_address0  |  out|   20|   ap_memory|                                                        Y1|         array|
|Y1_ce0       |  out|    1|   ap_memory|                                                        Y1|         array|
|Y1_q0        |   in|   32|   ap_memory|                                                        Y1|         array|
|Y1_address1  |  out|   20|   ap_memory|                                                        Y1|         array|
|Y1_ce1       |  out|    1|   ap_memory|                                                        Y1|         array|
|Y1_we1       |  out|    1|   ap_memory|                                                        Y1|         array|
|Y1_d1        |  out|   32|   ap_memory|                                                        Y1|         array|
+-------------+-----+-----+------------+----------------------------------------------------------+--------------+

============================================================
+ Verbose Summary: Synthesis Manager
============================================================
InlineROM: 1
ExposeGlobal: 0
============================================================
+ Verbose Summary: CDFG Model
============================================================
IsTopModel: 0
ResetActiveHigh: 1
IsCombinational: 2
IsDatapathOnly: 2
HasWiredReturn: 1
HasMFsm: 2
HasVarLatency: 1
IsPipeline: 0
IsRtlPipelined: 0
IsInstanceOverlapped: 0
IsDontTouch: 0
HasImplIP: 0
IsGatedGlobalClock: 0

+ Individual pipeline summary: 
  * Pipeline-0: initiation interval (II) = 1, depth = 10


============================================================
+ Verbose Summary: Schedule
============================================================
* Number of FSM states : 10
* Pipeline : 1
  Pipeline-0 : II = 1, D = 10, States = { 1 2 3 4 5 6 7 8 9 10 }
* Dataflow Pipeline: 0

* FSM state transitions: 
1 --> 2 
2 --> 3 
3 --> 4 
4 --> 5 
5 --> 6 
6 --> 7 
7 --> 8 
8 --> 9 
9 --> 10 
10 --> 

* FSM state operations: 

State 1 <SV = 0> <Delay = 0.38>
ST_1 : Operation 12 [1/1] (0.00ns)   --->   "%j12 = alloca i32 1" [/home/silvenchen/Desktop/DitBlock/WorkDCT/DitBlock/kernel.cpp:12589->/home/silvenchen/Desktop/DitBlock/WorkDCT/DitBlock/kernel.cpp:15624]   --->   Operation 12 'alloca' 'j12' <Predicate = true> <Delay = 0.00>
ST_1 : Operation 13 [1/1] (0.00ns)   --->   "%i14 = alloca i32 1" [/home/silvenchen/Desktop/DitBlock/WorkDCT/DitBlock/kernel.cpp:12588->/home/silvenchen/Desktop/DitBlock/WorkDCT/DitBlock/kernel.cpp:15624]   --->   Operation 13 'alloca' 'i14' <Predicate = true> <Delay = 0.00>
ST_1 : Operation 14 [1/1] (0.00ns)   --->   "%indvar_flatten38 = alloca i32 1"   --->   Operation 14 'alloca' 'indvar_flatten38' <Predicate = true> <Delay = 0.00>
ST_1 : Operation 15 [1/1] (0.00ns)   --->   "%specmemcore_ln0 = specmemcore void @_ssdm_op_SpecMemCore, i32 %Y1, i64 666, i64 24, i64 18446744073709551615"   --->   Operation 15 'specmemcore' 'specmemcore_ln0' <Predicate = true> <Delay = 0.00>
ST_1 : Operation 16 [1/1] (0.38ns)   --->   "%store_ln0 = store i21 0, i21 %indvar_flatten38"   --->   Operation 16 'store' 'store_ln0' <Predicate = true> <Delay = 0.38>
ST_1 : Operation 17 [1/1] (0.38ns)   --->   "%store_ln12588 = store i11 0, i11 %i14" [/home/silvenchen/Desktop/DitBlock/WorkDCT/DitBlock/kernel.cpp:12588->/home/silvenchen/Desktop/DitBlock/WorkDCT/DitBlock/kernel.cpp:15624]   --->   Operation 17 'store' 'store_ln12588' <Predicate = true> <Delay = 0.38>
ST_1 : Operation 18 [1/1] (0.38ns)   --->   "%store_ln12589 = store i11 0, i11 %j12" [/home/silvenchen/Desktop/DitBlock/WorkDCT/DitBlock/kernel.cpp:12589->/home/silvenchen/Desktop/DitBlock/WorkDCT/DitBlock/kernel.cpp:15624]   --->   Operation 18 'store' 'store_ln12589' <Predicate = true> <Delay = 0.38>
ST_1 : Operation 19 [1/1] (0.00ns)   --->   "%br_ln0 = br void %for.inc83.i"   --->   Operation 19 'br' 'br_ln0' <Predicate = true> <Delay = 0.00>

State 2 <SV = 1> <Delay = 4.50>
ST_2 : Operation 20 [1/1] (0.00ns)   --->   "%indvar_flatten38_load = load i21 %indvar_flatten38" [/home/silvenchen/Desktop/DitBlock/WorkDCT/DitBlock/kernel.cpp:12588->/home/silvenchen/Desktop/DitBlock/WorkDCT/DitBlock/kernel.cpp:15624]   --->   Operation 20 'load' 'indvar_flatten38_load' <Predicate = true> <Delay = 0.00>
ST_2 : Operation 21 [1/1] (0.81ns)   --->   "%icmp_ln12588 = icmp_eq  i21 %indvar_flatten38_load, i21 1048576" [/home/silvenchen/Desktop/DitBlock/WorkDCT/DitBlock/kernel.cpp:12588->/home/silvenchen/Desktop/DitBlock/WorkDCT/DitBlock/kernel.cpp:15624]   --->   Operation 21 'icmp' 'icmp_ln12588' <Predicate = true> <Delay = 0.81> <CoreInst = "Cmp">   --->   Core 9 'Cmp' <Latency = 0> <II = 1> <Delay = 0.82> <FuncUnit> <Opcode : 'icmp'> <InPorts = 2> <OutPorts = 1>
ST_2 : Operation 22 [1/1] (0.81ns)   --->   "%add_ln12588_1 = add i21 %indvar_flatten38_load, i21 1" [/home/silvenchen/Desktop/DitBlock/WorkDCT/DitBlock/kernel.cpp:12588->/home/silvenchen/Desktop/DitBlock/WorkDCT/DitBlock/kernel.cpp:15624]   --->   Operation 22 'add' 'add_ln12588_1' <Predicate = true> <Delay = 0.81> <CoreInst = "Adder">   --->   Core 1 'Adder' <Latency = 0> <II = 1> <Delay = 0.81> <FuncUnit> <Opcode : 'add' 'sub'> <InPorts = 2> <OutPorts = 1>
ST_2 : Operation 23 [1/1] (0.00ns)   --->   "%br_ln12588 = br i1 %icmp_ln12588, void %for.inc86.i, void %sft_head.exit.exitStub" [/home/silvenchen/Desktop/DitBlock/WorkDCT/DitBlock/kernel.cpp:12588->/home/silvenchen/Desktop/DitBlock/WorkDCT/DitBlock/kernel.cpp:15624]   --->   Operation 23 'br' 'br_ln12588' <Predicate = true> <Delay = 0.00>
ST_2 : Operation 24 [1/1] (0.00ns)   --->   "%j12_load = load i11 %j12" [/home/silvenchen/Desktop/DitBlock/WorkDCT/DitBlock/kernel.cpp:12589->/home/silvenchen/Desktop/DitBlock/WorkDCT/DitBlock/kernel.cpp:15624]   --->   Operation 24 'load' 'j12_load' <Predicate = (!icmp_ln12588)> <Delay = 0.00>
ST_2 : Operation 25 [1/1] (0.00ns)   --->   "%i14_load = load i11 %i14" [/home/silvenchen/Desktop/DitBlock/WorkDCT/DitBlock/kernel.cpp:12588->/home/silvenchen/Desktop/DitBlock/WorkDCT/DitBlock/kernel.cpp:15624]   --->   Operation 25 'load' 'i14_load' <Predicate = (!icmp_ln12588)> <Delay = 0.00>
ST_2 : Operation 26 [1/1] (0.73ns)   --->   "%add_ln12588 = add i11 %i14_load, i11 1" [/home/silvenchen/Desktop/DitBlock/WorkDCT/DitBlock/kernel.cpp:12588->/home/silvenchen/Desktop/DitBlock/WorkDCT/DitBlock/kernel.cpp:15624]   --->   Operation 26 'add' 'add_ln12588' <Predicate = (!icmp_ln12588)> <Delay = 0.73> <CoreInst = "Adder">   --->   Core 1 'Adder' <Latency = 0> <II = 1> <Delay = 0.73> <FuncUnit> <Opcode : 'add' 'sub'> <InPorts = 2> <OutPorts = 1>
ST_2 : Operation 27 [1/1] (0.73ns)   --->   "%icmp_ln12589 = icmp_eq  i11 %j12_load, i11 1024" [/home/silvenchen/Desktop/DitBlock/WorkDCT/DitBlock/kernel.cpp:12589->/home/silvenchen/Desktop/DitBlock/WorkDCT/DitBlock/kernel.cpp:15624]   --->   Operation 27 'icmp' 'icmp_ln12589' <Predicate = (!icmp_ln12588)> <Delay = 0.73> <CoreInst = "Cmp">   --->   Core 9 'Cmp' <Latency = 0> <II = 1> <Delay = 0.74> <FuncUnit> <Opcode : 'icmp'> <InPorts = 2> <OutPorts = 1>
ST_2 : Operation 28 [1/1] (0.30ns)   --->   "%select_ln12588 = select i1 %icmp_ln12589, i11 0, i11 %j12_load" [/home/silvenchen/Desktop/DitBlock/WorkDCT/DitBlock/kernel.cpp:12588->/home/silvenchen/Desktop/DitBlock/WorkDCT/DitBlock/kernel.cpp:15624]   --->   Operation 28 'select' 'select_ln12588' <Predicate = (!icmp_ln12588)> <Delay = 0.30> <CoreInst = "Sel">   --->   Core 73 'Sel' <Latency = 0> <II = 1> <Delay = 0.30> <FuncUnit> <Opcode : 'select'> <InPorts = 3> <OutPorts = 1>
ST_2 : Operation 29 [1/1] (0.30ns)   --->   "%select_ln12588_1 = select i1 %icmp_ln12589, i11 %add_ln12588, i11 %i14_load" [/home/silvenchen/Desktop/DitBlock/WorkDCT/DitBlock/kernel.cpp:12588->/home/silvenchen/Desktop/DitBlock/WorkDCT/DitBlock/kernel.cpp:15624]   --->   Operation 29 'select' 'select_ln12588_1' <Predicate = (!icmp_ln12588)> <Delay = 0.30> <CoreInst = "Sel">   --->   Core 73 'Sel' <Latency = 0> <II = 1> <Delay = 0.30> <FuncUnit> <Opcode : 'select'> <InPorts = 3> <OutPorts = 1>
ST_2 : Operation 30 [1/1] (0.00ns)   --->   "%trunc_ln12588 = trunc i11 %select_ln12588_1" [/home/silvenchen/Desktop/DitBlock/WorkDCT/DitBlock/kernel.cpp:12588->/home/silvenchen/Desktop/DitBlock/WorkDCT/DitBlock/kernel.cpp:15624]   --->   Operation 30 'trunc' 'trunc_ln12588' <Predicate = (!icmp_ln12588)> <Delay = 0.00>
ST_2 : Operation 31 [1/1] (0.00ns)   --->   "%zext_ln12588 = zext i11 %select_ln12588_1" [/home/silvenchen/Desktop/DitBlock/WorkDCT/DitBlock/kernel.cpp:12588->/home/silvenchen/Desktop/DitBlock/WorkDCT/DitBlock/kernel.cpp:15624]   --->   Operation 31 'zext' 'zext_ln12588' <Predicate = (!icmp_ln12588)> <Delay = 0.00>
ST_2 : Operation 32 [1/1] (0.00ns)   --->   "%tmp_s = bitconcatenate i20 @_ssdm_op_BitConcatenate.i20.i10.i10, i10 %trunc_ln12588, i10 0" [/home/silvenchen/Desktop/DitBlock/WorkDCT/DitBlock/kernel.cpp:12590->/home/silvenchen/Desktop/DitBlock/WorkDCT/DitBlock/kernel.cpp:15624]   --->   Operation 32 'bitconcatenate' 'tmp_s' <Predicate = (!icmp_ln12588)> <Delay = 0.00>
ST_2 : Operation 33 [1/1] (0.00ns)   --->   "%S_addr = getelementptr i32 %S, i64 0, i64 %zext_ln12588" [/home/silvenchen/Desktop/DitBlock/WorkDCT/DitBlock/kernel.cpp:12588->/home/silvenchen/Desktop/DitBlock/WorkDCT/DitBlock/kernel.cpp:15624]   --->   Operation 33 'getelementptr' 'S_addr' <Predicate = (!icmp_ln12588)> <Delay = 0.00>
ST_2 : Operation 34 [2/2] (1.20ns)   --->   "%v6926 = load i10 %S_addr" [/home/silvenchen/Desktop/DitBlock/WorkDCT/DitBlock/kernel.cpp:12588->/home/silvenchen/Desktop/DitBlock/WorkDCT/DitBlock/kernel.cpp:15624]   --->   Operation 34 'load' 'v6926' <Predicate = (!icmp_ln12588)> <Delay = 1.20> <CoreInst = "RAM">   --->   Core 83 'RAM' <Latency = 1> <II = 1> <Delay = 1.20> <Storage> <Opcode : 'load' 'store'> <Ports = 2> <Width = 32> <Depth = 1024> <RAM>
ST_2 : Operation 35 [1/1] (0.00ns)   --->   "%zext_ln12590 = zext i11 %select_ln12588" [/home/silvenchen/Desktop/DitBlock/WorkDCT/DitBlock/kernel.cpp:12590->/home/silvenchen/Desktop/DitBlock/WorkDCT/DitBlock/kernel.cpp:15624]   --->   Operation 35 'zext' 'zext_ln12590' <Predicate = (!icmp_ln12588)> <Delay = 0.00>
ST_2 : Operation 36 [1/1] (0.80ns)   --->   "%add_ln12590 = add i20 %tmp_s, i20 %zext_ln12590" [/home/silvenchen/Desktop/DitBlock/WorkDCT/DitBlock/kernel.cpp:12590->/home/silvenchen/Desktop/DitBlock/WorkDCT/DitBlock/kernel.cpp:15624]   --->   Operation 36 'add' 'add_ln12590' <Predicate = (!icmp_ln12588)> <Delay = 0.80> <CoreInst = "Adder">   --->   Core 1 'Adder' <Latency = 0> <II = 1> <Delay = 0.80> <FuncUnit> <Opcode : 'add' 'sub'> <InPorts = 2> <OutPorts = 1>
ST_2 : Operation 37 [1/1] (0.00ns)   --->   "%zext_ln12590_1 = zext i20 %add_ln12590" [/home/silvenchen/Desktop/DitBlock/WorkDCT/DitBlock/kernel.cpp:12590->/home/silvenchen/Desktop/DitBlock/WorkDCT/DitBlock/kernel.cpp:15624]   --->   Operation 37 'zext' 'zext_ln12590_1' <Predicate = (!icmp_ln12588)> <Delay = 0.00>
ST_2 : Operation 38 [1/1] (0.00ns)   --->   "%Y1_addr = getelementptr i32 %Y1, i64 0, i64 %zext_ln12590_1" [/home/silvenchen/Desktop/DitBlock/WorkDCT/DitBlock/kernel.cpp:12590->/home/silvenchen/Desktop/DitBlock/WorkDCT/DitBlock/kernel.cpp:15624]   --->   Operation 38 'getelementptr' 'Y1_addr' <Predicate = (!icmp_ln12588)> <Delay = 0.00>
ST_2 : Operation 39 [2/2] (2.66ns)   --->   "%v6925 = load i20 %Y1_addr" [/home/silvenchen/Desktop/DitBlock/WorkDCT/DitBlock/kernel.cpp:12590->/home/silvenchen/Desktop/DitBlock/WorkDCT/DitBlock/kernel.cpp:15624]   --->   Operation 39 'load' 'v6925' <Predicate = (!icmp_ln12588)> <Delay = 2.66> <CoreInst = "RAM_2P_URAM">   --->   Core 95 'RAM_2P_URAM' <Latency = 1> <II = 1> <Delay = 2.66> <Storage> <Opcode : 'load' 'store'> <Ports = 2> <Width = 32> <Depth = 1048576> <RAM>
ST_2 : Operation 40 [1/1] (0.73ns)   --->   "%add_ln12589 = add i11 %select_ln12588, i11 1" [/home/silvenchen/Desktop/DitBlock/WorkDCT/DitBlock/kernel.cpp:12589->/home/silvenchen/Desktop/DitBlock/WorkDCT/DitBlock/kernel.cpp:15624]   --->   Operation 40 'add' 'add_ln12589' <Predicate = (!icmp_ln12588)> <Delay = 0.73> <CoreInst = "Adder">   --->   Core 1 'Adder' <Latency = 0> <II = 1> <Delay = 0.73> <FuncUnit> <Opcode : 'add' 'sub'> <InPorts = 2> <OutPorts = 1>
ST_2 : Operation 41 [1/1] (0.38ns)   --->   "%store_ln12588 = store i21 %add_ln12588_1, i21 %indvar_flatten38" [/home/silvenchen/Desktop/DitBlock/WorkDCT/DitBlock/kernel.cpp:12588->/home/silvenchen/Desktop/DitBlock/WorkDCT/DitBlock/kernel.cpp:15624]   --->   Operation 41 'store' 'store_ln12588' <Predicate = (!icmp_ln12588)> <Delay = 0.38>
ST_2 : Operation 42 [1/1] (0.38ns)   --->   "%store_ln12588 = store i11 %select_ln12588_1, i11 %i14" [/home/silvenchen/Desktop/DitBlock/WorkDCT/DitBlock/kernel.cpp:12588->/home/silvenchen/Desktop/DitBlock/WorkDCT/DitBlock/kernel.cpp:15624]   --->   Operation 42 'store' 'store_ln12588' <Predicate = (!icmp_ln12588)> <Delay = 0.38>
ST_2 : Operation 43 [1/1] (0.38ns)   --->   "%store_ln12589 = store i11 %add_ln12589, i11 %j12" [/home/silvenchen/Desktop/DitBlock/WorkDCT/DitBlock/kernel.cpp:12589->/home/silvenchen/Desktop/DitBlock/WorkDCT/DitBlock/kernel.cpp:15624]   --->   Operation 43 'store' 'store_ln12589' <Predicate = (!icmp_ln12588)> <Delay = 0.38>

State 3 <SV = 2> <Delay = 2.66>
ST_3 : Operation 44 [1/2] (1.20ns)   --->   "%v6926 = load i10 %S_addr" [/home/silvenchen/Desktop/DitBlock/WorkDCT/DitBlock/kernel.cpp:12588->/home/silvenchen/Desktop/DitBlock/WorkDCT/DitBlock/kernel.cpp:15624]   --->   Operation 44 'load' 'v6926' <Predicate = true> <Delay = 1.20> <CoreInst = "RAM">   --->   Core 83 'RAM' <Latency = 1> <II = 1> <Delay = 1.20> <Storage> <Opcode : 'load' 'store'> <Ports = 2> <Width = 32> <Depth = 1024> <RAM>
ST_3 : Operation 45 [1/2] (2.66ns)   --->   "%v6925 = load i20 %Y1_addr" [/home/silvenchen/Desktop/DitBlock/WorkDCT/DitBlock/kernel.cpp:12590->/home/silvenchen/Desktop/DitBlock/WorkDCT/DitBlock/kernel.cpp:15624]   --->   Operation 45 'load' 'v6925' <Predicate = true> <Delay = 2.66> <CoreInst = "RAM_2P_URAM">   --->   Core 95 'RAM_2P_URAM' <Latency = 1> <II = 1> <Delay = 2.66> <Storage> <Opcode : 'load' 'store'> <Ports = 2> <Width = 32> <Depth = 1048576> <RAM>

State 4 <SV = 3> <Delay = 7.06>
ST_4 : Operation 46 [6/6] (7.06ns)   --->   "%v6927 = fdiv i32 %v6925, i32 %v6926" [/home/silvenchen/Desktop/DitBlock/WorkDCT/DitBlock/kernel.cpp:12592->/home/silvenchen/Desktop/DitBlock/WorkDCT/DitBlock/kernel.cpp:15624]   --->   Operation 46 'fdiv' 'v6927' <Predicate = true> <Delay = 7.06> <CoreInst = "FDiv">   --->   Core 20 'FDiv' <Latency = 5> <II = 1> <Delay = 7.06> <FuncUnit> <Opcode : 'fdiv' 'frem'> <InPorts = 2> <OutPorts = 1>

State 5 <SV = 4> <Delay = 7.06>
ST_5 : Operation 47 [5/6] (7.06ns)   --->   "%v6927 = fdiv i32 %v6925, i32 %v6926" [/home/silvenchen/Desktop/DitBlock/WorkDCT/DitBlock/kernel.cpp:12592->/home/silvenchen/Desktop/DitBlock/WorkDCT/DitBlock/kernel.cpp:15624]   --->   Operation 47 'fdiv' 'v6927' <Predicate = true> <Delay = 7.06> <CoreInst = "FDiv">   --->   Core 20 'FDiv' <Latency = 5> <II = 1> <Delay = 7.06> <FuncUnit> <Opcode : 'fdiv' 'frem'> <InPorts = 2> <OutPorts = 1>

State 6 <SV = 5> <Delay = 7.06>
ST_6 : Operation 48 [4/6] (7.06ns)   --->   "%v6927 = fdiv i32 %v6925, i32 %v6926" [/home/silvenchen/Desktop/DitBlock/WorkDCT/DitBlock/kernel.cpp:12592->/home/silvenchen/Desktop/DitBlock/WorkDCT/DitBlock/kernel.cpp:15624]   --->   Operation 48 'fdiv' 'v6927' <Predicate = true> <Delay = 7.06> <CoreInst = "FDiv">   --->   Core 20 'FDiv' <Latency = 5> <II = 1> <Delay = 7.06> <FuncUnit> <Opcode : 'fdiv' 'frem'> <InPorts = 2> <OutPorts = 1>

State 7 <SV = 6> <Delay = 7.06>
ST_7 : Operation 49 [3/6] (7.06ns)   --->   "%v6927 = fdiv i32 %v6925, i32 %v6926" [/home/silvenchen/Desktop/DitBlock/WorkDCT/DitBlock/kernel.cpp:12592->/home/silvenchen/Desktop/DitBlock/WorkDCT/DitBlock/kernel.cpp:15624]   --->   Operation 49 'fdiv' 'v6927' <Predicate = true> <Delay = 7.06> <CoreInst = "FDiv">   --->   Core 20 'FDiv' <Latency = 5> <II = 1> <Delay = 7.06> <FuncUnit> <Opcode : 'fdiv' 'frem'> <InPorts = 2> <OutPorts = 1>

State 8 <SV = 7> <Delay = 7.06>
ST_8 : Operation 50 [2/6] (7.06ns)   --->   "%v6927 = fdiv i32 %v6925, i32 %v6926" [/home/silvenchen/Desktop/DitBlock/WorkDCT/DitBlock/kernel.cpp:12592->/home/silvenchen/Desktop/DitBlock/WorkDCT/DitBlock/kernel.cpp:15624]   --->   Operation 50 'fdiv' 'v6927' <Predicate = true> <Delay = 7.06> <CoreInst = "FDiv">   --->   Core 20 'FDiv' <Latency = 5> <II = 1> <Delay = 7.06> <FuncUnit> <Opcode : 'fdiv' 'frem'> <InPorts = 2> <OutPorts = 1>

State 9 <SV = 8> <Delay = 7.06>
ST_9 : Operation 51 [1/6] (7.06ns)   --->   "%v6927 = fdiv i32 %v6925, i32 %v6926" [/home/silvenchen/Desktop/DitBlock/WorkDCT/DitBlock/kernel.cpp:12592->/home/silvenchen/Desktop/DitBlock/WorkDCT/DitBlock/kernel.cpp:15624]   --->   Operation 51 'fdiv' 'v6927' <Predicate = true> <Delay = 7.06> <CoreInst = "FDiv">   --->   Core 20 'FDiv' <Latency = 5> <II = 1> <Delay = 7.06> <FuncUnit> <Opcode : 'fdiv' 'frem'> <InPorts = 2> <OutPorts = 1>
ST_9 : Operation 57 [1/1] (0.00ns)   --->   "%ret_ln0 = ret"   --->   Operation 57 'ret' 'ret_ln0' <Predicate = (icmp_ln12588)> <Delay = 0.00>

State 10 <SV = 9> <Delay = 2.66>
ST_10 : Operation 52 [1/1] (0.00ns)   --->   "%specloopname_ln0 = specloopname void @_ssdm_op_SpecLoopName, void @l_update_i14_l_j12_str"   --->   Operation 52 'specloopname' 'specloopname_ln0' <Predicate = true> <Delay = 0.00>
ST_10 : Operation 53 [1/1] (0.00ns)   --->   "%speclooptripcount_ln0 = speclooptripcount void @_ssdm_op_SpecLoopTripCount, i64 1048576, i64 1048576, i64 1048576"   --->   Operation 53 'speclooptripcount' 'speclooptripcount_ln0' <Predicate = true> <Delay = 0.00>
ST_10 : Operation 54 [1/1] (0.00ns)   --->   "%specpipeline_ln12589 = specpipeline void @_ssdm_op_SpecPipeline, i32 4294967295, i32 0, i32 0, i32 0, void @empty_191" [/home/silvenchen/Desktop/DitBlock/WorkDCT/DitBlock/kernel.cpp:12589->/home/silvenchen/Desktop/DitBlock/WorkDCT/DitBlock/kernel.cpp:15624]   --->   Operation 54 'specpipeline' 'specpipeline_ln12589' <Predicate = true> <Delay = 0.00>
ST_10 : Operation 55 [1/1] (2.66ns)   --->   "%store_ln12593 = store i32 %v6927, i20 %Y1_addr" [/home/silvenchen/Desktop/DitBlock/WorkDCT/DitBlock/kernel.cpp:12593->/home/silvenchen/Desktop/DitBlock/WorkDCT/DitBlock/kernel.cpp:15624]   --->   Operation 55 'store' 'store_ln12593' <Predicate = true> <Delay = 2.66> <CoreInst = "RAM_2P_URAM">   --->   Core 95 'RAM_2P_URAM' <Latency = 1> <II = 1> <Delay = 2.66> <Storage> <Opcode : 'load' 'store'> <Ports = 2> <Width = 32> <Depth = 1048576> <RAM>
ST_10 : Operation 56 [1/1] (0.00ns)   --->   "%br_ln12589 = br void %for.inc83.i" [/home/silvenchen/Desktop/DitBlock/WorkDCT/DitBlock/kernel.cpp:12589->/home/silvenchen/Desktop/DitBlock/WorkDCT/DitBlock/kernel.cpp:15624]   --->   Operation 56 'br' 'br_ln12589' <Predicate = true> <Delay = 0.00>


============================================================
+ Verbose Summary: Binding
============================================================
STG Binding: 
---------------- STG Properties BEGIN ----------------
- Is combinational: 0
- Is one-state seq: 0
- Is datapath-only: 0
- Is pipelined: 0
- Is top level: 0
Port [ Return ] is wired: 1; IO mode=ap_ctrl_hs:ce=0
Port [ S]:  wired=1; compound=1; hidden=0; nouse=0; global=0; static=0; extern=0; dir=0; type=1; pingpong=0; private_global=0; MemPort=[13]; IO mode=ap_memory:ce=0
Port [ Y1]:  wired=1; compound=1; hidden=0; nouse=0; global=0; static=0; extern=0; dir=2; type=1; pingpong=0; private_global=0; MemPort=[10]; IO mode=ap_memory:ce=0
---------------- STG Properties END ------------------

---------------- Datapath Model BEGIN ----------------

<LifeTime>
<method=bitvector/>
j12                   (alloca           ) [ 01100000000]
i14                   (alloca           ) [ 01100000000]
indvar_flatten38      (alloca           ) [ 01100000000]
specmemcore_ln0       (specmemcore      ) [ 00000000000]
store_ln0             (store            ) [ 00000000000]
store_ln12588         (store            ) [ 00000000000]
store_ln12589         (store            ) [ 00000000000]
br_ln0                (br               ) [ 00000000000]
indvar_flatten38_load (load             ) [ 00000000000]
icmp_ln12588          (icmp             ) [ 01111111110]
add_ln12588_1         (add              ) [ 00000000000]
br_ln12588            (br               ) [ 00000000000]
j12_load              (load             ) [ 00000000000]
i14_load              (load             ) [ 00000000000]
add_ln12588           (add              ) [ 00000000000]
icmp_ln12589          (icmp             ) [ 00000000000]
select_ln12588        (select           ) [ 00000000000]
select_ln12588_1      (select           ) [ 00000000000]
trunc_ln12588         (trunc            ) [ 00000000000]
zext_ln12588          (zext             ) [ 00000000000]
tmp_s                 (bitconcatenate   ) [ 00000000000]
S_addr                (getelementptr    ) [ 01010000000]
zext_ln12590          (zext             ) [ 00000000000]
add_ln12590           (add              ) [ 00000000000]
zext_ln12590_1        (zext             ) [ 00000000000]
Y1_addr               (getelementptr    ) [ 01011111111]
add_ln12589           (add              ) [ 00000000000]
store_ln12588         (store            ) [ 00000000000]
store_ln12588         (store            ) [ 00000000000]
store_ln12589         (store            ) [ 00000000000]
v6926                 (load             ) [ 01001111110]
v6925                 (load             ) [ 01001111110]
v6927                 (fdiv             ) [ 01000000001]
specloopname_ln0      (specloopname     ) [ 00000000000]
speclooptripcount_ln0 (speclooptripcount) [ 00000000000]
specpipeline_ln12589  (specpipeline     ) [ 00000000000]
store_ln12593         (store            ) [ 00000000000]
br_ln12589            (br               ) [ 00000000000]
ret_ln0               (ret              ) [ 00000000000]
</LifeTime>

<model>

<comp_list>
<comp id="0" class="1000" name="S">
<pin_list>
<pin id="1" dir="1" index="0" bw="1" slack="0"/>
</pin_list>
<bind>
<StgValue><ssdm name="S"/><MemPortTyVec>1 3 </MemPortTyVec>
</StgValue>
</bind>
</comp>

<comp id="2" class="1000" name="Y1">
<pin_list>
<pin id="3" dir="1" index="0" bw="1" slack="0"/>
</pin_list>
<bind>
<StgValue><ssdm name="Y1"/><MemPortTyVec>1 0 </MemPortTyVec>
</StgValue>
</bind>
</comp>

<comp id="4" class="1001" name="const_4">
<pin_list>
<pin id="5" dir="1" index="0" bw="1" slack="0"/>
</pin_list>
<bind>
<StgValue><ssdm name=""/></StgValue>
</bind>
</comp>

<comp id="6" class="1001" name="const_6">
<pin_list>
<pin id="7" dir="1" index="0" bw="1" slack="2147483647"/>
</pin_list>
<bind>
<StgValue><ssdm name="_ssdm_op_SpecMemCore"/></StgValue>
</bind>
</comp>

<comp id="8" class="1001" name="const_8">
<pin_list>
<pin id="9" dir="1" index="0" bw="1" slack="2147483647"/>
</pin_list>
<bind>
<StgValue><ssdm name=""/></StgValue>
</bind>
</comp>

<comp id="10" class="1001" name="const_10">
<pin_list>
<pin id="11" dir="1" index="0" bw="1" slack="2147483647"/>
</pin_list>
<bind>
<StgValue><ssdm name=""/></StgValue>
</bind>
</comp>

<comp id="12" class="1001" name="const_12">
<pin_list>
<pin id="13" dir="1" index="0" bw="1" slack="2147483647"/>
</pin_list>
<bind>
<StgValue><ssdm name=""/></StgValue>
</bind>
</comp>

<comp id="14" class="1001" name="const_14">
<pin_list>
<pin id="15" dir="1" index="0" bw="1" slack="0"/>
</pin_list>
<bind>
<StgValue><ssdm name=""/></StgValue>
</bind>
</comp>

<comp id="16" class="1001" name="const_16">
<pin_list>
<pin id="17" dir="1" index="0" bw="1" slack="0"/>
</pin_list>
<bind>
<StgValue><ssdm name=""/></StgValue>
</bind>
</comp>

<comp id="18" class="1001" name="const_18">
<pin_list>
<pin id="19" dir="1" index="0" bw="1" slack="0"/>
</pin_list>
<bind>
<StgValue><ssdm name=""/></StgValue>
</bind>
</comp>

<comp id="20" class="1001" name="const_20">
<pin_list>
<pin id="21" dir="1" index="0" bw="1" slack="0"/>
</pin_list>
<bind>
<StgValue><ssdm name=""/></StgValue>
</bind>
</comp>

<comp id="22" class="1001" name="const_22">
<pin_list>
<pin id="23" dir="1" index="0" bw="1" slack="0"/>
</pin_list>
<bind>
<StgValue><ssdm name=""/></StgValue>
</bind>
</comp>

<comp id="24" class="1001" name="const_24">
<pin_list>
<pin id="25" dir="1" index="0" bw="1" slack="0"/>
</pin_list>
<bind>
<StgValue><ssdm name=""/></StgValue>
</bind>
</comp>

<comp id="26" class="1001" name="const_26">
<pin_list>
<pin id="27" dir="1" index="0" bw="1" slack="0"/>
</pin_list>
<bind>
<StgValue><ssdm name="_ssdm_op_BitConcatenate.i20.i10.i10"/></StgValue>
</bind>
</comp>

<comp id="28" class="1001" name="const_28">
<pin_list>
<pin id="29" dir="1" index="0" bw="1" slack="0"/>
</pin_list>
<bind>
<StgValue><ssdm name=""/></StgValue>
</bind>
</comp>

<comp id="30" class="1001" name="const_30">
<pin_list>
<pin id="31" dir="1" index="0" bw="1" slack="0"/>
</pin_list>
<bind>
<StgValue><ssdm name=""/></StgValue>
</bind>
</comp>

<comp id="32" class="1001" name="const_32">
<pin_list>
<pin id="33" dir="1" index="0" bw="1" slack="2147483647"/>
</pin_list>
<bind>
<StgValue><ssdm name="_ssdm_op_SpecLoopName"/></StgValue>
</bind>
</comp>

<comp id="34" class="1001" name="const_34">
<pin_list>
<pin id="35" dir="1" index="0" bw="1" slack="2147483647"/>
</pin_list>
<bind>
<StgValue><ssdm name="l_update_i14_l_j12_str"/></StgValue>
</bind>
</comp>

<comp id="36" class="1001" name="const_36">
<pin_list>
<pin id="37" dir="1" index="0" bw="1" slack="2147483647"/>
</pin_list>
<bind>
<StgValue><ssdm name="_ssdm_op_SpecLoopTripCount"/></StgValue>
</bind>
</comp>

<comp id="38" class="1001" name="const_38">
<pin_list>
<pin id="39" dir="1" index="0" bw="1" slack="2147483647"/>
</pin_list>
<bind>
<StgValue><ssdm name=""/></StgValue>
</bind>
</comp>

<comp id="40" class="1001" name="const_40">
<pin_list>
<pin id="41" dir="1" index="0" bw="1" slack="2147483647"/>
</pin_list>
<bind>
<StgValue><ssdm name="_ssdm_op_SpecPipeline"/></StgValue>
</bind>
</comp>

<comp id="42" class="1001" name="const_42">
<pin_list>
<pin id="43" dir="1" index="0" bw="1" slack="2147483647"/>
</pin_list>
<bind>
<StgValue><ssdm name=""/></StgValue>
</bind>
</comp>

<comp id="44" class="1001" name="const_44">
<pin_list>
<pin id="45" dir="1" index="0" bw="1" slack="2147483647"/>
</pin_list>
<bind>
<StgValue><ssdm name=""/></StgValue>
</bind>
</comp>

<comp id="46" class="1001" name="const_46">
<pin_list>
<pin id="47" dir="1" index="0" bw="1" slack="2147483647"/>
</pin_list>
<bind>
<StgValue><ssdm name="empty_191"/></StgValue>
</bind>
</comp>

<comp id="48" class="1004" name="j12_fu_48">
<pin_list>
<pin id="49" dir="0" index="0" bw="1" slack="0"/>
<pin id="50" dir="1" index="1" bw="11" slack="0"/>
</pin_list>
<bind>
<opcode="alloca(26) " fcode="alloca"/>
<opset="j12/1 "/>
</bind>
</comp>

<comp id="52" class="1004" name="i14_fu_52">
<pin_list>
<pin id="53" dir="0" index="0" bw="1" slack="0"/>
<pin id="54" dir="1" index="1" bw="11" slack="0"/>
</pin_list>
<bind>
<opcode="alloca(26) " fcode="alloca"/>
<opset="i14/1 "/>
</bind>
</comp>

<comp id="56" class="1004" name="indvar_flatten38_fu_56">
<pin_list>
<pin id="57" dir="0" index="0" bw="1" slack="0"/>
<pin id="58" dir="1" index="1" bw="21" slack="0"/>
</pin_list>
<bind>
<opcode="alloca(26) " fcode="alloca"/>
<opset="indvar_flatten38/1 "/>
</bind>
</comp>

<comp id="60" class="1004" name="S_addr_gep_fu_60">
<pin_list>
<pin id="61" dir="0" index="0" bw="32" slack="0"/>
<pin id="62" dir="0" index="1" bw="1" slack="0"/>
<pin id="63" dir="0" index="2" bw="11" slack="0"/>
<pin id="64" dir="1" index="3" bw="10" slack="0"/>
</pin_list>
<bind>
<opcode="getelementptr(29) " fcode="getelementptr"/>
<opset="S_addr/2 "/>
</bind>
</comp>

<comp id="67" class="1004" name="grp_access_fu_67">
<pin_list>
<pin id="68" dir="0" index="0" bw="10" slack="0"/>
<pin id="69" dir="0" index="1" bw="32" slack="2147483647"/>
<pin id="70" dir="0" index="2" bw="0" slack="2147483647"/>
<pin id="71" dir="1" index="3" bw="32" slack="1"/>
</pin_list>
<bind>
<opcode="load(27) " fcode="load"/>
<opset="v6926/2 "/>
</bind>
</comp>

<comp id="73" class="1004" name="Y1_addr_gep_fu_73">
<pin_list>
<pin id="74" dir="0" index="0" bw="32" slack="0"/>
<pin id="75" dir="0" index="1" bw="1" slack="0"/>
<pin id="76" dir="0" index="2" bw="20" slack="0"/>
<pin id="77" dir="1" index="3" bw="20" slack="0"/>
</pin_list>
<bind>
<opcode="getelementptr(29) " fcode="getelementptr"/>
<opset="Y1_addr/2 "/>
</bind>
</comp>

<comp id="80" class="1004" name="grp_access_fu_80">
<pin_list>
<pin id="81" dir="0" index="0" bw="20" slack="0"/>
<pin id="82" dir="0" index="1" bw="32" slack="2147483647"/>
<pin id="83" dir="0" index="2" bw="0" slack="8"/>
<pin id="86" dir="0" index="4" bw="20" slack="1"/>
<pin id="87" dir="0" index="5" bw="32" slack="2147483647"/>
<pin id="88" dir="0" index="6" bw="0" slack="2147483647"/>
<pin id="84" dir="1" index="3" bw="32" slack="1"/>
<pin id="89" dir="1" index="7" bw="32" slack="2147483647"/>
</pin_list>
<bind>
<opcode="load(27) store(28) " fcode="store"/>
<opset="v6925/2 store_ln12593/10 "/>
</bind>
</comp>

<comp id="90" class="1004" name="grp_fu_90">
<pin_list>
<pin id="91" dir="0" index="0" bw="32" slack="1"/>
<pin id="92" dir="0" index="1" bw="32" slack="1"/>
<pin id="93" dir="1" index="2" bw="32" slack="1"/>
</pin_list>
<bind>
<opcode="fdiv(16) " fcode="fdiv"/>
<opset="v6927/4 "/>
</bind>
</comp>

<comp id="94" class="1004" name="store_ln0_store_fu_94">
<pin_list>
<pin id="95" dir="0" index="0" bw="1" slack="0"/>
<pin id="96" dir="0" index="1" bw="21" slack="0"/>
<pin id="97" dir="1" index="2" bw="0" slack="2147483647"/>
</pin_list>
<bind>
<opcode="store(28) " fcode="store"/>
<opset="store_ln0/1 "/>
</bind>
</comp>

<comp id="99" class="1004" name="store_ln12588_store_fu_99">
<pin_list>
<pin id="100" dir="0" index="0" bw="1" slack="0"/>
<pin id="101" dir="0" index="1" bw="11" slack="0"/>
<pin id="102" dir="1" index="2" bw="0" slack="2147483647"/>
</pin_list>
<bind>
<opcode="store(28) " fcode="store"/>
<opset="store_ln12588/1 "/>
</bind>
</comp>

<comp id="104" class="1004" name="store_ln12589_store_fu_104">
<pin_list>
<pin id="105" dir="0" index="0" bw="1" slack="0"/>
<pin id="106" dir="0" index="1" bw="11" slack="0"/>
<pin id="107" dir="1" index="2" bw="0" slack="2147483647"/>
</pin_list>
<bind>
<opcode="store(28) " fcode="store"/>
<opset="store_ln12589/1 "/>
</bind>
</comp>

<comp id="109" class="1004" name="indvar_flatten38_load_load_fu_109">
<pin_list>
<pin id="110" dir="0" index="0" bw="21" slack="1"/>
<pin id="111" dir="1" index="1" bw="21" slack="0"/>
</pin_list>
<bind>
<opcode="load(27) " fcode="load"/>
<opset="indvar_flatten38_load/2 "/>
</bind>
</comp>

<comp id="112" class="1004" name="icmp_ln12588_fu_112">
<pin_list>
<pin id="113" dir="0" index="0" bw="21" slack="0"/>
<pin id="114" dir="0" index="1" bw="21" slack="0"/>
<pin id="115" dir="1" index="2" bw="1" slack="7"/>
</pin_list>
<bind>
<opcode="icmp(45) " fcode="icmp"/>
<opset="icmp_ln12588/2 "/>
</bind>
</comp>

<comp id="118" class="1004" name="add_ln12588_1_fu_118">
<pin_list>
<pin id="119" dir="0" index="0" bw="21" slack="0"/>
<pin id="120" dir="0" index="1" bw="1" slack="0"/>
<pin id="121" dir="1" index="2" bw="21" slack="0"/>
</pin_list>
<bind>
<opcode="add(8) " fcode="add"/>
<opset="add_ln12588_1/2 "/>
</bind>
</comp>

<comp id="124" class="1004" name="j12_load_load_fu_124">
<pin_list>
<pin id="125" dir="0" index="0" bw="11" slack="1"/>
<pin id="126" dir="1" index="1" bw="11" slack="0"/>
</pin_list>
<bind>
<opcode="load(27) " fcode="load"/>
<opset="j12_load/2 "/>
</bind>
</comp>

<comp id="127" class="1004" name="i14_load_load_fu_127">
<pin_list>
<pin id="128" dir="0" index="0" bw="11" slack="1"/>
<pin id="129" dir="1" index="1" bw="11" slack="0"/>
</pin_list>
<bind>
<opcode="load(27) " fcode="load"/>
<opset="i14_load/2 "/>
</bind>
</comp>

<comp id="130" class="1004" name="add_ln12588_fu_130">
<pin_list>
<pin id="131" dir="0" index="0" bw="11" slack="0"/>
<pin id="132" dir="0" index="1" bw="1" slack="0"/>
<pin id="133" dir="1" index="2" bw="11" slack="0"/>
</pin_list>
<bind>
<opcode="add(8) " fcode="add"/>
<opset="add_ln12588/2 "/>
</bind>
</comp>

<comp id="136" class="1004" name="icmp_ln12589_fu_136">
<pin_list>
<pin id="137" dir="0" index="0" bw="11" slack="0"/>
<pin id="138" dir="0" index="1" bw="11" slack="0"/>
<pin id="139" dir="1" index="2" bw="1" slack="0"/>
</pin_list>
<bind>
<opcode="icmp(45) " fcode="icmp"/>
<opset="icmp_ln12589/2 "/>
</bind>
</comp>

<comp id="142" class="1004" name="select_ln12588_fu_142">
<pin_list>
<pin id="143" dir="0" index="0" bw="1" slack="0"/>
<pin id="144" dir="0" index="1" bw="11" slack="0"/>
<pin id="145" dir="0" index="2" bw="11" slack="0"/>
<pin id="146" dir="1" index="3" bw="11" slack="0"/>
</pin_list>
<bind>
<opcode="select(49) " fcode="select"/>
<opset="select_ln12588/2 "/>
</bind>
</comp>

<comp id="150" class="1004" name="select_ln12588_1_fu_150">
<pin_list>
<pin id="151" dir="0" index="0" bw="1" slack="0"/>
<pin id="152" dir="0" index="1" bw="11" slack="0"/>
<pin id="153" dir="0" index="2" bw="11" slack="0"/>
<pin id="154" dir="1" index="3" bw="11" slack="0"/>
</pin_list>
<bind>
<opcode="select(49) " fcode="select"/>
<opset="select_ln12588_1/2 "/>
</bind>
</comp>

<comp id="158" class="1004" name="trunc_ln12588_fu_158">
<pin_list>
<pin id="159" dir="0" index="0" bw="11" slack="0"/>
<pin id="160" dir="1" index="1" bw="10" slack="0"/>
</pin_list>
<bind>
<opcode="trunc(33) " fcode="trunc"/>
<opset="trunc_ln12588/2 "/>
</bind>
</comp>

<comp id="162" class="1004" name="zext_ln12588_fu_162">
<pin_list>
<pin id="163" dir="0" index="0" bw="11" slack="0"/>
<pin id="164" dir="1" index="1" bw="64" slack="0"/>
</pin_list>
<bind>
<opcode="zext(34) " fcode="zext"/>
<opset="zext_ln12588/2 "/>
</bind>
</comp>

<comp id="167" class="1004" name="tmp_s_fu_167">
<pin_list>
<pin id="168" dir="0" index="0" bw="20" slack="0"/>
<pin id="169" dir="0" index="1" bw="10" slack="0"/>
<pin id="170" dir="0" index="2" bw="1" slack="0"/>
<pin id="171" dir="1" index="3" bw="20" slack="0"/>
</pin_list>
<bind>
<opcode="bitconcatenate(1004) " fcode="bitconcatenate"/>
<opset="tmp_s/2 "/>
</bind>
</comp>

<comp id="175" class="1004" name="zext_ln12590_fu_175">
<pin_list>
<pin id="176" dir="0" index="0" bw="11" slack="0"/>
<pin id="177" dir="1" index="1" bw="20" slack="0"/>
</pin_list>
<bind>
<opcode="zext(34) " fcode="zext"/>
<opset="zext_ln12590/2 "/>
</bind>
</comp>

<comp id="179" class="1004" name="add_ln12590_fu_179">
<pin_list>
<pin id="180" dir="0" index="0" bw="20" slack="0"/>
<pin id="181" dir="0" index="1" bw="11" slack="0"/>
<pin id="182" dir="1" index="2" bw="20" slack="0"/>
</pin_list>
<bind>
<opcode="add(8) " fcode="add"/>
<opset="add_ln12590/2 "/>
</bind>
</comp>

<comp id="185" class="1004" name="zext_ln12590_1_fu_185">
<pin_list>
<pin id="186" dir="0" index="0" bw="20" slack="0"/>
<pin id="187" dir="1" index="1" bw="64" slack="0"/>
</pin_list>
<bind>
<opcode="zext(34) " fcode="zext"/>
<opset="zext_ln12590_1/2 "/>
</bind>
</comp>

<comp id="190" class="1004" name="add_ln12589_fu_190">
<pin_list>
<pin id="191" dir="0" index="0" bw="11" slack="0"/>
<pin id="192" dir="0" index="1" bw="1" slack="0"/>
<pin id="193" dir="1" index="2" bw="11" slack="0"/>
</pin_list>
<bind>
<opcode="add(8) " fcode="add"/>
<opset="add_ln12589/2 "/>
</bind>
</comp>

<comp id="196" class="1004" name="store_ln12588_store_fu_196">
<pin_list>
<pin id="197" dir="0" index="0" bw="21" slack="0"/>
<pin id="198" dir="0" index="1" bw="21" slack="1"/>
<pin id="199" dir="1" index="2" bw="0" slack="2147483647"/>
</pin_list>
<bind>
<opcode="store(28) " fcode="store"/>
<opset="store_ln12588/2 "/>
</bind>
</comp>

<comp id="201" class="1004" name="store_ln12588_store_fu_201">
<pin_list>
<pin id="202" dir="0" index="0" bw="11" slack="0"/>
<pin id="203" dir="0" index="1" bw="11" slack="1"/>
<pin id="204" dir="1" index="2" bw="0" slack="2147483647"/>
</pin_list>
<bind>
<opcode="store(28) " fcode="store"/>
<opset="store_ln12588/2 "/>
</bind>
</comp>

<comp id="206" class="1004" name="store_ln12589_store_fu_206">
<pin_list>
<pin id="207" dir="0" index="0" bw="11" slack="0"/>
<pin id="208" dir="0" index="1" bw="11" slack="1"/>
<pin id="209" dir="1" index="2" bw="0" slack="2147483647"/>
</pin_list>
<bind>
<opcode="store(28) " fcode="store"/>
<opset="store_ln12589/2 "/>
</bind>
</comp>

<comp id="211" class="1005" name="j12_reg_211">
<pin_list>
<pin id="212" dir="0" index="0" bw="11" slack="0"/>
<pin id="213" dir="1" index="1" bw="11" slack="0"/>
</pin_list>
<bind>
<opset="j12 "/>
</bind>
</comp>

<comp id="218" class="1005" name="i14_reg_218">
<pin_list>
<pin id="219" dir="0" index="0" bw="11" slack="0"/>
<pin id="220" dir="1" index="1" bw="11" slack="0"/>
</pin_list>
<bind>
<opset="i14 "/>
</bind>
</comp>

<comp id="225" class="1005" name="indvar_flatten38_reg_225">
<pin_list>
<pin id="226" dir="0" index="0" bw="21" slack="0"/>
<pin id="227" dir="1" index="1" bw="21" slack="0"/>
</pin_list>
<bind>
<opset="indvar_flatten38 "/>
</bind>
</comp>

<comp id="232" class="1005" name="icmp_ln12588_reg_232">
<pin_list>
<pin id="233" dir="0" index="0" bw="1" slack="7"/>
<pin id="234" dir="1" index="1" bw="1" slack="2147483647"/>
</pin_list>
<bind>
<opset="icmp_ln12588 "/>
</bind>
</comp>

<comp id="236" class="1005" name="S_addr_reg_236">
<pin_list>
<pin id="237" dir="0" index="0" bw="10" slack="1"/>
<pin id="238" dir="1" index="1" bw="10" slack="1"/>
</pin_list>
<bind>
<opset="S_addr "/>
</bind>
</comp>

<comp id="241" class="1005" name="Y1_addr_reg_241">
<pin_list>
<pin id="242" dir="0" index="0" bw="20" slack="1"/>
<pin id="243" dir="1" index="1" bw="20" slack="1"/>
</pin_list>
<bind>
<opset="Y1_addr "/>
</bind>
</comp>

<comp id="247" class="1005" name="v6926_reg_247">
<pin_list>
<pin id="248" dir="0" index="0" bw="32" slack="1"/>
<pin id="249" dir="1" index="1" bw="32" slack="1"/>
</pin_list>
<bind>
<opset="v6926 "/>
</bind>
</comp>

<comp id="252" class="1005" name="v6925_reg_252">
<pin_list>
<pin id="253" dir="0" index="0" bw="32" slack="1"/>
<pin id="254" dir="1" index="1" bw="32" slack="1"/>
</pin_list>
<bind>
<opset="v6925 "/>
</bind>
</comp>

<comp id="257" class="1005" name="v6927_reg_257">
<pin_list>
<pin id="258" dir="0" index="0" bw="32" slack="1"/>
<pin id="259" dir="1" index="1" bw="32" slack="1"/>
</pin_list>
<bind>
<opset="v6927 "/>
</bind>
</comp>

</comp_list>

<net_list>
<net id="51"><net_src comp="4" pin="0"/><net_sink comp="48" pin=0"/></net>

<net id="55"><net_src comp="4" pin="0"/><net_sink comp="52" pin=0"/></net>

<net id="59"><net_src comp="4" pin="0"/><net_sink comp="56" pin=0"/></net>

<net id="65"><net_src comp="0" pin="0"/><net_sink comp="60" pin=0"/></net>

<net id="66"><net_src comp="30" pin="0"/><net_sink comp="60" pin=1"/></net>

<net id="72"><net_src comp="60" pin="3"/><net_sink comp="67" pin=0"/></net>

<net id="78"><net_src comp="2" pin="0"/><net_sink comp="73" pin=0"/></net>

<net id="79"><net_src comp="30" pin="0"/><net_sink comp="73" pin=1"/></net>

<net id="85"><net_src comp="73" pin="3"/><net_sink comp="80" pin=0"/></net>

<net id="98"><net_src comp="14" pin="0"/><net_sink comp="94" pin=0"/></net>

<net id="103"><net_src comp="16" pin="0"/><net_sink comp="99" pin=0"/></net>

<net id="108"><net_src comp="16" pin="0"/><net_sink comp="104" pin=0"/></net>

<net id="116"><net_src comp="109" pin="1"/><net_sink comp="112" pin=0"/></net>

<net id="117"><net_src comp="18" pin="0"/><net_sink comp="112" pin=1"/></net>

<net id="122"><net_src comp="109" pin="1"/><net_sink comp="118" pin=0"/></net>

<net id="123"><net_src comp="20" pin="0"/><net_sink comp="118" pin=1"/></net>

<net id="134"><net_src comp="127" pin="1"/><net_sink comp="130" pin=0"/></net>

<net id="135"><net_src comp="22" pin="0"/><net_sink comp="130" pin=1"/></net>

<net id="140"><net_src comp="124" pin="1"/><net_sink comp="136" pin=0"/></net>

<net id="141"><net_src comp="24" pin="0"/><net_sink comp="136" pin=1"/></net>

<net id="147"><net_src comp="136" pin="2"/><net_sink comp="142" pin=0"/></net>

<net id="148"><net_src comp="16" pin="0"/><net_sink comp="142" pin=1"/></net>

<net id="149"><net_src comp="124" pin="1"/><net_sink comp="142" pin=2"/></net>

<net id="155"><net_src comp="136" pin="2"/><net_sink comp="150" pin=0"/></net>

<net id="156"><net_src comp="130" pin="2"/><net_sink comp="150" pin=1"/></net>

<net id="157"><net_src comp="127" pin="1"/><net_sink comp="150" pin=2"/></net>

<net id="161"><net_src comp="150" pin="3"/><net_sink comp="158" pin=0"/></net>

<net id="165"><net_src comp="150" pin="3"/><net_sink comp="162" pin=0"/></net>

<net id="166"><net_src comp="162" pin="1"/><net_sink comp="60" pin=2"/></net>

<net id="172"><net_src comp="26" pin="0"/><net_sink comp="167" pin=0"/></net>

<net id="173"><net_src comp="158" pin="1"/><net_sink comp="167" pin=1"/></net>

<net id="174"><net_src comp="28" pin="0"/><net_sink comp="167" pin=2"/></net>

<net id="178"><net_src comp="142" pin="3"/><net_sink comp="175" pin=0"/></net>

<net id="183"><net_src comp="167" pin="3"/><net_sink comp="179" pin=0"/></net>

<net id="184"><net_src comp="175" pin="1"/><net_sink comp="179" pin=1"/></net>

<net id="188"><net_src comp="179" pin="2"/><net_sink comp="185" pin=0"/></net>

<net id="189"><net_src comp="185" pin="1"/><net_sink comp="73" pin=2"/></net>

<net id="194"><net_src comp="142" pin="3"/><net_sink comp="190" pin=0"/></net>

<net id="195"><net_src comp="22" pin="0"/><net_sink comp="190" pin=1"/></net>

<net id="200"><net_src comp="118" pin="2"/><net_sink comp="196" pin=0"/></net>

<net id="205"><net_src comp="150" pin="3"/><net_sink comp="201" pin=0"/></net>

<net id="210"><net_src comp="190" pin="2"/><net_sink comp="206" pin=0"/></net>

<net id="214"><net_src comp="48" pin="1"/><net_sink comp="211" pin=0"/></net>

<net id="215"><net_src comp="211" pin="1"/><net_sink comp="104" pin=1"/></net>

<net id="216"><net_src comp="211" pin="1"/><net_sink comp="124" pin=0"/></net>

<net id="217"><net_src comp="211" pin="1"/><net_sink comp="206" pin=1"/></net>

<net id="221"><net_src comp="52" pin="1"/><net_sink comp="218" pin=0"/></net>

<net id="222"><net_src comp="218" pin="1"/><net_sink comp="99" pin=1"/></net>

<net id="223"><net_src comp="218" pin="1"/><net_sink comp="127" pin=0"/></net>

<net id="224"><net_src comp="218" pin="1"/><net_sink comp="201" pin=1"/></net>

<net id="228"><net_src comp="56" pin="1"/><net_sink comp="225" pin=0"/></net>

<net id="229"><net_src comp="225" pin="1"/><net_sink comp="94" pin=1"/></net>

<net id="230"><net_src comp="225" pin="1"/><net_sink comp="109" pin=0"/></net>

<net id="231"><net_src comp="225" pin="1"/><net_sink comp="196" pin=1"/></net>

<net id="235"><net_src comp="112" pin="2"/><net_sink comp="232" pin=0"/></net>

<net id="239"><net_src comp="60" pin="3"/><net_sink comp="236" pin=0"/></net>

<net id="240"><net_src comp="236" pin="1"/><net_sink comp="67" pin=0"/></net>

<net id="244"><net_src comp="73" pin="3"/><net_sink comp="241" pin=0"/></net>

<net id="245"><net_src comp="241" pin="1"/><net_sink comp="80" pin=0"/></net>

<net id="246"><net_src comp="241" pin="1"/><net_sink comp="80" pin=2"/></net>

<net id="250"><net_src comp="67" pin="3"/><net_sink comp="247" pin=0"/></net>

<net id="251"><net_src comp="247" pin="1"/><net_sink comp="90" pin=1"/></net>

<net id="255"><net_src comp="80" pin="3"/><net_sink comp="252" pin=0"/></net>

<net id="256"><net_src comp="252" pin="1"/><net_sink comp="90" pin=0"/></net>

<net id="260"><net_src comp="90" pin="2"/><net_sink comp="257" pin=0"/></net>

<net id="261"><net_src comp="257" pin="1"/><net_sink comp="80" pin=4"/></net>

</net_list>

</model> 
---------------- Datapath Model END ------------------

* FSMD analyzer results:
  - Output states:
	Port: Y1 | {10 }
 - Input state : 
	Port: scaled_dot_product_attention_Pipeline_l_update_i14_l_j12 : S | {2 3 }
	Port: scaled_dot_product_attention_Pipeline_l_update_i14_l_j12 : Y1 | {2 3 }
  - Chain level:
	State 1
		store_ln0 : 1
		store_ln12588 : 1
		store_ln12589 : 1
	State 2
		icmp_ln12588 : 1
		add_ln12588_1 : 1
		br_ln12588 : 2
		add_ln12588 : 1
		icmp_ln12589 : 1
		select_ln12588 : 2
		select_ln12588_1 : 2
		trunc_ln12588 : 3
		zext_ln12588 : 3
		tmp_s : 4
		S_addr : 4
		v6926 : 5
		zext_ln12590 : 3
		add_ln12590 : 5
		zext_ln12590_1 : 6
		Y1_addr : 7
		v6925 : 8
		add_ln12589 : 3
		store_ln12588 : 2
		store_ln12588 : 3
		store_ln12589 : 4
	State 3
	State 4
	State 5
	State 6
	State 7
	State 8
	State 9
	State 10


============================================================
+ Verbose Summary: Datapath Resource usage 
============================================================

* Functional unit list:
|----------|-------------------------|---------|---------|
| Operation|     Functional Unit     |    FF   |   LUT   |
|----------|-------------------------|---------|---------|
|          |   add_ln12588_1_fu_118  |    0    |    28   |
|    add   |    add_ln12588_fu_130   |    0    |    18   |
|          |    add_ln12590_fu_179   |    0    |    27   |
|          |    add_ln12589_fu_190   |    0    |    18   |
|----------|-------------------------|---------|---------|
|   icmp   |   icmp_ln12588_fu_112   |    0    |    28   |
|          |   icmp_ln12589_fu_136   |    0    |    18   |
|----------|-------------------------|---------|---------|
|  select  |  select_ln12588_fu_142  |    0    |    11   |
|          | select_ln12588_1_fu_150 |    0    |    11   |
|----------|-------------------------|---------|---------|
|   fdiv   |        grp_fu_90        |    0    |    0    |
|----------|-------------------------|---------|---------|
|   trunc  |   trunc_ln12588_fu_158  |    0    |    0    |
|----------|-------------------------|---------|---------|
|          |   zext_ln12588_fu_162   |    0    |    0    |
|   zext   |   zext_ln12590_fu_175   |    0    |    0    |
|          |  zext_ln12590_1_fu_185  |    0    |    0    |
|----------|-------------------------|---------|---------|
|bitconcatenate|       tmp_s_fu_167      |    0    |    0    |
|----------|-------------------------|---------|---------|
|   Total  |                         |    0    |   159   |
|----------|-------------------------|---------|---------|

Memories:
N/A

* Register list:
+------------------------+--------+
|                        |   FF   |
+------------------------+--------+
|     S_addr_reg_236     |   10   |
|     Y1_addr_reg_241    |   20   |
|       i14_reg_218      |   11   |
|  icmp_ln12588_reg_232  |    1   |
|indvar_flatten38_reg_225|   21   |
|       j12_reg_211      |   11   |
|      v6925_reg_252     |   32   |
|      v6926_reg_247     |   32   |
|      v6927_reg_257     |   32   |
+------------------------+--------+
|          Total         |   170  |
+------------------------+--------+

* Multiplexer (MUX) list: 
|------------------|------|------|------|--------||---------||---------|
|       Comp       |  Pin | Size |  BW  | S x BW ||  Delay  ||   LUT   |
|------------------|------|------|------|--------||---------||---------|
| grp_access_fu_67 |  p0  |   2  |  10  |   20   ||    9    |
| grp_access_fu_80 |  p0  |   2  |  20  |   40   ||    9    |
|------------------|------|------|------|--------||---------||---------|
|       Total      |      |      |      |   60   ||  0.774  ||    18   |
|------------------|------|------|------|--------||---------||---------|



* Summary:
+-----------+--------+--------+--------+
|           |  Delay |   FF   |   LUT  |
+-----------+--------+--------+--------+
|  Function |    -   |    0   |   159  |
|   Memory  |    -   |    -   |    -   |
|Multiplexer|    0   |    -   |   18   |
|  Register |    -   |   170  |    -   |
+-----------+--------+--------+--------+
|   Total   |    0   |   170  |   177  |
+-----------+--------+--------+--------+
