

================================================================
== Vitis HLS Report for 'scaled_dot_product_attention_Pipeline_l_exp_sum_i13_l_j11'
================================================================
* Date:           Mon Feb 17 20:36:51 2025

* Version:        2023.2 (Build 4023990 on Oct 11 2023)
* Project:        DitBlock
* Solution:       hls (Vivado IP Flow Target)
* Product family: virtexuplusHBM
* Target device:  xcu280-fsvh2892-2L-e


================================================================
== Performance Estimates
================================================================
+ Timing: 
    * Summary: 
    +--------+----------+----------+------------+
    |  Clock |  Target  | Estimated| Uncertainty|
    +--------+----------+----------+------------+
    |ap_clk  |  10.00 ns|  7.038 ns|     2.70 ns|
    +--------+----------+----------+------------+

+ Latency: 
    * Summary: 
    +---------+---------+-----------+-----------+---------+---------+---------+
    |  Latency (cycles) |   Latency (absolute)  |      Interval     | Pipeline|
    |   min   |   max   |    min    |    max    |   min   |   max   |   Type  |
    +---------+---------+-----------+-----------+---------+---------+---------+
    |  2097164|  2097164|  20.972 ms|  20.972 ms|  2097164|  2097164|       no|
    +---------+---------+-----------+-----------+---------+---------+---------+

    + Detail: 
        * Instance: 
        N/A

        * Loop: 
        +-----------------------+---------+---------+----------+-----------+-----------+---------+----------+
        |                       |  Latency (cycles) | Iteration|  Initiation Interval  |   Trip  |          |
        |       Loop Name       |   min   |   max   |  Latency |  achieved |   target  |  Count  | Pipelined|
        +-----------------------+---------+---------+----------+-----------+-----------+---------+----------+
        |- l_exp_sum_i13_l_j11  |  2097162|  2097162|        13|          2|          1|  1048576|       yes|
        +-----------------------+---------+---------+----------+-----------+-----------+---------+----------+

============================================================
+ Verbose Summary: Synthesis Manager
============================================================
InlineROM: 1
ExposeGlobal: 0
============================================================
+ Verbose Summary: CDFG Model
============================================================
IsTopModel: 0
ResetActiveHigh: 1
IsCombinational: 0
IsDatapathOnly: 0
HasWiredReturn: 1
HasMFsm: 2
HasVarLatency: 1
IsPipeline: 0
IsRtlPipelined: 0
IsInstanceOverlapped: 0
IsDontTouch: 0
HasImplIP: 0
IsGatedGlobalClock: 0

+ Individual pipeline summary: 
  * Pipeline-0: initiation interval (II) = 2, depth = 14


============================================================
+ Verbose Summary: Schedule
============================================================
* Number of FSM states : 14
* Pipeline : 1
  Pipeline-0 : II = 2, D = 14, States = { 1 2 3 4 5 6 7 8 9 10 11 12 13 14 }
* Dataflow Pipeline: 0

* FSM state transitions: 
1 --> 2 
2 --> 3 
3 --> 4 
4 --> 5 
5 --> 6 
6 --> 7 
7 --> 8 
8 --> 9 
9 --> 10 
10 --> 11 
11 --> 12 
12 --> 13 
13 --> 14 
14 --> 

* FSM state operations: 

State 1 <SV = 0> <Delay = 0.38>
ST_1 : Operation 16 [1/1] (0.00ns)   --->   "%j11 = alloca i32 1" [/home/silvenchen/Desktop/DitBlock/WorkDCT/DitBlock/kernel.cpp:12576->/home/silvenchen/Desktop/DitBlock/WorkDCT/DitBlock/kernel.cpp:15624]   --->   Operation 16 'alloca' 'j11' <Predicate = true> <Delay = 0.00>
ST_1 : Operation 17 [1/1] (0.00ns)   --->   "%i13 = alloca i32 1" [/home/silvenchen/Desktop/DitBlock/WorkDCT/DitBlock/kernel.cpp:12575->/home/silvenchen/Desktop/DitBlock/WorkDCT/DitBlock/kernel.cpp:15624]   --->   Operation 17 'alloca' 'i13' <Predicate = true> <Delay = 0.00>
ST_1 : Operation 18 [1/1] (0.00ns)   --->   "%indvar_flatten31 = alloca i32 1"   --->   Operation 18 'alloca' 'indvar_flatten31' <Predicate = true> <Delay = 0.00>
ST_1 : Operation 19 [1/1] (0.00ns)   --->   "%v6921 = alloca i32 1" [/home/silvenchen/Desktop/DitBlock/WorkDCT/DitBlock/kernel.cpp:12583->/home/silvenchen/Desktop/DitBlock/WorkDCT/DitBlock/kernel.cpp:15624]   --->   Operation 19 'alloca' 'v6921' <Predicate = true> <Delay = 0.00>
ST_1 : Operation 20 [1/1] (0.00ns)   --->   "%v69173 = alloca i32 1"   --->   Operation 20 'alloca' 'v69173' <Predicate = true> <Delay = 0.00>
ST_1 : Operation 21 [1/1] (0.00ns)   --->   "%specmemcore_ln0 = specmemcore void @_ssdm_op_SpecMemCore, i32 %Y1, i64 666, i64 24, i64 18446744073709551615"   --->   Operation 21 'specmemcore' 'specmemcore_ln0' <Predicate = true> <Delay = 0.00>
ST_1 : Operation 22 [1/1] (0.38ns)   --->   "%store_ln0 = store i21 0, i21 %indvar_flatten31"   --->   Operation 22 'store' 'store_ln0' <Predicate = true> <Delay = 0.38>
ST_1 : Operation 23 [1/1] (0.38ns)   --->   "%store_ln12575 = store i11 0, i11 %i13" [/home/silvenchen/Desktop/DitBlock/WorkDCT/DitBlock/kernel.cpp:12575->/home/silvenchen/Desktop/DitBlock/WorkDCT/DitBlock/kernel.cpp:15624]   --->   Operation 23 'store' 'store_ln12575' <Predicate = true> <Delay = 0.38>
ST_1 : Operation 24 [1/1] (0.38ns)   --->   "%store_ln12576 = store i11 0, i11 %j11" [/home/silvenchen/Desktop/DitBlock/WorkDCT/DitBlock/kernel.cpp:12576->/home/silvenchen/Desktop/DitBlock/WorkDCT/DitBlock/kernel.cpp:15624]   --->   Operation 24 'store' 'store_ln12576' <Predicate = true> <Delay = 0.38>
ST_1 : Operation 25 [1/1] (0.38ns)   --->   "%br_ln0 = br void %for.inc59.i"   --->   Operation 25 'br' 'br_ln0' <Predicate = true> <Delay = 0.38>

State 2 <SV = 1> <Delay = 4.50>
ST_2 : Operation 26 [1/1] (0.00ns)   --->   "%first_iter_4 = phi i1 0, void %new.latch.for.inc59.i.split, i1 1, void %newFuncRoot"   --->   Operation 26 'phi' 'first_iter_4' <Predicate = true> <Delay = 0.00>
ST_2 : Operation 27 [1/1] (0.00ns)   --->   "%indvar_flatten31_load = load i21 %indvar_flatten31" [/home/silvenchen/Desktop/DitBlock/WorkDCT/DitBlock/kernel.cpp:12575->/home/silvenchen/Desktop/DitBlock/WorkDCT/DitBlock/kernel.cpp:15624]   --->   Operation 27 'load' 'indvar_flatten31_load' <Predicate = true> <Delay = 0.00>
ST_2 : Operation 28 [1/1] (0.81ns)   --->   "%icmp_ln12575 = icmp_eq  i21 %indvar_flatten31_load, i21 1048576" [/home/silvenchen/Desktop/DitBlock/WorkDCT/DitBlock/kernel.cpp:12575->/home/silvenchen/Desktop/DitBlock/WorkDCT/DitBlock/kernel.cpp:15624]   --->   Operation 28 'icmp' 'icmp_ln12575' <Predicate = true> <Delay = 0.81> <CoreInst = "Cmp">   --->   Core 9 'Cmp' <Latency = 0> <II = 1> <Delay = 0.81> <FuncUnit> <Opcode : 'icmp'> <InPorts = 2> <OutPorts = 1>
ST_2 : Operation 29 [1/1] (0.81ns)   --->   "%add_ln12575_1 = add i21 %indvar_flatten31_load, i21 1" [/home/silvenchen/Desktop/DitBlock/WorkDCT/DitBlock/kernel.cpp:12575->/home/silvenchen/Desktop/DitBlock/WorkDCT/DitBlock/kernel.cpp:15624]   --->   Operation 29 'add' 'add_ln12575_1' <Predicate = true> <Delay = 0.81> <CoreInst = "Adder">   --->   Core 1 'Adder' <Latency = 0> <II = 1> <Delay = 0.81> <FuncUnit> <Opcode : 'add' 'sub'> <InPorts = 2> <OutPorts = 1>
ST_2 : Operation 30 [1/1] (0.00ns)   --->   "%br_ln12575 = br i1 %icmp_ln12575, void %for.inc62.i, void %for.inc83.i.preheader.exitStub" [/home/silvenchen/Desktop/DitBlock/WorkDCT/DitBlock/kernel.cpp:12575->/home/silvenchen/Desktop/DitBlock/WorkDCT/DitBlock/kernel.cpp:15624]   --->   Operation 30 'br' 'br_ln12575' <Predicate = true> <Delay = 0.00>
ST_2 : Operation 31 [1/1] (0.00ns)   --->   "%j11_load = load i11 %j11" [/home/silvenchen/Desktop/DitBlock/WorkDCT/DitBlock/kernel.cpp:12576->/home/silvenchen/Desktop/DitBlock/WorkDCT/DitBlock/kernel.cpp:15624]   --->   Operation 31 'load' 'j11_load' <Predicate = (!icmp_ln12575)> <Delay = 0.00>
ST_2 : Operation 32 [1/1] (0.00ns)   --->   "%i13_load = load i11 %i13" [/home/silvenchen/Desktop/DitBlock/WorkDCT/DitBlock/kernel.cpp:12575->/home/silvenchen/Desktop/DitBlock/WorkDCT/DitBlock/kernel.cpp:15624]   --->   Operation 32 'load' 'i13_load' <Predicate = (!icmp_ln12575)> <Delay = 0.00>
ST_2 : Operation 33 [1/1] (0.73ns)   --->   "%add_ln12575 = add i11 %i13_load, i11 1" [/home/silvenchen/Desktop/DitBlock/WorkDCT/DitBlock/kernel.cpp:12575->/home/silvenchen/Desktop/DitBlock/WorkDCT/DitBlock/kernel.cpp:15624]   --->   Operation 33 'add' 'add_ln12575' <Predicate = (!icmp_ln12575)> <Delay = 0.73> <CoreInst = "Adder">   --->   Core 1 'Adder' <Latency = 0> <II = 1> <Delay = 0.73> <FuncUnit> <Opcode : 'add' 'sub'> <InPorts = 2> <OutPorts = 1>
ST_2 : Operation 34 [1/1] (0.00ns)   --->   "%specloopname_ln0 = specloopname void @_ssdm_op_SpecLoopName, void @l_exp_sum_i13_l_j11_str"   --->   Operation 34 'specloopname' 'specloopname_ln0' <Predicate = (!icmp_ln12575)> <Delay = 0.00>
ST_2 : Operation 35 [1/1] (0.00ns)   --->   "%speclooptripcount_ln0 = speclooptripcount void @_ssdm_op_SpecLoopTripCount, i64 1048576, i64 1048576, i64 1048576"   --->   Operation 35 'speclooptripcount' 'speclooptripcount_ln0' <Predicate = (!icmp_ln12575)> <Delay = 0.00>
ST_2 : Operation 36 [1/1] (0.73ns)   --->   "%icmp_ln12576 = icmp_eq  i11 %j11_load, i11 1024" [/home/silvenchen/Desktop/DitBlock/WorkDCT/DitBlock/kernel.cpp:12576->/home/silvenchen/Desktop/DitBlock/WorkDCT/DitBlock/kernel.cpp:15624]   --->   Operation 36 'icmp' 'icmp_ln12576' <Predicate = (!icmp_ln12575)> <Delay = 0.73> <CoreInst = "Cmp">   --->   Core 9 'Cmp' <Latency = 0> <II = 1> <Delay = 0.73> <FuncUnit> <Opcode : 'icmp'> <InPorts = 2> <OutPorts = 1>
ST_2 : Operation 37 [1/1] (0.12ns)   --->   "%or_ln12575 = or i1 %icmp_ln12576, i1 %first_iter_4" [/home/silvenchen/Desktop/DitBlock/WorkDCT/DitBlock/kernel.cpp:12575->/home/silvenchen/Desktop/DitBlock/WorkDCT/DitBlock/kernel.cpp:15624]   --->   Operation 37 'or' 'or_ln12575' <Predicate = (!icmp_ln12575)> <Delay = 0.12> <CoreInst = "LogicGate">   --->   Core 74 'LogicGate' <Latency = 0> <II = 1> <Delay = 0.12> <FuncUnit> <Opcode : 'and' 'or' 'xor'> <InPorts = 2> <OutPorts = 1>
ST_2 : Operation 38 [1/1] (0.30ns)   --->   "%select_ln12575 = select i1 %icmp_ln12576, i11 0, i11 %j11_load" [/home/silvenchen/Desktop/DitBlock/WorkDCT/DitBlock/kernel.cpp:12575->/home/silvenchen/Desktop/DitBlock/WorkDCT/DitBlock/kernel.cpp:15624]   --->   Operation 38 'select' 'select_ln12575' <Predicate = (!icmp_ln12575)> <Delay = 0.30> <CoreInst = "Sel">   --->   Core 73 'Sel' <Latency = 0> <II = 1> <Delay = 0.30> <FuncUnit> <Opcode : 'select'> <InPorts = 3> <OutPorts = 1>
ST_2 : Operation 39 [1/1] (0.30ns)   --->   "%select_ln12575_1 = select i1 %icmp_ln12576, i11 %add_ln12575, i11 %i13_load" [/home/silvenchen/Desktop/DitBlock/WorkDCT/DitBlock/kernel.cpp:12575->/home/silvenchen/Desktop/DitBlock/WorkDCT/DitBlock/kernel.cpp:15624]   --->   Operation 39 'select' 'select_ln12575_1' <Predicate = (!icmp_ln12575)> <Delay = 0.30> <CoreInst = "Sel">   --->   Core 73 'Sel' <Latency = 0> <II = 1> <Delay = 0.30> <FuncUnit> <Opcode : 'select'> <InPorts = 3> <OutPorts = 1>
ST_2 : Operation 40 [1/1] (0.00ns)   --->   "%trunc_ln12575 = trunc i11 %select_ln12575_1" [/home/silvenchen/Desktop/DitBlock/WorkDCT/DitBlock/kernel.cpp:12575->/home/silvenchen/Desktop/DitBlock/WorkDCT/DitBlock/kernel.cpp:15624]   --->   Operation 40 'trunc' 'trunc_ln12575' <Predicate = (!icmp_ln12575)> <Delay = 0.00>
ST_2 : Operation 41 [1/1] (0.00ns)   --->   "%zext_ln12575 = zext i11 %select_ln12575_1" [/home/silvenchen/Desktop/DitBlock/WorkDCT/DitBlock/kernel.cpp:12575->/home/silvenchen/Desktop/DitBlock/WorkDCT/DitBlock/kernel.cpp:15624]   --->   Operation 41 'zext' 'zext_ln12575' <Predicate = (!icmp_ln12575)> <Delay = 0.00>
ST_2 : Operation 42 [1/1] (0.00ns)   --->   "%tmp_s = bitconcatenate i20 @_ssdm_op_BitConcatenate.i20.i10.i10, i10 %trunc_ln12575, i10 0" [/home/silvenchen/Desktop/DitBlock/WorkDCT/DitBlock/kernel.cpp:12577->/home/silvenchen/Desktop/DitBlock/WorkDCT/DitBlock/kernel.cpp:15624]   --->   Operation 42 'bitconcatenate' 'tmp_s' <Predicate = (!icmp_ln12575)> <Delay = 0.00>
ST_2 : Operation 43 [1/1] (0.00ns)   --->   "%M_addr = getelementptr i32 %M, i64 0, i64 %zext_ln12575" [/home/silvenchen/Desktop/DitBlock/WorkDCT/DitBlock/kernel.cpp:12575->/home/silvenchen/Desktop/DitBlock/WorkDCT/DitBlock/kernel.cpp:15624]   --->   Operation 43 'getelementptr' 'M_addr' <Predicate = (!icmp_ln12575)> <Delay = 0.00>
ST_2 : Operation 44 [1/1] (0.00ns)   --->   "%S_addr = getelementptr i32 %S, i64 0, i64 %zext_ln12575" [/home/silvenchen/Desktop/DitBlock/WorkDCT/DitBlock/kernel.cpp:12575->/home/silvenchen/Desktop/DitBlock/WorkDCT/DitBlock/kernel.cpp:15624]   --->   Operation 44 'getelementptr' 'S_addr' <Predicate = (!icmp_ln12575)> <Delay = 0.00>
ST_2 : Operation 45 [1/1] (0.00ns)   --->   "%br_ln12576 = br i1 %or_ln12575, void %for.inc59.i.split, void %for.first.iter.for.inc59.i" [/home/silvenchen/Desktop/DitBlock/WorkDCT/DitBlock/kernel.cpp:12576->/home/silvenchen/Desktop/DitBlock/WorkDCT/DitBlock/kernel.cpp:15624]   --->   Operation 45 'br' 'br_ln12576' <Predicate = (!icmp_ln12575)> <Delay = 0.00>
ST_2 : Operation 46 [2/2] (1.20ns)   --->   "%v6917 = load i10 %M_addr" [/home/silvenchen/Desktop/DitBlock/WorkDCT/DitBlock/kernel.cpp:12575->/home/silvenchen/Desktop/DitBlock/WorkDCT/DitBlock/kernel.cpp:15624]   --->   Operation 46 'load' 'v6917' <Predicate = (!icmp_ln12575 & or_ln12575)> <Delay = 1.20> <CoreInst = "RAM">   --->   Core 83 'RAM' <Latency = 1> <II = 1> <Delay = 1.20> <Storage> <Opcode : 'load' 'store'> <Ports = 2> <Width = 32> <Depth = 1024> <RAM>
ST_2 : Operation 47 [1/1] (0.00ns)   --->   "%zext_ln12577 = zext i11 %select_ln12575" [/home/silvenchen/Desktop/DitBlock/WorkDCT/DitBlock/kernel.cpp:12577->/home/silvenchen/Desktop/DitBlock/WorkDCT/DitBlock/kernel.cpp:15624]   --->   Operation 47 'zext' 'zext_ln12577' <Predicate = (!icmp_ln12575)> <Delay = 0.00>
ST_2 : Operation 48 [1/1] (0.80ns)   --->   "%add_ln12577 = add i20 %tmp_s, i20 %zext_ln12577" [/home/silvenchen/Desktop/DitBlock/WorkDCT/DitBlock/kernel.cpp:12577->/home/silvenchen/Desktop/DitBlock/WorkDCT/DitBlock/kernel.cpp:15624]   --->   Operation 48 'add' 'add_ln12577' <Predicate = (!icmp_ln12575)> <Delay = 0.80> <CoreInst = "Adder">   --->   Core 1 'Adder' <Latency = 0> <II = 1> <Delay = 0.80> <FuncUnit> <Opcode : 'add' 'sub'> <InPorts = 2> <OutPorts = 1>
ST_2 : Operation 49 [1/1] (0.00ns)   --->   "%zext_ln12577_1 = zext i20 %add_ln12577" [/home/silvenchen/Desktop/DitBlock/WorkDCT/DitBlock/kernel.cpp:12577->/home/silvenchen/Desktop/DitBlock/WorkDCT/DitBlock/kernel.cpp:15624]   --->   Operation 49 'zext' 'zext_ln12577_1' <Predicate = (!icmp_ln12575)> <Delay = 0.00>
ST_2 : Operation 50 [1/1] (0.00ns)   --->   "%Y1_addr = getelementptr i32 %Y1, i64 0, i64 %zext_ln12577_1" [/home/silvenchen/Desktop/DitBlock/WorkDCT/DitBlock/kernel.cpp:12577->/home/silvenchen/Desktop/DitBlock/WorkDCT/DitBlock/kernel.cpp:15624]   --->   Operation 50 'getelementptr' 'Y1_addr' <Predicate = (!icmp_ln12575)> <Delay = 0.00>
ST_2 : Operation 51 [2/2] (2.66ns)   --->   "%v6916 = load i20 %Y1_addr" [/home/silvenchen/Desktop/DitBlock/WorkDCT/DitBlock/kernel.cpp:12577->/home/silvenchen/Desktop/DitBlock/WorkDCT/DitBlock/kernel.cpp:15624]   --->   Operation 51 'load' 'v6916' <Predicate = (!icmp_ln12575)> <Delay = 2.66> <CoreInst = "RAM_2P_URAM">   --->   Core 95 'RAM_2P_URAM' <Latency = 1> <II = 1> <Delay = 2.66> <Storage> <Opcode : 'load' 'store'> <Ports = 2> <Width = 32> <Depth = 1048576> <RAM>
ST_2 : Operation 52 [1/1] (0.73ns)   --->   "%add_ln12576 = add i11 %select_ln12575, i11 1" [/home/silvenchen/Desktop/DitBlock/WorkDCT/DitBlock/kernel.cpp:12576->/home/silvenchen/Desktop/DitBlock/WorkDCT/DitBlock/kernel.cpp:15624]   --->   Operation 52 'add' 'add_ln12576' <Predicate = (!icmp_ln12575)> <Delay = 0.73> <CoreInst = "Adder">   --->   Core 1 'Adder' <Latency = 0> <II = 1> <Delay = 0.73> <FuncUnit> <Opcode : 'add' 'sub'> <InPorts = 2> <OutPorts = 1>
ST_2 : Operation 53 [1/1] (0.73ns)   --->   "%icmp_ln12576_1 = icmp_eq  i11 %add_ln12576, i11 1024" [/home/silvenchen/Desktop/DitBlock/WorkDCT/DitBlock/kernel.cpp:12576->/home/silvenchen/Desktop/DitBlock/WorkDCT/DitBlock/kernel.cpp:15624]   --->   Operation 53 'icmp' 'icmp_ln12576_1' <Predicate = (!icmp_ln12575)> <Delay = 0.73> <CoreInst = "Cmp">   --->   Core 9 'Cmp' <Latency = 0> <II = 1> <Delay = 0.73> <FuncUnit> <Opcode : 'icmp'> <InPorts = 2> <OutPorts = 1>
ST_2 : Operation 54 [1/1] (0.00ns)   --->   "%br_ln12576 = br i1 %icmp_ln12576_1, void %new.latch.for.inc59.i.split, void %last.iter.for.inc59.i.split" [/home/silvenchen/Desktop/DitBlock/WorkDCT/DitBlock/kernel.cpp:12576->/home/silvenchen/Desktop/DitBlock/WorkDCT/DitBlock/kernel.cpp:15624]   --->   Operation 54 'br' 'br_ln12576' <Predicate = (!icmp_ln12575)> <Delay = 0.00>
ST_2 : Operation 55 [1/1] (0.38ns)   --->   "%store_ln12575 = store i21 %add_ln12575_1, i21 %indvar_flatten31" [/home/silvenchen/Desktop/DitBlock/WorkDCT/DitBlock/kernel.cpp:12575->/home/silvenchen/Desktop/DitBlock/WorkDCT/DitBlock/kernel.cpp:15624]   --->   Operation 55 'store' 'store_ln12575' <Predicate = (!icmp_ln12575)> <Delay = 0.38>
ST_2 : Operation 56 [1/1] (0.38ns)   --->   "%store_ln12575 = store i11 %select_ln12575_1, i11 %i13" [/home/silvenchen/Desktop/DitBlock/WorkDCT/DitBlock/kernel.cpp:12575->/home/silvenchen/Desktop/DitBlock/WorkDCT/DitBlock/kernel.cpp:15624]   --->   Operation 56 'store' 'store_ln12575' <Predicate = (!icmp_ln12575)> <Delay = 0.38>
ST_2 : Operation 57 [1/1] (0.38ns)   --->   "%store_ln12576 = store i11 %add_ln12576, i11 %j11" [/home/silvenchen/Desktop/DitBlock/WorkDCT/DitBlock/kernel.cpp:12576->/home/silvenchen/Desktop/DitBlock/WorkDCT/DitBlock/kernel.cpp:15624]   --->   Operation 57 'store' 'store_ln12576' <Predicate = (!icmp_ln12575)> <Delay = 0.38>
ST_2 : Operation 58 [1/1] (0.00ns)   --->   "%br_ln12576 = br void %for.inc59.i" [/home/silvenchen/Desktop/DitBlock/WorkDCT/DitBlock/kernel.cpp:12576->/home/silvenchen/Desktop/DitBlock/WorkDCT/DitBlock/kernel.cpp:15624]   --->   Operation 58 'br' 'br_ln12576' <Predicate = (!icmp_ln12575)> <Delay = 0.00>

State 3 <SV = 2> <Delay = 2.66>
ST_3 : Operation 59 [1/2] (1.20ns)   --->   "%v6917 = load i10 %M_addr" [/home/silvenchen/Desktop/DitBlock/WorkDCT/DitBlock/kernel.cpp:12575->/home/silvenchen/Desktop/DitBlock/WorkDCT/DitBlock/kernel.cpp:15624]   --->   Operation 59 'load' 'v6917' <Predicate = (!icmp_ln12575 & or_ln12575)> <Delay = 1.20> <CoreInst = "RAM">   --->   Core 83 'RAM' <Latency = 1> <II = 1> <Delay = 1.20> <Storage> <Opcode : 'load' 'store'> <Ports = 2> <Width = 32> <Depth = 1024> <RAM>
ST_3 : Operation 60 [1/1] (0.00ns)   --->   "%store_ln12575 = store i32 %v6917, i32 %v69173" [/home/silvenchen/Desktop/DitBlock/WorkDCT/DitBlock/kernel.cpp:12575->/home/silvenchen/Desktop/DitBlock/WorkDCT/DitBlock/kernel.cpp:15624]   --->   Operation 60 'store' 'store_ln12575' <Predicate = (!icmp_ln12575 & or_ln12575)> <Delay = 0.00>
ST_3 : Operation 61 [1/2] (2.66ns)   --->   "%v6916 = load i20 %Y1_addr" [/home/silvenchen/Desktop/DitBlock/WorkDCT/DitBlock/kernel.cpp:12577->/home/silvenchen/Desktop/DitBlock/WorkDCT/DitBlock/kernel.cpp:15624]   --->   Operation 61 'load' 'v6916' <Predicate = (!icmp_ln12575)> <Delay = 2.66> <CoreInst = "RAM_2P_URAM">   --->   Core 95 'RAM_2P_URAM' <Latency = 1> <II = 1> <Delay = 2.66> <Storage> <Opcode : 'load' 'store'> <Ports = 2> <Width = 32> <Depth = 1048576> <RAM>

State 4 <SV = 3> <Delay = 6.14>
ST_4 : Operation 62 [1/1] (0.00ns)   --->   "%v69173_load = load i32 %v69173" [/home/silvenchen/Desktop/DitBlock/WorkDCT/DitBlock/kernel.cpp:12579->/home/silvenchen/Desktop/DitBlock/WorkDCT/DitBlock/kernel.cpp:15624]   --->   Operation 62 'load' 'v69173_load' <Predicate = true> <Delay = 0.00>
ST_4 : Operation 63 [3/3] (6.14ns)   --->   "%v6918 = fsub i32 %v6916, i32 %v69173_load" [/home/silvenchen/Desktop/DitBlock/WorkDCT/DitBlock/kernel.cpp:12579->/home/silvenchen/Desktop/DitBlock/WorkDCT/DitBlock/kernel.cpp:15624]   --->   Operation 63 'fsub' 'v6918' <Predicate = true> <Delay = 6.14> <CoreInst = "FAddSub_fulldsp">   --->   Core 18 'FAddSub_fulldsp' <Latency = 2> <II = 1> <Delay = 6.14> <FuncUnit> <Opcode : 'fadd' 'fsub'> <InPorts = 2> <OutPorts = 1>

State 5 <SV = 4> <Delay = 6.14>
ST_5 : Operation 64 [2/3] (6.14ns)   --->   "%v6918 = fsub i32 %v6916, i32 %v69173_load" [/home/silvenchen/Desktop/DitBlock/WorkDCT/DitBlock/kernel.cpp:12579->/home/silvenchen/Desktop/DitBlock/WorkDCT/DitBlock/kernel.cpp:15624]   --->   Operation 64 'fsub' 'v6918' <Predicate = true> <Delay = 6.14> <CoreInst = "FAddSub_fulldsp">   --->   Core 18 'FAddSub_fulldsp' <Latency = 2> <II = 1> <Delay = 6.14> <FuncUnit> <Opcode : 'fadd' 'fsub'> <InPorts = 2> <OutPorts = 1>

State 6 <SV = 5> <Delay = 6.14>
ST_6 : Operation 65 [1/3] (6.14ns)   --->   "%v6918 = fsub i32 %v6916, i32 %v69173_load" [/home/silvenchen/Desktop/DitBlock/WorkDCT/DitBlock/kernel.cpp:12579->/home/silvenchen/Desktop/DitBlock/WorkDCT/DitBlock/kernel.cpp:15624]   --->   Operation 65 'fsub' 'v6918' <Predicate = true> <Delay = 6.14> <CoreInst = "FAddSub_fulldsp">   --->   Core 18 'FAddSub_fulldsp' <Latency = 2> <II = 1> <Delay = 6.14> <FuncUnit> <Opcode : 'fadd' 'fsub'> <InPorts = 2> <OutPorts = 1>

State 7 <SV = 6> <Delay = 7.03>
ST_7 : Operation 66 [4/4] (7.03ns)   --->   "%v6919 = fexp i32 @llvm.exp.f32, i32 %v6918" [/tools/Xilinx/Vitis_HLS/2023.2/tps/lnx64/gcc-8.3.0/lib/gcc/x86_64-pc-linux-gnu/8.3.0/../../../../include/c++/8.3.0/cmath:223->/home/silvenchen/Desktop/DitBlock/WorkDCT/DitBlock/kernel.cpp:12580->/home/silvenchen/Desktop/DitBlock/WorkDCT/DitBlock/kernel.cpp:15624]   --->   Operation 66 'fexp' 'v6919' <Predicate = true> <Delay = 7.03> <CoreInst = "FExp_fulldsp">   --->   Core 23 'FExp_fulldsp' <Latency = 3> <II = 1> <Delay = 7.03> <FuncUnit> <Opcode : 'fexp'> <InPorts = 1> <OutPorts = 1>

State 8 <SV = 7> <Delay = 7.03>
ST_8 : Operation 67 [2/2] (1.20ns)   --->   "%S_load = load i10 %S_addr" [/home/silvenchen/Desktop/DitBlock/WorkDCT/DitBlock/kernel.cpp:12583->/home/silvenchen/Desktop/DitBlock/WorkDCT/DitBlock/kernel.cpp:15624]   --->   Operation 67 'load' 'S_load' <Predicate = (or_ln12575)> <Delay = 1.20> <CoreInst = "RAM">   --->   Core 83 'RAM' <Latency = 1> <II = 1> <Delay = 1.20> <Storage> <Opcode : 'load' 'store'> <Ports = 2> <Width = 32> <Depth = 1024> <RAM>
ST_8 : Operation 68 [3/4] (7.03ns)   --->   "%v6919 = fexp i32 @llvm.exp.f32, i32 %v6918" [/tools/Xilinx/Vitis_HLS/2023.2/tps/lnx64/gcc-8.3.0/lib/gcc/x86_64-pc-linux-gnu/8.3.0/../../../../include/c++/8.3.0/cmath:223->/home/silvenchen/Desktop/DitBlock/WorkDCT/DitBlock/kernel.cpp:12580->/home/silvenchen/Desktop/DitBlock/WorkDCT/DitBlock/kernel.cpp:15624]   --->   Operation 68 'fexp' 'v6919' <Predicate = true> <Delay = 7.03> <CoreInst = "FExp_fulldsp">   --->   Core 23 'FExp_fulldsp' <Latency = 3> <II = 1> <Delay = 7.03> <FuncUnit> <Opcode : 'fexp'> <InPorts = 1> <OutPorts = 1>

State 9 <SV = 8> <Delay = 7.03>
ST_9 : Operation 69 [1/2] (1.20ns)   --->   "%S_load = load i10 %S_addr" [/home/silvenchen/Desktop/DitBlock/WorkDCT/DitBlock/kernel.cpp:12583->/home/silvenchen/Desktop/DitBlock/WorkDCT/DitBlock/kernel.cpp:15624]   --->   Operation 69 'load' 'S_load' <Predicate = (or_ln12575)> <Delay = 1.20> <CoreInst = "RAM">   --->   Core 83 'RAM' <Latency = 1> <II = 1> <Delay = 1.20> <Storage> <Opcode : 'load' 'store'> <Ports = 2> <Width = 32> <Depth = 1024> <RAM>
ST_9 : Operation 70 [2/4] (7.03ns)   --->   "%v6919 = fexp i32 @llvm.exp.f32, i32 %v6918" [/tools/Xilinx/Vitis_HLS/2023.2/tps/lnx64/gcc-8.3.0/lib/gcc/x86_64-pc-linux-gnu/8.3.0/../../../../include/c++/8.3.0/cmath:223->/home/silvenchen/Desktop/DitBlock/WorkDCT/DitBlock/kernel.cpp:12580->/home/silvenchen/Desktop/DitBlock/WorkDCT/DitBlock/kernel.cpp:15624]   --->   Operation 70 'fexp' 'v6919' <Predicate = true> <Delay = 7.03> <CoreInst = "FExp_fulldsp">   --->   Core 23 'FExp_fulldsp' <Latency = 3> <II = 1> <Delay = 7.03> <FuncUnit> <Opcode : 'fexp'> <InPorts = 1> <OutPorts = 1>

State 10 <SV = 9> <Delay = 7.03>
ST_10 : Operation 71 [1/4] (7.03ns)   --->   "%v6919 = fexp i32 @llvm.exp.f32, i32 %v6918" [/tools/Xilinx/Vitis_HLS/2023.2/tps/lnx64/gcc-8.3.0/lib/gcc/x86_64-pc-linux-gnu/8.3.0/../../../../include/c++/8.3.0/cmath:223->/home/silvenchen/Desktop/DitBlock/WorkDCT/DitBlock/kernel.cpp:12580->/home/silvenchen/Desktop/DitBlock/WorkDCT/DitBlock/kernel.cpp:15624]   --->   Operation 71 'fexp' 'v6919' <Predicate = true> <Delay = 7.03> <CoreInst = "FExp_fulldsp">   --->   Core 23 'FExp_fulldsp' <Latency = 3> <II = 1> <Delay = 7.03> <FuncUnit> <Opcode : 'fexp'> <InPorts = 1> <OutPorts = 1>

State 11 <SV = 10> <Delay = 6.53>
ST_11 : Operation 72 [1/1] (0.38ns)   --->   "%store_ln12583 = store i32 %S_load, i32 %v6921" [/home/silvenchen/Desktop/DitBlock/WorkDCT/DitBlock/kernel.cpp:12583->/home/silvenchen/Desktop/DitBlock/WorkDCT/DitBlock/kernel.cpp:15624]   --->   Operation 72 'store' 'store_ln12583' <Predicate = (or_ln12575)> <Delay = 0.38>
ST_11 : Operation 73 [1/1] (0.00ns)   --->   "%br_ln12576 = br void %for.inc59.i.split" [/home/silvenchen/Desktop/DitBlock/WorkDCT/DitBlock/kernel.cpp:12576->/home/silvenchen/Desktop/DitBlock/WorkDCT/DitBlock/kernel.cpp:15624]   --->   Operation 73 'br' 'br_ln12576' <Predicate = (or_ln12575)> <Delay = 0.00>
ST_11 : Operation 74 [1/1] (0.00ns)   --->   "%v6921_load = load i32 %v6921" [/home/silvenchen/Desktop/DitBlock/WorkDCT/DitBlock/kernel.cpp:12584->/home/silvenchen/Desktop/DitBlock/WorkDCT/DitBlock/kernel.cpp:15624]   --->   Operation 74 'load' 'v6921_load' <Predicate = true> <Delay = 0.00>
ST_11 : Operation 75 [1/1] (2.66ns)   --->   "%store_ln12581 = store i32 %v6919, i20 %Y1_addr" [/home/silvenchen/Desktop/DitBlock/WorkDCT/DitBlock/kernel.cpp:12581->/home/silvenchen/Desktop/DitBlock/WorkDCT/DitBlock/kernel.cpp:15624]   --->   Operation 75 'store' 'store_ln12581' <Predicate = true> <Delay = 2.66> <CoreInst = "RAM_2P_URAM">   --->   Core 95 'RAM_2P_URAM' <Latency = 1> <II = 1> <Delay = 2.66> <Storage> <Opcode : 'load' 'store'> <Ports = 2> <Width = 32> <Depth = 1048576> <RAM>
ST_11 : Operation 76 [3/3] (6.14ns)   --->   "%v6922 = fadd i32 %v6921_load, i32 %v6919" [/home/silvenchen/Desktop/DitBlock/WorkDCT/DitBlock/kernel.cpp:12584->/home/silvenchen/Desktop/DitBlock/WorkDCT/DitBlock/kernel.cpp:15624]   --->   Operation 76 'fadd' 'v6922' <Predicate = true> <Delay = 6.14> <CoreInst = "FAddSub_fulldsp">   --->   Core 18 'FAddSub_fulldsp' <Latency = 2> <II = 1> <Delay = 6.14> <FuncUnit> <Opcode : 'fadd' 'fsub'> <InPorts = 2> <OutPorts = 1>

State 12 <SV = 11> <Delay = 6.14>
ST_12 : Operation 77 [2/3] (6.14ns)   --->   "%v6922 = fadd i32 %v6921_load, i32 %v6919" [/home/silvenchen/Desktop/DitBlock/WorkDCT/DitBlock/kernel.cpp:12584->/home/silvenchen/Desktop/DitBlock/WorkDCT/DitBlock/kernel.cpp:15624]   --->   Operation 77 'fadd' 'v6922' <Predicate = true> <Delay = 6.14> <CoreInst = "FAddSub_fulldsp">   --->   Core 18 'FAddSub_fulldsp' <Latency = 2> <II = 1> <Delay = 6.14> <FuncUnit> <Opcode : 'fadd' 'fsub'> <InPorts = 2> <OutPorts = 1>
ST_12 : Operation 83 [1/1] (0.00ns)   --->   "%ret_ln0 = ret"   --->   Operation 83 'ret' 'ret_ln0' <Predicate = (icmp_ln12575)> <Delay = 0.00>

State 13 <SV = 12> <Delay = 6.53>
ST_13 : Operation 78 [1/1] (0.00ns)   --->   "%specpipeline_ln12576 = specpipeline void @_ssdm_op_SpecPipeline, i32 4294967295, i32 0, i32 0, i32 0, void @empty_191" [/home/silvenchen/Desktop/DitBlock/WorkDCT/DitBlock/kernel.cpp:12576->/home/silvenchen/Desktop/DitBlock/WorkDCT/DitBlock/kernel.cpp:15624]   --->   Operation 78 'specpipeline' 'specpipeline_ln12576' <Predicate = true> <Delay = 0.00>
ST_13 : Operation 79 [1/3] (6.14ns)   --->   "%v6922 = fadd i32 %v6921_load, i32 %v6919" [/home/silvenchen/Desktop/DitBlock/WorkDCT/DitBlock/kernel.cpp:12584->/home/silvenchen/Desktop/DitBlock/WorkDCT/DitBlock/kernel.cpp:15624]   --->   Operation 79 'fadd' 'v6922' <Predicate = true> <Delay = 6.14> <CoreInst = "FAddSub_fulldsp">   --->   Core 18 'FAddSub_fulldsp' <Latency = 2> <II = 1> <Delay = 6.14> <FuncUnit> <Opcode : 'fadd' 'fsub'> <InPorts = 2> <OutPorts = 1>
ST_13 : Operation 80 [1/1] (0.38ns)   --->   "%store_ln12583 = store i32 %v6922, i32 %v6921" [/home/silvenchen/Desktop/DitBlock/WorkDCT/DitBlock/kernel.cpp:12583->/home/silvenchen/Desktop/DitBlock/WorkDCT/DitBlock/kernel.cpp:15624]   --->   Operation 80 'store' 'store_ln12583' <Predicate = (!icmp_ln12575)> <Delay = 0.38>

State 14 <SV = 13> <Delay = 1.20>
ST_14 : Operation 81 [1/1] (1.20ns)   --->   "%store_ln12583 = store i32 %v6922, i10 %S_addr" [/home/silvenchen/Desktop/DitBlock/WorkDCT/DitBlock/kernel.cpp:12583->/home/silvenchen/Desktop/DitBlock/WorkDCT/DitBlock/kernel.cpp:15624]   --->   Operation 81 'store' 'store_ln12583' <Predicate = (icmp_ln12576_1)> <Delay = 1.20> <CoreInst = "RAM">   --->   Core 83 'RAM' <Latency = 1> <II = 1> <Delay = 1.20> <Storage> <Opcode : 'load' 'store'> <Ports = 2> <Width = 32> <Depth = 1024> <RAM>
ST_14 : Operation 82 [1/1] (0.00ns)   --->   "%br_ln12576 = br void %new.latch.for.inc59.i.split" [/home/silvenchen/Desktop/DitBlock/WorkDCT/DitBlock/kernel.cpp:12576->/home/silvenchen/Desktop/DitBlock/WorkDCT/DitBlock/kernel.cpp:15624]   --->   Operation 82 'br' 'br_ln12576' <Predicate = (icmp_ln12576_1)> <Delay = 0.00>


============================================================
+ Verbose Summary: Binding
============================================================
STG Binding: 
---------------- STG Properties BEGIN ----------------
- Is combinational: 0
- Is one-state seq: 0
- Is datapath-only: 0
- Is pipelined: 0
- Is top level: 0
Port [ Return ] is wired: 1; IO mode=ap_ctrl_hs:ce=0
Port [ Y1]:  wired=1; compound=1; hidden=0; nouse=0; global=0; static=0; extern=0; dir=2; type=1; pingpong=0; private_global=0; MemPort=[10]; IO mode=ap_memory:ce=0
Port [ M]:  wired=1; compound=1; hidden=0; nouse=0; global=0; static=0; extern=0; dir=0; type=1; pingpong=0; private_global=0; MemPort=[13]; IO mode=ap_memory:ce=0
Port [ S]:  wired=1; compound=1; hidden=0; nouse=0; global=0; static=0; extern=0; dir=2; type=1; pingpong=0; private_global=0; MemPort=[01]; IO mode=ap_memory:ce=0
---------------- STG Properties END ------------------

---------------- Datapath Model BEGIN ----------------

<LifeTime>
<method=bitvector/>
j11                   (alloca           ) [ 011000000000000]
i13                   (alloca           ) [ 011000000000000]
indvar_flatten31      (alloca           ) [ 011000000000000]
v6921                 (alloca           ) [ 011111111111110]
v69173                (alloca           ) [ 011110000000000]
specmemcore_ln0       (specmemcore      ) [ 000000000000000]
store_ln0             (store            ) [ 000000000000000]
store_ln12575         (store            ) [ 000000000000000]
store_ln12576         (store            ) [ 000000000000000]
br_ln0                (br               ) [ 011000000000000]
first_iter_4          (phi              ) [ 001000000000000]
indvar_flatten31_load (load             ) [ 000000000000000]
icmp_ln12575          (icmp             ) [ 011111111111111]
add_ln12575_1         (add              ) [ 000000000000000]
br_ln12575            (br               ) [ 000000000000000]
j11_load              (load             ) [ 000000000000000]
i13_load              (load             ) [ 000000000000000]
add_ln12575           (add              ) [ 000000000000000]
specloopname_ln0      (specloopname     ) [ 000000000000000]
speclooptripcount_ln0 (speclooptripcount) [ 000000000000000]
icmp_ln12576          (icmp             ) [ 000000000000000]
or_ln12575            (or               ) [ 011111111111000]
select_ln12575        (select           ) [ 000000000000000]
select_ln12575_1      (select           ) [ 000000000000000]
trunc_ln12575         (trunc            ) [ 000000000000000]
zext_ln12575          (zext             ) [ 000000000000000]
tmp_s                 (bitconcatenate   ) [ 000000000000000]
M_addr                (getelementptr    ) [ 010100000000000]
S_addr                (getelementptr    ) [ 011111111111111]
br_ln12576            (br               ) [ 000000000000000]
zext_ln12577          (zext             ) [ 000000000000000]
add_ln12577           (add              ) [ 000000000000000]
zext_ln12577_1        (zext             ) [ 000000000000000]
Y1_addr               (getelementptr    ) [ 011111111111000]
add_ln12576           (add              ) [ 000000000000000]
icmp_ln12576_1        (icmp             ) [ 011111111111111]
br_ln12576            (br               ) [ 000000000000000]
store_ln12575         (store            ) [ 000000000000000]
store_ln12575         (store            ) [ 000000000000000]
store_ln12576         (store            ) [ 000000000000000]
br_ln12576            (br               ) [ 011000000000000]
v6917                 (load             ) [ 000000000000000]
store_ln12575         (store            ) [ 000000000000000]
v6916                 (load             ) [ 011011100000000]
v69173_load           (load             ) [ 011001100000000]
v6918                 (fsub             ) [ 011000011110000]
S_load                (load             ) [ 011000000011000]
v6919                 (fexp             ) [ 011000000001110]
store_ln12583         (store            ) [ 000000000000000]
br_ln12576            (br               ) [ 000000000000000]
v6921_load            (load             ) [ 011000000000110]
store_ln12581         (store            ) [ 000000000000000]
specpipeline_ln12576  (specpipeline     ) [ 000000000000000]
v6922                 (fadd             ) [ 001000000000001]
store_ln12583         (store            ) [ 000000000000000]
store_ln12583         (store            ) [ 000000000000000]
br_ln12576            (br               ) [ 000000000000000]
ret_ln0               (ret              ) [ 000000000000000]
</LifeTime>

<model>

<comp_list>
<comp id="0" class="1000" name="Y1">
<pin_list>
<pin id="1" dir="1" index="0" bw="1" slack="0"/>
</pin_list>
<bind>
<StgValue><ssdm name="Y1"/><MemPortTyVec>1 0 </MemPortTyVec>
</StgValue>
</bind>
</comp>

<comp id="2" class="1000" name="M">
<pin_list>
<pin id="3" dir="1" index="0" bw="1" slack="0"/>
</pin_list>
<bind>
<StgValue><ssdm name="M"/><MemPortTyVec>1 3 </MemPortTyVec>
</StgValue>
</bind>
</comp>

<comp id="4" class="1000" name="S">
<pin_list>
<pin id="5" dir="1" index="0" bw="1" slack="0"/>
</pin_list>
<bind>
<StgValue><ssdm name="S"/><MemPortTyVec>0 1 </MemPortTyVec>
</StgValue>
</bind>
</comp>

<comp id="6" class="1001" name="const_6">
<pin_list>
<pin id="7" dir="1" index="0" bw="1" slack="0"/>
</pin_list>
<bind>
<StgValue><ssdm name=""/></StgValue>
</bind>
</comp>

<comp id="8" class="1001" name="const_8">
<pin_list>
<pin id="9" dir="1" index="0" bw="1" slack="2147483647"/>
</pin_list>
<bind>
<StgValue><ssdm name="_ssdm_op_SpecMemCore"/></StgValue>
</bind>
</comp>

<comp id="10" class="1001" name="const_10">
<pin_list>
<pin id="11" dir="1" index="0" bw="1" slack="2147483647"/>
</pin_list>
<bind>
<StgValue><ssdm name=""/></StgValue>
</bind>
</comp>

<comp id="12" class="1001" name="const_12">
<pin_list>
<pin id="13" dir="1" index="0" bw="1" slack="2147483647"/>
</pin_list>
<bind>
<StgValue><ssdm name=""/></StgValue>
</bind>
</comp>

<comp id="14" class="1001" name="const_14">
<pin_list>
<pin id="15" dir="1" index="0" bw="1" slack="2147483647"/>
</pin_list>
<bind>
<StgValue><ssdm name=""/></StgValue>
</bind>
</comp>

<comp id="16" class="1001" name="const_16">
<pin_list>
<pin id="17" dir="1" index="0" bw="1" slack="0"/>
</pin_list>
<bind>
<StgValue><ssdm name=""/></StgValue>
</bind>
</comp>

<comp id="18" class="1001" name="const_18">
<pin_list>
<pin id="19" dir="1" index="0" bw="1" slack="0"/>
</pin_list>
<bind>
<StgValue><ssdm name=""/></StgValue>
</bind>
</comp>

<comp id="20" class="1001" name="const_20">
<pin_list>
<pin id="21" dir="1" index="0" bw="1" slack="0"/>
</pin_list>
<bind>
<StgValue><ssdm name=""/></StgValue>
</bind>
</comp>

<comp id="22" class="1001" name="const_22">
<pin_list>
<pin id="23" dir="1" index="0" bw="1" slack="1"/>
</pin_list>
<bind>
<StgValue><ssdm name=""/></StgValue>
</bind>
</comp>

<comp id="24" class="1001" name="const_24">
<pin_list>
<pin id="25" dir="1" index="0" bw="1" slack="0"/>
</pin_list>
<bind>
<StgValue><ssdm name=""/></StgValue>
</bind>
</comp>

<comp id="26" class="1001" name="const_26">
<pin_list>
<pin id="27" dir="1" index="0" bw="1" slack="0"/>
</pin_list>
<bind>
<StgValue><ssdm name=""/></StgValue>
</bind>
</comp>

<comp id="28" class="1001" name="const_28">
<pin_list>
<pin id="29" dir="1" index="0" bw="1" slack="0"/>
</pin_list>
<bind>
<StgValue><ssdm name=""/></StgValue>
</bind>
</comp>

<comp id="30" class="1001" name="const_30">
<pin_list>
<pin id="31" dir="1" index="0" bw="1" slack="2147483647"/>
</pin_list>
<bind>
<StgValue><ssdm name="_ssdm_op_SpecLoopName"/></StgValue>
</bind>
</comp>

<comp id="32" class="1001" name="const_32">
<pin_list>
<pin id="33" dir="1" index="0" bw="1" slack="2147483647"/>
</pin_list>
<bind>
<StgValue><ssdm name="l_exp_sum_i13_l_j11_str"/></StgValue>
</bind>
</comp>

<comp id="34" class="1001" name="const_34">
<pin_list>
<pin id="35" dir="1" index="0" bw="1" slack="2147483647"/>
</pin_list>
<bind>
<StgValue><ssdm name="_ssdm_op_SpecLoopTripCount"/></StgValue>
</bind>
</comp>

<comp id="36" class="1001" name="const_36">
<pin_list>
<pin id="37" dir="1" index="0" bw="1" slack="2147483647"/>
</pin_list>
<bind>
<StgValue><ssdm name=""/></StgValue>
</bind>
</comp>

<comp id="38" class="1001" name="const_38">
<pin_list>
<pin id="39" dir="1" index="0" bw="1" slack="0"/>
</pin_list>
<bind>
<StgValue><ssdm name=""/></StgValue>
</bind>
</comp>

<comp id="40" class="1001" name="const_40">
<pin_list>
<pin id="41" dir="1" index="0" bw="1" slack="0"/>
</pin_list>
<bind>
<StgValue><ssdm name="_ssdm_op_BitConcatenate.i20.i10.i10"/></StgValue>
</bind>
</comp>

<comp id="42" class="1001" name="const_42">
<pin_list>
<pin id="43" dir="1" index="0" bw="1" slack="0"/>
</pin_list>
<bind>
<StgValue><ssdm name=""/></StgValue>
</bind>
</comp>

<comp id="44" class="1001" name="const_44">
<pin_list>
<pin id="45" dir="1" index="0" bw="1" slack="0"/>
</pin_list>
<bind>
<StgValue><ssdm name=""/></StgValue>
</bind>
</comp>

<comp id="46" class="1001" name="const_46">
<pin_list>
<pin id="47" dir="1" index="0" bw="1" slack="0"/>
</pin_list>
<bind>
<StgValue><ssdm name="llvm.exp.f32"/></StgValue>
</bind>
</comp>

<comp id="48" class="1001" name="const_48">
<pin_list>
<pin id="49" dir="1" index="0" bw="1" slack="2147483647"/>
</pin_list>
<bind>
<StgValue><ssdm name="_ssdm_op_SpecPipeline"/></StgValue>
</bind>
</comp>

<comp id="50" class="1001" name="const_50">
<pin_list>
<pin id="51" dir="1" index="0" bw="1" slack="2147483647"/>
</pin_list>
<bind>
<StgValue><ssdm name=""/></StgValue>
</bind>
</comp>

<comp id="52" class="1001" name="const_52">
<pin_list>
<pin id="53" dir="1" index="0" bw="1" slack="2147483647"/>
</pin_list>
<bind>
<StgValue><ssdm name=""/></StgValue>
</bind>
</comp>

<comp id="54" class="1001" name="const_54">
<pin_list>
<pin id="55" dir="1" index="0" bw="1" slack="2147483647"/>
</pin_list>
<bind>
<StgValue><ssdm name="empty_191"/></StgValue>
</bind>
</comp>

<comp id="56" class="1004" name="j11_fu_56">
<pin_list>
<pin id="57" dir="0" index="0" bw="1" slack="0"/>
<pin id="58" dir="1" index="1" bw="11" slack="0"/>
</pin_list>
<bind>
<opcode="alloca(26) " fcode="alloca"/>
<opset="j11/1 "/>
</bind>
</comp>

<comp id="60" class="1004" name="i13_fu_60">
<pin_list>
<pin id="61" dir="0" index="0" bw="1" slack="0"/>
<pin id="62" dir="1" index="1" bw="11" slack="0"/>
</pin_list>
<bind>
<opcode="alloca(26) " fcode="alloca"/>
<opset="i13/1 "/>
</bind>
</comp>

<comp id="64" class="1004" name="indvar_flatten31_fu_64">
<pin_list>
<pin id="65" dir="0" index="0" bw="1" slack="0"/>
<pin id="66" dir="1" index="1" bw="21" slack="0"/>
</pin_list>
<bind>
<opcode="alloca(26) " fcode="alloca"/>
<opset="indvar_flatten31/1 "/>
</bind>
</comp>

<comp id="68" class="1004" name="v6921_fu_68">
<pin_list>
<pin id="69" dir="0" index="0" bw="1" slack="0"/>
<pin id="70" dir="1" index="1" bw="32" slack="10"/>
</pin_list>
<bind>
<opcode="alloca(26) " fcode="alloca"/>
<opset="v6921/1 "/>
</bind>
</comp>

<comp id="72" class="1004" name="v69173_fu_72">
<pin_list>
<pin id="73" dir="0" index="0" bw="1" slack="0"/>
<pin id="74" dir="1" index="1" bw="32" slack="2"/>
</pin_list>
<bind>
<opcode="alloca(26) " fcode="alloca"/>
<opset="v69173/1 "/>
</bind>
</comp>

<comp id="76" class="1004" name="M_addr_gep_fu_76">
<pin_list>
<pin id="77" dir="0" index="0" bw="32" slack="0"/>
<pin id="78" dir="0" index="1" bw="1" slack="0"/>
<pin id="79" dir="0" index="2" bw="11" slack="0"/>
<pin id="80" dir="1" index="3" bw="10" slack="0"/>
</pin_list>
<bind>
<opcode="getelementptr(29) " fcode="getelementptr"/>
<opset="M_addr/2 "/>
</bind>
</comp>

<comp id="83" class="1004" name="S_addr_gep_fu_83">
<pin_list>
<pin id="84" dir="0" index="0" bw="32" slack="0"/>
<pin id="85" dir="0" index="1" bw="1" slack="0"/>
<pin id="86" dir="0" index="2" bw="11" slack="0"/>
<pin id="87" dir="1" index="3" bw="10" slack="6"/>
</pin_list>
<bind>
<opcode="getelementptr(29) " fcode="getelementptr"/>
<opset="S_addr/2 "/>
</bind>
</comp>

<comp id="90" class="1004" name="grp_access_fu_90">
<pin_list>
<pin id="91" dir="0" index="0" bw="10" slack="0"/>
<pin id="92" dir="0" index="1" bw="32" slack="2147483647"/>
<pin id="93" dir="0" index="2" bw="0" slack="2147483647"/>
<pin id="94" dir="1" index="3" bw="32" slack="0"/>
</pin_list>
<bind>
<opcode="load(27) " fcode="load"/>
<opset="v6917/2 "/>
</bind>
</comp>

<comp id="96" class="1004" name="Y1_addr_gep_fu_96">
<pin_list>
<pin id="97" dir="0" index="0" bw="32" slack="0"/>
<pin id="98" dir="0" index="1" bw="1" slack="0"/>
<pin id="99" dir="0" index="2" bw="20" slack="0"/>
<pin id="100" dir="1" index="3" bw="20" slack="0"/>
</pin_list>
<bind>
<opcode="getelementptr(29) " fcode="getelementptr"/>
<opset="Y1_addr/2 "/>
</bind>
</comp>

<comp id="103" class="1004" name="grp_access_fu_103">
<pin_list>
<pin id="104" dir="0" index="0" bw="20" slack="0"/>
<pin id="105" dir="0" index="1" bw="32" slack="2147483647"/>
<pin id="106" dir="0" index="2" bw="0" slack="9"/>
<pin id="118" dir="0" index="4" bw="20" slack="1"/>
<pin id="119" dir="0" index="5" bw="32" slack="2147483647"/>
<pin id="120" dir="0" index="6" bw="0" slack="2147483647"/>
<pin id="107" dir="1" index="3" bw="32" slack="1"/>
<pin id="121" dir="1" index="7" bw="32" slack="2147483647"/>
</pin_list>
<bind>
<opcode="load(27) store(28) " fcode="store"/>
<opset="v6916/2 store_ln12581/11 "/>
</bind>
</comp>

<comp id="109" class="1004" name="grp_access_fu_109">
<pin_list>
<pin id="110" dir="0" index="0" bw="10" slack="12"/>
<pin id="111" dir="0" index="1" bw="32" slack="1"/>
<pin id="112" dir="0" index="2" bw="0" slack="6"/>
<pin id="114" dir="0" index="4" bw="10" slack="2147483647"/>
<pin id="115" dir="0" index="5" bw="32" slack="2147483647"/>
<pin id="116" dir="0" index="6" bw="0" slack="2147483647"/>
<pin id="113" dir="1" index="3" bw="32" slack="2147483647"/>
<pin id="117" dir="1" index="7" bw="32" slack="2"/>
</pin_list>
<bind>
<opcode="load(27) store(28) " fcode="store"/>
<opset="S_load/8 store_ln12583/14 "/>
</bind>
</comp>

<comp id="122" class="1005" name="first_iter_4_reg_122">
<pin_list>
<pin id="123" dir="0" index="0" bw="1" slack="1"/>
<pin id="124" dir="1" index="1" bw="1" slack="1"/>
</pin_list>
<bind>
<opset="first_iter_4 (phireg) "/>
</bind>
</comp>

<comp id="126" class="1004" name="first_iter_4_phi_fu_126">
<pin_list>
<pin id="127" dir="0" index="0" bw="1" slack="0"/>
<pin id="128" dir="0" index="1" bw="0" slack="2147483647"/>
<pin id="129" dir="0" index="2" bw="1" slack="1"/>
<pin id="130" dir="0" index="3" bw="0" slack="2147483647"/>
<pin id="131" dir="1" index="4" bw="1" slack="0"/>
</pin_list>
<bind>
<opcode="phi(47) " fcode="phi"/>
<opset="first_iter_4/2 "/>
</bind>
</comp>

<comp id="134" class="1004" name="grp_fu_134">
<pin_list>
<pin id="135" dir="0" index="0" bw="32" slack="0"/>
<pin id="136" dir="0" index="1" bw="32" slack="0"/>
<pin id="137" dir="1" index="2" bw="32" slack="0"/>
</pin_list>
<bind>
<opcode="fadd(9) fsub(11) " fcode="fadd"/>
<opset="v6918/4 v6922/11 "/>
</bind>
</comp>

<comp id="138" class="1004" name="grp_fu_138">
<pin_list>
<pin id="139" dir="0" index="0" bw="32" slack="0"/>
<pin id="140" dir="0" index="1" bw="32" slack="1"/>
<pin id="141" dir="1" index="2" bw="32" slack="1"/>
</pin_list>
<bind>
<opcode="fexp(507) " fcode="fexp"/>
<opset="v6919/7 "/>
</bind>
</comp>

<comp id="143" class="1004" name="store_ln0_store_fu_143">
<pin_list>
<pin id="144" dir="0" index="0" bw="1" slack="0"/>
<pin id="145" dir="0" index="1" bw="21" slack="0"/>
<pin id="146" dir="1" index="2" bw="0" slack="2147483647"/>
</pin_list>
<bind>
<opcode="store(28) " fcode="store"/>
<opset="store_ln0/1 "/>
</bind>
</comp>

<comp id="148" class="1004" name="store_ln12575_store_fu_148">
<pin_list>
<pin id="149" dir="0" index="0" bw="1" slack="0"/>
<pin id="150" dir="0" index="1" bw="11" slack="0"/>
<pin id="151" dir="1" index="2" bw="0" slack="2147483647"/>
</pin_list>
<bind>
<opcode="store(28) " fcode="store"/>
<opset="store_ln12575/1 "/>
</bind>
</comp>

<comp id="153" class="1004" name="store_ln12576_store_fu_153">
<pin_list>
<pin id="154" dir="0" index="0" bw="1" slack="0"/>
<pin id="155" dir="0" index="1" bw="11" slack="0"/>
<pin id="156" dir="1" index="2" bw="0" slack="2147483647"/>
</pin_list>
<bind>
<opcode="store(28) " fcode="store"/>
<opset="store_ln12576/1 "/>
</bind>
</comp>

<comp id="158" class="1004" name="indvar_flatten31_load_load_fu_158">
<pin_list>
<pin id="159" dir="0" index="0" bw="21" slack="1"/>
<pin id="160" dir="1" index="1" bw="21" slack="0"/>
</pin_list>
<bind>
<opcode="load(27) " fcode="load"/>
<opset="indvar_flatten31_load/2 "/>
</bind>
</comp>

<comp id="161" class="1004" name="icmp_ln12575_fu_161">
<pin_list>
<pin id="162" dir="0" index="0" bw="21" slack="0"/>
<pin id="163" dir="0" index="1" bw="21" slack="0"/>
<pin id="164" dir="1" index="2" bw="1" slack="1"/>
</pin_list>
<bind>
<opcode="icmp(45) " fcode="icmp"/>
<opset="icmp_ln12575/2 "/>
</bind>
</comp>

<comp id="167" class="1004" name="add_ln12575_1_fu_167">
<pin_list>
<pin id="168" dir="0" index="0" bw="21" slack="0"/>
<pin id="169" dir="0" index="1" bw="1" slack="0"/>
<pin id="170" dir="1" index="2" bw="21" slack="0"/>
</pin_list>
<bind>
<opcode="add(8) " fcode="add"/>
<opset="add_ln12575_1/2 "/>
</bind>
</comp>

<comp id="173" class="1004" name="j11_load_load_fu_173">
<pin_list>
<pin id="174" dir="0" index="0" bw="11" slack="1"/>
<pin id="175" dir="1" index="1" bw="11" slack="0"/>
</pin_list>
<bind>
<opcode="load(27) " fcode="load"/>
<opset="j11_load/2 "/>
</bind>
</comp>

<comp id="176" class="1004" name="i13_load_load_fu_176">
<pin_list>
<pin id="177" dir="0" index="0" bw="11" slack="1"/>
<pin id="178" dir="1" index="1" bw="11" slack="0"/>
</pin_list>
<bind>
<opcode="load(27) " fcode="load"/>
<opset="i13_load/2 "/>
</bind>
</comp>

<comp id="179" class="1004" name="add_ln12575_fu_179">
<pin_list>
<pin id="180" dir="0" index="0" bw="11" slack="0"/>
<pin id="181" dir="0" index="1" bw="1" slack="0"/>
<pin id="182" dir="1" index="2" bw="11" slack="0"/>
</pin_list>
<bind>
<opcode="add(8) " fcode="add"/>
<opset="add_ln12575/2 "/>
</bind>
</comp>

<comp id="185" class="1004" name="icmp_ln12576_fu_185">
<pin_list>
<pin id="186" dir="0" index="0" bw="11" slack="0"/>
<pin id="187" dir="0" index="1" bw="11" slack="0"/>
<pin id="188" dir="1" index="2" bw="1" slack="0"/>
</pin_list>
<bind>
<opcode="icmp(45) " fcode="icmp"/>
<opset="icmp_ln12576/2 "/>
</bind>
</comp>

<comp id="191" class="1004" name="or_ln12575_fu_191">
<pin_list>
<pin id="192" dir="0" index="0" bw="1" slack="0"/>
<pin id="193" dir="0" index="1" bw="1" slack="0"/>
<pin id="194" dir="1" index="2" bw="1" slack="1"/>
</pin_list>
<bind>
<opcode="or(24) " fcode="or"/>
<opset="or_ln12575/2 "/>
</bind>
</comp>

<comp id="197" class="1004" name="select_ln12575_fu_197">
<pin_list>
<pin id="198" dir="0" index="0" bw="1" slack="0"/>
<pin id="199" dir="0" index="1" bw="1" slack="0"/>
<pin id="200" dir="0" index="2" bw="11" slack="0"/>
<pin id="201" dir="1" index="3" bw="11" slack="0"/>
</pin_list>
<bind>
<opcode="select(49) " fcode="select"/>
<opset="select_ln12575/2 "/>
</bind>
</comp>

<comp id="205" class="1004" name="select_ln12575_1_fu_205">
<pin_list>
<pin id="206" dir="0" index="0" bw="1" slack="0"/>
<pin id="207" dir="0" index="1" bw="11" slack="0"/>
<pin id="208" dir="0" index="2" bw="11" slack="0"/>
<pin id="209" dir="1" index="3" bw="11" slack="0"/>
</pin_list>
<bind>
<opcode="select(49) " fcode="select"/>
<opset="select_ln12575_1/2 "/>
</bind>
</comp>

<comp id="213" class="1004" name="trunc_ln12575_fu_213">
<pin_list>
<pin id="214" dir="0" index="0" bw="11" slack="0"/>
<pin id="215" dir="1" index="1" bw="10" slack="0"/>
</pin_list>
<bind>
<opcode="trunc(33) " fcode="trunc"/>
<opset="trunc_ln12575/2 "/>
</bind>
</comp>

<comp id="217" class="1004" name="zext_ln12575_fu_217">
<pin_list>
<pin id="218" dir="0" index="0" bw="11" slack="0"/>
<pin id="219" dir="1" index="1" bw="64" slack="0"/>
</pin_list>
<bind>
<opcode="zext(34) " fcode="zext"/>
<opset="zext_ln12575/2 "/>
</bind>
</comp>

<comp id="223" class="1004" name="tmp_s_fu_223">
<pin_list>
<pin id="224" dir="0" index="0" bw="20" slack="0"/>
<pin id="225" dir="0" index="1" bw="10" slack="0"/>
<pin id="226" dir="0" index="2" bw="1" slack="0"/>
<pin id="227" dir="1" index="3" bw="20" slack="0"/>
</pin_list>
<bind>
<opcode="bitconcatenate(1004) " fcode="bitconcatenate"/>
<opset="tmp_s/2 "/>
</bind>
</comp>

<comp id="231" class="1004" name="zext_ln12577_fu_231">
<pin_list>
<pin id="232" dir="0" index="0" bw="11" slack="0"/>
<pin id="233" dir="1" index="1" bw="20" slack="0"/>
</pin_list>
<bind>
<opcode="zext(34) " fcode="zext"/>
<opset="zext_ln12577/2 "/>
</bind>
</comp>

<comp id="235" class="1004" name="add_ln12577_fu_235">
<pin_list>
<pin id="236" dir="0" index="0" bw="20" slack="0"/>
<pin id="237" dir="0" index="1" bw="11" slack="0"/>
<pin id="238" dir="1" index="2" bw="20" slack="0"/>
</pin_list>
<bind>
<opcode="add(8) " fcode="add"/>
<opset="add_ln12577/2 "/>
</bind>
</comp>

<comp id="241" class="1004" name="zext_ln12577_1_fu_241">
<pin_list>
<pin id="242" dir="0" index="0" bw="20" slack="0"/>
<pin id="243" dir="1" index="1" bw="64" slack="0"/>
</pin_list>
<bind>
<opcode="zext(34) " fcode="zext"/>
<opset="zext_ln12577_1/2 "/>
</bind>
</comp>

<comp id="246" class="1004" name="add_ln12576_fu_246">
<pin_list>
<pin id="247" dir="0" index="0" bw="11" slack="0"/>
<pin id="248" dir="0" index="1" bw="1" slack="0"/>
<pin id="249" dir="1" index="2" bw="11" slack="0"/>
</pin_list>
<bind>
<opcode="add(8) " fcode="add"/>
<opset="add_ln12576/2 "/>
</bind>
</comp>

<comp id="252" class="1004" name="icmp_ln12576_1_fu_252">
<pin_list>
<pin id="253" dir="0" index="0" bw="11" slack="0"/>
<pin id="254" dir="0" index="1" bw="11" slack="0"/>
<pin id="255" dir="1" index="2" bw="1" slack="12"/>
</pin_list>
<bind>
<opcode="icmp(45) " fcode="icmp"/>
<opset="icmp_ln12576_1/2 "/>
</bind>
</comp>

<comp id="258" class="1004" name="store_ln12575_store_fu_258">
<pin_list>
<pin id="259" dir="0" index="0" bw="21" slack="0"/>
<pin id="260" dir="0" index="1" bw="21" slack="1"/>
<pin id="261" dir="1" index="2" bw="0" slack="2147483647"/>
</pin_list>
<bind>
<opcode="store(28) " fcode="store"/>
<opset="store_ln12575/2 "/>
</bind>
</comp>

<comp id="263" class="1004" name="store_ln12575_store_fu_263">
<pin_list>
<pin id="264" dir="0" index="0" bw="11" slack="0"/>
<pin id="265" dir="0" index="1" bw="11" slack="1"/>
<pin id="266" dir="1" index="2" bw="0" slack="2147483647"/>
</pin_list>
<bind>
<opcode="store(28) " fcode="store"/>
<opset="store_ln12575/2 "/>
</bind>
</comp>

<comp id="268" class="1004" name="store_ln12576_store_fu_268">
<pin_list>
<pin id="269" dir="0" index="0" bw="11" slack="0"/>
<pin id="270" dir="0" index="1" bw="11" slack="1"/>
<pin id="271" dir="1" index="2" bw="0" slack="2147483647"/>
</pin_list>
<bind>
<opcode="store(28) " fcode="store"/>
<opset="store_ln12576/2 "/>
</bind>
</comp>

<comp id="273" class="1004" name="store_ln12575_store_fu_273">
<pin_list>
<pin id="274" dir="0" index="0" bw="32" slack="0"/>
<pin id="275" dir="0" index="1" bw="32" slack="2"/>
<pin id="276" dir="1" index="2" bw="0" slack="2147483647"/>
</pin_list>
<bind>
<opcode="store(28) " fcode="store"/>
<opset="store_ln12575/3 "/>
</bind>
</comp>

<comp id="278" class="1004" name="v69173_load_load_fu_278">
<pin_list>
<pin id="279" dir="0" index="0" bw="32" slack="3"/>
<pin id="280" dir="1" index="1" bw="32" slack="0"/>
</pin_list>
<bind>
<opcode="load(27) " fcode="load"/>
<opset="v69173_load/4 "/>
</bind>
</comp>

<comp id="282" class="1004" name="store_ln12583_store_fu_282">
<pin_list>
<pin id="283" dir="0" index="0" bw="32" slack="2"/>
<pin id="284" dir="0" index="1" bw="32" slack="10"/>
<pin id="285" dir="1" index="2" bw="0" slack="2147483647"/>
</pin_list>
<bind>
<opcode="store(28) " fcode="store"/>
<opset="store_ln12583/11 "/>
</bind>
</comp>

<comp id="286" class="1004" name="v6921_load_load_fu_286">
<pin_list>
<pin id="287" dir="0" index="0" bw="32" slack="10"/>
<pin id="288" dir="1" index="1" bw="32" slack="0"/>
</pin_list>
<bind>
<opcode="load(27) " fcode="load"/>
<opset="v6921_load/11 "/>
</bind>
</comp>

<comp id="290" class="1004" name="store_ln12583_store_fu_290">
<pin_list>
<pin id="291" dir="0" index="0" bw="32" slack="0"/>
<pin id="292" dir="0" index="1" bw="32" slack="12"/>
<pin id="293" dir="1" index="2" bw="0" slack="2147483647"/>
</pin_list>
<bind>
<opcode="store(28) " fcode="store"/>
<opset="store_ln12583/13 "/>
</bind>
</comp>

<comp id="295" class="1005" name="j11_reg_295">
<pin_list>
<pin id="296" dir="0" index="0" bw="11" slack="0"/>
<pin id="297" dir="1" index="1" bw="11" slack="0"/>
</pin_list>
<bind>
<opset="j11 "/>
</bind>
</comp>

<comp id="302" class="1005" name="i13_reg_302">
<pin_list>
<pin id="303" dir="0" index="0" bw="11" slack="0"/>
<pin id="304" dir="1" index="1" bw="11" slack="0"/>
</pin_list>
<bind>
<opset="i13 "/>
</bind>
</comp>

<comp id="309" class="1005" name="indvar_flatten31_reg_309">
<pin_list>
<pin id="310" dir="0" index="0" bw="21" slack="0"/>
<pin id="311" dir="1" index="1" bw="21" slack="0"/>
</pin_list>
<bind>
<opset="indvar_flatten31 "/>
</bind>
</comp>

<comp id="316" class="1005" name="v6921_reg_316">
<pin_list>
<pin id="317" dir="0" index="0" bw="32" slack="10"/>
<pin id="318" dir="1" index="1" bw="32" slack="10"/>
</pin_list>
<bind>
<opset="v6921 "/>
</bind>
</comp>

<comp id="323" class="1005" name="v69173_reg_323">
<pin_list>
<pin id="324" dir="0" index="0" bw="32" slack="2"/>
<pin id="325" dir="1" index="1" bw="32" slack="2"/>
</pin_list>
<bind>
<opset="v69173 "/>
</bind>
</comp>

<comp id="329" class="1005" name="icmp_ln12575_reg_329">
<pin_list>
<pin id="330" dir="0" index="0" bw="1" slack="1"/>
<pin id="331" dir="1" index="1" bw="1" slack="2147483647"/>
</pin_list>
<bind>
<opset="icmp_ln12575 "/>
</bind>
</comp>

<comp id="333" class="1005" name="or_ln12575_reg_333">
<pin_list>
<pin id="334" dir="0" index="0" bw="1" slack="1"/>
<pin id="335" dir="1" index="1" bw="1" slack="2147483647"/>
</pin_list>
<bind>
<opset="or_ln12575 "/>
</bind>
</comp>

<comp id="337" class="1005" name="M_addr_reg_337">
<pin_list>
<pin id="338" dir="0" index="0" bw="10" slack="1"/>
<pin id="339" dir="1" index="1" bw="10" slack="1"/>
</pin_list>
<bind>
<opset="M_addr "/>
</bind>
</comp>

<comp id="342" class="1005" name="S_addr_reg_342">
<pin_list>
<pin id="343" dir="0" index="0" bw="10" slack="6"/>
<pin id="344" dir="1" index="1" bw="10" slack="6"/>
</pin_list>
<bind>
<opset="S_addr "/>
</bind>
</comp>

<comp id="348" class="1005" name="Y1_addr_reg_348">
<pin_list>
<pin id="349" dir="0" index="0" bw="20" slack="1"/>
<pin id="350" dir="1" index="1" bw="20" slack="1"/>
</pin_list>
<bind>
<opset="Y1_addr "/>
</bind>
</comp>

<comp id="354" class="1005" name="icmp_ln12576_1_reg_354">
<pin_list>
<pin id="355" dir="0" index="0" bw="1" slack="12"/>
<pin id="356" dir="1" index="1" bw="1" slack="2147483647"/>
</pin_list>
<bind>
<opset="icmp_ln12576_1 "/>
</bind>
</comp>

<comp id="358" class="1005" name="v6916_reg_358">
<pin_list>
<pin id="359" dir="0" index="0" bw="32" slack="1"/>
<pin id="360" dir="1" index="1" bw="32" slack="1"/>
</pin_list>
<bind>
<opset="v6916 "/>
</bind>
</comp>

<comp id="363" class="1005" name="v69173_load_reg_363">
<pin_list>
<pin id="364" dir="0" index="0" bw="32" slack="1"/>
<pin id="365" dir="1" index="1" bw="32" slack="1"/>
</pin_list>
<bind>
<opset="v69173_load "/>
</bind>
</comp>

<comp id="368" class="1005" name="v6918_reg_368">
<pin_list>
<pin id="369" dir="0" index="0" bw="32" slack="1"/>
<pin id="370" dir="1" index="1" bw="32" slack="1"/>
</pin_list>
<bind>
<opset="v6918 "/>
</bind>
</comp>

<comp id="373" class="1005" name="S_load_reg_373">
<pin_list>
<pin id="374" dir="0" index="0" bw="32" slack="2"/>
<pin id="375" dir="1" index="1" bw="32" slack="2"/>
</pin_list>
<bind>
<opset="S_load "/>
</bind>
</comp>

<comp id="378" class="1005" name="v6919_reg_378">
<pin_list>
<pin id="379" dir="0" index="0" bw="32" slack="1"/>
<pin id="380" dir="1" index="1" bw="32" slack="1"/>
</pin_list>
<bind>
<opset="v6919 "/>
</bind>
</comp>

<comp id="384" class="1005" name="v6921_load_reg_384">
<pin_list>
<pin id="385" dir="0" index="0" bw="32" slack="1"/>
<pin id="386" dir="1" index="1" bw="32" slack="1"/>
</pin_list>
<bind>
<opset="v6921_load "/>
</bind>
</comp>

<comp id="389" class="1005" name="v6922_reg_389">
<pin_list>
<pin id="390" dir="0" index="0" bw="32" slack="1"/>
<pin id="391" dir="1" index="1" bw="32" slack="1"/>
</pin_list>
<bind>
<opset="v6922 "/>
</bind>
</comp>

</comp_list>

<net_list>
<net id="59"><net_src comp="6" pin="0"/><net_sink comp="56" pin=0"/></net>

<net id="63"><net_src comp="6" pin="0"/><net_sink comp="60" pin=0"/></net>

<net id="67"><net_src comp="6" pin="0"/><net_sink comp="64" pin=0"/></net>

<net id="71"><net_src comp="6" pin="0"/><net_sink comp="68" pin=0"/></net>

<net id="75"><net_src comp="6" pin="0"/><net_sink comp="72" pin=0"/></net>

<net id="81"><net_src comp="2" pin="0"/><net_sink comp="76" pin=0"/></net>

<net id="82"><net_src comp="44" pin="0"/><net_sink comp="76" pin=1"/></net>

<net id="88"><net_src comp="4" pin="0"/><net_sink comp="83" pin=0"/></net>

<net id="89"><net_src comp="44" pin="0"/><net_sink comp="83" pin=1"/></net>

<net id="95"><net_src comp="76" pin="3"/><net_sink comp="90" pin=0"/></net>

<net id="101"><net_src comp="0" pin="0"/><net_sink comp="96" pin=0"/></net>

<net id="102"><net_src comp="44" pin="0"/><net_sink comp="96" pin=1"/></net>

<net id="108"><net_src comp="96" pin="3"/><net_sink comp="103" pin=0"/></net>

<net id="125"><net_src comp="22" pin="0"/><net_sink comp="122" pin=0"/></net>

<net id="132"><net_src comp="20" pin="0"/><net_sink comp="126" pin=0"/></net>

<net id="133"><net_src comp="122" pin="1"/><net_sink comp="126" pin=2"/></net>

<net id="142"><net_src comp="46" pin="0"/><net_sink comp="138" pin=0"/></net>

<net id="147"><net_src comp="16" pin="0"/><net_sink comp="143" pin=0"/></net>

<net id="152"><net_src comp="18" pin="0"/><net_sink comp="148" pin=0"/></net>

<net id="157"><net_src comp="18" pin="0"/><net_sink comp="153" pin=0"/></net>

<net id="165"><net_src comp="158" pin="1"/><net_sink comp="161" pin=0"/></net>

<net id="166"><net_src comp="24" pin="0"/><net_sink comp="161" pin=1"/></net>

<net id="171"><net_src comp="158" pin="1"/><net_sink comp="167" pin=0"/></net>

<net id="172"><net_src comp="26" pin="0"/><net_sink comp="167" pin=1"/></net>

<net id="183"><net_src comp="176" pin="1"/><net_sink comp="179" pin=0"/></net>

<net id="184"><net_src comp="28" pin="0"/><net_sink comp="179" pin=1"/></net>

<net id="189"><net_src comp="173" pin="1"/><net_sink comp="185" pin=0"/></net>

<net id="190"><net_src comp="38" pin="0"/><net_sink comp="185" pin=1"/></net>

<net id="195"><net_src comp="185" pin="2"/><net_sink comp="191" pin=0"/></net>

<net id="196"><net_src comp="126" pin="4"/><net_sink comp="191" pin=1"/></net>

<net id="202"><net_src comp="185" pin="2"/><net_sink comp="197" pin=0"/></net>

<net id="203"><net_src comp="18" pin="0"/><net_sink comp="197" pin=1"/></net>

<net id="204"><net_src comp="173" pin="1"/><net_sink comp="197" pin=2"/></net>

<net id="210"><net_src comp="185" pin="2"/><net_sink comp="205" pin=0"/></net>

<net id="211"><net_src comp="179" pin="2"/><net_sink comp="205" pin=1"/></net>

<net id="212"><net_src comp="176" pin="1"/><net_sink comp="205" pin=2"/></net>

<net id="216"><net_src comp="205" pin="3"/><net_sink comp="213" pin=0"/></net>

<net id="220"><net_src comp="205" pin="3"/><net_sink comp="217" pin=0"/></net>

<net id="221"><net_src comp="217" pin="1"/><net_sink comp="76" pin=2"/></net>

<net id="222"><net_src comp="217" pin="1"/><net_sink comp="83" pin=2"/></net>

<net id="228"><net_src comp="40" pin="0"/><net_sink comp="223" pin=0"/></net>

<net id="229"><net_src comp="213" pin="1"/><net_sink comp="223" pin=1"/></net>

<net id="230"><net_src comp="42" pin="0"/><net_sink comp="223" pin=2"/></net>

<net id="234"><net_src comp="197" pin="3"/><net_sink comp="231" pin=0"/></net>

<net id="239"><net_src comp="223" pin="3"/><net_sink comp="235" pin=0"/></net>

<net id="240"><net_src comp="231" pin="1"/><net_sink comp="235" pin=1"/></net>

<net id="244"><net_src comp="235" pin="2"/><net_sink comp="241" pin=0"/></net>

<net id="245"><net_src comp="241" pin="1"/><net_sink comp="96" pin=2"/></net>

<net id="250"><net_src comp="197" pin="3"/><net_sink comp="246" pin=0"/></net>

<net id="251"><net_src comp="28" pin="0"/><net_sink comp="246" pin=1"/></net>

<net id="256"><net_src comp="246" pin="2"/><net_sink comp="252" pin=0"/></net>

<net id="257"><net_src comp="38" pin="0"/><net_sink comp="252" pin=1"/></net>

<net id="262"><net_src comp="167" pin="2"/><net_sink comp="258" pin=0"/></net>

<net id="267"><net_src comp="205" pin="3"/><net_sink comp="263" pin=0"/></net>

<net id="272"><net_src comp="246" pin="2"/><net_sink comp="268" pin=0"/></net>

<net id="277"><net_src comp="90" pin="3"/><net_sink comp="273" pin=0"/></net>

<net id="281"><net_src comp="278" pin="1"/><net_sink comp="134" pin=1"/></net>

<net id="289"><net_src comp="286" pin="1"/><net_sink comp="134" pin=0"/></net>

<net id="294"><net_src comp="134" pin="2"/><net_sink comp="290" pin=0"/></net>

<net id="298"><net_src comp="56" pin="1"/><net_sink comp="295" pin=0"/></net>

<net id="299"><net_src comp="295" pin="1"/><net_sink comp="153" pin=1"/></net>

<net id="300"><net_src comp="295" pin="1"/><net_sink comp="173" pin=0"/></net>

<net id="301"><net_src comp="295" pin="1"/><net_sink comp="268" pin=1"/></net>

<net id="305"><net_src comp="60" pin="1"/><net_sink comp="302" pin=0"/></net>

<net id="306"><net_src comp="302" pin="1"/><net_sink comp="148" pin=1"/></net>

<net id="307"><net_src comp="302" pin="1"/><net_sink comp="176" pin=0"/></net>

<net id="308"><net_src comp="302" pin="1"/><net_sink comp="263" pin=1"/></net>

<net id="312"><net_src comp="64" pin="1"/><net_sink comp="309" pin=0"/></net>

<net id="313"><net_src comp="309" pin="1"/><net_sink comp="143" pin=1"/></net>

<net id="314"><net_src comp="309" pin="1"/><net_sink comp="158" pin=0"/></net>

<net id="315"><net_src comp="309" pin="1"/><net_sink comp="258" pin=1"/></net>

<net id="319"><net_src comp="68" pin="1"/><net_sink comp="316" pin=0"/></net>

<net id="320"><net_src comp="316" pin="1"/><net_sink comp="282" pin=1"/></net>

<net id="321"><net_src comp="316" pin="1"/><net_sink comp="286" pin=0"/></net>

<net id="322"><net_src comp="316" pin="1"/><net_sink comp="290" pin=1"/></net>

<net id="326"><net_src comp="72" pin="1"/><net_sink comp="323" pin=0"/></net>

<net id="327"><net_src comp="323" pin="1"/><net_sink comp="273" pin=1"/></net>

<net id="328"><net_src comp="323" pin="1"/><net_sink comp="278" pin=0"/></net>

<net id="332"><net_src comp="161" pin="2"/><net_sink comp="329" pin=0"/></net>

<net id="336"><net_src comp="191" pin="2"/><net_sink comp="333" pin=0"/></net>

<net id="340"><net_src comp="76" pin="3"/><net_sink comp="337" pin=0"/></net>

<net id="341"><net_src comp="337" pin="1"/><net_sink comp="90" pin=0"/></net>

<net id="345"><net_src comp="83" pin="3"/><net_sink comp="342" pin=0"/></net>

<net id="346"><net_src comp="342" pin="1"/><net_sink comp="109" pin=2"/></net>

<net id="347"><net_src comp="342" pin="1"/><net_sink comp="109" pin=0"/></net>

<net id="351"><net_src comp="96" pin="3"/><net_sink comp="348" pin=0"/></net>

<net id="352"><net_src comp="348" pin="1"/><net_sink comp="103" pin=0"/></net>

<net id="353"><net_src comp="348" pin="1"/><net_sink comp="103" pin=2"/></net>

<net id="357"><net_src comp="252" pin="2"/><net_sink comp="354" pin=0"/></net>

<net id="361"><net_src comp="103" pin="3"/><net_sink comp="358" pin=0"/></net>

<net id="362"><net_src comp="358" pin="1"/><net_sink comp="134" pin=0"/></net>

<net id="366"><net_src comp="278" pin="1"/><net_sink comp="363" pin=0"/></net>

<net id="367"><net_src comp="363" pin="1"/><net_sink comp="134" pin=1"/></net>

<net id="371"><net_src comp="134" pin="2"/><net_sink comp="368" pin=0"/></net>

<net id="372"><net_src comp="368" pin="1"/><net_sink comp="138" pin=1"/></net>

<net id="376"><net_src comp="109" pin="7"/><net_sink comp="373" pin=0"/></net>

<net id="377"><net_src comp="373" pin="1"/><net_sink comp="282" pin=0"/></net>

<net id="381"><net_src comp="138" pin="2"/><net_sink comp="378" pin=0"/></net>

<net id="382"><net_src comp="378" pin="1"/><net_sink comp="103" pin=4"/></net>

<net id="383"><net_src comp="378" pin="1"/><net_sink comp="134" pin=1"/></net>

<net id="387"><net_src comp="286" pin="1"/><net_sink comp="384" pin=0"/></net>

<net id="388"><net_src comp="384" pin="1"/><net_sink comp="134" pin=0"/></net>

<net id="392"><net_src comp="134" pin="2"/><net_sink comp="389" pin=0"/></net>

<net id="393"><net_src comp="389" pin="1"/><net_sink comp="109" pin=1"/></net>

</net_list>

</model> 
---------------- Datapath Model END ------------------

* FSMD analyzer results:
  - Output states:
	Port: Y1 | {11 }
	Port: S | {14 }
 - Input state : 
	Port: scaled_dot_product_attention_Pipeline_l_exp_sum_i13_l_j11 : Y1 | {2 3 }
	Port: scaled_dot_product_attention_Pipeline_l_exp_sum_i13_l_j11 : M | {2 3 }
	Port: scaled_dot_product_attention_Pipeline_l_exp_sum_i13_l_j11 : S | {8 9 }
  - Chain level:
	State 1
		store_ln0 : 1
		store_ln12575 : 1
		store_ln12576 : 1
	State 2
		icmp_ln12575 : 1
		add_ln12575_1 : 1
		br_ln12575 : 2
		add_ln12575 : 1
		icmp_ln12576 : 1
		or_ln12575 : 2
		select_ln12575 : 2
		select_ln12575_1 : 2
		trunc_ln12575 : 3
		zext_ln12575 : 3
		tmp_s : 4
		M_addr : 4
		S_addr : 4
		br_ln12576 : 2
		v6917 : 5
		zext_ln12577 : 3
		add_ln12577 : 5
		zext_ln12577_1 : 6
		Y1_addr : 7
		v6916 : 8
		add_ln12576 : 3
		icmp_ln12576_1 : 4
		br_ln12576 : 5
		store_ln12575 : 2
		store_ln12575 : 3
		store_ln12576 : 4
	State 3
		store_ln12575 : 1
	State 4
		v6918 : 1
	State 5
	State 6
	State 7
	State 8
	State 9
	State 10
	State 11
		v6922 : 1
	State 12
	State 13
		store_ln12583 : 1
	State 14


============================================================
+ Verbose Summary: Datapath Resource usage 
============================================================

* Functional unit list:
|----------|-------------------------|---------|---------|---------|
| Operation|     Functional Unit     |   DSP   |    FF   |   LUT   |
|----------|-------------------------|---------|---------|---------|
|   fexp   |        grp_fu_138       |    7    |   140   |   734   |
|----------|-------------------------|---------|---------|---------|
|   fadd   |        grp_fu_134       |    2    |   177   |   226   |
|----------|-------------------------|---------|---------|---------|
|          |   add_ln12575_1_fu_167  |    0    |    0    |    28   |
|    add   |    add_ln12575_fu_179   |    0    |    0    |    18   |
|          |    add_ln12577_fu_235   |    0    |    0    |    27   |
|          |    add_ln12576_fu_246   |    0    |    0    |    18   |
|----------|-------------------------|---------|---------|---------|
|          |   icmp_ln12575_fu_161   |    0    |    0    |    28   |
|   icmp   |   icmp_ln12576_fu_185   |    0    |    0    |    18   |
|          |  icmp_ln12576_1_fu_252  |    0    |    0    |    18   |
|----------|-------------------------|---------|---------|---------|
|  select  |  select_ln12575_fu_197  |    0    |    0    |    11   |
|          | select_ln12575_1_fu_205 |    0    |    0    |    11   |
|----------|-------------------------|---------|---------|---------|
|    or    |    or_ln12575_fu_191    |    0    |    0    |    2    |
|----------|-------------------------|---------|---------|---------|
|   trunc  |   trunc_ln12575_fu_213  |    0    |    0    |    0    |
|----------|-------------------------|---------|---------|---------|
|          |   zext_ln12575_fu_217   |    0    |    0    |    0    |
|   zext   |   zext_ln12577_fu_231   |    0    |    0    |    0    |
|          |  zext_ln12577_1_fu_241  |    0    |    0    |    0    |
|----------|-------------------------|---------|---------|---------|
|bitconcatenate|       tmp_s_fu_223      |    0    |    0    |    0    |
|----------|-------------------------|---------|---------|---------|
|   Total  |                         |    9    |   317   |   1139  |
|----------|-------------------------|---------|---------|---------|

Memories:
N/A

* Register list:
+------------------------+--------+
|                        |   FF   |
+------------------------+--------+
|     M_addr_reg_337     |   10   |
|     S_addr_reg_342     |   10   |
|     S_load_reg_373     |   32   |
|     Y1_addr_reg_348    |   20   |
|  first_iter_4_reg_122  |    1   |
|       i13_reg_302      |   11   |
|  icmp_ln12575_reg_329  |    1   |
| icmp_ln12576_1_reg_354 |    1   |
|indvar_flatten31_reg_309|   21   |
|       j11_reg_295      |   11   |
|   or_ln12575_reg_333   |    1   |
|      v6916_reg_358     |   32   |
|   v69173_load_reg_363  |   32   |
|     v69173_reg_323     |   32   |
|      v6918_reg_368     |   32   |
|      v6919_reg_378     |   32   |
|   v6921_load_reg_384   |   32   |
|      v6921_reg_316     |   32   |
|      v6922_reg_389     |   32   |
+------------------------+--------+
|          Total         |   375  |
+------------------------+--------+

* Multiplexer (MUX) list: 
|-------------------|------|------|------|--------||---------||---------|
|        Comp       |  Pin | Size |  BW  | S x BW ||  Delay  ||   LUT   |
|-------------------|------|------|------|--------||---------||---------|
|  grp_access_fu_90 |  p0  |   2  |  10  |   20   ||    9    |
| grp_access_fu_103 |  p0  |   2  |  20  |   40   ||    9    |
|     grp_fu_134    |  p0  |   3  |  32  |   96   ||    14   |
|     grp_fu_134    |  p1  |   3  |  32  |   96   ||    14   |
|-------------------|------|------|------|--------||---------||---------|
|       Total       |      |      |      |   252  || 1.61371 ||    46   |
|-------------------|------|------|------|--------||---------||---------|



* Summary:
+-----------+--------+--------+--------+--------+
|           |   DSP  |  Delay |   FF   |   LUT  |
+-----------+--------+--------+--------+--------+
|  Function |    9   |    -   |   317  |  1139  |
|   Memory  |    -   |    -   |    -   |    -   |
|Multiplexer|    -   |    1   |    -   |   46   |
|  Register |    -   |    -   |   375  |    -   |
+-----------+--------+--------+--------+--------+
|   Total   |    9   |    1   |   692  |  1185  |
+-----------+--------+--------+--------+--------+
