

================================================================
== Vitis HLS Report for 'scaled_dot_product_attention_Pipeline_l_mha_scale_i16_l_j14'
================================================================
* Date:           Wed Feb  5 22:34:40 2025

* Version:        2023.2 (Build 4023990 on Oct 11 2023)
* Project:        DitBlock
* Solution:       hls (Vivado IP Flow Target)
* Product family: virtexuplusHBM
* Target device:  xcu280-fsvh2892-2L-e


================================================================
== Performance Estimates
================================================================
+ Timing: 
    * Summary: 
    +--------+----------+----------+------------+
    |  Clock |  Target  | Estimated| Uncertainty|
    +--------+----------+----------+------------+
    |ap_clk  |  10.00 ns|  6.149 ns|     2.70 ns|
    +--------+----------+----------+------------+

+ Latency: 
    * Summary: 
    +---------+---------+-----------+-----------+---------+---------+---------+
    |  Latency (cycles) |   Latency (absolute)  |      Interval     | Pipeline|
    |   min   |   max   |    min    |    max    |   min   |   max   |   Type  |
    +---------+---------+-----------+-----------+---------+---------+---------+
    |  1048580|  1048580|  10.486 ms|  10.486 ms|  1048580|  1048580|       no|
    +---------+---------+-----------+-----------+---------+---------+---------+

    + Detail: 
        * Instance: 
        N/A

        * Loop: 
        +-------------------------+---------+---------+----------+-----------+-----------+---------+----------+
        |                         |  Latency (cycles) | Iteration|  Initiation Interval  |   Trip  |          |
        |        Loop Name        |   min   |   max   |  Latency |  achieved |   target  |  Count  | Pipelined|
        +-------------------------+---------+---------+----------+-----------+-----------+---------+----------+
        |- l_mha_scale_i16_l_j14  |  1048578|  1048578|         4|          1|          1|  1048576|       yes|
        +-------------------------+---------+---------+----------+-----------+-----------+---------+----------+

============================================================
+ Verbose Summary: Synthesis Manager
============================================================
InlineROM: 1
ExposeGlobal: 0
============================================================
+ Verbose Summary: CDFG Model
============================================================
IsTopModel: 0
ResetActiveHigh: 1
IsCombinational: 0
IsDatapathOnly: 0
HasWiredReturn: 1
HasMFsm: 2
HasVarLatency: 1
IsPipeline: 0
IsRtlPipelined: 0
IsInstanceOverlapped: 0
IsDontTouch: 0
HasImplIP: 0
IsGatedGlobalClock: 0

+ Individual pipeline summary: 
  * Pipeline-0: initiation interval (II) = 1, depth = 5


============================================================
+ Verbose Summary: Schedule
============================================================
* Number of FSM states : 5
* Pipeline : 1
  Pipeline-0 : II = 1, D = 5, States = { 1 2 3 4 5 }
* Dataflow Pipeline: 0

* FSM state transitions: 
1 --> 2 
2 --> 3 
3 --> 4 
4 --> 5 
5 --> 

* FSM state operations: 

State 1 <SV = 0> <Delay = 0.38>
ST_1 : Operation 7 [1/1] (0.00ns)   --->   "%j14 = alloca i32 1" [/home/silvenchen/Desktop/DitBlock/WorkDCT/DitBlock/kernel.cpp:15729]   --->   Operation 7 'alloca' 'j14' <Predicate = true> <Delay = 0.00>
ST_1 : Operation 8 [1/1] (0.00ns)   --->   "%i16 = alloca i32 1" [/home/silvenchen/Desktop/DitBlock/WorkDCT/DitBlock/kernel.cpp:15728]   --->   Operation 8 'alloca' 'i16' <Predicate = true> <Delay = 0.00>
ST_1 : Operation 9 [1/1] (0.00ns)   --->   "%indvar_flatten31 = alloca i32 1"   --->   Operation 9 'alloca' 'indvar_flatten31' <Predicate = true> <Delay = 0.00>
ST_1 : Operation 10 [1/1] (0.00ns)   --->   "%specmemcore_ln0 = specmemcore void @_ssdm_op_SpecMemCore, i32 %Y1, i64 666, i64 24, i64 18446744073709551615"   --->   Operation 10 'specmemcore' 'specmemcore_ln0' <Predicate = true> <Delay = 0.00>
ST_1 : Operation 11 [1/1] (0.38ns)   --->   "%store_ln0 = store i21 0, i21 %indvar_flatten31"   --->   Operation 11 'store' 'store_ln0' <Predicate = true> <Delay = 0.38>
ST_1 : Operation 12 [1/1] (0.38ns)   --->   "%store_ln15728 = store i11 0, i11 %i16" [/home/silvenchen/Desktop/DitBlock/WorkDCT/DitBlock/kernel.cpp:15728]   --->   Operation 12 'store' 'store_ln15728' <Predicate = true> <Delay = 0.38>
ST_1 : Operation 13 [1/1] (0.38ns)   --->   "%store_ln15729 = store i11 0, i11 %j14" [/home/silvenchen/Desktop/DitBlock/WorkDCT/DitBlock/kernel.cpp:15729]   --->   Operation 13 'store' 'store_ln15729' <Predicate = true> <Delay = 0.38>
ST_1 : Operation 14 [1/1] (0.00ns)   --->   "%br_ln0 = br void %for.inc111"   --->   Operation 14 'br' 'br_ln0' <Predicate = true> <Delay = 0.00>

State 2 <SV = 1> <Delay = 4.50>
ST_2 : Operation 15 [1/1] (0.00ns)   --->   "%indvar_flatten31_load = load i21 %indvar_flatten31" [/home/silvenchen/Desktop/DitBlock/WorkDCT/DitBlock/kernel.cpp:15728]   --->   Operation 15 'load' 'indvar_flatten31_load' <Predicate = true> <Delay = 0.00>
ST_2 : Operation 16 [1/1] (0.81ns)   --->   "%icmp_ln15728 = icmp_eq  i21 %indvar_flatten31_load, i21 1048576" [/home/silvenchen/Desktop/DitBlock/WorkDCT/DitBlock/kernel.cpp:15728]   --->   Operation 16 'icmp' 'icmp_ln15728' <Predicate = true> <Delay = 0.81> <CoreInst = "Cmp">   --->   Core 9 'Cmp' <Latency = 0> <II = 1> <Delay = 0.81> <FuncUnit> <Opcode : 'icmp'> <InPorts = 2> <OutPorts = 1>
ST_2 : Operation 17 [1/1] (0.81ns)   --->   "%add_ln15728_1 = add i21 %indvar_flatten31_load, i21 1" [/home/silvenchen/Desktop/DitBlock/WorkDCT/DitBlock/kernel.cpp:15728]   --->   Operation 17 'add' 'add_ln15728_1' <Predicate = true> <Delay = 0.81> <CoreInst = "Adder">   --->   Core 1 'Adder' <Latency = 0> <II = 1> <Delay = 0.81> <FuncUnit> <Opcode : 'add' 'sub'> <InPorts = 2> <OutPorts = 1>
ST_2 : Operation 18 [1/1] (0.00ns)   --->   "%br_ln15728 = br i1 %icmp_ln15728, void %for.inc114, void %for.inc.i.preheader.exitStub" [/home/silvenchen/Desktop/DitBlock/WorkDCT/DitBlock/kernel.cpp:15728]   --->   Operation 18 'br' 'br_ln15728' <Predicate = true> <Delay = 0.00>
ST_2 : Operation 19 [1/1] (0.00ns)   --->   "%j14_load = load i11 %j14" [/home/silvenchen/Desktop/DitBlock/WorkDCT/DitBlock/kernel.cpp:15729]   --->   Operation 19 'load' 'j14_load' <Predicate = (!icmp_ln15728)> <Delay = 0.00>
ST_2 : Operation 20 [1/1] (0.00ns)   --->   "%i16_load = load i11 %i16" [/home/silvenchen/Desktop/DitBlock/WorkDCT/DitBlock/kernel.cpp:15728]   --->   Operation 20 'load' 'i16_load' <Predicate = (!icmp_ln15728)> <Delay = 0.00>
ST_2 : Operation 21 [1/1] (0.73ns)   --->   "%add_ln15728 = add i11 %i16_load, i11 1" [/home/silvenchen/Desktop/DitBlock/WorkDCT/DitBlock/kernel.cpp:15728]   --->   Operation 21 'add' 'add_ln15728' <Predicate = (!icmp_ln15728)> <Delay = 0.73> <CoreInst = "Adder">   --->   Core 1 'Adder' <Latency = 0> <II = 1> <Delay = 0.73> <FuncUnit> <Opcode : 'add' 'sub'> <InPorts = 2> <OutPorts = 1>
ST_2 : Operation 22 [1/1] (0.73ns)   --->   "%icmp_ln15729 = icmp_eq  i11 %j14_load, i11 1024" [/home/silvenchen/Desktop/DitBlock/WorkDCT/DitBlock/kernel.cpp:15729]   --->   Operation 22 'icmp' 'icmp_ln15729' <Predicate = (!icmp_ln15728)> <Delay = 0.73> <CoreInst = "Cmp">   --->   Core 9 'Cmp' <Latency = 0> <II = 1> <Delay = 0.73> <FuncUnit> <Opcode : 'icmp'> <InPorts = 2> <OutPorts = 1>
ST_2 : Operation 23 [1/1] (0.30ns)   --->   "%select_ln15728 = select i1 %icmp_ln15729, i11 0, i11 %j14_load" [/home/silvenchen/Desktop/DitBlock/WorkDCT/DitBlock/kernel.cpp:15728]   --->   Operation 23 'select' 'select_ln15728' <Predicate = (!icmp_ln15728)> <Delay = 0.30> <CoreInst = "Sel">   --->   Core 73 'Sel' <Latency = 0> <II = 1> <Delay = 0.30> <FuncUnit> <Opcode : 'select'> <InPorts = 3> <OutPorts = 1>
ST_2 : Operation 24 [1/1] (0.30ns)   --->   "%select_ln15728_1 = select i1 %icmp_ln15729, i11 %add_ln15728, i11 %i16_load" [/home/silvenchen/Desktop/DitBlock/WorkDCT/DitBlock/kernel.cpp:15728]   --->   Operation 24 'select' 'select_ln15728_1' <Predicate = (!icmp_ln15728)> <Delay = 0.30> <CoreInst = "Sel">   --->   Core 73 'Sel' <Latency = 0> <II = 1> <Delay = 0.30> <FuncUnit> <Opcode : 'select'> <InPorts = 3> <OutPorts = 1>
ST_2 : Operation 25 [1/1] (0.00ns)   --->   "%trunc_ln15730 = trunc i11 %select_ln15728_1" [/home/silvenchen/Desktop/DitBlock/WorkDCT/DitBlock/kernel.cpp:15730]   --->   Operation 25 'trunc' 'trunc_ln15730' <Predicate = (!icmp_ln15728)> <Delay = 0.00>
ST_2 : Operation 26 [1/1] (0.00ns)   --->   "%tmp_s = bitconcatenate i20 @_ssdm_op_BitConcatenate.i20.i10.i10, i10 %trunc_ln15730, i10 0" [/home/silvenchen/Desktop/DitBlock/WorkDCT/DitBlock/kernel.cpp:15730]   --->   Operation 26 'bitconcatenate' 'tmp_s' <Predicate = (!icmp_ln15728)> <Delay = 0.00>
ST_2 : Operation 27 [1/1] (0.00ns)   --->   "%zext_ln15730 = zext i11 %select_ln15728" [/home/silvenchen/Desktop/DitBlock/WorkDCT/DitBlock/kernel.cpp:15730]   --->   Operation 27 'zext' 'zext_ln15730' <Predicate = (!icmp_ln15728)> <Delay = 0.00>
ST_2 : Operation 28 [1/1] (0.80ns)   --->   "%add_ln15730 = add i20 %tmp_s, i20 %zext_ln15730" [/home/silvenchen/Desktop/DitBlock/WorkDCT/DitBlock/kernel.cpp:15730]   --->   Operation 28 'add' 'add_ln15730' <Predicate = (!icmp_ln15728)> <Delay = 0.80> <CoreInst = "Adder">   --->   Core 1 'Adder' <Latency = 0> <II = 1> <Delay = 0.80> <FuncUnit> <Opcode : 'add' 'sub'> <InPorts = 2> <OutPorts = 1>
ST_2 : Operation 29 [1/1] (0.00ns)   --->   "%zext_ln15730_1 = zext i20 %add_ln15730" [/home/silvenchen/Desktop/DitBlock/WorkDCT/DitBlock/kernel.cpp:15730]   --->   Operation 29 'zext' 'zext_ln15730_1' <Predicate = (!icmp_ln15728)> <Delay = 0.00>
ST_2 : Operation 30 [1/1] (0.00ns)   --->   "%Y1_addr = getelementptr i32 %Y1, i64 0, i64 %zext_ln15730_1" [/home/silvenchen/Desktop/DitBlock/WorkDCT/DitBlock/kernel.cpp:15730]   --->   Operation 30 'getelementptr' 'Y1_addr' <Predicate = (!icmp_ln15728)> <Delay = 0.00>
ST_2 : Operation 31 [2/2] (2.66ns)   --->   "%v8588 = load i20 %Y1_addr" [/home/silvenchen/Desktop/DitBlock/WorkDCT/DitBlock/kernel.cpp:15731]   --->   Operation 31 'load' 'v8588' <Predicate = (!icmp_ln15728)> <Delay = 2.66> <CoreInst = "RAM_2P_URAM">   --->   Core 95 'RAM_2P_URAM' <Latency = 1> <II = 1> <Delay = 2.66> <Storage> <Opcode : 'load' 'store'> <Ports = 2> <Width = 32> <Depth = 1048576> <RAM>
ST_2 : Operation 32 [1/1] (0.73ns)   --->   "%add_ln15729 = add i11 %select_ln15728, i11 1" [/home/silvenchen/Desktop/DitBlock/WorkDCT/DitBlock/kernel.cpp:15729]   --->   Operation 32 'add' 'add_ln15729' <Predicate = (!icmp_ln15728)> <Delay = 0.73> <CoreInst = "Adder">   --->   Core 1 'Adder' <Latency = 0> <II = 1> <Delay = 0.73> <FuncUnit> <Opcode : 'add' 'sub'> <InPorts = 2> <OutPorts = 1>
ST_2 : Operation 33 [1/1] (0.38ns)   --->   "%store_ln15728 = store i21 %add_ln15728_1, i21 %indvar_flatten31" [/home/silvenchen/Desktop/DitBlock/WorkDCT/DitBlock/kernel.cpp:15728]   --->   Operation 33 'store' 'store_ln15728' <Predicate = (!icmp_ln15728)> <Delay = 0.38>
ST_2 : Operation 34 [1/1] (0.38ns)   --->   "%store_ln15728 = store i11 %select_ln15728_1, i11 %i16" [/home/silvenchen/Desktop/DitBlock/WorkDCT/DitBlock/kernel.cpp:15728]   --->   Operation 34 'store' 'store_ln15728' <Predicate = (!icmp_ln15728)> <Delay = 0.38>
ST_2 : Operation 35 [1/1] (0.38ns)   --->   "%store_ln15729 = store i11 %add_ln15729, i11 %j14" [/home/silvenchen/Desktop/DitBlock/WorkDCT/DitBlock/kernel.cpp:15729]   --->   Operation 35 'store' 'store_ln15729' <Predicate = (!icmp_ln15728)> <Delay = 0.38>

State 3 <SV = 2> <Delay = 2.66>
ST_3 : Operation 36 [1/2] (2.66ns)   --->   "%v8588 = load i20 %Y1_addr" [/home/silvenchen/Desktop/DitBlock/WorkDCT/DitBlock/kernel.cpp:15731]   --->   Operation 36 'load' 'v8588' <Predicate = true> <Delay = 2.66> <CoreInst = "RAM_2P_URAM">   --->   Core 95 'RAM_2P_URAM' <Latency = 1> <II = 1> <Delay = 2.66> <Storage> <Opcode : 'load' 'store'> <Ports = 2> <Width = 32> <Depth = 1048576> <RAM>

State 4 <SV = 3> <Delay = 4.90>
ST_4 : Operation 37 [2/2] (4.90ns)   --->   "%v8589 = fmul i32 %v8588, i32 0.125" [/home/silvenchen/Desktop/DitBlock/WorkDCT/DitBlock/kernel.cpp:15731]   --->   Operation 37 'fmul' 'v8589' <Predicate = true> <Delay = 4.90> <CoreInst = "FMul_maxdsp">   --->   Core 30 'FMul_maxdsp' <Latency = 1> <II = 1> <Delay = 4.90> <FuncUnit> <Opcode : 'fmul'> <InPorts = 2> <OutPorts = 1>
ST_4 : Operation 45 [1/1] (0.00ns)   --->   "%ret_ln0 = ret"   --->   Operation 45 'ret' 'ret_ln0' <Predicate = (icmp_ln15728)> <Delay = 0.00>

State 5 <SV = 4> <Delay = 6.14>
ST_5 : Operation 38 [1/1] (0.00ns)   --->   "%specloopname_ln0 = specloopname void @_ssdm_op_SpecLoopName, void @l_mha_scale_i16_l_j14_str"   --->   Operation 38 'specloopname' 'specloopname_ln0' <Predicate = true> <Delay = 0.00>
ST_5 : Operation 39 [1/1] (0.00ns)   --->   "%speclooptripcount_ln0 = speclooptripcount void @_ssdm_op_SpecLoopTripCount, i64 1048576, i64 1048576, i64 1048576"   --->   Operation 39 'speclooptripcount' 'speclooptripcount_ln0' <Predicate = true> <Delay = 0.00>
ST_5 : Operation 40 [1/1] (0.00ns)   --->   "%Y_t_addr = getelementptr i32 %Y_t, i64 0, i64 %zext_ln15730_1" [/home/silvenchen/Desktop/DitBlock/WorkDCT/DitBlock/kernel.cpp:15732]   --->   Operation 40 'getelementptr' 'Y_t_addr' <Predicate = true> <Delay = 0.00>
ST_5 : Operation 41 [1/1] (0.00ns)   --->   "%specpipeline_ln15729 = specpipeline void @_ssdm_op_SpecPipeline, i32 4294967295, i32 0, i32 0, i32 0, void @empty_219" [/home/silvenchen/Desktop/DitBlock/WorkDCT/DitBlock/kernel.cpp:15729]   --->   Operation 41 'specpipeline' 'specpipeline_ln15729' <Predicate = true> <Delay = 0.00>
ST_5 : Operation 42 [1/2] (4.90ns)   --->   "%v8589 = fmul i32 %v8588, i32 0.125" [/home/silvenchen/Desktop/DitBlock/WorkDCT/DitBlock/kernel.cpp:15731]   --->   Operation 42 'fmul' 'v8589' <Predicate = true> <Delay = 4.90> <CoreInst = "FMul_maxdsp">   --->   Core 30 'FMul_maxdsp' <Latency = 1> <II = 1> <Delay = 4.90> <FuncUnit> <Opcode : 'fmul'> <InPorts = 2> <OutPorts = 1>
ST_5 : Operation 43 [1/1] (1.24ns)   --->   "%store_ln15732 = store i32 %v8589, i20 %Y_t_addr" [/home/silvenchen/Desktop/DitBlock/WorkDCT/DitBlock/kernel.cpp:15732]   --->   Operation 43 'store' 'store_ln15732' <Predicate = true> <Delay = 1.24> <CoreInst = "RAM">   --->   Core 83 'RAM' <Latency = 1> <II = 1> <Delay = 1.24> <Storage> <Opcode : 'load' 'store'> <Ports = 2> <Width = 32> <Depth = 1048576> <RAM>
ST_5 : Operation 44 [1/1] (0.00ns)   --->   "%br_ln15729 = br void %for.inc111" [/home/silvenchen/Desktop/DitBlock/WorkDCT/DitBlock/kernel.cpp:15729]   --->   Operation 44 'br' 'br_ln15729' <Predicate = true> <Delay = 0.00>


============================================================
+ Verbose Summary: Binding
============================================================
STG Binding: 
---------------- STG Properties BEGIN ----------------
- Is combinational: 0
- Is one-state seq: 0
- Is datapath-only: 0
- Is pipelined: 0
- Is top level: 0
Port [ Return ] is wired: 1; IO mode=ap_ctrl_hs:ce=0
Port [ Y1]:  wired=1; compound=1; hidden=0; nouse=0; global=0; static=0; extern=0; dir=0; type=1; pingpong=0; private_global=0; MemPort=[13]; IO mode=ap_memory:ce=0
Port [ Y_t]:  wired=1; compound=1; hidden=0; nouse=0; global=0; static=0; extern=0; dir=1; type=1; pingpong=0; private_global=0; MemPort=[03]; IO mode=ap_memory:ce=0
---------------- STG Properties END ------------------

---------------- Datapath Model BEGIN ----------------

<LifeTime>
<method=bitvector/>
j14                   (alloca           ) [ 011000]
i16                   (alloca           ) [ 011000]
indvar_flatten31      (alloca           ) [ 011000]
specmemcore_ln0       (specmemcore      ) [ 000000]
store_ln0             (store            ) [ 000000]
store_ln15728         (store            ) [ 000000]
store_ln15729         (store            ) [ 000000]
br_ln0                (br               ) [ 000000]
indvar_flatten31_load (load             ) [ 000000]
icmp_ln15728          (icmp             ) [ 011110]
add_ln15728_1         (add              ) [ 000000]
br_ln15728            (br               ) [ 000000]
j14_load              (load             ) [ 000000]
i16_load              (load             ) [ 000000]
add_ln15728           (add              ) [ 000000]
icmp_ln15729          (icmp             ) [ 000000]
select_ln15728        (select           ) [ 000000]
select_ln15728_1      (select           ) [ 000000]
trunc_ln15730         (trunc            ) [ 000000]
tmp_s                 (bitconcatenate   ) [ 000000]
zext_ln15730          (zext             ) [ 000000]
add_ln15730           (add              ) [ 000000]
zext_ln15730_1        (zext             ) [ 010111]
Y1_addr               (getelementptr    ) [ 010100]
add_ln15729           (add              ) [ 000000]
store_ln15728         (store            ) [ 000000]
store_ln15728         (store            ) [ 000000]
store_ln15729         (store            ) [ 000000]
v8588                 (load             ) [ 010011]
specloopname_ln0      (specloopname     ) [ 000000]
speclooptripcount_ln0 (speclooptripcount) [ 000000]
Y_t_addr              (getelementptr    ) [ 000000]
specpipeline_ln15729  (specpipeline     ) [ 000000]
v8589                 (fmul             ) [ 000000]
store_ln15732         (store            ) [ 000000]
br_ln15729            (br               ) [ 000000]
ret_ln0               (ret              ) [ 000000]
</LifeTime>

<model>

<comp_list>
<comp id="0" class="1000" name="Y1">
<pin_list>
<pin id="1" dir="1" index="0" bw="1" slack="0"/>
</pin_list>
<bind>
<StgValue><ssdm name="Y1"/><MemPortTyVec>1 3 </MemPortTyVec>
</StgValue>
</bind>
</comp>

<comp id="2" class="1000" name="Y_t">
<pin_list>
<pin id="3" dir="1" index="0" bw="1" slack="0"/>
</pin_list>
<bind>
<StgValue><ssdm name="Y_t"/><MemPortTyVec>0 3 </MemPortTyVec>
</StgValue>
</bind>
</comp>

<comp id="4" class="1001" name="const_4">
<pin_list>
<pin id="5" dir="1" index="0" bw="1" slack="0"/>
</pin_list>
<bind>
<StgValue><ssdm name=""/></StgValue>
</bind>
</comp>

<comp id="6" class="1001" name="const_6">
<pin_list>
<pin id="7" dir="1" index="0" bw="1" slack="2147483647"/>
</pin_list>
<bind>
<StgValue><ssdm name="_ssdm_op_SpecMemCore"/></StgValue>
</bind>
</comp>

<comp id="8" class="1001" name="const_8">
<pin_list>
<pin id="9" dir="1" index="0" bw="1" slack="2147483647"/>
</pin_list>
<bind>
<StgValue><ssdm name=""/></StgValue>
</bind>
</comp>

<comp id="10" class="1001" name="const_10">
<pin_list>
<pin id="11" dir="1" index="0" bw="1" slack="2147483647"/>
</pin_list>
<bind>
<StgValue><ssdm name=""/></StgValue>
</bind>
</comp>

<comp id="12" class="1001" name="const_12">
<pin_list>
<pin id="13" dir="1" index="0" bw="1" slack="2147483647"/>
</pin_list>
<bind>
<StgValue><ssdm name=""/></StgValue>
</bind>
</comp>

<comp id="14" class="1001" name="const_14">
<pin_list>
<pin id="15" dir="1" index="0" bw="1" slack="0"/>
</pin_list>
<bind>
<StgValue><ssdm name=""/></StgValue>
</bind>
</comp>

<comp id="16" class="1001" name="const_16">
<pin_list>
<pin id="17" dir="1" index="0" bw="1" slack="0"/>
</pin_list>
<bind>
<StgValue><ssdm name=""/></StgValue>
</bind>
</comp>

<comp id="18" class="1001" name="const_18">
<pin_list>
<pin id="19" dir="1" index="0" bw="1" slack="0"/>
</pin_list>
<bind>
<StgValue><ssdm name=""/></StgValue>
</bind>
</comp>

<comp id="20" class="1001" name="const_20">
<pin_list>
<pin id="21" dir="1" index="0" bw="1" slack="0"/>
</pin_list>
<bind>
<StgValue><ssdm name=""/></StgValue>
</bind>
</comp>

<comp id="22" class="1001" name="const_22">
<pin_list>
<pin id="23" dir="1" index="0" bw="1" slack="0"/>
</pin_list>
<bind>
<StgValue><ssdm name=""/></StgValue>
</bind>
</comp>

<comp id="24" class="1001" name="const_24">
<pin_list>
<pin id="25" dir="1" index="0" bw="1" slack="0"/>
</pin_list>
<bind>
<StgValue><ssdm name=""/></StgValue>
</bind>
</comp>

<comp id="26" class="1001" name="const_26">
<pin_list>
<pin id="27" dir="1" index="0" bw="1" slack="0"/>
</pin_list>
<bind>
<StgValue><ssdm name="_ssdm_op_BitConcatenate.i20.i10.i10"/></StgValue>
</bind>
</comp>

<comp id="28" class="1001" name="const_28">
<pin_list>
<pin id="29" dir="1" index="0" bw="1" slack="0"/>
</pin_list>
<bind>
<StgValue><ssdm name=""/></StgValue>
</bind>
</comp>

<comp id="30" class="1001" name="const_30">
<pin_list>
<pin id="31" dir="1" index="0" bw="1" slack="0"/>
</pin_list>
<bind>
<StgValue><ssdm name=""/></StgValue>
</bind>
</comp>

<comp id="32" class="1001" name="const_32">
<pin_list>
<pin id="33" dir="1" index="0" bw="1" slack="0"/>
</pin_list>
<bind>
<StgValue><ssdm name=""/></StgValue>
</bind>
</comp>

<comp id="34" class="1001" name="const_34">
<pin_list>
<pin id="35" dir="1" index="0" bw="1" slack="2147483647"/>
</pin_list>
<bind>
<StgValue><ssdm name="_ssdm_op_SpecLoopName"/></StgValue>
</bind>
</comp>

<comp id="36" class="1001" name="const_36">
<pin_list>
<pin id="37" dir="1" index="0" bw="1" slack="2147483647"/>
</pin_list>
<bind>
<StgValue><ssdm name="l_mha_scale_i16_l_j14_str"/></StgValue>
</bind>
</comp>

<comp id="38" class="1001" name="const_38">
<pin_list>
<pin id="39" dir="1" index="0" bw="1" slack="2147483647"/>
</pin_list>
<bind>
<StgValue><ssdm name="_ssdm_op_SpecLoopTripCount"/></StgValue>
</bind>
</comp>

<comp id="40" class="1001" name="const_40">
<pin_list>
<pin id="41" dir="1" index="0" bw="1" slack="2147483647"/>
</pin_list>
<bind>
<StgValue><ssdm name=""/></StgValue>
</bind>
</comp>

<comp id="42" class="1001" name="const_42">
<pin_list>
<pin id="43" dir="1" index="0" bw="1" slack="2147483647"/>
</pin_list>
<bind>
<StgValue><ssdm name="_ssdm_op_SpecPipeline"/></StgValue>
</bind>
</comp>

<comp id="44" class="1001" name="const_44">
<pin_list>
<pin id="45" dir="1" index="0" bw="1" slack="2147483647"/>
</pin_list>
<bind>
<StgValue><ssdm name=""/></StgValue>
</bind>
</comp>

<comp id="46" class="1001" name="const_46">
<pin_list>
<pin id="47" dir="1" index="0" bw="1" slack="2147483647"/>
</pin_list>
<bind>
<StgValue><ssdm name=""/></StgValue>
</bind>
</comp>

<comp id="48" class="1001" name="const_48">
<pin_list>
<pin id="49" dir="1" index="0" bw="1" slack="2147483647"/>
</pin_list>
<bind>
<StgValue><ssdm name="empty_219"/></StgValue>
</bind>
</comp>

<comp id="50" class="1004" name="j14_fu_50">
<pin_list>
<pin id="51" dir="0" index="0" bw="1" slack="0"/>
<pin id="52" dir="1" index="1" bw="11" slack="0"/>
</pin_list>
<bind>
<opcode="alloca(26) " fcode="alloca"/>
<opset="j14/1 "/>
</bind>
</comp>

<comp id="54" class="1004" name="i16_fu_54">
<pin_list>
<pin id="55" dir="0" index="0" bw="1" slack="0"/>
<pin id="56" dir="1" index="1" bw="11" slack="0"/>
</pin_list>
<bind>
<opcode="alloca(26) " fcode="alloca"/>
<opset="i16/1 "/>
</bind>
</comp>

<comp id="58" class="1004" name="indvar_flatten31_fu_58">
<pin_list>
<pin id="59" dir="0" index="0" bw="1" slack="0"/>
<pin id="60" dir="1" index="1" bw="21" slack="0"/>
</pin_list>
<bind>
<opcode="alloca(26) " fcode="alloca"/>
<opset="indvar_flatten31/1 "/>
</bind>
</comp>

<comp id="62" class="1004" name="Y1_addr_gep_fu_62">
<pin_list>
<pin id="63" dir="0" index="0" bw="32" slack="0"/>
<pin id="64" dir="0" index="1" bw="1" slack="0"/>
<pin id="65" dir="0" index="2" bw="20" slack="0"/>
<pin id="66" dir="1" index="3" bw="20" slack="0"/>
</pin_list>
<bind>
<opcode="getelementptr(29) " fcode="getelementptr"/>
<opset="Y1_addr/2 "/>
</bind>
</comp>

<comp id="69" class="1004" name="grp_access_fu_69">
<pin_list>
<pin id="70" dir="0" index="0" bw="20" slack="0"/>
<pin id="71" dir="0" index="1" bw="32" slack="2147483647"/>
<pin id="72" dir="0" index="2" bw="0" slack="2147483647"/>
<pin id="73" dir="1" index="3" bw="32" slack="1"/>
</pin_list>
<bind>
<opcode="load(27) " fcode="load"/>
<opset="v8588/2 "/>
</bind>
</comp>

<comp id="75" class="1004" name="Y_t_addr_gep_fu_75">
<pin_list>
<pin id="76" dir="0" index="0" bw="32" slack="0"/>
<pin id="77" dir="0" index="1" bw="1" slack="0"/>
<pin id="78" dir="0" index="2" bw="20" slack="3"/>
<pin id="79" dir="1" index="3" bw="20" slack="0"/>
</pin_list>
<bind>
<opcode="getelementptr(29) " fcode="getelementptr"/>
<opset="Y_t_addr/5 "/>
</bind>
</comp>

<comp id="82" class="1004" name="store_ln15732_access_fu_82">
<pin_list>
<pin id="83" dir="0" index="0" bw="20" slack="0"/>
<pin id="84" dir="0" index="1" bw="32" slack="0"/>
<pin id="85" dir="0" index="2" bw="0" slack="2147483647"/>
<pin id="86" dir="1" index="3" bw="32" slack="2147483647"/>
</pin_list>
<bind>
<opcode="store(28) " fcode="store"/>
<opset="store_ln15732/5 "/>
</bind>
</comp>

<comp id="88" class="1004" name="grp_fu_88">
<pin_list>
<pin id="89" dir="0" index="0" bw="32" slack="1"/>
<pin id="90" dir="0" index="1" bw="32" slack="0"/>
<pin id="91" dir="1" index="2" bw="32" slack="0"/>
</pin_list>
<bind>
<opcode="fmul(13) " fcode="fmul"/>
<opset="v8589/4 "/>
</bind>
</comp>

<comp id="94" class="1004" name="store_ln0_store_fu_94">
<pin_list>
<pin id="95" dir="0" index="0" bw="1" slack="0"/>
<pin id="96" dir="0" index="1" bw="21" slack="0"/>
<pin id="97" dir="1" index="2" bw="0" slack="2147483647"/>
</pin_list>
<bind>
<opcode="store(28) " fcode="store"/>
<opset="store_ln0/1 "/>
</bind>
</comp>

<comp id="99" class="1004" name="store_ln15728_store_fu_99">
<pin_list>
<pin id="100" dir="0" index="0" bw="1" slack="0"/>
<pin id="101" dir="0" index="1" bw="11" slack="0"/>
<pin id="102" dir="1" index="2" bw="0" slack="2147483647"/>
</pin_list>
<bind>
<opcode="store(28) " fcode="store"/>
<opset="store_ln15728/1 "/>
</bind>
</comp>

<comp id="104" class="1004" name="store_ln15729_store_fu_104">
<pin_list>
<pin id="105" dir="0" index="0" bw="1" slack="0"/>
<pin id="106" dir="0" index="1" bw="11" slack="0"/>
<pin id="107" dir="1" index="2" bw="0" slack="2147483647"/>
</pin_list>
<bind>
<opcode="store(28) " fcode="store"/>
<opset="store_ln15729/1 "/>
</bind>
</comp>

<comp id="109" class="1004" name="indvar_flatten31_load_load_fu_109">
<pin_list>
<pin id="110" dir="0" index="0" bw="21" slack="1"/>
<pin id="111" dir="1" index="1" bw="21" slack="0"/>
</pin_list>
<bind>
<opcode="load(27) " fcode="load"/>
<opset="indvar_flatten31_load/2 "/>
</bind>
</comp>

<comp id="112" class="1004" name="icmp_ln15728_fu_112">
<pin_list>
<pin id="113" dir="0" index="0" bw="21" slack="0"/>
<pin id="114" dir="0" index="1" bw="21" slack="0"/>
<pin id="115" dir="1" index="2" bw="1" slack="2"/>
</pin_list>
<bind>
<opcode="icmp(45) " fcode="icmp"/>
<opset="icmp_ln15728/2 "/>
</bind>
</comp>

<comp id="118" class="1004" name="add_ln15728_1_fu_118">
<pin_list>
<pin id="119" dir="0" index="0" bw="21" slack="0"/>
<pin id="120" dir="0" index="1" bw="1" slack="0"/>
<pin id="121" dir="1" index="2" bw="21" slack="0"/>
</pin_list>
<bind>
<opcode="add(8) " fcode="add"/>
<opset="add_ln15728_1/2 "/>
</bind>
</comp>

<comp id="124" class="1004" name="j14_load_load_fu_124">
<pin_list>
<pin id="125" dir="0" index="0" bw="11" slack="1"/>
<pin id="126" dir="1" index="1" bw="11" slack="0"/>
</pin_list>
<bind>
<opcode="load(27) " fcode="load"/>
<opset="j14_load/2 "/>
</bind>
</comp>

<comp id="127" class="1004" name="i16_load_load_fu_127">
<pin_list>
<pin id="128" dir="0" index="0" bw="11" slack="1"/>
<pin id="129" dir="1" index="1" bw="11" slack="0"/>
</pin_list>
<bind>
<opcode="load(27) " fcode="load"/>
<opset="i16_load/2 "/>
</bind>
</comp>

<comp id="130" class="1004" name="add_ln15728_fu_130">
<pin_list>
<pin id="131" dir="0" index="0" bw="11" slack="0"/>
<pin id="132" dir="0" index="1" bw="1" slack="0"/>
<pin id="133" dir="1" index="2" bw="11" slack="0"/>
</pin_list>
<bind>
<opcode="add(8) " fcode="add"/>
<opset="add_ln15728/2 "/>
</bind>
</comp>

<comp id="136" class="1004" name="icmp_ln15729_fu_136">
<pin_list>
<pin id="137" dir="0" index="0" bw="11" slack="0"/>
<pin id="138" dir="0" index="1" bw="11" slack="0"/>
<pin id="139" dir="1" index="2" bw="1" slack="0"/>
</pin_list>
<bind>
<opcode="icmp(45) " fcode="icmp"/>
<opset="icmp_ln15729/2 "/>
</bind>
</comp>

<comp id="142" class="1004" name="select_ln15728_fu_142">
<pin_list>
<pin id="143" dir="0" index="0" bw="1" slack="0"/>
<pin id="144" dir="0" index="1" bw="1" slack="0"/>
<pin id="145" dir="0" index="2" bw="11" slack="0"/>
<pin id="146" dir="1" index="3" bw="11" slack="0"/>
</pin_list>
<bind>
<opcode="select(49) " fcode="select"/>
<opset="select_ln15728/2 "/>
</bind>
</comp>

<comp id="150" class="1004" name="select_ln15728_1_fu_150">
<pin_list>
<pin id="151" dir="0" index="0" bw="1" slack="0"/>
<pin id="152" dir="0" index="1" bw="11" slack="0"/>
<pin id="153" dir="0" index="2" bw="11" slack="0"/>
<pin id="154" dir="1" index="3" bw="11" slack="0"/>
</pin_list>
<bind>
<opcode="select(49) " fcode="select"/>
<opset="select_ln15728_1/2 "/>
</bind>
</comp>

<comp id="158" class="1004" name="trunc_ln15730_fu_158">
<pin_list>
<pin id="159" dir="0" index="0" bw="11" slack="0"/>
<pin id="160" dir="1" index="1" bw="10" slack="0"/>
</pin_list>
<bind>
<opcode="trunc(33) " fcode="trunc"/>
<opset="trunc_ln15730/2 "/>
</bind>
</comp>

<comp id="162" class="1004" name="tmp_s_fu_162">
<pin_list>
<pin id="163" dir="0" index="0" bw="20" slack="0"/>
<pin id="164" dir="0" index="1" bw="10" slack="0"/>
<pin id="165" dir="0" index="2" bw="1" slack="0"/>
<pin id="166" dir="1" index="3" bw="20" slack="0"/>
</pin_list>
<bind>
<opcode="bitconcatenate(1004) " fcode="bitconcatenate"/>
<opset="tmp_s/2 "/>
</bind>
</comp>

<comp id="170" class="1004" name="zext_ln15730_fu_170">
<pin_list>
<pin id="171" dir="0" index="0" bw="11" slack="0"/>
<pin id="172" dir="1" index="1" bw="20" slack="0"/>
</pin_list>
<bind>
<opcode="zext(34) " fcode="zext"/>
<opset="zext_ln15730/2 "/>
</bind>
</comp>

<comp id="174" class="1004" name="add_ln15730_fu_174">
<pin_list>
<pin id="175" dir="0" index="0" bw="20" slack="0"/>
<pin id="176" dir="0" index="1" bw="11" slack="0"/>
<pin id="177" dir="1" index="2" bw="20" slack="0"/>
</pin_list>
<bind>
<opcode="add(8) " fcode="add"/>
<opset="add_ln15730/2 "/>
</bind>
</comp>

<comp id="180" class="1004" name="zext_ln15730_1_fu_180">
<pin_list>
<pin id="181" dir="0" index="0" bw="20" slack="0"/>
<pin id="182" dir="1" index="1" bw="64" slack="0"/>
</pin_list>
<bind>
<opcode="zext(34) " fcode="zext"/>
<opset="zext_ln15730_1/2 "/>
</bind>
</comp>

<comp id="185" class="1004" name="add_ln15729_fu_185">
<pin_list>
<pin id="186" dir="0" index="0" bw="11" slack="0"/>
<pin id="187" dir="0" index="1" bw="1" slack="0"/>
<pin id="188" dir="1" index="2" bw="11" slack="0"/>
</pin_list>
<bind>
<opcode="add(8) " fcode="add"/>
<opset="add_ln15729/2 "/>
</bind>
</comp>

<comp id="191" class="1004" name="store_ln15728_store_fu_191">
<pin_list>
<pin id="192" dir="0" index="0" bw="21" slack="0"/>
<pin id="193" dir="0" index="1" bw="21" slack="1"/>
<pin id="194" dir="1" index="2" bw="0" slack="2147483647"/>
</pin_list>
<bind>
<opcode="store(28) " fcode="store"/>
<opset="store_ln15728/2 "/>
</bind>
</comp>

<comp id="196" class="1004" name="store_ln15728_store_fu_196">
<pin_list>
<pin id="197" dir="0" index="0" bw="11" slack="0"/>
<pin id="198" dir="0" index="1" bw="11" slack="1"/>
<pin id="199" dir="1" index="2" bw="0" slack="2147483647"/>
</pin_list>
<bind>
<opcode="store(28) " fcode="store"/>
<opset="store_ln15728/2 "/>
</bind>
</comp>

<comp id="201" class="1004" name="store_ln15729_store_fu_201">
<pin_list>
<pin id="202" dir="0" index="0" bw="11" slack="0"/>
<pin id="203" dir="0" index="1" bw="11" slack="1"/>
<pin id="204" dir="1" index="2" bw="0" slack="2147483647"/>
</pin_list>
<bind>
<opcode="store(28) " fcode="store"/>
<opset="store_ln15729/2 "/>
</bind>
</comp>

<comp id="206" class="1005" name="j14_reg_206">
<pin_list>
<pin id="207" dir="0" index="0" bw="11" slack="0"/>
<pin id="208" dir="1" index="1" bw="11" slack="0"/>
</pin_list>
<bind>
<opset="j14 "/>
</bind>
</comp>

<comp id="213" class="1005" name="i16_reg_213">
<pin_list>
<pin id="214" dir="0" index="0" bw="11" slack="0"/>
<pin id="215" dir="1" index="1" bw="11" slack="0"/>
</pin_list>
<bind>
<opset="i16 "/>
</bind>
</comp>

<comp id="220" class="1005" name="indvar_flatten31_reg_220">
<pin_list>
<pin id="221" dir="0" index="0" bw="21" slack="0"/>
<pin id="222" dir="1" index="1" bw="21" slack="0"/>
</pin_list>
<bind>
<opset="indvar_flatten31 "/>
</bind>
</comp>

<comp id="227" class="1005" name="icmp_ln15728_reg_227">
<pin_list>
<pin id="228" dir="0" index="0" bw="1" slack="2"/>
<pin id="229" dir="1" index="1" bw="1" slack="2147483647"/>
</pin_list>
<bind>
<opset="icmp_ln15728 "/>
</bind>
</comp>

<comp id="231" class="1005" name="zext_ln15730_1_reg_231">
<pin_list>
<pin id="232" dir="0" index="0" bw="64" slack="3"/>
<pin id="233" dir="1" index="1" bw="64" slack="3"/>
</pin_list>
<bind>
<opset="zext_ln15730_1 "/>
</bind>
</comp>

<comp id="236" class="1005" name="Y1_addr_reg_236">
<pin_list>
<pin id="237" dir="0" index="0" bw="20" slack="1"/>
<pin id="238" dir="1" index="1" bw="20" slack="1"/>
</pin_list>
<bind>
<opset="Y1_addr "/>
</bind>
</comp>

<comp id="241" class="1005" name="v8588_reg_241">
<pin_list>
<pin id="242" dir="0" index="0" bw="32" slack="1"/>
<pin id="243" dir="1" index="1" bw="32" slack="1"/>
</pin_list>
<bind>
<opset="v8588 "/>
</bind>
</comp>

</comp_list>

<net_list>
<net id="53"><net_src comp="4" pin="0"/><net_sink comp="50" pin=0"/></net>

<net id="57"><net_src comp="4" pin="0"/><net_sink comp="54" pin=0"/></net>

<net id="61"><net_src comp="4" pin="0"/><net_sink comp="58" pin=0"/></net>

<net id="67"><net_src comp="0" pin="0"/><net_sink comp="62" pin=0"/></net>

<net id="68"><net_src comp="30" pin="0"/><net_sink comp="62" pin=1"/></net>

<net id="74"><net_src comp="62" pin="3"/><net_sink comp="69" pin=0"/></net>

<net id="80"><net_src comp="2" pin="0"/><net_sink comp="75" pin=0"/></net>

<net id="81"><net_src comp="30" pin="0"/><net_sink comp="75" pin=1"/></net>

<net id="87"><net_src comp="75" pin="3"/><net_sink comp="82" pin=0"/></net>

<net id="92"><net_src comp="88" pin="2"/><net_sink comp="82" pin=1"/></net>

<net id="93"><net_src comp="32" pin="0"/><net_sink comp="88" pin=1"/></net>

<net id="98"><net_src comp="14" pin="0"/><net_sink comp="94" pin=0"/></net>

<net id="103"><net_src comp="16" pin="0"/><net_sink comp="99" pin=0"/></net>

<net id="108"><net_src comp="16" pin="0"/><net_sink comp="104" pin=0"/></net>

<net id="116"><net_src comp="109" pin="1"/><net_sink comp="112" pin=0"/></net>

<net id="117"><net_src comp="18" pin="0"/><net_sink comp="112" pin=1"/></net>

<net id="122"><net_src comp="109" pin="1"/><net_sink comp="118" pin=0"/></net>

<net id="123"><net_src comp="20" pin="0"/><net_sink comp="118" pin=1"/></net>

<net id="134"><net_src comp="127" pin="1"/><net_sink comp="130" pin=0"/></net>

<net id="135"><net_src comp="22" pin="0"/><net_sink comp="130" pin=1"/></net>

<net id="140"><net_src comp="124" pin="1"/><net_sink comp="136" pin=0"/></net>

<net id="141"><net_src comp="24" pin="0"/><net_sink comp="136" pin=1"/></net>

<net id="147"><net_src comp="136" pin="2"/><net_sink comp="142" pin=0"/></net>

<net id="148"><net_src comp="16" pin="0"/><net_sink comp="142" pin=1"/></net>

<net id="149"><net_src comp="124" pin="1"/><net_sink comp="142" pin=2"/></net>

<net id="155"><net_src comp="136" pin="2"/><net_sink comp="150" pin=0"/></net>

<net id="156"><net_src comp="130" pin="2"/><net_sink comp="150" pin=1"/></net>

<net id="157"><net_src comp="127" pin="1"/><net_sink comp="150" pin=2"/></net>

<net id="161"><net_src comp="150" pin="3"/><net_sink comp="158" pin=0"/></net>

<net id="167"><net_src comp="26" pin="0"/><net_sink comp="162" pin=0"/></net>

<net id="168"><net_src comp="158" pin="1"/><net_sink comp="162" pin=1"/></net>

<net id="169"><net_src comp="28" pin="0"/><net_sink comp="162" pin=2"/></net>

<net id="173"><net_src comp="142" pin="3"/><net_sink comp="170" pin=0"/></net>

<net id="178"><net_src comp="162" pin="3"/><net_sink comp="174" pin=0"/></net>

<net id="179"><net_src comp="170" pin="1"/><net_sink comp="174" pin=1"/></net>

<net id="183"><net_src comp="174" pin="2"/><net_sink comp="180" pin=0"/></net>

<net id="184"><net_src comp="180" pin="1"/><net_sink comp="62" pin=2"/></net>

<net id="189"><net_src comp="142" pin="3"/><net_sink comp="185" pin=0"/></net>

<net id="190"><net_src comp="22" pin="0"/><net_sink comp="185" pin=1"/></net>

<net id="195"><net_src comp="118" pin="2"/><net_sink comp="191" pin=0"/></net>

<net id="200"><net_src comp="150" pin="3"/><net_sink comp="196" pin=0"/></net>

<net id="205"><net_src comp="185" pin="2"/><net_sink comp="201" pin=0"/></net>

<net id="209"><net_src comp="50" pin="1"/><net_sink comp="206" pin=0"/></net>

<net id="210"><net_src comp="206" pin="1"/><net_sink comp="104" pin=1"/></net>

<net id="211"><net_src comp="206" pin="1"/><net_sink comp="124" pin=0"/></net>

<net id="212"><net_src comp="206" pin="1"/><net_sink comp="201" pin=1"/></net>

<net id="216"><net_src comp="54" pin="1"/><net_sink comp="213" pin=0"/></net>

<net id="217"><net_src comp="213" pin="1"/><net_sink comp="99" pin=1"/></net>

<net id="218"><net_src comp="213" pin="1"/><net_sink comp="127" pin=0"/></net>

<net id="219"><net_src comp="213" pin="1"/><net_sink comp="196" pin=1"/></net>

<net id="223"><net_src comp="58" pin="1"/><net_sink comp="220" pin=0"/></net>

<net id="224"><net_src comp="220" pin="1"/><net_sink comp="94" pin=1"/></net>

<net id="225"><net_src comp="220" pin="1"/><net_sink comp="109" pin=0"/></net>

<net id="226"><net_src comp="220" pin="1"/><net_sink comp="191" pin=1"/></net>

<net id="230"><net_src comp="112" pin="2"/><net_sink comp="227" pin=0"/></net>

<net id="234"><net_src comp="180" pin="1"/><net_sink comp="231" pin=0"/></net>

<net id="235"><net_src comp="231" pin="1"/><net_sink comp="75" pin=2"/></net>

<net id="239"><net_src comp="62" pin="3"/><net_sink comp="236" pin=0"/></net>

<net id="240"><net_src comp="236" pin="1"/><net_sink comp="69" pin=0"/></net>

<net id="244"><net_src comp="69" pin="3"/><net_sink comp="241" pin=0"/></net>

<net id="245"><net_src comp="241" pin="1"/><net_sink comp="88" pin=0"/></net>

</net_list>

</model> 
---------------- Datapath Model END ------------------

* FSMD analyzer results:
  - Output states:
	Port: Y_t | {5 }
 - Input state : 
	Port: scaled_dot_product_attention_Pipeline_l_mha_scale_i16_l_j14 : Y1 | {2 3 }
  - Chain level:
	State 1
		store_ln0 : 1
		store_ln15728 : 1
		store_ln15729 : 1
	State 2
		icmp_ln15728 : 1
		add_ln15728_1 : 1
		br_ln15728 : 2
		add_ln15728 : 1
		icmp_ln15729 : 1
		select_ln15728 : 2
		select_ln15728_1 : 2
		trunc_ln15730 : 3
		tmp_s : 4
		zext_ln15730 : 3
		add_ln15730 : 5
		zext_ln15730_1 : 6
		Y1_addr : 7
		v8588 : 8
		add_ln15729 : 3
		store_ln15728 : 2
		store_ln15728 : 3
		store_ln15729 : 4
	State 3
	State 4
	State 5
		store_ln15732 : 1


============================================================
+ Verbose Summary: Datapath Resource usage 
============================================================

* Functional unit list:
|----------|-------------------------|---------|---------|---------|
| Operation|     Functional Unit     |   DSP   |    FF   |   LUT   |
|----------|-------------------------|---------|---------|---------|
|   fmul   |        grp_fu_88        |    3    |   128   |    77   |
|----------|-------------------------|---------|---------|---------|
|          |   add_ln15728_1_fu_118  |    0    |    0    |    28   |
|    add   |    add_ln15728_fu_130   |    0    |    0    |    18   |
|          |    add_ln15730_fu_174   |    0    |    0    |    27   |
|          |    add_ln15729_fu_185   |    0    |    0    |    18   |
|----------|-------------------------|---------|---------|---------|
|   icmp   |   icmp_ln15728_fu_112   |    0    |    0    |    28   |
|          |   icmp_ln15729_fu_136   |    0    |    0    |    18   |
|----------|-------------------------|---------|---------|---------|
|  select  |  select_ln15728_fu_142  |    0    |    0    |    11   |
|          | select_ln15728_1_fu_150 |    0    |    0    |    11   |
|----------|-------------------------|---------|---------|---------|
|   trunc  |   trunc_ln15730_fu_158  |    0    |    0    |    0    |
|----------|-------------------------|---------|---------|---------|
|bitconcatenate|       tmp_s_fu_162      |    0    |    0    |    0    |
|----------|-------------------------|---------|---------|---------|
|   zext   |   zext_ln15730_fu_170   |    0    |    0    |    0    |
|          |  zext_ln15730_1_fu_180  |    0    |    0    |    0    |
|----------|-------------------------|---------|---------|---------|
|   Total  |                         |    3    |   128   |   236   |
|----------|-------------------------|---------|---------|---------|

Memories:
N/A

* Register list:
+------------------------+--------+
|                        |   FF   |
+------------------------+--------+
|     Y1_addr_reg_236    |   20   |
|       i16_reg_213      |   11   |
|  icmp_ln15728_reg_227  |    1   |
|indvar_flatten31_reg_220|   21   |
|       j14_reg_206      |   11   |
|      v8588_reg_241     |   32   |
| zext_ln15730_1_reg_231 |   64   |
+------------------------+--------+
|          Total         |   160  |
+------------------------+--------+

* Multiplexer (MUX) list: 
|------------------|------|------|------|--------||---------||---------|
|       Comp       |  Pin | Size |  BW  | S x BW ||  Delay  ||   LUT   |
|------------------|------|------|------|--------||---------||---------|
| grp_access_fu_69 |  p0  |   2  |  20  |   40   ||    9    |
|------------------|------|------|------|--------||---------||---------|
|       Total      |      |      |      |   40   ||  0.387  ||    9    |
|------------------|------|------|------|--------||---------||---------|



* Summary:
+-----------+--------+--------+--------+--------+
|           |   DSP  |  Delay |   FF   |   LUT  |
+-----------+--------+--------+--------+--------+
|  Function |    3   |    -   |   128  |   236  |
|   Memory  |    -   |    -   |    -   |    -   |
|Multiplexer|    -   |    0   |    -   |    9   |
|  Register |    -   |    -   |   160  |    -   |
+-----------+--------+--------+--------+--------+
|   Total   |    3   |    0   |   288  |   245  |
+-----------+--------+--------+--------+--------+
