

================================================================
== Vitis HLS Report for 'scaled_dot_product_attention'
================================================================
* Date:           Wed Feb  5 22:36:54 2025

* Version:        2023.2 (Build 4023990 on Oct 11 2023)
* Project:        DitBlock
* Solution:       hls (Vivado IP Flow Target)
* Product family: virtexuplusHBM
* Target device:  xcu280-fsvh2892-2L-e


================================================================
== Performance Estimates
================================================================
+ Timing: 
    * Summary: 
    +--------+----------+----------+------------+
    |  Clock |  Target  | Estimated| Uncertainty|
    +--------+----------+----------+------------+
    |ap_clk  |  10.00 ns|  7.069 ns|     2.70 ns|
    +--------+----------+----------+------------+

+ Latency: 
    * Summary: 
    +-----------+-----------+-----------+-----------+-----------+-----------+---------+
    |    Latency (cycles)   |   Latency (absolute)  |        Interval       | Pipeline|
    |    min    |    max    |    min    |    max    |    min    |    max    |   Type  |
    +-----------+-----------+-----------+-----------+-----------+-----------+---------+
    |  240107921|  240107921|  2.401 sec|  2.401 sec|  240107921|  240107921|       no|
    +-----------+-----------+-----------+-----------+-----------+-----------+---------+

    + Detail: 
        * Instance: 
        +----------------------------------------------------------------------------------------+-----------------------------------------------------------------------------+----------+----------+-----------+-----------+----------+----------+---------+
        |                                                                                        |                                                                             |   Latency (cycles)  |   Latency (absolute)  |       Interval      | Pipeline|
        |                                        Instance                                        |                                    Module                                   |    min   |    max   |    min    |    max    |    min   |    max   |   Type  |
        +----------------------------------------------------------------------------------------+-----------------------------------------------------------------------------+----------+----------+-----------+-----------+----------+----------+---------+
        |grp_scaled_dot_product_attention_Pipeline_l_mha_split_i15_l_j13_fu_100                  |scaled_dot_product_attention_Pipeline_l_mha_split_i15_l_j13                  |     65538|     65538|   0.655 ms|   0.655 ms|     65538|     65538|       no|
        |grp_scaled_dot_product_attention_Pipeline_VITIS_LOOP_15708_1_VITIS_LOOP_15709_2_fu_114  |scaled_dot_product_attention_Pipeline_VITIS_LOOP_15708_1_VITIS_LOOP_15709_2  |     65538|     65538|   0.655 ms|   0.655 ms|     65538|     65538|       no|
        |grp_scaled_dot_product_attention_Pipeline_VITIS_LOOP_15716_3_VITIS_LOOP_15717_4_fu_119  |scaled_dot_product_attention_Pipeline_VITIS_LOOP_15716_3_VITIS_LOOP_15717_4  |   1048578|   1048578|  10.486 ms|  10.486 ms|   1048578|   1048578|       no|
        |grp_scaled_dot_product_attention_Pipeline_VITIS_LOOP_15723_5_VITIS_LOOP_15724_6_fu_124  |scaled_dot_product_attention_Pipeline_VITIS_LOOP_15723_5_VITIS_LOOP_15724_6  |   1048578|   1048578|  10.486 ms|  10.486 ms|   1048578|   1048578|       no|
        |grp_scaled_dot_product_attention_Pipeline_VITIS_LOOP_12688_1_fu_129                     |scaled_dot_product_attention_Pipeline_VITIS_LOOP_12688_1                     |      1026|      1026|  10.260 us|  10.260 us|      1026|      1026|       no|
        |grp_scaled_dot_product_attention_Pipeline_VITIS_LOOP_12692_2_fu_134                     |scaled_dot_product_attention_Pipeline_VITIS_LOOP_12692_2                     |      1026|      1026|  10.260 us|  10.260 us|      1026|      1026|       no|
        |grp_systolic_QKT_fu_139                                                                 |systolic_QKT                                                                 |  12025857|  12025857|  0.120 sec|  0.120 sec|  12025857|  12025857|       no|
        |grp_scaled_dot_product_attention_Pipeline_l_mha_scale_i16_l_j14_fu_146                  |scaled_dot_product_attention_Pipeline_l_mha_scale_i16_l_j14                  |   1048580|   1048580|  10.486 ms|  10.486 ms|   1048580|   1048580|       no|
        |grp_scaled_dot_product_attention_Pipeline_l_row_max_i12_l_j10_fu_152                    |scaled_dot_product_attention_Pipeline_l_row_max_i12_l_j10                    |   2097155|   2097155|  20.972 ms|  20.972 ms|   2097155|   2097155|       no|
        |grp_scaled_dot_product_attention_Pipeline_l_exp_sum_i13_l_j11_fu_158                    |scaled_dot_product_attention_Pipeline_l_exp_sum_i13_l_j11                    |   2097164|   2097164|  20.972 ms|  20.972 ms|   2097164|   2097164|       no|
        |grp_scaled_dot_product_attention_Pipeline_l_update_i14_l_j12_fu_165                     |scaled_dot_product_attention_Pipeline_l_update_i14_l_j12                     |   1048585|   1048585|  10.486 ms|  10.486 ms|   1048585|   1048585|       no|
        |grp_systolic_YV_fu_171                                                                  |systolic_YV                                                                  |  10582017|  10582017|  0.106 sec|  0.106 sec|  10582017|  10582017|       no|
        |grp_scaled_dot_product_attention_Pipeline_l_mha_merge_i17_l_j15_fu_178                  |scaled_dot_product_attention_Pipeline_l_mha_merge_i17_l_j15                  |     65538|     65538|   0.655 ms|   0.655 ms|     65538|     65538|       no|
        +----------------------------------------------------------------------------------------+-----------------------------------------------------------------------------+----------+----------+-----------+-----------+----------+----------+---------+

        * Loop: 
        +--------------+-----------+-----------+----------+-----------+-----------+------+----------+
        |              |    Latency (cycles)   | Iteration|  Initiation Interval  | Trip |          |
        |   Loop Name  |    min    |    max    |  Latency |  achieved |   target  | Count| Pipelined|
        +--------------+-----------+-----------+----------+-----------+-----------+------+----------+
        |- l_S_h_0_h1  |  240107920|  240107920|  30013490|          -|          -|     8|        no|
        +--------------+-----------+-----------+----------+-----------+-----------+------+----------+



================================================================
== Utilization Estimates
================================================================
* Summary: 
+---------------------+---------+------+---------+---------+-----+
|         Name        | BRAM_18K|  DSP |    FF   |   LUT   | URAM|
+---------------------+---------+------+---------+---------+-----+
|DSP                  |        -|     -|        -|        -|    -|
|Expression           |        -|     -|        0|       26|    -|
|FIFO                 |        -|     -|        -|        -|    -|
|Instance             |       32|   647|    63626|    80345|    0|
|Memory               |     2564|     -|      128|     4480|  256|
|Multiplexer          |        -|     -|        -|      637|    -|
|Register             |        -|     -|       37|        -|    -|
+---------------------+---------+------+---------+---------+-----+
|Total                |     2596|   647|    63791|    85488|  256|
+---------------------+---------+------+---------+---------+-----+
|Available SLR        |     1344|  3008|   869120|   434560|  320|
+---------------------+---------+------+---------+---------+-----+
|Utilization SLR (%)  |      193|    21|        7|       19|   80|
+---------------------+---------+------+---------+---------+-----+
|Available            |     4032|  9024|  2607360|  1303680|  960|
+---------------------+---------+------+---------+---------+-----+
|Utilization (%)      |       64|     7|        2|        6|   26|
+---------------------+---------+------+---------+---------+-----+

+ Detail: 
    * Instance: 
    +----------------------------------------------------------------------------------------+-----------------------------------------------------------------------------+---------+-----+-------+-------+-----+
    |                                        Instance                                        |                                    Module                                   | BRAM_18K| DSP |   FF  |  LUT  | URAM|
    +----------------------------------------------------------------------------------------+-----------------------------------------------------------------------------+---------+-----+-------+-------+-----+
    |grp_scaled_dot_product_attention_Pipeline_VITIS_LOOP_12688_1_fu_129                     |scaled_dot_product_attention_Pipeline_VITIS_LOOP_12688_1                     |        0|    0|     13|     64|    0|
    |grp_scaled_dot_product_attention_Pipeline_VITIS_LOOP_12692_2_fu_134                     |scaled_dot_product_attention_Pipeline_VITIS_LOOP_12692_2                     |        0|    0|     13|     64|    0|
    |grp_scaled_dot_product_attention_Pipeline_VITIS_LOOP_15708_1_VITIS_LOOP_15709_2_fu_114  |scaled_dot_product_attention_Pipeline_VITIS_LOOP_15708_1_VITIS_LOOP_15709_2  |        0|    0|     38|    184|    0|
    |grp_scaled_dot_product_attention_Pipeline_VITIS_LOOP_15716_3_VITIS_LOOP_15717_4_fu_119  |scaled_dot_product_attention_Pipeline_VITIS_LOOP_15716_3_VITIS_LOOP_15717_4  |        0|    0|     46|    208|    0|
    |grp_scaled_dot_product_attention_Pipeline_VITIS_LOOP_15723_5_VITIS_LOOP_15724_6_fu_124  |scaled_dot_product_attention_Pipeline_VITIS_LOOP_15723_5_VITIS_LOOP_15724_6  |        0|    0|     46|    208|    0|
    |grp_scaled_dot_product_attention_Pipeline_l_exp_sum_i13_l_j11_fu_158                    |scaled_dot_product_attention_Pipeline_l_exp_sum_i13_l_j11                    |        0|    7|    776|   1234|    0|
    |grp_scaled_dot_product_attention_Pipeline_l_mha_merge_i17_l_j15_fu_178                  |scaled_dot_product_attention_Pipeline_l_mha_merge_i17_l_j15                  |        0|    0|     58|    209|    0|
    |grp_scaled_dot_product_attention_Pipeline_l_mha_scale_i16_l_j14_fu_146                  |scaled_dot_product_attention_Pipeline_l_mha_scale_i16_l_j14                  |        0|    0|    167|    249|    0|
    |grp_scaled_dot_product_attention_Pipeline_l_mha_split_i15_l_j13_fu_100                  |scaled_dot_product_attention_Pipeline_l_mha_split_i15_l_j13                  |        0|    0|     71|    232|    0|
    |grp_scaled_dot_product_attention_Pipeline_l_row_max_i12_l_j10_fu_152                    |scaled_dot_product_attention_Pipeline_l_row_max_i12_l_j10                    |        0|    0|    173|    434|    0|
    |grp_scaled_dot_product_attention_Pipeline_l_update_i14_l_j12_fu_165                     |scaled_dot_product_attention_Pipeline_l_update_i14_l_j12                     |        0|    0|    241|    249|    0|
    |grp_systolic_QKT_fu_139                                                                 |systolic_QKT                                                                 |        0|  320|  30982|  38502|    0|
    |grp_systolic_YV_fu_171                                                                  |systolic_YV                                                                  |       32|  320|  31002|  38508|    0|
    +----------------------------------------------------------------------------------------+-----------------------------------------------------------------------------+---------+-----+-------+-------+-----+
    |Total                                                                                   |                                                                             |       32|  647|  63626|  80345|    0|
    +----------------------------------------------------------------------------------------+-----------------------------------------------------------------------------+---------+-----+-------+-------+-----+

    * DSP: 
    N/A

    * Memory: 
    +-------+--------------------------------------------------+---------+-----+------+-----+---------+-----+------+-------------+
    | Memory|                      Module                      | BRAM_18K|  FF |  LUT | URAM|  Words  | Bits| Banks| W*Bits*Banks|
    +-------+--------------------------------------------------+---------+-----+------+-----+---------+-----+------+-------------+
    |S_U    |layer_norm_mean_RAM_AUTO_1R1W                     |        2|    0|     0|    0|     1024|   32|     1|        32768|
    |M_U    |layer_norm_var_RAM_AUTO_1R1W                      |        2|    0|     0|    0|     1024|   32|     1|        32768|
    |Q_h_U  |scaled_dot_product_attention_Q_h_RAM_AUTO_1R1W    |      128|    0|     0|    0|    65536|   32|     1|      2097152|
    |K_h_U  |scaled_dot_product_attention_Q_h_RAM_AUTO_1R1W    |      128|    0|     0|    0|    65536|   32|     1|      2097152|
    |V_h_U  |scaled_dot_product_attention_Q_h_RAM_AUTO_1R1W    |      128|    0|     0|    0|    65536|   32|     1|      2097152|
    |C_h_U  |scaled_dot_product_attention_Q_h_RAM_AUTO_1R1W    |      128|    0|     0|    0|    65536|   32|     1|      2097152|
    |Y1_U   |scaled_dot_product_attention_Y1_RAM_2P_URAM_1R1W  |        0|  128|  4480|  256|  1048576|   32|     1|     33554432|
    |Y_t_U  |scaled_dot_product_attention_Y_t_RAM_AUTO_1R1W    |     2048|    0|     0|    0|  1048576|   32|     1|     33554432|
    +-------+--------------------------------------------------+---------+-----+------+-----+---------+-----+------+-------------+
    |Total  |                                                  |     2564|  128|  4480|  256|  2361344|  256|     8|     75563008|
    +-------+--------------------------------------------------+---------+-----+------+-----+---------+-----+------+-------------+

    * FIFO: 
    N/A

    * Expression: 
    +---------------------------------+----------+----+---+----+------------+------------+
    |          Variable Name          | Operation| DSP| FF| LUT| Bitwidth P0| Bitwidth P1|
    +---------------------------------+----------+----+---+----+------------+------------+
    |add_ln15693_fu_200_p2            |         +|   0|  0|  12|           4|           1|
    |icmp_ln15693_fu_194_p2           |      icmp|   0|  0|  12|           4|           5|
    |ap_block_state3_on_subcall_done  |        or|   0|  0|   2|           1|           1|
    +---------------------------------+----------+----+---+----+------------+------------+
    |Total                            |          |   0|  0|  26|           9|           7|
    +---------------------------------+----------+----+---+----+------------+------------+

    * Multiplexer: 
    +---------------+----+-----------+-----+-----------+
    |      Name     | LUT| Input Size| Bits| Total Bits|
    +---------------+----+-----------+-----+-----------+
    |C_h_address0   |  20|          4|   16|         64|
    |C_h_ce0        |  20|          4|    1|          4|
    |C_h_d0         |  14|          3|   32|         96|
    |C_h_we0        |  14|          3|    1|          3|
    |K_h_address0   |  14|          3|   16|         48|
    |K_h_ce0        |  14|          3|    1|          3|
    |K_h_we0        |   9|          2|    1|          2|
    |M_address0     |  20|          4|   10|         40|
    |M_ce0          |  20|          4|    1|          4|
    |M_d0           |  14|          3|   32|         96|
    |M_we0          |  14|          3|    1|          3|
    |Q_h_address0   |  14|          3|   16|         48|
    |Q_h_ce0        |  14|          3|    1|          3|
    |Q_h_we0        |   9|          2|    1|          2|
    |S_address0     |  20|          4|   10|         40|
    |S_ce0          |  20|          4|    1|          4|
    |S_ce1          |   9|          2|    1|          2|
    |S_d0           |  14|          3|   32|         96|
    |S_we0          |  14|          3|    1|          3|
    |V_h_address0   |  14|          3|   16|         48|
    |V_h_ce0        |  14|          3|    1|          3|
    |V_h_we0        |   9|          2|    1|          2|
    |Y1_address1    |  14|          3|   20|         60|
    |Y1_ce0         |   9|          2|    1|          2|
    |Y1_ce1         |  14|          3|    1|          3|
    |Y1_d1          |  14|          3|   32|         96|
    |Y1_we1         |  14|          3|    1|          3|
    |Y_t_address0   |  37|          7|   20|        140|
    |Y_t_ce0        |  37|          7|    1|          7|
    |Y_t_ce1        |   9|          2|    1|          2|
    |Y_t_d0         |  26|          5|   32|        160|
    |Y_t_we0        |  26|          5|    1|          5|
    |ap_NS_fsm      |  86|         18|    1|         18|
    |grp_fu_240_ce  |   9|          2|    1|          2|
    |grp_fu_244_ce  |   9|          2|    1|          2|
    |h1_fu_64       |   9|          2|    4|          8|
    +---------------+----+-----------+-----+-----------+
    |Total          | 637|        132|  310|       1122|
    +---------------+----+-----------+-----+-----------+

    * Register: 
    +-----------------------------------------------------------------------------------------------------+----+----+-----+-----------+
    |                                                 Name                                                | FF | LUT| Bits| Const Bits|
    +-----------------------------------------------------------------------------------------------------+----+----+-----+-----------+
    |ap_CS_fsm                                                                                            |  17|   0|   17|          0|
    |grp_scaled_dot_product_attention_Pipeline_VITIS_LOOP_12688_1_fu_129_ap_start_reg                     |   1|   0|    1|          0|
    |grp_scaled_dot_product_attention_Pipeline_VITIS_LOOP_12692_2_fu_134_ap_start_reg                     |   1|   0|    1|          0|
    |grp_scaled_dot_product_attention_Pipeline_VITIS_LOOP_15708_1_VITIS_LOOP_15709_2_fu_114_ap_start_reg  |   1|   0|    1|          0|
    |grp_scaled_dot_product_attention_Pipeline_VITIS_LOOP_15716_3_VITIS_LOOP_15717_4_fu_119_ap_start_reg  |   1|   0|    1|          0|
    |grp_scaled_dot_product_attention_Pipeline_VITIS_LOOP_15723_5_VITIS_LOOP_15724_6_fu_124_ap_start_reg  |   1|   0|    1|          0|
    |grp_scaled_dot_product_attention_Pipeline_l_exp_sum_i13_l_j11_fu_158_ap_start_reg                    |   1|   0|    1|          0|
    |grp_scaled_dot_product_attention_Pipeline_l_mha_merge_i17_l_j15_fu_178_ap_start_reg                  |   1|   0|    1|          0|
    |grp_scaled_dot_product_attention_Pipeline_l_mha_scale_i16_l_j14_fu_146_ap_start_reg                  |   1|   0|    1|          0|
    |grp_scaled_dot_product_attention_Pipeline_l_mha_split_i15_l_j13_fu_100_ap_start_reg                  |   1|   0|    1|          0|
    |grp_scaled_dot_product_attention_Pipeline_l_row_max_i12_l_j10_fu_152_ap_start_reg                    |   1|   0|    1|          0|
    |grp_scaled_dot_product_attention_Pipeline_l_update_i14_l_j12_fu_165_ap_start_reg                     |   1|   0|    1|          0|
    |grp_systolic_QKT_fu_139_ap_start_reg                                                                 |   1|   0|    1|          0|
    |grp_systolic_YV_fu_171_ap_start_reg                                                                  |   1|   0|    1|          0|
    |h1_fu_64                                                                                             |   4|   0|    4|          0|
    |tmp_s_reg_234                                                                                        |   3|   0|    9|          6|
    +-----------------------------------------------------------------------------------------------------+----+----+-----+-----------+
    |Total                                                                                                |  37|   0|   43|          6|
    +-----------------------------------------------------------------------------------------------------+----+----+-----+-----------+



================================================================
== Interface
================================================================
* Summary: 
+---------------------+-----+-----+------------+------------------------------+--------------+
|      RTL Ports      | Dir | Bits|  Protocol  |         Source Object        |    C Type    |
+---------------------+-----+-----+------------+------------------------------+--------------+
|ap_clk               |   in|    1|  ap_ctrl_hs|  scaled_dot_product_attention|  return value|
|ap_rst               |   in|    1|  ap_ctrl_hs|  scaled_dot_product_attention|  return value|
|ap_start             |   in|    1|  ap_ctrl_hs|  scaled_dot_product_attention|  return value|
|ap_done              |  out|    1|  ap_ctrl_hs|  scaled_dot_product_attention|  return value|
|ap_idle              |  out|    1|  ap_ctrl_hs|  scaled_dot_product_attention|  return value|
|ap_ready             |  out|    1|  ap_ctrl_hs|  scaled_dot_product_attention|  return value|
|grp_fu_599_p_din0    |  out|   32|  ap_ctrl_hs|  scaled_dot_product_attention|  return value|
|grp_fu_599_p_din1    |  out|   32|  ap_ctrl_hs|  scaled_dot_product_attention|  return value|
|grp_fu_599_p_dout0   |   in|   32|  ap_ctrl_hs|  scaled_dot_product_attention|  return value|
|grp_fu_599_p_ce      |  out|    1|  ap_ctrl_hs|  scaled_dot_product_attention|  return value|
|grp_fu_591_p_din0    |  out|   32|  ap_ctrl_hs|  scaled_dot_product_attention|  return value|
|grp_fu_591_p_din1    |  out|   32|  ap_ctrl_hs|  scaled_dot_product_attention|  return value|
|grp_fu_591_p_opcode  |  out|    2|  ap_ctrl_hs|  scaled_dot_product_attention|  return value|
|grp_fu_591_p_dout0   |   in|   32|  ap_ctrl_hs|  scaled_dot_product_attention|  return value|
|grp_fu_591_p_ce      |  out|    1|  ap_ctrl_hs|  scaled_dot_product_attention|  return value|
|v8564_address0       |  out|   19|   ap_memory|                         v8564|         array|
|v8564_ce0            |  out|    1|   ap_memory|                         v8564|         array|
|v8564_q0             |   in|   32|   ap_memory|                         v8564|         array|
|v8565_address0       |  out|   19|   ap_memory|                         v8565|         array|
|v8565_ce0            |  out|    1|   ap_memory|                         v8565|         array|
|v8565_q0             |   in|   32|   ap_memory|                         v8565|         array|
|v8566_address0       |  out|   19|   ap_memory|                         v8566|         array|
|v8566_ce0            |  out|    1|   ap_memory|                         v8566|         array|
|v8566_q0             |   in|   32|   ap_memory|                         v8566|         array|
|v8567_address1       |  out|   19|   ap_memory|                         v8567|         array|
|v8567_ce1            |  out|    1|   ap_memory|                         v8567|         array|
|v8567_we1            |  out|    1|   ap_memory|                         v8567|         array|
|v8567_d1             |  out|   32|   ap_memory|                         v8567|         array|
+---------------------+-----+-----+------------+------------------------------+--------------+

============================================================
+ Verbose Summary: Synthesis Manager
============================================================
InlineROM: 1
ExposeGlobal: 0
============================================================
+ Verbose Summary: CDFG Model
============================================================
IsTopModel: 0
ResetActiveHigh: 1
IsCombinational: 2
IsDatapathOnly: 2
HasWiredReturn: 1
HasMFsm: 0
HasVarLatency: 1
IsPipeline: 0
IsRtlPipelined: 0
IsInstanceOverlapped: 0
IsDontTouch: 0
HasImplIP: 0
IsGatedGlobalClock: 0


============================================================
+ Verbose Summary: Schedule
============================================================
* Number of FSM states : 17
* Pipeline : 0
* Dataflow Pipeline: 0

* FSM state transitions: 
1 --> 2 
2 --> 3 
3 --> 4 
4 --> 5 
5 --> 6 
6 --> 7 
7 --> 8 
8 --> 9 
9 --> 10 
10 --> 11 
11 --> 12 
12 --> 13 
13 --> 14 
14 --> 15 
15 --> 16 
16 --> 17 
17 --> 2 

* FSM state operations: 

State 1 <SV = 0> <Delay = 2.66>
ST_1 : Operation 18 [1/1] (0.00ns)   --->   "%h1 = alloca i32 1" [/home/silvenchen/Desktop/DitBlock/WorkDCT/DitBlock/kernel.cpp:15693]   --->   Operation 18 'alloca' 'h1' <Predicate = true> <Delay = 0.00>
ST_1 : Operation 19 [1/1] (0.00ns)   --->   "%specmemcore_ln0 = specmemcore void @_ssdm_op_SpecMemCore, i32 %v8566, i64 666, i64 24, i64 18446744073709551615"   --->   Operation 19 'specmemcore' 'specmemcore_ln0' <Predicate = true> <Delay = 0.00>
ST_1 : Operation 20 [1/1] (0.00ns)   --->   "%specmemcore_ln0 = specmemcore void @_ssdm_op_SpecMemCore, i32 %v8565, i64 666, i64 24, i64 18446744073709551615"   --->   Operation 20 'specmemcore' 'specmemcore_ln0' <Predicate = true> <Delay = 0.00>
ST_1 : Operation 21 [1/1] (0.00ns)   --->   "%specmemcore_ln0 = specmemcore void @_ssdm_op_SpecMemCore, i32 %v8564, i64 666, i64 24, i64 18446744073709551615"   --->   Operation 21 'specmemcore' 'specmemcore_ln0' <Predicate = true> <Delay = 0.00>
ST_1 : Operation 22 [1/1] (0.00ns)   --->   "%specmemcore_ln0 = specmemcore void @_ssdm_op_SpecMemCore, i32 %v8567, i64 666, i64 24, i64 18446744073709551615"   --->   Operation 22 'specmemcore' 'specmemcore_ln0' <Predicate = true> <Delay = 0.00>
ST_1 : Operation 23 [1/1] (1.20ns)   --->   "%M = alloca i64 1" [/home/silvenchen/Desktop/DitBlock/WorkDCT/DitBlock/kernel.cpp:12687->/home/silvenchen/Desktop/DitBlock/WorkDCT/DitBlock/kernel.cpp:15736]   --->   Operation 23 'alloca' 'M' <Predicate = true> <Delay = 1.20>
ST_1 : Operation 24 [1/1] (1.20ns)   --->   "%S = alloca i64 1" [/home/silvenchen/Desktop/DitBlock/WorkDCT/DitBlock/kernel.cpp:12691->/home/silvenchen/Desktop/DitBlock/WorkDCT/DitBlock/kernel.cpp:15736]   --->   Operation 24 'alloca' 'S' <Predicate = true> <Delay = 1.20>
ST_1 : Operation 25 [1/1] (1.24ns)   --->   "%Q_h = alloca i64 1" [/home/silvenchen/Desktop/DitBlock/WorkDCT/DitBlock/kernel.cpp:15694]   --->   Operation 25 'alloca' 'Q_h' <Predicate = true> <Delay = 1.24>
ST_1 : Operation 26 [1/1] (1.24ns)   --->   "%K_h = alloca i64 1" [/home/silvenchen/Desktop/DitBlock/WorkDCT/DitBlock/kernel.cpp:15695]   --->   Operation 26 'alloca' 'K_h' <Predicate = true> <Delay = 1.24>
ST_1 : Operation 27 [1/1] (1.24ns)   --->   "%V_h = alloca i64 1" [/home/silvenchen/Desktop/DitBlock/WorkDCT/DitBlock/kernel.cpp:15696]   --->   Operation 27 'alloca' 'V_h' <Predicate = true> <Delay = 1.24>
ST_1 : Operation 28 [1/1] (1.24ns)   --->   "%C_h = alloca i64 1" [/home/silvenchen/Desktop/DitBlock/WorkDCT/DitBlock/kernel.cpp:15707]   --->   Operation 28 'alloca' 'C_h' <Predicate = true> <Delay = 1.24>
ST_1 : Operation 29 [1/1] (2.66ns)   --->   "%Y1 = alloca i64 1" [/home/silvenchen/Desktop/DitBlock/WorkDCT/DitBlock/kernel.cpp:15713]   --->   Operation 29 'alloca' 'Y1' <Predicate = true> <Delay = 2.66> <CoreInst = "RAM_2P_URAM">   --->   Core 95 'RAM_2P_URAM' <Latency = 1> <II = 1> <Delay = 2.66> <Storage> <Opcode : 'load' 'store'> <Ports = 2> <Width = 32> <Depth = 1048576> <RAM>
ST_1 : Operation 30 [1/1] (1.24ns)   --->   "%Y_t = alloca i64 1" [/home/silvenchen/Desktop/DitBlock/WorkDCT/DitBlock/kernel.cpp:15722]   --->   Operation 30 'alloca' 'Y_t' <Predicate = true> <Delay = 1.24>
ST_1 : Operation 31 [1/1] (0.00ns)   --->   "%specmemcore_ln15714 = specmemcore void @_ssdm_op_SpecMemCore, i32 %Y1, i64 666, i64 24, i64 18446744073709551615" [/home/silvenchen/Desktop/DitBlock/WorkDCT/DitBlock/kernel.cpp:15714]   --->   Operation 31 'specmemcore' 'specmemcore_ln15714' <Predicate = true> <Delay = 0.00>
ST_1 : Operation 32 [1/1] (0.38ns)   --->   "%store_ln15693 = store i4 0, i4 %h1" [/home/silvenchen/Desktop/DitBlock/WorkDCT/DitBlock/kernel.cpp:15693]   --->   Operation 32 'store' 'store_ln15693' <Predicate = true> <Delay = 0.38>
ST_1 : Operation 33 [1/1] (0.00ns)   --->   "%br_ln15693 = br void %l_mha_split_i15" [/home/silvenchen/Desktop/DitBlock/WorkDCT/DitBlock/kernel.cpp:15693]   --->   Operation 33 'br' 'br_ln15693' <Predicate = true> <Delay = 0.00>

State 2 <SV = 1> <Delay = 1.09>
ST_2 : Operation 34 [1/1] (0.00ns)   --->   "%h1_1 = load i4 %h1"   --->   Operation 34 'load' 'h1_1' <Predicate = true> <Delay = 0.00>
ST_2 : Operation 35 [1/1] (0.70ns)   --->   "%icmp_ln15693 = icmp_eq  i4 %h1_1, i4 8" [/home/silvenchen/Desktop/DitBlock/WorkDCT/DitBlock/kernel.cpp:15693]   --->   Operation 35 'icmp' 'icmp_ln15693' <Predicate = true> <Delay = 0.70> <CoreInst = "Cmp">   --->   Core 9 'Cmp' <Latency = 0> <II = 1> <Delay = 0.70> <FuncUnit> <Opcode : 'icmp'> <InPorts = 2> <OutPorts = 1>
ST_2 : Operation 36 [1/1] (0.70ns)   --->   "%add_ln15693 = add i4 %h1_1, i4 1" [/home/silvenchen/Desktop/DitBlock/WorkDCT/DitBlock/kernel.cpp:15693]   --->   Operation 36 'add' 'add_ln15693' <Predicate = true> <Delay = 0.70> <CoreInst = "Adder">   --->   Core 1 'Adder' <Latency = 0> <II = 1> <Delay = 0.70> <FuncUnit> <Opcode : 'add' 'sub'> <InPorts = 2> <OutPorts = 1>
ST_2 : Operation 37 [1/1] (0.00ns)   --->   "%br_ln15693 = br i1 %icmp_ln15693, void %l_mha_split_i15.split, void %for.end147" [/home/silvenchen/Desktop/DitBlock/WorkDCT/DitBlock/kernel.cpp:15693]   --->   Operation 37 'br' 'br_ln15693' <Predicate = true> <Delay = 0.00>
ST_2 : Operation 38 [1/1] (0.00ns)   --->   "%empty = trunc i4 %h1_1"   --->   Operation 38 'trunc' 'empty' <Predicate = (!icmp_ln15693)> <Delay = 0.00>
ST_2 : Operation 39 [1/1] (0.00ns)   --->   "%tmp_s = bitconcatenate i9 @_ssdm_op_BitConcatenate.i9.i3.i6, i3 %empty, i6 0"   --->   Operation 39 'bitconcatenate' 'tmp_s' <Predicate = (!icmp_ln15693)> <Delay = 0.00>
ST_2 : Operation 40 [2/2] (0.00ns)   --->   "%call_ln0 = call void @scaled_dot_product_attention_Pipeline_l_mha_split_i15_l_j13, i32 %Q_h, i32 %K_h, i32 %V_h, i9 %tmp_s, i32 %v8564, i32 %v8565, i32 %v8566"   --->   Operation 40 'call' 'call_ln0' <Predicate = (!icmp_ln15693)> <Delay = 0.00> <CoreType = "Generic">   --->   Core 0 '' <Latency = 0> <II = 1> <Delay = 1.00> <Generic> <Opcode : >
ST_2 : Operation 41 [2/2] (0.00ns)   --->   "%call_ln0 = call void @scaled_dot_product_attention_Pipeline_VITIS_LOOP_15708_1_VITIS_LOOP_15709_2, i32 %C_h"   --->   Operation 41 'call' 'call_ln0' <Predicate = (!icmp_ln15693)> <Delay = 0.00> <CoreType = "Generic">   --->   Core 0 '' <Latency = 0> <II = 1> <Delay = 1.00> <Generic> <Opcode : >
ST_2 : Operation 42 [2/2] (0.00ns)   --->   "%call_ln0 = call void @scaled_dot_product_attention_Pipeline_VITIS_LOOP_15716_3_VITIS_LOOP_15717_4, i32 %Y1"   --->   Operation 42 'call' 'call_ln0' <Predicate = (!icmp_ln15693)> <Delay = 0.00> <CoreType = "Generic">   --->   Core 0 '' <Latency = 0> <II = 1> <Delay = 1.00> <Generic> <Opcode : >
ST_2 : Operation 43 [2/2] (0.00ns)   --->   "%call_ln0 = call void @scaled_dot_product_attention_Pipeline_VITIS_LOOP_15723_5_VITIS_LOOP_15724_6, i32 %Y_t"   --->   Operation 43 'call' 'call_ln0' <Predicate = (!icmp_ln15693)> <Delay = 0.00> <CoreType = "Generic">   --->   Core 0 '' <Latency = 0> <II = 1> <Delay = 1.00> <Generic> <Opcode : >
ST_2 : Operation 44 [2/2] (0.00ns)   --->   "%call_ln0 = call void @scaled_dot_product_attention_Pipeline_VITIS_LOOP_12688_1, i32 %M"   --->   Operation 44 'call' 'call_ln0' <Predicate = (!icmp_ln15693)> <Delay = 0.00> <CoreType = "Generic">   --->   Core 0 '' <Latency = 0> <II = 1> <Delay = 1.00> <Generic> <Opcode : >
ST_2 : Operation 45 [2/2] (0.00ns)   --->   "%call_ln0 = call void @scaled_dot_product_attention_Pipeline_VITIS_LOOP_12692_2, i32 %S"   --->   Operation 45 'call' 'call_ln0' <Predicate = (!icmp_ln15693)> <Delay = 0.00> <CoreType = "Generic">   --->   Core 0 '' <Latency = 0> <II = 1> <Delay = 1.00> <Generic> <Opcode : >
ST_2 : Operation 46 [1/1] (0.38ns)   --->   "%store_ln15693 = store i4 %add_ln15693, i4 %h1" [/home/silvenchen/Desktop/DitBlock/WorkDCT/DitBlock/kernel.cpp:15693]   --->   Operation 46 'store' 'store_ln15693' <Predicate = (!icmp_ln15693)> <Delay = 0.38>
ST_2 : Operation 47 [1/1] (0.00ns)   --->   "%ret_ln15745 = ret" [/home/silvenchen/Desktop/DitBlock/WorkDCT/DitBlock/kernel.cpp:15745]   --->   Operation 47 'ret' 'ret_ln15745' <Predicate = (icmp_ln15693)> <Delay = 0.00>

State 3 <SV = 2> <Delay = 0.00>
ST_3 : Operation 48 [1/2] (0.00ns)   --->   "%call_ln0 = call void @scaled_dot_product_attention_Pipeline_l_mha_split_i15_l_j13, i32 %Q_h, i32 %K_h, i32 %V_h, i9 %tmp_s, i32 %v8564, i32 %v8565, i32 %v8566"   --->   Operation 48 'call' 'call_ln0' <Predicate = true> <Delay = 0.00> <CoreType = "Generic">   --->   Core 0 '' <Latency = 0> <II = 1> <Delay = 1.00> <Generic> <Opcode : >
ST_3 : Operation 49 [1/2] (0.00ns)   --->   "%call_ln0 = call void @scaled_dot_product_attention_Pipeline_VITIS_LOOP_15708_1_VITIS_LOOP_15709_2, i32 %C_h"   --->   Operation 49 'call' 'call_ln0' <Predicate = true> <Delay = 0.00> <CoreType = "Generic">   --->   Core 0 '' <Latency = 0> <II = 1> <Delay = 1.00> <Generic> <Opcode : >
ST_3 : Operation 50 [1/2] (0.00ns)   --->   "%call_ln0 = call void @scaled_dot_product_attention_Pipeline_VITIS_LOOP_15716_3_VITIS_LOOP_15717_4, i32 %Y1"   --->   Operation 50 'call' 'call_ln0' <Predicate = true> <Delay = 0.00> <CoreType = "Generic">   --->   Core 0 '' <Latency = 0> <II = 1> <Delay = 1.00> <Generic> <Opcode : >
ST_3 : Operation 51 [1/2] (0.00ns)   --->   "%call_ln0 = call void @scaled_dot_product_attention_Pipeline_VITIS_LOOP_15723_5_VITIS_LOOP_15724_6, i32 %Y_t"   --->   Operation 51 'call' 'call_ln0' <Predicate = true> <Delay = 0.00> <CoreType = "Generic">   --->   Core 0 '' <Latency = 0> <II = 1> <Delay = 1.00> <Generic> <Opcode : >
ST_3 : Operation 52 [1/2] (0.00ns)   --->   "%call_ln0 = call void @scaled_dot_product_attention_Pipeline_VITIS_LOOP_12688_1, i32 %M"   --->   Operation 52 'call' 'call_ln0' <Predicate = true> <Delay = 0.00> <CoreType = "Generic">   --->   Core 0 '' <Latency = 0> <II = 1> <Delay = 1.00> <Generic> <Opcode : >
ST_3 : Operation 53 [1/2] (0.00ns)   --->   "%call_ln0 = call void @scaled_dot_product_attention_Pipeline_VITIS_LOOP_12692_2, i32 %S"   --->   Operation 53 'call' 'call_ln0' <Predicate = true> <Delay = 0.00> <CoreType = "Generic">   --->   Core 0 '' <Latency = 0> <II = 1> <Delay = 1.00> <Generic> <Opcode : >

State 4 <SV = 3> <Delay = 0.00>
ST_4 : Operation 54 [2/2] (0.00ns)   --->   "%call_ln15721 = call void @systolic_QKT, i32 %Q_h, i32 %K_h, i32 %Y1" [/home/silvenchen/Desktop/DitBlock/WorkDCT/DitBlock/kernel.cpp:15721]   --->   Operation 54 'call' 'call_ln15721' <Predicate = true> <Delay = 0.00> <CoreType = "Generic">   --->   Core 0 '' <Latency = 0> <II = 1> <Delay = 1.00> <Generic> <Opcode : >

State 5 <SV = 4> <Delay = 0.00>
ST_5 : Operation 55 [1/2] (0.00ns)   --->   "%call_ln15721 = call void @systolic_QKT, i32 %Q_h, i32 %K_h, i32 %Y1" [/home/silvenchen/Desktop/DitBlock/WorkDCT/DitBlock/kernel.cpp:15721]   --->   Operation 55 'call' 'call_ln15721' <Predicate = true> <Delay = 0.00> <CoreType = "Generic">   --->   Core 0 '' <Latency = 0> <II = 1> <Delay = 1.00> <Generic> <Opcode : >

State 6 <SV = 5> <Delay = 0.00>
ST_6 : Operation 56 [2/2] (0.00ns)   --->   "%call_ln0 = call void @scaled_dot_product_attention_Pipeline_l_mha_scale_i16_l_j14, i32 %Y1, i32 %Y_t"   --->   Operation 56 'call' 'call_ln0' <Predicate = true> <Delay = 0.00> <CoreType = "Generic">   --->   Core 0 '' <Latency = 0> <II = 1> <Delay = 1.00> <Generic> <Opcode : >

State 7 <SV = 6> <Delay = 0.00>
ST_7 : Operation 57 [1/2] (0.00ns)   --->   "%call_ln0 = call void @scaled_dot_product_attention_Pipeline_l_mha_scale_i16_l_j14, i32 %Y1, i32 %Y_t"   --->   Operation 57 'call' 'call_ln0' <Predicate = true> <Delay = 0.00> <CoreType = "Generic">   --->   Core 0 '' <Latency = 0> <II = 1> <Delay = 1.00> <Generic> <Opcode : >

State 8 <SV = 7> <Delay = 0.00>
ST_8 : Operation 58 [2/2] (0.00ns)   --->   "%call_ln0 = call void @scaled_dot_product_attention_Pipeline_l_row_max_i12_l_j10, i32 %Y_t, i32 %M"   --->   Operation 58 'call' 'call_ln0' <Predicate = true> <Delay = 0.00> <CoreType = "Generic">   --->   Core 0 '' <Latency = 0> <II = 1> <Delay = 1.00> <Generic> <Opcode : >

State 9 <SV = 8> <Delay = 0.00>
ST_9 : Operation 59 [1/2] (0.00ns)   --->   "%call_ln0 = call void @scaled_dot_product_attention_Pipeline_l_row_max_i12_l_j10, i32 %Y_t, i32 %M"   --->   Operation 59 'call' 'call_ln0' <Predicate = true> <Delay = 0.00> <CoreType = "Generic">   --->   Core 0 '' <Latency = 0> <II = 1> <Delay = 1.00> <Generic> <Opcode : >

State 10 <SV = 9> <Delay = 0.00>
ST_10 : Operation 60 [2/2] (0.00ns)   --->   "%call_ln0 = call void @scaled_dot_product_attention_Pipeline_l_exp_sum_i13_l_j11, i32 %Y_t, i32 %M, i32 %S"   --->   Operation 60 'call' 'call_ln0' <Predicate = true> <Delay = 0.00> <CoreType = "Generic">   --->   Core 0 '' <Latency = 0> <II = 1> <Delay = 1.00> <Generic> <Opcode : >

State 11 <SV = 10> <Delay = 0.00>
ST_11 : Operation 61 [1/2] (0.00ns)   --->   "%call_ln0 = call void @scaled_dot_product_attention_Pipeline_l_exp_sum_i13_l_j11, i32 %Y_t, i32 %M, i32 %S"   --->   Operation 61 'call' 'call_ln0' <Predicate = true> <Delay = 0.00> <CoreType = "Generic">   --->   Core 0 '' <Latency = 0> <II = 1> <Delay = 1.00> <Generic> <Opcode : >

State 12 <SV = 11> <Delay = 0.00>
ST_12 : Operation 62 [2/2] (0.00ns)   --->   "%call_ln0 = call void @scaled_dot_product_attention_Pipeline_l_update_i14_l_j12, i32 %S, i32 %Y_t"   --->   Operation 62 'call' 'call_ln0' <Predicate = true> <Delay = 0.00> <CoreType = "Generic">   --->   Core 0 '' <Latency = 0> <II = 1> <Delay = 1.00> <Generic> <Opcode : >

State 13 <SV = 12> <Delay = 0.00>
ST_13 : Operation 63 [1/2] (0.00ns)   --->   "%call_ln0 = call void @scaled_dot_product_attention_Pipeline_l_update_i14_l_j12, i32 %S, i32 %Y_t"   --->   Operation 63 'call' 'call_ln0' <Predicate = true> <Delay = 0.00> <CoreType = "Generic">   --->   Core 0 '' <Latency = 0> <II = 1> <Delay = 1.00> <Generic> <Opcode : >

State 14 <SV = 13> <Delay = 0.00>
ST_14 : Operation 64 [2/2] (0.00ns)   --->   "%call_ln15737 = call void @systolic_YV, i32 %Y_t, i32 %V_h, i32 %C_h" [/home/silvenchen/Desktop/DitBlock/WorkDCT/DitBlock/kernel.cpp:15737]   --->   Operation 64 'call' 'call_ln15737' <Predicate = true> <Delay = 0.00> <CoreType = "Generic">   --->   Core 0 '' <Latency = 0> <II = 1> <Delay = 1.00> <Generic> <Opcode : >

State 15 <SV = 14> <Delay = 0.00>
ST_15 : Operation 65 [1/2] (0.00ns)   --->   "%call_ln15737 = call void @systolic_YV, i32 %Y_t, i32 %V_h, i32 %C_h" [/home/silvenchen/Desktop/DitBlock/WorkDCT/DitBlock/kernel.cpp:15737]   --->   Operation 65 'call' 'call_ln15737' <Predicate = true> <Delay = 0.00> <CoreType = "Generic">   --->   Core 0 '' <Latency = 0> <II = 1> <Delay = 1.00> <Generic> <Opcode : >

State 16 <SV = 15> <Delay = 0.00>
ST_16 : Operation 66 [2/2] (0.00ns)   --->   "%call_ln0 = call void @scaled_dot_product_attention_Pipeline_l_mha_merge_i17_l_j15, i32 %C_h, i9 %tmp_s, i32 %v8567"   --->   Operation 66 'call' 'call_ln0' <Predicate = true> <Delay = 0.00> <CoreType = "Generic">   --->   Core 0 '' <Latency = 0> <II = 1> <Delay = 1.00> <Generic> <Opcode : >

State 17 <SV = 16> <Delay = 0.00>
ST_17 : Operation 67 [1/1] (0.00ns)   --->   "%speclooptripcount_ln15694 = speclooptripcount void @_ssdm_op_SpecLoopTripCount, i64 8, i64 8, i64 8" [/home/silvenchen/Desktop/DitBlock/WorkDCT/DitBlock/kernel.cpp:15694]   --->   Operation 67 'speclooptripcount' 'speclooptripcount_ln15694' <Predicate = true> <Delay = 0.00>
ST_17 : Operation 68 [1/1] (0.00ns)   --->   "%specloopname_ln15693 = specloopname void @_ssdm_op_SpecLoopName, void @empty_201" [/home/silvenchen/Desktop/DitBlock/WorkDCT/DitBlock/kernel.cpp:15693]   --->   Operation 68 'specloopname' 'specloopname_ln15693' <Predicate = true> <Delay = 0.00>
ST_17 : Operation 69 [1/2] (0.00ns)   --->   "%call_ln0 = call void @scaled_dot_product_attention_Pipeline_l_mha_merge_i17_l_j15, i32 %C_h, i9 %tmp_s, i32 %v8567"   --->   Operation 69 'call' 'call_ln0' <Predicate = true> <Delay = 0.00> <CoreType = "Generic">   --->   Core 0 '' <Latency = 0> <II = 1> <Delay = 1.00> <Generic> <Opcode : >
ST_17 : Operation 70 [1/1] (0.00ns)   --->   "%br_ln15693 = br void %l_mha_split_i15" [/home/silvenchen/Desktop/DitBlock/WorkDCT/DitBlock/kernel.cpp:15693]   --->   Operation 70 'br' 'br_ln15693' <Predicate = true> <Delay = 0.00>


============================================================
+ Verbose Summary: Binding
============================================================
STG Binding: 
---------------- STG Properties BEGIN ----------------
- Is combinational: 0
- Is one-state seq: 0
- Is datapath-only: 0
- Is pipelined: 0
- Is top level: 0
Port [ Return ] is wired: 1; IO mode=ap_ctrl_hs:ce=0
Port [ v8564]:  wired=1; compound=1; hidden=0; nouse=0; global=0; static=0; extern=0; dir=0; type=1; pingpong=0; private_global=0; MemPort=[13]; IO mode=ap_memory:ce=0
Port [ v8565]:  wired=1; compound=1; hidden=0; nouse=0; global=0; static=0; extern=0; dir=0; type=1; pingpong=0; private_global=0; MemPort=[13]; IO mode=ap_memory:ce=0
Port [ v8566]:  wired=1; compound=1; hidden=0; nouse=0; global=0; static=0; extern=0; dir=0; type=1; pingpong=0; private_global=0; MemPort=[13]; IO mode=ap_memory:ce=0
Port [ v8567]:  wired=1; compound=1; hidden=0; nouse=0; global=0; static=0; extern=0; dir=1; type=1; pingpong=0; private_global=0; MemPort=[30]; IO mode=ap_memory:ce=0
---------------- STG Properties END ------------------

---------------- Datapath Model BEGIN ----------------

<LifeTime>
<method=bitvector/>
h1                        (alloca           ) [ 011111111111111111]
specmemcore_ln0           (specmemcore      ) [ 000000000000000000]
specmemcore_ln0           (specmemcore      ) [ 000000000000000000]
specmemcore_ln0           (specmemcore      ) [ 000000000000000000]
specmemcore_ln0           (specmemcore      ) [ 000000000000000000]
M                         (alloca           ) [ 001111111111111111]
S                         (alloca           ) [ 001111111111111111]
Q_h                       (alloca           ) [ 001111111111111111]
K_h                       (alloca           ) [ 001111111111111111]
V_h                       (alloca           ) [ 001111111111111111]
C_h                       (alloca           ) [ 001111111111111111]
Y1                        (alloca           ) [ 001111111111111111]
Y_t                       (alloca           ) [ 001111111111111111]
specmemcore_ln15714       (specmemcore      ) [ 000000000000000000]
store_ln15693             (store            ) [ 000000000000000000]
br_ln15693                (br               ) [ 000000000000000000]
h1_1                      (load             ) [ 000000000000000000]
icmp_ln15693              (icmp             ) [ 001111111111111111]
add_ln15693               (add              ) [ 000000000000000000]
br_ln15693                (br               ) [ 000000000000000000]
empty                     (trunc            ) [ 000000000000000000]
tmp_s                     (bitconcatenate   ) [ 000111111111111111]
store_ln15693             (store            ) [ 000000000000000000]
ret_ln15745               (ret              ) [ 000000000000000000]
call_ln0                  (call             ) [ 000000000000000000]
call_ln0                  (call             ) [ 000000000000000000]
call_ln0                  (call             ) [ 000000000000000000]
call_ln0                  (call             ) [ 000000000000000000]
call_ln0                  (call             ) [ 000000000000000000]
call_ln0                  (call             ) [ 000000000000000000]
call_ln15721              (call             ) [ 000000000000000000]
call_ln0                  (call             ) [ 000000000000000000]
call_ln0                  (call             ) [ 000000000000000000]
call_ln0                  (call             ) [ 000000000000000000]
call_ln0                  (call             ) [ 000000000000000000]
call_ln15737              (call             ) [ 000000000000000000]
speclooptripcount_ln15694 (speclooptripcount) [ 000000000000000000]
specloopname_ln15693      (specloopname     ) [ 000000000000000000]
call_ln0                  (call             ) [ 000000000000000000]
br_ln15693                (br               ) [ 000000000000000000]
</LifeTime>

<model>

<comp_list>
<comp id="0" class="1000" name="v8564">
<pin_list>
<pin id="1" dir="1" index="0" bw="1" slack="0"/>
</pin_list>
<bind>
<StgValue><ssdm name="v8564"/><MemPortTyVec>1 3 </MemPortTyVec>
</StgValue>
</bind>
</comp>

<comp id="2" class="1000" name="v8565">
<pin_list>
<pin id="3" dir="1" index="0" bw="1" slack="0"/>
</pin_list>
<bind>
<StgValue><ssdm name="v8565"/><MemPortTyVec>1 3 </MemPortTyVec>
</StgValue>
</bind>
</comp>

<comp id="4" class="1000" name="v8566">
<pin_list>
<pin id="5" dir="1" index="0" bw="1" slack="0"/>
</pin_list>
<bind>
<StgValue><ssdm name="v8566"/><MemPortTyVec>1 3 </MemPortTyVec>
</StgValue>
</bind>
</comp>

<comp id="6" class="1000" name="v8567">
<pin_list>
<pin id="7" dir="1" index="0" bw="1" slack="0"/>
</pin_list>
<bind>
<StgValue><ssdm name="v8567"/><MemPortTyVec>3 0 </MemPortTyVec>
</StgValue>
</bind>
</comp>

<comp id="8" class="1001" name="const_8">
<pin_list>
<pin id="9" dir="1" index="0" bw="1" slack="0"/>
</pin_list>
<bind>
<StgValue><ssdm name=""/></StgValue>
</bind>
</comp>

<comp id="10" class="1001" name="const_10">
<pin_list>
<pin id="11" dir="1" index="0" bw="1" slack="2147483647"/>
</pin_list>
<bind>
<StgValue><ssdm name="_ssdm_op_SpecMemCore"/></StgValue>
</bind>
</comp>

<comp id="12" class="1001" name="const_12">
<pin_list>
<pin id="13" dir="1" index="0" bw="1" slack="2147483647"/>
</pin_list>
<bind>
<StgValue><ssdm name=""/></StgValue>
</bind>
</comp>

<comp id="14" class="1001" name="const_14">
<pin_list>
<pin id="15" dir="1" index="0" bw="1" slack="2147483647"/>
</pin_list>
<bind>
<StgValue><ssdm name=""/></StgValue>
</bind>
</comp>

<comp id="16" class="1001" name="const_16">
<pin_list>
<pin id="17" dir="1" index="0" bw="1" slack="2147483647"/>
</pin_list>
<bind>
<StgValue><ssdm name=""/></StgValue>
</bind>
</comp>

<comp id="18" class="1001" name="const_18">
<pin_list>
<pin id="19" dir="1" index="0" bw="1" slack="0"/>
</pin_list>
<bind>
<StgValue><ssdm name=""/></StgValue>
</bind>
</comp>

<comp id="20" class="1001" name="const_20">
<pin_list>
<pin id="21" dir="1" index="0" bw="1" slack="0"/>
</pin_list>
<bind>
<StgValue><ssdm name=""/></StgValue>
</bind>
</comp>

<comp id="22" class="1001" name="const_22">
<pin_list>
<pin id="23" dir="1" index="0" bw="1" slack="0"/>
</pin_list>
<bind>
<StgValue><ssdm name=""/></StgValue>
</bind>
</comp>

<comp id="24" class="1001" name="const_24">
<pin_list>
<pin id="25" dir="1" index="0" bw="1" slack="0"/>
</pin_list>
<bind>
<StgValue><ssdm name=""/></StgValue>
</bind>
</comp>

<comp id="26" class="1001" name="const_26">
<pin_list>
<pin id="27" dir="1" index="0" bw="1" slack="0"/>
</pin_list>
<bind>
<StgValue><ssdm name="_ssdm_op_BitConcatenate.i9.i3.i6"/></StgValue>
</bind>
</comp>

<comp id="28" class="1001" name="const_28">
<pin_list>
<pin id="29" dir="1" index="0" bw="1" slack="0"/>
</pin_list>
<bind>
<StgValue><ssdm name=""/></StgValue>
</bind>
</comp>

<comp id="30" class="1001" name="const_30">
<pin_list>
<pin id="31" dir="1" index="0" bw="1" slack="0"/>
</pin_list>
<bind>
<StgValue><ssdm name="scaled_dot_product_attention_Pipeline_l_mha_split_i15_l_j13"/></StgValue>
</bind>
</comp>

<comp id="32" class="1001" name="const_32">
<pin_list>
<pin id="33" dir="1" index="0" bw="1" slack="0"/>
</pin_list>
<bind>
<StgValue><ssdm name="scaled_dot_product_attention_Pipeline_VITIS_LOOP_15708_1_VITIS_LOOP_15709_2"/></StgValue>
</bind>
</comp>

<comp id="34" class="1001" name="const_34">
<pin_list>
<pin id="35" dir="1" index="0" bw="1" slack="0"/>
</pin_list>
<bind>
<StgValue><ssdm name="scaled_dot_product_attention_Pipeline_VITIS_LOOP_15716_3_VITIS_LOOP_15717_4"/></StgValue>
</bind>
</comp>

<comp id="36" class="1001" name="const_36">
<pin_list>
<pin id="37" dir="1" index="0" bw="1" slack="0"/>
</pin_list>
<bind>
<StgValue><ssdm name="scaled_dot_product_attention_Pipeline_VITIS_LOOP_15723_5_VITIS_LOOP_15724_6"/></StgValue>
</bind>
</comp>

<comp id="38" class="1001" name="const_38">
<pin_list>
<pin id="39" dir="1" index="0" bw="1" slack="0"/>
</pin_list>
<bind>
<StgValue><ssdm name="scaled_dot_product_attention_Pipeline_VITIS_LOOP_12688_1"/></StgValue>
</bind>
</comp>

<comp id="40" class="1001" name="const_40">
<pin_list>
<pin id="41" dir="1" index="0" bw="1" slack="0"/>
</pin_list>
<bind>
<StgValue><ssdm name="scaled_dot_product_attention_Pipeline_VITIS_LOOP_12692_2"/></StgValue>
</bind>
</comp>

<comp id="42" class="1001" name="const_42">
<pin_list>
<pin id="43" dir="1" index="0" bw="1" slack="0"/>
</pin_list>
<bind>
<StgValue><ssdm name="systolic_QKT"/></StgValue>
</bind>
</comp>

<comp id="44" class="1001" name="const_44">
<pin_list>
<pin id="45" dir="1" index="0" bw="1" slack="0"/>
</pin_list>
<bind>
<StgValue><ssdm name="scaled_dot_product_attention_Pipeline_l_mha_scale_i16_l_j14"/></StgValue>
</bind>
</comp>

<comp id="46" class="1001" name="const_46">
<pin_list>
<pin id="47" dir="1" index="0" bw="1" slack="0"/>
</pin_list>
<bind>
<StgValue><ssdm name="scaled_dot_product_attention_Pipeline_l_row_max_i12_l_j10"/></StgValue>
</bind>
</comp>

<comp id="48" class="1001" name="const_48">
<pin_list>
<pin id="49" dir="1" index="0" bw="1" slack="0"/>
</pin_list>
<bind>
<StgValue><ssdm name="scaled_dot_product_attention_Pipeline_l_exp_sum_i13_l_j11"/></StgValue>
</bind>
</comp>

<comp id="50" class="1001" name="const_50">
<pin_list>
<pin id="51" dir="1" index="0" bw="1" slack="0"/>
</pin_list>
<bind>
<StgValue><ssdm name="scaled_dot_product_attention_Pipeline_l_update_i14_l_j12"/></StgValue>
</bind>
</comp>

<comp id="52" class="1001" name="const_52">
<pin_list>
<pin id="53" dir="1" index="0" bw="1" slack="0"/>
</pin_list>
<bind>
<StgValue><ssdm name="systolic_YV"/></StgValue>
</bind>
</comp>

<comp id="54" class="1001" name="const_54">
<pin_list>
<pin id="55" dir="1" index="0" bw="1" slack="0"/>
</pin_list>
<bind>
<StgValue><ssdm name="scaled_dot_product_attention_Pipeline_l_mha_merge_i17_l_j15"/></StgValue>
</bind>
</comp>

<comp id="56" class="1001" name="const_56">
<pin_list>
<pin id="57" dir="1" index="0" bw="1" slack="2147483647"/>
</pin_list>
<bind>
<StgValue><ssdm name="_ssdm_op_SpecLoopTripCount"/></StgValue>
</bind>
</comp>

<comp id="58" class="1001" name="const_58">
<pin_list>
<pin id="59" dir="1" index="0" bw="1" slack="2147483647"/>
</pin_list>
<bind>
<StgValue><ssdm name=""/></StgValue>
</bind>
</comp>

<comp id="60" class="1001" name="const_60">
<pin_list>
<pin id="61" dir="1" index="0" bw="1" slack="2147483647"/>
</pin_list>
<bind>
<StgValue><ssdm name="_ssdm_op_SpecLoopName"/></StgValue>
</bind>
</comp>

<comp id="62" class="1001" name="const_62">
<pin_list>
<pin id="63" dir="1" index="0" bw="1" slack="2147483647"/>
</pin_list>
<bind>
<StgValue><ssdm name="empty_201"/></StgValue>
</bind>
</comp>

<comp id="64" class="1004" name="h1_fu_64">
<pin_list>
<pin id="65" dir="0" index="0" bw="1" slack="0"/>
<pin id="66" dir="1" index="1" bw="4" slack="0"/>
</pin_list>
<bind>
<opcode="alloca(26) " fcode="alloca"/>
<opset="h1/1 "/>
</bind>
</comp>

<comp id="68" class="1004" name="M_alloca_fu_68">
<pin_list>
<pin id="69" dir="0" index="0" bw="1" slack="0"/>
<pin id="70" dir="1" index="1" bw="32" slack="2147483647"/>
</pin_list>
<bind>
<opcode="alloca(26) " fcode="alloca"/>
<opset="M/1 "/>
</bind>
</comp>

<comp id="72" class="1004" name="S_alloca_fu_72">
<pin_list>
<pin id="73" dir="0" index="0" bw="1" slack="0"/>
<pin id="74" dir="1" index="1" bw="32" slack="2147483647"/>
</pin_list>
<bind>
<opcode="alloca(26) " fcode="alloca"/>
<opset="S/1 "/>
</bind>
</comp>

<comp id="76" class="1004" name="Q_h_alloca_fu_76">
<pin_list>
<pin id="77" dir="0" index="0" bw="1" slack="0"/>
<pin id="78" dir="1" index="1" bw="32" slack="2147483647"/>
</pin_list>
<bind>
<opcode="alloca(26) " fcode="alloca"/>
<opset="Q_h/1 "/>
</bind>
</comp>

<comp id="80" class="1004" name="K_h_alloca_fu_80">
<pin_list>
<pin id="81" dir="0" index="0" bw="1" slack="0"/>
<pin id="82" dir="1" index="1" bw="32" slack="2147483647"/>
</pin_list>
<bind>
<opcode="alloca(26) " fcode="alloca"/>
<opset="K_h/1 "/>
</bind>
</comp>

<comp id="84" class="1004" name="V_h_alloca_fu_84">
<pin_list>
<pin id="85" dir="0" index="0" bw="1" slack="0"/>
<pin id="86" dir="1" index="1" bw="32" slack="2147483647"/>
</pin_list>
<bind>
<opcode="alloca(26) " fcode="alloca"/>
<opset="V_h/1 "/>
</bind>
</comp>

<comp id="88" class="1004" name="C_h_alloca_fu_88">
<pin_list>
<pin id="89" dir="0" index="0" bw="1" slack="0"/>
<pin id="90" dir="1" index="1" bw="32" slack="2147483647"/>
</pin_list>
<bind>
<opcode="alloca(26) " fcode="alloca"/>
<opset="C_h/1 "/>
</bind>
</comp>

<comp id="92" class="1004" name="Y1_alloca_fu_92">
<pin_list>
<pin id="93" dir="0" index="0" bw="1" slack="0"/>
<pin id="94" dir="1" index="1" bw="32" slack="2147483647"/>
</pin_list>
<bind>
<opcode="alloca(26) " fcode="alloca"/>
<opset="Y1/1 "/>
</bind>
</comp>

<comp id="96" class="1004" name="Y_t_alloca_fu_96">
<pin_list>
<pin id="97" dir="0" index="0" bw="1" slack="0"/>
<pin id="98" dir="1" index="1" bw="32" slack="2147483647"/>
</pin_list>
<bind>
<opcode="alloca(26) " fcode="alloca"/>
<opset="Y_t/1 "/>
</bind>
</comp>

<comp id="100" class="1004" name="grp_scaled_dot_product_attention_Pipeline_l_mha_split_i15_l_j13_fu_100">
<pin_list>
<pin id="101" dir="0" index="0" bw="0" slack="0"/>
<pin id="102" dir="0" index="1" bw="32" slack="2147483647"/>
<pin id="103" dir="0" index="2" bw="32" slack="2147483647"/>
<pin id="104" dir="0" index="3" bw="32" slack="2147483647"/>
<pin id="105" dir="0" index="4" bw="9" slack="0"/>
<pin id="106" dir="0" index="5" bw="32" slack="0"/>
<pin id="107" dir="0" index="6" bw="32" slack="0"/>
<pin id="108" dir="0" index="7" bw="32" slack="0"/>
<pin id="109" dir="1" index="8" bw="0" slack="2147483647"/>
</pin_list>
<bind>
<opcode="call(48) " fcode="call"/>
<opset="call_ln0/2 "/>
</bind>
</comp>

<comp id="114" class="1004" name="grp_scaled_dot_product_attention_Pipeline_VITIS_LOOP_15708_1_VITIS_LOOP_15709_2_fu_114">
<pin_list>
<pin id="115" dir="0" index="0" bw="0" slack="0"/>
<pin id="116" dir="0" index="1" bw="32" slack="2147483647"/>
<pin id="117" dir="1" index="2" bw="0" slack="2147483647"/>
</pin_list>
<bind>
<opcode="call(48) " fcode="call"/>
<opset="call_ln0/2 "/>
</bind>
</comp>

<comp id="119" class="1004" name="grp_scaled_dot_product_attention_Pipeline_VITIS_LOOP_15716_3_VITIS_LOOP_15717_4_fu_119">
<pin_list>
<pin id="120" dir="0" index="0" bw="0" slack="0"/>
<pin id="121" dir="0" index="1" bw="32" slack="2147483647"/>
<pin id="122" dir="1" index="2" bw="0" slack="2147483647"/>
</pin_list>
<bind>
<opcode="call(48) " fcode="call"/>
<opset="call_ln0/2 "/>
</bind>
</comp>

<comp id="124" class="1004" name="grp_scaled_dot_product_attention_Pipeline_VITIS_LOOP_15723_5_VITIS_LOOP_15724_6_fu_124">
<pin_list>
<pin id="125" dir="0" index="0" bw="0" slack="0"/>
<pin id="126" dir="0" index="1" bw="32" slack="2147483647"/>
<pin id="127" dir="1" index="2" bw="0" slack="2147483647"/>
</pin_list>
<bind>
<opcode="call(48) " fcode="call"/>
<opset="call_ln0/2 "/>
</bind>
</comp>

<comp id="129" class="1004" name="grp_scaled_dot_product_attention_Pipeline_VITIS_LOOP_12688_1_fu_129">
<pin_list>
<pin id="130" dir="0" index="0" bw="0" slack="0"/>
<pin id="131" dir="0" index="1" bw="32" slack="2147483647"/>
<pin id="132" dir="1" index="2" bw="0" slack="2147483647"/>
</pin_list>
<bind>
<opcode="call(48) " fcode="call"/>
<opset="call_ln0/2 "/>
</bind>
</comp>

<comp id="134" class="1004" name="grp_scaled_dot_product_attention_Pipeline_VITIS_LOOP_12692_2_fu_134">
<pin_list>
<pin id="135" dir="0" index="0" bw="0" slack="0"/>
<pin id="136" dir="0" index="1" bw="32" slack="2147483647"/>
<pin id="137" dir="1" index="2" bw="0" slack="2147483647"/>
</pin_list>
<bind>
<opcode="call(48) " fcode="call"/>
<opset="call_ln0/2 "/>
</bind>
</comp>

<comp id="139" class="1004" name="grp_systolic_QKT_fu_139">
<pin_list>
<pin id="140" dir="0" index="0" bw="0" slack="0"/>
<pin id="141" dir="0" index="1" bw="32" slack="2147483647"/>
<pin id="142" dir="0" index="2" bw="32" slack="2147483647"/>
<pin id="143" dir="0" index="3" bw="32" slack="2147483647"/>
<pin id="144" dir="1" index="4" bw="0" slack="2147483647"/>
</pin_list>
<bind>
<opcode="call(48) " fcode="call"/>
<opset="call_ln15721/4 "/>
</bind>
</comp>

<comp id="146" class="1004" name="grp_scaled_dot_product_attention_Pipeline_l_mha_scale_i16_l_j14_fu_146">
<pin_list>
<pin id="147" dir="0" index="0" bw="0" slack="0"/>
<pin id="148" dir="0" index="1" bw="32" slack="2147483647"/>
<pin id="149" dir="0" index="2" bw="32" slack="2147483647"/>
<pin id="150" dir="1" index="3" bw="0" slack="2147483647"/>
</pin_list>
<bind>
<opcode="call(48) " fcode="call"/>
<opset="call_ln0/6 "/>
</bind>
</comp>

<comp id="152" class="1004" name="grp_scaled_dot_product_attention_Pipeline_l_row_max_i12_l_j10_fu_152">
<pin_list>
<pin id="153" dir="0" index="0" bw="0" slack="0"/>
<pin id="154" dir="0" index="1" bw="32" slack="2147483647"/>
<pin id="155" dir="0" index="2" bw="32" slack="2147483647"/>
<pin id="156" dir="1" index="3" bw="0" slack="2147483647"/>
</pin_list>
<bind>
<opcode="call(48) " fcode="call"/>
<opset="call_ln0/8 "/>
</bind>
</comp>

<comp id="158" class="1004" name="grp_scaled_dot_product_attention_Pipeline_l_exp_sum_i13_l_j11_fu_158">
<pin_list>
<pin id="159" dir="0" index="0" bw="0" slack="0"/>
<pin id="160" dir="0" index="1" bw="32" slack="2147483647"/>
<pin id="161" dir="0" index="2" bw="32" slack="2147483647"/>
<pin id="162" dir="0" index="3" bw="32" slack="2147483647"/>
<pin id="163" dir="1" index="4" bw="0" slack="2147483647"/>
</pin_list>
<bind>
<opcode="call(48) " fcode="call"/>
<opset="call_ln0/10 "/>
</bind>
</comp>

<comp id="165" class="1004" name="grp_scaled_dot_product_attention_Pipeline_l_update_i14_l_j12_fu_165">
<pin_list>
<pin id="166" dir="0" index="0" bw="0" slack="0"/>
<pin id="167" dir="0" index="1" bw="32" slack="2147483647"/>
<pin id="168" dir="0" index="2" bw="32" slack="2147483647"/>
<pin id="169" dir="1" index="3" bw="0" slack="2147483647"/>
</pin_list>
<bind>
<opcode="call(48) " fcode="call"/>
<opset="call_ln0/12 "/>
</bind>
</comp>

<comp id="171" class="1004" name="grp_systolic_YV_fu_171">
<pin_list>
<pin id="172" dir="0" index="0" bw="0" slack="0"/>
<pin id="173" dir="0" index="1" bw="32" slack="2147483647"/>
<pin id="174" dir="0" index="2" bw="32" slack="2147483647"/>
<pin id="175" dir="0" index="3" bw="32" slack="2147483647"/>
<pin id="176" dir="1" index="4" bw="0" slack="2147483647"/>
</pin_list>
<bind>
<opcode="call(48) " fcode="call"/>
<opset="call_ln15737/14 "/>
</bind>
</comp>

<comp id="178" class="1004" name="grp_scaled_dot_product_attention_Pipeline_l_mha_merge_i17_l_j15_fu_178">
<pin_list>
<pin id="179" dir="0" index="0" bw="0" slack="0"/>
<pin id="180" dir="0" index="1" bw="32" slack="2147483647"/>
<pin id="181" dir="0" index="2" bw="9" slack="14"/>
<pin id="182" dir="0" index="3" bw="32" slack="0"/>
<pin id="183" dir="1" index="4" bw="0" slack="2147483647"/>
</pin_list>
<bind>
<opcode="call(48) " fcode="call"/>
<opset="call_ln0/16 "/>
</bind>
</comp>

<comp id="186" class="1004" name="store_ln15693_store_fu_186">
<pin_list>
<pin id="187" dir="0" index="0" bw="1" slack="0"/>
<pin id="188" dir="0" index="1" bw="4" slack="0"/>
<pin id="189" dir="1" index="2" bw="0" slack="2147483647"/>
</pin_list>
<bind>
<opcode="store(28) " fcode="store"/>
<opset="store_ln15693/1 "/>
</bind>
</comp>

<comp id="191" class="1004" name="h1_1_load_fu_191">
<pin_list>
<pin id="192" dir="0" index="0" bw="4" slack="1"/>
<pin id="193" dir="1" index="1" bw="4" slack="0"/>
</pin_list>
<bind>
<opcode="load(27) " fcode="load"/>
<opset="h1_1/2 "/>
</bind>
</comp>

<comp id="194" class="1004" name="icmp_ln15693_fu_194">
<pin_list>
<pin id="195" dir="0" index="0" bw="4" slack="0"/>
<pin id="196" dir="0" index="1" bw="4" slack="0"/>
<pin id="197" dir="1" index="2" bw="1" slack="2147483647"/>
</pin_list>
<bind>
<opcode="icmp(45) " fcode="icmp"/>
<opset="icmp_ln15693/2 "/>
</bind>
</comp>

<comp id="200" class="1004" name="add_ln15693_fu_200">
<pin_list>
<pin id="201" dir="0" index="0" bw="4" slack="0"/>
<pin id="202" dir="0" index="1" bw="1" slack="0"/>
<pin id="203" dir="1" index="2" bw="4" slack="0"/>
</pin_list>
<bind>
<opcode="add(8) " fcode="add"/>
<opset="add_ln15693/2 "/>
</bind>
</comp>

<comp id="206" class="1004" name="empty_fu_206">
<pin_list>
<pin id="207" dir="0" index="0" bw="4" slack="0"/>
<pin id="208" dir="1" index="1" bw="3" slack="0"/>
</pin_list>
<bind>
<opcode="trunc(33) " fcode="trunc"/>
<opset="empty/2 "/>
</bind>
</comp>

<comp id="210" class="1004" name="tmp_s_fu_210">
<pin_list>
<pin id="211" dir="0" index="0" bw="9" slack="0"/>
<pin id="212" dir="0" index="1" bw="3" slack="0"/>
<pin id="213" dir="0" index="2" bw="1" slack="0"/>
<pin id="214" dir="1" index="3" bw="9" slack="0"/>
</pin_list>
<bind>
<opcode="bitconcatenate(1004) " fcode="bitconcatenate"/>
<opset="tmp_s/2 "/>
</bind>
</comp>

<comp id="219" class="1004" name="store_ln15693_store_fu_219">
<pin_list>
<pin id="220" dir="0" index="0" bw="4" slack="0"/>
<pin id="221" dir="0" index="1" bw="4" slack="1"/>
<pin id="222" dir="1" index="2" bw="0" slack="2147483647"/>
</pin_list>
<bind>
<opcode="store(28) " fcode="store"/>
<opset="store_ln15693/2 "/>
</bind>
</comp>

<comp id="224" class="1005" name="h1_reg_224">
<pin_list>
<pin id="225" dir="0" index="0" bw="4" slack="0"/>
<pin id="226" dir="1" index="1" bw="4" slack="0"/>
</pin_list>
<bind>
<opset="h1 "/>
</bind>
</comp>

<comp id="234" class="1005" name="tmp_s_reg_234">
<pin_list>
<pin id="235" dir="0" index="0" bw="9" slack="1"/>
<pin id="236" dir="1" index="1" bw="9" slack="1"/>
</pin_list>
<bind>
<opset="tmp_s "/>
</bind>
</comp>

<comp id="240" class="1004" name="grp_fu_240">
<pin_list>
<pin id="241" dir="0" index="0" bw="32" slack="2147483647"/>
<pin id="242" dir="0" index="1" bw="32" slack="2147483647"/>
<pin id="243" dir="1" index="2" bw="32" slack="2147483647"/>
</pin_list>
<bind>
<opcode="fmul(13) " fcode="fmul"/>
<opset="v8589/4 "/>
</bind>
</comp>

<comp id="244" class="1004" name="grp_fu_244">
<pin_list>
<pin id="245" dir="0" index="0" bw="32" slack="2147483647"/>
<pin id="246" dir="0" index="1" bw="32" slack="2147483647"/>
<pin id="247" dir="1" index="2" bw="32" slack="2147483647"/>
</pin_list>
<bind>
<opcode="fadd(9) fsub(11) " fcode="fadd"/>
<opset="v6918/4 add_i/11 "/>
</bind>
</comp>

</comp_list>

<net_list>
<net id="67"><net_src comp="8" pin="0"/><net_sink comp="64" pin=0"/></net>

<net id="71"><net_src comp="18" pin="0"/><net_sink comp="68" pin=0"/></net>

<net id="75"><net_src comp="18" pin="0"/><net_sink comp="72" pin=0"/></net>

<net id="79"><net_src comp="18" pin="0"/><net_sink comp="76" pin=0"/></net>

<net id="83"><net_src comp="18" pin="0"/><net_sink comp="80" pin=0"/></net>

<net id="87"><net_src comp="18" pin="0"/><net_sink comp="84" pin=0"/></net>

<net id="91"><net_src comp="18" pin="0"/><net_sink comp="88" pin=0"/></net>

<net id="95"><net_src comp="18" pin="0"/><net_sink comp="92" pin=0"/></net>

<net id="99"><net_src comp="18" pin="0"/><net_sink comp="96" pin=0"/></net>

<net id="110"><net_src comp="30" pin="0"/><net_sink comp="100" pin=0"/></net>

<net id="111"><net_src comp="0" pin="0"/><net_sink comp="100" pin=5"/></net>

<net id="112"><net_src comp="2" pin="0"/><net_sink comp="100" pin=6"/></net>

<net id="113"><net_src comp="4" pin="0"/><net_sink comp="100" pin=7"/></net>

<net id="118"><net_src comp="32" pin="0"/><net_sink comp="114" pin=0"/></net>

<net id="123"><net_src comp="34" pin="0"/><net_sink comp="119" pin=0"/></net>

<net id="128"><net_src comp="36" pin="0"/><net_sink comp="124" pin=0"/></net>

<net id="133"><net_src comp="38" pin="0"/><net_sink comp="129" pin=0"/></net>

<net id="138"><net_src comp="40" pin="0"/><net_sink comp="134" pin=0"/></net>

<net id="145"><net_src comp="42" pin="0"/><net_sink comp="139" pin=0"/></net>

<net id="151"><net_src comp="44" pin="0"/><net_sink comp="146" pin=0"/></net>

<net id="157"><net_src comp="46" pin="0"/><net_sink comp="152" pin=0"/></net>

<net id="164"><net_src comp="48" pin="0"/><net_sink comp="158" pin=0"/></net>

<net id="170"><net_src comp="50" pin="0"/><net_sink comp="165" pin=0"/></net>

<net id="177"><net_src comp="52" pin="0"/><net_sink comp="171" pin=0"/></net>

<net id="184"><net_src comp="54" pin="0"/><net_sink comp="178" pin=0"/></net>

<net id="185"><net_src comp="6" pin="0"/><net_sink comp="178" pin=3"/></net>

<net id="190"><net_src comp="20" pin="0"/><net_sink comp="186" pin=0"/></net>

<net id="198"><net_src comp="191" pin="1"/><net_sink comp="194" pin=0"/></net>

<net id="199"><net_src comp="22" pin="0"/><net_sink comp="194" pin=1"/></net>

<net id="204"><net_src comp="191" pin="1"/><net_sink comp="200" pin=0"/></net>

<net id="205"><net_src comp="24" pin="0"/><net_sink comp="200" pin=1"/></net>

<net id="209"><net_src comp="191" pin="1"/><net_sink comp="206" pin=0"/></net>

<net id="215"><net_src comp="26" pin="0"/><net_sink comp="210" pin=0"/></net>

<net id="216"><net_src comp="206" pin="1"/><net_sink comp="210" pin=1"/></net>

<net id="217"><net_src comp="28" pin="0"/><net_sink comp="210" pin=2"/></net>

<net id="218"><net_src comp="210" pin="3"/><net_sink comp="100" pin=4"/></net>

<net id="223"><net_src comp="200" pin="2"/><net_sink comp="219" pin=0"/></net>

<net id="227"><net_src comp="64" pin="1"/><net_sink comp="224" pin=0"/></net>

<net id="228"><net_src comp="224" pin="1"/><net_sink comp="186" pin=1"/></net>

<net id="229"><net_src comp="224" pin="1"/><net_sink comp="191" pin=0"/></net>

<net id="230"><net_src comp="224" pin="1"/><net_sink comp="219" pin=1"/></net>

<net id="237"><net_src comp="210" pin="3"/><net_sink comp="234" pin=0"/></net>

<net id="238"><net_src comp="234" pin="1"/><net_sink comp="100" pin=4"/></net>

<net id="239"><net_src comp="234" pin="1"/><net_sink comp="178" pin=2"/></net>

</net_list>

</model> 
---------------- Datapath Model END ------------------

* FSMD analyzer results:
  - Output states:
	Port: v8567 | {16 17 }
 - Input state : 
	Port: scaled_dot_product_attention : v8564 | {2 3 }
	Port: scaled_dot_product_attention : v8565 | {2 3 }
	Port: scaled_dot_product_attention : v8566 | {2 3 }
  - Chain level:
	State 1
		specmemcore_ln15714 : 1
		store_ln15693 : 1
	State 2
		icmp_ln15693 : 1
		add_ln15693 : 1
		br_ln15693 : 2
		empty : 1
		tmp_s : 2
		call_ln0 : 3
		store_ln15693 : 2
	State 3
	State 4
	State 5
	State 6
	State 7
	State 8
	State 9
	State 10
	State 11
	State 12
	State 13
	State 14
	State 15
	State 16
	State 17


============================================================
+ Verbose Summary: Datapath Resource usage 
============================================================

* Functional unit list:
|----------|----------------------------------------------------------------------------------------|---------|---------|---------|---------|---------|---------|
| Operation|                                     Functional Unit                                    |   BRAM  |   DSP   |  Delay  |    FF   |   LUT   |   URAM  |
|----------|----------------------------------------------------------------------------------------|---------|---------|---------|---------|---------|---------|
|          |         grp_scaled_dot_product_attention_Pipeline_l_mha_split_i15_l_j13_fu_100         |    0    |    0    |  1.161  |   133   |   201   |    0    |
|          | grp_scaled_dot_product_attention_Pipeline_VITIS_LOOP_15708_1_VITIS_LOOP_15709_2_fu_114 |    0    |    0    |    0    |    35   |   135   |    0    |
|          | grp_scaled_dot_product_attention_Pipeline_VITIS_LOOP_15716_3_VITIS_LOOP_15717_4_fu_119 |    0    |    0    |    0    |    43   |   159   |    0    |
|          | grp_scaled_dot_product_attention_Pipeline_VITIS_LOOP_15723_5_VITIS_LOOP_15724_6_fu_124 |    0    |    0    |    0    |    43   |   159   |    0    |
|          |           grp_scaled_dot_product_attention_Pipeline_VITIS_LOOP_12688_1_fu_129          |    0    |    0    |    0    |    11   |    36   |    0    |
|          |           grp_scaled_dot_product_attention_Pipeline_VITIS_LOOP_12692_2_fu_134          |    0    |    0    |    0    |    11   |    36   |    0    |
|   call   |                                 grp_systolic_QKT_fu_139                                |    0    |   320   |  82.431 |  38160  |  24521  |    0    |
|          |         grp_scaled_dot_product_attention_Pipeline_l_mha_scale_i16_l_j14_fu_146         |    0    |    3    |  0.387  |   288   |   245   |    0    |
|          |          grp_scaled_dot_product_attention_Pipeline_l_row_max_i12_l_j10_fu_152          |    0    |    0    |  0.774  |   174   |   327   |    0    |
|          |          grp_scaled_dot_product_attention_Pipeline_l_exp_sum_i13_l_j11_fu_158          |    0    |    9    | 1.61371 |   692   |   1185  |    0    |
|          |           grp_scaled_dot_product_attention_Pipeline_l_update_i14_l_j12_fu_165          |    0    |    0    |  0.774  |   170   |   177   |    0    |
|          |                                 grp_systolic_YV_fu_171                                 |    32   |   320   |  82.431 |  38248  |  24528  |    0    |
|          |         grp_scaled_dot_product_attention_Pipeline_l_mha_merge_i17_l_j15_fu_178         |    0    |    0    |  0.387  |    79   |   160   |    0    |
|----------|----------------------------------------------------------------------------------------|---------|---------|---------|---------|---------|---------|
|   fadd   |                                       grp_fu_244                                       |    0    |    2    |    0    |   177   |   226   |    0    |
|----------|----------------------------------------------------------------------------------------|---------|---------|---------|---------|---------|---------|
|   fmul   |                                       grp_fu_240                                       |    0    |    3    |    0    |   128   |    77   |    0    |
|----------|----------------------------------------------------------------------------------------|---------|---------|---------|---------|---------|---------|
|   icmp   |                                   icmp_ln15693_fu_194                                  |    0    |    0    |    0    |    0    |    12   |    0    |
|----------|----------------------------------------------------------------------------------------|---------|---------|---------|---------|---------|---------|
|    add   |                                   add_ln15693_fu_200                                   |    0    |    0    |    0    |    0    |    12   |    0    |
|----------|----------------------------------------------------------------------------------------|---------|---------|---------|---------|---------|---------|
|   trunc  |                                      empty_fu_206                                      |    0    |    0    |    0    |    0    |    0    |    0    |
|----------|----------------------------------------------------------------------------------------|---------|---------|---------|---------|---------|---------|
|bitconcatenate|                                      tmp_s_fu_210                                      |    0    |    0    |    0    |    0    |    0    |    0    |
|----------|----------------------------------------------------------------------------------------|---------|---------|---------|---------|---------|---------|
|   Total  |                                                                                        |    32   |   657   | 169.959 |  78392  |  52196  |    0    |
|----------|----------------------------------------------------------------------------------------|---------|---------|---------|---------|---------|---------|

Memories:
+----+--------+--------+--------+--------+
|    |  BRAM  |   FF   |   LUT  |  URAM  |
+----+--------+--------+--------+--------+
| C_h|   128  |    0   |    0   |    0   |
| K_h|   128  |    0   |    0   |    0   |
|  M |    2   |    0   |    0   |    0   |
| Q_h|   128  |    0   |    0   |    0   |
|  S |    2   |    0   |    0   |    0   |
| V_h|   128  |    0   |    0   |    0   |
| Y1 |    -   |   128  |  4480  |   256  |
| Y_t|  2048  |    0   |    0   |    0   |
+----+--------+--------+--------+--------+
|Total|  2564  |   128  |  4480  |   256  |
+----+--------+--------+--------+--------+

* Register list:
+-------------+--------+
|             |   FF   |
+-------------+--------+
|  h1_reg_224 |    4   |
|tmp_s_reg_234|    9   |
+-------------+--------+
|    Total    |   13   |
+-------------+--------+

* Multiplexer (MUX) list: 
|------------------------------------------------------------------------|------|------|------|--------||---------||---------|
|                                  Comp                                  |  Pin | Size |  BW  | S x BW ||  Delay  ||   LUT   |
|------------------------------------------------------------------------|------|------|------|--------||---------||---------|
| grp_scaled_dot_product_attention_Pipeline_l_mha_split_i15_l_j13_fu_100 |  p4  |   2  |   9  |   18   ||    9    |
|------------------------------------------------------------------------|------|------|------|--------||---------||---------|
|                                  Total                                 |      |      |      |   18   ||  0.387  ||    9    |
|------------------------------------------------------------------------|------|------|------|--------||---------||---------|



* Summary:
+-----------+--------+--------+--------+--------+--------+--------+
|           |  BRAM  |   DSP  |  Delay |   FF   |   LUT  |  URAM  |
+-----------+--------+--------+--------+--------+--------+--------+
|  Function |   32   |   657  |   169  |  78392 |  52196 |    0   |
|   Memory  |  2564  |    -   |    -   |   128  |  4480  |   256  |
|Multiplexer|    -   |    -   |    0   |    -   |    9   |    -   |
|  Register |    -   |    -   |    -   |   13   |    -   |    -   |
+-----------+--------+--------+--------+--------+--------+--------+
|   Total   |  2596  |   657  |   170  |  78533 |  56685 |   256  |
+-----------+--------+--------+--------+--------+--------+--------+
