

================================================================
== Vitis HLS Report for 'scaled_dot_product_attention_Pipeline_l_mha_merge_i17_l_j15'
================================================================
* Date:           Mon Feb 17 20:37:22 2025

* Version:        2023.2 (Build 4023990 on Oct 11 2023)
* Project:        DitBlock
* Solution:       hls (Vivado IP Flow Target)
* Product family: virtexuplusHBM
* Target device:  xcu280-fsvh2892-2L-e


================================================================
== Performance Estimates
================================================================
+ Timing: 
    * Summary: 
    +--------+----------+----------+------------+
    |  Clock |  Target  | Estimated| Uncertainty|
    +--------+----------+----------+------------+
    |ap_clk  |  10.00 ns|  3.912 ns|     2.70 ns|
    +--------+----------+----------+------------+

+ Latency: 
    * Summary: 
    +---------+---------+----------+----------+-------+-------+---------+
    |  Latency (cycles) |  Latency (absolute) |    Interval   | Pipeline|
    |   min   |   max   |    min   |    max   |  min  |  max  |   Type  |
    +---------+---------+----------+----------+-------+-------+---------+
    |    65538|    65538|  0.655 ms|  0.655 ms|  65538|  65538|       no|
    +---------+---------+----------+----------+-------+-------+---------+

    + Detail: 
        * Instance: 
        N/A

        * Loop: 
        +-------------------------+---------+---------+----------+-----------+-----------+-------+----------+
        |                         |  Latency (cycles) | Iteration|  Initiation Interval  |  Trip |          |
        |        Loop Name        |   min   |   max   |  Latency |  achieved |   target  | Count | Pipelined|
        +-------------------------+---------+---------+----------+-----------+-----------+-------+----------+
        |- l_mha_merge_i17_l_j15  |    65536|    65536|         2|          1|          1|  65536|       yes|
        +-------------------------+---------+---------+----------+-----------+-----------+-------+----------+

============================================================
+ Verbose Summary: Synthesis Manager
============================================================
InlineROM: 1
ExposeGlobal: 0
============================================================
+ Verbose Summary: CDFG Model
============================================================
IsTopModel: 0
ResetActiveHigh: 1
IsCombinational: 0
IsDatapathOnly: 0
HasWiredReturn: 1
HasMFsm: 2
HasVarLatency: 1
IsPipeline: 0
IsRtlPipelined: 0
IsInstanceOverlapped: 0
IsDontTouch: 0
HasImplIP: 0
IsGatedGlobalClock: 0

+ Individual pipeline summary: 
  * Pipeline-0: initiation interval (II) = 1, depth = 3


============================================================
+ Verbose Summary: Schedule
============================================================
* Number of FSM states : 3
* Pipeline : 1
  Pipeline-0 : II = 1, D = 3, States = { 1 2 3 }
* Dataflow Pipeline: 0

* FSM state transitions: 
1 --> 2 
2 --> 3 
3 --> 

* FSM state operations: 

State 1 <SV = 0> <Delay = 0.38>
ST_1 : Operation 5 [1/1] (0.00ns)   --->   "%j15 = alloca i32 1" [/home/silvenchen/Desktop/DitBlock/WorkDCT/DitBlock/kernel.cpp:15628]   --->   Operation 5 'alloca' 'j15' <Predicate = true> <Delay = 0.00>
ST_1 : Operation 6 [1/1] (0.00ns)   --->   "%i17 = alloca i32 1" [/home/silvenchen/Desktop/DitBlock/WorkDCT/DitBlock/kernel.cpp:15627]   --->   Operation 6 'alloca' 'i17' <Predicate = true> <Delay = 0.00>
ST_1 : Operation 7 [1/1] (0.00ns)   --->   "%indvar_flatten45 = alloca i32 1"   --->   Operation 7 'alloca' 'indvar_flatten45' <Predicate = true> <Delay = 0.00>
ST_1 : Operation 8 [1/1] (0.00ns)   --->   "%specmemcore_ln0 = specmemcore void @_ssdm_op_SpecMemCore, i32 %v8567, i64 666, i64 24, i64 18446744073709551615"   --->   Operation 8 'specmemcore' 'specmemcore_ln0' <Predicate = true> <Delay = 0.00>
ST_1 : Operation 9 [1/1] (0.00ns)   --->   "%tmp_4_read = read i9 @_ssdm_op_Read.ap_auto.i9, i9 %tmp_4"   --->   Operation 9 'read' 'tmp_4_read' <Predicate = true> <Delay = 0.00>
ST_1 : Operation 10 [1/1] (0.38ns)   --->   "%store_ln0 = store i17 0, i17 %indvar_flatten45"   --->   Operation 10 'store' 'store_ln0' <Predicate = true> <Delay = 0.38>
ST_1 : Operation 11 [1/1] (0.38ns)   --->   "%store_ln15627 = store i11 0, i11 %i17" [/home/silvenchen/Desktop/DitBlock/WorkDCT/DitBlock/kernel.cpp:15627]   --->   Operation 11 'store' 'store_ln15627' <Predicate = true> <Delay = 0.38>
ST_1 : Operation 12 [1/1] (0.38ns)   --->   "%store_ln15628 = store i7 0, i7 %j15" [/home/silvenchen/Desktop/DitBlock/WorkDCT/DitBlock/kernel.cpp:15628]   --->   Operation 12 'store' 'store_ln15628' <Predicate = true> <Delay = 0.38>
ST_1 : Operation 13 [1/1] (0.00ns)   --->   "%br_ln0 = br void %for.inc103"   --->   Operation 13 'br' 'br_ln0' <Predicate = true> <Delay = 0.00>

State 2 <SV = 1> <Delay = 3.06>
ST_2 : Operation 14 [1/1] (0.00ns)   --->   "%indvar_flatten45_load = load i17 %indvar_flatten45" [/home/silvenchen/Desktop/DitBlock/WorkDCT/DitBlock/kernel.cpp:15627]   --->   Operation 14 'load' 'indvar_flatten45_load' <Predicate = true> <Delay = 0.00>
ST_2 : Operation 15 [1/1] (0.79ns)   --->   "%icmp_ln15627 = icmp_eq  i17 %indvar_flatten45_load, i17 65536" [/home/silvenchen/Desktop/DitBlock/WorkDCT/DitBlock/kernel.cpp:15627]   --->   Operation 15 'icmp' 'icmp_ln15627' <Predicate = true> <Delay = 0.79> <CoreInst = "Cmp">   --->   Core 9 'Cmp' <Latency = 0> <II = 1> <Delay = 0.79> <FuncUnit> <Opcode : 'icmp'> <InPorts = 2> <OutPorts = 1>
ST_2 : Operation 16 [1/1] (0.79ns)   --->   "%add_ln15627_1 = add i17 %indvar_flatten45_load, i17 1" [/home/silvenchen/Desktop/DitBlock/WorkDCT/DitBlock/kernel.cpp:15627]   --->   Operation 16 'add' 'add_ln15627_1' <Predicate = true> <Delay = 0.79> <CoreInst = "Adder">   --->   Core 1 'Adder' <Latency = 0> <II = 1> <Delay = 0.79> <FuncUnit> <Opcode : 'add' 'sub'> <InPorts = 2> <OutPorts = 1>
ST_2 : Operation 17 [1/1] (0.00ns)   --->   "%br_ln15627 = br i1 %icmp_ln15627, void %for.inc106, void %for.inc109.exitStub" [/home/silvenchen/Desktop/DitBlock/WorkDCT/DitBlock/kernel.cpp:15627]   --->   Operation 17 'br' 'br_ln15627' <Predicate = true> <Delay = 0.00>
ST_2 : Operation 18 [1/1] (0.00ns)   --->   "%j15_load = load i7 %j15" [/home/silvenchen/Desktop/DitBlock/WorkDCT/DitBlock/kernel.cpp:15628]   --->   Operation 18 'load' 'j15_load' <Predicate = (!icmp_ln15627)> <Delay = 0.00>
ST_2 : Operation 19 [1/1] (0.00ns)   --->   "%i17_load = load i11 %i17" [/home/silvenchen/Desktop/DitBlock/WorkDCT/DitBlock/kernel.cpp:15627]   --->   Operation 19 'load' 'i17_load' <Predicate = (!icmp_ln15627)> <Delay = 0.00>
ST_2 : Operation 20 [1/1] (0.73ns)   --->   "%add_ln15627 = add i11 %i17_load, i11 1" [/home/silvenchen/Desktop/DitBlock/WorkDCT/DitBlock/kernel.cpp:15627]   --->   Operation 20 'add' 'add_ln15627' <Predicate = (!icmp_ln15627)> <Delay = 0.73> <CoreInst = "Adder">   --->   Core 1 'Adder' <Latency = 0> <II = 1> <Delay = 0.73> <FuncUnit> <Opcode : 'add' 'sub'> <InPorts = 2> <OutPorts = 1>
ST_2 : Operation 21 [1/1] (0.70ns)   --->   "%icmp_ln15628 = icmp_eq  i7 %j15_load, i7 64" [/home/silvenchen/Desktop/DitBlock/WorkDCT/DitBlock/kernel.cpp:15628]   --->   Operation 21 'icmp' 'icmp_ln15628' <Predicate = (!icmp_ln15627)> <Delay = 0.70> <CoreInst = "Cmp">   --->   Core 9 'Cmp' <Latency = 0> <II = 1> <Delay = 0.70> <FuncUnit> <Opcode : 'icmp'> <InPorts = 2> <OutPorts = 1>
ST_2 : Operation 22 [1/1] (0.30ns)   --->   "%select_ln15627 = select i1 %icmp_ln15628, i7 0, i7 %j15_load" [/home/silvenchen/Desktop/DitBlock/WorkDCT/DitBlock/kernel.cpp:15627]   --->   Operation 22 'select' 'select_ln15627' <Predicate = (!icmp_ln15627)> <Delay = 0.30> <CoreInst = "Sel">   --->   Core 73 'Sel' <Latency = 0> <II = 1> <Delay = 0.30> <FuncUnit> <Opcode : 'select'> <InPorts = 3> <OutPorts = 1>
ST_2 : Operation 23 [1/1] (0.30ns)   --->   "%select_ln15627_1 = select i1 %icmp_ln15628, i11 %add_ln15627, i11 %i17_load" [/home/silvenchen/Desktop/DitBlock/WorkDCT/DitBlock/kernel.cpp:15627]   --->   Operation 23 'select' 'select_ln15627_1' <Predicate = (!icmp_ln15627)> <Delay = 0.30> <CoreInst = "Sel">   --->   Core 73 'Sel' <Latency = 0> <II = 1> <Delay = 0.30> <FuncUnit> <Opcode : 'select'> <InPorts = 3> <OutPorts = 1>
ST_2 : Operation 24 [1/1] (0.00ns)   --->   "%trunc_ln15629 = trunc i11 %select_ln15627_1" [/home/silvenchen/Desktop/DitBlock/WorkDCT/DitBlock/kernel.cpp:15629]   --->   Operation 24 'trunc' 'trunc_ln15629' <Predicate = (!icmp_ln15627)> <Delay = 0.00>
ST_2 : Operation 25 [1/1] (0.00ns)   --->   "%tmp_s = bitconcatenate i16 @_ssdm_op_BitConcatenate.i16.i10.i6, i10 %trunc_ln15629, i6 0" [/home/silvenchen/Desktop/DitBlock/WorkDCT/DitBlock/kernel.cpp:15629]   --->   Operation 25 'bitconcatenate' 'tmp_s' <Predicate = (!icmp_ln15627)> <Delay = 0.00>
ST_2 : Operation 26 [1/1] (0.00ns)   --->   "%zext_ln15629 = zext i7 %select_ln15627" [/home/silvenchen/Desktop/DitBlock/WorkDCT/DitBlock/kernel.cpp:15629]   --->   Operation 26 'zext' 'zext_ln15629' <Predicate = (!icmp_ln15627)> <Delay = 0.00>
ST_2 : Operation 27 [1/1] (0.78ns)   --->   "%add_ln15629 = add i16 %tmp_s, i16 %zext_ln15629" [/home/silvenchen/Desktop/DitBlock/WorkDCT/DitBlock/kernel.cpp:15629]   --->   Operation 27 'add' 'add_ln15629' <Predicate = (!icmp_ln15627)> <Delay = 0.78> <CoreInst = "Adder">   --->   Core 1 'Adder' <Latency = 0> <II = 1> <Delay = 0.78> <FuncUnit> <Opcode : 'add' 'sub'> <InPorts = 2> <OutPorts = 1>
ST_2 : Operation 28 [1/1] (0.00ns)   --->   "%zext_ln15629_1 = zext i16 %add_ln15629" [/home/silvenchen/Desktop/DitBlock/WorkDCT/DitBlock/kernel.cpp:15629]   --->   Operation 28 'zext' 'zext_ln15629_1' <Predicate = (!icmp_ln15627)> <Delay = 0.00>
ST_2 : Operation 29 [1/1] (0.00ns)   --->   "%Q_h_addr = getelementptr i32 %Q_h, i64 0, i64 %zext_ln15629_1" [/home/silvenchen/Desktop/DitBlock/WorkDCT/DitBlock/kernel.cpp:15629]   --->   Operation 29 'getelementptr' 'Q_h_addr' <Predicate = (!icmp_ln15627)> <Delay = 0.00>
ST_2 : Operation 30 [1/1] (0.00ns)   --->   "%zext_ln15628 = zext i7 %select_ln15627" [/home/silvenchen/Desktop/DitBlock/WorkDCT/DitBlock/kernel.cpp:15628]   --->   Operation 30 'zext' 'zext_ln15628' <Predicate = (!icmp_ln15627)> <Delay = 0.00>
ST_2 : Operation 31 [2/2] (1.24ns)   --->   "%v8593 = load i16 %Q_h_addr" [/home/silvenchen/Desktop/DitBlock/WorkDCT/DitBlock/kernel.cpp:15629]   --->   Operation 31 'load' 'v8593' <Predicate = (!icmp_ln15627)> <Delay = 1.24> <CoreInst = "RAM">   --->   Core 83 'RAM' <Latency = 1> <II = 1> <Delay = 1.24> <Storage> <Opcode : 'load' 'store'> <Ports = 2> <Width = 32> <Depth = 65536> <RAM>
ST_2 : Operation 32 [1/1] (0.71ns)   --->   "%add_ln15630 = add i9 %tmp_4_read, i9 %zext_ln15628" [/home/silvenchen/Desktop/DitBlock/WorkDCT/DitBlock/kernel.cpp:15630]   --->   Operation 32 'add' 'add_ln15630' <Predicate = (!icmp_ln15627)> <Delay = 0.71> <CoreInst = "Adder">   --->   Core 1 'Adder' <Latency = 0> <II = 1> <Delay = 0.71> <FuncUnit> <Opcode : 'add' 'sub'> <InPorts = 2> <OutPorts = 1>
ST_2 : Operation 33 [1/1] (0.70ns)   --->   "%add_ln15628 = add i7 %select_ln15627, i7 1" [/home/silvenchen/Desktop/DitBlock/WorkDCT/DitBlock/kernel.cpp:15628]   --->   Operation 33 'add' 'add_ln15628' <Predicate = (!icmp_ln15627)> <Delay = 0.70> <CoreInst = "Adder">   --->   Core 1 'Adder' <Latency = 0> <II = 1> <Delay = 0.70> <FuncUnit> <Opcode : 'add' 'sub'> <InPorts = 2> <OutPorts = 1>
ST_2 : Operation 34 [1/1] (0.38ns)   --->   "%store_ln15627 = store i17 %add_ln15627_1, i17 %indvar_flatten45" [/home/silvenchen/Desktop/DitBlock/WorkDCT/DitBlock/kernel.cpp:15627]   --->   Operation 34 'store' 'store_ln15627' <Predicate = (!icmp_ln15627)> <Delay = 0.38>
ST_2 : Operation 35 [1/1] (0.38ns)   --->   "%store_ln15627 = store i11 %select_ln15627_1, i11 %i17" [/home/silvenchen/Desktop/DitBlock/WorkDCT/DitBlock/kernel.cpp:15627]   --->   Operation 35 'store' 'store_ln15627' <Predicate = (!icmp_ln15627)> <Delay = 0.38>
ST_2 : Operation 36 [1/1] (0.38ns)   --->   "%store_ln15628 = store i7 %add_ln15628, i7 %j15" [/home/silvenchen/Desktop/DitBlock/WorkDCT/DitBlock/kernel.cpp:15628]   --->   Operation 36 'store' 'store_ln15628' <Predicate = (!icmp_ln15627)> <Delay = 0.38>
ST_2 : Operation 46 [1/1] (0.00ns)   --->   "%ret_ln0 = ret"   --->   Operation 46 'ret' 'ret_ln0' <Predicate = (icmp_ln15627)> <Delay = 0.00>

State 3 <SV = 2> <Delay = 3.91>
ST_3 : Operation 37 [1/1] (0.00ns)   --->   "%specloopname_ln0 = specloopname void @_ssdm_op_SpecLoopName, void @l_mha_merge_i17_l_j15_str"   --->   Operation 37 'specloopname' 'specloopname_ln0' <Predicate = true> <Delay = 0.00>
ST_3 : Operation 38 [1/1] (0.00ns)   --->   "%speclooptripcount_ln0 = speclooptripcount void @_ssdm_op_SpecLoopTripCount, i64 65536, i64 65536, i64 65536"   --->   Operation 38 'speclooptripcount' 'speclooptripcount_ln0' <Predicate = true> <Delay = 0.00>
ST_3 : Operation 39 [1/1] (0.00ns)   --->   "%specpipeline_ln15628 = specpipeline void @_ssdm_op_SpecPipeline, i32 4294967295, i32 0, i32 0, i32 0, void @empty_191" [/home/silvenchen/Desktop/DitBlock/WorkDCT/DitBlock/kernel.cpp:15628]   --->   Operation 39 'specpipeline' 'specpipeline_ln15628' <Predicate = true> <Delay = 0.00>
ST_3 : Operation 40 [1/2] (1.24ns)   --->   "%v8593 = load i16 %Q_h_addr" [/home/silvenchen/Desktop/DitBlock/WorkDCT/DitBlock/kernel.cpp:15629]   --->   Operation 40 'load' 'v8593' <Predicate = true> <Delay = 1.24> <CoreInst = "RAM">   --->   Core 83 'RAM' <Latency = 1> <II = 1> <Delay = 1.24> <Storage> <Opcode : 'load' 'store'> <Ports = 2> <Width = 32> <Depth = 65536> <RAM>
ST_3 : Operation 41 [1/1] (0.00ns)   --->   "%tmp_1 = bitconcatenate i19 @_ssdm_op_BitConcatenate.i19.i10.i9, i10 %trunc_ln15629, i9 %add_ln15630" [/home/silvenchen/Desktop/DitBlock/WorkDCT/DitBlock/kernel.cpp:15630]   --->   Operation 41 'bitconcatenate' 'tmp_1' <Predicate = true> <Delay = 0.00>
ST_3 : Operation 42 [1/1] (0.00ns)   --->   "%zext_ln15630 = zext i19 %tmp_1" [/home/silvenchen/Desktop/DitBlock/WorkDCT/DitBlock/kernel.cpp:15630]   --->   Operation 42 'zext' 'zext_ln15630' <Predicate = true> <Delay = 0.00>
ST_3 : Operation 43 [1/1] (0.00ns)   --->   "%v8567_addr = getelementptr i32 %v8567, i64 0, i64 %zext_ln15630" [/home/silvenchen/Desktop/DitBlock/WorkDCT/DitBlock/kernel.cpp:15630]   --->   Operation 43 'getelementptr' 'v8567_addr' <Predicate = true> <Delay = 0.00>
ST_3 : Operation 44 [1/1] (2.66ns)   --->   "%store_ln15630 = store i32 %v8593, i19 %v8567_addr" [/home/silvenchen/Desktop/DitBlock/WorkDCT/DitBlock/kernel.cpp:15630]   --->   Operation 44 'store' 'store_ln15630' <Predicate = true> <Delay = 2.66> <CoreInst = "RAM_2P_URAM">   --->   Core 95 'RAM_2P_URAM' <Latency = 1> <II = 1> <Delay = 2.66> <Storage> <Opcode : 'load' 'store'> <Ports = 2> <Width = 32> <Depth = 524288> <RAM>
ST_3 : Operation 45 [1/1] (0.00ns)   --->   "%br_ln15628 = br void %for.inc103" [/home/silvenchen/Desktop/DitBlock/WorkDCT/DitBlock/kernel.cpp:15628]   --->   Operation 45 'br' 'br_ln15628' <Predicate = true> <Delay = 0.00>


============================================================
+ Verbose Summary: Binding
============================================================
STG Binding: 
---------------- STG Properties BEGIN ----------------
- Is combinational: 0
- Is one-state seq: 0
- Is datapath-only: 0
- Is pipelined: 0
- Is top level: 0
Port [ Return ] is wired: 1; IO mode=ap_ctrl_hs:ce=0
Port [ Q_h]:  wired=1; compound=1; hidden=0; nouse=0; global=0; static=0; extern=0; dir=0; type=1; pingpong=0; private_global=0; MemPort=[13]; IO mode=ap_memory:ce=0
Port [ tmp_4]:  wired=1; compound=0; hidden=0; nouse=0; global=0; static=0; extern=0; dir=0; type=0; pingpong=0; private_global=0; IO mode=ap_none:ce=0
Port [ v8567]:  wired=1; compound=1; hidden=0; nouse=0; global=0; static=0; extern=0; dir=1; type=1; pingpong=0; private_global=0; MemPort=[30]; IO mode=ap_memory:ce=0
---------------- STG Properties END ------------------

---------------- Datapath Model BEGIN ----------------

<LifeTime>
<method=bitvector/>
j15                   (alloca           ) [ 0110]
i17                   (alloca           ) [ 0110]
indvar_flatten45      (alloca           ) [ 0110]
specmemcore_ln0       (specmemcore      ) [ 0000]
tmp_4_read            (read             ) [ 0110]
store_ln0             (store            ) [ 0000]
store_ln15627         (store            ) [ 0000]
store_ln15628         (store            ) [ 0000]
br_ln0                (br               ) [ 0000]
indvar_flatten45_load (load             ) [ 0000]
icmp_ln15627          (icmp             ) [ 0110]
add_ln15627_1         (add              ) [ 0000]
br_ln15627            (br               ) [ 0000]
j15_load              (load             ) [ 0000]
i17_load              (load             ) [ 0000]
add_ln15627           (add              ) [ 0000]
icmp_ln15628          (icmp             ) [ 0000]
select_ln15627        (select           ) [ 0000]
select_ln15627_1      (select           ) [ 0000]
trunc_ln15629         (trunc            ) [ 0101]
tmp_s                 (bitconcatenate   ) [ 0000]
zext_ln15629          (zext             ) [ 0000]
add_ln15629           (add              ) [ 0000]
zext_ln15629_1        (zext             ) [ 0000]
Q_h_addr              (getelementptr    ) [ 0101]
zext_ln15628          (zext             ) [ 0000]
add_ln15630           (add              ) [ 0101]
add_ln15628           (add              ) [ 0000]
store_ln15627         (store            ) [ 0000]
store_ln15627         (store            ) [ 0000]
store_ln15628         (store            ) [ 0000]
specloopname_ln0      (specloopname     ) [ 0000]
speclooptripcount_ln0 (speclooptripcount) [ 0000]
specpipeline_ln15628  (specpipeline     ) [ 0000]
v8593                 (load             ) [ 0000]
tmp_1                 (bitconcatenate   ) [ 0000]
zext_ln15630          (zext             ) [ 0000]
v8567_addr            (getelementptr    ) [ 0000]
store_ln15630         (store            ) [ 0000]
br_ln15628            (br               ) [ 0000]
ret_ln0               (ret              ) [ 0000]
</LifeTime>

<model>

<comp_list>
<comp id="0" class="1000" name="Q_h">
<pin_list>
<pin id="1" dir="1" index="0" bw="1" slack="0"/>
</pin_list>
<bind>
<StgValue><ssdm name="Q_h"/><MemPortTyVec>1 3 </MemPortTyVec>
</StgValue>
</bind>
</comp>

<comp id="2" class="1000" name="tmp_4">
<pin_list>
<pin id="3" dir="1" index="0" bw="1" slack="0"/>
</pin_list>
<bind>
<StgValue><ssdm name="tmp_4"/></StgValue>
</bind>
</comp>

<comp id="4" class="1000" name="v8567">
<pin_list>
<pin id="5" dir="1" index="0" bw="1" slack="0"/>
</pin_list>
<bind>
<StgValue><ssdm name="v8567"/><MemPortTyVec>3 0 </MemPortTyVec>
</StgValue>
</bind>
</comp>

<comp id="6" class="1001" name="const_6">
<pin_list>
<pin id="7" dir="1" index="0" bw="1" slack="0"/>
</pin_list>
<bind>
<StgValue><ssdm name=""/></StgValue>
</bind>
</comp>

<comp id="8" class="1001" name="const_8">
<pin_list>
<pin id="9" dir="1" index="0" bw="1" slack="2147483647"/>
</pin_list>
<bind>
<StgValue><ssdm name="_ssdm_op_SpecMemCore"/></StgValue>
</bind>
</comp>

<comp id="10" class="1001" name="const_10">
<pin_list>
<pin id="11" dir="1" index="0" bw="1" slack="2147483647"/>
</pin_list>
<bind>
<StgValue><ssdm name=""/></StgValue>
</bind>
</comp>

<comp id="12" class="1001" name="const_12">
<pin_list>
<pin id="13" dir="1" index="0" bw="1" slack="2147483647"/>
</pin_list>
<bind>
<StgValue><ssdm name=""/></StgValue>
</bind>
</comp>

<comp id="14" class="1001" name="const_14">
<pin_list>
<pin id="15" dir="1" index="0" bw="1" slack="2147483647"/>
</pin_list>
<bind>
<StgValue><ssdm name=""/></StgValue>
</bind>
</comp>

<comp id="16" class="1001" name="const_16">
<pin_list>
<pin id="17" dir="1" index="0" bw="1" slack="0"/>
</pin_list>
<bind>
<StgValue><ssdm name="_ssdm_op_Read.ap_auto.i9"/></StgValue>
</bind>
</comp>

<comp id="18" class="1001" name="const_18">
<pin_list>
<pin id="19" dir="1" index="0" bw="1" slack="0"/>
</pin_list>
<bind>
<StgValue><ssdm name=""/></StgValue>
</bind>
</comp>

<comp id="20" class="1001" name="const_20">
<pin_list>
<pin id="21" dir="1" index="0" bw="1" slack="0"/>
</pin_list>
<bind>
<StgValue><ssdm name=""/></StgValue>
</bind>
</comp>

<comp id="22" class="1001" name="const_22">
<pin_list>
<pin id="23" dir="1" index="0" bw="1" slack="0"/>
</pin_list>
<bind>
<StgValue><ssdm name=""/></StgValue>
</bind>
</comp>

<comp id="24" class="1001" name="const_24">
<pin_list>
<pin id="25" dir="1" index="0" bw="1" slack="0"/>
</pin_list>
<bind>
<StgValue><ssdm name=""/></StgValue>
</bind>
</comp>

<comp id="26" class="1001" name="const_26">
<pin_list>
<pin id="27" dir="1" index="0" bw="1" slack="0"/>
</pin_list>
<bind>
<StgValue><ssdm name=""/></StgValue>
</bind>
</comp>

<comp id="28" class="1001" name="const_28">
<pin_list>
<pin id="29" dir="1" index="0" bw="1" slack="0"/>
</pin_list>
<bind>
<StgValue><ssdm name=""/></StgValue>
</bind>
</comp>

<comp id="30" class="1001" name="const_30">
<pin_list>
<pin id="31" dir="1" index="0" bw="1" slack="0"/>
</pin_list>
<bind>
<StgValue><ssdm name=""/></StgValue>
</bind>
</comp>

<comp id="32" class="1001" name="const_32">
<pin_list>
<pin id="33" dir="1" index="0" bw="1" slack="0"/>
</pin_list>
<bind>
<StgValue><ssdm name="_ssdm_op_BitConcatenate.i16.i10.i6"/></StgValue>
</bind>
</comp>

<comp id="34" class="1001" name="const_34">
<pin_list>
<pin id="35" dir="1" index="0" bw="1" slack="0"/>
</pin_list>
<bind>
<StgValue><ssdm name=""/></StgValue>
</bind>
</comp>

<comp id="36" class="1001" name="const_36">
<pin_list>
<pin id="37" dir="1" index="0" bw="1" slack="0"/>
</pin_list>
<bind>
<StgValue><ssdm name=""/></StgValue>
</bind>
</comp>

<comp id="38" class="1001" name="const_38">
<pin_list>
<pin id="39" dir="1" index="0" bw="1" slack="0"/>
</pin_list>
<bind>
<StgValue><ssdm name=""/></StgValue>
</bind>
</comp>

<comp id="40" class="1001" name="const_40">
<pin_list>
<pin id="41" dir="1" index="0" bw="1" slack="2147483647"/>
</pin_list>
<bind>
<StgValue><ssdm name="_ssdm_op_SpecLoopName"/></StgValue>
</bind>
</comp>

<comp id="42" class="1001" name="const_42">
<pin_list>
<pin id="43" dir="1" index="0" bw="1" slack="2147483647"/>
</pin_list>
<bind>
<StgValue><ssdm name="l_mha_merge_i17_l_j15_str"/></StgValue>
</bind>
</comp>

<comp id="44" class="1001" name="const_44">
<pin_list>
<pin id="45" dir="1" index="0" bw="1" slack="2147483647"/>
</pin_list>
<bind>
<StgValue><ssdm name="_ssdm_op_SpecLoopTripCount"/></StgValue>
</bind>
</comp>

<comp id="46" class="1001" name="const_46">
<pin_list>
<pin id="47" dir="1" index="0" bw="1" slack="2147483647"/>
</pin_list>
<bind>
<StgValue><ssdm name=""/></StgValue>
</bind>
</comp>

<comp id="48" class="1001" name="const_48">
<pin_list>
<pin id="49" dir="1" index="0" bw="1" slack="2147483647"/>
</pin_list>
<bind>
<StgValue><ssdm name="_ssdm_op_SpecPipeline"/></StgValue>
</bind>
</comp>

<comp id="50" class="1001" name="const_50">
<pin_list>
<pin id="51" dir="1" index="0" bw="1" slack="2147483647"/>
</pin_list>
<bind>
<StgValue><ssdm name=""/></StgValue>
</bind>
</comp>

<comp id="52" class="1001" name="const_52">
<pin_list>
<pin id="53" dir="1" index="0" bw="1" slack="2147483647"/>
</pin_list>
<bind>
<StgValue><ssdm name=""/></StgValue>
</bind>
</comp>

<comp id="54" class="1001" name="const_54">
<pin_list>
<pin id="55" dir="1" index="0" bw="1" slack="2147483647"/>
</pin_list>
<bind>
<StgValue><ssdm name="empty_191"/></StgValue>
</bind>
</comp>

<comp id="56" class="1001" name="const_56">
<pin_list>
<pin id="57" dir="1" index="0" bw="1" slack="0"/>
</pin_list>
<bind>
<StgValue><ssdm name="_ssdm_op_BitConcatenate.i19.i10.i9"/></StgValue>
</bind>
</comp>

<comp id="58" class="1004" name="j15_fu_58">
<pin_list>
<pin id="59" dir="0" index="0" bw="1" slack="0"/>
<pin id="60" dir="1" index="1" bw="7" slack="0"/>
</pin_list>
<bind>
<opcode="alloca(26) " fcode="alloca"/>
<opset="j15/1 "/>
</bind>
</comp>

<comp id="62" class="1004" name="i17_fu_62">
<pin_list>
<pin id="63" dir="0" index="0" bw="1" slack="0"/>
<pin id="64" dir="1" index="1" bw="11" slack="0"/>
</pin_list>
<bind>
<opcode="alloca(26) " fcode="alloca"/>
<opset="i17/1 "/>
</bind>
</comp>

<comp id="66" class="1004" name="indvar_flatten45_fu_66">
<pin_list>
<pin id="67" dir="0" index="0" bw="1" slack="0"/>
<pin id="68" dir="1" index="1" bw="17" slack="0"/>
</pin_list>
<bind>
<opcode="alloca(26) " fcode="alloca"/>
<opset="indvar_flatten45/1 "/>
</bind>
</comp>

<comp id="70" class="1004" name="tmp_4_read_read_fu_70">
<pin_list>
<pin id="71" dir="0" index="0" bw="9" slack="0"/>
<pin id="72" dir="0" index="1" bw="9" slack="0"/>
<pin id="73" dir="1" index="2" bw="9" slack="1"/>
</pin_list>
<bind>
<opcode="read(1150) " fcode="read"/>
<opset="tmp_4_read/1 "/>
</bind>
</comp>

<comp id="76" class="1004" name="Q_h_addr_gep_fu_76">
<pin_list>
<pin id="77" dir="0" index="0" bw="32" slack="0"/>
<pin id="78" dir="0" index="1" bw="1" slack="0"/>
<pin id="79" dir="0" index="2" bw="16" slack="0"/>
<pin id="80" dir="1" index="3" bw="16" slack="0"/>
</pin_list>
<bind>
<opcode="getelementptr(29) " fcode="getelementptr"/>
<opset="Q_h_addr/2 "/>
</bind>
</comp>

<comp id="83" class="1004" name="grp_access_fu_83">
<pin_list>
<pin id="84" dir="0" index="0" bw="16" slack="0"/>
<pin id="85" dir="0" index="1" bw="32" slack="2147483647"/>
<pin id="86" dir="0" index="2" bw="0" slack="2147483647"/>
<pin id="87" dir="1" index="3" bw="32" slack="0"/>
</pin_list>
<bind>
<opcode="load(27) " fcode="load"/>
<opset="v8593/2 "/>
</bind>
</comp>

<comp id="89" class="1004" name="v8567_addr_gep_fu_89">
<pin_list>
<pin id="90" dir="0" index="0" bw="32" slack="0"/>
<pin id="91" dir="0" index="1" bw="1" slack="0"/>
<pin id="92" dir="0" index="2" bw="19" slack="0"/>
<pin id="93" dir="1" index="3" bw="19" slack="0"/>
</pin_list>
<bind>
<opcode="getelementptr(29) " fcode="getelementptr"/>
<opset="v8567_addr/3 "/>
</bind>
</comp>

<comp id="96" class="1004" name="store_ln15630_access_fu_96">
<pin_list>
<pin id="97" dir="0" index="0" bw="19" slack="2147483647"/>
<pin id="98" dir="0" index="1" bw="32" slack="2147483647"/>
<pin id="99" dir="0" index="2" bw="0" slack="0"/>
<pin id="101" dir="0" index="4" bw="19" slack="0"/>
<pin id="102" dir="0" index="5" bw="32" slack="2147483647"/>
<pin id="103" dir="0" index="6" bw="0" slack="2147483647"/>
<pin id="100" dir="1" index="3" bw="32" slack="2147483647"/>
<pin id="104" dir="1" index="7" bw="32" slack="2147483647"/>
</pin_list>
<bind>
<opcode="store(28) " fcode="store"/>
<opset="store_ln15630/3 "/>
</bind>
</comp>

<comp id="107" class="1004" name="store_ln0_store_fu_107">
<pin_list>
<pin id="108" dir="0" index="0" bw="1" slack="0"/>
<pin id="109" dir="0" index="1" bw="17" slack="0"/>
<pin id="110" dir="1" index="2" bw="0" slack="2147483647"/>
</pin_list>
<bind>
<opcode="store(28) " fcode="store"/>
<opset="store_ln0/1 "/>
</bind>
</comp>

<comp id="112" class="1004" name="store_ln15627_store_fu_112">
<pin_list>
<pin id="113" dir="0" index="0" bw="1" slack="0"/>
<pin id="114" dir="0" index="1" bw="11" slack="0"/>
<pin id="115" dir="1" index="2" bw="0" slack="2147483647"/>
</pin_list>
<bind>
<opcode="store(28) " fcode="store"/>
<opset="store_ln15627/1 "/>
</bind>
</comp>

<comp id="117" class="1004" name="store_ln15628_store_fu_117">
<pin_list>
<pin id="118" dir="0" index="0" bw="1" slack="0"/>
<pin id="119" dir="0" index="1" bw="7" slack="0"/>
<pin id="120" dir="1" index="2" bw="0" slack="2147483647"/>
</pin_list>
<bind>
<opcode="store(28) " fcode="store"/>
<opset="store_ln15628/1 "/>
</bind>
</comp>

<comp id="122" class="1004" name="indvar_flatten45_load_load_fu_122">
<pin_list>
<pin id="123" dir="0" index="0" bw="17" slack="1"/>
<pin id="124" dir="1" index="1" bw="17" slack="0"/>
</pin_list>
<bind>
<opcode="load(27) " fcode="load"/>
<opset="indvar_flatten45_load/2 "/>
</bind>
</comp>

<comp id="125" class="1004" name="icmp_ln15627_fu_125">
<pin_list>
<pin id="126" dir="0" index="0" bw="17" slack="0"/>
<pin id="127" dir="0" index="1" bw="17" slack="0"/>
<pin id="128" dir="1" index="2" bw="1" slack="2147483647"/>
</pin_list>
<bind>
<opcode="icmp(45) " fcode="icmp"/>
<opset="icmp_ln15627/2 "/>
</bind>
</comp>

<comp id="131" class="1004" name="add_ln15627_1_fu_131">
<pin_list>
<pin id="132" dir="0" index="0" bw="17" slack="0"/>
<pin id="133" dir="0" index="1" bw="1" slack="0"/>
<pin id="134" dir="1" index="2" bw="17" slack="0"/>
</pin_list>
<bind>
<opcode="add(8) " fcode="add"/>
<opset="add_ln15627_1/2 "/>
</bind>
</comp>

<comp id="137" class="1004" name="j15_load_load_fu_137">
<pin_list>
<pin id="138" dir="0" index="0" bw="7" slack="1"/>
<pin id="139" dir="1" index="1" bw="7" slack="0"/>
</pin_list>
<bind>
<opcode="load(27) " fcode="load"/>
<opset="j15_load/2 "/>
</bind>
</comp>

<comp id="140" class="1004" name="i17_load_load_fu_140">
<pin_list>
<pin id="141" dir="0" index="0" bw="11" slack="1"/>
<pin id="142" dir="1" index="1" bw="11" slack="0"/>
</pin_list>
<bind>
<opcode="load(27) " fcode="load"/>
<opset="i17_load/2 "/>
</bind>
</comp>

<comp id="143" class="1004" name="add_ln15627_fu_143">
<pin_list>
<pin id="144" dir="0" index="0" bw="11" slack="0"/>
<pin id="145" dir="0" index="1" bw="1" slack="0"/>
<pin id="146" dir="1" index="2" bw="11" slack="0"/>
</pin_list>
<bind>
<opcode="add(8) " fcode="add"/>
<opset="add_ln15627/2 "/>
</bind>
</comp>

<comp id="149" class="1004" name="icmp_ln15628_fu_149">
<pin_list>
<pin id="150" dir="0" index="0" bw="7" slack="0"/>
<pin id="151" dir="0" index="1" bw="7" slack="0"/>
<pin id="152" dir="1" index="2" bw="1" slack="0"/>
</pin_list>
<bind>
<opcode="icmp(45) " fcode="icmp"/>
<opset="icmp_ln15628/2 "/>
</bind>
</comp>

<comp id="155" class="1004" name="select_ln15627_fu_155">
<pin_list>
<pin id="156" dir="0" index="0" bw="1" slack="0"/>
<pin id="157" dir="0" index="1" bw="1" slack="0"/>
<pin id="158" dir="0" index="2" bw="7" slack="0"/>
<pin id="159" dir="1" index="3" bw="7" slack="0"/>
</pin_list>
<bind>
<opcode="select(49) " fcode="select"/>
<opset="select_ln15627/2 "/>
</bind>
</comp>

<comp id="163" class="1004" name="select_ln15627_1_fu_163">
<pin_list>
<pin id="164" dir="0" index="0" bw="1" slack="0"/>
<pin id="165" dir="0" index="1" bw="11" slack="0"/>
<pin id="166" dir="0" index="2" bw="11" slack="0"/>
<pin id="167" dir="1" index="3" bw="11" slack="0"/>
</pin_list>
<bind>
<opcode="select(49) " fcode="select"/>
<opset="select_ln15627_1/2 "/>
</bind>
</comp>

<comp id="171" class="1004" name="trunc_ln15629_fu_171">
<pin_list>
<pin id="172" dir="0" index="0" bw="11" slack="0"/>
<pin id="173" dir="1" index="1" bw="10" slack="0"/>
</pin_list>
<bind>
<opcode="trunc(33) " fcode="trunc"/>
<opset="trunc_ln15629/2 "/>
</bind>
</comp>

<comp id="175" class="1004" name="tmp_s_fu_175">
<pin_list>
<pin id="176" dir="0" index="0" bw="16" slack="0"/>
<pin id="177" dir="0" index="1" bw="10" slack="0"/>
<pin id="178" dir="0" index="2" bw="1" slack="0"/>
<pin id="179" dir="1" index="3" bw="16" slack="0"/>
</pin_list>
<bind>
<opcode="bitconcatenate(1004) " fcode="bitconcatenate"/>
<opset="tmp_s/2 "/>
</bind>
</comp>

<comp id="183" class="1004" name="zext_ln15629_fu_183">
<pin_list>
<pin id="184" dir="0" index="0" bw="7" slack="0"/>
<pin id="185" dir="1" index="1" bw="16" slack="0"/>
</pin_list>
<bind>
<opcode="zext(34) " fcode="zext"/>
<opset="zext_ln15629/2 "/>
</bind>
</comp>

<comp id="187" class="1004" name="add_ln15629_fu_187">
<pin_list>
<pin id="188" dir="0" index="0" bw="16" slack="0"/>
<pin id="189" dir="0" index="1" bw="7" slack="0"/>
<pin id="190" dir="1" index="2" bw="16" slack="0"/>
</pin_list>
<bind>
<opcode="add(8) " fcode="add"/>
<opset="add_ln15629/2 "/>
</bind>
</comp>

<comp id="193" class="1004" name="zext_ln15629_1_fu_193">
<pin_list>
<pin id="194" dir="0" index="0" bw="16" slack="0"/>
<pin id="195" dir="1" index="1" bw="64" slack="0"/>
</pin_list>
<bind>
<opcode="zext(34) " fcode="zext"/>
<opset="zext_ln15629_1/2 "/>
</bind>
</comp>

<comp id="198" class="1004" name="zext_ln15628_fu_198">
<pin_list>
<pin id="199" dir="0" index="0" bw="7" slack="0"/>
<pin id="200" dir="1" index="1" bw="9" slack="0"/>
</pin_list>
<bind>
<opcode="zext(34) " fcode="zext"/>
<opset="zext_ln15628/2 "/>
</bind>
</comp>

<comp id="202" class="1004" name="add_ln15630_fu_202">
<pin_list>
<pin id="203" dir="0" index="0" bw="9" slack="1"/>
<pin id="204" dir="0" index="1" bw="7" slack="0"/>
<pin id="205" dir="1" index="2" bw="9" slack="1"/>
</pin_list>
<bind>
<opcode="add(8) " fcode="add"/>
<opset="add_ln15630/2 "/>
</bind>
</comp>

<comp id="207" class="1004" name="add_ln15628_fu_207">
<pin_list>
<pin id="208" dir="0" index="0" bw="7" slack="0"/>
<pin id="209" dir="0" index="1" bw="1" slack="0"/>
<pin id="210" dir="1" index="2" bw="7" slack="0"/>
</pin_list>
<bind>
<opcode="add(8) " fcode="add"/>
<opset="add_ln15628/2 "/>
</bind>
</comp>

<comp id="213" class="1004" name="store_ln15627_store_fu_213">
<pin_list>
<pin id="214" dir="0" index="0" bw="17" slack="0"/>
<pin id="215" dir="0" index="1" bw="17" slack="1"/>
<pin id="216" dir="1" index="2" bw="0" slack="2147483647"/>
</pin_list>
<bind>
<opcode="store(28) " fcode="store"/>
<opset="store_ln15627/2 "/>
</bind>
</comp>

<comp id="218" class="1004" name="store_ln15627_store_fu_218">
<pin_list>
<pin id="219" dir="0" index="0" bw="11" slack="0"/>
<pin id="220" dir="0" index="1" bw="11" slack="1"/>
<pin id="221" dir="1" index="2" bw="0" slack="2147483647"/>
</pin_list>
<bind>
<opcode="store(28) " fcode="store"/>
<opset="store_ln15627/2 "/>
</bind>
</comp>

<comp id="223" class="1004" name="store_ln15628_store_fu_223">
<pin_list>
<pin id="224" dir="0" index="0" bw="7" slack="0"/>
<pin id="225" dir="0" index="1" bw="7" slack="1"/>
<pin id="226" dir="1" index="2" bw="0" slack="2147483647"/>
</pin_list>
<bind>
<opcode="store(28) " fcode="store"/>
<opset="store_ln15628/2 "/>
</bind>
</comp>

<comp id="228" class="1004" name="tmp_1_fu_228">
<pin_list>
<pin id="229" dir="0" index="0" bw="19" slack="0"/>
<pin id="230" dir="0" index="1" bw="10" slack="1"/>
<pin id="231" dir="0" index="2" bw="9" slack="1"/>
<pin id="232" dir="1" index="3" bw="19" slack="0"/>
</pin_list>
<bind>
<opcode="bitconcatenate(1004) " fcode="bitconcatenate"/>
<opset="tmp_1/3 "/>
</bind>
</comp>

<comp id="234" class="1004" name="zext_ln15630_fu_234">
<pin_list>
<pin id="235" dir="0" index="0" bw="19" slack="0"/>
<pin id="236" dir="1" index="1" bw="64" slack="0"/>
</pin_list>
<bind>
<opcode="zext(34) " fcode="zext"/>
<opset="zext_ln15630/3 "/>
</bind>
</comp>

<comp id="239" class="1005" name="j15_reg_239">
<pin_list>
<pin id="240" dir="0" index="0" bw="7" slack="0"/>
<pin id="241" dir="1" index="1" bw="7" slack="0"/>
</pin_list>
<bind>
<opset="j15 "/>
</bind>
</comp>

<comp id="246" class="1005" name="i17_reg_246">
<pin_list>
<pin id="247" dir="0" index="0" bw="11" slack="0"/>
<pin id="248" dir="1" index="1" bw="11" slack="0"/>
</pin_list>
<bind>
<opset="i17 "/>
</bind>
</comp>

<comp id="253" class="1005" name="indvar_flatten45_reg_253">
<pin_list>
<pin id="254" dir="0" index="0" bw="17" slack="0"/>
<pin id="255" dir="1" index="1" bw="17" slack="0"/>
</pin_list>
<bind>
<opset="indvar_flatten45 "/>
</bind>
</comp>

<comp id="260" class="1005" name="tmp_4_read_reg_260">
<pin_list>
<pin id="261" dir="0" index="0" bw="9" slack="1"/>
<pin id="262" dir="1" index="1" bw="9" slack="1"/>
</pin_list>
<bind>
<opset="tmp_4_read "/>
</bind>
</comp>

<comp id="268" class="1005" name="trunc_ln15629_reg_268">
<pin_list>
<pin id="269" dir="0" index="0" bw="10" slack="1"/>
<pin id="270" dir="1" index="1" bw="10" slack="1"/>
</pin_list>
<bind>
<opset="trunc_ln15629 "/>
</bind>
</comp>

<comp id="273" class="1005" name="Q_h_addr_reg_273">
<pin_list>
<pin id="274" dir="0" index="0" bw="16" slack="1"/>
<pin id="275" dir="1" index="1" bw="16" slack="1"/>
</pin_list>
<bind>
<opset="Q_h_addr "/>
</bind>
</comp>

<comp id="278" class="1005" name="add_ln15630_reg_278">
<pin_list>
<pin id="279" dir="0" index="0" bw="9" slack="1"/>
<pin id="280" dir="1" index="1" bw="9" slack="1"/>
</pin_list>
<bind>
<opset="add_ln15630 "/>
</bind>
</comp>

</comp_list>

<net_list>
<net id="61"><net_src comp="6" pin="0"/><net_sink comp="58" pin=0"/></net>

<net id="65"><net_src comp="6" pin="0"/><net_sink comp="62" pin=0"/></net>

<net id="69"><net_src comp="6" pin="0"/><net_sink comp="66" pin=0"/></net>

<net id="74"><net_src comp="16" pin="0"/><net_sink comp="70" pin=0"/></net>

<net id="75"><net_src comp="2" pin="0"/><net_sink comp="70" pin=1"/></net>

<net id="81"><net_src comp="0" pin="0"/><net_sink comp="76" pin=0"/></net>

<net id="82"><net_src comp="36" pin="0"/><net_sink comp="76" pin=1"/></net>

<net id="88"><net_src comp="76" pin="3"/><net_sink comp="83" pin=0"/></net>

<net id="94"><net_src comp="4" pin="0"/><net_sink comp="89" pin=0"/></net>

<net id="95"><net_src comp="36" pin="0"/><net_sink comp="89" pin=1"/></net>

<net id="105"><net_src comp="83" pin="3"/><net_sink comp="96" pin=4"/></net>

<net id="106"><net_src comp="89" pin="3"/><net_sink comp="96" pin=2"/></net>

<net id="111"><net_src comp="18" pin="0"/><net_sink comp="107" pin=0"/></net>

<net id="116"><net_src comp="20" pin="0"/><net_sink comp="112" pin=0"/></net>

<net id="121"><net_src comp="22" pin="0"/><net_sink comp="117" pin=0"/></net>

<net id="129"><net_src comp="122" pin="1"/><net_sink comp="125" pin=0"/></net>

<net id="130"><net_src comp="24" pin="0"/><net_sink comp="125" pin=1"/></net>

<net id="135"><net_src comp="122" pin="1"/><net_sink comp="131" pin=0"/></net>

<net id="136"><net_src comp="26" pin="0"/><net_sink comp="131" pin=1"/></net>

<net id="147"><net_src comp="140" pin="1"/><net_sink comp="143" pin=0"/></net>

<net id="148"><net_src comp="28" pin="0"/><net_sink comp="143" pin=1"/></net>

<net id="153"><net_src comp="137" pin="1"/><net_sink comp="149" pin=0"/></net>

<net id="154"><net_src comp="30" pin="0"/><net_sink comp="149" pin=1"/></net>

<net id="160"><net_src comp="149" pin="2"/><net_sink comp="155" pin=0"/></net>

<net id="161"><net_src comp="22" pin="0"/><net_sink comp="155" pin=1"/></net>

<net id="162"><net_src comp="137" pin="1"/><net_sink comp="155" pin=2"/></net>

<net id="168"><net_src comp="149" pin="2"/><net_sink comp="163" pin=0"/></net>

<net id="169"><net_src comp="143" pin="2"/><net_sink comp="163" pin=1"/></net>

<net id="170"><net_src comp="140" pin="1"/><net_sink comp="163" pin=2"/></net>

<net id="174"><net_src comp="163" pin="3"/><net_sink comp="171" pin=0"/></net>

<net id="180"><net_src comp="32" pin="0"/><net_sink comp="175" pin=0"/></net>

<net id="181"><net_src comp="171" pin="1"/><net_sink comp="175" pin=1"/></net>

<net id="182"><net_src comp="34" pin="0"/><net_sink comp="175" pin=2"/></net>

<net id="186"><net_src comp="155" pin="3"/><net_sink comp="183" pin=0"/></net>

<net id="191"><net_src comp="175" pin="3"/><net_sink comp="187" pin=0"/></net>

<net id="192"><net_src comp="183" pin="1"/><net_sink comp="187" pin=1"/></net>

<net id="196"><net_src comp="187" pin="2"/><net_sink comp="193" pin=0"/></net>

<net id="197"><net_src comp="193" pin="1"/><net_sink comp="76" pin=2"/></net>

<net id="201"><net_src comp="155" pin="3"/><net_sink comp="198" pin=0"/></net>

<net id="206"><net_src comp="198" pin="1"/><net_sink comp="202" pin=1"/></net>

<net id="211"><net_src comp="155" pin="3"/><net_sink comp="207" pin=0"/></net>

<net id="212"><net_src comp="38" pin="0"/><net_sink comp="207" pin=1"/></net>

<net id="217"><net_src comp="131" pin="2"/><net_sink comp="213" pin=0"/></net>

<net id="222"><net_src comp="163" pin="3"/><net_sink comp="218" pin=0"/></net>

<net id="227"><net_src comp="207" pin="2"/><net_sink comp="223" pin=0"/></net>

<net id="233"><net_src comp="56" pin="0"/><net_sink comp="228" pin=0"/></net>

<net id="237"><net_src comp="228" pin="3"/><net_sink comp="234" pin=0"/></net>

<net id="238"><net_src comp="234" pin="1"/><net_sink comp="89" pin=2"/></net>

<net id="242"><net_src comp="58" pin="1"/><net_sink comp="239" pin=0"/></net>

<net id="243"><net_src comp="239" pin="1"/><net_sink comp="117" pin=1"/></net>

<net id="244"><net_src comp="239" pin="1"/><net_sink comp="137" pin=0"/></net>

<net id="245"><net_src comp="239" pin="1"/><net_sink comp="223" pin=1"/></net>

<net id="249"><net_src comp="62" pin="1"/><net_sink comp="246" pin=0"/></net>

<net id="250"><net_src comp="246" pin="1"/><net_sink comp="112" pin=1"/></net>

<net id="251"><net_src comp="246" pin="1"/><net_sink comp="140" pin=0"/></net>

<net id="252"><net_src comp="246" pin="1"/><net_sink comp="218" pin=1"/></net>

<net id="256"><net_src comp="66" pin="1"/><net_sink comp="253" pin=0"/></net>

<net id="257"><net_src comp="253" pin="1"/><net_sink comp="107" pin=1"/></net>

<net id="258"><net_src comp="253" pin="1"/><net_sink comp="122" pin=0"/></net>

<net id="259"><net_src comp="253" pin="1"/><net_sink comp="213" pin=1"/></net>

<net id="263"><net_src comp="70" pin="2"/><net_sink comp="260" pin=0"/></net>

<net id="264"><net_src comp="260" pin="1"/><net_sink comp="202" pin=0"/></net>

<net id="271"><net_src comp="171" pin="1"/><net_sink comp="268" pin=0"/></net>

<net id="272"><net_src comp="268" pin="1"/><net_sink comp="228" pin=1"/></net>

<net id="276"><net_src comp="76" pin="3"/><net_sink comp="273" pin=0"/></net>

<net id="277"><net_src comp="273" pin="1"/><net_sink comp="83" pin=0"/></net>

<net id="281"><net_src comp="202" pin="2"/><net_sink comp="278" pin=0"/></net>

<net id="282"><net_src comp="278" pin="1"/><net_sink comp="228" pin=2"/></net>

</net_list>

</model> 
---------------- Datapath Model END ------------------

* FSMD analyzer results:
  - Output states:
	Port: v8567 | {3 }
 - Input state : 
	Port: scaled_dot_product_attention_Pipeline_l_mha_merge_i17_l_j15 : Q_h | {2 3 }
	Port: scaled_dot_product_attention_Pipeline_l_mha_merge_i17_l_j15 : tmp_4 | {1 }
  - Chain level:
	State 1
		store_ln0 : 1
		store_ln15627 : 1
		store_ln15628 : 1
	State 2
		icmp_ln15627 : 1
		add_ln15627_1 : 1
		br_ln15627 : 2
		add_ln15627 : 1
		icmp_ln15628 : 1
		select_ln15627 : 2
		select_ln15627_1 : 2
		trunc_ln15629 : 3
		tmp_s : 4
		zext_ln15629 : 3
		add_ln15629 : 5
		zext_ln15629_1 : 6
		Q_h_addr : 7
		zext_ln15628 : 3
		v8593 : 8
		add_ln15630 : 4
		add_ln15628 : 3
		store_ln15627 : 2
		store_ln15627 : 3
		store_ln15628 : 4
	State 3
		zext_ln15630 : 1
		v8567_addr : 2
		store_ln15630 : 3


============================================================
+ Verbose Summary: Datapath Resource usage 
============================================================

* Functional unit list:
|----------|-------------------------|---------|---------|
| Operation|     Functional Unit     |    FF   |   LUT   |
|----------|-------------------------|---------|---------|
|          |   add_ln15627_1_fu_131  |    0    |    24   |
|          |    add_ln15627_fu_143   |    0    |    18   |
|    add   |    add_ln15629_fu_187   |    0    |    23   |
|          |    add_ln15630_fu_202   |    0    |    16   |
|          |    add_ln15628_fu_207   |    0    |    14   |
|----------|-------------------------|---------|---------|
|   icmp   |   icmp_ln15627_fu_125   |    0    |    24   |
|          |   icmp_ln15628_fu_149   |    0    |    14   |
|----------|-------------------------|---------|---------|
|  select  |  select_ln15627_fu_155  |    0    |    7    |
|          | select_ln15627_1_fu_163 |    0    |    11   |
|----------|-------------------------|---------|---------|
|   read   |  tmp_4_read_read_fu_70  |    0    |    0    |
|----------|-------------------------|---------|---------|
|   trunc  |   trunc_ln15629_fu_171  |    0    |    0    |
|----------|-------------------------|---------|---------|
|bitconcatenate|       tmp_s_fu_175      |    0    |    0    |
|          |       tmp_1_fu_228      |    0    |    0    |
|----------|-------------------------|---------|---------|
|          |   zext_ln15629_fu_183   |    0    |    0    |
|   zext   |  zext_ln15629_1_fu_193  |    0    |    0    |
|          |   zext_ln15628_fu_198   |    0    |    0    |
|          |   zext_ln15630_fu_234   |    0    |    0    |
|----------|-------------------------|---------|---------|
|   Total  |                         |    0    |   151   |
|----------|-------------------------|---------|---------|

Memories:
N/A

* Register list:
+------------------------+--------+
|                        |   FF   |
+------------------------+--------+
|    Q_h_addr_reg_273    |   16   |
|   add_ln15630_reg_278  |    9   |
|       i17_reg_246      |   11   |
|indvar_flatten45_reg_253|   17   |
|       j15_reg_239      |    7   |
|   tmp_4_read_reg_260   |    9   |
|  trunc_ln15629_reg_268 |   10   |
+------------------------+--------+
|          Total         |   79   |
+------------------------+--------+

* Multiplexer (MUX) list: 
|------------------|------|------|------|--------||---------||---------|
|       Comp       |  Pin | Size |  BW  | S x BW ||  Delay  ||   LUT   |
|------------------|------|------|------|--------||---------||---------|
| grp_access_fu_83 |  p0  |   2  |  16  |   32   ||    9    |
|------------------|------|------|------|--------||---------||---------|
|       Total      |      |      |      |   32   ||  0.387  ||    9    |
|------------------|------|------|------|--------||---------||---------|



* Summary:
+-----------+--------+--------+--------+
|           |  Delay |   FF   |   LUT  |
+-----------+--------+--------+--------+
|  Function |    -   |    0   |   151  |
|   Memory  |    -   |    -   |    -   |
|Multiplexer|    0   |    -   |    9   |
|  Register |    -   |   79   |    -   |
+-----------+--------+--------+--------+
|   Total   |    0   |   79   |   160  |
+-----------+--------+--------+--------+
