

================================================================
== Vitis HLS Report for 'scaled_dot_product_attention'
================================================================
* Date:           Wed Feb  5 22:35:10 2025

* Version:        2023.2 (Build 4023990 on Oct 11 2023)
* Project:        DitBlock
* Solution:       hls (Vivado IP Flow Target)
* Product family: virtexuplusHBM
* Target device:  xcu280-fsvh2892-2L-e


================================================================
== Performance Estimates
================================================================
+ Timing: 
    * Summary: 
    +--------+----------+----------+------------+
    |  Clock |  Target  | Estimated| Uncertainty|
    +--------+----------+----------+------------+
    |ap_clk  |  10.00 ns|  7.069 ns|     2.70 ns|
    +--------+----------+----------+------------+

+ Latency: 
    * Summary: 
    +-----------+-----------+-----------+-----------+-----------+-----------+---------+
    |    Latency (cycles)   |   Latency (absolute)  |        Interval       | Pipeline|
    |    min    |    max    |    min    |    max    |    min    |    max    |   Type  |
    +-----------+-----------+-----------+-----------+-----------+-----------+---------+
    |  240107921|  240107921|  2.401 sec|  2.401 sec|  240107921|  240107921|       no|
    +-----------+-----------+-----------+-----------+-----------+-----------+---------+

    + Detail: 
        * Instance: 
        N/A

        * Loop: 
        +--------------+-----------+-----------+----------+-----------+-----------+------+----------+
        |              |    Latency (cycles)   | Iteration|  Initiation Interval  | Trip |          |
        |   Loop Name  |    min    |    max    |  Latency |  achieved |   target  | Count| Pipelined|
        +--------------+-----------+-----------+----------+-----------+-----------+------+----------+
        |- l_S_h_0_h1  |  240107920|  240107920|  30013490|          -|          -|     8|        no|
        +--------------+-----------+-----------+----------+-----------+-----------+------+----------+

============================================================
+ Verbose Summary: Synthesis Manager
============================================================
InlineROM: 1
ExposeGlobal: 0
============================================================
+ Verbose Summary: CDFG Model
============================================================
IsTopModel: 0
ResetActiveHigh: 1
IsCombinational: 0
IsDatapathOnly: 0
HasWiredReturn: 1
HasMFsm: 0
HasVarLatency: 1
IsPipeline: 0
IsRtlPipelined: 0
IsInstanceOverlapped: 0
IsDontTouch: 0
HasImplIP: 0
IsGatedGlobalClock: 0


============================================================
+ Verbose Summary: Schedule
============================================================
* Number of FSM states : 17
* Pipeline : 0
* Dataflow Pipeline: 0

* FSM state transitions: 
1 --> 2 
2 --> 3 
3 --> 4 
4 --> 5 
5 --> 6 
6 --> 7 
7 --> 8 
8 --> 9 
9 --> 10 
10 --> 11 
11 --> 12 
12 --> 13 
13 --> 14 
14 --> 15 
15 --> 16 
16 --> 17 
17 --> 2 

* FSM state operations: 

State 1 <SV = 0> <Delay = 0.38>
ST_1 : Operation 18 [1/1] (0.00ns)   --->   "%h1 = alloca i32 1" [/home/silvenchen/Desktop/DitBlock/WorkDCT/DitBlock/kernel.cpp:15693]   --->   Operation 18 'alloca' 'h1' <Predicate = true> <Delay = 0.00>
ST_1 : Operation 19 [1/1] (0.00ns)   --->   "%specmemcore_ln0 = specmemcore void @_ssdm_op_SpecMemCore, i32 %v8566, i64 666, i64 24, i64 18446744073709551615"   --->   Operation 19 'specmemcore' 'specmemcore_ln0' <Predicate = true> <Delay = 0.00>
ST_1 : Operation 20 [1/1] (0.00ns)   --->   "%specmemcore_ln0 = specmemcore void @_ssdm_op_SpecMemCore, i32 %v8565, i64 666, i64 24, i64 18446744073709551615"   --->   Operation 20 'specmemcore' 'specmemcore_ln0' <Predicate = true> <Delay = 0.00>
ST_1 : Operation 21 [1/1] (0.00ns)   --->   "%specmemcore_ln0 = specmemcore void @_ssdm_op_SpecMemCore, i32 %v8564, i64 666, i64 24, i64 18446744073709551615"   --->   Operation 21 'specmemcore' 'specmemcore_ln0' <Predicate = true> <Delay = 0.00>
ST_1 : Operation 22 [1/1] (0.00ns)   --->   "%specmemcore_ln0 = specmemcore void @_ssdm_op_SpecMemCore, i32 %v8567, i64 666, i64 24, i64 18446744073709551615"   --->   Operation 22 'specmemcore' 'specmemcore_ln0' <Predicate = true> <Delay = 0.00>
ST_1 : Operation 23 [1/1] (0.00ns)   --->   "%M = alloca i64 1" [/home/silvenchen/Desktop/DitBlock/WorkDCT/DitBlock/kernel.cpp:12687->/home/silvenchen/Desktop/DitBlock/WorkDCT/DitBlock/kernel.cpp:15736]   --->   Operation 23 'alloca' 'M' <Predicate = true> <Delay = 0.00>
ST_1 : Operation 24 [1/1] (0.00ns)   --->   "%S = alloca i64 1" [/home/silvenchen/Desktop/DitBlock/WorkDCT/DitBlock/kernel.cpp:12691->/home/silvenchen/Desktop/DitBlock/WorkDCT/DitBlock/kernel.cpp:15736]   --->   Operation 24 'alloca' 'S' <Predicate = true> <Delay = 0.00>
ST_1 : Operation 25 [1/1] (0.00ns)   --->   "%Q_h = alloca i64 1" [/home/silvenchen/Desktop/DitBlock/WorkDCT/DitBlock/kernel.cpp:15694]   --->   Operation 25 'alloca' 'Q_h' <Predicate = true> <Delay = 0.00>
ST_1 : Operation 26 [1/1] (0.00ns)   --->   "%K_h = alloca i64 1" [/home/silvenchen/Desktop/DitBlock/WorkDCT/DitBlock/kernel.cpp:15695]   --->   Operation 26 'alloca' 'K_h' <Predicate = true> <Delay = 0.00>
ST_1 : Operation 27 [1/1] (0.00ns)   --->   "%V_h = alloca i64 1" [/home/silvenchen/Desktop/DitBlock/WorkDCT/DitBlock/kernel.cpp:15696]   --->   Operation 27 'alloca' 'V_h' <Predicate = true> <Delay = 0.00>
ST_1 : Operation 28 [1/1] (0.00ns)   --->   "%C_h = alloca i64 1" [/home/silvenchen/Desktop/DitBlock/WorkDCT/DitBlock/kernel.cpp:15707]   --->   Operation 28 'alloca' 'C_h' <Predicate = true> <Delay = 0.00>
ST_1 : Operation 29 [1/1] (0.00ns)   --->   "%Y1 = alloca i64 1" [/home/silvenchen/Desktop/DitBlock/WorkDCT/DitBlock/kernel.cpp:15713]   --->   Operation 29 'alloca' 'Y1' <Predicate = true> <Delay = 0.00> <CoreInst = "RAM_2P_URAM">   --->   Core 95 'RAM_2P_URAM' <Latency = 1> <II = 1> <Delay = 2.66> <Storage> <Opcode : 'load' 'store'> <Ports = 2> <Width = 32> <Depth = 1048576> <RAM>
ST_1 : Operation 30 [1/1] (0.00ns)   --->   "%Y_t = alloca i64 1" [/home/silvenchen/Desktop/DitBlock/WorkDCT/DitBlock/kernel.cpp:15722]   --->   Operation 30 'alloca' 'Y_t' <Predicate = true> <Delay = 0.00>
ST_1 : Operation 31 [1/1] (0.00ns)   --->   "%specmemcore_ln15714 = specmemcore void @_ssdm_op_SpecMemCore, i32 %Y1, i64 666, i64 24, i64 18446744073709551615" [/home/silvenchen/Desktop/DitBlock/WorkDCT/DitBlock/kernel.cpp:15714]   --->   Operation 31 'specmemcore' 'specmemcore_ln15714' <Predicate = true> <Delay = 0.00>
ST_1 : Operation 32 [1/1] (0.38ns)   --->   "%store_ln15693 = store i4 0, i4 %h1" [/home/silvenchen/Desktop/DitBlock/WorkDCT/DitBlock/kernel.cpp:15693]   --->   Operation 32 'store' 'store_ln15693' <Predicate = true> <Delay = 0.38>
ST_1 : Operation 33 [1/1] (0.00ns)   --->   "%br_ln15693 = br void %l_mha_split_i15" [/home/silvenchen/Desktop/DitBlock/WorkDCT/DitBlock/kernel.cpp:15693]   --->   Operation 33 'br' 'br_ln15693' <Predicate = true> <Delay = 0.00>

State 2 <SV = 1> <Delay = 1.09>
ST_2 : Operation 34 [1/1] (0.00ns)   --->   "%h1_1 = load i4 %h1"   --->   Operation 34 'load' 'h1_1' <Predicate = true> <Delay = 0.00>
ST_2 : Operation 35 [1/1] (0.70ns)   --->   "%icmp_ln15693 = icmp_eq  i4 %h1_1, i4 8" [/home/silvenchen/Desktop/DitBlock/WorkDCT/DitBlock/kernel.cpp:15693]   --->   Operation 35 'icmp' 'icmp_ln15693' <Predicate = true> <Delay = 0.70> <CoreInst = "Cmp">   --->   Core 9 'Cmp' <Latency = 0> <II = 1> <Delay = 0.70> <FuncUnit> <Opcode : 'icmp'> <InPorts = 2> <OutPorts = 1>
ST_2 : Operation 36 [1/1] (0.70ns)   --->   "%add_ln15693 = add i4 %h1_1, i4 1" [/home/silvenchen/Desktop/DitBlock/WorkDCT/DitBlock/kernel.cpp:15693]   --->   Operation 36 'add' 'add_ln15693' <Predicate = true> <Delay = 0.70> <CoreInst = "Adder">   --->   Core 1 'Adder' <Latency = 0> <II = 1> <Delay = 0.70> <FuncUnit> <Opcode : 'add' 'sub'> <InPorts = 2> <OutPorts = 1>
ST_2 : Operation 37 [1/1] (0.00ns)   --->   "%br_ln15693 = br i1 %icmp_ln15693, void %l_mha_split_i15.split, void %for.end147" [/home/silvenchen/Desktop/DitBlock/WorkDCT/DitBlock/kernel.cpp:15693]   --->   Operation 37 'br' 'br_ln15693' <Predicate = true> <Delay = 0.00>
ST_2 : Operation 38 [1/1] (0.00ns)   --->   "%empty = trunc i4 %h1_1"   --->   Operation 38 'trunc' 'empty' <Predicate = (!icmp_ln15693)> <Delay = 0.00>
ST_2 : Operation 39 [1/1] (0.00ns)   --->   "%tmp_s = bitconcatenate i9 @_ssdm_op_BitConcatenate.i9.i3.i6, i3 %empty, i6 0"   --->   Operation 39 'bitconcatenate' 'tmp_s' <Predicate = (!icmp_ln15693)> <Delay = 0.00>
ST_2 : Operation 40 [2/2] (0.00ns)   --->   "%call_ln0 = call void @scaled_dot_product_attention_Pipeline_l_mha_split_i15_l_j13, i32 %Q_h, i32 %K_h, i32 %V_h, i9 %tmp_s, i32 %v8564, i32 %v8565, i32 %v8566"   --->   Operation 40 'call' 'call_ln0' <Predicate = (!icmp_ln15693)> <Delay = 0.00> <CoreType = "Generic">   --->   Core 0 '' <Latency = 0> <II = 1> <Delay = 1.00> <Generic> <Opcode : >
ST_2 : Operation 41 [2/2] (0.00ns)   --->   "%call_ln0 = call void @scaled_dot_product_attention_Pipeline_VITIS_LOOP_15708_1_VITIS_LOOP_15709_2, i32 %C_h"   --->   Operation 41 'call' 'call_ln0' <Predicate = (!icmp_ln15693)> <Delay = 0.00> <CoreType = "Generic">   --->   Core 0 '' <Latency = 0> <II = 1> <Delay = 1.00> <Generic> <Opcode : >
ST_2 : Operation 42 [2/2] (0.00ns)   --->   "%call_ln0 = call void @scaled_dot_product_attention_Pipeline_VITIS_LOOP_15716_3_VITIS_LOOP_15717_4, i32 %Y1"   --->   Operation 42 'call' 'call_ln0' <Predicate = (!icmp_ln15693)> <Delay = 0.00> <CoreType = "Generic">   --->   Core 0 '' <Latency = 0> <II = 1> <Delay = 1.00> <Generic> <Opcode : >
ST_2 : Operation 43 [2/2] (0.00ns)   --->   "%call_ln0 = call void @scaled_dot_product_attention_Pipeline_VITIS_LOOP_15723_5_VITIS_LOOP_15724_6, i32 %Y_t"   --->   Operation 43 'call' 'call_ln0' <Predicate = (!icmp_ln15693)> <Delay = 0.00> <CoreType = "Generic">   --->   Core 0 '' <Latency = 0> <II = 1> <Delay = 1.00> <Generic> <Opcode : >
ST_2 : Operation 44 [2/2] (0.00ns)   --->   "%call_ln0 = call void @scaled_dot_product_attention_Pipeline_VITIS_LOOP_12688_1, i32 %M"   --->   Operation 44 'call' 'call_ln0' <Predicate = (!icmp_ln15693)> <Delay = 0.00> <CoreType = "Generic">   --->   Core 0 '' <Latency = 0> <II = 1> <Delay = 1.00> <Generic> <Opcode : >
ST_2 : Operation 45 [2/2] (0.00ns)   --->   "%call_ln0 = call void @scaled_dot_product_attention_Pipeline_VITIS_LOOP_12692_2, i32 %S"   --->   Operation 45 'call' 'call_ln0' <Predicate = (!icmp_ln15693)> <Delay = 0.00> <CoreType = "Generic">   --->   Core 0 '' <Latency = 0> <II = 1> <Delay = 1.00> <Generic> <Opcode : >
ST_2 : Operation 46 [1/1] (0.38ns)   --->   "%store_ln15693 = store i4 %add_ln15693, i4 %h1" [/home/silvenchen/Desktop/DitBlock/WorkDCT/DitBlock/kernel.cpp:15693]   --->   Operation 46 'store' 'store_ln15693' <Predicate = (!icmp_ln15693)> <Delay = 0.38>
ST_2 : Operation 47 [1/1] (0.00ns)   --->   "%ret_ln15745 = ret" [/home/silvenchen/Desktop/DitBlock/WorkDCT/DitBlock/kernel.cpp:15745]   --->   Operation 47 'ret' 'ret_ln15745' <Predicate = (icmp_ln15693)> <Delay = 0.00>

State 3 <SV = 2> <Delay = 0.00>
ST_3 : Operation 48 [1/2] (0.00ns)   --->   "%call_ln0 = call void @scaled_dot_product_attention_Pipeline_l_mha_split_i15_l_j13, i32 %Q_h, i32 %K_h, i32 %V_h, i9 %tmp_s, i32 %v8564, i32 %v8565, i32 %v8566"   --->   Operation 48 'call' 'call_ln0' <Predicate = true> <Delay = 0.00> <CoreType = "Generic">   --->   Core 0 '' <Latency = 0> <II = 1> <Delay = 1.00> <Generic> <Opcode : >
ST_3 : Operation 49 [1/2] (0.00ns)   --->   "%call_ln0 = call void @scaled_dot_product_attention_Pipeline_VITIS_LOOP_15708_1_VITIS_LOOP_15709_2, i32 %C_h"   --->   Operation 49 'call' 'call_ln0' <Predicate = true> <Delay = 0.00> <CoreType = "Generic">   --->   Core 0 '' <Latency = 0> <II = 1> <Delay = 1.00> <Generic> <Opcode : >
ST_3 : Operation 50 [1/2] (0.00ns)   --->   "%call_ln0 = call void @scaled_dot_product_attention_Pipeline_VITIS_LOOP_15716_3_VITIS_LOOP_15717_4, i32 %Y1"   --->   Operation 50 'call' 'call_ln0' <Predicate = true> <Delay = 0.00> <CoreType = "Generic">   --->   Core 0 '' <Latency = 0> <II = 1> <Delay = 1.00> <Generic> <Opcode : >
ST_3 : Operation 51 [1/2] (0.00ns)   --->   "%call_ln0 = call void @scaled_dot_product_attention_Pipeline_VITIS_LOOP_15723_5_VITIS_LOOP_15724_6, i32 %Y_t"   --->   Operation 51 'call' 'call_ln0' <Predicate = true> <Delay = 0.00> <CoreType = "Generic">   --->   Core 0 '' <Latency = 0> <II = 1> <Delay = 1.00> <Generic> <Opcode : >
ST_3 : Operation 52 [1/2] (0.00ns)   --->   "%call_ln0 = call void @scaled_dot_product_attention_Pipeline_VITIS_LOOP_12688_1, i32 %M"   --->   Operation 52 'call' 'call_ln0' <Predicate = true> <Delay = 0.00> <CoreType = "Generic">   --->   Core 0 '' <Latency = 0> <II = 1> <Delay = 1.00> <Generic> <Opcode : >
ST_3 : Operation 53 [1/2] (0.00ns)   --->   "%call_ln0 = call void @scaled_dot_product_attention_Pipeline_VITIS_LOOP_12692_2, i32 %S"   --->   Operation 53 'call' 'call_ln0' <Predicate = true> <Delay = 0.00> <CoreType = "Generic">   --->   Core 0 '' <Latency = 0> <II = 1> <Delay = 1.00> <Generic> <Opcode : >

State 4 <SV = 3> <Delay = 0.00>
ST_4 : Operation 54 [2/2] (0.00ns)   --->   "%call_ln15721 = call void @systolic_QKT, i32 %Q_h, i32 %K_h, i32 %Y1" [/home/silvenchen/Desktop/DitBlock/WorkDCT/DitBlock/kernel.cpp:15721]   --->   Operation 54 'call' 'call_ln15721' <Predicate = true> <Delay = 0.00> <CoreType = "Generic">   --->   Core 0 '' <Latency = 0> <II = 1> <Delay = 1.00> <Generic> <Opcode : >

State 5 <SV = 4> <Delay = 0.00>
ST_5 : Operation 55 [1/2] (0.00ns)   --->   "%call_ln15721 = call void @systolic_QKT, i32 %Q_h, i32 %K_h, i32 %Y1" [/home/silvenchen/Desktop/DitBlock/WorkDCT/DitBlock/kernel.cpp:15721]   --->   Operation 55 'call' 'call_ln15721' <Predicate = true> <Delay = 0.00> <CoreType = "Generic">   --->   Core 0 '' <Latency = 0> <II = 1> <Delay = 1.00> <Generic> <Opcode : >

State 6 <SV = 5> <Delay = 0.00>
ST_6 : Operation 56 [2/2] (0.00ns)   --->   "%call_ln0 = call void @scaled_dot_product_attention_Pipeline_l_mha_scale_i16_l_j14, i32 %Y1, i32 %Y_t"   --->   Operation 56 'call' 'call_ln0' <Predicate = true> <Delay = 0.00> <CoreType = "Generic">   --->   Core 0 '' <Latency = 0> <II = 1> <Delay = 1.00> <Generic> <Opcode : >

State 7 <SV = 6> <Delay = 0.00>
ST_7 : Operation 57 [1/2] (0.00ns)   --->   "%call_ln0 = call void @scaled_dot_product_attention_Pipeline_l_mha_scale_i16_l_j14, i32 %Y1, i32 %Y_t"   --->   Operation 57 'call' 'call_ln0' <Predicate = true> <Delay = 0.00> <CoreType = "Generic">   --->   Core 0 '' <Latency = 0> <II = 1> <Delay = 1.00> <Generic> <Opcode : >

State 8 <SV = 7> <Delay = 0.00>
ST_8 : Operation 58 [2/2] (0.00ns)   --->   "%call_ln0 = call void @scaled_dot_product_attention_Pipeline_l_row_max_i12_l_j10, i32 %Y_t, i32 %M"   --->   Operation 58 'call' 'call_ln0' <Predicate = true> <Delay = 0.00> <CoreType = "Generic">   --->   Core 0 '' <Latency = 0> <II = 1> <Delay = 1.00> <Generic> <Opcode : >

State 9 <SV = 8> <Delay = 0.00>
ST_9 : Operation 59 [1/2] (0.00ns)   --->   "%call_ln0 = call void @scaled_dot_product_attention_Pipeline_l_row_max_i12_l_j10, i32 %Y_t, i32 %M"   --->   Operation 59 'call' 'call_ln0' <Predicate = true> <Delay = 0.00> <CoreType = "Generic">   --->   Core 0 '' <Latency = 0> <II = 1> <Delay = 1.00> <Generic> <Opcode : >

State 10 <SV = 9> <Delay = 0.00>
ST_10 : Operation 60 [2/2] (0.00ns)   --->   "%call_ln0 = call void @scaled_dot_product_attention_Pipeline_l_exp_sum_i13_l_j11, i32 %Y_t, i32 %M, i32 %S"   --->   Operation 60 'call' 'call_ln0' <Predicate = true> <Delay = 0.00> <CoreType = "Generic">   --->   Core 0 '' <Latency = 0> <II = 1> <Delay = 1.00> <Generic> <Opcode : >

State 11 <SV = 10> <Delay = 0.00>
ST_11 : Operation 61 [1/2] (0.00ns)   --->   "%call_ln0 = call void @scaled_dot_product_attention_Pipeline_l_exp_sum_i13_l_j11, i32 %Y_t, i32 %M, i32 %S"   --->   Operation 61 'call' 'call_ln0' <Predicate = true> <Delay = 0.00> <CoreType = "Generic">   --->   Core 0 '' <Latency = 0> <II = 1> <Delay = 1.00> <Generic> <Opcode : >

State 12 <SV = 11> <Delay = 0.00>
ST_12 : Operation 62 [2/2] (0.00ns)   --->   "%call_ln0 = call void @scaled_dot_product_attention_Pipeline_l_update_i14_l_j12, i32 %S, i32 %Y_t"   --->   Operation 62 'call' 'call_ln0' <Predicate = true> <Delay = 0.00> <CoreType = "Generic">   --->   Core 0 '' <Latency = 0> <II = 1> <Delay = 1.00> <Generic> <Opcode : >

State 13 <SV = 12> <Delay = 0.00>
ST_13 : Operation 63 [1/2] (0.00ns)   --->   "%call_ln0 = call void @scaled_dot_product_attention_Pipeline_l_update_i14_l_j12, i32 %S, i32 %Y_t"   --->   Operation 63 'call' 'call_ln0' <Predicate = true> <Delay = 0.00> <CoreType = "Generic">   --->   Core 0 '' <Latency = 0> <II = 1> <Delay = 1.00> <Generic> <Opcode : >

State 14 <SV = 13> <Delay = 0.00>
ST_14 : Operation 64 [2/2] (0.00ns)   --->   "%call_ln15737 = call void @systolic_YV, i32 %Y_t, i32 %V_h, i32 %C_h" [/home/silvenchen/Desktop/DitBlock/WorkDCT/DitBlock/kernel.cpp:15737]   --->   Operation 64 'call' 'call_ln15737' <Predicate = true> <Delay = 0.00> <CoreType = "Generic">   --->   Core 0 '' <Latency = 0> <II = 1> <Delay = 1.00> <Generic> <Opcode : >

State 15 <SV = 14> <Delay = 0.00>
ST_15 : Operation 65 [1/2] (0.00ns)   --->   "%call_ln15737 = call void @systolic_YV, i32 %Y_t, i32 %V_h, i32 %C_h" [/home/silvenchen/Desktop/DitBlock/WorkDCT/DitBlock/kernel.cpp:15737]   --->   Operation 65 'call' 'call_ln15737' <Predicate = true> <Delay = 0.00> <CoreType = "Generic">   --->   Core 0 '' <Latency = 0> <II = 1> <Delay = 1.00> <Generic> <Opcode : >

State 16 <SV = 15> <Delay = 0.00>
ST_16 : Operation 66 [2/2] (0.00ns)   --->   "%call_ln0 = call void @scaled_dot_product_attention_Pipeline_l_mha_merge_i17_l_j15, i32 %C_h, i9 %tmp_s, i32 %v8567"   --->   Operation 66 'call' 'call_ln0' <Predicate = true> <Delay = 0.00> <CoreType = "Generic">   --->   Core 0 '' <Latency = 0> <II = 1> <Delay = 1.00> <Generic> <Opcode : >

State 17 <SV = 16> <Delay = 0.00>
ST_17 : Operation 67 [1/1] (0.00ns)   --->   "%speclooptripcount_ln15694 = speclooptripcount void @_ssdm_op_SpecLoopTripCount, i64 8, i64 8, i64 8" [/home/silvenchen/Desktop/DitBlock/WorkDCT/DitBlock/kernel.cpp:15694]   --->   Operation 67 'speclooptripcount' 'speclooptripcount_ln15694' <Predicate = true> <Delay = 0.00>
ST_17 : Operation 68 [1/1] (0.00ns)   --->   "%specloopname_ln15693 = specloopname void @_ssdm_op_SpecLoopName, void @empty_201" [/home/silvenchen/Desktop/DitBlock/WorkDCT/DitBlock/kernel.cpp:15693]   --->   Operation 68 'specloopname' 'specloopname_ln15693' <Predicate = true> <Delay = 0.00>
ST_17 : Operation 69 [1/2] (0.00ns)   --->   "%call_ln0 = call void @scaled_dot_product_attention_Pipeline_l_mha_merge_i17_l_j15, i32 %C_h, i9 %tmp_s, i32 %v8567"   --->   Operation 69 'call' 'call_ln0' <Predicate = true> <Delay = 0.00> <CoreType = "Generic">   --->   Core 0 '' <Latency = 0> <II = 1> <Delay = 1.00> <Generic> <Opcode : >
ST_17 : Operation 70 [1/1] (0.00ns)   --->   "%br_ln15693 = br void %l_mha_split_i15" [/home/silvenchen/Desktop/DitBlock/WorkDCT/DitBlock/kernel.cpp:15693]   --->   Operation 70 'br' 'br_ln15693' <Predicate = true> <Delay = 0.00>


============================================================
+ Verbose Summary: Timing violations
============================================================
Target clock period: 10.000ns, clock uncertainty: 2.700ns.

 <State 1>: 0.387ns
The critical path consists of the following:
	'alloca' operation 4 bit ('h1', /home/silvenchen/Desktop/DitBlock/WorkDCT/DitBlock/kernel.cpp:15693) [5]  (0.000 ns)
	'store' operation 0 bit ('store_ln15693', /home/silvenchen/Desktop/DitBlock/WorkDCT/DitBlock/kernel.cpp:15693) of constant 0 on local variable 'h1', /home/silvenchen/Desktop/DitBlock/WorkDCT/DitBlock/kernel.cpp:15693 [19]  (0.387 ns)

 <State 2>: 1.095ns
The critical path consists of the following:
	'load' operation 4 bit ('h1') on local variable 'h1', /home/silvenchen/Desktop/DitBlock/WorkDCT/DitBlock/kernel.cpp:15693 [22]  (0.000 ns)
	'icmp' operation 1 bit ('icmp_ln15693', /home/silvenchen/Desktop/DitBlock/WorkDCT/DitBlock/kernel.cpp:15693) [23]  (0.708 ns)
	'store' operation 0 bit ('store_ln15693', /home/silvenchen/Desktop/DitBlock/WorkDCT/DitBlock/kernel.cpp:15693) of variable 'add_ln15693', /home/silvenchen/Desktop/DitBlock/WorkDCT/DitBlock/kernel.cpp:15693 on local variable 'h1', /home/silvenchen/Desktop/DitBlock/WorkDCT/DitBlock/kernel.cpp:15693 [44]  (0.387 ns)

 <State 3>: 0.000ns
The critical path consists of the following:

 <State 4>: 0.000ns
The critical path consists of the following:

 <State 5>: 0.000ns
The critical path consists of the following:

 <State 6>: 0.000ns
The critical path consists of the following:

 <State 7>: 0.000ns
The critical path consists of the following:

 <State 8>: 0.000ns
The critical path consists of the following:

 <State 9>: 0.000ns
The critical path consists of the following:

 <State 10>: 0.000ns
The critical path consists of the following:

 <State 11>: 0.000ns
The critical path consists of the following:

 <State 12>: 0.000ns
The critical path consists of the following:

 <State 13>: 0.000ns
The critical path consists of the following:

 <State 14>: 0.000ns
The critical path consists of the following:

 <State 15>: 0.000ns
The critical path consists of the following:

 <State 16>: 0.000ns
The critical path consists of the following:

 <State 17>: 0.000ns
The critical path consists of the following:


============================================================
+ Verbose Summary: Binding
============================================================
N/A
* FSMD analyzer results:
  - Output states:
 - Input state : 
  - Chain level:
	State 1
	State 2
	State 3
	State 4
	State 5
	State 6
	State 7
	State 8
	State 9
	State 10
	State 11
	State 12
	State 13
	State 14
	State 15
	State 16
	State 17


============================================================
+ Verbose Summary: Datapath Resource usage 
============================================================
N/A
