

================================================================
== Vitis HLS Report for 'scaled_dot_product_attention_Pipeline_VITIS_LOOP_15716_3_VITIS_LOOP_15717_4'
================================================================
* Date:           Wed Feb  5 22:34:19 2025

* Version:        2023.2 (Build 4023990 on Oct 11 2023)
* Project:        DitBlock
* Solution:       hls (Vivado IP Flow Target)
* Product family: virtexuplusHBM
* Target device:  xcu280-fsvh2892-2L-e


================================================================
== Performance Estimates
================================================================
+ Timing: 
    * Summary: 
    +--------+----------+----------+------------+
    |  Clock |  Target  | Estimated| Uncertainty|
    +--------+----------+----------+------------+
    |ap_clk  |  10.00 ns|  4.509 ns|     2.70 ns|
    +--------+----------+----------+------------+

+ Latency: 
    * Summary: 
    +---------+---------+-----------+-----------+---------+---------+---------+
    |  Latency (cycles) |   Latency (absolute)  |      Interval     | Pipeline|
    |   min   |   max   |    min    |    max    |   min   |   max   |   Type  |
    +---------+---------+-----------+-----------+---------+---------+---------+
    |  1048578|  1048578|  10.486 ms|  10.486 ms|  1048578|  1048578|       no|
    +---------+---------+-----------+-----------+---------+---------+---------+

    + Detail: 
        * Instance: 
        N/A

        * Loop: 
        +-----------------------------------------+---------+---------+----------+-----------+-----------+---------+----------+
        |                                         |  Latency (cycles) | Iteration|  Initiation Interval  |   Trip  |          |
        |                Loop Name                |   min   |   max   |  Latency |  achieved |   target  |  Count  | Pipelined|
        +-----------------------------------------+---------+---------+----------+-----------+-----------+---------+----------+
        |- VITIS_LOOP_15716_3_VITIS_LOOP_15717_4  |  1048576|  1048576|         1|          1|          1|  1048576|       yes|
        +-----------------------------------------+---------+---------+----------+-----------+-----------+---------+----------+

============================================================
+ Verbose Summary: Synthesis Manager
============================================================
InlineROM: 1
ExposeGlobal: 0
============================================================
+ Verbose Summary: CDFG Model
============================================================
IsTopModel: 0
ResetActiveHigh: 1
IsCombinational: 0
IsDatapathOnly: 0
HasWiredReturn: 1
HasMFsm: 2
HasVarLatency: 1
IsPipeline: 0
IsRtlPipelined: 0
IsInstanceOverlapped: 0
IsDontTouch: 0
HasImplIP: 0
IsGatedGlobalClock: 0

+ Individual pipeline summary: 
  * Pipeline-0: initiation interval (II) = 1, depth = 2


============================================================
+ Verbose Summary: Schedule
============================================================
* Number of FSM states : 2
* Pipeline : 1
  Pipeline-0 : II = 1, D = 2, States = { 1 2 }
* Dataflow Pipeline: 0

* FSM state transitions: 
1 --> 2 
2 --> 

* FSM state operations: 

State 1 <SV = 0> <Delay = 0.38>
ST_1 : Operation 4 [1/1] (0.00ns)   --->   "%v8582 = alloca i32 1" [/home/silvenchen/Desktop/DitBlock/WorkDCT/DitBlock/kernel.cpp:15717]   --->   Operation 4 'alloca' 'v8582' <Predicate = true> <Delay = 0.00>
ST_1 : Operation 5 [1/1] (0.00ns)   --->   "%v8581 = alloca i32 1" [/home/silvenchen/Desktop/DitBlock/WorkDCT/DitBlock/kernel.cpp:15716]   --->   Operation 5 'alloca' 'v8581' <Predicate = true> <Delay = 0.00>
ST_1 : Operation 6 [1/1] (0.00ns)   --->   "%indvar_flatten17 = alloca i32 1"   --->   Operation 6 'alloca' 'indvar_flatten17' <Predicate = true> <Delay = 0.00>
ST_1 : Operation 7 [1/1] (0.00ns)   --->   "%specmemcore_ln0 = specmemcore void @_ssdm_op_SpecMemCore, i32 %Y1, i64 666, i64 24, i64 18446744073709551615"   --->   Operation 7 'specmemcore' 'specmemcore_ln0' <Predicate = true> <Delay = 0.00>
ST_1 : Operation 8 [1/1] (0.38ns)   --->   "%store_ln0 = store i21 0, i21 %indvar_flatten17"   --->   Operation 8 'store' 'store_ln0' <Predicate = true> <Delay = 0.38>
ST_1 : Operation 9 [1/1] (0.38ns)   --->   "%store_ln15716 = store i11 0, i11 %v8581" [/home/silvenchen/Desktop/DitBlock/WorkDCT/DitBlock/kernel.cpp:15716]   --->   Operation 9 'store' 'store_ln15716' <Predicate = true> <Delay = 0.38>
ST_1 : Operation 10 [1/1] (0.38ns)   --->   "%store_ln15717 = store i11 0, i11 %v8582" [/home/silvenchen/Desktop/DitBlock/WorkDCT/DitBlock/kernel.cpp:15717]   --->   Operation 10 'store' 'store_ln15717' <Predicate = true> <Delay = 0.38>
ST_1 : Operation 11 [1/1] (0.00ns)   --->   "%br_ln0 = br void %for.inc68"   --->   Operation 11 'br' 'br_ln0' <Predicate = true> <Delay = 0.00>

State 2 <SV = 1> <Delay = 4.50>
ST_2 : Operation 12 [1/1] (0.00ns)   --->   "%indvar_flatten17_load = load i21 %indvar_flatten17" [/home/silvenchen/Desktop/DitBlock/WorkDCT/DitBlock/kernel.cpp:15716]   --->   Operation 12 'load' 'indvar_flatten17_load' <Predicate = true> <Delay = 0.00>
ST_2 : Operation 13 [1/1] (0.81ns)   --->   "%icmp_ln15716 = icmp_eq  i21 %indvar_flatten17_load, i21 1048576" [/home/silvenchen/Desktop/DitBlock/WorkDCT/DitBlock/kernel.cpp:15716]   --->   Operation 13 'icmp' 'icmp_ln15716' <Predicate = true> <Delay = 0.81> <CoreInst = "Cmp">   --->   Core 9 'Cmp' <Latency = 0> <II = 1> <Delay = 0.81> <FuncUnit> <Opcode : 'icmp'> <InPorts = 2> <OutPorts = 1>
ST_2 : Operation 14 [1/1] (0.81ns)   --->   "%add_ln15716_1 = add i21 %indvar_flatten17_load, i21 1" [/home/silvenchen/Desktop/DitBlock/WorkDCT/DitBlock/kernel.cpp:15716]   --->   Operation 14 'add' 'add_ln15716_1' <Predicate = true> <Delay = 0.81> <CoreInst = "Adder">   --->   Core 1 'Adder' <Latency = 0> <II = 1> <Delay = 0.81> <FuncUnit> <Opcode : 'add' 'sub'> <InPorts = 2> <OutPorts = 1>
ST_2 : Operation 15 [1/1] (0.00ns)   --->   "%br_ln15716 = br i1 %icmp_ln15716, void %for.inc71, void %VITIS_LOOP_15723_5.exitStub" [/home/silvenchen/Desktop/DitBlock/WorkDCT/DitBlock/kernel.cpp:15716]   --->   Operation 15 'br' 'br_ln15716' <Predicate = true> <Delay = 0.00>
ST_2 : Operation 16 [1/1] (0.00ns)   --->   "%v8582_load = load i11 %v8582" [/home/silvenchen/Desktop/DitBlock/WorkDCT/DitBlock/kernel.cpp:15717]   --->   Operation 16 'load' 'v8582_load' <Predicate = (!icmp_ln15716)> <Delay = 0.00>
ST_2 : Operation 17 [1/1] (0.00ns)   --->   "%v8581_load = load i11 %v8581" [/home/silvenchen/Desktop/DitBlock/WorkDCT/DitBlock/kernel.cpp:15716]   --->   Operation 17 'load' 'v8581_load' <Predicate = (!icmp_ln15716)> <Delay = 0.00>
ST_2 : Operation 18 [1/1] (0.73ns)   --->   "%add_ln15716 = add i11 %v8581_load, i11 1" [/home/silvenchen/Desktop/DitBlock/WorkDCT/DitBlock/kernel.cpp:15716]   --->   Operation 18 'add' 'add_ln15716' <Predicate = (!icmp_ln15716)> <Delay = 0.73> <CoreInst = "Adder">   --->   Core 1 'Adder' <Latency = 0> <II = 1> <Delay = 0.73> <FuncUnit> <Opcode : 'add' 'sub'> <InPorts = 2> <OutPorts = 1>
ST_2 : Operation 19 [1/1] (0.00ns)   --->   "%specloopname_ln0 = specloopname void @_ssdm_op_SpecLoopName, void @VITIS_LOOP_15716_3_VITIS_LOOP_15717_4_str"   --->   Operation 19 'specloopname' 'specloopname_ln0' <Predicate = (!icmp_ln15716)> <Delay = 0.00>
ST_2 : Operation 20 [1/1] (0.00ns)   --->   "%speclooptripcount_ln0 = speclooptripcount void @_ssdm_op_SpecLoopTripCount, i64 1048576, i64 1048576, i64 1048576"   --->   Operation 20 'speclooptripcount' 'speclooptripcount_ln0' <Predicate = (!icmp_ln15716)> <Delay = 0.00>
ST_2 : Operation 21 [1/1] (0.73ns)   --->   "%icmp_ln15717 = icmp_eq  i11 %v8582_load, i11 1024" [/home/silvenchen/Desktop/DitBlock/WorkDCT/DitBlock/kernel.cpp:15717]   --->   Operation 21 'icmp' 'icmp_ln15717' <Predicate = (!icmp_ln15716)> <Delay = 0.73> <CoreInst = "Cmp">   --->   Core 9 'Cmp' <Latency = 0> <II = 1> <Delay = 0.73> <FuncUnit> <Opcode : 'icmp'> <InPorts = 2> <OutPorts = 1>
ST_2 : Operation 22 [1/1] (0.30ns)   --->   "%select_ln15716 = select i1 %icmp_ln15717, i11 0, i11 %v8582_load" [/home/silvenchen/Desktop/DitBlock/WorkDCT/DitBlock/kernel.cpp:15716]   --->   Operation 22 'select' 'select_ln15716' <Predicate = (!icmp_ln15716)> <Delay = 0.30> <CoreInst = "Sel">   --->   Core 73 'Sel' <Latency = 0> <II = 1> <Delay = 0.30> <FuncUnit> <Opcode : 'select'> <InPorts = 3> <OutPorts = 1>
ST_2 : Operation 23 [1/1] (0.30ns)   --->   "%select_ln15716_1 = select i1 %icmp_ln15717, i11 %add_ln15716, i11 %v8581_load" [/home/silvenchen/Desktop/DitBlock/WorkDCT/DitBlock/kernel.cpp:15716]   --->   Operation 23 'select' 'select_ln15716_1' <Predicate = (!icmp_ln15716)> <Delay = 0.30> <CoreInst = "Sel">   --->   Core 73 'Sel' <Latency = 0> <II = 1> <Delay = 0.30> <FuncUnit> <Opcode : 'select'> <InPorts = 3> <OutPorts = 1>
ST_2 : Operation 24 [1/1] (0.00ns)   --->   "%trunc_ln15718 = trunc i11 %select_ln15716_1" [/home/silvenchen/Desktop/DitBlock/WorkDCT/DitBlock/kernel.cpp:15718]   --->   Operation 24 'trunc' 'trunc_ln15718' <Predicate = (!icmp_ln15716)> <Delay = 0.00>
ST_2 : Operation 25 [1/1] (0.00ns)   --->   "%tmp_s = bitconcatenate i20 @_ssdm_op_BitConcatenate.i20.i10.i10, i10 %trunc_ln15718, i10 0" [/home/silvenchen/Desktop/DitBlock/WorkDCT/DitBlock/kernel.cpp:15718]   --->   Operation 25 'bitconcatenate' 'tmp_s' <Predicate = (!icmp_ln15716)> <Delay = 0.00>
ST_2 : Operation 26 [1/1] (0.00ns)   --->   "%zext_ln15718 = zext i11 %select_ln15716" [/home/silvenchen/Desktop/DitBlock/WorkDCT/DitBlock/kernel.cpp:15718]   --->   Operation 26 'zext' 'zext_ln15718' <Predicate = (!icmp_ln15716)> <Delay = 0.00>
ST_2 : Operation 27 [1/1] (0.80ns)   --->   "%add_ln15718 = add i20 %tmp_s, i20 %zext_ln15718" [/home/silvenchen/Desktop/DitBlock/WorkDCT/DitBlock/kernel.cpp:15718]   --->   Operation 27 'add' 'add_ln15718' <Predicate = (!icmp_ln15716)> <Delay = 0.80> <CoreInst = "Adder">   --->   Core 1 'Adder' <Latency = 0> <II = 1> <Delay = 0.80> <FuncUnit> <Opcode : 'add' 'sub'> <InPorts = 2> <OutPorts = 1>
ST_2 : Operation 28 [1/1] (0.00ns)   --->   "%zext_ln15718_1 = zext i20 %add_ln15718" [/home/silvenchen/Desktop/DitBlock/WorkDCT/DitBlock/kernel.cpp:15718]   --->   Operation 28 'zext' 'zext_ln15718_1' <Predicate = (!icmp_ln15716)> <Delay = 0.00>
ST_2 : Operation 29 [1/1] (0.00ns)   --->   "%Y1_addr = getelementptr i32 %Y1, i64 0, i64 %zext_ln15718_1" [/home/silvenchen/Desktop/DitBlock/WorkDCT/DitBlock/kernel.cpp:15718]   --->   Operation 29 'getelementptr' 'Y1_addr' <Predicate = (!icmp_ln15716)> <Delay = 0.00>
ST_2 : Operation 30 [1/1] (0.00ns)   --->   "%specpipeline_ln15717 = specpipeline void @_ssdm_op_SpecPipeline, i32 4294967295, i32 0, i32 0, i32 0, void @empty_219" [/home/silvenchen/Desktop/DitBlock/WorkDCT/DitBlock/kernel.cpp:15717]   --->   Operation 30 'specpipeline' 'specpipeline_ln15717' <Predicate = (!icmp_ln15716)> <Delay = 0.00>
ST_2 : Operation 31 [1/1] (2.66ns)   --->   "%store_ln15718 = store i32 0, i20 %Y1_addr" [/home/silvenchen/Desktop/DitBlock/WorkDCT/DitBlock/kernel.cpp:15718]   --->   Operation 31 'store' 'store_ln15718' <Predicate = (!icmp_ln15716)> <Delay = 2.66> <CoreInst = "RAM_2P_URAM">   --->   Core 95 'RAM_2P_URAM' <Latency = 1> <II = 1> <Delay = 2.66> <Storage> <Opcode : 'load' 'store'> <Ports = 2> <Width = 32> <Depth = 1048576> <RAM>
ST_2 : Operation 32 [1/1] (0.73ns)   --->   "%add_ln15717 = add i11 %select_ln15716, i11 1" [/home/silvenchen/Desktop/DitBlock/WorkDCT/DitBlock/kernel.cpp:15717]   --->   Operation 32 'add' 'add_ln15717' <Predicate = (!icmp_ln15716)> <Delay = 0.73> <CoreInst = "Adder">   --->   Core 1 'Adder' <Latency = 0> <II = 1> <Delay = 0.73> <FuncUnit> <Opcode : 'add' 'sub'> <InPorts = 2> <OutPorts = 1>
ST_2 : Operation 33 [1/1] (0.38ns)   --->   "%store_ln15716 = store i21 %add_ln15716_1, i21 %indvar_flatten17" [/home/silvenchen/Desktop/DitBlock/WorkDCT/DitBlock/kernel.cpp:15716]   --->   Operation 33 'store' 'store_ln15716' <Predicate = (!icmp_ln15716)> <Delay = 0.38>
ST_2 : Operation 34 [1/1] (0.38ns)   --->   "%store_ln15716 = store i11 %select_ln15716_1, i11 %v8581" [/home/silvenchen/Desktop/DitBlock/WorkDCT/DitBlock/kernel.cpp:15716]   --->   Operation 34 'store' 'store_ln15716' <Predicate = (!icmp_ln15716)> <Delay = 0.38>
ST_2 : Operation 35 [1/1] (0.38ns)   --->   "%store_ln15717 = store i11 %add_ln15717, i11 %v8582" [/home/silvenchen/Desktop/DitBlock/WorkDCT/DitBlock/kernel.cpp:15717]   --->   Operation 35 'store' 'store_ln15717' <Predicate = (!icmp_ln15716)> <Delay = 0.38>
ST_2 : Operation 36 [1/1] (0.00ns)   --->   "%br_ln15717 = br void %for.inc68" [/home/silvenchen/Desktop/DitBlock/WorkDCT/DitBlock/kernel.cpp:15717]   --->   Operation 36 'br' 'br_ln15717' <Predicate = (!icmp_ln15716)> <Delay = 0.00>
ST_2 : Operation 37 [1/1] (0.00ns)   --->   "%ret_ln0 = ret"   --->   Operation 37 'ret' 'ret_ln0' <Predicate = (icmp_ln15716)> <Delay = 0.00>


============================================================
+ Verbose Summary: Binding
============================================================
STG Binding: 
---------------- STG Properties BEGIN ----------------
- Is combinational: 0
- Is one-state seq: 0
- Is datapath-only: 0
- Is pipelined: 0
- Is top level: 0
Port [ Return ] is wired: 1; IO mode=ap_ctrl_hs:ce=0
Port [ Y1]:  wired=1; compound=1; hidden=0; nouse=0; global=0; static=0; extern=0; dir=1; type=1; pingpong=0; private_global=0; MemPort=[30]; IO mode=ap_memory:ce=0
---------------- STG Properties END ------------------

---------------- Datapath Model BEGIN ----------------

<LifeTime>
<method=bitvector/>
v8582                 (alloca           ) [ 011]
v8581                 (alloca           ) [ 011]
indvar_flatten17      (alloca           ) [ 011]
specmemcore_ln0       (specmemcore      ) [ 000]
store_ln0             (store            ) [ 000]
store_ln15716         (store            ) [ 000]
store_ln15717         (store            ) [ 000]
br_ln0                (br               ) [ 000]
indvar_flatten17_load (load             ) [ 000]
icmp_ln15716          (icmp             ) [ 011]
add_ln15716_1         (add              ) [ 000]
br_ln15716            (br               ) [ 000]
v8582_load            (load             ) [ 000]
v8581_load            (load             ) [ 000]
add_ln15716           (add              ) [ 000]
specloopname_ln0      (specloopname     ) [ 000]
speclooptripcount_ln0 (speclooptripcount) [ 000]
icmp_ln15717          (icmp             ) [ 000]
select_ln15716        (select           ) [ 000]
select_ln15716_1      (select           ) [ 000]
trunc_ln15718         (trunc            ) [ 000]
tmp_s                 (bitconcatenate   ) [ 000]
zext_ln15718          (zext             ) [ 000]
add_ln15718           (add              ) [ 000]
zext_ln15718_1        (zext             ) [ 000]
Y1_addr               (getelementptr    ) [ 000]
specpipeline_ln15717  (specpipeline     ) [ 000]
store_ln15718         (store            ) [ 000]
add_ln15717           (add              ) [ 000]
store_ln15716         (store            ) [ 000]
store_ln15716         (store            ) [ 000]
store_ln15717         (store            ) [ 000]
br_ln15717            (br               ) [ 000]
ret_ln0               (ret              ) [ 000]
</LifeTime>

<model>

<comp_list>
<comp id="0" class="1000" name="Y1">
<pin_list>
<pin id="1" dir="1" index="0" bw="1" slack="0"/>
</pin_list>
<bind>
<StgValue><ssdm name="Y1"/><MemPortTyVec>3 0 </MemPortTyVec>
</StgValue>
</bind>
</comp>

<comp id="2" class="1001" name="const_2">
<pin_list>
<pin id="3" dir="1" index="0" bw="1" slack="0"/>
</pin_list>
<bind>
<StgValue><ssdm name=""/></StgValue>
</bind>
</comp>

<comp id="4" class="1001" name="const_4">
<pin_list>
<pin id="5" dir="1" index="0" bw="1" slack="2147483647"/>
</pin_list>
<bind>
<StgValue><ssdm name="_ssdm_op_SpecMemCore"/></StgValue>
</bind>
</comp>

<comp id="6" class="1001" name="const_6">
<pin_list>
<pin id="7" dir="1" index="0" bw="1" slack="2147483647"/>
</pin_list>
<bind>
<StgValue><ssdm name=""/></StgValue>
</bind>
</comp>

<comp id="8" class="1001" name="const_8">
<pin_list>
<pin id="9" dir="1" index="0" bw="1" slack="2147483647"/>
</pin_list>
<bind>
<StgValue><ssdm name=""/></StgValue>
</bind>
</comp>

<comp id="10" class="1001" name="const_10">
<pin_list>
<pin id="11" dir="1" index="0" bw="1" slack="2147483647"/>
</pin_list>
<bind>
<StgValue><ssdm name=""/></StgValue>
</bind>
</comp>

<comp id="12" class="1001" name="const_12">
<pin_list>
<pin id="13" dir="1" index="0" bw="1" slack="0"/>
</pin_list>
<bind>
<StgValue><ssdm name=""/></StgValue>
</bind>
</comp>

<comp id="14" class="1001" name="const_14">
<pin_list>
<pin id="15" dir="1" index="0" bw="1" slack="0"/>
</pin_list>
<bind>
<StgValue><ssdm name=""/></StgValue>
</bind>
</comp>

<comp id="16" class="1001" name="const_16">
<pin_list>
<pin id="17" dir="1" index="0" bw="1" slack="0"/>
</pin_list>
<bind>
<StgValue><ssdm name=""/></StgValue>
</bind>
</comp>

<comp id="18" class="1001" name="const_18">
<pin_list>
<pin id="19" dir="1" index="0" bw="1" slack="0"/>
</pin_list>
<bind>
<StgValue><ssdm name=""/></StgValue>
</bind>
</comp>

<comp id="20" class="1001" name="const_20">
<pin_list>
<pin id="21" dir="1" index="0" bw="1" slack="0"/>
</pin_list>
<bind>
<StgValue><ssdm name=""/></StgValue>
</bind>
</comp>

<comp id="22" class="1001" name="const_22">
<pin_list>
<pin id="23" dir="1" index="0" bw="1" slack="2147483647"/>
</pin_list>
<bind>
<StgValue><ssdm name="_ssdm_op_SpecLoopName"/></StgValue>
</bind>
</comp>

<comp id="24" class="1001" name="const_24">
<pin_list>
<pin id="25" dir="1" index="0" bw="1" slack="2147483647"/>
</pin_list>
<bind>
<StgValue><ssdm name="VITIS_LOOP_15716_3_VITIS_LOOP_15717_4_str"/></StgValue>
</bind>
</comp>

<comp id="26" class="1001" name="const_26">
<pin_list>
<pin id="27" dir="1" index="0" bw="1" slack="2147483647"/>
</pin_list>
<bind>
<StgValue><ssdm name="_ssdm_op_SpecLoopTripCount"/></StgValue>
</bind>
</comp>

<comp id="28" class="1001" name="const_28">
<pin_list>
<pin id="29" dir="1" index="0" bw="1" slack="2147483647"/>
</pin_list>
<bind>
<StgValue><ssdm name=""/></StgValue>
</bind>
</comp>

<comp id="30" class="1001" name="const_30">
<pin_list>
<pin id="31" dir="1" index="0" bw="1" slack="0"/>
</pin_list>
<bind>
<StgValue><ssdm name=""/></StgValue>
</bind>
</comp>

<comp id="32" class="1001" name="const_32">
<pin_list>
<pin id="33" dir="1" index="0" bw="1" slack="0"/>
</pin_list>
<bind>
<StgValue><ssdm name="_ssdm_op_BitConcatenate.i20.i10.i10"/></StgValue>
</bind>
</comp>

<comp id="34" class="1001" name="const_34">
<pin_list>
<pin id="35" dir="1" index="0" bw="1" slack="0"/>
</pin_list>
<bind>
<StgValue><ssdm name=""/></StgValue>
</bind>
</comp>

<comp id="36" class="1001" name="const_36">
<pin_list>
<pin id="37" dir="1" index="0" bw="1" slack="0"/>
</pin_list>
<bind>
<StgValue><ssdm name=""/></StgValue>
</bind>
</comp>

<comp id="38" class="1001" name="const_38">
<pin_list>
<pin id="39" dir="1" index="0" bw="1" slack="2147483647"/>
</pin_list>
<bind>
<StgValue><ssdm name="_ssdm_op_SpecPipeline"/></StgValue>
</bind>
</comp>

<comp id="40" class="1001" name="const_40">
<pin_list>
<pin id="41" dir="1" index="0" bw="1" slack="2147483647"/>
</pin_list>
<bind>
<StgValue><ssdm name=""/></StgValue>
</bind>
</comp>

<comp id="42" class="1001" name="const_42">
<pin_list>
<pin id="43" dir="1" index="0" bw="1" slack="2147483647"/>
</pin_list>
<bind>
<StgValue><ssdm name=""/></StgValue>
</bind>
</comp>

<comp id="44" class="1001" name="const_44">
<pin_list>
<pin id="45" dir="1" index="0" bw="1" slack="2147483647"/>
</pin_list>
<bind>
<StgValue><ssdm name="empty_219"/></StgValue>
</bind>
</comp>

<comp id="46" class="1001" name="const_46">
<pin_list>
<pin id="47" dir="1" index="0" bw="1" slack="0"/>
</pin_list>
<bind>
<StgValue><ssdm name=""/></StgValue>
</bind>
</comp>

<comp id="48" class="1004" name="v8582_fu_48">
<pin_list>
<pin id="49" dir="0" index="0" bw="1" slack="0"/>
<pin id="50" dir="1" index="1" bw="11" slack="0"/>
</pin_list>
<bind>
<opcode="alloca(26) " fcode="alloca"/>
<opset="v8582/1 "/>
</bind>
</comp>

<comp id="52" class="1004" name="v8581_fu_52">
<pin_list>
<pin id="53" dir="0" index="0" bw="1" slack="0"/>
<pin id="54" dir="1" index="1" bw="11" slack="0"/>
</pin_list>
<bind>
<opcode="alloca(26) " fcode="alloca"/>
<opset="v8581/1 "/>
</bind>
</comp>

<comp id="56" class="1004" name="indvar_flatten17_fu_56">
<pin_list>
<pin id="57" dir="0" index="0" bw="1" slack="0"/>
<pin id="58" dir="1" index="1" bw="21" slack="0"/>
</pin_list>
<bind>
<opcode="alloca(26) " fcode="alloca"/>
<opset="indvar_flatten17/1 "/>
</bind>
</comp>

<comp id="60" class="1004" name="Y1_addr_gep_fu_60">
<pin_list>
<pin id="61" dir="0" index="0" bw="32" slack="0"/>
<pin id="62" dir="0" index="1" bw="1" slack="0"/>
<pin id="63" dir="0" index="2" bw="20" slack="0"/>
<pin id="64" dir="1" index="3" bw="20" slack="0"/>
</pin_list>
<bind>
<opcode="getelementptr(29) " fcode="getelementptr"/>
<opset="Y1_addr/2 "/>
</bind>
</comp>

<comp id="67" class="1004" name="store_ln15718_access_fu_67">
<pin_list>
<pin id="68" dir="0" index="0" bw="20" slack="2147483647"/>
<pin id="69" dir="0" index="1" bw="32" slack="2147483647"/>
<pin id="70" dir="0" index="2" bw="0" slack="0"/>
<pin id="72" dir="0" index="4" bw="20" slack="0"/>
<pin id="73" dir="0" index="5" bw="32" slack="2147483647"/>
<pin id="74" dir="0" index="6" bw="0" slack="2147483647"/>
<pin id="71" dir="1" index="3" bw="32" slack="2147483647"/>
<pin id="75" dir="1" index="7" bw="32" slack="2147483647"/>
</pin_list>
<bind>
<opcode="store(28) " fcode="store"/>
<opset="store_ln15718/2 "/>
</bind>
</comp>

<comp id="78" class="1004" name="store_ln0_store_fu_78">
<pin_list>
<pin id="79" dir="0" index="0" bw="1" slack="0"/>
<pin id="80" dir="0" index="1" bw="21" slack="0"/>
<pin id="81" dir="1" index="2" bw="0" slack="2147483647"/>
</pin_list>
<bind>
<opcode="store(28) " fcode="store"/>
<opset="store_ln0/1 "/>
</bind>
</comp>

<comp id="83" class="1004" name="store_ln15716_store_fu_83">
<pin_list>
<pin id="84" dir="0" index="0" bw="1" slack="0"/>
<pin id="85" dir="0" index="1" bw="11" slack="0"/>
<pin id="86" dir="1" index="2" bw="0" slack="2147483647"/>
</pin_list>
<bind>
<opcode="store(28) " fcode="store"/>
<opset="store_ln15716/1 "/>
</bind>
</comp>

<comp id="88" class="1004" name="store_ln15717_store_fu_88">
<pin_list>
<pin id="89" dir="0" index="0" bw="1" slack="0"/>
<pin id="90" dir="0" index="1" bw="11" slack="0"/>
<pin id="91" dir="1" index="2" bw="0" slack="2147483647"/>
</pin_list>
<bind>
<opcode="store(28) " fcode="store"/>
<opset="store_ln15717/1 "/>
</bind>
</comp>

<comp id="93" class="1004" name="indvar_flatten17_load_load_fu_93">
<pin_list>
<pin id="94" dir="0" index="0" bw="21" slack="1"/>
<pin id="95" dir="1" index="1" bw="21" slack="0"/>
</pin_list>
<bind>
<opcode="load(27) " fcode="load"/>
<opset="indvar_flatten17_load/2 "/>
</bind>
</comp>

<comp id="96" class="1004" name="icmp_ln15716_fu_96">
<pin_list>
<pin id="97" dir="0" index="0" bw="21" slack="0"/>
<pin id="98" dir="0" index="1" bw="21" slack="0"/>
<pin id="99" dir="1" index="2" bw="1" slack="2147483647"/>
</pin_list>
<bind>
<opcode="icmp(45) " fcode="icmp"/>
<opset="icmp_ln15716/2 "/>
</bind>
</comp>

<comp id="102" class="1004" name="add_ln15716_1_fu_102">
<pin_list>
<pin id="103" dir="0" index="0" bw="21" slack="0"/>
<pin id="104" dir="0" index="1" bw="1" slack="0"/>
<pin id="105" dir="1" index="2" bw="21" slack="0"/>
</pin_list>
<bind>
<opcode="add(8) " fcode="add"/>
<opset="add_ln15716_1/2 "/>
</bind>
</comp>

<comp id="108" class="1004" name="v8582_load_load_fu_108">
<pin_list>
<pin id="109" dir="0" index="0" bw="11" slack="1"/>
<pin id="110" dir="1" index="1" bw="11" slack="0"/>
</pin_list>
<bind>
<opcode="load(27) " fcode="load"/>
<opset="v8582_load/2 "/>
</bind>
</comp>

<comp id="111" class="1004" name="v8581_load_load_fu_111">
<pin_list>
<pin id="112" dir="0" index="0" bw="11" slack="1"/>
<pin id="113" dir="1" index="1" bw="11" slack="0"/>
</pin_list>
<bind>
<opcode="load(27) " fcode="load"/>
<opset="v8581_load/2 "/>
</bind>
</comp>

<comp id="114" class="1004" name="add_ln15716_fu_114">
<pin_list>
<pin id="115" dir="0" index="0" bw="11" slack="0"/>
<pin id="116" dir="0" index="1" bw="1" slack="0"/>
<pin id="117" dir="1" index="2" bw="11" slack="0"/>
</pin_list>
<bind>
<opcode="add(8) " fcode="add"/>
<opset="add_ln15716/2 "/>
</bind>
</comp>

<comp id="120" class="1004" name="icmp_ln15717_fu_120">
<pin_list>
<pin id="121" dir="0" index="0" bw="11" slack="0"/>
<pin id="122" dir="0" index="1" bw="11" slack="0"/>
<pin id="123" dir="1" index="2" bw="1" slack="0"/>
</pin_list>
<bind>
<opcode="icmp(45) " fcode="icmp"/>
<opset="icmp_ln15717/2 "/>
</bind>
</comp>

<comp id="126" class="1004" name="select_ln15716_fu_126">
<pin_list>
<pin id="127" dir="0" index="0" bw="1" slack="0"/>
<pin id="128" dir="0" index="1" bw="1" slack="0"/>
<pin id="129" dir="0" index="2" bw="11" slack="0"/>
<pin id="130" dir="1" index="3" bw="11" slack="0"/>
</pin_list>
<bind>
<opcode="select(49) " fcode="select"/>
<opset="select_ln15716/2 "/>
</bind>
</comp>

<comp id="134" class="1004" name="select_ln15716_1_fu_134">
<pin_list>
<pin id="135" dir="0" index="0" bw="1" slack="0"/>
<pin id="136" dir="0" index="1" bw="11" slack="0"/>
<pin id="137" dir="0" index="2" bw="11" slack="0"/>
<pin id="138" dir="1" index="3" bw="11" slack="0"/>
</pin_list>
<bind>
<opcode="select(49) " fcode="select"/>
<opset="select_ln15716_1/2 "/>
</bind>
</comp>

<comp id="142" class="1004" name="trunc_ln15718_fu_142">
<pin_list>
<pin id="143" dir="0" index="0" bw="11" slack="0"/>
<pin id="144" dir="1" index="1" bw="10" slack="0"/>
</pin_list>
<bind>
<opcode="trunc(33) " fcode="trunc"/>
<opset="trunc_ln15718/2 "/>
</bind>
</comp>

<comp id="146" class="1004" name="tmp_s_fu_146">
<pin_list>
<pin id="147" dir="0" index="0" bw="20" slack="0"/>
<pin id="148" dir="0" index="1" bw="10" slack="0"/>
<pin id="149" dir="0" index="2" bw="1" slack="0"/>
<pin id="150" dir="1" index="3" bw="20" slack="0"/>
</pin_list>
<bind>
<opcode="bitconcatenate(1004) " fcode="bitconcatenate"/>
<opset="tmp_s/2 "/>
</bind>
</comp>

<comp id="154" class="1004" name="zext_ln15718_fu_154">
<pin_list>
<pin id="155" dir="0" index="0" bw="11" slack="0"/>
<pin id="156" dir="1" index="1" bw="20" slack="0"/>
</pin_list>
<bind>
<opcode="zext(34) " fcode="zext"/>
<opset="zext_ln15718/2 "/>
</bind>
</comp>

<comp id="158" class="1004" name="add_ln15718_fu_158">
<pin_list>
<pin id="159" dir="0" index="0" bw="20" slack="0"/>
<pin id="160" dir="0" index="1" bw="11" slack="0"/>
<pin id="161" dir="1" index="2" bw="20" slack="0"/>
</pin_list>
<bind>
<opcode="add(8) " fcode="add"/>
<opset="add_ln15718/2 "/>
</bind>
</comp>

<comp id="164" class="1004" name="zext_ln15718_1_fu_164">
<pin_list>
<pin id="165" dir="0" index="0" bw="20" slack="0"/>
<pin id="166" dir="1" index="1" bw="64" slack="0"/>
</pin_list>
<bind>
<opcode="zext(34) " fcode="zext"/>
<opset="zext_ln15718_1/2 "/>
</bind>
</comp>

<comp id="169" class="1004" name="add_ln15717_fu_169">
<pin_list>
<pin id="170" dir="0" index="0" bw="11" slack="0"/>
<pin id="171" dir="0" index="1" bw="1" slack="0"/>
<pin id="172" dir="1" index="2" bw="11" slack="0"/>
</pin_list>
<bind>
<opcode="add(8) " fcode="add"/>
<opset="add_ln15717/2 "/>
</bind>
</comp>

<comp id="175" class="1004" name="store_ln15716_store_fu_175">
<pin_list>
<pin id="176" dir="0" index="0" bw="21" slack="0"/>
<pin id="177" dir="0" index="1" bw="21" slack="1"/>
<pin id="178" dir="1" index="2" bw="0" slack="2147483647"/>
</pin_list>
<bind>
<opcode="store(28) " fcode="store"/>
<opset="store_ln15716/2 "/>
</bind>
</comp>

<comp id="180" class="1004" name="store_ln15716_store_fu_180">
<pin_list>
<pin id="181" dir="0" index="0" bw="11" slack="0"/>
<pin id="182" dir="0" index="1" bw="11" slack="1"/>
<pin id="183" dir="1" index="2" bw="0" slack="2147483647"/>
</pin_list>
<bind>
<opcode="store(28) " fcode="store"/>
<opset="store_ln15716/2 "/>
</bind>
</comp>

<comp id="185" class="1004" name="store_ln15717_store_fu_185">
<pin_list>
<pin id="186" dir="0" index="0" bw="11" slack="0"/>
<pin id="187" dir="0" index="1" bw="11" slack="1"/>
<pin id="188" dir="1" index="2" bw="0" slack="2147483647"/>
</pin_list>
<bind>
<opcode="store(28) " fcode="store"/>
<opset="store_ln15717/2 "/>
</bind>
</comp>

<comp id="190" class="1005" name="v8582_reg_190">
<pin_list>
<pin id="191" dir="0" index="0" bw="11" slack="0"/>
<pin id="192" dir="1" index="1" bw="11" slack="0"/>
</pin_list>
<bind>
<opset="v8582 "/>
</bind>
</comp>

<comp id="197" class="1005" name="v8581_reg_197">
<pin_list>
<pin id="198" dir="0" index="0" bw="11" slack="0"/>
<pin id="199" dir="1" index="1" bw="11" slack="0"/>
</pin_list>
<bind>
<opset="v8581 "/>
</bind>
</comp>

<comp id="204" class="1005" name="indvar_flatten17_reg_204">
<pin_list>
<pin id="205" dir="0" index="0" bw="21" slack="0"/>
<pin id="206" dir="1" index="1" bw="21" slack="0"/>
</pin_list>
<bind>
<opset="indvar_flatten17 "/>
</bind>
</comp>

</comp_list>

<net_list>
<net id="51"><net_src comp="2" pin="0"/><net_sink comp="48" pin=0"/></net>

<net id="55"><net_src comp="2" pin="0"/><net_sink comp="52" pin=0"/></net>

<net id="59"><net_src comp="2" pin="0"/><net_sink comp="56" pin=0"/></net>

<net id="65"><net_src comp="0" pin="0"/><net_sink comp="60" pin=0"/></net>

<net id="66"><net_src comp="36" pin="0"/><net_sink comp="60" pin=1"/></net>

<net id="76"><net_src comp="46" pin="0"/><net_sink comp="67" pin=4"/></net>

<net id="77"><net_src comp="60" pin="3"/><net_sink comp="67" pin=2"/></net>

<net id="82"><net_src comp="12" pin="0"/><net_sink comp="78" pin=0"/></net>

<net id="87"><net_src comp="14" pin="0"/><net_sink comp="83" pin=0"/></net>

<net id="92"><net_src comp="14" pin="0"/><net_sink comp="88" pin=0"/></net>

<net id="100"><net_src comp="93" pin="1"/><net_sink comp="96" pin=0"/></net>

<net id="101"><net_src comp="16" pin="0"/><net_sink comp="96" pin=1"/></net>

<net id="106"><net_src comp="93" pin="1"/><net_sink comp="102" pin=0"/></net>

<net id="107"><net_src comp="18" pin="0"/><net_sink comp="102" pin=1"/></net>

<net id="118"><net_src comp="111" pin="1"/><net_sink comp="114" pin=0"/></net>

<net id="119"><net_src comp="20" pin="0"/><net_sink comp="114" pin=1"/></net>

<net id="124"><net_src comp="108" pin="1"/><net_sink comp="120" pin=0"/></net>

<net id="125"><net_src comp="30" pin="0"/><net_sink comp="120" pin=1"/></net>

<net id="131"><net_src comp="120" pin="2"/><net_sink comp="126" pin=0"/></net>

<net id="132"><net_src comp="14" pin="0"/><net_sink comp="126" pin=1"/></net>

<net id="133"><net_src comp="108" pin="1"/><net_sink comp="126" pin=2"/></net>

<net id="139"><net_src comp="120" pin="2"/><net_sink comp="134" pin=0"/></net>

<net id="140"><net_src comp="114" pin="2"/><net_sink comp="134" pin=1"/></net>

<net id="141"><net_src comp="111" pin="1"/><net_sink comp="134" pin=2"/></net>

<net id="145"><net_src comp="134" pin="3"/><net_sink comp="142" pin=0"/></net>

<net id="151"><net_src comp="32" pin="0"/><net_sink comp="146" pin=0"/></net>

<net id="152"><net_src comp="142" pin="1"/><net_sink comp="146" pin=1"/></net>

<net id="153"><net_src comp="34" pin="0"/><net_sink comp="146" pin=2"/></net>

<net id="157"><net_src comp="126" pin="3"/><net_sink comp="154" pin=0"/></net>

<net id="162"><net_src comp="146" pin="3"/><net_sink comp="158" pin=0"/></net>

<net id="163"><net_src comp="154" pin="1"/><net_sink comp="158" pin=1"/></net>

<net id="167"><net_src comp="158" pin="2"/><net_sink comp="164" pin=0"/></net>

<net id="168"><net_src comp="164" pin="1"/><net_sink comp="60" pin=2"/></net>

<net id="173"><net_src comp="126" pin="3"/><net_sink comp="169" pin=0"/></net>

<net id="174"><net_src comp="20" pin="0"/><net_sink comp="169" pin=1"/></net>

<net id="179"><net_src comp="102" pin="2"/><net_sink comp="175" pin=0"/></net>

<net id="184"><net_src comp="134" pin="3"/><net_sink comp="180" pin=0"/></net>

<net id="189"><net_src comp="169" pin="2"/><net_sink comp="185" pin=0"/></net>

<net id="193"><net_src comp="48" pin="1"/><net_sink comp="190" pin=0"/></net>

<net id="194"><net_src comp="190" pin="1"/><net_sink comp="88" pin=1"/></net>

<net id="195"><net_src comp="190" pin="1"/><net_sink comp="108" pin=0"/></net>

<net id="196"><net_src comp="190" pin="1"/><net_sink comp="185" pin=1"/></net>

<net id="200"><net_src comp="52" pin="1"/><net_sink comp="197" pin=0"/></net>

<net id="201"><net_src comp="197" pin="1"/><net_sink comp="83" pin=1"/></net>

<net id="202"><net_src comp="197" pin="1"/><net_sink comp="111" pin=0"/></net>

<net id="203"><net_src comp="197" pin="1"/><net_sink comp="180" pin=1"/></net>

<net id="207"><net_src comp="56" pin="1"/><net_sink comp="204" pin=0"/></net>

<net id="208"><net_src comp="204" pin="1"/><net_sink comp="78" pin=1"/></net>

<net id="209"><net_src comp="204" pin="1"/><net_sink comp="93" pin=0"/></net>

<net id="210"><net_src comp="204" pin="1"/><net_sink comp="175" pin=1"/></net>

</net_list>

</model> 
---------------- Datapath Model END ------------------

* FSMD analyzer results:
  - Output states:
	Port: Y1 | {2 }
 - Input state : 
  - Chain level:
	State 1
		store_ln0 : 1
		store_ln15716 : 1
		store_ln15717 : 1
	State 2
		icmp_ln15716 : 1
		add_ln15716_1 : 1
		br_ln15716 : 2
		add_ln15716 : 1
		icmp_ln15717 : 1
		select_ln15716 : 2
		select_ln15716_1 : 2
		trunc_ln15718 : 3
		tmp_s : 4
		zext_ln15718 : 3
		add_ln15718 : 5
		zext_ln15718_1 : 6
		Y1_addr : 7
		store_ln15718 : 8
		add_ln15717 : 3
		store_ln15716 : 2
		store_ln15716 : 3
		store_ln15717 : 4


============================================================
+ Verbose Summary: Datapath Resource usage 
============================================================

* Functional unit list:
|----------|-------------------------|---------|---------|
| Operation|     Functional Unit     |    FF   |   LUT   |
|----------|-------------------------|---------|---------|
|          |   add_ln15716_1_fu_102  |    0    |    28   |
|    add   |    add_ln15716_fu_114   |    0    |    18   |
|          |    add_ln15718_fu_158   |    0    |    27   |
|          |    add_ln15717_fu_169   |    0    |    18   |
|----------|-------------------------|---------|---------|
|   icmp   |    icmp_ln15716_fu_96   |    0    |    28   |
|          |   icmp_ln15717_fu_120   |    0    |    18   |
|----------|-------------------------|---------|---------|
|  select  |  select_ln15716_fu_126  |    0    |    11   |
|          | select_ln15716_1_fu_134 |    0    |    11   |
|----------|-------------------------|---------|---------|
|   trunc  |   trunc_ln15718_fu_142  |    0    |    0    |
|----------|-------------------------|---------|---------|
|bitconcatenate|       tmp_s_fu_146      |    0    |    0    |
|----------|-------------------------|---------|---------|
|   zext   |   zext_ln15718_fu_154   |    0    |    0    |
|          |  zext_ln15718_1_fu_164  |    0    |    0    |
|----------|-------------------------|---------|---------|
|   Total  |                         |    0    |   159   |
|----------|-------------------------|---------|---------|

Memories:
N/A

* Register list:
+------------------------+--------+
|                        |   FF   |
+------------------------+--------+
|indvar_flatten17_reg_204|   21   |
|      v8581_reg_197     |   11   |
|      v8582_reg_190     |   11   |
+------------------------+--------+
|          Total         |   43   |
+------------------------+--------+

* Multiplexer (MUX) list: 
|--------|------|------|------|--------|
|  Comp  |  Pin | Size |  BW  | S x BW |
|--------|------|------|------|--------|
|  Total |      |      |      |    0   |
|--------|------|------|------|--------|



* Summary:
+-----------+--------+--------+
|           |   FF   |   LUT  |
+-----------+--------+--------+
|  Function |    0   |   159  |
|   Memory  |    -   |    -   |
|Multiplexer|    -   |    -   |
|  Register |   43   |    -   |
+-----------+--------+--------+
|   Total   |   43   |   159  |
+-----------+--------+--------+
