

================================================================
== Vitis HLS Report for 'scaled_dot_product_attention_Pipeline_l_row_max_i12_l_j10'
================================================================
* Date:           Mon Feb 17 20:36:50 2025

* Version:        2023.2 (Build 4023990 on Oct 11 2023)
* Project:        DitBlock
* Solution:       hls (Vivado IP Flow Target)
* Product family: virtexuplusHBM
* Target device:  xcu280-fsvh2892-2L-e


================================================================
== Performance Estimates
================================================================
+ Timing: 
    * Summary: 
    +--------+----------+----------+------------+
    |  Clock |  Target  | Estimated| Uncertainty|
    +--------+----------+----------+------------+
    |ap_clk  |  10.00 ns|  6.870 ns|     2.70 ns|
    +--------+----------+----------+------------+

+ Latency: 
    * Summary: 
    +---------+---------+-----------+-----------+---------+---------+---------+
    |  Latency (cycles) |   Latency (absolute)  |      Interval     | Pipeline|
    |   min   |   max   |    min    |    max    |   min   |   max   |   Type  |
    +---------+---------+-----------+-----------+---------+---------+---------+
    |  2097155|  2097155|  20.972 ms|  20.972 ms|  2097155|  2097155|       no|
    +---------+---------+-----------+-----------+---------+---------+---------+

    + Detail: 
        * Instance: 
        N/A

        * Loop: 
        +-----------------------+---------+---------+----------+-----------+-----------+---------+----------+
        |                       |  Latency (cycles) | Iteration|  Initiation Interval  |   Trip  |          |
        |       Loop Name       |   min   |   max   |  Latency |  achieved |   target  |  Count  | Pipelined|
        +-----------------------+---------+---------+----------+-----------+-----------+---------+----------+
        |- l_row_max_i12_l_j10  |  2097153|  2097153|         4|          2|          1|  1048576|       yes|
        +-----------------------+---------+---------+----------+-----------+-----------+---------+----------+

============================================================
+ Verbose Summary: Synthesis Manager
============================================================
InlineROM: 1
ExposeGlobal: 0
============================================================
+ Verbose Summary: CDFG Model
============================================================
IsTopModel: 0
ResetActiveHigh: 1
IsCombinational: 0
IsDatapathOnly: 0
HasWiredReturn: 1
HasMFsm: 2
HasVarLatency: 1
IsPipeline: 0
IsRtlPipelined: 0
IsInstanceOverlapped: 0
IsDontTouch: 0
HasImplIP: 0
IsGatedGlobalClock: 0

+ Individual pipeline summary: 
  * Pipeline-0: initiation interval (II) = 2, depth = 5


============================================================
+ Verbose Summary: Schedule
============================================================
* Number of FSM states : 5
* Pipeline : 1
  Pipeline-0 : II = 2, D = 5, States = { 1 2 3 4 5 }
* Dataflow Pipeline: 0

* FSM state transitions: 
1 --> 2 
2 --> 3 
3 --> 4 
4 --> 5 
5 --> 

* FSM state operations: 

State 1 <SV = 0> <Delay = 0.38>
ST_1 : Operation 7 [1/1] (0.00ns)   --->   "%j10 = alloca i32 1" [/home/silvenchen/Desktop/DitBlock/WorkDCT/DitBlock/kernel.cpp:12565->/home/silvenchen/Desktop/DitBlock/WorkDCT/DitBlock/kernel.cpp:15624]   --->   Operation 7 'alloca' 'j10' <Predicate = true> <Delay = 0.00>
ST_1 : Operation 8 [1/1] (0.00ns)   --->   "%i12 = alloca i32 1" [/home/silvenchen/Desktop/DitBlock/WorkDCT/DitBlock/kernel.cpp:12564->/home/silvenchen/Desktop/DitBlock/WorkDCT/DitBlock/kernel.cpp:15624]   --->   Operation 8 'alloca' 'i12' <Predicate = true> <Delay = 0.00>
ST_1 : Operation 9 [1/1] (0.00ns)   --->   "%indvar_flatten24 = alloca i32 1"   --->   Operation 9 'alloca' 'indvar_flatten24' <Predicate = true> <Delay = 0.00>
ST_1 : Operation 10 [1/1] (0.00ns)   --->   "%v6911 = alloca i32 1" [/home/silvenchen/Desktop/DitBlock/WorkDCT/DitBlock/kernel.cpp:12567->/home/silvenchen/Desktop/DitBlock/WorkDCT/DitBlock/kernel.cpp:15624]   --->   Operation 10 'alloca' 'v6911' <Predicate = true> <Delay = 0.00>
ST_1 : Operation 11 [1/1] (0.00ns)   --->   "%specmemcore_ln0 = specmemcore void @_ssdm_op_SpecMemCore, i32 %Y1, i64 666, i64 24, i64 18446744073709551615"   --->   Operation 11 'specmemcore' 'specmemcore_ln0' <Predicate = true> <Delay = 0.00>
ST_1 : Operation 12 [1/1] (0.38ns)   --->   "%store_ln0 = store i21 0, i21 %indvar_flatten24"   --->   Operation 12 'store' 'store_ln0' <Predicate = true> <Delay = 0.38>
ST_1 : Operation 13 [1/1] (0.38ns)   --->   "%store_ln12564 = store i11 0, i11 %i12" [/home/silvenchen/Desktop/DitBlock/WorkDCT/DitBlock/kernel.cpp:12564->/home/silvenchen/Desktop/DitBlock/WorkDCT/DitBlock/kernel.cpp:15624]   --->   Operation 13 'store' 'store_ln12564' <Predicate = true> <Delay = 0.38>
ST_1 : Operation 14 [1/1] (0.38ns)   --->   "%store_ln12565 = store i11 0, i11 %j10" [/home/silvenchen/Desktop/DitBlock/WorkDCT/DitBlock/kernel.cpp:12565->/home/silvenchen/Desktop/DitBlock/WorkDCT/DitBlock/kernel.cpp:15624]   --->   Operation 14 'store' 'store_ln12565' <Predicate = true> <Delay = 0.38>
ST_1 : Operation 15 [1/1] (0.38ns)   --->   "%br_ln0 = br void %for.body17.i"   --->   Operation 15 'br' 'br_ln0' <Predicate = true> <Delay = 0.38>

State 2 <SV = 1> <Delay = 4.50>
ST_2 : Operation 16 [1/1] (0.00ns)   --->   "%first_iter_3 = phi i1 0, void %new.latch.for.body17.i.split, i1 1, void %newFuncRoot"   --->   Operation 16 'phi' 'first_iter_3' <Predicate = true> <Delay = 0.00>
ST_2 : Operation 17 [1/1] (0.00ns)   --->   "%indvar_flatten24_load = load i21 %indvar_flatten24" [/home/silvenchen/Desktop/DitBlock/WorkDCT/DitBlock/kernel.cpp:12564->/home/silvenchen/Desktop/DitBlock/WorkDCT/DitBlock/kernel.cpp:15624]   --->   Operation 17 'load' 'indvar_flatten24_load' <Predicate = true> <Delay = 0.00>
ST_2 : Operation 18 [1/1] (0.81ns)   --->   "%icmp_ln12564 = icmp_eq  i21 %indvar_flatten24_load, i21 1048576" [/home/silvenchen/Desktop/DitBlock/WorkDCT/DitBlock/kernel.cpp:12564->/home/silvenchen/Desktop/DitBlock/WorkDCT/DitBlock/kernel.cpp:15624]   --->   Operation 18 'icmp' 'icmp_ln12564' <Predicate = true> <Delay = 0.81> <CoreInst = "Cmp">   --->   Core 9 'Cmp' <Latency = 0> <II = 1> <Delay = 0.81> <FuncUnit> <Opcode : 'icmp'> <InPorts = 2> <OutPorts = 1>
ST_2 : Operation 19 [1/1] (0.81ns)   --->   "%add_ln12564_1 = add i21 %indvar_flatten24_load, i21 1" [/home/silvenchen/Desktop/DitBlock/WorkDCT/DitBlock/kernel.cpp:12564->/home/silvenchen/Desktop/DitBlock/WorkDCT/DitBlock/kernel.cpp:15624]   --->   Operation 19 'add' 'add_ln12564_1' <Predicate = true> <Delay = 0.81> <CoreInst = "Adder">   --->   Core 1 'Adder' <Latency = 0> <II = 1> <Delay = 0.81> <FuncUnit> <Opcode : 'add' 'sub'> <InPorts = 2> <OutPorts = 1>
ST_2 : Operation 20 [1/1] (0.00ns)   --->   "%br_ln12564 = br i1 %icmp_ln12564, void %for.inc34.i, void %for.inc59.i.preheader.exitStub" [/home/silvenchen/Desktop/DitBlock/WorkDCT/DitBlock/kernel.cpp:12564->/home/silvenchen/Desktop/DitBlock/WorkDCT/DitBlock/kernel.cpp:15624]   --->   Operation 20 'br' 'br_ln12564' <Predicate = true> <Delay = 0.00>
ST_2 : Operation 21 [1/1] (0.00ns)   --->   "%j10_load = load i11 %j10" [/home/silvenchen/Desktop/DitBlock/WorkDCT/DitBlock/kernel.cpp:12565->/home/silvenchen/Desktop/DitBlock/WorkDCT/DitBlock/kernel.cpp:15624]   --->   Operation 21 'load' 'j10_load' <Predicate = (!icmp_ln12564)> <Delay = 0.00>
ST_2 : Operation 22 [1/1] (0.00ns)   --->   "%i12_load = load i11 %i12" [/home/silvenchen/Desktop/DitBlock/WorkDCT/DitBlock/kernel.cpp:12564->/home/silvenchen/Desktop/DitBlock/WorkDCT/DitBlock/kernel.cpp:15624]   --->   Operation 22 'load' 'i12_load' <Predicate = (!icmp_ln12564)> <Delay = 0.00>
ST_2 : Operation 23 [1/1] (0.73ns)   --->   "%add_ln12564 = add i11 %i12_load, i11 1" [/home/silvenchen/Desktop/DitBlock/WorkDCT/DitBlock/kernel.cpp:12564->/home/silvenchen/Desktop/DitBlock/WorkDCT/DitBlock/kernel.cpp:15624]   --->   Operation 23 'add' 'add_ln12564' <Predicate = (!icmp_ln12564)> <Delay = 0.73> <CoreInst = "Adder">   --->   Core 1 'Adder' <Latency = 0> <II = 1> <Delay = 0.73> <FuncUnit> <Opcode : 'add' 'sub'> <InPorts = 2> <OutPorts = 1>
ST_2 : Operation 24 [1/1] (0.00ns)   --->   "%specloopname_ln0 = specloopname void @_ssdm_op_SpecLoopName, void @l_row_max_i12_l_j10_str"   --->   Operation 24 'specloopname' 'specloopname_ln0' <Predicate = (!icmp_ln12564)> <Delay = 0.00>
ST_2 : Operation 25 [1/1] (0.00ns)   --->   "%speclooptripcount_ln0 = speclooptripcount void @_ssdm_op_SpecLoopTripCount, i64 1048576, i64 1048576, i64 1048576"   --->   Operation 25 'speclooptripcount' 'speclooptripcount_ln0' <Predicate = (!icmp_ln12564)> <Delay = 0.00>
ST_2 : Operation 26 [1/1] (0.73ns)   --->   "%icmp_ln12565 = icmp_eq  i11 %j10_load, i11 1024" [/home/silvenchen/Desktop/DitBlock/WorkDCT/DitBlock/kernel.cpp:12565->/home/silvenchen/Desktop/DitBlock/WorkDCT/DitBlock/kernel.cpp:15624]   --->   Operation 26 'icmp' 'icmp_ln12565' <Predicate = (!icmp_ln12564)> <Delay = 0.73> <CoreInst = "Cmp">   --->   Core 9 'Cmp' <Latency = 0> <II = 1> <Delay = 0.73> <FuncUnit> <Opcode : 'icmp'> <InPorts = 2> <OutPorts = 1>
ST_2 : Operation 27 [1/1] (0.12ns)   --->   "%or_ln12564 = or i1 %icmp_ln12565, i1 %first_iter_3" [/home/silvenchen/Desktop/DitBlock/WorkDCT/DitBlock/kernel.cpp:12564->/home/silvenchen/Desktop/DitBlock/WorkDCT/DitBlock/kernel.cpp:15624]   --->   Operation 27 'or' 'or_ln12564' <Predicate = (!icmp_ln12564)> <Delay = 0.12> <CoreInst = "LogicGate">   --->   Core 74 'LogicGate' <Latency = 0> <II = 1> <Delay = 0.12> <FuncUnit> <Opcode : 'and' 'or' 'xor'> <InPorts = 2> <OutPorts = 1>
ST_2 : Operation 28 [1/1] (0.30ns)   --->   "%select_ln12564 = select i1 %icmp_ln12565, i11 0, i11 %j10_load" [/home/silvenchen/Desktop/DitBlock/WorkDCT/DitBlock/kernel.cpp:12564->/home/silvenchen/Desktop/DitBlock/WorkDCT/DitBlock/kernel.cpp:15624]   --->   Operation 28 'select' 'select_ln12564' <Predicate = (!icmp_ln12564)> <Delay = 0.30> <CoreInst = "Sel">   --->   Core 73 'Sel' <Latency = 0> <II = 1> <Delay = 0.30> <FuncUnit> <Opcode : 'select'> <InPorts = 3> <OutPorts = 1>
ST_2 : Operation 29 [1/1] (0.30ns)   --->   "%select_ln12564_1 = select i1 %icmp_ln12565, i11 %add_ln12564, i11 %i12_load" [/home/silvenchen/Desktop/DitBlock/WorkDCT/DitBlock/kernel.cpp:12564->/home/silvenchen/Desktop/DitBlock/WorkDCT/DitBlock/kernel.cpp:15624]   --->   Operation 29 'select' 'select_ln12564_1' <Predicate = (!icmp_ln12564)> <Delay = 0.30> <CoreInst = "Sel">   --->   Core 73 'Sel' <Latency = 0> <II = 1> <Delay = 0.30> <FuncUnit> <Opcode : 'select'> <InPorts = 3> <OutPorts = 1>
ST_2 : Operation 30 [1/1] (0.00ns)   --->   "%trunc_ln12564 = trunc i11 %select_ln12564_1" [/home/silvenchen/Desktop/DitBlock/WorkDCT/DitBlock/kernel.cpp:12564->/home/silvenchen/Desktop/DitBlock/WorkDCT/DitBlock/kernel.cpp:15624]   --->   Operation 30 'trunc' 'trunc_ln12564' <Predicate = (!icmp_ln12564)> <Delay = 0.00>
ST_2 : Operation 31 [1/1] (0.00ns)   --->   "%zext_ln12564 = zext i11 %select_ln12564_1" [/home/silvenchen/Desktop/DitBlock/WorkDCT/DitBlock/kernel.cpp:12564->/home/silvenchen/Desktop/DitBlock/WorkDCT/DitBlock/kernel.cpp:15624]   --->   Operation 31 'zext' 'zext_ln12564' <Predicate = (!icmp_ln12564)> <Delay = 0.00>
ST_2 : Operation 32 [1/1] (0.00ns)   --->   "%tmp_s = bitconcatenate i20 @_ssdm_op_BitConcatenate.i20.i10.i10, i10 %trunc_ln12564, i10 0" [/home/silvenchen/Desktop/DitBlock/WorkDCT/DitBlock/kernel.cpp:12566->/home/silvenchen/Desktop/DitBlock/WorkDCT/DitBlock/kernel.cpp:15624]   --->   Operation 32 'bitconcatenate' 'tmp_s' <Predicate = (!icmp_ln12564)> <Delay = 0.00>
ST_2 : Operation 33 [1/1] (0.00ns)   --->   "%M_addr = getelementptr i32 %M, i64 0, i64 %zext_ln12564" [/home/silvenchen/Desktop/DitBlock/WorkDCT/DitBlock/kernel.cpp:12564->/home/silvenchen/Desktop/DitBlock/WorkDCT/DitBlock/kernel.cpp:15624]   --->   Operation 33 'getelementptr' 'M_addr' <Predicate = (!icmp_ln12564)> <Delay = 0.00>
ST_2 : Operation 34 [1/1] (0.00ns)   --->   "%br_ln12565 = br i1 %or_ln12564, void %for.body17.i.split, void %for.first.iter.for.body17.i" [/home/silvenchen/Desktop/DitBlock/WorkDCT/DitBlock/kernel.cpp:12565->/home/silvenchen/Desktop/DitBlock/WorkDCT/DitBlock/kernel.cpp:15624]   --->   Operation 34 'br' 'br_ln12565' <Predicate = (!icmp_ln12564)> <Delay = 0.00>
ST_2 : Operation 35 [2/2] (1.20ns)   --->   "%M_load = load i10 %M_addr" [/home/silvenchen/Desktop/DitBlock/WorkDCT/DitBlock/kernel.cpp:12567->/home/silvenchen/Desktop/DitBlock/WorkDCT/DitBlock/kernel.cpp:15624]   --->   Operation 35 'load' 'M_load' <Predicate = (!icmp_ln12564 & or_ln12564)> <Delay = 1.20> <CoreInst = "RAM">   --->   Core 83 'RAM' <Latency = 1> <II = 1> <Delay = 1.20> <Storage> <Opcode : 'load' 'store'> <Ports = 2> <Width = 32> <Depth = 1024> <RAM>
ST_2 : Operation 36 [1/1] (0.00ns)   --->   "%zext_ln12566 = zext i11 %select_ln12564" [/home/silvenchen/Desktop/DitBlock/WorkDCT/DitBlock/kernel.cpp:12566->/home/silvenchen/Desktop/DitBlock/WorkDCT/DitBlock/kernel.cpp:15624]   --->   Operation 36 'zext' 'zext_ln12566' <Predicate = (!icmp_ln12564)> <Delay = 0.00>
ST_2 : Operation 37 [1/1] (0.80ns)   --->   "%add_ln12566 = add i20 %tmp_s, i20 %zext_ln12566" [/home/silvenchen/Desktop/DitBlock/WorkDCT/DitBlock/kernel.cpp:12566->/home/silvenchen/Desktop/DitBlock/WorkDCT/DitBlock/kernel.cpp:15624]   --->   Operation 37 'add' 'add_ln12566' <Predicate = (!icmp_ln12564)> <Delay = 0.80> <CoreInst = "Adder">   --->   Core 1 'Adder' <Latency = 0> <II = 1> <Delay = 0.80> <FuncUnit> <Opcode : 'add' 'sub'> <InPorts = 2> <OutPorts = 1>
ST_2 : Operation 38 [1/1] (0.00ns)   --->   "%zext_ln12566_1 = zext i20 %add_ln12566" [/home/silvenchen/Desktop/DitBlock/WorkDCT/DitBlock/kernel.cpp:12566->/home/silvenchen/Desktop/DitBlock/WorkDCT/DitBlock/kernel.cpp:15624]   --->   Operation 38 'zext' 'zext_ln12566_1' <Predicate = (!icmp_ln12564)> <Delay = 0.00>
ST_2 : Operation 39 [1/1] (0.00ns)   --->   "%Y1_addr = getelementptr i32 %Y1, i64 0, i64 %zext_ln12566_1" [/home/silvenchen/Desktop/DitBlock/WorkDCT/DitBlock/kernel.cpp:12566->/home/silvenchen/Desktop/DitBlock/WorkDCT/DitBlock/kernel.cpp:15624]   --->   Operation 39 'getelementptr' 'Y1_addr' <Predicate = (!icmp_ln12564)> <Delay = 0.00>
ST_2 : Operation 40 [2/2] (2.66ns)   --->   "%v6910 = load i20 %Y1_addr" [/home/silvenchen/Desktop/DitBlock/WorkDCT/DitBlock/kernel.cpp:12566->/home/silvenchen/Desktop/DitBlock/WorkDCT/DitBlock/kernel.cpp:15624]   --->   Operation 40 'load' 'v6910' <Predicate = (!icmp_ln12564)> <Delay = 2.66> <CoreInst = "RAM_2P_URAM">   --->   Core 95 'RAM_2P_URAM' <Latency = 1> <II = 1> <Delay = 2.66> <Storage> <Opcode : 'load' 'store'> <Ports = 2> <Width = 32> <Depth = 1048576> <RAM>
ST_2 : Operation 41 [1/1] (0.73ns)   --->   "%add_ln12565 = add i11 %select_ln12564, i11 1" [/home/silvenchen/Desktop/DitBlock/WorkDCT/DitBlock/kernel.cpp:12565->/home/silvenchen/Desktop/DitBlock/WorkDCT/DitBlock/kernel.cpp:15624]   --->   Operation 41 'add' 'add_ln12565' <Predicate = (!icmp_ln12564)> <Delay = 0.73> <CoreInst = "Adder">   --->   Core 1 'Adder' <Latency = 0> <II = 1> <Delay = 0.73> <FuncUnit> <Opcode : 'add' 'sub'> <InPorts = 2> <OutPorts = 1>
ST_2 : Operation 42 [1/1] (0.73ns)   --->   "%icmp_ln12565_1 = icmp_eq  i11 %add_ln12565, i11 1024" [/home/silvenchen/Desktop/DitBlock/WorkDCT/DitBlock/kernel.cpp:12565->/home/silvenchen/Desktop/DitBlock/WorkDCT/DitBlock/kernel.cpp:15624]   --->   Operation 42 'icmp' 'icmp_ln12565_1' <Predicate = (!icmp_ln12564)> <Delay = 0.73> <CoreInst = "Cmp">   --->   Core 9 'Cmp' <Latency = 0> <II = 1> <Delay = 0.73> <FuncUnit> <Opcode : 'icmp'> <InPorts = 2> <OutPorts = 1>
ST_2 : Operation 43 [1/1] (0.00ns)   --->   "%br_ln12565 = br i1 %icmp_ln12565_1, void %new.latch.for.body17.i.split, void %last.iter.for.body17.i.split" [/home/silvenchen/Desktop/DitBlock/WorkDCT/DitBlock/kernel.cpp:12565->/home/silvenchen/Desktop/DitBlock/WorkDCT/DitBlock/kernel.cpp:15624]   --->   Operation 43 'br' 'br_ln12565' <Predicate = (!icmp_ln12564)> <Delay = 0.00>
ST_2 : Operation 44 [1/1] (0.38ns)   --->   "%store_ln12564 = store i21 %add_ln12564_1, i21 %indvar_flatten24" [/home/silvenchen/Desktop/DitBlock/WorkDCT/DitBlock/kernel.cpp:12564->/home/silvenchen/Desktop/DitBlock/WorkDCT/DitBlock/kernel.cpp:15624]   --->   Operation 44 'store' 'store_ln12564' <Predicate = (!icmp_ln12564)> <Delay = 0.38>
ST_2 : Operation 45 [1/1] (0.38ns)   --->   "%store_ln12564 = store i11 %select_ln12564_1, i11 %i12" [/home/silvenchen/Desktop/DitBlock/WorkDCT/DitBlock/kernel.cpp:12564->/home/silvenchen/Desktop/DitBlock/WorkDCT/DitBlock/kernel.cpp:15624]   --->   Operation 45 'store' 'store_ln12564' <Predicate = (!icmp_ln12564)> <Delay = 0.38>
ST_2 : Operation 46 [1/1] (0.38ns)   --->   "%store_ln12565 = store i11 %add_ln12565, i11 %j10" [/home/silvenchen/Desktop/DitBlock/WorkDCT/DitBlock/kernel.cpp:12565->/home/silvenchen/Desktop/DitBlock/WorkDCT/DitBlock/kernel.cpp:15624]   --->   Operation 46 'store' 'store_ln12565' <Predicate = (!icmp_ln12564)> <Delay = 0.38>
ST_2 : Operation 47 [1/1] (0.00ns)   --->   "%br_ln12565 = br void %for.body17.i" [/home/silvenchen/Desktop/DitBlock/WorkDCT/DitBlock/kernel.cpp:12565->/home/silvenchen/Desktop/DitBlock/WorkDCT/DitBlock/kernel.cpp:15624]   --->   Operation 47 'br' 'br_ln12565' <Predicate = (!icmp_ln12564)> <Delay = 0.00>

State 3 <SV = 2> <Delay = 2.66>
ST_3 : Operation 48 [1/2] (1.20ns)   --->   "%M_load = load i10 %M_addr" [/home/silvenchen/Desktop/DitBlock/WorkDCT/DitBlock/kernel.cpp:12567->/home/silvenchen/Desktop/DitBlock/WorkDCT/DitBlock/kernel.cpp:15624]   --->   Operation 48 'load' 'M_load' <Predicate = (!icmp_ln12564 & or_ln12564)> <Delay = 1.20> <CoreInst = "RAM">   --->   Core 83 'RAM' <Latency = 1> <II = 1> <Delay = 1.20> <Storage> <Opcode : 'load' 'store'> <Ports = 2> <Width = 32> <Depth = 1024> <RAM>
ST_3 : Operation 49 [1/1] (0.38ns)   --->   "%store_ln12567 = store i32 %M_load, i32 %v6911" [/home/silvenchen/Desktop/DitBlock/WorkDCT/DitBlock/kernel.cpp:12567->/home/silvenchen/Desktop/DitBlock/WorkDCT/DitBlock/kernel.cpp:15624]   --->   Operation 49 'store' 'store_ln12567' <Predicate = (!icmp_ln12564 & or_ln12564)> <Delay = 0.38>
ST_3 : Operation 50 [1/1] (0.00ns)   --->   "%br_ln12565 = br void %for.body17.i.split" [/home/silvenchen/Desktop/DitBlock/WorkDCT/DitBlock/kernel.cpp:12565->/home/silvenchen/Desktop/DitBlock/WorkDCT/DitBlock/kernel.cpp:15624]   --->   Operation 50 'br' 'br_ln12565' <Predicate = (!icmp_ln12564 & or_ln12564)> <Delay = 0.00>
ST_3 : Operation 51 [1/2] (2.66ns)   --->   "%v6910 = load i20 %Y1_addr" [/home/silvenchen/Desktop/DitBlock/WorkDCT/DitBlock/kernel.cpp:12566->/home/silvenchen/Desktop/DitBlock/WorkDCT/DitBlock/kernel.cpp:15624]   --->   Operation 51 'load' 'v6910' <Predicate = (!icmp_ln12564)> <Delay = 2.66> <CoreInst = "RAM_2P_URAM">   --->   Core 95 'RAM_2P_URAM' <Latency = 1> <II = 1> <Delay = 2.66> <Storage> <Opcode : 'load' 'store'> <Ports = 2> <Width = 32> <Depth = 1048576> <RAM>
ST_3 : Operation 73 [1/1] (0.00ns)   --->   "%ret_ln0 = ret"   --->   Operation 73 'ret' 'ret_ln0' <Predicate = (icmp_ln12564)> <Delay = 0.00>

State 4 <SV = 3> <Delay = 6.87>
ST_4 : Operation 52 [1/1] (0.00ns)   --->   "%v6911_load = load i32 %v6911" [/home/silvenchen/Desktop/DitBlock/WorkDCT/DitBlock/kernel.cpp:12569->/home/silvenchen/Desktop/DitBlock/WorkDCT/DitBlock/kernel.cpp:15624]   --->   Operation 52 'load' 'v6911_load' <Predicate = true> <Delay = 0.00>
ST_4 : Operation 53 [1/1] (6.87ns)   --->   "%tmp_2 = fcmp_ogt  i32 %v6910, i32 %v6911_load" [/home/silvenchen/Desktop/DitBlock/WorkDCT/DitBlock/kernel.cpp:12568->/home/silvenchen/Desktop/DitBlock/WorkDCT/DitBlock/kernel.cpp:15624]   --->   Operation 53 'fcmp' 'tmp_2' <Predicate = true> <Delay = 6.87> <CoreInst = "FCompare">   --->   Core 19 'FCompare' <Latency = 0> <II = 1> <Delay = 6.87> <FuncUnit> <Opcode : 'fcmp'> <InPorts = 2> <OutPorts = 1>

State 5 <SV = 4> <Delay = 2.37>
ST_5 : Operation 54 [1/1] (0.00ns)   --->   "%specpipeline_ln12565 = specpipeline void @_ssdm_op_SpecPipeline, i32 4294967295, i32 0, i32 0, i32 0, void @empty_191" [/home/silvenchen/Desktop/DitBlock/WorkDCT/DitBlock/kernel.cpp:12565->/home/silvenchen/Desktop/DitBlock/WorkDCT/DitBlock/kernel.cpp:15624]   --->   Operation 54 'specpipeline' 'specpipeline_ln12565' <Predicate = true> <Delay = 0.00>
ST_5 : Operation 55 [1/1] (0.00ns)   --->   "%bitcast_ln12568 = bitcast i32 %v6910" [/home/silvenchen/Desktop/DitBlock/WorkDCT/DitBlock/kernel.cpp:12568->/home/silvenchen/Desktop/DitBlock/WorkDCT/DitBlock/kernel.cpp:15624]   --->   Operation 55 'bitcast' 'bitcast_ln12568' <Predicate = true> <Delay = 0.00>
ST_5 : Operation 56 [1/1] (0.00ns)   --->   "%tmp = partselect i8 @_ssdm_op_PartSelect.i8.i32.i32.i32, i32 %bitcast_ln12568, i32 23, i32 30" [/home/silvenchen/Desktop/DitBlock/WorkDCT/DitBlock/kernel.cpp:12568->/home/silvenchen/Desktop/DitBlock/WorkDCT/DitBlock/kernel.cpp:15624]   --->   Operation 56 'partselect' 'tmp' <Predicate = true> <Delay = 0.00>
ST_5 : Operation 57 [1/1] (0.00ns)   --->   "%trunc_ln12568 = trunc i32 %bitcast_ln12568" [/home/silvenchen/Desktop/DitBlock/WorkDCT/DitBlock/kernel.cpp:12568->/home/silvenchen/Desktop/DitBlock/WorkDCT/DitBlock/kernel.cpp:15624]   --->   Operation 57 'trunc' 'trunc_ln12568' <Predicate = true> <Delay = 0.00>
ST_5 : Operation 58 [1/1] (0.00ns)   --->   "%bitcast_ln12568_1 = bitcast i32 %v6911_load" [/home/silvenchen/Desktop/DitBlock/WorkDCT/DitBlock/kernel.cpp:12568->/home/silvenchen/Desktop/DitBlock/WorkDCT/DitBlock/kernel.cpp:15624]   --->   Operation 58 'bitcast' 'bitcast_ln12568_1' <Predicate = true> <Delay = 0.00>
ST_5 : Operation 59 [1/1] (0.00ns)   --->   "%tmp_1 = partselect i8 @_ssdm_op_PartSelect.i8.i32.i32.i32, i32 %bitcast_ln12568_1, i32 23, i32 30" [/home/silvenchen/Desktop/DitBlock/WorkDCT/DitBlock/kernel.cpp:12568->/home/silvenchen/Desktop/DitBlock/WorkDCT/DitBlock/kernel.cpp:15624]   --->   Operation 59 'partselect' 'tmp_1' <Predicate = true> <Delay = 0.00>
ST_5 : Operation 60 [1/1] (0.00ns)   --->   "%trunc_ln12568_1 = trunc i32 %bitcast_ln12568_1" [/home/silvenchen/Desktop/DitBlock/WorkDCT/DitBlock/kernel.cpp:12568->/home/silvenchen/Desktop/DitBlock/WorkDCT/DitBlock/kernel.cpp:15624]   --->   Operation 60 'trunc' 'trunc_ln12568_1' <Predicate = true> <Delay = 0.00>
ST_5 : Operation 61 [1/1] (0.70ns)   --->   "%icmp_ln12568 = icmp_ne  i8 %tmp, i8 255" [/home/silvenchen/Desktop/DitBlock/WorkDCT/DitBlock/kernel.cpp:12568->/home/silvenchen/Desktop/DitBlock/WorkDCT/DitBlock/kernel.cpp:15624]   --->   Operation 61 'icmp' 'icmp_ln12568' <Predicate = true> <Delay = 0.70> <CoreInst = "Cmp">   --->   Core 9 'Cmp' <Latency = 0> <II = 1> <Delay = 0.70> <FuncUnit> <Opcode : 'icmp'> <InPorts = 2> <OutPorts = 1>
ST_5 : Operation 62 [1/1] (0.82ns)   --->   "%icmp_ln12568_1 = icmp_eq  i23 %trunc_ln12568, i23 0" [/home/silvenchen/Desktop/DitBlock/WorkDCT/DitBlock/kernel.cpp:12568->/home/silvenchen/Desktop/DitBlock/WorkDCT/DitBlock/kernel.cpp:15624]   --->   Operation 62 'icmp' 'icmp_ln12568_1' <Predicate = true> <Delay = 0.82> <CoreInst = "Cmp">   --->   Core 9 'Cmp' <Latency = 0> <II = 1> <Delay = 0.82> <FuncUnit> <Opcode : 'icmp'> <InPorts = 2> <OutPorts = 1>
ST_5 : Operation 63 [1/1] (0.00ns) (grouped into LUT with out node v6912)   --->   "%or_ln12568 = or i1 %icmp_ln12568_1, i1 %icmp_ln12568" [/home/silvenchen/Desktop/DitBlock/WorkDCT/DitBlock/kernel.cpp:12568->/home/silvenchen/Desktop/DitBlock/WorkDCT/DitBlock/kernel.cpp:15624]   --->   Operation 63 'or' 'or_ln12568' <Predicate = true> <Delay = 0.00> <CoreInst = "LogicGate">   --->   Core 74 'LogicGate' <Latency = 0> <II = 1> <Delay = 0.12> <FuncUnit> <Opcode : 'and' 'or' 'xor'> <InPorts = 2> <OutPorts = 1>
ST_5 : Operation 64 [1/1] (0.70ns)   --->   "%icmp_ln12568_2 = icmp_ne  i8 %tmp_1, i8 255" [/home/silvenchen/Desktop/DitBlock/WorkDCT/DitBlock/kernel.cpp:12568->/home/silvenchen/Desktop/DitBlock/WorkDCT/DitBlock/kernel.cpp:15624]   --->   Operation 64 'icmp' 'icmp_ln12568_2' <Predicate = true> <Delay = 0.70> <CoreInst = "Cmp">   --->   Core 9 'Cmp' <Latency = 0> <II = 1> <Delay = 0.70> <FuncUnit> <Opcode : 'icmp'> <InPorts = 2> <OutPorts = 1>
ST_5 : Operation 65 [1/1] (0.82ns)   --->   "%icmp_ln12568_3 = icmp_eq  i23 %trunc_ln12568_1, i23 0" [/home/silvenchen/Desktop/DitBlock/WorkDCT/DitBlock/kernel.cpp:12568->/home/silvenchen/Desktop/DitBlock/WorkDCT/DitBlock/kernel.cpp:15624]   --->   Operation 65 'icmp' 'icmp_ln12568_3' <Predicate = true> <Delay = 0.82> <CoreInst = "Cmp">   --->   Core 9 'Cmp' <Latency = 0> <II = 1> <Delay = 0.82> <FuncUnit> <Opcode : 'icmp'> <InPorts = 2> <OutPorts = 1>
ST_5 : Operation 66 [1/1] (0.00ns) (grouped into LUT with out node v6912)   --->   "%or_ln12568_1 = or i1 %icmp_ln12568_3, i1 %icmp_ln12568_2" [/home/silvenchen/Desktop/DitBlock/WorkDCT/DitBlock/kernel.cpp:12568->/home/silvenchen/Desktop/DitBlock/WorkDCT/DitBlock/kernel.cpp:15624]   --->   Operation 66 'or' 'or_ln12568_1' <Predicate = true> <Delay = 0.00> <CoreInst = "LogicGate">   --->   Core 74 'LogicGate' <Latency = 0> <II = 1> <Delay = 0.12> <FuncUnit> <Opcode : 'and' 'or' 'xor'> <InPorts = 2> <OutPorts = 1>
ST_5 : Operation 67 [1/1] (0.00ns) (grouped into LUT with out node v6912)   --->   "%and_ln12568 = and i1 %or_ln12568, i1 %tmp_2" [/home/silvenchen/Desktop/DitBlock/WorkDCT/DitBlock/kernel.cpp:12568->/home/silvenchen/Desktop/DitBlock/WorkDCT/DitBlock/kernel.cpp:15624]   --->   Operation 67 'and' 'and_ln12568' <Predicate = true> <Delay = 0.00> <CoreInst = "LogicGate">   --->   Core 74 'LogicGate' <Latency = 0> <II = 1> <Delay = 0.12> <FuncUnit> <Opcode : 'and' 'or' 'xor'> <InPorts = 2> <OutPorts = 1>
ST_5 : Operation 68 [1/1] (0.12ns) (out node of the LUT)   --->   "%v6912 = and i1 %and_ln12568, i1 %or_ln12568_1" [/home/silvenchen/Desktop/DitBlock/WorkDCT/DitBlock/kernel.cpp:12568->/home/silvenchen/Desktop/DitBlock/WorkDCT/DitBlock/kernel.cpp:15624]   --->   Operation 68 'and' 'v6912' <Predicate = true> <Delay = 0.12> <CoreInst = "LogicGate">   --->   Core 74 'LogicGate' <Latency = 0> <II = 1> <Delay = 0.12> <FuncUnit> <Opcode : 'and' 'or' 'xor'> <InPorts = 2> <OutPorts = 1>
ST_5 : Operation 69 [1/1] (0.22ns) (out node of the LUT)   --->   "%select_ln12569 = select i1 %v6912, i32 %v6910, i32 %v6911_load" [/home/silvenchen/Desktop/DitBlock/WorkDCT/DitBlock/kernel.cpp:12569->/home/silvenchen/Desktop/DitBlock/WorkDCT/DitBlock/kernel.cpp:15624]   --->   Operation 69 'select' 'select_ln12569' <Predicate = true> <Delay = 0.22> <CoreInst = "Sel">   --->   Core 73 'Sel' <Latency = 0> <II = 1> <Delay = 0.22> <FuncUnit> <Opcode : 'select'> <InPorts = 3> <OutPorts = 1>
ST_5 : Operation 70 [1/1] (1.20ns)   --->   "%store_ln12567 = store i32 %select_ln12569, i10 %M_addr" [/home/silvenchen/Desktop/DitBlock/WorkDCT/DitBlock/kernel.cpp:12567->/home/silvenchen/Desktop/DitBlock/WorkDCT/DitBlock/kernel.cpp:15624]   --->   Operation 70 'store' 'store_ln12567' <Predicate = (icmp_ln12565_1)> <Delay = 1.20> <CoreInst = "RAM">   --->   Core 83 'RAM' <Latency = 1> <II = 1> <Delay = 1.20> <Storage> <Opcode : 'load' 'store'> <Ports = 2> <Width = 32> <Depth = 1024> <RAM>
ST_5 : Operation 71 [1/1] (0.00ns)   --->   "%br_ln12565 = br void %new.latch.for.body17.i.split" [/home/silvenchen/Desktop/DitBlock/WorkDCT/DitBlock/kernel.cpp:12565->/home/silvenchen/Desktop/DitBlock/WorkDCT/DitBlock/kernel.cpp:15624]   --->   Operation 71 'br' 'br_ln12565' <Predicate = (icmp_ln12565_1)> <Delay = 0.00>
ST_5 : Operation 72 [1/1] (0.38ns)   --->   "%store_ln12567 = store i32 %select_ln12569, i32 %v6911" [/home/silvenchen/Desktop/DitBlock/WorkDCT/DitBlock/kernel.cpp:12567->/home/silvenchen/Desktop/DitBlock/WorkDCT/DitBlock/kernel.cpp:15624]   --->   Operation 72 'store' 'store_ln12567' <Predicate = (!icmp_ln12564)> <Delay = 0.38>


============================================================
+ Verbose Summary: Binding
============================================================
STG Binding: 
---------------- STG Properties BEGIN ----------------
- Is combinational: 0
- Is one-state seq: 0
- Is datapath-only: 0
- Is pipelined: 0
- Is top level: 0
Port [ Return ] is wired: 1; IO mode=ap_ctrl_hs:ce=0
Port [ Y1]:  wired=1; compound=1; hidden=0; nouse=0; global=0; static=0; extern=0; dir=0; type=1; pingpong=0; private_global=0; MemPort=[13]; IO mode=ap_memory:ce=0
Port [ M]:  wired=1; compound=1; hidden=0; nouse=0; global=0; static=0; extern=0; dir=2; type=1; pingpong=0; private_global=0; MemPort=[23]; IO mode=ap_memory:ce=0
---------------- STG Properties END ------------------

---------------- Datapath Model BEGIN ----------------

<LifeTime>
<method=bitvector/>
j10                   (alloca           ) [ 011000]
i12                   (alloca           ) [ 011000]
indvar_flatten24      (alloca           ) [ 011000]
v6911                 (alloca           ) [ 011111]
specmemcore_ln0       (specmemcore      ) [ 000000]
store_ln0             (store            ) [ 000000]
store_ln12564         (store            ) [ 000000]
store_ln12565         (store            ) [ 000000]
br_ln0                (br               ) [ 011000]
first_iter_3          (phi              ) [ 001000]
indvar_flatten24_load (load             ) [ 000000]
icmp_ln12564          (icmp             ) [ 011111]
add_ln12564_1         (add              ) [ 000000]
br_ln12564            (br               ) [ 000000]
j10_load              (load             ) [ 000000]
i12_load              (load             ) [ 000000]
add_ln12564           (add              ) [ 000000]
specloopname_ln0      (specloopname     ) [ 000000]
speclooptripcount_ln0 (speclooptripcount) [ 000000]
icmp_ln12565          (icmp             ) [ 000000]
or_ln12564            (or               ) [ 011100]
select_ln12564        (select           ) [ 000000]
select_ln12564_1      (select           ) [ 000000]
trunc_ln12564         (trunc            ) [ 000000]
zext_ln12564          (zext             ) [ 000000]
tmp_s                 (bitconcatenate   ) [ 000000]
M_addr                (getelementptr    ) [ 011111]
br_ln12565            (br               ) [ 000000]
zext_ln12566          (zext             ) [ 000000]
add_ln12566           (add              ) [ 000000]
zext_ln12566_1        (zext             ) [ 000000]
Y1_addr               (getelementptr    ) [ 010100]
add_ln12565           (add              ) [ 000000]
icmp_ln12565_1        (icmp             ) [ 011111]
br_ln12565            (br               ) [ 000000]
store_ln12564         (store            ) [ 000000]
store_ln12564         (store            ) [ 000000]
store_ln12565         (store            ) [ 000000]
br_ln12565            (br               ) [ 011000]
M_load                (load             ) [ 000000]
store_ln12567         (store            ) [ 000000]
br_ln12565            (br               ) [ 000000]
v6910                 (load             ) [ 011011]
v6911_load            (load             ) [ 010001]
tmp_2                 (fcmp             ) [ 010001]
specpipeline_ln12565  (specpipeline     ) [ 000000]
bitcast_ln12568       (bitcast          ) [ 000000]
tmp                   (partselect       ) [ 000000]
trunc_ln12568         (trunc            ) [ 000000]
bitcast_ln12568_1     (bitcast          ) [ 000000]
tmp_1                 (partselect       ) [ 000000]
trunc_ln12568_1       (trunc            ) [ 000000]
icmp_ln12568          (icmp             ) [ 000000]
icmp_ln12568_1        (icmp             ) [ 000000]
or_ln12568            (or               ) [ 000000]
icmp_ln12568_2        (icmp             ) [ 000000]
icmp_ln12568_3        (icmp             ) [ 000000]
or_ln12568_1          (or               ) [ 000000]
and_ln12568           (and              ) [ 000000]
v6912                 (and              ) [ 000000]
select_ln12569        (select           ) [ 000000]
store_ln12567         (store            ) [ 000000]
br_ln12565            (br               ) [ 000000]
store_ln12567         (store            ) [ 000000]
ret_ln0               (ret              ) [ 000000]
</LifeTime>

<model>

<comp_list>
<comp id="0" class="1000" name="Y1">
<pin_list>
<pin id="1" dir="1" index="0" bw="1" slack="0"/>
</pin_list>
<bind>
<StgValue><ssdm name="Y1"/><MemPortTyVec>1 3 </MemPortTyVec>
</StgValue>
</bind>
</comp>

<comp id="2" class="1000" name="M">
<pin_list>
<pin id="3" dir="1" index="0" bw="1" slack="0"/>
</pin_list>
<bind>
<StgValue><ssdm name="M"/><MemPortTyVec>2 3 </MemPortTyVec>
</StgValue>
</bind>
</comp>

<comp id="4" class="1001" name="const_4">
<pin_list>
<pin id="5" dir="1" index="0" bw="1" slack="0"/>
</pin_list>
<bind>
<StgValue><ssdm name=""/></StgValue>
</bind>
</comp>

<comp id="6" class="1001" name="const_6">
<pin_list>
<pin id="7" dir="1" index="0" bw="1" slack="2147483647"/>
</pin_list>
<bind>
<StgValue><ssdm name="_ssdm_op_SpecMemCore"/></StgValue>
</bind>
</comp>

<comp id="8" class="1001" name="const_8">
<pin_list>
<pin id="9" dir="1" index="0" bw="1" slack="2147483647"/>
</pin_list>
<bind>
<StgValue><ssdm name=""/></StgValue>
</bind>
</comp>

<comp id="10" class="1001" name="const_10">
<pin_list>
<pin id="11" dir="1" index="0" bw="1" slack="2147483647"/>
</pin_list>
<bind>
<StgValue><ssdm name=""/></StgValue>
</bind>
</comp>

<comp id="12" class="1001" name="const_12">
<pin_list>
<pin id="13" dir="1" index="0" bw="1" slack="2147483647"/>
</pin_list>
<bind>
<StgValue><ssdm name=""/></StgValue>
</bind>
</comp>

<comp id="14" class="1001" name="const_14">
<pin_list>
<pin id="15" dir="1" index="0" bw="1" slack="0"/>
</pin_list>
<bind>
<StgValue><ssdm name=""/></StgValue>
</bind>
</comp>

<comp id="16" class="1001" name="const_16">
<pin_list>
<pin id="17" dir="1" index="0" bw="1" slack="0"/>
</pin_list>
<bind>
<StgValue><ssdm name=""/></StgValue>
</bind>
</comp>

<comp id="18" class="1001" name="const_18">
<pin_list>
<pin id="19" dir="1" index="0" bw="1" slack="0"/>
</pin_list>
<bind>
<StgValue><ssdm name=""/></StgValue>
</bind>
</comp>

<comp id="20" class="1001" name="const_20">
<pin_list>
<pin id="21" dir="1" index="0" bw="1" slack="1"/>
</pin_list>
<bind>
<StgValue><ssdm name=""/></StgValue>
</bind>
</comp>

<comp id="22" class="1001" name="const_22">
<pin_list>
<pin id="23" dir="1" index="0" bw="1" slack="0"/>
</pin_list>
<bind>
<StgValue><ssdm name=""/></StgValue>
</bind>
</comp>

<comp id="24" class="1001" name="const_24">
<pin_list>
<pin id="25" dir="1" index="0" bw="1" slack="0"/>
</pin_list>
<bind>
<StgValue><ssdm name=""/></StgValue>
</bind>
</comp>

<comp id="26" class="1001" name="const_26">
<pin_list>
<pin id="27" dir="1" index="0" bw="1" slack="0"/>
</pin_list>
<bind>
<StgValue><ssdm name=""/></StgValue>
</bind>
</comp>

<comp id="28" class="1001" name="const_28">
<pin_list>
<pin id="29" dir="1" index="0" bw="1" slack="2147483647"/>
</pin_list>
<bind>
<StgValue><ssdm name="_ssdm_op_SpecLoopName"/></StgValue>
</bind>
</comp>

<comp id="30" class="1001" name="const_30">
<pin_list>
<pin id="31" dir="1" index="0" bw="1" slack="2147483647"/>
</pin_list>
<bind>
<StgValue><ssdm name="l_row_max_i12_l_j10_str"/></StgValue>
</bind>
</comp>

<comp id="32" class="1001" name="const_32">
<pin_list>
<pin id="33" dir="1" index="0" bw="1" slack="2147483647"/>
</pin_list>
<bind>
<StgValue><ssdm name="_ssdm_op_SpecLoopTripCount"/></StgValue>
</bind>
</comp>

<comp id="34" class="1001" name="const_34">
<pin_list>
<pin id="35" dir="1" index="0" bw="1" slack="2147483647"/>
</pin_list>
<bind>
<StgValue><ssdm name=""/></StgValue>
</bind>
</comp>

<comp id="36" class="1001" name="const_36">
<pin_list>
<pin id="37" dir="1" index="0" bw="1" slack="0"/>
</pin_list>
<bind>
<StgValue><ssdm name=""/></StgValue>
</bind>
</comp>

<comp id="38" class="1001" name="const_38">
<pin_list>
<pin id="39" dir="1" index="0" bw="1" slack="0"/>
</pin_list>
<bind>
<StgValue><ssdm name="_ssdm_op_BitConcatenate.i20.i10.i10"/></StgValue>
</bind>
</comp>

<comp id="40" class="1001" name="const_40">
<pin_list>
<pin id="41" dir="1" index="0" bw="1" slack="0"/>
</pin_list>
<bind>
<StgValue><ssdm name=""/></StgValue>
</bind>
</comp>

<comp id="42" class="1001" name="const_42">
<pin_list>
<pin id="43" dir="1" index="0" bw="1" slack="0"/>
</pin_list>
<bind>
<StgValue><ssdm name=""/></StgValue>
</bind>
</comp>

<comp id="44" class="1001" name="const_44">
<pin_list>
<pin id="45" dir="1" index="0" bw="1" slack="2147483647"/>
</pin_list>
<bind>
<StgValue><ssdm name="_ssdm_op_SpecPipeline"/></StgValue>
</bind>
</comp>

<comp id="46" class="1001" name="const_46">
<pin_list>
<pin id="47" dir="1" index="0" bw="1" slack="2147483647"/>
</pin_list>
<bind>
<StgValue><ssdm name=""/></StgValue>
</bind>
</comp>

<comp id="48" class="1001" name="const_48">
<pin_list>
<pin id="49" dir="1" index="0" bw="1" slack="2147483647"/>
</pin_list>
<bind>
<StgValue><ssdm name=""/></StgValue>
</bind>
</comp>

<comp id="50" class="1001" name="const_50">
<pin_list>
<pin id="51" dir="1" index="0" bw="1" slack="2147483647"/>
</pin_list>
<bind>
<StgValue><ssdm name="empty_191"/></StgValue>
</bind>
</comp>

<comp id="52" class="1001" name="const_52">
<pin_list>
<pin id="53" dir="1" index="0" bw="1" slack="0"/>
</pin_list>
<bind>
<StgValue><ssdm name="_ssdm_op_PartSelect.i8.i32.i32.i32"/></StgValue>
</bind>
</comp>

<comp id="54" class="1001" name="const_54">
<pin_list>
<pin id="55" dir="1" index="0" bw="1" slack="0"/>
</pin_list>
<bind>
<StgValue><ssdm name=""/></StgValue>
</bind>
</comp>

<comp id="56" class="1001" name="const_56">
<pin_list>
<pin id="57" dir="1" index="0" bw="1" slack="0"/>
</pin_list>
<bind>
<StgValue><ssdm name=""/></StgValue>
</bind>
</comp>

<comp id="58" class="1001" name="const_58">
<pin_list>
<pin id="59" dir="1" index="0" bw="1" slack="0"/>
</pin_list>
<bind>
<StgValue><ssdm name=""/></StgValue>
</bind>
</comp>

<comp id="60" class="1001" name="const_60">
<pin_list>
<pin id="61" dir="1" index="0" bw="1" slack="0"/>
</pin_list>
<bind>
<StgValue><ssdm name=""/></StgValue>
</bind>
</comp>

<comp id="62" class="1004" name="j10_fu_62">
<pin_list>
<pin id="63" dir="0" index="0" bw="1" slack="0"/>
<pin id="64" dir="1" index="1" bw="11" slack="0"/>
</pin_list>
<bind>
<opcode="alloca(26) " fcode="alloca"/>
<opset="j10/1 "/>
</bind>
</comp>

<comp id="66" class="1004" name="i12_fu_66">
<pin_list>
<pin id="67" dir="0" index="0" bw="1" slack="0"/>
<pin id="68" dir="1" index="1" bw="11" slack="0"/>
</pin_list>
<bind>
<opcode="alloca(26) " fcode="alloca"/>
<opset="i12/1 "/>
</bind>
</comp>

<comp id="70" class="1004" name="indvar_flatten24_fu_70">
<pin_list>
<pin id="71" dir="0" index="0" bw="1" slack="0"/>
<pin id="72" dir="1" index="1" bw="21" slack="0"/>
</pin_list>
<bind>
<opcode="alloca(26) " fcode="alloca"/>
<opset="indvar_flatten24/1 "/>
</bind>
</comp>

<comp id="74" class="1004" name="v6911_fu_74">
<pin_list>
<pin id="75" dir="0" index="0" bw="1" slack="0"/>
<pin id="76" dir="1" index="1" bw="32" slack="2"/>
</pin_list>
<bind>
<opcode="alloca(26) " fcode="alloca"/>
<opset="v6911/1 "/>
</bind>
</comp>

<comp id="78" class="1004" name="M_addr_gep_fu_78">
<pin_list>
<pin id="79" dir="0" index="0" bw="32" slack="0"/>
<pin id="80" dir="0" index="1" bw="1" slack="0"/>
<pin id="81" dir="0" index="2" bw="11" slack="0"/>
<pin id="82" dir="1" index="3" bw="10" slack="0"/>
</pin_list>
<bind>
<opcode="getelementptr(29) " fcode="getelementptr"/>
<opset="M_addr/2 "/>
</bind>
</comp>

<comp id="85" class="1004" name="grp_access_fu_85">
<pin_list>
<pin id="86" dir="0" index="0" bw="10" slack="0"/>
<pin id="87" dir="0" index="1" bw="32" slack="0"/>
<pin id="88" dir="0" index="2" bw="0" slack="2147483647"/>
<pin id="89" dir="1" index="3" bw="32" slack="0"/>
</pin_list>
<bind>
<opcode="load(27) store(28) " fcode="store"/>
<opset="M_load/2 store_ln12567/5 "/>
</bind>
</comp>

<comp id="91" class="1004" name="Y1_addr_gep_fu_91">
<pin_list>
<pin id="92" dir="0" index="0" bw="32" slack="0"/>
<pin id="93" dir="0" index="1" bw="1" slack="0"/>
<pin id="94" dir="0" index="2" bw="20" slack="0"/>
<pin id="95" dir="1" index="3" bw="20" slack="0"/>
</pin_list>
<bind>
<opcode="getelementptr(29) " fcode="getelementptr"/>
<opset="Y1_addr/2 "/>
</bind>
</comp>

<comp id="98" class="1004" name="grp_access_fu_98">
<pin_list>
<pin id="99" dir="0" index="0" bw="20" slack="0"/>
<pin id="100" dir="0" index="1" bw="32" slack="2147483647"/>
<pin id="101" dir="0" index="2" bw="0" slack="2147483647"/>
<pin id="102" dir="1" index="3" bw="32" slack="1"/>
</pin_list>
<bind>
<opcode="load(27) " fcode="load"/>
<opset="v6910/2 "/>
</bind>
</comp>

<comp id="104" class="1005" name="first_iter_3_reg_104">
<pin_list>
<pin id="105" dir="0" index="0" bw="1" slack="1"/>
<pin id="106" dir="1" index="1" bw="1" slack="1"/>
</pin_list>
<bind>
<opset="first_iter_3 (phireg) "/>
</bind>
</comp>

<comp id="108" class="1004" name="first_iter_3_phi_fu_108">
<pin_list>
<pin id="109" dir="0" index="0" bw="1" slack="0"/>
<pin id="110" dir="0" index="1" bw="0" slack="2147483647"/>
<pin id="111" dir="0" index="2" bw="1" slack="1"/>
<pin id="112" dir="0" index="3" bw="0" slack="2147483647"/>
<pin id="113" dir="1" index="4" bw="1" slack="0"/>
</pin_list>
<bind>
<opcode="phi(47) " fcode="phi"/>
<opset="first_iter_3/2 "/>
</bind>
</comp>

<comp id="116" class="1004" name="tmp_2_fu_116">
<pin_list>
<pin id="117" dir="0" index="0" bw="32" slack="1"/>
<pin id="118" dir="0" index="1" bw="32" slack="0"/>
<pin id="119" dir="1" index="2" bw="1" slack="1"/>
</pin_list>
<bind>
<opcode="fcmp(46) " fcode="fcmp"/>
<opset="tmp_2/4 "/>
</bind>
</comp>

<comp id="120" class="1004" name="store_ln0_store_fu_120">
<pin_list>
<pin id="121" dir="0" index="0" bw="1" slack="0"/>
<pin id="122" dir="0" index="1" bw="21" slack="0"/>
<pin id="123" dir="1" index="2" bw="0" slack="2147483647"/>
</pin_list>
<bind>
<opcode="store(28) " fcode="store"/>
<opset="store_ln0/1 "/>
</bind>
</comp>

<comp id="125" class="1004" name="store_ln12564_store_fu_125">
<pin_list>
<pin id="126" dir="0" index="0" bw="1" slack="0"/>
<pin id="127" dir="0" index="1" bw="11" slack="0"/>
<pin id="128" dir="1" index="2" bw="0" slack="2147483647"/>
</pin_list>
<bind>
<opcode="store(28) " fcode="store"/>
<opset="store_ln12564/1 "/>
</bind>
</comp>

<comp id="130" class="1004" name="store_ln12565_store_fu_130">
<pin_list>
<pin id="131" dir="0" index="0" bw="1" slack="0"/>
<pin id="132" dir="0" index="1" bw="11" slack="0"/>
<pin id="133" dir="1" index="2" bw="0" slack="2147483647"/>
</pin_list>
<bind>
<opcode="store(28) " fcode="store"/>
<opset="store_ln12565/1 "/>
</bind>
</comp>

<comp id="135" class="1004" name="indvar_flatten24_load_load_fu_135">
<pin_list>
<pin id="136" dir="0" index="0" bw="21" slack="1"/>
<pin id="137" dir="1" index="1" bw="21" slack="0"/>
</pin_list>
<bind>
<opcode="load(27) " fcode="load"/>
<opset="indvar_flatten24_load/2 "/>
</bind>
</comp>

<comp id="138" class="1004" name="icmp_ln12564_fu_138">
<pin_list>
<pin id="139" dir="0" index="0" bw="21" slack="0"/>
<pin id="140" dir="0" index="1" bw="21" slack="0"/>
<pin id="141" dir="1" index="2" bw="1" slack="1"/>
</pin_list>
<bind>
<opcode="icmp(45) " fcode="icmp"/>
<opset="icmp_ln12564/2 "/>
</bind>
</comp>

<comp id="144" class="1004" name="add_ln12564_1_fu_144">
<pin_list>
<pin id="145" dir="0" index="0" bw="21" slack="0"/>
<pin id="146" dir="0" index="1" bw="1" slack="0"/>
<pin id="147" dir="1" index="2" bw="21" slack="0"/>
</pin_list>
<bind>
<opcode="add(8) " fcode="add"/>
<opset="add_ln12564_1/2 "/>
</bind>
</comp>

<comp id="150" class="1004" name="j10_load_load_fu_150">
<pin_list>
<pin id="151" dir="0" index="0" bw="11" slack="1"/>
<pin id="152" dir="1" index="1" bw="11" slack="0"/>
</pin_list>
<bind>
<opcode="load(27) " fcode="load"/>
<opset="j10_load/2 "/>
</bind>
</comp>

<comp id="153" class="1004" name="i12_load_load_fu_153">
<pin_list>
<pin id="154" dir="0" index="0" bw="11" slack="1"/>
<pin id="155" dir="1" index="1" bw="11" slack="0"/>
</pin_list>
<bind>
<opcode="load(27) " fcode="load"/>
<opset="i12_load/2 "/>
</bind>
</comp>

<comp id="156" class="1004" name="add_ln12564_fu_156">
<pin_list>
<pin id="157" dir="0" index="0" bw="11" slack="0"/>
<pin id="158" dir="0" index="1" bw="1" slack="0"/>
<pin id="159" dir="1" index="2" bw="11" slack="0"/>
</pin_list>
<bind>
<opcode="add(8) " fcode="add"/>
<opset="add_ln12564/2 "/>
</bind>
</comp>

<comp id="162" class="1004" name="icmp_ln12565_fu_162">
<pin_list>
<pin id="163" dir="0" index="0" bw="11" slack="0"/>
<pin id="164" dir="0" index="1" bw="11" slack="0"/>
<pin id="165" dir="1" index="2" bw="1" slack="0"/>
</pin_list>
<bind>
<opcode="icmp(45) " fcode="icmp"/>
<opset="icmp_ln12565/2 "/>
</bind>
</comp>

<comp id="168" class="1004" name="or_ln12564_fu_168">
<pin_list>
<pin id="169" dir="0" index="0" bw="1" slack="0"/>
<pin id="170" dir="0" index="1" bw="1" slack="0"/>
<pin id="171" dir="1" index="2" bw="1" slack="1"/>
</pin_list>
<bind>
<opcode="or(24) " fcode="or"/>
<opset="or_ln12564/2 "/>
</bind>
</comp>

<comp id="174" class="1004" name="select_ln12564_fu_174">
<pin_list>
<pin id="175" dir="0" index="0" bw="1" slack="0"/>
<pin id="176" dir="0" index="1" bw="1" slack="0"/>
<pin id="177" dir="0" index="2" bw="11" slack="0"/>
<pin id="178" dir="1" index="3" bw="11" slack="0"/>
</pin_list>
<bind>
<opcode="select(49) " fcode="select"/>
<opset="select_ln12564/2 "/>
</bind>
</comp>

<comp id="182" class="1004" name="select_ln12564_1_fu_182">
<pin_list>
<pin id="183" dir="0" index="0" bw="1" slack="0"/>
<pin id="184" dir="0" index="1" bw="11" slack="0"/>
<pin id="185" dir="0" index="2" bw="11" slack="0"/>
<pin id="186" dir="1" index="3" bw="11" slack="0"/>
</pin_list>
<bind>
<opcode="select(49) " fcode="select"/>
<opset="select_ln12564_1/2 "/>
</bind>
</comp>

<comp id="190" class="1004" name="trunc_ln12564_fu_190">
<pin_list>
<pin id="191" dir="0" index="0" bw="11" slack="0"/>
<pin id="192" dir="1" index="1" bw="10" slack="0"/>
</pin_list>
<bind>
<opcode="trunc(33) " fcode="trunc"/>
<opset="trunc_ln12564/2 "/>
</bind>
</comp>

<comp id="194" class="1004" name="zext_ln12564_fu_194">
<pin_list>
<pin id="195" dir="0" index="0" bw="11" slack="0"/>
<pin id="196" dir="1" index="1" bw="64" slack="0"/>
</pin_list>
<bind>
<opcode="zext(34) " fcode="zext"/>
<opset="zext_ln12564/2 "/>
</bind>
</comp>

<comp id="199" class="1004" name="tmp_s_fu_199">
<pin_list>
<pin id="200" dir="0" index="0" bw="20" slack="0"/>
<pin id="201" dir="0" index="1" bw="10" slack="0"/>
<pin id="202" dir="0" index="2" bw="1" slack="0"/>
<pin id="203" dir="1" index="3" bw="20" slack="0"/>
</pin_list>
<bind>
<opcode="bitconcatenate(1004) " fcode="bitconcatenate"/>
<opset="tmp_s/2 "/>
</bind>
</comp>

<comp id="207" class="1004" name="zext_ln12566_fu_207">
<pin_list>
<pin id="208" dir="0" index="0" bw="11" slack="0"/>
<pin id="209" dir="1" index="1" bw="20" slack="0"/>
</pin_list>
<bind>
<opcode="zext(34) " fcode="zext"/>
<opset="zext_ln12566/2 "/>
</bind>
</comp>

<comp id="211" class="1004" name="add_ln12566_fu_211">
<pin_list>
<pin id="212" dir="0" index="0" bw="20" slack="0"/>
<pin id="213" dir="0" index="1" bw="11" slack="0"/>
<pin id="214" dir="1" index="2" bw="20" slack="0"/>
</pin_list>
<bind>
<opcode="add(8) " fcode="add"/>
<opset="add_ln12566/2 "/>
</bind>
</comp>

<comp id="217" class="1004" name="zext_ln12566_1_fu_217">
<pin_list>
<pin id="218" dir="0" index="0" bw="20" slack="0"/>
<pin id="219" dir="1" index="1" bw="64" slack="0"/>
</pin_list>
<bind>
<opcode="zext(34) " fcode="zext"/>
<opset="zext_ln12566_1/2 "/>
</bind>
</comp>

<comp id="222" class="1004" name="add_ln12565_fu_222">
<pin_list>
<pin id="223" dir="0" index="0" bw="11" slack="0"/>
<pin id="224" dir="0" index="1" bw="1" slack="0"/>
<pin id="225" dir="1" index="2" bw="11" slack="0"/>
</pin_list>
<bind>
<opcode="add(8) " fcode="add"/>
<opset="add_ln12565/2 "/>
</bind>
</comp>

<comp id="228" class="1004" name="icmp_ln12565_1_fu_228">
<pin_list>
<pin id="229" dir="0" index="0" bw="11" slack="0"/>
<pin id="230" dir="0" index="1" bw="11" slack="0"/>
<pin id="231" dir="1" index="2" bw="1" slack="3"/>
</pin_list>
<bind>
<opcode="icmp(45) " fcode="icmp"/>
<opset="icmp_ln12565_1/2 "/>
</bind>
</comp>

<comp id="234" class="1004" name="store_ln12564_store_fu_234">
<pin_list>
<pin id="235" dir="0" index="0" bw="21" slack="0"/>
<pin id="236" dir="0" index="1" bw="21" slack="1"/>
<pin id="237" dir="1" index="2" bw="0" slack="2147483647"/>
</pin_list>
<bind>
<opcode="store(28) " fcode="store"/>
<opset="store_ln12564/2 "/>
</bind>
</comp>

<comp id="239" class="1004" name="store_ln12564_store_fu_239">
<pin_list>
<pin id="240" dir="0" index="0" bw="11" slack="0"/>
<pin id="241" dir="0" index="1" bw="11" slack="1"/>
<pin id="242" dir="1" index="2" bw="0" slack="2147483647"/>
</pin_list>
<bind>
<opcode="store(28) " fcode="store"/>
<opset="store_ln12564/2 "/>
</bind>
</comp>

<comp id="244" class="1004" name="store_ln12565_store_fu_244">
<pin_list>
<pin id="245" dir="0" index="0" bw="11" slack="0"/>
<pin id="246" dir="0" index="1" bw="11" slack="1"/>
<pin id="247" dir="1" index="2" bw="0" slack="2147483647"/>
</pin_list>
<bind>
<opcode="store(28) " fcode="store"/>
<opset="store_ln12565/2 "/>
</bind>
</comp>

<comp id="249" class="1004" name="store_ln12567_store_fu_249">
<pin_list>
<pin id="250" dir="0" index="0" bw="32" slack="0"/>
<pin id="251" dir="0" index="1" bw="32" slack="2"/>
<pin id="252" dir="1" index="2" bw="0" slack="2147483647"/>
</pin_list>
<bind>
<opcode="store(28) " fcode="store"/>
<opset="store_ln12567/3 "/>
</bind>
</comp>

<comp id="254" class="1004" name="v6911_load_load_fu_254">
<pin_list>
<pin id="255" dir="0" index="0" bw="32" slack="3"/>
<pin id="256" dir="1" index="1" bw="32" slack="0"/>
</pin_list>
<bind>
<opcode="load(27) " fcode="load"/>
<opset="v6911_load/4 "/>
</bind>
</comp>

<comp id="258" class="1004" name="bitcast_ln12568_fu_258">
<pin_list>
<pin id="259" dir="0" index="0" bw="32" slack="2"/>
<pin id="260" dir="1" index="1" bw="32" slack="0"/>
</pin_list>
<bind>
<opcode="bitcast(44) " fcode="bitcast"/>
<opset="bitcast_ln12568/5 "/>
</bind>
</comp>

<comp id="261" class="1004" name="tmp_fu_261">
<pin_list>
<pin id="262" dir="0" index="0" bw="8" slack="0"/>
<pin id="263" dir="0" index="1" bw="32" slack="0"/>
<pin id="264" dir="0" index="2" bw="6" slack="0"/>
<pin id="265" dir="0" index="3" bw="6" slack="0"/>
<pin id="266" dir="1" index="4" bw="8" slack="0"/>
</pin_list>
<bind>
<opcode="partselect(1002) " fcode="partselect"/>
<opset="tmp/5 "/>
</bind>
</comp>

<comp id="271" class="1004" name="trunc_ln12568_fu_271">
<pin_list>
<pin id="272" dir="0" index="0" bw="32" slack="0"/>
<pin id="273" dir="1" index="1" bw="23" slack="0"/>
</pin_list>
<bind>
<opcode="trunc(33) " fcode="trunc"/>
<opset="trunc_ln12568/5 "/>
</bind>
</comp>

<comp id="275" class="1004" name="bitcast_ln12568_1_fu_275">
<pin_list>
<pin id="276" dir="0" index="0" bw="32" slack="1"/>
<pin id="277" dir="1" index="1" bw="32" slack="0"/>
</pin_list>
<bind>
<opcode="bitcast(44) " fcode="bitcast"/>
<opset="bitcast_ln12568_1/5 "/>
</bind>
</comp>

<comp id="278" class="1004" name="tmp_1_fu_278">
<pin_list>
<pin id="279" dir="0" index="0" bw="8" slack="0"/>
<pin id="280" dir="0" index="1" bw="32" slack="0"/>
<pin id="281" dir="0" index="2" bw="6" slack="0"/>
<pin id="282" dir="0" index="3" bw="6" slack="0"/>
<pin id="283" dir="1" index="4" bw="8" slack="0"/>
</pin_list>
<bind>
<opcode="partselect(1002) " fcode="partselect"/>
<opset="tmp_1/5 "/>
</bind>
</comp>

<comp id="288" class="1004" name="trunc_ln12568_1_fu_288">
<pin_list>
<pin id="289" dir="0" index="0" bw="32" slack="0"/>
<pin id="290" dir="1" index="1" bw="23" slack="0"/>
</pin_list>
<bind>
<opcode="trunc(33) " fcode="trunc"/>
<opset="trunc_ln12568_1/5 "/>
</bind>
</comp>

<comp id="292" class="1004" name="icmp_ln12568_fu_292">
<pin_list>
<pin id="293" dir="0" index="0" bw="8" slack="0"/>
<pin id="294" dir="0" index="1" bw="1" slack="0"/>
<pin id="295" dir="1" index="2" bw="1" slack="0"/>
</pin_list>
<bind>
<opcode="icmp(45) " fcode="icmp"/>
<opset="icmp_ln12568/5 "/>
</bind>
</comp>

<comp id="298" class="1004" name="icmp_ln12568_1_fu_298">
<pin_list>
<pin id="299" dir="0" index="0" bw="23" slack="0"/>
<pin id="300" dir="0" index="1" bw="1" slack="0"/>
<pin id="301" dir="1" index="2" bw="1" slack="0"/>
</pin_list>
<bind>
<opcode="icmp(45) " fcode="icmp"/>
<opset="icmp_ln12568_1/5 "/>
</bind>
</comp>

<comp id="304" class="1004" name="or_ln12568_fu_304">
<pin_list>
<pin id="305" dir="0" index="0" bw="1" slack="0"/>
<pin id="306" dir="0" index="1" bw="1" slack="0"/>
<pin id="307" dir="1" index="2" bw="1" slack="0"/>
</pin_list>
<bind>
<opcode="or(24) " fcode="or"/>
<opset="or_ln12568/5 "/>
</bind>
</comp>

<comp id="310" class="1004" name="icmp_ln12568_2_fu_310">
<pin_list>
<pin id="311" dir="0" index="0" bw="8" slack="0"/>
<pin id="312" dir="0" index="1" bw="1" slack="0"/>
<pin id="313" dir="1" index="2" bw="1" slack="0"/>
</pin_list>
<bind>
<opcode="icmp(45) " fcode="icmp"/>
<opset="icmp_ln12568_2/5 "/>
</bind>
</comp>

<comp id="316" class="1004" name="icmp_ln12568_3_fu_316">
<pin_list>
<pin id="317" dir="0" index="0" bw="23" slack="0"/>
<pin id="318" dir="0" index="1" bw="1" slack="0"/>
<pin id="319" dir="1" index="2" bw="1" slack="0"/>
</pin_list>
<bind>
<opcode="icmp(45) " fcode="icmp"/>
<opset="icmp_ln12568_3/5 "/>
</bind>
</comp>

<comp id="322" class="1004" name="or_ln12568_1_fu_322">
<pin_list>
<pin id="323" dir="0" index="0" bw="1" slack="0"/>
<pin id="324" dir="0" index="1" bw="1" slack="0"/>
<pin id="325" dir="1" index="2" bw="1" slack="0"/>
</pin_list>
<bind>
<opcode="or(24) " fcode="or"/>
<opset="or_ln12568_1/5 "/>
</bind>
</comp>

<comp id="328" class="1004" name="and_ln12568_fu_328">
<pin_list>
<pin id="329" dir="0" index="0" bw="1" slack="0"/>
<pin id="330" dir="0" index="1" bw="1" slack="1"/>
<pin id="331" dir="1" index="2" bw="1" slack="0"/>
</pin_list>
<bind>
<opcode="and(23) " fcode="and"/>
<opset="and_ln12568/5 "/>
</bind>
</comp>

<comp id="333" class="1004" name="v6912_fu_333">
<pin_list>
<pin id="334" dir="0" index="0" bw="1" slack="0"/>
<pin id="335" dir="0" index="1" bw="1" slack="0"/>
<pin id="336" dir="1" index="2" bw="1" slack="0"/>
</pin_list>
<bind>
<opcode="and(23) " fcode="and"/>
<opset="v6912/5 "/>
</bind>
</comp>

<comp id="339" class="1004" name="select_ln12569_fu_339">
<pin_list>
<pin id="340" dir="0" index="0" bw="1" slack="0"/>
<pin id="341" dir="0" index="1" bw="32" slack="2"/>
<pin id="342" dir="0" index="2" bw="32" slack="1"/>
<pin id="343" dir="1" index="3" bw="32" slack="0"/>
</pin_list>
<bind>
<opcode="select(49) " fcode="select"/>
<opset="select_ln12569/5 "/>
</bind>
</comp>

<comp id="346" class="1004" name="store_ln12567_store_fu_346">
<pin_list>
<pin id="347" dir="0" index="0" bw="32" slack="0"/>
<pin id="348" dir="0" index="1" bw="32" slack="4"/>
<pin id="349" dir="1" index="2" bw="0" slack="2147483647"/>
</pin_list>
<bind>
<opcode="store(28) " fcode="store"/>
<opset="store_ln12567/5 "/>
</bind>
</comp>

<comp id="351" class="1005" name="j10_reg_351">
<pin_list>
<pin id="352" dir="0" index="0" bw="11" slack="0"/>
<pin id="353" dir="1" index="1" bw="11" slack="0"/>
</pin_list>
<bind>
<opset="j10 "/>
</bind>
</comp>

<comp id="358" class="1005" name="i12_reg_358">
<pin_list>
<pin id="359" dir="0" index="0" bw="11" slack="0"/>
<pin id="360" dir="1" index="1" bw="11" slack="0"/>
</pin_list>
<bind>
<opset="i12 "/>
</bind>
</comp>

<comp id="365" class="1005" name="indvar_flatten24_reg_365">
<pin_list>
<pin id="366" dir="0" index="0" bw="21" slack="0"/>
<pin id="367" dir="1" index="1" bw="21" slack="0"/>
</pin_list>
<bind>
<opset="indvar_flatten24 "/>
</bind>
</comp>

<comp id="372" class="1005" name="v6911_reg_372">
<pin_list>
<pin id="373" dir="0" index="0" bw="32" slack="2"/>
<pin id="374" dir="1" index="1" bw="32" slack="2"/>
</pin_list>
<bind>
<opset="v6911 "/>
</bind>
</comp>

<comp id="379" class="1005" name="icmp_ln12564_reg_379">
<pin_list>
<pin id="380" dir="0" index="0" bw="1" slack="1"/>
<pin id="381" dir="1" index="1" bw="1" slack="2147483647"/>
</pin_list>
<bind>
<opset="icmp_ln12564 "/>
</bind>
</comp>

<comp id="383" class="1005" name="or_ln12564_reg_383">
<pin_list>
<pin id="384" dir="0" index="0" bw="1" slack="1"/>
<pin id="385" dir="1" index="1" bw="1" slack="2147483647"/>
</pin_list>
<bind>
<opset="or_ln12564 "/>
</bind>
</comp>

<comp id="387" class="1005" name="M_addr_reg_387">
<pin_list>
<pin id="388" dir="0" index="0" bw="10" slack="1"/>
<pin id="389" dir="1" index="1" bw="10" slack="1"/>
</pin_list>
<bind>
<opset="M_addr "/>
</bind>
</comp>

<comp id="392" class="1005" name="Y1_addr_reg_392">
<pin_list>
<pin id="393" dir="0" index="0" bw="20" slack="1"/>
<pin id="394" dir="1" index="1" bw="20" slack="1"/>
</pin_list>
<bind>
<opset="Y1_addr "/>
</bind>
</comp>

<comp id="397" class="1005" name="icmp_ln12565_1_reg_397">
<pin_list>
<pin id="398" dir="0" index="0" bw="1" slack="3"/>
<pin id="399" dir="1" index="1" bw="1" slack="2147483647"/>
</pin_list>
<bind>
<opset="icmp_ln12565_1 "/>
</bind>
</comp>

<comp id="401" class="1005" name="v6910_reg_401">
<pin_list>
<pin id="402" dir="0" index="0" bw="32" slack="1"/>
<pin id="403" dir="1" index="1" bw="32" slack="1"/>
</pin_list>
<bind>
<opset="v6910 "/>
</bind>
</comp>

<comp id="408" class="1005" name="v6911_load_reg_408">
<pin_list>
<pin id="409" dir="0" index="0" bw="32" slack="1"/>
<pin id="410" dir="1" index="1" bw="32" slack="1"/>
</pin_list>
<bind>
<opset="v6911_load "/>
</bind>
</comp>

<comp id="414" class="1005" name="tmp_2_reg_414">
<pin_list>
<pin id="415" dir="0" index="0" bw="1" slack="1"/>
<pin id="416" dir="1" index="1" bw="1" slack="1"/>
</pin_list>
<bind>
<opset="tmp_2 "/>
</bind>
</comp>

</comp_list>

<net_list>
<net id="65"><net_src comp="4" pin="0"/><net_sink comp="62" pin=0"/></net>

<net id="69"><net_src comp="4" pin="0"/><net_sink comp="66" pin=0"/></net>

<net id="73"><net_src comp="4" pin="0"/><net_sink comp="70" pin=0"/></net>

<net id="77"><net_src comp="4" pin="0"/><net_sink comp="74" pin=0"/></net>

<net id="83"><net_src comp="2" pin="0"/><net_sink comp="78" pin=0"/></net>

<net id="84"><net_src comp="42" pin="0"/><net_sink comp="78" pin=1"/></net>

<net id="90"><net_src comp="78" pin="3"/><net_sink comp="85" pin=0"/></net>

<net id="96"><net_src comp="0" pin="0"/><net_sink comp="91" pin=0"/></net>

<net id="97"><net_src comp="42" pin="0"/><net_sink comp="91" pin=1"/></net>

<net id="103"><net_src comp="91" pin="3"/><net_sink comp="98" pin=0"/></net>

<net id="107"><net_src comp="20" pin="0"/><net_sink comp="104" pin=0"/></net>

<net id="114"><net_src comp="18" pin="0"/><net_sink comp="108" pin=0"/></net>

<net id="115"><net_src comp="104" pin="1"/><net_sink comp="108" pin=2"/></net>

<net id="124"><net_src comp="14" pin="0"/><net_sink comp="120" pin=0"/></net>

<net id="129"><net_src comp="16" pin="0"/><net_sink comp="125" pin=0"/></net>

<net id="134"><net_src comp="16" pin="0"/><net_sink comp="130" pin=0"/></net>

<net id="142"><net_src comp="135" pin="1"/><net_sink comp="138" pin=0"/></net>

<net id="143"><net_src comp="22" pin="0"/><net_sink comp="138" pin=1"/></net>

<net id="148"><net_src comp="135" pin="1"/><net_sink comp="144" pin=0"/></net>

<net id="149"><net_src comp="24" pin="0"/><net_sink comp="144" pin=1"/></net>

<net id="160"><net_src comp="153" pin="1"/><net_sink comp="156" pin=0"/></net>

<net id="161"><net_src comp="26" pin="0"/><net_sink comp="156" pin=1"/></net>

<net id="166"><net_src comp="150" pin="1"/><net_sink comp="162" pin=0"/></net>

<net id="167"><net_src comp="36" pin="0"/><net_sink comp="162" pin=1"/></net>

<net id="172"><net_src comp="162" pin="2"/><net_sink comp="168" pin=0"/></net>

<net id="173"><net_src comp="108" pin="4"/><net_sink comp="168" pin=1"/></net>

<net id="179"><net_src comp="162" pin="2"/><net_sink comp="174" pin=0"/></net>

<net id="180"><net_src comp="16" pin="0"/><net_sink comp="174" pin=1"/></net>

<net id="181"><net_src comp="150" pin="1"/><net_sink comp="174" pin=2"/></net>

<net id="187"><net_src comp="162" pin="2"/><net_sink comp="182" pin=0"/></net>

<net id="188"><net_src comp="156" pin="2"/><net_sink comp="182" pin=1"/></net>

<net id="189"><net_src comp="153" pin="1"/><net_sink comp="182" pin=2"/></net>

<net id="193"><net_src comp="182" pin="3"/><net_sink comp="190" pin=0"/></net>

<net id="197"><net_src comp="182" pin="3"/><net_sink comp="194" pin=0"/></net>

<net id="198"><net_src comp="194" pin="1"/><net_sink comp="78" pin=2"/></net>

<net id="204"><net_src comp="38" pin="0"/><net_sink comp="199" pin=0"/></net>

<net id="205"><net_src comp="190" pin="1"/><net_sink comp="199" pin=1"/></net>

<net id="206"><net_src comp="40" pin="0"/><net_sink comp="199" pin=2"/></net>

<net id="210"><net_src comp="174" pin="3"/><net_sink comp="207" pin=0"/></net>

<net id="215"><net_src comp="199" pin="3"/><net_sink comp="211" pin=0"/></net>

<net id="216"><net_src comp="207" pin="1"/><net_sink comp="211" pin=1"/></net>

<net id="220"><net_src comp="211" pin="2"/><net_sink comp="217" pin=0"/></net>

<net id="221"><net_src comp="217" pin="1"/><net_sink comp="91" pin=2"/></net>

<net id="226"><net_src comp="174" pin="3"/><net_sink comp="222" pin=0"/></net>

<net id="227"><net_src comp="26" pin="0"/><net_sink comp="222" pin=1"/></net>

<net id="232"><net_src comp="222" pin="2"/><net_sink comp="228" pin=0"/></net>

<net id="233"><net_src comp="36" pin="0"/><net_sink comp="228" pin=1"/></net>

<net id="238"><net_src comp="144" pin="2"/><net_sink comp="234" pin=0"/></net>

<net id="243"><net_src comp="182" pin="3"/><net_sink comp="239" pin=0"/></net>

<net id="248"><net_src comp="222" pin="2"/><net_sink comp="244" pin=0"/></net>

<net id="253"><net_src comp="85" pin="3"/><net_sink comp="249" pin=0"/></net>

<net id="257"><net_src comp="254" pin="1"/><net_sink comp="116" pin=1"/></net>

<net id="267"><net_src comp="52" pin="0"/><net_sink comp="261" pin=0"/></net>

<net id="268"><net_src comp="258" pin="1"/><net_sink comp="261" pin=1"/></net>

<net id="269"><net_src comp="54" pin="0"/><net_sink comp="261" pin=2"/></net>

<net id="270"><net_src comp="56" pin="0"/><net_sink comp="261" pin=3"/></net>

<net id="274"><net_src comp="258" pin="1"/><net_sink comp="271" pin=0"/></net>

<net id="284"><net_src comp="52" pin="0"/><net_sink comp="278" pin=0"/></net>

<net id="285"><net_src comp="275" pin="1"/><net_sink comp="278" pin=1"/></net>

<net id="286"><net_src comp="54" pin="0"/><net_sink comp="278" pin=2"/></net>

<net id="287"><net_src comp="56" pin="0"/><net_sink comp="278" pin=3"/></net>

<net id="291"><net_src comp="275" pin="1"/><net_sink comp="288" pin=0"/></net>

<net id="296"><net_src comp="261" pin="4"/><net_sink comp="292" pin=0"/></net>

<net id="297"><net_src comp="58" pin="0"/><net_sink comp="292" pin=1"/></net>

<net id="302"><net_src comp="271" pin="1"/><net_sink comp="298" pin=0"/></net>

<net id="303"><net_src comp="60" pin="0"/><net_sink comp="298" pin=1"/></net>

<net id="308"><net_src comp="298" pin="2"/><net_sink comp="304" pin=0"/></net>

<net id="309"><net_src comp="292" pin="2"/><net_sink comp="304" pin=1"/></net>

<net id="314"><net_src comp="278" pin="4"/><net_sink comp="310" pin=0"/></net>

<net id="315"><net_src comp="58" pin="0"/><net_sink comp="310" pin=1"/></net>

<net id="320"><net_src comp="288" pin="1"/><net_sink comp="316" pin=0"/></net>

<net id="321"><net_src comp="60" pin="0"/><net_sink comp="316" pin=1"/></net>

<net id="326"><net_src comp="316" pin="2"/><net_sink comp="322" pin=0"/></net>

<net id="327"><net_src comp="310" pin="2"/><net_sink comp="322" pin=1"/></net>

<net id="332"><net_src comp="304" pin="2"/><net_sink comp="328" pin=0"/></net>

<net id="337"><net_src comp="328" pin="2"/><net_sink comp="333" pin=0"/></net>

<net id="338"><net_src comp="322" pin="2"/><net_sink comp="333" pin=1"/></net>

<net id="344"><net_src comp="333" pin="2"/><net_sink comp="339" pin=0"/></net>

<net id="345"><net_src comp="339" pin="3"/><net_sink comp="85" pin=1"/></net>

<net id="350"><net_src comp="339" pin="3"/><net_sink comp="346" pin=0"/></net>

<net id="354"><net_src comp="62" pin="1"/><net_sink comp="351" pin=0"/></net>

<net id="355"><net_src comp="351" pin="1"/><net_sink comp="130" pin=1"/></net>

<net id="356"><net_src comp="351" pin="1"/><net_sink comp="150" pin=0"/></net>

<net id="357"><net_src comp="351" pin="1"/><net_sink comp="244" pin=1"/></net>

<net id="361"><net_src comp="66" pin="1"/><net_sink comp="358" pin=0"/></net>

<net id="362"><net_src comp="358" pin="1"/><net_sink comp="125" pin=1"/></net>

<net id="363"><net_src comp="358" pin="1"/><net_sink comp="153" pin=0"/></net>

<net id="364"><net_src comp="358" pin="1"/><net_sink comp="239" pin=1"/></net>

<net id="368"><net_src comp="70" pin="1"/><net_sink comp="365" pin=0"/></net>

<net id="369"><net_src comp="365" pin="1"/><net_sink comp="120" pin=1"/></net>

<net id="370"><net_src comp="365" pin="1"/><net_sink comp="135" pin=0"/></net>

<net id="371"><net_src comp="365" pin="1"/><net_sink comp="234" pin=1"/></net>

<net id="375"><net_src comp="74" pin="1"/><net_sink comp="372" pin=0"/></net>

<net id="376"><net_src comp="372" pin="1"/><net_sink comp="249" pin=1"/></net>

<net id="377"><net_src comp="372" pin="1"/><net_sink comp="254" pin=0"/></net>

<net id="378"><net_src comp="372" pin="1"/><net_sink comp="346" pin=1"/></net>

<net id="382"><net_src comp="138" pin="2"/><net_sink comp="379" pin=0"/></net>

<net id="386"><net_src comp="168" pin="2"/><net_sink comp="383" pin=0"/></net>

<net id="390"><net_src comp="78" pin="3"/><net_sink comp="387" pin=0"/></net>

<net id="391"><net_src comp="387" pin="1"/><net_sink comp="85" pin=0"/></net>

<net id="395"><net_src comp="91" pin="3"/><net_sink comp="392" pin=0"/></net>

<net id="396"><net_src comp="392" pin="1"/><net_sink comp="98" pin=0"/></net>

<net id="400"><net_src comp="228" pin="2"/><net_sink comp="397" pin=0"/></net>

<net id="404"><net_src comp="98" pin="3"/><net_sink comp="401" pin=0"/></net>

<net id="405"><net_src comp="401" pin="1"/><net_sink comp="116" pin=0"/></net>

<net id="406"><net_src comp="401" pin="1"/><net_sink comp="258" pin=0"/></net>

<net id="407"><net_src comp="401" pin="1"/><net_sink comp="339" pin=1"/></net>

<net id="411"><net_src comp="254" pin="1"/><net_sink comp="408" pin=0"/></net>

<net id="412"><net_src comp="408" pin="1"/><net_sink comp="275" pin=0"/></net>

<net id="413"><net_src comp="408" pin="1"/><net_sink comp="339" pin=2"/></net>

<net id="417"><net_src comp="116" pin="2"/><net_sink comp="414" pin=0"/></net>

<net id="418"><net_src comp="414" pin="1"/><net_sink comp="328" pin=1"/></net>

</net_list>

</model> 
---------------- Datapath Model END ------------------

* FSMD analyzer results:
  - Output states:
	Port: M | {5 }
 - Input state : 
	Port: scaled_dot_product_attention_Pipeline_l_row_max_i12_l_j10 : Y1 | {2 3 }
	Port: scaled_dot_product_attention_Pipeline_l_row_max_i12_l_j10 : M | {2 3 }
  - Chain level:
	State 1
		store_ln0 : 1
		store_ln12564 : 1
		store_ln12565 : 1
	State 2
		icmp_ln12564 : 1
		add_ln12564_1 : 1
		br_ln12564 : 2
		add_ln12564 : 1
		icmp_ln12565 : 1
		or_ln12564 : 2
		select_ln12564 : 2
		select_ln12564_1 : 2
		trunc_ln12564 : 3
		zext_ln12564 : 3
		tmp_s : 4
		M_addr : 4
		br_ln12565 : 2
		M_load : 5
		zext_ln12566 : 3
		add_ln12566 : 5
		zext_ln12566_1 : 6
		Y1_addr : 7
		v6910 : 8
		add_ln12565 : 3
		icmp_ln12565_1 : 4
		br_ln12565 : 5
		store_ln12564 : 2
		store_ln12564 : 3
		store_ln12565 : 4
	State 3
		store_ln12567 : 1
	State 4
		tmp_2 : 1
	State 5
		tmp : 1
		trunc_ln12568 : 1
		tmp_1 : 1
		trunc_ln12568_1 : 1
		icmp_ln12568 : 2
		icmp_ln12568_1 : 2
		or_ln12568 : 3
		icmp_ln12568_2 : 2
		icmp_ln12568_3 : 2
		or_ln12568_1 : 3
		and_ln12568 : 3
		v6912 : 3
		select_ln12569 : 3
		store_ln12567 : 4
		store_ln12567 : 4


============================================================
+ Verbose Summary: Datapath Resource usage 
============================================================

* Functional unit list:
|----------|-------------------------|---------|---------|
| Operation|     Functional Unit     |    FF   |   LUT   |
|----------|-------------------------|---------|---------|
|          |   icmp_ln12564_fu_138   |    0    |    28   |
|          |   icmp_ln12565_fu_162   |    0    |    18   |
|          |  icmp_ln12565_1_fu_228  |    0    |    18   |
|   icmp   |   icmp_ln12568_fu_292   |    0    |    15   |
|          |  icmp_ln12568_1_fu_298  |    0    |    30   |
|          |  icmp_ln12568_2_fu_310  |    0    |    15   |
|          |  icmp_ln12568_3_fu_316  |    0    |    30   |
|----------|-------------------------|---------|---------|
|          |   add_ln12564_1_fu_144  |    0    |    28   |
|    add   |    add_ln12564_fu_156   |    0    |    18   |
|          |    add_ln12566_fu_211   |    0    |    27   |
|          |    add_ln12565_fu_222   |    0    |    18   |
|----------|-------------------------|---------|---------|
|          |  select_ln12564_fu_174  |    0    |    11   |
|  select  | select_ln12564_1_fu_182 |    0    |    11   |
|          |  select_ln12569_fu_339  |    0    |    32   |
|----------|-------------------------|---------|---------|
|          |    or_ln12564_fu_168    |    0    |    2    |
|    or    |    or_ln12568_fu_304    |    0    |    2    |
|          |   or_ln12568_1_fu_322   |    0    |    2    |
|----------|-------------------------|---------|---------|
|    and   |    and_ln12568_fu_328   |    0    |    2    |
|          |       v6912_fu_333      |    0    |    2    |
|----------|-------------------------|---------|---------|
|   fcmp   |       tmp_2_fu_116      |    0    |    0    |
|----------|-------------------------|---------|---------|
|          |   trunc_ln12564_fu_190  |    0    |    0    |
|   trunc  |   trunc_ln12568_fu_271  |    0    |    0    |
|          |  trunc_ln12568_1_fu_288 |    0    |    0    |
|----------|-------------------------|---------|---------|
|          |   zext_ln12564_fu_194   |    0    |    0    |
|   zext   |   zext_ln12566_fu_207   |    0    |    0    |
|          |  zext_ln12566_1_fu_217  |    0    |    0    |
|----------|-------------------------|---------|---------|
|bitconcatenate|       tmp_s_fu_199      |    0    |    0    |
|----------|-------------------------|---------|---------|
|partselect|        tmp_fu_261       |    0    |    0    |
|          |       tmp_1_fu_278      |    0    |    0    |
|----------|-------------------------|---------|---------|
|   Total  |                         |    0    |   309   |
|----------|-------------------------|---------|---------|

Memories:
N/A

* Register list:
+------------------------+--------+
|                        |   FF   |
+------------------------+--------+
|     M_addr_reg_387     |   10   |
|     Y1_addr_reg_392    |   20   |
|  first_iter_3_reg_104  |    1   |
|       i12_reg_358      |   11   |
|  icmp_ln12564_reg_379  |    1   |
| icmp_ln12565_1_reg_397 |    1   |
|indvar_flatten24_reg_365|   21   |
|       j10_reg_351      |   11   |
|   or_ln12564_reg_383   |    1   |
|      tmp_2_reg_414     |    1   |
|      v6910_reg_401     |   32   |
|   v6911_load_reg_408   |   32   |
|      v6911_reg_372     |   32   |
+------------------------+--------+
|          Total         |   174  |
+------------------------+--------+

* Multiplexer (MUX) list: 
|------------------|------|------|------|--------||---------||---------|
|       Comp       |  Pin | Size |  BW  | S x BW ||  Delay  ||   LUT   |
|------------------|------|------|------|--------||---------||---------|
| grp_access_fu_85 |  p0  |   2  |  10  |   20   ||    9    |
| grp_access_fu_98 |  p0  |   2  |  20  |   40   ||    9    |
|------------------|------|------|------|--------||---------||---------|
|       Total      |      |      |      |   60   ||  0.774  ||    18   |
|------------------|------|------|------|--------||---------||---------|



* Summary:
+-----------+--------+--------+--------+
|           |  Delay |   FF   |   LUT  |
+-----------+--------+--------+--------+
|  Function |    -   |    0   |   309  |
|   Memory  |    -   |    -   |    -   |
|Multiplexer|    0   |    -   |   18   |
|  Register |    -   |   174  |    -   |
+-----------+--------+--------+--------+
|   Total   |    0   |   174  |   327  |
+-----------+--------+--------+--------+
