

================================================================
== Vitis HLS Report for 'scaled_dot_product_attention_Pipeline_VITIS_LOOP_12688_1'
================================================================
* Date:           Wed Feb  5 22:36:23 2025

* Version:        2023.2 (Build 4023990 on Oct 11 2023)
* Project:        DitBlock
* Solution:       hls (Vivado IP Flow Target)
* Product family: virtexuplusHBM
* Target device:  xcu280-fsvh2892-2L-e


================================================================
== Performance Estimates
================================================================
+ Timing: 
    * Summary: 
    +--------+----------+----------+------------+
    |  Clock |  Target  | Estimated| Uncertainty|
    +--------+----------+----------+------------+
    |ap_clk  |  10.00 ns|  2.322 ns|     2.70 ns|
    +--------+----------+----------+------------+

+ Latency: 
    * Summary: 
    +---------+---------+-----------+-----------+------+------+---------+
    |  Latency (cycles) |   Latency (absolute)  |   Interval  | Pipeline|
    |   min   |   max   |    min    |    max    |  min |  max |   Type  |
    +---------+---------+-----------+-----------+------+------+---------+
    |     1026|     1026|  10.260 us|  10.260 us|  1026|  1026|       no|
    +---------+---------+-----------+-----------+------+------+---------+

    + Detail: 
        * Instance: 
        N/A

        * Loop: 
        +----------------------+---------+---------+----------+-----------+-----------+------+----------+
        |                      |  Latency (cycles) | Iteration|  Initiation Interval  | Trip |          |
        |       Loop Name      |   min   |   max   |  Latency |  achieved |   target  | Count| Pipelined|
        +----------------------+---------+---------+----------+-----------+-----------+------+----------+
        |- VITIS_LOOP_12688_1  |     1024|     1024|         1|          1|          1|  1024|       yes|
        +----------------------+---------+---------+----------+-----------+-----------+------+----------+



================================================================
== Utilization Estimates
================================================================
* Summary: 
+---------------------+---------+------+---------+---------+-----+
|         Name        | BRAM_18K|  DSP |    FF   |   LUT   | URAM|
+---------------------+---------+------+---------+---------+-----+
|DSP                  |        -|     -|        -|        -|    -|
|Expression           |        -|     -|        0|       37|    -|
|FIFO                 |        -|     -|        -|        -|    -|
|Instance             |        -|     -|        -|        -|    -|
|Memory               |        -|     -|        -|        -|    -|
|Multiplexer          |        -|     -|        -|       27|    -|
|Register             |        -|     -|       13|        -|    -|
+---------------------+---------+------+---------+---------+-----+
|Total                |        0|     0|       13|       64|    0|
+---------------------+---------+------+---------+---------+-----+
|Available SLR        |     1344|  3008|   869120|   434560|  320|
+---------------------+---------+------+---------+---------+-----+
|Utilization SLR (%)  |        0|     0|       ~0|       ~0|    0|
+---------------------+---------+------+---------+---------+-----+
|Available            |     4032|  9024|  2607360|  1303680|  960|
+---------------------+---------+------+---------+---------+-----+
|Utilization (%)      |        0|     0|       ~0|       ~0|    0|
+---------------------+---------+------+---------+---------+-----+

+ Detail: 
    * Instance: 
    N/A

    * DSP: 
    N/A

    * Memory: 
    N/A

    * FIFO: 
    N/A

    * Expression: 
    +-----------------------+----------+----+---+----+------------+------------+
    |     Variable Name     | Operation| DSP| FF| LUT| Bitwidth P0| Bitwidth P1|
    +-----------------------+----------+----+---+----+------------+------------+
    |add_ln12688_fu_62_p2   |         +|   0|  0|  18|          11|           1|
    |icmp_ln12688_fu_56_p2  |      icmp|   0|  0|  19|          11|          12|
    +-----------------------+----------+----+---+----+------------+------------+
    |Total                  |          |   0|  0|  37|          22|          13|
    +-----------------------+----------+----+---+----+------------+------------+

    * Multiplexer: 
    +----------------------+----+-----------+-----+-----------+
    |         Name         | LUT| Input Size| Bits| Total Bits|
    +----------------------+----+-----------+-----+-----------+
    |ap_done_int           |   9|          2|    1|          2|
    |ap_sig_allocacmp_i_1  |   9|          2|   11|         22|
    |i_fu_30               |   9|          2|   11|         22|
    +----------------------+----+-----------+-----+-----------+
    |Total                 |  27|          6|   23|         46|
    +----------------------+----+-----------+-----+-----------+

    * Register: 
    +-------------+----+----+-----+-----------+
    |     Name    | FF | LUT| Bits| Const Bits|
    +-------------+----+----+-----+-----------+
    |ap_CS_fsm    |   1|   0|    1|          0|
    |ap_done_reg  |   1|   0|    1|          0|
    |i_fu_30      |  11|   0|   11|          0|
    +-------------+----+----+-----+-----------+
    |Total        |  13|   0|   13|          0|
    +-------------+----+----+-----+-----------+



================================================================
== Interface
================================================================
* Summary: 
+------------+-----+-----+------------+----------------------------------------------------------+--------------+
|  RTL Ports | Dir | Bits|  Protocol  |                       Source Object                      |    C Type    |
+------------+-----+-----+------------+----------------------------------------------------------+--------------+
|ap_clk      |   in|    1|  ap_ctrl_hs|  scaled_dot_product_attention_Pipeline_VITIS_LOOP_12688_1|  return value|
|ap_rst      |   in|    1|  ap_ctrl_hs|  scaled_dot_product_attention_Pipeline_VITIS_LOOP_12688_1|  return value|
|ap_start    |   in|    1|  ap_ctrl_hs|  scaled_dot_product_attention_Pipeline_VITIS_LOOP_12688_1|  return value|
|ap_done     |  out|    1|  ap_ctrl_hs|  scaled_dot_product_attention_Pipeline_VITIS_LOOP_12688_1|  return value|
|ap_idle     |  out|    1|  ap_ctrl_hs|  scaled_dot_product_attention_Pipeline_VITIS_LOOP_12688_1|  return value|
|ap_ready    |  out|    1|  ap_ctrl_hs|  scaled_dot_product_attention_Pipeline_VITIS_LOOP_12688_1|  return value|
|M_address0  |  out|   10|   ap_memory|                                                         M|         array|
|M_ce0       |  out|    1|   ap_memory|                                                         M|         array|
|M_we0       |  out|    1|   ap_memory|                                                         M|         array|
|M_d0        |  out|   32|   ap_memory|                                                         M|         array|
+------------+-----+-----+------------+----------------------------------------------------------+--------------+

============================================================
+ Verbose Summary: Synthesis Manager
============================================================
InlineROM: 1
ExposeGlobal: 0
============================================================
+ Verbose Summary: CDFG Model
============================================================
IsTopModel: 0
ResetActiveHigh: 1
IsCombinational: 2
IsDatapathOnly: 2
HasWiredReturn: 1
HasMFsm: 2
HasVarLatency: 1
IsPipeline: 0
IsRtlPipelined: 0
IsInstanceOverlapped: 0
IsDontTouch: 0
HasImplIP: 0
IsGatedGlobalClock: 0

+ Individual pipeline summary: 
  * Pipeline-0: initiation interval (II) = 1, depth = 1


============================================================
+ Verbose Summary: Schedule
============================================================
* Number of FSM states : 1
* Pipeline : 1
  Pipeline-0 : II = 1, D = 1, States = { 1 }
* Dataflow Pipeline: 0

* FSM state transitions: 
1 --> 

* FSM state operations: 

State 1 <SV = 0> <Delay = 2.32>
ST_1 : Operation 4 [1/1] (0.00ns)   --->   "%i = alloca i32 1" [/home/silvenchen/Desktop/DitBlock/WorkDCT/DitBlock/kernel.cpp:12688->/home/silvenchen/Desktop/DitBlock/WorkDCT/DitBlock/kernel.cpp:15736]   --->   Operation 4 'alloca' 'i' <Predicate = true> <Delay = 0.00>
ST_1 : Operation 5 [1/1] (0.38ns)   --->   "%store_ln12688 = store i11 0, i11 %i" [/home/silvenchen/Desktop/DitBlock/WorkDCT/DitBlock/kernel.cpp:12688->/home/silvenchen/Desktop/DitBlock/WorkDCT/DitBlock/kernel.cpp:15736]   --->   Operation 5 'store' 'store_ln12688' <Predicate = true> <Delay = 0.38>
ST_1 : Operation 6 [1/1] (0.00ns)   --->   "%br_ln0 = br void %for.inc.i"   --->   Operation 6 'br' 'br_ln0' <Predicate = true> <Delay = 0.00>
ST_1 : Operation 7 [1/1] (0.00ns)   --->   "%i_1 = load i11 %i" [/home/silvenchen/Desktop/DitBlock/WorkDCT/DitBlock/kernel.cpp:12688->/home/silvenchen/Desktop/DitBlock/WorkDCT/DitBlock/kernel.cpp:15736]   --->   Operation 7 'load' 'i_1' <Predicate = true> <Delay = 0.00>
ST_1 : Operation 8 [1/1] (0.73ns)   --->   "%icmp_ln12688 = icmp_eq  i11 %i_1, i11 1024" [/home/silvenchen/Desktop/DitBlock/WorkDCT/DitBlock/kernel.cpp:12688->/home/silvenchen/Desktop/DitBlock/WorkDCT/DitBlock/kernel.cpp:15736]   --->   Operation 8 'icmp' 'icmp_ln12688' <Predicate = true> <Delay = 0.73> <CoreInst = "Cmp">   --->   Core 9 'Cmp' <Latency = 0> <II = 1> <Delay = 0.74> <FuncUnit> <Opcode : 'icmp'> <InPorts = 2> <OutPorts = 1>
ST_1 : Operation 9 [1/1] (0.73ns)   --->   "%add_ln12688 = add i11 %i_1, i11 1" [/home/silvenchen/Desktop/DitBlock/WorkDCT/DitBlock/kernel.cpp:12688->/home/silvenchen/Desktop/DitBlock/WorkDCT/DitBlock/kernel.cpp:15736]   --->   Operation 9 'add' 'add_ln12688' <Predicate = true> <Delay = 0.73> <CoreInst = "Adder">   --->   Core 1 'Adder' <Latency = 0> <II = 1> <Delay = 0.73> <FuncUnit> <Opcode : 'add' 'sub'> <InPorts = 2> <OutPorts = 1>
ST_1 : Operation 10 [1/1] (0.00ns)   --->   "%br_ln12688 = br i1 %icmp_ln12688, void %for.inc.i.split, void %for.inc7.i.preheader.exitStub" [/home/silvenchen/Desktop/DitBlock/WorkDCT/DitBlock/kernel.cpp:12688->/home/silvenchen/Desktop/DitBlock/WorkDCT/DitBlock/kernel.cpp:15736]   --->   Operation 10 'br' 'br_ln12688' <Predicate = true> <Delay = 0.00>
ST_1 : Operation 11 [1/1] (0.00ns)   --->   "%zext_ln12688 = zext i11 %i_1" [/home/silvenchen/Desktop/DitBlock/WorkDCT/DitBlock/kernel.cpp:12688->/home/silvenchen/Desktop/DitBlock/WorkDCT/DitBlock/kernel.cpp:15736]   --->   Operation 11 'zext' 'zext_ln12688' <Predicate = (!icmp_ln12688)> <Delay = 0.00>
ST_1 : Operation 12 [1/1] (0.00ns)   --->   "%specpipeline_ln12688 = specpipeline void @_ssdm_op_SpecPipeline, i32 4294967295, i32 0, i32 0, i32 0, void @empty_219" [/home/silvenchen/Desktop/DitBlock/WorkDCT/DitBlock/kernel.cpp:12688->/home/silvenchen/Desktop/DitBlock/WorkDCT/DitBlock/kernel.cpp:15736]   --->   Operation 12 'specpipeline' 'specpipeline_ln12688' <Predicate = (!icmp_ln12688)> <Delay = 0.00>
ST_1 : Operation 13 [1/1] (0.00ns)   --->   "%speclooptripcount_ln12688 = speclooptripcount void @_ssdm_op_SpecLoopTripCount, i64 1024, i64 1024, i64 1024" [/home/silvenchen/Desktop/DitBlock/WorkDCT/DitBlock/kernel.cpp:12688->/home/silvenchen/Desktop/DitBlock/WorkDCT/DitBlock/kernel.cpp:15736]   --->   Operation 13 'speclooptripcount' 'speclooptripcount_ln12688' <Predicate = (!icmp_ln12688)> <Delay = 0.00>
ST_1 : Operation 14 [1/1] (0.00ns)   --->   "%specloopname_ln12688 = specloopname void @_ssdm_op_SpecLoopName, void @empty_180" [/home/silvenchen/Desktop/DitBlock/WorkDCT/DitBlock/kernel.cpp:12688->/home/silvenchen/Desktop/DitBlock/WorkDCT/DitBlock/kernel.cpp:15736]   --->   Operation 14 'specloopname' 'specloopname_ln12688' <Predicate = (!icmp_ln12688)> <Delay = 0.00>
ST_1 : Operation 15 [1/1] (0.00ns)   --->   "%M_addr = getelementptr i32 %M, i64 0, i64 %zext_ln12688" [/home/silvenchen/Desktop/DitBlock/WorkDCT/DitBlock/kernel.cpp:12689->/home/silvenchen/Desktop/DitBlock/WorkDCT/DitBlock/kernel.cpp:15736]   --->   Operation 15 'getelementptr' 'M_addr' <Predicate = (!icmp_ln12688)> <Delay = 0.00>
ST_1 : Operation 16 [1/1] (1.20ns)   --->   "%store_ln12689 = store i32 -10000, i10 %M_addr" [/home/silvenchen/Desktop/DitBlock/WorkDCT/DitBlock/kernel.cpp:12689->/home/silvenchen/Desktop/DitBlock/WorkDCT/DitBlock/kernel.cpp:15736]   --->   Operation 16 'store' 'store_ln12689' <Predicate = (!icmp_ln12688)> <Delay = 1.20> <CoreInst = "RAM">   --->   Core 83 'RAM' <Latency = 1> <II = 1> <Delay = 1.20> <Storage> <Opcode : 'load' 'store'> <Ports = 2> <Width = 32> <Depth = 1024> <RAM>
ST_1 : Operation 17 [1/1] (0.38ns)   --->   "%store_ln12688 = store i11 %add_ln12688, i11 %i" [/home/silvenchen/Desktop/DitBlock/WorkDCT/DitBlock/kernel.cpp:12688->/home/silvenchen/Desktop/DitBlock/WorkDCT/DitBlock/kernel.cpp:15736]   --->   Operation 17 'store' 'store_ln12688' <Predicate = (!icmp_ln12688)> <Delay = 0.38>
ST_1 : Operation 18 [1/1] (0.00ns)   --->   "%br_ln12688 = br void %for.inc.i" [/home/silvenchen/Desktop/DitBlock/WorkDCT/DitBlock/kernel.cpp:12688->/home/silvenchen/Desktop/DitBlock/WorkDCT/DitBlock/kernel.cpp:15736]   --->   Operation 18 'br' 'br_ln12688' <Predicate = (!icmp_ln12688)> <Delay = 0.00>
ST_1 : Operation 19 [1/1] (0.00ns)   --->   "%ret_ln0 = ret"   --->   Operation 19 'ret' 'ret_ln0' <Predicate = (icmp_ln12688)> <Delay = 0.00>


============================================================
+ Verbose Summary: Binding
============================================================
STG Binding: 
---------------- STG Properties BEGIN ----------------
- Is combinational: 0
- Is one-state seq: 0
- Is datapath-only: 0
- Is pipelined: 0
- Is top level: 0
Port [ Return ] is wired: 1; IO mode=ap_ctrl_hs:ce=0
Port [ M]:  wired=1; compound=1; hidden=0; nouse=0; global=0; static=0; extern=0; dir=1; type=1; pingpong=0; private_global=0; MemPort=[03]; IO mode=ap_memory:ce=0
---------------- STG Properties END ------------------

---------------- Datapath Model BEGIN ----------------

<LifeTime>
<method=bitvector/>
i                         (alloca           ) [ 01]
store_ln12688             (store            ) [ 00]
br_ln0                    (br               ) [ 00]
i_1                       (load             ) [ 00]
icmp_ln12688              (icmp             ) [ 01]
add_ln12688               (add              ) [ 00]
br_ln12688                (br               ) [ 00]
zext_ln12688              (zext             ) [ 00]
specpipeline_ln12688      (specpipeline     ) [ 00]
speclooptripcount_ln12688 (speclooptripcount) [ 00]
specloopname_ln12688      (specloopname     ) [ 00]
M_addr                    (getelementptr    ) [ 00]
store_ln12689             (store            ) [ 00]
store_ln12688             (store            ) [ 00]
br_ln12688                (br               ) [ 00]
ret_ln0                   (ret              ) [ 00]
</LifeTime>

<model>

<comp_list>
<comp id="0" class="1000" name="M">
<pin_list>
<pin id="1" dir="1" index="0" bw="1" slack="0"/>
</pin_list>
<bind>
<StgValue><ssdm name="M"/><MemPortTyVec>0 3 </MemPortTyVec>
</StgValue>
</bind>
</comp>

<comp id="2" class="1001" name="const_2">
<pin_list>
<pin id="3" dir="1" index="0" bw="1" slack="0"/>
</pin_list>
<bind>
<StgValue><ssdm name=""/></StgValue>
</bind>
</comp>

<comp id="4" class="1001" name="const_4">
<pin_list>
<pin id="5" dir="1" index="0" bw="1" slack="0"/>
</pin_list>
<bind>
<StgValue><ssdm name=""/></StgValue>
</bind>
</comp>

<comp id="6" class="1001" name="const_6">
<pin_list>
<pin id="7" dir="1" index="0" bw="1" slack="0"/>
</pin_list>
<bind>
<StgValue><ssdm name=""/></StgValue>
</bind>
</comp>

<comp id="8" class="1001" name="const_8">
<pin_list>
<pin id="9" dir="1" index="0" bw="1" slack="0"/>
</pin_list>
<bind>
<StgValue><ssdm name=""/></StgValue>
</bind>
</comp>

<comp id="10" class="1001" name="const_10">
<pin_list>
<pin id="11" dir="1" index="0" bw="1" slack="2147483647"/>
</pin_list>
<bind>
<StgValue><ssdm name="_ssdm_op_SpecPipeline"/></StgValue>
</bind>
</comp>

<comp id="12" class="1001" name="const_12">
<pin_list>
<pin id="13" dir="1" index="0" bw="1" slack="2147483647"/>
</pin_list>
<bind>
<StgValue><ssdm name=""/></StgValue>
</bind>
</comp>

<comp id="14" class="1001" name="const_14">
<pin_list>
<pin id="15" dir="1" index="0" bw="1" slack="2147483647"/>
</pin_list>
<bind>
<StgValue><ssdm name=""/></StgValue>
</bind>
</comp>

<comp id="16" class="1001" name="const_16">
<pin_list>
<pin id="17" dir="1" index="0" bw="1" slack="2147483647"/>
</pin_list>
<bind>
<StgValue><ssdm name="empty_219"/></StgValue>
</bind>
</comp>

<comp id="18" class="1001" name="const_18">
<pin_list>
<pin id="19" dir="1" index="0" bw="1" slack="2147483647"/>
</pin_list>
<bind>
<StgValue><ssdm name="_ssdm_op_SpecLoopTripCount"/></StgValue>
</bind>
</comp>

<comp id="20" class="1001" name="const_20">
<pin_list>
<pin id="21" dir="1" index="0" bw="1" slack="2147483647"/>
</pin_list>
<bind>
<StgValue><ssdm name=""/></StgValue>
</bind>
</comp>

<comp id="22" class="1001" name="const_22">
<pin_list>
<pin id="23" dir="1" index="0" bw="1" slack="2147483647"/>
</pin_list>
<bind>
<StgValue><ssdm name="_ssdm_op_SpecLoopName"/></StgValue>
</bind>
</comp>

<comp id="24" class="1001" name="const_24">
<pin_list>
<pin id="25" dir="1" index="0" bw="1" slack="2147483647"/>
</pin_list>
<bind>
<StgValue><ssdm name="empty_180"/></StgValue>
</bind>
</comp>

<comp id="26" class="1001" name="const_26">
<pin_list>
<pin id="27" dir="1" index="0" bw="1" slack="0"/>
</pin_list>
<bind>
<StgValue><ssdm name=""/></StgValue>
</bind>
</comp>

<comp id="28" class="1001" name="const_28">
<pin_list>
<pin id="29" dir="1" index="0" bw="1" slack="0"/>
</pin_list>
<bind>
<StgValue><ssdm name=""/></StgValue>
</bind>
</comp>

<comp id="30" class="1004" name="i_fu_30">
<pin_list>
<pin id="31" dir="0" index="0" bw="1" slack="0"/>
<pin id="32" dir="1" index="1" bw="11" slack="0"/>
</pin_list>
<bind>
<opcode="alloca(26) " fcode="alloca"/>
<opset="i/1 "/>
</bind>
</comp>

<comp id="34" class="1004" name="M_addr_gep_fu_34">
<pin_list>
<pin id="35" dir="0" index="0" bw="32" slack="0"/>
<pin id="36" dir="0" index="1" bw="1" slack="0"/>
<pin id="37" dir="0" index="2" bw="11" slack="0"/>
<pin id="38" dir="1" index="3" bw="10" slack="0"/>
</pin_list>
<bind>
<opcode="getelementptr(29) " fcode="getelementptr"/>
<opset="M_addr/1 "/>
</bind>
</comp>

<comp id="41" class="1004" name="store_ln12689_access_fu_41">
<pin_list>
<pin id="42" dir="0" index="0" bw="10" slack="0"/>
<pin id="43" dir="0" index="1" bw="32" slack="0"/>
<pin id="44" dir="0" index="2" bw="0" slack="2147483647"/>
<pin id="45" dir="1" index="3" bw="32" slack="2147483647"/>
</pin_list>
<bind>
<opcode="store(28) " fcode="store"/>
<opset="store_ln12689/1 "/>
</bind>
</comp>

<comp id="48" class="1004" name="store_ln12688_store_fu_48">
<pin_list>
<pin id="49" dir="0" index="0" bw="1" slack="0"/>
<pin id="50" dir="0" index="1" bw="11" slack="0"/>
<pin id="51" dir="1" index="2" bw="0" slack="2147483647"/>
</pin_list>
<bind>
<opcode="store(28) " fcode="store"/>
<opset="store_ln12688/1 "/>
</bind>
</comp>

<comp id="53" class="1004" name="i_1_load_fu_53">
<pin_list>
<pin id="54" dir="0" index="0" bw="11" slack="0"/>
<pin id="55" dir="1" index="1" bw="11" slack="0"/>
</pin_list>
<bind>
<opcode="load(27) " fcode="load"/>
<opset="i_1/1 "/>
</bind>
</comp>

<comp id="56" class="1004" name="icmp_ln12688_fu_56">
<pin_list>
<pin id="57" dir="0" index="0" bw="11" slack="0"/>
<pin id="58" dir="0" index="1" bw="11" slack="0"/>
<pin id="59" dir="1" index="2" bw="1" slack="2147483647"/>
</pin_list>
<bind>
<opcode="icmp(45) " fcode="icmp"/>
<opset="icmp_ln12688/1 "/>
</bind>
</comp>

<comp id="62" class="1004" name="add_ln12688_fu_62">
<pin_list>
<pin id="63" dir="0" index="0" bw="11" slack="0"/>
<pin id="64" dir="0" index="1" bw="1" slack="0"/>
<pin id="65" dir="1" index="2" bw="11" slack="0"/>
</pin_list>
<bind>
<opcode="add(8) " fcode="add"/>
<opset="add_ln12688/1 "/>
</bind>
</comp>

<comp id="68" class="1004" name="zext_ln12688_fu_68">
<pin_list>
<pin id="69" dir="0" index="0" bw="11" slack="0"/>
<pin id="70" dir="1" index="1" bw="64" slack="0"/>
</pin_list>
<bind>
<opcode="zext(34) " fcode="zext"/>
<opset="zext_ln12688/1 "/>
</bind>
</comp>

<comp id="73" class="1004" name="store_ln12688_store_fu_73">
<pin_list>
<pin id="74" dir="0" index="0" bw="11" slack="0"/>
<pin id="75" dir="0" index="1" bw="11" slack="0"/>
<pin id="76" dir="1" index="2" bw="0" slack="2147483647"/>
</pin_list>
<bind>
<opcode="store(28) " fcode="store"/>
<opset="store_ln12688/1 "/>
</bind>
</comp>

<comp id="78" class="1005" name="i_reg_78">
<pin_list>
<pin id="79" dir="0" index="0" bw="11" slack="0"/>
<pin id="80" dir="1" index="1" bw="11" slack="0"/>
</pin_list>
<bind>
<opset="i "/>
</bind>
</comp>

</comp_list>

<net_list>
<net id="33"><net_src comp="2" pin="0"/><net_sink comp="30" pin=0"/></net>

<net id="39"><net_src comp="0" pin="0"/><net_sink comp="34" pin=0"/></net>

<net id="40"><net_src comp="26" pin="0"/><net_sink comp="34" pin=1"/></net>

<net id="46"><net_src comp="28" pin="0"/><net_sink comp="41" pin=1"/></net>

<net id="47"><net_src comp="34" pin="3"/><net_sink comp="41" pin=0"/></net>

<net id="52"><net_src comp="4" pin="0"/><net_sink comp="48" pin=0"/></net>

<net id="60"><net_src comp="53" pin="1"/><net_sink comp="56" pin=0"/></net>

<net id="61"><net_src comp="6" pin="0"/><net_sink comp="56" pin=1"/></net>

<net id="66"><net_src comp="53" pin="1"/><net_sink comp="62" pin=0"/></net>

<net id="67"><net_src comp="8" pin="0"/><net_sink comp="62" pin=1"/></net>

<net id="71"><net_src comp="53" pin="1"/><net_sink comp="68" pin=0"/></net>

<net id="72"><net_src comp="68" pin="1"/><net_sink comp="34" pin=2"/></net>

<net id="77"><net_src comp="62" pin="2"/><net_sink comp="73" pin=0"/></net>

<net id="81"><net_src comp="30" pin="1"/><net_sink comp="78" pin=0"/></net>

<net id="82"><net_src comp="78" pin="1"/><net_sink comp="48" pin=1"/></net>

<net id="83"><net_src comp="78" pin="1"/><net_sink comp="53" pin=0"/></net>

<net id="84"><net_src comp="78" pin="1"/><net_sink comp="73" pin=1"/></net>

</net_list>

</model> 
---------------- Datapath Model END ------------------

* FSMD analyzer results:
  - Output states:
	Port: M | {1 }
 - Input state : 
  - Chain level:
	State 1
		store_ln12688 : 1
		i_1 : 1
		icmp_ln12688 : 2
		add_ln12688 : 2
		br_ln12688 : 3
		zext_ln12688 : 2
		M_addr : 3
		store_ln12689 : 4
		store_ln12688 : 3


============================================================
+ Verbose Summary: Datapath Resource usage 
============================================================

* Functional unit list:
|----------|--------------------|---------|---------|
| Operation|   Functional Unit  |    FF   |   LUT   |
|----------|--------------------|---------|---------|
|   icmp   | icmp_ln12688_fu_56 |    0    |    18   |
|----------|--------------------|---------|---------|
|    add   |  add_ln12688_fu_62 |    0    |    18   |
|----------|--------------------|---------|---------|
|   zext   | zext_ln12688_fu_68 |    0    |    0    |
|----------|--------------------|---------|---------|
|   Total  |                    |    0    |    36   |
|----------|--------------------|---------|---------|

Memories:
N/A

* Register list:
+--------+--------+
|        |   FF   |
+--------+--------+
|i_reg_78|   11   |
+--------+--------+
|  Total |   11   |
+--------+--------+

* Multiplexer (MUX) list: 
|--------|------|------|------|--------|
|  Comp  |  Pin | Size |  BW  | S x BW |
|--------|------|------|------|--------|
|  Total |      |      |      |    0   |
|--------|------|------|------|--------|



* Summary:
+-----------+--------+--------+
|           |   FF   |   LUT  |
+-----------+--------+--------+
|  Function |    0   |   36   |
|   Memory  |    -   |    -   |
|Multiplexer|    -   |    -   |
|  Register |   11   |    -   |
+-----------+--------+--------+
|   Total   |   11   |   36   |
+-----------+--------+--------+
