

================================================================
== Vitis HLS Report for 'scaled_dot_product_attention_Pipeline_l_update_i14_l_j12'
================================================================
* Date:           Mon Feb 17 20:36:51 2025

* Version:        2023.2 (Build 4023990 on Oct 11 2023)
* Project:        DitBlock
* Solution:       hls (Vivado IP Flow Target)
* Product family: virtexuplusHBM
* Target device:  xcu280-fsvh2892-2L-e


================================================================
== Performance Estimates
================================================================
+ Timing: 
    * Summary: 
    +--------+----------+----------+------------+
    |  Clock |  Target  | Estimated| Uncertainty|
    +--------+----------+----------+------------+
    |ap_clk  |  10.00 ns|  7.069 ns|     2.70 ns|
    +--------+----------+----------+------------+

+ Latency: 
    * Summary: 
    +---------+---------+-----------+-----------+---------+---------+---------+
    |  Latency (cycles) |   Latency (absolute)  |      Interval     | Pipeline|
    |   min   |   max   |    min    |    max    |   min   |   max   |   Type  |
    +---------+---------+-----------+-----------+---------+---------+---------+
    |  1048585|  1048585|  10.486 ms|  10.486 ms|  1048585|  1048585|       no|
    +---------+---------+-----------+-----------+---------+---------+---------+

    + Detail: 
        * Instance: 
        N/A

        * Loop: 
        +----------------------+---------+---------+----------+-----------+-----------+---------+----------+
        |                      |  Latency (cycles) | Iteration|  Initiation Interval  |   Trip  |          |
        |       Loop Name      |   min   |   max   |  Latency |  achieved |   target  |  Count  | Pipelined|
        +----------------------+---------+---------+----------+-----------+-----------+---------+----------+
        |- l_update_i14_l_j12  |  1048583|  1048583|         9|          1|          1|  1048576|       yes|
        +----------------------+---------+---------+----------+-----------+-----------+---------+----------+

============================================================
+ Verbose Summary: Synthesis Manager
============================================================
InlineROM: 1
ExposeGlobal: 0
============================================================
+ Verbose Summary: CDFG Model
============================================================
IsTopModel: 0
ResetActiveHigh: 1
IsCombinational: 0
IsDatapathOnly: 0
HasWiredReturn: 1
HasMFsm: 2
HasVarLatency: 1
IsPipeline: 0
IsRtlPipelined: 0
IsInstanceOverlapped: 0
IsDontTouch: 0
HasImplIP: 0
IsGatedGlobalClock: 0

+ Individual pipeline summary: 
  * Pipeline-0: initiation interval (II) = 1, depth = 10


============================================================
+ Verbose Summary: Schedule
============================================================
* Number of FSM states : 10
* Pipeline : 1
  Pipeline-0 : II = 1, D = 10, States = { 1 2 3 4 5 6 7 8 9 10 }
* Dataflow Pipeline: 0

* FSM state transitions: 
1 --> 2 
2 --> 3 
3 --> 4 
4 --> 5 
5 --> 6 
6 --> 7 
7 --> 8 
8 --> 9 
9 --> 10 
10 --> 

* FSM state operations: 

State 1 <SV = 0> <Delay = 0.38>
ST_1 : Operation 12 [1/1] (0.00ns)   --->   "%j12 = alloca i32 1" [/home/silvenchen/Desktop/DitBlock/WorkDCT/DitBlock/kernel.cpp:12589->/home/silvenchen/Desktop/DitBlock/WorkDCT/DitBlock/kernel.cpp:15624]   --->   Operation 12 'alloca' 'j12' <Predicate = true> <Delay = 0.00>
ST_1 : Operation 13 [1/1] (0.00ns)   --->   "%i14 = alloca i32 1" [/home/silvenchen/Desktop/DitBlock/WorkDCT/DitBlock/kernel.cpp:12588->/home/silvenchen/Desktop/DitBlock/WorkDCT/DitBlock/kernel.cpp:15624]   --->   Operation 13 'alloca' 'i14' <Predicate = true> <Delay = 0.00>
ST_1 : Operation 14 [1/1] (0.00ns)   --->   "%indvar_flatten38 = alloca i32 1"   --->   Operation 14 'alloca' 'indvar_flatten38' <Predicate = true> <Delay = 0.00>
ST_1 : Operation 15 [1/1] (0.00ns)   --->   "%specmemcore_ln0 = specmemcore void @_ssdm_op_SpecMemCore, i32 %Y1, i64 666, i64 24, i64 18446744073709551615"   --->   Operation 15 'specmemcore' 'specmemcore_ln0' <Predicate = true> <Delay = 0.00>
ST_1 : Operation 16 [1/1] (0.38ns)   --->   "%store_ln0 = store i21 0, i21 %indvar_flatten38"   --->   Operation 16 'store' 'store_ln0' <Predicate = true> <Delay = 0.38>
ST_1 : Operation 17 [1/1] (0.38ns)   --->   "%store_ln12588 = store i11 0, i11 %i14" [/home/silvenchen/Desktop/DitBlock/WorkDCT/DitBlock/kernel.cpp:12588->/home/silvenchen/Desktop/DitBlock/WorkDCT/DitBlock/kernel.cpp:15624]   --->   Operation 17 'store' 'store_ln12588' <Predicate = true> <Delay = 0.38>
ST_1 : Operation 18 [1/1] (0.38ns)   --->   "%store_ln12589 = store i11 0, i11 %j12" [/home/silvenchen/Desktop/DitBlock/WorkDCT/DitBlock/kernel.cpp:12589->/home/silvenchen/Desktop/DitBlock/WorkDCT/DitBlock/kernel.cpp:15624]   --->   Operation 18 'store' 'store_ln12589' <Predicate = true> <Delay = 0.38>
ST_1 : Operation 19 [1/1] (0.00ns)   --->   "%br_ln0 = br void %for.inc83.i"   --->   Operation 19 'br' 'br_ln0' <Predicate = true> <Delay = 0.00>

State 2 <SV = 1> <Delay = 4.50>
ST_2 : Operation 20 [1/1] (0.00ns)   --->   "%indvar_flatten38_load = load i21 %indvar_flatten38" [/home/silvenchen/Desktop/DitBlock/WorkDCT/DitBlock/kernel.cpp:12588->/home/silvenchen/Desktop/DitBlock/WorkDCT/DitBlock/kernel.cpp:15624]   --->   Operation 20 'load' 'indvar_flatten38_load' <Predicate = true> <Delay = 0.00>
ST_2 : Operation 21 [1/1] (0.81ns)   --->   "%icmp_ln12588 = icmp_eq  i21 %indvar_flatten38_load, i21 1048576" [/home/silvenchen/Desktop/DitBlock/WorkDCT/DitBlock/kernel.cpp:12588->/home/silvenchen/Desktop/DitBlock/WorkDCT/DitBlock/kernel.cpp:15624]   --->   Operation 21 'icmp' 'icmp_ln12588' <Predicate = true> <Delay = 0.81> <CoreInst = "Cmp">   --->   Core 9 'Cmp' <Latency = 0> <II = 1> <Delay = 0.81> <FuncUnit> <Opcode : 'icmp'> <InPorts = 2> <OutPorts = 1>
ST_2 : Operation 22 [1/1] (0.81ns)   --->   "%add_ln12588_1 = add i21 %indvar_flatten38_load, i21 1" [/home/silvenchen/Desktop/DitBlock/WorkDCT/DitBlock/kernel.cpp:12588->/home/silvenchen/Desktop/DitBlock/WorkDCT/DitBlock/kernel.cpp:15624]   --->   Operation 22 'add' 'add_ln12588_1' <Predicate = true> <Delay = 0.81> <CoreInst = "Adder">   --->   Core 1 'Adder' <Latency = 0> <II = 1> <Delay = 0.81> <FuncUnit> <Opcode : 'add' 'sub'> <InPorts = 2> <OutPorts = 1>
ST_2 : Operation 23 [1/1] (0.00ns)   --->   "%br_ln12588 = br i1 %icmp_ln12588, void %for.inc86.i, void %sft_head.exit.exitStub" [/home/silvenchen/Desktop/DitBlock/WorkDCT/DitBlock/kernel.cpp:12588->/home/silvenchen/Desktop/DitBlock/WorkDCT/DitBlock/kernel.cpp:15624]   --->   Operation 23 'br' 'br_ln12588' <Predicate = true> <Delay = 0.00>
ST_2 : Operation 24 [1/1] (0.00ns)   --->   "%j12_load = load i11 %j12" [/home/silvenchen/Desktop/DitBlock/WorkDCT/DitBlock/kernel.cpp:12589->/home/silvenchen/Desktop/DitBlock/WorkDCT/DitBlock/kernel.cpp:15624]   --->   Operation 24 'load' 'j12_load' <Predicate = (!icmp_ln12588)> <Delay = 0.00>
ST_2 : Operation 25 [1/1] (0.00ns)   --->   "%i14_load = load i11 %i14" [/home/silvenchen/Desktop/DitBlock/WorkDCT/DitBlock/kernel.cpp:12588->/home/silvenchen/Desktop/DitBlock/WorkDCT/DitBlock/kernel.cpp:15624]   --->   Operation 25 'load' 'i14_load' <Predicate = (!icmp_ln12588)> <Delay = 0.00>
ST_2 : Operation 26 [1/1] (0.73ns)   --->   "%add_ln12588 = add i11 %i14_load, i11 1" [/home/silvenchen/Desktop/DitBlock/WorkDCT/DitBlock/kernel.cpp:12588->/home/silvenchen/Desktop/DitBlock/WorkDCT/DitBlock/kernel.cpp:15624]   --->   Operation 26 'add' 'add_ln12588' <Predicate = (!icmp_ln12588)> <Delay = 0.73> <CoreInst = "Adder">   --->   Core 1 'Adder' <Latency = 0> <II = 1> <Delay = 0.73> <FuncUnit> <Opcode : 'add' 'sub'> <InPorts = 2> <OutPorts = 1>
ST_2 : Operation 27 [1/1] (0.73ns)   --->   "%icmp_ln12589 = icmp_eq  i11 %j12_load, i11 1024" [/home/silvenchen/Desktop/DitBlock/WorkDCT/DitBlock/kernel.cpp:12589->/home/silvenchen/Desktop/DitBlock/WorkDCT/DitBlock/kernel.cpp:15624]   --->   Operation 27 'icmp' 'icmp_ln12589' <Predicate = (!icmp_ln12588)> <Delay = 0.73> <CoreInst = "Cmp">   --->   Core 9 'Cmp' <Latency = 0> <II = 1> <Delay = 0.73> <FuncUnit> <Opcode : 'icmp'> <InPorts = 2> <OutPorts = 1>
ST_2 : Operation 28 [1/1] (0.30ns)   --->   "%select_ln12588 = select i1 %icmp_ln12589, i11 0, i11 %j12_load" [/home/silvenchen/Desktop/DitBlock/WorkDCT/DitBlock/kernel.cpp:12588->/home/silvenchen/Desktop/DitBlock/WorkDCT/DitBlock/kernel.cpp:15624]   --->   Operation 28 'select' 'select_ln12588' <Predicate = (!icmp_ln12588)> <Delay = 0.30> <CoreInst = "Sel">   --->   Core 73 'Sel' <Latency = 0> <II = 1> <Delay = 0.30> <FuncUnit> <Opcode : 'select'> <InPorts = 3> <OutPorts = 1>
ST_2 : Operation 29 [1/1] (0.30ns)   --->   "%select_ln12588_1 = select i1 %icmp_ln12589, i11 %add_ln12588, i11 %i14_load" [/home/silvenchen/Desktop/DitBlock/WorkDCT/DitBlock/kernel.cpp:12588->/home/silvenchen/Desktop/DitBlock/WorkDCT/DitBlock/kernel.cpp:15624]   --->   Operation 29 'select' 'select_ln12588_1' <Predicate = (!icmp_ln12588)> <Delay = 0.30> <CoreInst = "Sel">   --->   Core 73 'Sel' <Latency = 0> <II = 1> <Delay = 0.30> <FuncUnit> <Opcode : 'select'> <InPorts = 3> <OutPorts = 1>
ST_2 : Operation 30 [1/1] (0.00ns)   --->   "%trunc_ln12588 = trunc i11 %select_ln12588_1" [/home/silvenchen/Desktop/DitBlock/WorkDCT/DitBlock/kernel.cpp:12588->/home/silvenchen/Desktop/DitBlock/WorkDCT/DitBlock/kernel.cpp:15624]   --->   Operation 30 'trunc' 'trunc_ln12588' <Predicate = (!icmp_ln12588)> <Delay = 0.00>
ST_2 : Operation 31 [1/1] (0.00ns)   --->   "%zext_ln12588 = zext i11 %select_ln12588_1" [/home/silvenchen/Desktop/DitBlock/WorkDCT/DitBlock/kernel.cpp:12588->/home/silvenchen/Desktop/DitBlock/WorkDCT/DitBlock/kernel.cpp:15624]   --->   Operation 31 'zext' 'zext_ln12588' <Predicate = (!icmp_ln12588)> <Delay = 0.00>
ST_2 : Operation 32 [1/1] (0.00ns)   --->   "%tmp_s = bitconcatenate i20 @_ssdm_op_BitConcatenate.i20.i10.i10, i10 %trunc_ln12588, i10 0" [/home/silvenchen/Desktop/DitBlock/WorkDCT/DitBlock/kernel.cpp:12590->/home/silvenchen/Desktop/DitBlock/WorkDCT/DitBlock/kernel.cpp:15624]   --->   Operation 32 'bitconcatenate' 'tmp_s' <Predicate = (!icmp_ln12588)> <Delay = 0.00>
ST_2 : Operation 33 [1/1] (0.00ns)   --->   "%S_addr = getelementptr i32 %S, i64 0, i64 %zext_ln12588" [/home/silvenchen/Desktop/DitBlock/WorkDCT/DitBlock/kernel.cpp:12588->/home/silvenchen/Desktop/DitBlock/WorkDCT/DitBlock/kernel.cpp:15624]   --->   Operation 33 'getelementptr' 'S_addr' <Predicate = (!icmp_ln12588)> <Delay = 0.00>
ST_2 : Operation 34 [2/2] (1.20ns)   --->   "%v6926 = load i10 %S_addr" [/home/silvenchen/Desktop/DitBlock/WorkDCT/DitBlock/kernel.cpp:12588->/home/silvenchen/Desktop/DitBlock/WorkDCT/DitBlock/kernel.cpp:15624]   --->   Operation 34 'load' 'v6926' <Predicate = (!icmp_ln12588)> <Delay = 1.20> <CoreInst = "RAM">   --->   Core 83 'RAM' <Latency = 1> <II = 1> <Delay = 1.20> <Storage> <Opcode : 'load' 'store'> <Ports = 2> <Width = 32> <Depth = 1024> <RAM>
ST_2 : Operation 35 [1/1] (0.00ns)   --->   "%zext_ln12590 = zext i11 %select_ln12588" [/home/silvenchen/Desktop/DitBlock/WorkDCT/DitBlock/kernel.cpp:12590->/home/silvenchen/Desktop/DitBlock/WorkDCT/DitBlock/kernel.cpp:15624]   --->   Operation 35 'zext' 'zext_ln12590' <Predicate = (!icmp_ln12588)> <Delay = 0.00>
ST_2 : Operation 36 [1/1] (0.80ns)   --->   "%add_ln12590 = add i20 %tmp_s, i20 %zext_ln12590" [/home/silvenchen/Desktop/DitBlock/WorkDCT/DitBlock/kernel.cpp:12590->/home/silvenchen/Desktop/DitBlock/WorkDCT/DitBlock/kernel.cpp:15624]   --->   Operation 36 'add' 'add_ln12590' <Predicate = (!icmp_ln12588)> <Delay = 0.80> <CoreInst = "Adder">   --->   Core 1 'Adder' <Latency = 0> <II = 1> <Delay = 0.80> <FuncUnit> <Opcode : 'add' 'sub'> <InPorts = 2> <OutPorts = 1>
ST_2 : Operation 37 [1/1] (0.00ns)   --->   "%zext_ln12590_1 = zext i20 %add_ln12590" [/home/silvenchen/Desktop/DitBlock/WorkDCT/DitBlock/kernel.cpp:12590->/home/silvenchen/Desktop/DitBlock/WorkDCT/DitBlock/kernel.cpp:15624]   --->   Operation 37 'zext' 'zext_ln12590_1' <Predicate = (!icmp_ln12588)> <Delay = 0.00>
ST_2 : Operation 38 [1/1] (0.00ns)   --->   "%Y1_addr = getelementptr i32 %Y1, i64 0, i64 %zext_ln12590_1" [/home/silvenchen/Desktop/DitBlock/WorkDCT/DitBlock/kernel.cpp:12590->/home/silvenchen/Desktop/DitBlock/WorkDCT/DitBlock/kernel.cpp:15624]   --->   Operation 38 'getelementptr' 'Y1_addr' <Predicate = (!icmp_ln12588)> <Delay = 0.00>
ST_2 : Operation 39 [2/2] (2.66ns)   --->   "%v6925 = load i20 %Y1_addr" [/home/silvenchen/Desktop/DitBlock/WorkDCT/DitBlock/kernel.cpp:12590->/home/silvenchen/Desktop/DitBlock/WorkDCT/DitBlock/kernel.cpp:15624]   --->   Operation 39 'load' 'v6925' <Predicate = (!icmp_ln12588)> <Delay = 2.66> <CoreInst = "RAM_2P_URAM">   --->   Core 95 'RAM_2P_URAM' <Latency = 1> <II = 1> <Delay = 2.66> <Storage> <Opcode : 'load' 'store'> <Ports = 2> <Width = 32> <Depth = 1048576> <RAM>
ST_2 : Operation 40 [1/1] (0.73ns)   --->   "%add_ln12589 = add i11 %select_ln12588, i11 1" [/home/silvenchen/Desktop/DitBlock/WorkDCT/DitBlock/kernel.cpp:12589->/home/silvenchen/Desktop/DitBlock/WorkDCT/DitBlock/kernel.cpp:15624]   --->   Operation 40 'add' 'add_ln12589' <Predicate = (!icmp_ln12588)> <Delay = 0.73> <CoreInst = "Adder">   --->   Core 1 'Adder' <Latency = 0> <II = 1> <Delay = 0.73> <FuncUnit> <Opcode : 'add' 'sub'> <InPorts = 2> <OutPorts = 1>
ST_2 : Operation 41 [1/1] (0.38ns)   --->   "%store_ln12588 = store i21 %add_ln12588_1, i21 %indvar_flatten38" [/home/silvenchen/Desktop/DitBlock/WorkDCT/DitBlock/kernel.cpp:12588->/home/silvenchen/Desktop/DitBlock/WorkDCT/DitBlock/kernel.cpp:15624]   --->   Operation 41 'store' 'store_ln12588' <Predicate = (!icmp_ln12588)> <Delay = 0.38>
ST_2 : Operation 42 [1/1] (0.38ns)   --->   "%store_ln12588 = store i11 %select_ln12588_1, i11 %i14" [/home/silvenchen/Desktop/DitBlock/WorkDCT/DitBlock/kernel.cpp:12588->/home/silvenchen/Desktop/DitBlock/WorkDCT/DitBlock/kernel.cpp:15624]   --->   Operation 42 'store' 'store_ln12588' <Predicate = (!icmp_ln12588)> <Delay = 0.38>
ST_2 : Operation 43 [1/1] (0.38ns)   --->   "%store_ln12589 = store i11 %add_ln12589, i11 %j12" [/home/silvenchen/Desktop/DitBlock/WorkDCT/DitBlock/kernel.cpp:12589->/home/silvenchen/Desktop/DitBlock/WorkDCT/DitBlock/kernel.cpp:15624]   --->   Operation 43 'store' 'store_ln12589' <Predicate = (!icmp_ln12588)> <Delay = 0.38>

State 3 <SV = 2> <Delay = 2.66>
ST_3 : Operation 44 [1/2] (1.20ns)   --->   "%v6926 = load i10 %S_addr" [/home/silvenchen/Desktop/DitBlock/WorkDCT/DitBlock/kernel.cpp:12588->/home/silvenchen/Desktop/DitBlock/WorkDCT/DitBlock/kernel.cpp:15624]   --->   Operation 44 'load' 'v6926' <Predicate = true> <Delay = 1.20> <CoreInst = "RAM">   --->   Core 83 'RAM' <Latency = 1> <II = 1> <Delay = 1.20> <Storage> <Opcode : 'load' 'store'> <Ports = 2> <Width = 32> <Depth = 1024> <RAM>
ST_3 : Operation 45 [1/2] (2.66ns)   --->   "%v6925 = load i20 %Y1_addr" [/home/silvenchen/Desktop/DitBlock/WorkDCT/DitBlock/kernel.cpp:12590->/home/silvenchen/Desktop/DitBlock/WorkDCT/DitBlock/kernel.cpp:15624]   --->   Operation 45 'load' 'v6925' <Predicate = true> <Delay = 2.66> <CoreInst = "RAM_2P_URAM">   --->   Core 95 'RAM_2P_URAM' <Latency = 1> <II = 1> <Delay = 2.66> <Storage> <Opcode : 'load' 'store'> <Ports = 2> <Width = 32> <Depth = 1048576> <RAM>

State 4 <SV = 3> <Delay = 7.06>
ST_4 : Operation 46 [6/6] (7.06ns)   --->   "%v6927 = fdiv i32 %v6925, i32 %v6926" [/home/silvenchen/Desktop/DitBlock/WorkDCT/DitBlock/kernel.cpp:12592->/home/silvenchen/Desktop/DitBlock/WorkDCT/DitBlock/kernel.cpp:15624]   --->   Operation 46 'fdiv' 'v6927' <Predicate = true> <Delay = 7.06> <CoreInst = "FDiv">   --->   Core 20 'FDiv' <Latency = 5> <II = 1> <Delay = 7.06> <FuncUnit> <Opcode : 'fdiv' 'frem'> <InPorts = 2> <OutPorts = 1>

State 5 <SV = 4> <Delay = 7.06>
ST_5 : Operation 47 [5/6] (7.06ns)   --->   "%v6927 = fdiv i32 %v6925, i32 %v6926" [/home/silvenchen/Desktop/DitBlock/WorkDCT/DitBlock/kernel.cpp:12592->/home/silvenchen/Desktop/DitBlock/WorkDCT/DitBlock/kernel.cpp:15624]   --->   Operation 47 'fdiv' 'v6927' <Predicate = true> <Delay = 7.06> <CoreInst = "FDiv">   --->   Core 20 'FDiv' <Latency = 5> <II = 1> <Delay = 7.06> <FuncUnit> <Opcode : 'fdiv' 'frem'> <InPorts = 2> <OutPorts = 1>

State 6 <SV = 5> <Delay = 7.06>
ST_6 : Operation 48 [4/6] (7.06ns)   --->   "%v6927 = fdiv i32 %v6925, i32 %v6926" [/home/silvenchen/Desktop/DitBlock/WorkDCT/DitBlock/kernel.cpp:12592->/home/silvenchen/Desktop/DitBlock/WorkDCT/DitBlock/kernel.cpp:15624]   --->   Operation 48 'fdiv' 'v6927' <Predicate = true> <Delay = 7.06> <CoreInst = "FDiv">   --->   Core 20 'FDiv' <Latency = 5> <II = 1> <Delay = 7.06> <FuncUnit> <Opcode : 'fdiv' 'frem'> <InPorts = 2> <OutPorts = 1>

State 7 <SV = 6> <Delay = 7.06>
ST_7 : Operation 49 [3/6] (7.06ns)   --->   "%v6927 = fdiv i32 %v6925, i32 %v6926" [/home/silvenchen/Desktop/DitBlock/WorkDCT/DitBlock/kernel.cpp:12592->/home/silvenchen/Desktop/DitBlock/WorkDCT/DitBlock/kernel.cpp:15624]   --->   Operation 49 'fdiv' 'v6927' <Predicate = true> <Delay = 7.06> <CoreInst = "FDiv">   --->   Core 20 'FDiv' <Latency = 5> <II = 1> <Delay = 7.06> <FuncUnit> <Opcode : 'fdiv' 'frem'> <InPorts = 2> <OutPorts = 1>

State 8 <SV = 7> <Delay = 7.06>
ST_8 : Operation 50 [2/6] (7.06ns)   --->   "%v6927 = fdiv i32 %v6925, i32 %v6926" [/home/silvenchen/Desktop/DitBlock/WorkDCT/DitBlock/kernel.cpp:12592->/home/silvenchen/Desktop/DitBlock/WorkDCT/DitBlock/kernel.cpp:15624]   --->   Operation 50 'fdiv' 'v6927' <Predicate = true> <Delay = 7.06> <CoreInst = "FDiv">   --->   Core 20 'FDiv' <Latency = 5> <II = 1> <Delay = 7.06> <FuncUnit> <Opcode : 'fdiv' 'frem'> <InPorts = 2> <OutPorts = 1>

State 9 <SV = 8> <Delay = 7.06>
ST_9 : Operation 51 [1/6] (7.06ns)   --->   "%v6927 = fdiv i32 %v6925, i32 %v6926" [/home/silvenchen/Desktop/DitBlock/WorkDCT/DitBlock/kernel.cpp:12592->/home/silvenchen/Desktop/DitBlock/WorkDCT/DitBlock/kernel.cpp:15624]   --->   Operation 51 'fdiv' 'v6927' <Predicate = true> <Delay = 7.06> <CoreInst = "FDiv">   --->   Core 20 'FDiv' <Latency = 5> <II = 1> <Delay = 7.06> <FuncUnit> <Opcode : 'fdiv' 'frem'> <InPorts = 2> <OutPorts = 1>
ST_9 : Operation 57 [1/1] (0.00ns)   --->   "%ret_ln0 = ret"   --->   Operation 57 'ret' 'ret_ln0' <Predicate = (icmp_ln12588)> <Delay = 0.00>

State 10 <SV = 9> <Delay = 2.66>
ST_10 : Operation 52 [1/1] (0.00ns)   --->   "%specloopname_ln0 = specloopname void @_ssdm_op_SpecLoopName, void @l_update_i14_l_j12_str"   --->   Operation 52 'specloopname' 'specloopname_ln0' <Predicate = true> <Delay = 0.00>
ST_10 : Operation 53 [1/1] (0.00ns)   --->   "%speclooptripcount_ln0 = speclooptripcount void @_ssdm_op_SpecLoopTripCount, i64 1048576, i64 1048576, i64 1048576"   --->   Operation 53 'speclooptripcount' 'speclooptripcount_ln0' <Predicate = true> <Delay = 0.00>
ST_10 : Operation 54 [1/1] (0.00ns)   --->   "%specpipeline_ln12589 = specpipeline void @_ssdm_op_SpecPipeline, i32 4294967295, i32 0, i32 0, i32 0, void @empty_191" [/home/silvenchen/Desktop/DitBlock/WorkDCT/DitBlock/kernel.cpp:12589->/home/silvenchen/Desktop/DitBlock/WorkDCT/DitBlock/kernel.cpp:15624]   --->   Operation 54 'specpipeline' 'specpipeline_ln12589' <Predicate = true> <Delay = 0.00>
ST_10 : Operation 55 [1/1] (2.66ns)   --->   "%store_ln12593 = store i32 %v6927, i20 %Y1_addr" [/home/silvenchen/Desktop/DitBlock/WorkDCT/DitBlock/kernel.cpp:12593->/home/silvenchen/Desktop/DitBlock/WorkDCT/DitBlock/kernel.cpp:15624]   --->   Operation 55 'store' 'store_ln12593' <Predicate = true> <Delay = 2.66> <CoreInst = "RAM_2P_URAM">   --->   Core 95 'RAM_2P_URAM' <Latency = 1> <II = 1> <Delay = 2.66> <Storage> <Opcode : 'load' 'store'> <Ports = 2> <Width = 32> <Depth = 1048576> <RAM>
ST_10 : Operation 56 [1/1] (0.00ns)   --->   "%br_ln12589 = br void %for.inc83.i" [/home/silvenchen/Desktop/DitBlock/WorkDCT/DitBlock/kernel.cpp:12589->/home/silvenchen/Desktop/DitBlock/WorkDCT/DitBlock/kernel.cpp:15624]   --->   Operation 56 'br' 'br_ln12589' <Predicate = true> <Delay = 0.00>


============================================================
+ Verbose Summary: Timing violations
============================================================
Target clock period: 10.000ns, clock uncertainty: 2.700ns.

 <State 1>: 0.387ns
The critical path consists of the following:
	'alloca' operation 21 bit ('indvar_flatten38') [5]  (0.000 ns)
	'store' operation 0 bit ('store_ln0') of constant 0 on local variable 'indvar_flatten38' [7]  (0.387 ns)

 <State 2>: 4.509ns
The critical path consists of the following:
	'load' operation 11 bit ('j12_load', /home/silvenchen/Desktop/DitBlock/WorkDCT/DitBlock/kernel.cpp:12589->/home/silvenchen/Desktop/DitBlock/WorkDCT/DitBlock/kernel.cpp:15624) on local variable 'j12', /home/silvenchen/Desktop/DitBlock/WorkDCT/DitBlock/kernel.cpp:12589->/home/silvenchen/Desktop/DitBlock/WorkDCT/DitBlock/kernel.cpp:15624 [17]  (0.000 ns)
	'icmp' operation 1 bit ('icmp_ln12589', /home/silvenchen/Desktop/DitBlock/WorkDCT/DitBlock/kernel.cpp:12589->/home/silvenchen/Desktop/DitBlock/WorkDCT/DitBlock/kernel.cpp:15624) [22]  (0.735 ns)
	'select' operation 11 bit ('select_ln12588', /home/silvenchen/Desktop/DitBlock/WorkDCT/DitBlock/kernel.cpp:12588->/home/silvenchen/Desktop/DitBlock/WorkDCT/DitBlock/kernel.cpp:15624) [23]  (0.301 ns)
	'add' operation 20 bit ('add_ln12590', /home/silvenchen/Desktop/DitBlock/WorkDCT/DitBlock/kernel.cpp:12590->/home/silvenchen/Desktop/DitBlock/WorkDCT/DitBlock/kernel.cpp:15624) [31]  (0.809 ns)
	'getelementptr' operation 20 bit ('Y1_addr', /home/silvenchen/Desktop/DitBlock/WorkDCT/DitBlock/kernel.cpp:12590->/home/silvenchen/Desktop/DitBlock/WorkDCT/DitBlock/kernel.cpp:15624) [33]  (0.000 ns)
	'load' operation 32 bit ('v6925', /home/silvenchen/Desktop/DitBlock/WorkDCT/DitBlock/kernel.cpp:12590->/home/silvenchen/Desktop/DitBlock/WorkDCT/DitBlock/kernel.cpp:15624) on array 'Y1' [35]  (2.664 ns)

 <State 3>: 2.664ns
The critical path consists of the following:
	'load' operation 32 bit ('v6925', /home/silvenchen/Desktop/DitBlock/WorkDCT/DitBlock/kernel.cpp:12590->/home/silvenchen/Desktop/DitBlock/WorkDCT/DitBlock/kernel.cpp:15624) on array 'Y1' [35]  (2.664 ns)

 <State 4>: 7.069ns
The critical path consists of the following:
	'fdiv' operation 32 bit ('v6927', /home/silvenchen/Desktop/DitBlock/WorkDCT/DitBlock/kernel.cpp:12592->/home/silvenchen/Desktop/DitBlock/WorkDCT/DitBlock/kernel.cpp:15624) [36]  (7.069 ns)

 <State 5>: 7.069ns
The critical path consists of the following:
	'fdiv' operation 32 bit ('v6927', /home/silvenchen/Desktop/DitBlock/WorkDCT/DitBlock/kernel.cpp:12592->/home/silvenchen/Desktop/DitBlock/WorkDCT/DitBlock/kernel.cpp:15624) [36]  (7.069 ns)

 <State 6>: 7.069ns
The critical path consists of the following:
	'fdiv' operation 32 bit ('v6927', /home/silvenchen/Desktop/DitBlock/WorkDCT/DitBlock/kernel.cpp:12592->/home/silvenchen/Desktop/DitBlock/WorkDCT/DitBlock/kernel.cpp:15624) [36]  (7.069 ns)

 <State 7>: 7.069ns
The critical path consists of the following:
	'fdiv' operation 32 bit ('v6927', /home/silvenchen/Desktop/DitBlock/WorkDCT/DitBlock/kernel.cpp:12592->/home/silvenchen/Desktop/DitBlock/WorkDCT/DitBlock/kernel.cpp:15624) [36]  (7.069 ns)

 <State 8>: 7.069ns
The critical path consists of the following:
	'fdiv' operation 32 bit ('v6927', /home/silvenchen/Desktop/DitBlock/WorkDCT/DitBlock/kernel.cpp:12592->/home/silvenchen/Desktop/DitBlock/WorkDCT/DitBlock/kernel.cpp:15624) [36]  (7.069 ns)

 <State 9>: 7.069ns
The critical path consists of the following:
	'fdiv' operation 32 bit ('v6927', /home/silvenchen/Desktop/DitBlock/WorkDCT/DitBlock/kernel.cpp:12592->/home/silvenchen/Desktop/DitBlock/WorkDCT/DitBlock/kernel.cpp:15624) [36]  (7.069 ns)

 <State 10>: 2.664ns
The critical path consists of the following:
	'store' operation 0 bit ('store_ln12593', /home/silvenchen/Desktop/DitBlock/WorkDCT/DitBlock/kernel.cpp:12593->/home/silvenchen/Desktop/DitBlock/WorkDCT/DitBlock/kernel.cpp:15624) of variable 'v6927', /home/silvenchen/Desktop/DitBlock/WorkDCT/DitBlock/kernel.cpp:12592->/home/silvenchen/Desktop/DitBlock/WorkDCT/DitBlock/kernel.cpp:15624 on array 'Y1' [37]  (2.664 ns)


============================================================
+ Verbose Summary: Binding
============================================================
N/A
* FSMD analyzer results:
  - Output states:
 - Input state : 
  - Chain level:
	State 1
	State 2
	State 3
	State 4
	State 5
	State 6
	State 7
	State 8
	State 9
	State 10


============================================================
+ Verbose Summary: Datapath Resource usage 
============================================================
N/A
