

================================================================
== Vitis HLS Report for 'systolic_Q_Pipeline_l_load_B_tile_bk1_l_bj1'
================================================================
* Date:           Wed Feb  5 22:34:03 2025

* Version:        2023.2 (Build 4023990 on Oct 11 2023)
* Project:        DitBlock
* Solution:       hls (Vivado IP Flow Target)
* Product family: virtexuplusHBM
* Target device:  xcu280-fsvh2892-2L-e


================================================================
== Performance Estimates
================================================================
+ Timing: 
    * Summary: 
    +--------+----------+----------+------------+
    |  Clock |  Target  | Estimated| Uncertainty|
    +--------+----------+----------+------------+
    |ap_clk  |  10.00 ns|  4.825 ns|     2.70 ns|
    +--------+----------+----------+------------+

+ Latency: 
    * Summary: 
    +---------+---------+-----------+-----------+------+------+---------+
    |  Latency (cycles) |   Latency (absolute)  |   Interval  | Pipeline|
    |   min   |   max   |    min    |    max    |  min |  max |   Type  |
    +---------+---------+-----------+-----------+------+------+---------+
    |     4098|     4098|  40.980 us|  40.980 us|  4098|  4098|       no|
    +---------+---------+-----------+-----------+------+------+---------+

    + Detail: 
        * Instance: 
        N/A

        * Loop: 
        +---------------------------+---------+---------+----------+-----------+-----------+------+----------+
        |                           |  Latency (cycles) | Iteration|  Initiation Interval  | Trip |          |
        |         Loop Name         |   min   |   max   |  Latency |  achieved |   target  | Count| Pipelined|
        +---------------------------+---------+---------+----------+-----------+-----------+------+----------+
        |- l_load_B_tile_bk1_l_bj1  |     4096|     4096|         2|          1|          1|  4096|       yes|
        +---------------------------+---------+---------+----------+-----------+-----------+------+----------+

============================================================
+ Verbose Summary: Synthesis Manager
============================================================
InlineROM: 1
ExposeGlobal: 0
============================================================
+ Verbose Summary: CDFG Model
============================================================
IsTopModel: 0
ResetActiveHigh: 1
IsCombinational: 0
IsDatapathOnly: 0
HasWiredReturn: 1
HasMFsm: 2
HasVarLatency: 1
IsPipeline: 0
IsRtlPipelined: 0
IsInstanceOverlapped: 0
IsDontTouch: 0
HasImplIP: 0
IsGatedGlobalClock: 0

+ Individual pipeline summary: 
  * Pipeline-0: initiation interval (II) = 1, depth = 2


============================================================
+ Verbose Summary: Schedule
============================================================
* Number of FSM states : 2
* Pipeline : 1
  Pipeline-0 : II = 1, D = 2, States = { 1 2 }
* Dataflow Pipeline: 0

* FSM state transitions: 
1 --> 2 
2 --> 

* FSM state operations: 

State 1 <SV = 0> <Delay = 4.82>
ST_1 : Operation 5 [1/1] (0.00ns)   --->   "%bj1 = alloca i32 1" [/home/silvenchen/Desktop/DitBlock/WorkDCT/DitBlock/kernel.cpp:3641]   --->   Operation 5 'alloca' 'bj1' <Predicate = true> <Delay = 0.00>
ST_1 : Operation 6 [1/1] (0.00ns)   --->   "%bk1 = alloca i32 1" [/home/silvenchen/Desktop/DitBlock/WorkDCT/DitBlock/kernel.cpp:3640]   --->   Operation 6 'alloca' 'bk1' <Predicate = true> <Delay = 0.00>
ST_1 : Operation 7 [1/1] (0.00ns)   --->   "%indvar_flatten6 = alloca i32 1"   --->   Operation 7 'alloca' 'indvar_flatten6' <Predicate = true> <Delay = 0.00>
ST_1 : Operation 8 [1/1] (0.00ns)   --->   "%specmemcore_ln0 = specmemcore void @_ssdm_op_SpecMemCore, i32 %v1932, i64 666, i64 24, i64 18446744073709551615"   --->   Operation 8 'specmemcore' 'specmemcore_ln0' <Predicate = true> <Delay = 0.00>
ST_1 : Operation 9 [1/1] (0.00ns)   --->   "%tmp_22_read = read i9 @_ssdm_op_Read.ap_auto.i9, i9 %tmp_22"   --->   Operation 9 'read' 'tmp_22_read' <Predicate = true> <Delay = 0.00>
ST_1 : Operation 10 [1/1] (0.38ns)   --->   "%store_ln0 = store i13 0, i13 %indvar_flatten6"   --->   Operation 10 'store' 'store_ln0' <Predicate = true> <Delay = 0.38>
ST_1 : Operation 11 [1/1] (0.38ns)   --->   "%store_ln3640 = store i10 0, i10 %bk1" [/home/silvenchen/Desktop/DitBlock/WorkDCT/DitBlock/kernel.cpp:3640]   --->   Operation 11 'store' 'store_ln3640' <Predicate = true> <Delay = 0.38>
ST_1 : Operation 12 [1/1] (0.38ns)   --->   "%store_ln3641 = store i4 0, i4 %bj1" [/home/silvenchen/Desktop/DitBlock/WorkDCT/DitBlock/kernel.cpp:3641]   --->   Operation 12 'store' 'store_ln3641' <Predicate = true> <Delay = 0.38>
ST_1 : Operation 13 [1/1] (0.00ns)   --->   "%br_ln0 = br void %for.inc40"   --->   Operation 13 'br' 'br_ln0' <Predicate = true> <Delay = 0.00>
ST_1 : Operation 14 [1/1] (0.00ns)   --->   "%indvar_flatten6_load = load i13 %indvar_flatten6" [/home/silvenchen/Desktop/DitBlock/WorkDCT/DitBlock/kernel.cpp:3640]   --->   Operation 14 'load' 'indvar_flatten6_load' <Predicate = true> <Delay = 0.00>
ST_1 : Operation 15 [1/1] (0.75ns)   --->   "%icmp_ln3640 = icmp_eq  i13 %indvar_flatten6_load, i13 4096" [/home/silvenchen/Desktop/DitBlock/WorkDCT/DitBlock/kernel.cpp:3640]   --->   Operation 15 'icmp' 'icmp_ln3640' <Predicate = true> <Delay = 0.75> <CoreInst = "Cmp">   --->   Core 9 'Cmp' <Latency = 0> <II = 1> <Delay = 0.75> <FuncUnit> <Opcode : 'icmp'> <InPorts = 2> <OutPorts = 1>
ST_1 : Operation 16 [1/1] (0.75ns)   --->   "%add_ln3640_1 = add i13 %indvar_flatten6_load, i13 1" [/home/silvenchen/Desktop/DitBlock/WorkDCT/DitBlock/kernel.cpp:3640]   --->   Operation 16 'add' 'add_ln3640_1' <Predicate = true> <Delay = 0.75> <CoreInst = "Adder">   --->   Core 1 'Adder' <Latency = 0> <II = 1> <Delay = 0.75> <FuncUnit> <Opcode : 'add' 'sub'> <InPorts = 2> <OutPorts = 1>
ST_1 : Operation 17 [1/1] (0.00ns)   --->   "%br_ln3640 = br i1 %icmp_ln3640, void %for.inc43, void %l_store_C_tile_sj1.exitStub" [/home/silvenchen/Desktop/DitBlock/WorkDCT/DitBlock/kernel.cpp:3640]   --->   Operation 17 'br' 'br_ln3640' <Predicate = true> <Delay = 0.00>
ST_1 : Operation 18 [1/1] (0.00ns)   --->   "%bj1_load = load i4 %bj1" [/home/silvenchen/Desktop/DitBlock/WorkDCT/DitBlock/kernel.cpp:3641]   --->   Operation 18 'load' 'bj1_load' <Predicate = (!icmp_ln3640)> <Delay = 0.00>
ST_1 : Operation 19 [1/1] (0.00ns)   --->   "%bk1_load = load i10 %bk1" [/home/silvenchen/Desktop/DitBlock/WorkDCT/DitBlock/kernel.cpp:3640]   --->   Operation 19 'load' 'bk1_load' <Predicate = (!icmp_ln3640)> <Delay = 0.00>
ST_1 : Operation 20 [1/1] (0.72ns)   --->   "%add_ln3640 = add i10 %bk1_load, i10 1" [/home/silvenchen/Desktop/DitBlock/WorkDCT/DitBlock/kernel.cpp:3640]   --->   Operation 20 'add' 'add_ln3640' <Predicate = (!icmp_ln3640)> <Delay = 0.72> <CoreInst = "Adder">   --->   Core 1 'Adder' <Latency = 0> <II = 1> <Delay = 0.72> <FuncUnit> <Opcode : 'add' 'sub'> <InPorts = 2> <OutPorts = 1>
ST_1 : Operation 21 [1/1] (0.70ns)   --->   "%icmp_ln3641 = icmp_eq  i4 %bj1_load, i4 8" [/home/silvenchen/Desktop/DitBlock/WorkDCT/DitBlock/kernel.cpp:3641]   --->   Operation 21 'icmp' 'icmp_ln3641' <Predicate = (!icmp_ln3640)> <Delay = 0.70> <CoreInst = "Cmp">   --->   Core 9 'Cmp' <Latency = 0> <II = 1> <Delay = 0.70> <FuncUnit> <Opcode : 'icmp'> <InPorts = 2> <OutPorts = 1>
ST_1 : Operation 22 [1/1] (0.35ns)   --->   "%select_ln3640 = select i1 %icmp_ln3641, i4 0, i4 %bj1_load" [/home/silvenchen/Desktop/DitBlock/WorkDCT/DitBlock/kernel.cpp:3640]   --->   Operation 22 'select' 'select_ln3640' <Predicate = (!icmp_ln3640)> <Delay = 0.35> <CoreInst = "Sel">   --->   Core 73 'Sel' <Latency = 0> <II = 1> <Delay = 0.35> <FuncUnit> <Opcode : 'select'> <InPorts = 3> <OutPorts = 1>
ST_1 : Operation 23 [1/1] (0.30ns)   --->   "%select_ln3640_1 = select i1 %icmp_ln3641, i10 %add_ln3640, i10 %bk1_load" [/home/silvenchen/Desktop/DitBlock/WorkDCT/DitBlock/kernel.cpp:3640]   --->   Operation 23 'select' 'select_ln3640_1' <Predicate = (!icmp_ln3640)> <Delay = 0.30> <CoreInst = "Sel">   --->   Core 73 'Sel' <Latency = 0> <II = 1> <Delay = 0.30> <FuncUnit> <Opcode : 'select'> <InPorts = 3> <OutPorts = 1>
ST_1 : Operation 24 [1/1] (0.00ns)   --->   "%trunc_ln3640 = trunc i10 %select_ln3640_1" [/home/silvenchen/Desktop/DitBlock/WorkDCT/DitBlock/kernel.cpp:3640]   --->   Operation 24 'trunc' 'trunc_ln3640' <Predicate = (!icmp_ln3640)> <Delay = 0.00>
ST_1 : Operation 25 [1/1] (0.00ns)   --->   "%zext_ln3641 = zext i4 %select_ln3640" [/home/silvenchen/Desktop/DitBlock/WorkDCT/DitBlock/kernel.cpp:3641]   --->   Operation 25 'zext' 'zext_ln3641' <Predicate = (!icmp_ln3640)> <Delay = 0.00>
ST_1 : Operation 26 [1/1] (0.00ns)   --->   "%trunc_ln3641 = trunc i4 %select_ln3640" [/home/silvenchen/Desktop/DitBlock/WorkDCT/DitBlock/kernel.cpp:3641]   --->   Operation 26 'trunc' 'trunc_ln3641' <Predicate = (!icmp_ln3640)> <Delay = 0.00>
ST_1 : Operation 27 [1/1] (0.71ns)   --->   "%add_ln3643 = add i9 %tmp_22_read, i9 %zext_ln3641" [/home/silvenchen/Desktop/DitBlock/WorkDCT/DitBlock/kernel.cpp:3643]   --->   Operation 27 'add' 'add_ln3643' <Predicate = (!icmp_ln3640)> <Delay = 0.71> <CoreInst = "Adder">   --->   Core 1 'Adder' <Latency = 0> <II = 1> <Delay = 0.71> <FuncUnit> <Opcode : 'add' 'sub'> <InPorts = 2> <OutPorts = 1>
ST_1 : Operation 28 [1/1] (0.00ns)   --->   "%tmp_s = bitconcatenate i18 @_ssdm_op_BitConcatenate.i18.i9.i9, i9 %trunc_ln3640, i9 %add_ln3643" [/home/silvenchen/Desktop/DitBlock/WorkDCT/DitBlock/kernel.cpp:3643]   --->   Operation 28 'bitconcatenate' 'tmp_s' <Predicate = (!icmp_ln3640)> <Delay = 0.00>
ST_1 : Operation 29 [1/1] (0.00ns)   --->   "%zext_ln3643 = zext i18 %tmp_s" [/home/silvenchen/Desktop/DitBlock/WorkDCT/DitBlock/kernel.cpp:3643]   --->   Operation 29 'zext' 'zext_ln3643' <Predicate = (!icmp_ln3640)> <Delay = 0.00>
ST_1 : Operation 30 [1/1] (0.00ns)   --->   "%v1932_addr = getelementptr i32 %v1932, i64 0, i64 %zext_ln3643" [/home/silvenchen/Desktop/DitBlock/WorkDCT/DitBlock/kernel.cpp:3643]   --->   Operation 30 'getelementptr' 'v1932_addr' <Predicate = (!icmp_ln3640)> <Delay = 0.00>
ST_1 : Operation 31 [2/2] (2.66ns)   --->   "%v1946 = load i18 %v1932_addr" [/home/silvenchen/Desktop/DitBlock/WorkDCT/DitBlock/kernel.cpp:3643]   --->   Operation 31 'load' 'v1946' <Predicate = (!icmp_ln3640)> <Delay = 2.66> <CoreInst = "RAM_2P_URAM">   --->   Core 95 'RAM_2P_URAM' <Latency = 1> <II = 1> <Delay = 2.66> <Storage> <Opcode : 'load' 'store'> <Ports = 2> <Width = 32> <Depth = 262144> <RAM>
ST_1 : Operation 32 [1/1] (0.67ns)   --->   "%switch_ln3644 = switch i3 %trunc_ln3641, void %arrayidx394.case.7, i3 0, void %arrayidx394.case.0, i3 1, void %arrayidx394.case.1, i3 2, void %arrayidx394.case.2, i3 3, void %arrayidx394.case.3, i3 4, void %arrayidx394.case.4, i3 5, void %arrayidx394.case.5, i3 6, void %arrayidx394.case.6" [/home/silvenchen/Desktop/DitBlock/WorkDCT/DitBlock/kernel.cpp:3644]   --->   Operation 32 'switch' 'switch_ln3644' <Predicate = (!icmp_ln3640)> <Delay = 0.67>
ST_1 : Operation 33 [1/1] (0.70ns)   --->   "%add_ln3641 = add i4 %select_ln3640, i4 1" [/home/silvenchen/Desktop/DitBlock/WorkDCT/DitBlock/kernel.cpp:3641]   --->   Operation 33 'add' 'add_ln3641' <Predicate = (!icmp_ln3640)> <Delay = 0.70> <CoreInst = "Adder">   --->   Core 1 'Adder' <Latency = 0> <II = 1> <Delay = 0.70> <FuncUnit> <Opcode : 'add' 'sub'> <InPorts = 2> <OutPorts = 1>
ST_1 : Operation 34 [1/1] (0.38ns)   --->   "%store_ln3640 = store i13 %add_ln3640_1, i13 %indvar_flatten6" [/home/silvenchen/Desktop/DitBlock/WorkDCT/DitBlock/kernel.cpp:3640]   --->   Operation 34 'store' 'store_ln3640' <Predicate = (!icmp_ln3640)> <Delay = 0.38>
ST_1 : Operation 35 [1/1] (0.38ns)   --->   "%store_ln3640 = store i10 %select_ln3640_1, i10 %bk1" [/home/silvenchen/Desktop/DitBlock/WorkDCT/DitBlock/kernel.cpp:3640]   --->   Operation 35 'store' 'store_ln3640' <Predicate = (!icmp_ln3640)> <Delay = 0.38>
ST_1 : Operation 36 [1/1] (0.38ns)   --->   "%store_ln3641 = store i4 %add_ln3641, i4 %bj1" [/home/silvenchen/Desktop/DitBlock/WorkDCT/DitBlock/kernel.cpp:3641]   --->   Operation 36 'store' 'store_ln3641' <Predicate = (!icmp_ln3640)> <Delay = 0.38>
ST_1 : Operation 37 [1/1] (0.00ns)   --->   "%br_ln3641 = br void %for.inc40" [/home/silvenchen/Desktop/DitBlock/WorkDCT/DitBlock/kernel.cpp:3641]   --->   Operation 37 'br' 'br_ln3641' <Predicate = (!icmp_ln3640)> <Delay = 0.00>
ST_1 : Operation 67 [1/1] (0.00ns)   --->   "%ret_ln0 = ret"   --->   Operation 67 'ret' 'ret_ln0' <Predicate = (icmp_ln3640)> <Delay = 0.00>

State 2 <SV = 1> <Delay = 3.86>
ST_2 : Operation 38 [1/1] (0.00ns)   --->   "%specloopname_ln0 = specloopname void @_ssdm_op_SpecLoopName, void @l_load_B_tile_bk1_l_bj1_str"   --->   Operation 38 'specloopname' 'specloopname_ln0' <Predicate = true> <Delay = 0.00>
ST_2 : Operation 39 [1/1] (0.00ns)   --->   "%speclooptripcount_ln0 = speclooptripcount void @_ssdm_op_SpecLoopTripCount, i64 4096, i64 4096, i64 4096"   --->   Operation 39 'speclooptripcount' 'speclooptripcount_ln0' <Predicate = true> <Delay = 0.00>
ST_2 : Operation 40 [1/1] (0.00ns)   --->   "%zext_ln3640 = zext i10 %select_ln3640_1" [/home/silvenchen/Desktop/DitBlock/WorkDCT/DitBlock/kernel.cpp:3640]   --->   Operation 40 'zext' 'zext_ln3640' <Predicate = true> <Delay = 0.00>
ST_2 : Operation 41 [1/1] (0.00ns)   --->   "%local_B1_addr = getelementptr i32 %local_B1, i64 0, i64 %zext_ln3640" [/home/silvenchen/Desktop/DitBlock/WorkDCT/DitBlock/kernel.cpp:3640]   --->   Operation 41 'getelementptr' 'local_B1_addr' <Predicate = true> <Delay = 0.00>
ST_2 : Operation 42 [1/1] (0.00ns)   --->   "%local_B1_1_addr = getelementptr i32 %local_B1_1, i64 0, i64 %zext_ln3640" [/home/silvenchen/Desktop/DitBlock/WorkDCT/DitBlock/kernel.cpp:3640]   --->   Operation 42 'getelementptr' 'local_B1_1_addr' <Predicate = true> <Delay = 0.00>
ST_2 : Operation 43 [1/1] (0.00ns)   --->   "%local_B1_2_addr = getelementptr i32 %local_B1_2, i64 0, i64 %zext_ln3640" [/home/silvenchen/Desktop/DitBlock/WorkDCT/DitBlock/kernel.cpp:3640]   --->   Operation 43 'getelementptr' 'local_B1_2_addr' <Predicate = true> <Delay = 0.00>
ST_2 : Operation 44 [1/1] (0.00ns)   --->   "%local_B1_3_addr = getelementptr i32 %local_B1_3, i64 0, i64 %zext_ln3640" [/home/silvenchen/Desktop/DitBlock/WorkDCT/DitBlock/kernel.cpp:3640]   --->   Operation 44 'getelementptr' 'local_B1_3_addr' <Predicate = true> <Delay = 0.00>
ST_2 : Operation 45 [1/1] (0.00ns)   --->   "%local_B1_4_addr = getelementptr i32 %local_B1_4, i64 0, i64 %zext_ln3640" [/home/silvenchen/Desktop/DitBlock/WorkDCT/DitBlock/kernel.cpp:3640]   --->   Operation 45 'getelementptr' 'local_B1_4_addr' <Predicate = true> <Delay = 0.00>
ST_2 : Operation 46 [1/1] (0.00ns)   --->   "%local_B1_5_addr = getelementptr i32 %local_B1_5, i64 0, i64 %zext_ln3640" [/home/silvenchen/Desktop/DitBlock/WorkDCT/DitBlock/kernel.cpp:3640]   --->   Operation 46 'getelementptr' 'local_B1_5_addr' <Predicate = true> <Delay = 0.00>
ST_2 : Operation 47 [1/1] (0.00ns)   --->   "%local_B1_6_addr = getelementptr i32 %local_B1_6, i64 0, i64 %zext_ln3640" [/home/silvenchen/Desktop/DitBlock/WorkDCT/DitBlock/kernel.cpp:3640]   --->   Operation 47 'getelementptr' 'local_B1_6_addr' <Predicate = true> <Delay = 0.00>
ST_2 : Operation 48 [1/1] (0.00ns)   --->   "%local_B1_7_addr = getelementptr i32 %local_B1_7, i64 0, i64 %zext_ln3640" [/home/silvenchen/Desktop/DitBlock/WorkDCT/DitBlock/kernel.cpp:3640]   --->   Operation 48 'getelementptr' 'local_B1_7_addr' <Predicate = true> <Delay = 0.00>
ST_2 : Operation 49 [1/1] (0.00ns)   --->   "%specpipeline_ln3642 = specpipeline void @_ssdm_op_SpecPipeline, i32 1, i32 0, i32 0, i32 0, void @empty_219" [/home/silvenchen/Desktop/DitBlock/WorkDCT/DitBlock/kernel.cpp:3642]   --->   Operation 49 'specpipeline' 'specpipeline_ln3642' <Predicate = true> <Delay = 0.00>
ST_2 : Operation 50 [1/2] (2.66ns)   --->   "%v1946 = load i18 %v1932_addr" [/home/silvenchen/Desktop/DitBlock/WorkDCT/DitBlock/kernel.cpp:3643]   --->   Operation 50 'load' 'v1946' <Predicate = true> <Delay = 2.66> <CoreInst = "RAM_2P_URAM">   --->   Core 95 'RAM_2P_URAM' <Latency = 1> <II = 1> <Delay = 2.66> <Storage> <Opcode : 'load' 'store'> <Ports = 2> <Width = 32> <Depth = 262144> <RAM>
ST_2 : Operation 51 [1/1] (1.19ns)   --->   "%store_ln3644 = store i32 %v1946, i9 %local_B1_6_addr" [/home/silvenchen/Desktop/DitBlock/WorkDCT/DitBlock/kernel.cpp:3644]   --->   Operation 51 'store' 'store_ln3644' <Predicate = (trunc_ln3641 == 6)> <Delay = 1.19> <CoreInst = "RAM">   --->   Core 83 'RAM' <Latency = 1> <II = 1> <Delay = 1.19> <Storage> <Opcode : 'load' 'store'> <Ports = 2> <Width = 32> <Depth = 512> <RAM>
ST_2 : Operation 52 [1/1] (0.00ns)   --->   "%br_ln3644 = br void %arrayidx394.exit" [/home/silvenchen/Desktop/DitBlock/WorkDCT/DitBlock/kernel.cpp:3644]   --->   Operation 52 'br' 'br_ln3644' <Predicate = (trunc_ln3641 == 6)> <Delay = 0.00>
ST_2 : Operation 53 [1/1] (1.19ns)   --->   "%store_ln3644 = store i32 %v1946, i9 %local_B1_5_addr" [/home/silvenchen/Desktop/DitBlock/WorkDCT/DitBlock/kernel.cpp:3644]   --->   Operation 53 'store' 'store_ln3644' <Predicate = (trunc_ln3641 == 5)> <Delay = 1.19> <CoreInst = "RAM">   --->   Core 83 'RAM' <Latency = 1> <II = 1> <Delay = 1.19> <Storage> <Opcode : 'load' 'store'> <Ports = 2> <Width = 32> <Depth = 512> <RAM>
ST_2 : Operation 54 [1/1] (0.00ns)   --->   "%br_ln3644 = br void %arrayidx394.exit" [/home/silvenchen/Desktop/DitBlock/WorkDCT/DitBlock/kernel.cpp:3644]   --->   Operation 54 'br' 'br_ln3644' <Predicate = (trunc_ln3641 == 5)> <Delay = 0.00>
ST_2 : Operation 55 [1/1] (1.19ns)   --->   "%store_ln3644 = store i32 %v1946, i9 %local_B1_4_addr" [/home/silvenchen/Desktop/DitBlock/WorkDCT/DitBlock/kernel.cpp:3644]   --->   Operation 55 'store' 'store_ln3644' <Predicate = (trunc_ln3641 == 4)> <Delay = 1.19> <CoreInst = "RAM">   --->   Core 83 'RAM' <Latency = 1> <II = 1> <Delay = 1.19> <Storage> <Opcode : 'load' 'store'> <Ports = 2> <Width = 32> <Depth = 512> <RAM>
ST_2 : Operation 56 [1/1] (0.00ns)   --->   "%br_ln3644 = br void %arrayidx394.exit" [/home/silvenchen/Desktop/DitBlock/WorkDCT/DitBlock/kernel.cpp:3644]   --->   Operation 56 'br' 'br_ln3644' <Predicate = (trunc_ln3641 == 4)> <Delay = 0.00>
ST_2 : Operation 57 [1/1] (1.19ns)   --->   "%store_ln3644 = store i32 %v1946, i9 %local_B1_3_addr" [/home/silvenchen/Desktop/DitBlock/WorkDCT/DitBlock/kernel.cpp:3644]   --->   Operation 57 'store' 'store_ln3644' <Predicate = (trunc_ln3641 == 3)> <Delay = 1.19> <CoreInst = "RAM">   --->   Core 83 'RAM' <Latency = 1> <II = 1> <Delay = 1.19> <Storage> <Opcode : 'load' 'store'> <Ports = 2> <Width = 32> <Depth = 512> <RAM>
ST_2 : Operation 58 [1/1] (0.00ns)   --->   "%br_ln3644 = br void %arrayidx394.exit" [/home/silvenchen/Desktop/DitBlock/WorkDCT/DitBlock/kernel.cpp:3644]   --->   Operation 58 'br' 'br_ln3644' <Predicate = (trunc_ln3641 == 3)> <Delay = 0.00>
ST_2 : Operation 59 [1/1] (1.19ns)   --->   "%store_ln3644 = store i32 %v1946, i9 %local_B1_2_addr" [/home/silvenchen/Desktop/DitBlock/WorkDCT/DitBlock/kernel.cpp:3644]   --->   Operation 59 'store' 'store_ln3644' <Predicate = (trunc_ln3641 == 2)> <Delay = 1.19> <CoreInst = "RAM">   --->   Core 83 'RAM' <Latency = 1> <II = 1> <Delay = 1.19> <Storage> <Opcode : 'load' 'store'> <Ports = 2> <Width = 32> <Depth = 512> <RAM>
ST_2 : Operation 60 [1/1] (0.00ns)   --->   "%br_ln3644 = br void %arrayidx394.exit" [/home/silvenchen/Desktop/DitBlock/WorkDCT/DitBlock/kernel.cpp:3644]   --->   Operation 60 'br' 'br_ln3644' <Predicate = (trunc_ln3641 == 2)> <Delay = 0.00>
ST_2 : Operation 61 [1/1] (1.19ns)   --->   "%store_ln3644 = store i32 %v1946, i9 %local_B1_1_addr" [/home/silvenchen/Desktop/DitBlock/WorkDCT/DitBlock/kernel.cpp:3644]   --->   Operation 61 'store' 'store_ln3644' <Predicate = (trunc_ln3641 == 1)> <Delay = 1.19> <CoreInst = "RAM">   --->   Core 83 'RAM' <Latency = 1> <II = 1> <Delay = 1.19> <Storage> <Opcode : 'load' 'store'> <Ports = 2> <Width = 32> <Depth = 512> <RAM>
ST_2 : Operation 62 [1/1] (0.00ns)   --->   "%br_ln3644 = br void %arrayidx394.exit" [/home/silvenchen/Desktop/DitBlock/WorkDCT/DitBlock/kernel.cpp:3644]   --->   Operation 62 'br' 'br_ln3644' <Predicate = (trunc_ln3641 == 1)> <Delay = 0.00>
ST_2 : Operation 63 [1/1] (1.19ns)   --->   "%store_ln3644 = store i32 %v1946, i9 %local_B1_addr" [/home/silvenchen/Desktop/DitBlock/WorkDCT/DitBlock/kernel.cpp:3644]   --->   Operation 63 'store' 'store_ln3644' <Predicate = (trunc_ln3641 == 0)> <Delay = 1.19> <CoreInst = "RAM">   --->   Core 83 'RAM' <Latency = 1> <II = 1> <Delay = 1.19> <Storage> <Opcode : 'load' 'store'> <Ports = 2> <Width = 32> <Depth = 512> <RAM>
ST_2 : Operation 64 [1/1] (0.00ns)   --->   "%br_ln3644 = br void %arrayidx394.exit" [/home/silvenchen/Desktop/DitBlock/WorkDCT/DitBlock/kernel.cpp:3644]   --->   Operation 64 'br' 'br_ln3644' <Predicate = (trunc_ln3641 == 0)> <Delay = 0.00>
ST_2 : Operation 65 [1/1] (1.19ns)   --->   "%store_ln3644 = store i32 %v1946, i9 %local_B1_7_addr" [/home/silvenchen/Desktop/DitBlock/WorkDCT/DitBlock/kernel.cpp:3644]   --->   Operation 65 'store' 'store_ln3644' <Predicate = (trunc_ln3641 == 7)> <Delay = 1.19> <CoreInst = "RAM">   --->   Core 83 'RAM' <Latency = 1> <II = 1> <Delay = 1.19> <Storage> <Opcode : 'load' 'store'> <Ports = 2> <Width = 32> <Depth = 512> <RAM>
ST_2 : Operation 66 [1/1] (0.00ns)   --->   "%br_ln3644 = br void %arrayidx394.exit" [/home/silvenchen/Desktop/DitBlock/WorkDCT/DitBlock/kernel.cpp:3644]   --->   Operation 66 'br' 'br_ln3644' <Predicate = (trunc_ln3641 == 7)> <Delay = 0.00>


============================================================
+ Verbose Summary: Timing violations
============================================================
Target clock period: 10.000ns, clock uncertainty: 2.700ns.

 <State 1>: 4.825ns
The critical path consists of the following:
	'store' operation 0 bit ('store_ln3641', /home/silvenchen/Desktop/DitBlock/WorkDCT/DitBlock/kernel.cpp:3641) of constant 0 on local variable 'bj1', /home/silvenchen/Desktop/DitBlock/WorkDCT/DitBlock/kernel.cpp:3641 [18]  (0.387 ns)
	'load' operation 4 bit ('bj1_load', /home/silvenchen/Desktop/DitBlock/WorkDCT/DitBlock/kernel.cpp:3641) on local variable 'bj1', /home/silvenchen/Desktop/DitBlock/WorkDCT/DitBlock/kernel.cpp:3641 [26]  (0.000 ns)
	'icmp' operation 1 bit ('icmp_ln3641', /home/silvenchen/Desktop/DitBlock/WorkDCT/DitBlock/kernel.cpp:3641) [31]  (0.708 ns)
	'select' operation 4 bit ('select_ln3640', /home/silvenchen/Desktop/DitBlock/WorkDCT/DitBlock/kernel.cpp:3640) [32]  (0.351 ns)
	'add' operation 9 bit ('add_ln3643', /home/silvenchen/Desktop/DitBlock/WorkDCT/DitBlock/kernel.cpp:3643) [47]  (0.715 ns)
	'getelementptr' operation 18 bit ('v1932_addr', /home/silvenchen/Desktop/DitBlock/WorkDCT/DitBlock/kernel.cpp:3643) [50]  (0.000 ns)
	'load' operation 32 bit ('v1946', /home/silvenchen/Desktop/DitBlock/WorkDCT/DitBlock/kernel.cpp:3643) on array 'v1932' [51]  (2.664 ns)

 <State 2>: 3.860ns
The critical path consists of the following:
	'load' operation 32 bit ('v1946', /home/silvenchen/Desktop/DitBlock/WorkDCT/DitBlock/kernel.cpp:3643) on array 'v1932' [51]  (2.664 ns)
	'store' operation 0 bit ('store_ln3644', /home/silvenchen/Desktop/DitBlock/WorkDCT/DitBlock/kernel.cpp:3644) of variable 'v1946', /home/silvenchen/Desktop/DitBlock/WorkDCT/DitBlock/kernel.cpp:3643 on array 'local_B1' [72]  (1.196 ns)


============================================================
+ Verbose Summary: Binding
============================================================
N/A
* FSMD analyzer results:
  - Output states:
 - Input state : 
  - Chain level:
	State 1
	State 2


============================================================
+ Verbose Summary: Datapath Resource usage 
============================================================
N/A
