

================================================================
== Vitis HLS Report for 'systolic_QKT_Pipeline_l_load_A_tile_ak4_l_ai4'
================================================================
* Date:           Wed Feb  5 22:34:19 2025

* Version:        2023.2 (Build 4023990 on Oct 11 2023)
* Project:        DitBlock
* Solution:       hls (Vivado IP Flow Target)
* Product family: virtexuplusHBM
* Target device:  xcu280-fsvh2892-2L-e


================================================================
== Performance Estimates
================================================================
+ Timing: 
    * Summary: 
    +--------+----------+----------+------------+
    |  Clock |  Target  | Estimated| Uncertainty|
    +--------+----------+----------+------------+
    |ap_clk  |  10.00 ns|  4.204 ns|     2.70 ns|
    +--------+----------+----------+------------+

+ Latency: 
    * Summary: 
    +---------+---------+----------+----------+-----+-----+---------+
    |  Latency (cycles) |  Latency (absolute) |  Interval | Pipeline|
    |   min   |   max   |    min   |    max   | min | max |   Type  |
    +---------+---------+----------+----------+-----+-----+---------+
    |      514|      514|  5.140 us|  5.140 us|  514|  514|       no|
    +---------+---------+----------+----------+-----+-----+---------+

    + Detail: 
        * Instance: 
        N/A

        * Loop: 
        +---------------------------+---------+---------+----------+-----------+-----------+------+----------+
        |                           |  Latency (cycles) | Iteration|  Initiation Interval  | Trip |          |
        |         Loop Name         |   min   |   max   |  Latency |  achieved |   target  | Count| Pipelined|
        +---------------------------+---------+---------+----------+-----------+-----------+------+----------+
        |- l_load_A_tile_ak4_l_ai4  |      512|      512|         2|          1|          1|   512|       yes|
        +---------------------------+---------+---------+----------+-----------+-----------+------+----------+

============================================================
+ Verbose Summary: Synthesis Manager
============================================================
InlineROM: 1
ExposeGlobal: 0
============================================================
+ Verbose Summary: CDFG Model
============================================================
IsTopModel: 0
ResetActiveHigh: 1
IsCombinational: 0
IsDatapathOnly: 0
HasWiredReturn: 1
HasMFsm: 2
HasVarLatency: 1
IsPipeline: 0
IsRtlPipelined: 0
IsInstanceOverlapped: 0
IsDontTouch: 0
HasImplIP: 0
IsGatedGlobalClock: 0

+ Individual pipeline summary: 
  * Pipeline-0: initiation interval (II) = 1, depth = 2


============================================================
+ Verbose Summary: Schedule
============================================================
* Number of FSM states : 2
* Pipeline : 1
  Pipeline-0 : II = 1, D = 2, States = { 1 2 }
* Dataflow Pipeline: 0

* FSM state transitions: 
1 --> 2 
2 --> 

* FSM state operations: 

State 1 <SV = 0> <Delay = 4.20>
ST_1 : Operation 5 [1/1] (0.00ns)   --->   "%ai4 = alloca i32 1" [/home/silvenchen/Desktop/DitBlock/WorkDCT/DitBlock/kernel.cpp:12608]   --->   Operation 5 'alloca' 'ai4' <Predicate = true> <Delay = 0.00>
ST_1 : Operation 6 [1/1] (0.00ns)   --->   "%ak4 = alloca i32 1" [/home/silvenchen/Desktop/DitBlock/WorkDCT/DitBlock/kernel.cpp:12607]   --->   Operation 6 'alloca' 'ak4' <Predicate = true> <Delay = 0.00>
ST_1 : Operation 7 [1/1] (0.00ns)   --->   "%indvar_flatten = alloca i32 1"   --->   Operation 7 'alloca' 'indvar_flatten' <Predicate = true> <Delay = 0.00>
ST_1 : Operation 8 [1/1] (0.00ns)   --->   "%p_mid2_read = read i10 @_ssdm_op_Read.ap_auto.i10, i10 %p_mid2"   --->   Operation 8 'read' 'p_mid2_read' <Predicate = true> <Delay = 0.00>
ST_1 : Operation 9 [1/1] (0.00ns)   --->   "%v6893_read = read i1 @_ssdm_op_Read.ap_auto.i1, i1 %v6893"   --->   Operation 9 'read' 'v6893_read' <Predicate = true> <Delay = 0.00>
ST_1 : Operation 10 [1/1] (0.38ns)   --->   "%store_ln0 = store i10 0, i10 %indvar_flatten"   --->   Operation 10 'store' 'store_ln0' <Predicate = true> <Delay = 0.38>
ST_1 : Operation 11 [1/1] (0.38ns)   --->   "%store_ln12607 = store i7 0, i7 %ak4" [/home/silvenchen/Desktop/DitBlock/WorkDCT/DitBlock/kernel.cpp:12607]   --->   Operation 11 'store' 'store_ln12607' <Predicate = true> <Delay = 0.38>
ST_1 : Operation 12 [1/1] (0.38ns)   --->   "%store_ln12608 = store i4 0, i4 %ai4" [/home/silvenchen/Desktop/DitBlock/WorkDCT/DitBlock/kernel.cpp:12608]   --->   Operation 12 'store' 'store_ln12608' <Predicate = true> <Delay = 0.38>
ST_1 : Operation 13 [1/1] (0.00ns)   --->   "%br_ln0 = br void %for.body12"   --->   Operation 13 'br' 'br_ln0' <Predicate = true> <Delay = 0.00>
ST_1 : Operation 14 [1/1] (0.00ns)   --->   "%indvar_flatten_load = load i10 %indvar_flatten" [/home/silvenchen/Desktop/DitBlock/WorkDCT/DitBlock/kernel.cpp:12607]   --->   Operation 14 'load' 'indvar_flatten_load' <Predicate = true> <Delay = 0.00>
ST_1 : Operation 15 [1/1] (0.72ns)   --->   "%icmp_ln12607 = icmp_eq  i10 %indvar_flatten_load, i10 512" [/home/silvenchen/Desktop/DitBlock/WorkDCT/DitBlock/kernel.cpp:12607]   --->   Operation 15 'icmp' 'icmp_ln12607' <Predicate = true> <Delay = 0.72> <CoreInst = "Cmp">   --->   Core 9 'Cmp' <Latency = 0> <II = 1> <Delay = 0.72> <FuncUnit> <Opcode : 'icmp'> <InPorts = 2> <OutPorts = 1>
ST_1 : Operation 16 [1/1] (0.72ns)   --->   "%add_ln12607_1 = add i10 %indvar_flatten_load, i10 1" [/home/silvenchen/Desktop/DitBlock/WorkDCT/DitBlock/kernel.cpp:12607]   --->   Operation 16 'add' 'add_ln12607_1' <Predicate = true> <Delay = 0.72> <CoreInst = "Adder">   --->   Core 1 'Adder' <Latency = 0> <II = 1> <Delay = 0.72> <FuncUnit> <Opcode : 'add' 'sub'> <InPorts = 2> <OutPorts = 1>
ST_1 : Operation 17 [1/1] (0.00ns)   --->   "%br_ln12607 = br i1 %icmp_ln12607, void %for.inc19, void %l_load_B_tile_bk4.exitStub" [/home/silvenchen/Desktop/DitBlock/WorkDCT/DitBlock/kernel.cpp:12607]   --->   Operation 17 'br' 'br_ln12607' <Predicate = true> <Delay = 0.00>
ST_1 : Operation 18 [1/1] (0.00ns)   --->   "%ai4_load = load i4 %ai4" [/home/silvenchen/Desktop/DitBlock/WorkDCT/DitBlock/kernel.cpp:12608]   --->   Operation 18 'load' 'ai4_load' <Predicate = (!icmp_ln12607)> <Delay = 0.00>
ST_1 : Operation 19 [1/1] (0.00ns)   --->   "%ak4_load = load i7 %ak4" [/home/silvenchen/Desktop/DitBlock/WorkDCT/DitBlock/kernel.cpp:12607]   --->   Operation 19 'load' 'ak4_load' <Predicate = (!icmp_ln12607)> <Delay = 0.00>
ST_1 : Operation 20 [1/1] (0.70ns)   --->   "%add_ln12607 = add i7 %ak4_load, i7 1" [/home/silvenchen/Desktop/DitBlock/WorkDCT/DitBlock/kernel.cpp:12607]   --->   Operation 20 'add' 'add_ln12607' <Predicate = (!icmp_ln12607)> <Delay = 0.70> <CoreInst = "Adder">   --->   Core 1 'Adder' <Latency = 0> <II = 1> <Delay = 0.70> <FuncUnit> <Opcode : 'add' 'sub'> <InPorts = 2> <OutPorts = 1>
ST_1 : Operation 21 [1/1] (0.70ns)   --->   "%icmp_ln12608 = icmp_eq  i4 %ai4_load, i4 8" [/home/silvenchen/Desktop/DitBlock/WorkDCT/DitBlock/kernel.cpp:12608]   --->   Operation 21 'icmp' 'icmp_ln12608' <Predicate = (!icmp_ln12607)> <Delay = 0.70> <CoreInst = "Cmp">   --->   Core 9 'Cmp' <Latency = 0> <II = 1> <Delay = 0.70> <FuncUnit> <Opcode : 'icmp'> <InPorts = 2> <OutPorts = 1>
ST_1 : Operation 22 [1/1] (0.35ns)   --->   "%select_ln12607 = select i1 %icmp_ln12608, i4 0, i4 %ai4_load" [/home/silvenchen/Desktop/DitBlock/WorkDCT/DitBlock/kernel.cpp:12607]   --->   Operation 22 'select' 'select_ln12607' <Predicate = (!icmp_ln12607)> <Delay = 0.35> <CoreInst = "Sel">   --->   Core 73 'Sel' <Latency = 0> <II = 1> <Delay = 0.35> <FuncUnit> <Opcode : 'select'> <InPorts = 3> <OutPorts = 1>
ST_1 : Operation 23 [1/1] (0.30ns)   --->   "%select_ln12607_1 = select i1 %icmp_ln12608, i7 %add_ln12607, i7 %ak4_load" [/home/silvenchen/Desktop/DitBlock/WorkDCT/DitBlock/kernel.cpp:12607]   --->   Operation 23 'select' 'select_ln12607_1' <Predicate = (!icmp_ln12607)> <Delay = 0.30> <CoreInst = "Sel">   --->   Core 73 'Sel' <Latency = 0> <II = 1> <Delay = 0.30> <FuncUnit> <Opcode : 'select'> <InPorts = 3> <OutPorts = 1>
ST_1 : Operation 24 [1/1] (0.00ns)   --->   "%select_ln12607_1_cast = zext i7 %select_ln12607_1" [/home/silvenchen/Desktop/DitBlock/WorkDCT/DitBlock/kernel.cpp:12607]   --->   Operation 24 'zext' 'select_ln12607_1_cast' <Predicate = (!icmp_ln12607)> <Delay = 0.00>
ST_1 : Operation 25 [1/1] (0.00ns)   --->   "%zext_ln12608 = zext i4 %select_ln12607" [/home/silvenchen/Desktop/DitBlock/WorkDCT/DitBlock/kernel.cpp:12608]   --->   Operation 25 'zext' 'zext_ln12608' <Predicate = (!icmp_ln12607)> <Delay = 0.00>
ST_1 : Operation 26 [1/1] (0.00ns)   --->   "%trunc_ln12611 = trunc i4 %select_ln12607" [/home/silvenchen/Desktop/DitBlock/WorkDCT/DitBlock/kernel.cpp:12611]   --->   Operation 26 'trunc' 'trunc_ln12611' <Predicate = (!icmp_ln12607)> <Delay = 0.00>
ST_1 : Operation 27 [1/1] (0.00ns)   --->   "%br_ln12612 = br i1 %v6893_read, void %for.inc, void %if.then" [/home/silvenchen/Desktop/DitBlock/WorkDCT/DitBlock/kernel.cpp:12612]   --->   Operation 27 'br' 'br_ln12612' <Predicate = (!icmp_ln12607)> <Delay = 0.00>
ST_1 : Operation 28 [1/1] (0.72ns)   --->   "%add_ln12613 = add i10 %p_mid2_read, i10 %zext_ln12608" [/home/silvenchen/Desktop/DitBlock/WorkDCT/DitBlock/kernel.cpp:12613]   --->   Operation 28 'add' 'add_ln12613' <Predicate = (!icmp_ln12607 & v6893_read)> <Delay = 0.72> <CoreInst = "Adder">   --->   Core 1 'Adder' <Latency = 0> <II = 1> <Delay = 0.72> <FuncUnit> <Opcode : 'add' 'sub'> <InPorts = 2> <OutPorts = 1>
ST_1 : Operation 29 [1/1] (0.00ns)   --->   "%tmp_s = bitconcatenate i16 @_ssdm_op_BitConcatenate.i16.i10.i6, i10 %add_ln12613, i6 0" [/home/silvenchen/Desktop/DitBlock/WorkDCT/DitBlock/kernel.cpp:12613]   --->   Operation 29 'bitconcatenate' 'tmp_s' <Predicate = (!icmp_ln12607 & v6893_read)> <Delay = 0.00>
ST_1 : Operation 30 [1/1] (0.78ns)   --->   "%add_ln12613_1 = add i16 %tmp_s, i16 %select_ln12607_1_cast" [/home/silvenchen/Desktop/DitBlock/WorkDCT/DitBlock/kernel.cpp:12613]   --->   Operation 30 'add' 'add_ln12613_1' <Predicate = (!icmp_ln12607 & v6893_read)> <Delay = 0.78> <CoreInst = "Adder">   --->   Core 1 'Adder' <Latency = 0> <II = 1> <Delay = 0.78> <FuncUnit> <Opcode : 'add' 'sub'> <InPorts = 2> <OutPorts = 1>
ST_1 : Operation 31 [1/1] (0.00ns)   --->   "%zext_ln12613 = zext i16 %add_ln12613_1" [/home/silvenchen/Desktop/DitBlock/WorkDCT/DitBlock/kernel.cpp:12613]   --->   Operation 31 'zext' 'zext_ln12613' <Predicate = (!icmp_ln12607 & v6893_read)> <Delay = 0.00>
ST_1 : Operation 32 [1/1] (0.00ns)   --->   "%v6882_addr = getelementptr i32 %v6882, i64 0, i64 %zext_ln12613" [/home/silvenchen/Desktop/DitBlock/WorkDCT/DitBlock/kernel.cpp:12613]   --->   Operation 32 'getelementptr' 'v6882_addr' <Predicate = (!icmp_ln12607 & v6893_read)> <Delay = 0.00>
ST_1 : Operation 33 [2/2] (1.24ns)   --->   "%v6894 = load i16 %v6882_addr" [/home/silvenchen/Desktop/DitBlock/WorkDCT/DitBlock/kernel.cpp:12613]   --->   Operation 33 'load' 'v6894' <Predicate = (!icmp_ln12607 & v6893_read)> <Delay = 1.24> <CoreInst = "RAM">   --->   Core 83 'RAM' <Latency = 1> <II = 1> <Delay = 1.24> <Storage> <Opcode : 'load' 'store'> <Ports = 2> <Width = 32> <Depth = 65536> <RAM>
ST_1 : Operation 34 [1/1] (0.67ns)   --->   "%switch_ln12614 = switch i3 %trunc_ln12611, void %arrayidx186.case.7, i3 0, void %arrayidx186.case.0, i3 1, void %arrayidx186.case.1, i3 2, void %arrayidx186.case.2, i3 3, void %arrayidx186.case.3, i3 4, void %arrayidx186.case.4, i3 5, void %arrayidx186.case.5, i3 6, void %arrayidx186.case.6" [/home/silvenchen/Desktop/DitBlock/WorkDCT/DitBlock/kernel.cpp:12614]   --->   Operation 34 'switch' 'switch_ln12614' <Predicate = (!icmp_ln12607 & v6893_read)> <Delay = 0.67>
ST_1 : Operation 35 [1/1] (0.00ns)   --->   "%br_ln12614 = br void %arrayidx186.exit" [/home/silvenchen/Desktop/DitBlock/WorkDCT/DitBlock/kernel.cpp:12614]   --->   Operation 35 'br' 'br_ln12614' <Predicate = (!icmp_ln12607 & v6893_read & trunc_ln12611 == 6)> <Delay = 0.00>
ST_1 : Operation 36 [1/1] (0.00ns)   --->   "%br_ln12614 = br void %arrayidx186.exit" [/home/silvenchen/Desktop/DitBlock/WorkDCT/DitBlock/kernel.cpp:12614]   --->   Operation 36 'br' 'br_ln12614' <Predicate = (!icmp_ln12607 & v6893_read & trunc_ln12611 == 5)> <Delay = 0.00>
ST_1 : Operation 37 [1/1] (0.00ns)   --->   "%br_ln12614 = br void %arrayidx186.exit" [/home/silvenchen/Desktop/DitBlock/WorkDCT/DitBlock/kernel.cpp:12614]   --->   Operation 37 'br' 'br_ln12614' <Predicate = (!icmp_ln12607 & v6893_read & trunc_ln12611 == 4)> <Delay = 0.00>
ST_1 : Operation 38 [1/1] (0.00ns)   --->   "%br_ln12614 = br void %arrayidx186.exit" [/home/silvenchen/Desktop/DitBlock/WorkDCT/DitBlock/kernel.cpp:12614]   --->   Operation 38 'br' 'br_ln12614' <Predicate = (!icmp_ln12607 & v6893_read & trunc_ln12611 == 3)> <Delay = 0.00>
ST_1 : Operation 39 [1/1] (0.00ns)   --->   "%br_ln12614 = br void %arrayidx186.exit" [/home/silvenchen/Desktop/DitBlock/WorkDCT/DitBlock/kernel.cpp:12614]   --->   Operation 39 'br' 'br_ln12614' <Predicate = (!icmp_ln12607 & v6893_read & trunc_ln12611 == 2)> <Delay = 0.00>
ST_1 : Operation 40 [1/1] (0.00ns)   --->   "%br_ln12614 = br void %arrayidx186.exit" [/home/silvenchen/Desktop/DitBlock/WorkDCT/DitBlock/kernel.cpp:12614]   --->   Operation 40 'br' 'br_ln12614' <Predicate = (!icmp_ln12607 & v6893_read & trunc_ln12611 == 1)> <Delay = 0.00>
ST_1 : Operation 41 [1/1] (0.00ns)   --->   "%br_ln12614 = br void %arrayidx186.exit" [/home/silvenchen/Desktop/DitBlock/WorkDCT/DitBlock/kernel.cpp:12614]   --->   Operation 41 'br' 'br_ln12614' <Predicate = (!icmp_ln12607 & v6893_read & trunc_ln12611 == 0)> <Delay = 0.00>
ST_1 : Operation 42 [1/1] (0.00ns)   --->   "%br_ln12614 = br void %arrayidx186.exit" [/home/silvenchen/Desktop/DitBlock/WorkDCT/DitBlock/kernel.cpp:12614]   --->   Operation 42 'br' 'br_ln12614' <Predicate = (!icmp_ln12607 & v6893_read & trunc_ln12611 == 7)> <Delay = 0.00>
ST_1 : Operation 43 [1/1] (0.70ns)   --->   "%add_ln12608 = add i4 %select_ln12607, i4 1" [/home/silvenchen/Desktop/DitBlock/WorkDCT/DitBlock/kernel.cpp:12608]   --->   Operation 43 'add' 'add_ln12608' <Predicate = (!icmp_ln12607)> <Delay = 0.70> <CoreInst = "Adder">   --->   Core 1 'Adder' <Latency = 0> <II = 1> <Delay = 0.70> <FuncUnit> <Opcode : 'add' 'sub'> <InPorts = 2> <OutPorts = 1>
ST_1 : Operation 44 [1/1] (0.38ns)   --->   "%store_ln12607 = store i10 %add_ln12607_1, i10 %indvar_flatten" [/home/silvenchen/Desktop/DitBlock/WorkDCT/DitBlock/kernel.cpp:12607]   --->   Operation 44 'store' 'store_ln12607' <Predicate = (!icmp_ln12607)> <Delay = 0.38>
ST_1 : Operation 45 [1/1] (0.38ns)   --->   "%store_ln12607 = store i7 %select_ln12607_1, i7 %ak4" [/home/silvenchen/Desktop/DitBlock/WorkDCT/DitBlock/kernel.cpp:12607]   --->   Operation 45 'store' 'store_ln12607' <Predicate = (!icmp_ln12607)> <Delay = 0.38>
ST_1 : Operation 46 [1/1] (0.38ns)   --->   "%store_ln12608 = store i4 %add_ln12608, i4 %ai4" [/home/silvenchen/Desktop/DitBlock/WorkDCT/DitBlock/kernel.cpp:12608]   --->   Operation 46 'store' 'store_ln12608' <Predicate = (!icmp_ln12607)> <Delay = 0.38>
ST_1 : Operation 47 [1/1] (0.00ns)   --->   "%br_ln12608 = br void %for.body12" [/home/silvenchen/Desktop/DitBlock/WorkDCT/DitBlock/kernel.cpp:12608]   --->   Operation 47 'br' 'br_ln12608' <Predicate = (!icmp_ln12607)> <Delay = 0.00>
ST_1 : Operation 70 [1/1] (0.00ns)   --->   "%ret_ln0 = ret"   --->   Operation 70 'ret' 'ret_ln0' <Predicate = (icmp_ln12607)> <Delay = 0.00>

State 2 <SV = 1> <Delay = 1.94>
ST_2 : Operation 48 [1/1] (0.00ns)   --->   "%specloopname_ln0 = specloopname void @_ssdm_op_SpecLoopName, void @l_load_A_tile_ak4_l_ai4_str"   --->   Operation 48 'specloopname' 'specloopname_ln0' <Predicate = true> <Delay = 0.00>
ST_2 : Operation 49 [1/1] (0.00ns)   --->   "%speclooptripcount_ln0 = speclooptripcount void @_ssdm_op_SpecLoopTripCount, i64 512, i64 512, i64 512"   --->   Operation 49 'speclooptripcount' 'speclooptripcount_ln0' <Predicate = true> <Delay = 0.00>
ST_2 : Operation 50 [1/1] (0.00ns)   --->   "%zext_ln12607 = zext i7 %select_ln12607_1" [/home/silvenchen/Desktop/DitBlock/WorkDCT/DitBlock/kernel.cpp:12607]   --->   Operation 50 'zext' 'zext_ln12607' <Predicate = true> <Delay = 0.00>
ST_2 : Operation 51 [1/1] (0.00ns)   --->   "%local_A4_addr = getelementptr i32 %local_A4, i64 0, i64 %zext_ln12607" [/home/silvenchen/Desktop/DitBlock/WorkDCT/DitBlock/kernel.cpp:12607]   --->   Operation 51 'getelementptr' 'local_A4_addr' <Predicate = true> <Delay = 0.00>
ST_2 : Operation 52 [1/1] (0.00ns)   --->   "%local_A4_1_addr = getelementptr i32 %local_A4_1, i64 0, i64 %zext_ln12607" [/home/silvenchen/Desktop/DitBlock/WorkDCT/DitBlock/kernel.cpp:12607]   --->   Operation 52 'getelementptr' 'local_A4_1_addr' <Predicate = true> <Delay = 0.00>
ST_2 : Operation 53 [1/1] (0.00ns)   --->   "%local_A4_2_addr = getelementptr i32 %local_A4_2, i64 0, i64 %zext_ln12607" [/home/silvenchen/Desktop/DitBlock/WorkDCT/DitBlock/kernel.cpp:12607]   --->   Operation 53 'getelementptr' 'local_A4_2_addr' <Predicate = true> <Delay = 0.00>
ST_2 : Operation 54 [1/1] (0.00ns)   --->   "%local_A4_3_addr = getelementptr i32 %local_A4_3, i64 0, i64 %zext_ln12607" [/home/silvenchen/Desktop/DitBlock/WorkDCT/DitBlock/kernel.cpp:12607]   --->   Operation 54 'getelementptr' 'local_A4_3_addr' <Predicate = true> <Delay = 0.00>
ST_2 : Operation 55 [1/1] (0.00ns)   --->   "%local_A4_4_addr = getelementptr i32 %local_A4_4, i64 0, i64 %zext_ln12607" [/home/silvenchen/Desktop/DitBlock/WorkDCT/DitBlock/kernel.cpp:12607]   --->   Operation 55 'getelementptr' 'local_A4_4_addr' <Predicate = true> <Delay = 0.00>
ST_2 : Operation 56 [1/1] (0.00ns)   --->   "%local_A4_5_addr = getelementptr i32 %local_A4_5, i64 0, i64 %zext_ln12607" [/home/silvenchen/Desktop/DitBlock/WorkDCT/DitBlock/kernel.cpp:12607]   --->   Operation 56 'getelementptr' 'local_A4_5_addr' <Predicate = true> <Delay = 0.00>
ST_2 : Operation 57 [1/1] (0.00ns)   --->   "%local_A4_6_addr = getelementptr i32 %local_A4_6, i64 0, i64 %zext_ln12607" [/home/silvenchen/Desktop/DitBlock/WorkDCT/DitBlock/kernel.cpp:12607]   --->   Operation 57 'getelementptr' 'local_A4_6_addr' <Predicate = true> <Delay = 0.00>
ST_2 : Operation 58 [1/1] (0.00ns)   --->   "%local_A4_7_addr = getelementptr i32 %local_A4_7, i64 0, i64 %zext_ln12607" [/home/silvenchen/Desktop/DitBlock/WorkDCT/DitBlock/kernel.cpp:12607]   --->   Operation 58 'getelementptr' 'local_A4_7_addr' <Predicate = true> <Delay = 0.00>
ST_2 : Operation 59 [1/1] (0.00ns)   --->   "%specpipeline_ln12609 = specpipeline void @_ssdm_op_SpecPipeline, i32 1, i32 0, i32 0, i32 0, void @empty_219" [/home/silvenchen/Desktop/DitBlock/WorkDCT/DitBlock/kernel.cpp:12609]   --->   Operation 59 'specpipeline' 'specpipeline_ln12609' <Predicate = true> <Delay = 0.00>
ST_2 : Operation 60 [1/2] (1.24ns)   --->   "%v6894 = load i16 %v6882_addr" [/home/silvenchen/Desktop/DitBlock/WorkDCT/DitBlock/kernel.cpp:12613]   --->   Operation 60 'load' 'v6894' <Predicate = (v6893_read)> <Delay = 1.24> <CoreInst = "RAM">   --->   Core 83 'RAM' <Latency = 1> <II = 1> <Delay = 1.24> <Storage> <Opcode : 'load' 'store'> <Ports = 2> <Width = 32> <Depth = 65536> <RAM>
ST_2 : Operation 61 [1/1] (0.69ns)   --->   "%store_ln12614 = store i32 %v6894, i6 %local_A4_6_addr" [/home/silvenchen/Desktop/DitBlock/WorkDCT/DitBlock/kernel.cpp:12614]   --->   Operation 61 'store' 'store_ln12614' <Predicate = (v6893_read & trunc_ln12611 == 6)> <Delay = 0.69> <CoreInst = "RAM">   --->   Core 83 'RAM' <Latency = 1> <II = 1> <Delay = 0.69> <Storage> <Opcode : 'load' 'store'> <Ports = 2> <Width = 32> <Depth = 64> <RAM>
ST_2 : Operation 62 [1/1] (0.69ns)   --->   "%store_ln12614 = store i32 %v6894, i6 %local_A4_5_addr" [/home/silvenchen/Desktop/DitBlock/WorkDCT/DitBlock/kernel.cpp:12614]   --->   Operation 62 'store' 'store_ln12614' <Predicate = (v6893_read & trunc_ln12611 == 5)> <Delay = 0.69> <CoreInst = "RAM">   --->   Core 83 'RAM' <Latency = 1> <II = 1> <Delay = 0.69> <Storage> <Opcode : 'load' 'store'> <Ports = 2> <Width = 32> <Depth = 64> <RAM>
ST_2 : Operation 63 [1/1] (0.69ns)   --->   "%store_ln12614 = store i32 %v6894, i6 %local_A4_4_addr" [/home/silvenchen/Desktop/DitBlock/WorkDCT/DitBlock/kernel.cpp:12614]   --->   Operation 63 'store' 'store_ln12614' <Predicate = (v6893_read & trunc_ln12611 == 4)> <Delay = 0.69> <CoreInst = "RAM">   --->   Core 83 'RAM' <Latency = 1> <II = 1> <Delay = 0.69> <Storage> <Opcode : 'load' 'store'> <Ports = 2> <Width = 32> <Depth = 64> <RAM>
ST_2 : Operation 64 [1/1] (0.69ns)   --->   "%store_ln12614 = store i32 %v6894, i6 %local_A4_3_addr" [/home/silvenchen/Desktop/DitBlock/WorkDCT/DitBlock/kernel.cpp:12614]   --->   Operation 64 'store' 'store_ln12614' <Predicate = (v6893_read & trunc_ln12611 == 3)> <Delay = 0.69> <CoreInst = "RAM">   --->   Core 83 'RAM' <Latency = 1> <II = 1> <Delay = 0.69> <Storage> <Opcode : 'load' 'store'> <Ports = 2> <Width = 32> <Depth = 64> <RAM>
ST_2 : Operation 65 [1/1] (0.69ns)   --->   "%store_ln12614 = store i32 %v6894, i6 %local_A4_2_addr" [/home/silvenchen/Desktop/DitBlock/WorkDCT/DitBlock/kernel.cpp:12614]   --->   Operation 65 'store' 'store_ln12614' <Predicate = (v6893_read & trunc_ln12611 == 2)> <Delay = 0.69> <CoreInst = "RAM">   --->   Core 83 'RAM' <Latency = 1> <II = 1> <Delay = 0.69> <Storage> <Opcode : 'load' 'store'> <Ports = 2> <Width = 32> <Depth = 64> <RAM>
ST_2 : Operation 66 [1/1] (0.69ns)   --->   "%store_ln12614 = store i32 %v6894, i6 %local_A4_1_addr" [/home/silvenchen/Desktop/DitBlock/WorkDCT/DitBlock/kernel.cpp:12614]   --->   Operation 66 'store' 'store_ln12614' <Predicate = (v6893_read & trunc_ln12611 == 1)> <Delay = 0.69> <CoreInst = "RAM">   --->   Core 83 'RAM' <Latency = 1> <II = 1> <Delay = 0.69> <Storage> <Opcode : 'load' 'store'> <Ports = 2> <Width = 32> <Depth = 64> <RAM>
ST_2 : Operation 67 [1/1] (0.69ns)   --->   "%store_ln12614 = store i32 %v6894, i6 %local_A4_addr" [/home/silvenchen/Desktop/DitBlock/WorkDCT/DitBlock/kernel.cpp:12614]   --->   Operation 67 'store' 'store_ln12614' <Predicate = (v6893_read & trunc_ln12611 == 0)> <Delay = 0.69> <CoreInst = "RAM">   --->   Core 83 'RAM' <Latency = 1> <II = 1> <Delay = 0.69> <Storage> <Opcode : 'load' 'store'> <Ports = 2> <Width = 32> <Depth = 64> <RAM>
ST_2 : Operation 68 [1/1] (0.69ns)   --->   "%store_ln12614 = store i32 %v6894, i6 %local_A4_7_addr" [/home/silvenchen/Desktop/DitBlock/WorkDCT/DitBlock/kernel.cpp:12614]   --->   Operation 68 'store' 'store_ln12614' <Predicate = (v6893_read & trunc_ln12611 == 7)> <Delay = 0.69> <CoreInst = "RAM">   --->   Core 83 'RAM' <Latency = 1> <II = 1> <Delay = 0.69> <Storage> <Opcode : 'load' 'store'> <Ports = 2> <Width = 32> <Depth = 64> <RAM>
ST_2 : Operation 69 [1/1] (0.00ns)   --->   "%br_ln12615 = br void %for.inc" [/home/silvenchen/Desktop/DitBlock/WorkDCT/DitBlock/kernel.cpp:12615]   --->   Operation 69 'br' 'br_ln12615' <Predicate = (v6893_read)> <Delay = 0.00>


============================================================
+ Verbose Summary: Timing violations
============================================================
Target clock period: 10.000ns, clock uncertainty: 2.700ns.

 <State 1>: 4.204ns
The critical path consists of the following:
	'store' operation 0 bit ('store_ln12608', /home/silvenchen/Desktop/DitBlock/WorkDCT/DitBlock/kernel.cpp:12608) of constant 0 on local variable 'ai4', /home/silvenchen/Desktop/DitBlock/WorkDCT/DitBlock/kernel.cpp:12608 [19]  (0.387 ns)
	'load' operation 4 bit ('ai4_load', /home/silvenchen/Desktop/DitBlock/WorkDCT/DitBlock/kernel.cpp:12608) on local variable 'ai4', /home/silvenchen/Desktop/DitBlock/WorkDCT/DitBlock/kernel.cpp:12608 [27]  (0.000 ns)
	'icmp' operation 1 bit ('icmp_ln12608', /home/silvenchen/Desktop/DitBlock/WorkDCT/DitBlock/kernel.cpp:12608) [32]  (0.708 ns)
	'select' operation 4 bit ('select_ln12607', /home/silvenchen/Desktop/DitBlock/WorkDCT/DitBlock/kernel.cpp:12607) [33]  (0.351 ns)
	'add' operation 10 bit ('add_ln12613', /home/silvenchen/Desktop/DitBlock/WorkDCT/DitBlock/kernel.cpp:12613) [50]  (0.725 ns)
	'add' operation 16 bit ('add_ln12613_1', /home/silvenchen/Desktop/DitBlock/WorkDCT/DitBlock/kernel.cpp:12613) [52]  (0.785 ns)
	'getelementptr' operation 16 bit ('v6882_addr', /home/silvenchen/Desktop/DitBlock/WorkDCT/DitBlock/kernel.cpp:12613) [54]  (0.000 ns)
	'load' operation 32 bit ('v6894', /home/silvenchen/Desktop/DitBlock/WorkDCT/DitBlock/kernel.cpp:12613) on array 'v6882' [55]  (1.248 ns)

 <State 2>: 1.947ns
The critical path consists of the following:
	'load' operation 32 bit ('v6894', /home/silvenchen/Desktop/DitBlock/WorkDCT/DitBlock/kernel.cpp:12613) on array 'v6882' [55]  (1.248 ns)
	'store' operation 0 bit ('store_ln12614', /home/silvenchen/Desktop/DitBlock/WorkDCT/DitBlock/kernel.cpp:12614) of variable 'v6894', /home/silvenchen/Desktop/DitBlock/WorkDCT/DitBlock/kernel.cpp:12613 on array 'local_A4_7' [79]  (0.699 ns)


============================================================
+ Verbose Summary: Binding
============================================================
N/A
* FSMD analyzer results:
  - Output states:
 - Input state : 
  - Chain level:
	State 1
	State 2


============================================================
+ Verbose Summary: Datapath Resource usage 
============================================================
N/A
