

================================================================
== Vitis HLS Report for 'systolic_tile_Q_Loop_l_data_load_k74_proc24'
================================================================
* Date:           Wed Feb  5 22:34:03 2025

* Version:        2023.2 (Build 4023990 on Oct 11 2023)
* Project:        DitBlock
* Solution:       hls (Vivado IP Flow Target)
* Product family: virtexuplusHBM
* Target device:  xcu280-fsvh2892-2L-e


================================================================
== Performance Estimates
================================================================
+ Timing: 
    * Summary: 
    +--------+----------+----------+------------+
    |  Clock |  Target  | Estimated| Uncertainty|
    +--------+----------+----------+------------+
    |ap_clk  |  10.00 ns|  2.628 ns|     2.70 ns|
    +--------+----------+----------+------------+

+ Latency: 
    * Summary: 
    +---------+---------+----------+----------+-----+-----+---------+
    |  Latency (cycles) |  Latency (absolute) |  Interval | Pipeline|
    |   min   |   max   |    min   |    max   | min | max |   Type  |
    +---------+---------+----------+----------+-----+-----+---------+
    |      514|      514|  5.140 us|  5.140 us|  514|  514|       no|
    +---------+---------+----------+----------+-----+-----+---------+

    + Detail: 
        * Instance: 
        N/A

        * Loop: 
        +-------------------+---------+---------+----------+-----------+-----------+------+----------+
        |                   |  Latency (cycles) | Iteration|  Initiation Interval  | Trip |          |
        |     Loop Name     |   min   |   max   |  Latency |  achieved |   target  | Count| Pipelined|
        +-------------------+---------+---------+----------+-----------+-----------+------+----------+
        |- l_data_load_k74  |      512|      512|         2|          1|          1|   512|       yes|
        +-------------------+---------+---------+----------+-----------+-----------+------+----------+

============================================================
+ Verbose Summary: Synthesis Manager
============================================================
InlineROM: 1
ExposeGlobal: 0
============================================================
+ Verbose Summary: CDFG Model
============================================================
IsTopModel: 0
ResetActiveHigh: 1
IsCombinational: 2
IsDatapathOnly: 0
HasWiredReturn: 1
HasMFsm: 2
HasVarLatency: 1
IsPipeline: 0
IsRtlPipelined: 0
IsInstanceOverlapped: 0
IsDontTouch: 0
HasImplIP: 0
IsGatedGlobalClock: 0

+ Individual pipeline summary: 
  * Pipeline-0: initiation interval (II) = 1, depth = 2


============================================================
+ Verbose Summary: Schedule
============================================================
* Number of FSM states : 2
* Pipeline : 1
  Pipeline-0 : II = 1, D = 2, States = { 1 2 }
* Dataflow Pipeline: 0

* FSM state transitions: 
1 --> 2 
2 --> 

* FSM state operations: 

State 1 <SV = 0> <Delay = 1.58>
ST_1 : Operation 5 [1/1] (0.00ns)   --->   "%k74 = alloca i32 1" [/home/silvenchen/Desktop/DitBlock/WorkDCT/DitBlock/kernel.cpp:3269]   --->   Operation 5 'alloca' 'k74' <Predicate = true> <Delay = 0.00>
ST_1 : Operation 6 [1/1] (0.00ns)   --->   "%specinterface_ln0 = specinterface void @_ssdm_op_SpecInterface, i32 %B_fifo1_63, void @empty_215, i32 0, i32 0, void @empty_219, i32 0, i32 0, void @empty_219, void @empty_219, void @empty_219, i32 0, i32 0, i32 0, i32 0, void @empty_219, void @empty_219, i32 4294967295, i32 0"   --->   Operation 6 'specinterface' 'specinterface_ln0' <Predicate = true> <Delay = 0.00>
ST_1 : Operation 7 [1/1] (0.00ns)   --->   "%specinterface_ln0 = specinterface void @_ssdm_op_SpecInterface, i32 %B_fifo1_54, void @empty_215, i32 0, i32 0, void @empty_219, i32 0, i32 0, void @empty_219, void @empty_219, void @empty_219, i32 0, i32 0, i32 0, i32 0, void @empty_219, void @empty_219, i32 4294967295, i32 0"   --->   Operation 7 'specinterface' 'specinterface_ln0' <Predicate = true> <Delay = 0.00>
ST_1 : Operation 8 [1/1] (0.00ns)   --->   "%specinterface_ln0 = specinterface void @_ssdm_op_SpecInterface, i32 %B_fifo1_45, void @empty_215, i32 0, i32 0, void @empty_219, i32 0, i32 0, void @empty_219, void @empty_219, void @empty_219, i32 0, i32 0, i32 0, i32 0, void @empty_219, void @empty_219, i32 4294967295, i32 0"   --->   Operation 8 'specinterface' 'specinterface_ln0' <Predicate = true> <Delay = 0.00>
ST_1 : Operation 9 [1/1] (0.00ns)   --->   "%specinterface_ln0 = specinterface void @_ssdm_op_SpecInterface, i32 %B_fifo1_36, void @empty_215, i32 0, i32 0, void @empty_219, i32 0, i32 0, void @empty_219, void @empty_219, void @empty_219, i32 0, i32 0, i32 0, i32 0, void @empty_219, void @empty_219, i32 4294967295, i32 0"   --->   Operation 9 'specinterface' 'specinterface_ln0' <Predicate = true> <Delay = 0.00>
ST_1 : Operation 10 [1/1] (0.00ns)   --->   "%specinterface_ln0 = specinterface void @_ssdm_op_SpecInterface, i32 %B_fifo1_27, void @empty_215, i32 0, i32 0, void @empty_219, i32 0, i32 0, void @empty_219, void @empty_219, void @empty_219, i32 0, i32 0, i32 0, i32 0, void @empty_219, void @empty_219, i32 4294967295, i32 0"   --->   Operation 10 'specinterface' 'specinterface_ln0' <Predicate = true> <Delay = 0.00>
ST_1 : Operation 11 [1/1] (0.00ns)   --->   "%specinterface_ln0 = specinterface void @_ssdm_op_SpecInterface, i32 %B_fifo1_18, void @empty_215, i32 0, i32 0, void @empty_219, i32 0, i32 0, void @empty_219, void @empty_219, void @empty_219, i32 0, i32 0, i32 0, i32 0, void @empty_219, void @empty_219, i32 4294967295, i32 0"   --->   Operation 11 'specinterface' 'specinterface_ln0' <Predicate = true> <Delay = 0.00>
ST_1 : Operation 12 [1/1] (0.00ns)   --->   "%specinterface_ln0 = specinterface void @_ssdm_op_SpecInterface, i32 %B_fifo1_9, void @empty_215, i32 0, i32 0, void @empty_219, i32 0, i32 0, void @empty_219, void @empty_219, void @empty_219, i32 0, i32 0, i32 0, i32 0, void @empty_219, void @empty_219, i32 4294967295, i32 0"   --->   Operation 12 'specinterface' 'specinterface_ln0' <Predicate = true> <Delay = 0.00>
ST_1 : Operation 13 [1/1] (0.00ns)   --->   "%specinterface_ln0 = specinterface void @_ssdm_op_SpecInterface, i32 %B_fifo1, void @empty_215, i32 0, i32 0, void @empty_219, i32 0, i32 0, void @empty_219, void @empty_219, void @empty_219, i32 0, i32 0, i32 0, i32 0, void @empty_219, void @empty_219, i32 4294967295, i32 0"   --->   Operation 13 'specinterface' 'specinterface_ln0' <Predicate = true> <Delay = 0.00>
ST_1 : Operation 14 [1/1] (0.00ns)   --->   "%specinterface_ln0 = specinterface void @_ssdm_op_SpecInterface, i32 %A_fifo1_63, void @empty_215, i32 0, i32 0, void @empty_219, i32 0, i32 0, void @empty_219, void @empty_219, void @empty_219, i32 0, i32 0, i32 0, i32 0, void @empty_219, void @empty_219, i32 4294967295, i32 0"   --->   Operation 14 'specinterface' 'specinterface_ln0' <Predicate = true> <Delay = 0.00>
ST_1 : Operation 15 [1/1] (0.00ns)   --->   "%specinterface_ln0 = specinterface void @_ssdm_op_SpecInterface, i32 %A_fifo1_54, void @empty_215, i32 0, i32 0, void @empty_219, i32 0, i32 0, void @empty_219, void @empty_219, void @empty_219, i32 0, i32 0, i32 0, i32 0, void @empty_219, void @empty_219, i32 4294967295, i32 0"   --->   Operation 15 'specinterface' 'specinterface_ln0' <Predicate = true> <Delay = 0.00>
ST_1 : Operation 16 [1/1] (0.00ns)   --->   "%specinterface_ln0 = specinterface void @_ssdm_op_SpecInterface, i32 %A_fifo1_45, void @empty_215, i32 0, i32 0, void @empty_219, i32 0, i32 0, void @empty_219, void @empty_219, void @empty_219, i32 0, i32 0, i32 0, i32 0, void @empty_219, void @empty_219, i32 4294967295, i32 0"   --->   Operation 16 'specinterface' 'specinterface_ln0' <Predicate = true> <Delay = 0.00>
ST_1 : Operation 17 [1/1] (0.00ns)   --->   "%specinterface_ln0 = specinterface void @_ssdm_op_SpecInterface, i32 %A_fifo1_36, void @empty_215, i32 0, i32 0, void @empty_219, i32 0, i32 0, void @empty_219, void @empty_219, void @empty_219, i32 0, i32 0, i32 0, i32 0, void @empty_219, void @empty_219, i32 4294967295, i32 0"   --->   Operation 17 'specinterface' 'specinterface_ln0' <Predicate = true> <Delay = 0.00>
ST_1 : Operation 18 [1/1] (0.00ns)   --->   "%specinterface_ln0 = specinterface void @_ssdm_op_SpecInterface, i32 %A_fifo1_27, void @empty_215, i32 0, i32 0, void @empty_219, i32 0, i32 0, void @empty_219, void @empty_219, void @empty_219, i32 0, i32 0, i32 0, i32 0, void @empty_219, void @empty_219, i32 4294967295, i32 0"   --->   Operation 18 'specinterface' 'specinterface_ln0' <Predicate = true> <Delay = 0.00>
ST_1 : Operation 19 [1/1] (0.00ns)   --->   "%specinterface_ln0 = specinterface void @_ssdm_op_SpecInterface, i32 %A_fifo1_18, void @empty_215, i32 0, i32 0, void @empty_219, i32 0, i32 0, void @empty_219, void @empty_219, void @empty_219, i32 0, i32 0, i32 0, i32 0, void @empty_219, void @empty_219, i32 4294967295, i32 0"   --->   Operation 19 'specinterface' 'specinterface_ln0' <Predicate = true> <Delay = 0.00>
ST_1 : Operation 20 [1/1] (0.00ns)   --->   "%specinterface_ln0 = specinterface void @_ssdm_op_SpecInterface, i32 %A_fifo1_9, void @empty_215, i32 0, i32 0, void @empty_219, i32 0, i32 0, void @empty_219, void @empty_219, void @empty_219, i32 0, i32 0, i32 0, i32 0, void @empty_219, void @empty_219, i32 4294967295, i32 0"   --->   Operation 20 'specinterface' 'specinterface_ln0' <Predicate = true> <Delay = 0.00>
ST_1 : Operation 21 [1/1] (0.00ns)   --->   "%specinterface_ln0 = specinterface void @_ssdm_op_SpecInterface, i32 %A_fifo1, void @empty_215, i32 0, i32 0, void @empty_219, i32 0, i32 0, void @empty_219, void @empty_219, void @empty_219, i32 0, i32 0, i32 0, i32 0, void @empty_219, void @empty_219, i32 4294967295, i32 0"   --->   Operation 21 'specinterface' 'specinterface_ln0' <Predicate = true> <Delay = 0.00>
ST_1 : Operation 22 [1/1] (0.38ns)   --->   "%store_ln3269 = store i10 0, i10 %k74" [/home/silvenchen/Desktop/DitBlock/WorkDCT/DitBlock/kernel.cpp:3269]   --->   Operation 22 'store' 'store_ln3269' <Predicate = true> <Delay = 0.38>
ST_1 : Operation 23 [1/1] (0.00ns)   --->   "%br_ln0 = br void %for.cond"   --->   Operation 23 'br' 'br_ln0' <Predicate = true> <Delay = 0.00>
ST_1 : Operation 24 [1/1] (0.00ns)   --->   "%k74_1 = load i10 %k74" [/home/silvenchen/Desktop/DitBlock/WorkDCT/DitBlock/kernel.cpp:3269]   --->   Operation 24 'load' 'k74_1' <Predicate = true> <Delay = 0.00>
ST_1 : Operation 25 [1/1] (0.72ns)   --->   "%icmp_ln3269 = icmp_eq  i10 %k74_1, i10 512" [/home/silvenchen/Desktop/DitBlock/WorkDCT/DitBlock/kernel.cpp:3269]   --->   Operation 25 'icmp' 'icmp_ln3269' <Predicate = true> <Delay = 0.72> <CoreInst = "Cmp">   --->   Core 9 'Cmp' <Latency = 0> <II = 1> <Delay = 0.72> <FuncUnit> <Opcode : 'icmp'> <InPorts = 2> <OutPorts = 1>
ST_1 : Operation 26 [1/1] (0.72ns)   --->   "%add_ln3269 = add i10 %k74_1, i10 1" [/home/silvenchen/Desktop/DitBlock/WorkDCT/DitBlock/kernel.cpp:3269]   --->   Operation 26 'add' 'add_ln3269' <Predicate = true> <Delay = 0.72> <CoreInst = "Adder">   --->   Core 1 'Adder' <Latency = 0> <II = 1> <Delay = 0.72> <FuncUnit> <Opcode : 'add' 'sub'> <InPorts = 2> <OutPorts = 1>
ST_1 : Operation 27 [1/1] (0.00ns)   --->   "%br_ln3269 = br i1 %icmp_ln3269, void %l_S_m_0_m2, void %for.end47.exitStub" [/home/silvenchen/Desktop/DitBlock/WorkDCT/DitBlock/kernel.cpp:3269]   --->   Operation 27 'br' 'br_ln3269' <Predicate = true> <Delay = 0.00>
ST_1 : Operation 28 [1/1] (0.00ns)   --->   "%zext_ln3269 = zext i10 %k74_1" [/home/silvenchen/Desktop/DitBlock/WorkDCT/DitBlock/kernel.cpp:3269]   --->   Operation 28 'zext' 'zext_ln3269' <Predicate = (!icmp_ln3269)> <Delay = 0.00>
ST_1 : Operation 29 [1/1] (0.00ns)   --->   "%v1658_0_addr = getelementptr i32 %v1658_0, i64 0, i64 %zext_ln3269" [/home/silvenchen/Desktop/DitBlock/WorkDCT/DitBlock/kernel.cpp:3269]   --->   Operation 29 'getelementptr' 'v1658_0_addr' <Predicate = (!icmp_ln3269)> <Delay = 0.00>
ST_1 : Operation 30 [2/2] (1.19ns)   --->   "%v1667 = load i9 %v1658_0_addr" [/home/silvenchen/Desktop/DitBlock/WorkDCT/DitBlock/kernel.cpp:3269]   --->   Operation 30 'load' 'v1667' <Predicate = (!icmp_ln3269)> <Delay = 1.19> <CoreInst = "RAM">   --->   Core 83 'RAM' <Latency = 1> <II = 1> <Delay = 1.19> <Storage> <Opcode : 'load' 'store'> <Ports = 2> <Width = 32> <Depth = 512> <RAM>
ST_1 : Operation 31 [1/1] (0.00ns)   --->   "%v1658_1_addr = getelementptr i32 %v1658_1, i64 0, i64 %zext_ln3269" [/home/silvenchen/Desktop/DitBlock/WorkDCT/DitBlock/kernel.cpp:3269]   --->   Operation 31 'getelementptr' 'v1658_1_addr' <Predicate = (!icmp_ln3269)> <Delay = 0.00>
ST_1 : Operation 32 [2/2] (1.19ns)   --->   "%v1667_1 = load i9 %v1658_1_addr" [/home/silvenchen/Desktop/DitBlock/WorkDCT/DitBlock/kernel.cpp:3269]   --->   Operation 32 'load' 'v1667_1' <Predicate = (!icmp_ln3269)> <Delay = 1.19> <CoreInst = "RAM">   --->   Core 83 'RAM' <Latency = 1> <II = 1> <Delay = 1.19> <Storage> <Opcode : 'load' 'store'> <Ports = 2> <Width = 32> <Depth = 512> <RAM>
ST_1 : Operation 33 [1/1] (0.00ns)   --->   "%v1658_2_addr = getelementptr i32 %v1658_2, i64 0, i64 %zext_ln3269" [/home/silvenchen/Desktop/DitBlock/WorkDCT/DitBlock/kernel.cpp:3269]   --->   Operation 33 'getelementptr' 'v1658_2_addr' <Predicate = (!icmp_ln3269)> <Delay = 0.00>
ST_1 : Operation 34 [2/2] (1.19ns)   --->   "%v1667_2 = load i9 %v1658_2_addr" [/home/silvenchen/Desktop/DitBlock/WorkDCT/DitBlock/kernel.cpp:3269]   --->   Operation 34 'load' 'v1667_2' <Predicate = (!icmp_ln3269)> <Delay = 1.19> <CoreInst = "RAM">   --->   Core 83 'RAM' <Latency = 1> <II = 1> <Delay = 1.19> <Storage> <Opcode : 'load' 'store'> <Ports = 2> <Width = 32> <Depth = 512> <RAM>
ST_1 : Operation 35 [1/1] (0.00ns)   --->   "%v1658_3_addr = getelementptr i32 %v1658_3, i64 0, i64 %zext_ln3269" [/home/silvenchen/Desktop/DitBlock/WorkDCT/DitBlock/kernel.cpp:3269]   --->   Operation 35 'getelementptr' 'v1658_3_addr' <Predicate = (!icmp_ln3269)> <Delay = 0.00>
ST_1 : Operation 36 [2/2] (1.19ns)   --->   "%v1667_3 = load i9 %v1658_3_addr" [/home/silvenchen/Desktop/DitBlock/WorkDCT/DitBlock/kernel.cpp:3269]   --->   Operation 36 'load' 'v1667_3' <Predicate = (!icmp_ln3269)> <Delay = 1.19> <CoreInst = "RAM">   --->   Core 83 'RAM' <Latency = 1> <II = 1> <Delay = 1.19> <Storage> <Opcode : 'load' 'store'> <Ports = 2> <Width = 32> <Depth = 512> <RAM>
ST_1 : Operation 37 [1/1] (0.00ns)   --->   "%v1658_4_addr = getelementptr i32 %v1658_4, i64 0, i64 %zext_ln3269" [/home/silvenchen/Desktop/DitBlock/WorkDCT/DitBlock/kernel.cpp:3269]   --->   Operation 37 'getelementptr' 'v1658_4_addr' <Predicate = (!icmp_ln3269)> <Delay = 0.00>
ST_1 : Operation 38 [2/2] (1.19ns)   --->   "%v1667_4 = load i9 %v1658_4_addr" [/home/silvenchen/Desktop/DitBlock/WorkDCT/DitBlock/kernel.cpp:3269]   --->   Operation 38 'load' 'v1667_4' <Predicate = (!icmp_ln3269)> <Delay = 1.19> <CoreInst = "RAM">   --->   Core 83 'RAM' <Latency = 1> <II = 1> <Delay = 1.19> <Storage> <Opcode : 'load' 'store'> <Ports = 2> <Width = 32> <Depth = 512> <RAM>
ST_1 : Operation 39 [1/1] (0.00ns)   --->   "%v1658_5_addr = getelementptr i32 %v1658_5, i64 0, i64 %zext_ln3269" [/home/silvenchen/Desktop/DitBlock/WorkDCT/DitBlock/kernel.cpp:3269]   --->   Operation 39 'getelementptr' 'v1658_5_addr' <Predicate = (!icmp_ln3269)> <Delay = 0.00>
ST_1 : Operation 40 [2/2] (1.19ns)   --->   "%v1667_5 = load i9 %v1658_5_addr" [/home/silvenchen/Desktop/DitBlock/WorkDCT/DitBlock/kernel.cpp:3269]   --->   Operation 40 'load' 'v1667_5' <Predicate = (!icmp_ln3269)> <Delay = 1.19> <CoreInst = "RAM">   --->   Core 83 'RAM' <Latency = 1> <II = 1> <Delay = 1.19> <Storage> <Opcode : 'load' 'store'> <Ports = 2> <Width = 32> <Depth = 512> <RAM>
ST_1 : Operation 41 [1/1] (0.00ns)   --->   "%v1658_6_addr = getelementptr i32 %v1658_6, i64 0, i64 %zext_ln3269" [/home/silvenchen/Desktop/DitBlock/WorkDCT/DitBlock/kernel.cpp:3269]   --->   Operation 41 'getelementptr' 'v1658_6_addr' <Predicate = (!icmp_ln3269)> <Delay = 0.00>
ST_1 : Operation 42 [2/2] (1.19ns)   --->   "%v1667_6 = load i9 %v1658_6_addr" [/home/silvenchen/Desktop/DitBlock/WorkDCT/DitBlock/kernel.cpp:3269]   --->   Operation 42 'load' 'v1667_6' <Predicate = (!icmp_ln3269)> <Delay = 1.19> <CoreInst = "RAM">   --->   Core 83 'RAM' <Latency = 1> <II = 1> <Delay = 1.19> <Storage> <Opcode : 'load' 'store'> <Ports = 2> <Width = 32> <Depth = 512> <RAM>
ST_1 : Operation 43 [1/1] (0.00ns)   --->   "%v1658_7_addr = getelementptr i32 %v1658_7, i64 0, i64 %zext_ln3269" [/home/silvenchen/Desktop/DitBlock/WorkDCT/DitBlock/kernel.cpp:3269]   --->   Operation 43 'getelementptr' 'v1658_7_addr' <Predicate = (!icmp_ln3269)> <Delay = 0.00>
ST_1 : Operation 44 [2/2] (1.19ns)   --->   "%v1667_7 = load i9 %v1658_7_addr" [/home/silvenchen/Desktop/DitBlock/WorkDCT/DitBlock/kernel.cpp:3269]   --->   Operation 44 'load' 'v1667_7' <Predicate = (!icmp_ln3269)> <Delay = 1.19> <CoreInst = "RAM">   --->   Core 83 'RAM' <Latency = 1> <II = 1> <Delay = 1.19> <Storage> <Opcode : 'load' 'store'> <Ports = 2> <Width = 32> <Depth = 512> <RAM>
ST_1 : Operation 45 [1/1] (0.00ns)   --->   "%v1659_0_addr = getelementptr i32 %v1659_0, i64 0, i64 %zext_ln3269" [/home/silvenchen/Desktop/DitBlock/WorkDCT/DitBlock/kernel.cpp:3269]   --->   Operation 45 'getelementptr' 'v1659_0_addr' <Predicate = (!icmp_ln3269)> <Delay = 0.00>
ST_1 : Operation 46 [2/2] (1.19ns)   --->   "%v1669 = load i9 %v1659_0_addr" [/home/silvenchen/Desktop/DitBlock/WorkDCT/DitBlock/kernel.cpp:3269]   --->   Operation 46 'load' 'v1669' <Predicate = (!icmp_ln3269)> <Delay = 1.19> <CoreInst = "RAM">   --->   Core 83 'RAM' <Latency = 1> <II = 1> <Delay = 1.19> <Storage> <Opcode : 'load' 'store'> <Ports = 2> <Width = 32> <Depth = 512> <RAM>
ST_1 : Operation 47 [1/1] (0.00ns)   --->   "%v1659_1_addr = getelementptr i32 %v1659_1, i64 0, i64 %zext_ln3269" [/home/silvenchen/Desktop/DitBlock/WorkDCT/DitBlock/kernel.cpp:3269]   --->   Operation 47 'getelementptr' 'v1659_1_addr' <Predicate = (!icmp_ln3269)> <Delay = 0.00>
ST_1 : Operation 48 [2/2] (1.19ns)   --->   "%v1669_1 = load i9 %v1659_1_addr" [/home/silvenchen/Desktop/DitBlock/WorkDCT/DitBlock/kernel.cpp:3269]   --->   Operation 48 'load' 'v1669_1' <Predicate = (!icmp_ln3269)> <Delay = 1.19> <CoreInst = "RAM">   --->   Core 83 'RAM' <Latency = 1> <II = 1> <Delay = 1.19> <Storage> <Opcode : 'load' 'store'> <Ports = 2> <Width = 32> <Depth = 512> <RAM>
ST_1 : Operation 49 [1/1] (0.00ns)   --->   "%v1659_2_addr = getelementptr i32 %v1659_2, i64 0, i64 %zext_ln3269" [/home/silvenchen/Desktop/DitBlock/WorkDCT/DitBlock/kernel.cpp:3269]   --->   Operation 49 'getelementptr' 'v1659_2_addr' <Predicate = (!icmp_ln3269)> <Delay = 0.00>
ST_1 : Operation 50 [2/2] (1.19ns)   --->   "%v1669_2 = load i9 %v1659_2_addr" [/home/silvenchen/Desktop/DitBlock/WorkDCT/DitBlock/kernel.cpp:3269]   --->   Operation 50 'load' 'v1669_2' <Predicate = (!icmp_ln3269)> <Delay = 1.19> <CoreInst = "RAM">   --->   Core 83 'RAM' <Latency = 1> <II = 1> <Delay = 1.19> <Storage> <Opcode : 'load' 'store'> <Ports = 2> <Width = 32> <Depth = 512> <RAM>
ST_1 : Operation 51 [1/1] (0.00ns)   --->   "%v1659_3_addr = getelementptr i32 %v1659_3, i64 0, i64 %zext_ln3269" [/home/silvenchen/Desktop/DitBlock/WorkDCT/DitBlock/kernel.cpp:3269]   --->   Operation 51 'getelementptr' 'v1659_3_addr' <Predicate = (!icmp_ln3269)> <Delay = 0.00>
ST_1 : Operation 52 [2/2] (1.19ns)   --->   "%v1669_3 = load i9 %v1659_3_addr" [/home/silvenchen/Desktop/DitBlock/WorkDCT/DitBlock/kernel.cpp:3269]   --->   Operation 52 'load' 'v1669_3' <Predicate = (!icmp_ln3269)> <Delay = 1.19> <CoreInst = "RAM">   --->   Core 83 'RAM' <Latency = 1> <II = 1> <Delay = 1.19> <Storage> <Opcode : 'load' 'store'> <Ports = 2> <Width = 32> <Depth = 512> <RAM>
ST_1 : Operation 53 [1/1] (0.00ns)   --->   "%v1659_4_addr = getelementptr i32 %v1659_4, i64 0, i64 %zext_ln3269" [/home/silvenchen/Desktop/DitBlock/WorkDCT/DitBlock/kernel.cpp:3269]   --->   Operation 53 'getelementptr' 'v1659_4_addr' <Predicate = (!icmp_ln3269)> <Delay = 0.00>
ST_1 : Operation 54 [2/2] (1.19ns)   --->   "%v1669_4 = load i9 %v1659_4_addr" [/home/silvenchen/Desktop/DitBlock/WorkDCT/DitBlock/kernel.cpp:3269]   --->   Operation 54 'load' 'v1669_4' <Predicate = (!icmp_ln3269)> <Delay = 1.19> <CoreInst = "RAM">   --->   Core 83 'RAM' <Latency = 1> <II = 1> <Delay = 1.19> <Storage> <Opcode : 'load' 'store'> <Ports = 2> <Width = 32> <Depth = 512> <RAM>
ST_1 : Operation 55 [1/1] (0.00ns)   --->   "%v1659_5_addr = getelementptr i32 %v1659_5, i64 0, i64 %zext_ln3269" [/home/silvenchen/Desktop/DitBlock/WorkDCT/DitBlock/kernel.cpp:3269]   --->   Operation 55 'getelementptr' 'v1659_5_addr' <Predicate = (!icmp_ln3269)> <Delay = 0.00>
ST_1 : Operation 56 [2/2] (1.19ns)   --->   "%v1669_5 = load i9 %v1659_5_addr" [/home/silvenchen/Desktop/DitBlock/WorkDCT/DitBlock/kernel.cpp:3269]   --->   Operation 56 'load' 'v1669_5' <Predicate = (!icmp_ln3269)> <Delay = 1.19> <CoreInst = "RAM">   --->   Core 83 'RAM' <Latency = 1> <II = 1> <Delay = 1.19> <Storage> <Opcode : 'load' 'store'> <Ports = 2> <Width = 32> <Depth = 512> <RAM>
ST_1 : Operation 57 [1/1] (0.00ns)   --->   "%v1659_6_addr = getelementptr i32 %v1659_6, i64 0, i64 %zext_ln3269" [/home/silvenchen/Desktop/DitBlock/WorkDCT/DitBlock/kernel.cpp:3269]   --->   Operation 57 'getelementptr' 'v1659_6_addr' <Predicate = (!icmp_ln3269)> <Delay = 0.00>
ST_1 : Operation 58 [2/2] (1.19ns)   --->   "%v1669_6 = load i9 %v1659_6_addr" [/home/silvenchen/Desktop/DitBlock/WorkDCT/DitBlock/kernel.cpp:3269]   --->   Operation 58 'load' 'v1669_6' <Predicate = (!icmp_ln3269)> <Delay = 1.19> <CoreInst = "RAM">   --->   Core 83 'RAM' <Latency = 1> <II = 1> <Delay = 1.19> <Storage> <Opcode : 'load' 'store'> <Ports = 2> <Width = 32> <Depth = 512> <RAM>
ST_1 : Operation 59 [1/1] (0.00ns)   --->   "%v1659_7_addr = getelementptr i32 %v1659_7, i64 0, i64 %zext_ln3269" [/home/silvenchen/Desktop/DitBlock/WorkDCT/DitBlock/kernel.cpp:3269]   --->   Operation 59 'getelementptr' 'v1659_7_addr' <Predicate = (!icmp_ln3269)> <Delay = 0.00>
ST_1 : Operation 60 [2/2] (1.19ns)   --->   "%v1669_7 = load i9 %v1659_7_addr" [/home/silvenchen/Desktop/DitBlock/WorkDCT/DitBlock/kernel.cpp:3269]   --->   Operation 60 'load' 'v1669_7' <Predicate = (!icmp_ln3269)> <Delay = 1.19> <CoreInst = "RAM">   --->   Core 83 'RAM' <Latency = 1> <II = 1> <Delay = 1.19> <Storage> <Opcode : 'load' 'store'> <Ports = 2> <Width = 32> <Depth = 512> <RAM>
ST_1 : Operation 61 [1/1] (0.38ns)   --->   "%store_ln3269 = store i10 %add_ln3269, i10 %k74" [/home/silvenchen/Desktop/DitBlock/WorkDCT/DitBlock/kernel.cpp:3269]   --->   Operation 61 'store' 'store_ln3269' <Predicate = (!icmp_ln3269)> <Delay = 0.38>
ST_1 : Operation 114 [1/1] (0.00ns)   --->   "%ret_ln0 = ret"   --->   Operation 114 'ret' 'ret_ln0' <Predicate = (icmp_ln3269)> <Delay = 0.00>

State 2 <SV = 1> <Delay = 2.62>
ST_2 : Operation 62 [1/1] (0.00ns)   --->   "%specpipeline_ln0 = specpipeline void @_ssdm_op_SpecPipeline, i32 4294967295, i32 0, i32 0, i32 0, void @empty_219"   --->   Operation 62 'specpipeline' 'specpipeline_ln0' <Predicate = true> <Delay = 0.00>
ST_2 : Operation 63 [1/1] (0.00ns)   --->   "%speclooptripcount_ln0 = speclooptripcount void @_ssdm_op_SpecLoopTripCount, i64 512, i64 512, i64 512"   --->   Operation 63 'speclooptripcount' 'speclooptripcount_ln0' <Predicate = true> <Delay = 0.00>
ST_2 : Operation 64 [1/1] (0.00ns)   --->   "%specloopname_ln3269 = specloopname void @_ssdm_op_SpecLoopName, void @empty_176" [/home/silvenchen/Desktop/DitBlock/WorkDCT/DitBlock/kernel.cpp:3269]   --->   Operation 64 'specloopname' 'specloopname_ln3269' <Predicate = true> <Delay = 0.00>
ST_2 : Operation 65 [1/2] (1.19ns)   --->   "%v1667 = load i9 %v1658_0_addr" [/home/silvenchen/Desktop/DitBlock/WorkDCT/DitBlock/kernel.cpp:3269]   --->   Operation 65 'load' 'v1667' <Predicate = true> <Delay = 1.19> <CoreInst = "RAM">   --->   Core 83 'RAM' <Latency = 1> <II = 1> <Delay = 1.19> <Storage> <Opcode : 'load' 'store'> <Ports = 2> <Width = 32> <Depth = 512> <RAM>
ST_2 : Operation 66 [1/1] (0.00ns)   --->   "%bitcast_ln3272 = bitcast i32 %v1667" [/home/silvenchen/Desktop/DitBlock/WorkDCT/DitBlock/kernel.cpp:3272]   --->   Operation 66 'bitcast' 'bitcast_ln3272' <Predicate = true> <Delay = 0.00>
ST_2 : Operation 67 [1/2] (1.19ns)   --->   "%v1667_1 = load i9 %v1658_1_addr" [/home/silvenchen/Desktop/DitBlock/WorkDCT/DitBlock/kernel.cpp:3269]   --->   Operation 67 'load' 'v1667_1' <Predicate = true> <Delay = 1.19> <CoreInst = "RAM">   --->   Core 83 'RAM' <Latency = 1> <II = 1> <Delay = 1.19> <Storage> <Opcode : 'load' 'store'> <Ports = 2> <Width = 32> <Depth = 512> <RAM>
ST_2 : Operation 68 [1/1] (0.00ns)   --->   "%bitcast_ln3272_1 = bitcast i32 %v1667_1" [/home/silvenchen/Desktop/DitBlock/WorkDCT/DitBlock/kernel.cpp:3272]   --->   Operation 68 'bitcast' 'bitcast_ln3272_1' <Predicate = true> <Delay = 0.00>
ST_2 : Operation 69 [1/2] (1.19ns)   --->   "%v1667_2 = load i9 %v1658_2_addr" [/home/silvenchen/Desktop/DitBlock/WorkDCT/DitBlock/kernel.cpp:3269]   --->   Operation 69 'load' 'v1667_2' <Predicate = true> <Delay = 1.19> <CoreInst = "RAM">   --->   Core 83 'RAM' <Latency = 1> <II = 1> <Delay = 1.19> <Storage> <Opcode : 'load' 'store'> <Ports = 2> <Width = 32> <Depth = 512> <RAM>
ST_2 : Operation 70 [1/1] (0.00ns)   --->   "%bitcast_ln3272_2 = bitcast i32 %v1667_2" [/home/silvenchen/Desktop/DitBlock/WorkDCT/DitBlock/kernel.cpp:3272]   --->   Operation 70 'bitcast' 'bitcast_ln3272_2' <Predicate = true> <Delay = 0.00>
ST_2 : Operation 71 [1/2] (1.19ns)   --->   "%v1667_3 = load i9 %v1658_3_addr" [/home/silvenchen/Desktop/DitBlock/WorkDCT/DitBlock/kernel.cpp:3269]   --->   Operation 71 'load' 'v1667_3' <Predicate = true> <Delay = 1.19> <CoreInst = "RAM">   --->   Core 83 'RAM' <Latency = 1> <II = 1> <Delay = 1.19> <Storage> <Opcode : 'load' 'store'> <Ports = 2> <Width = 32> <Depth = 512> <RAM>
ST_2 : Operation 72 [1/1] (0.00ns)   --->   "%bitcast_ln3272_3 = bitcast i32 %v1667_3" [/home/silvenchen/Desktop/DitBlock/WorkDCT/DitBlock/kernel.cpp:3272]   --->   Operation 72 'bitcast' 'bitcast_ln3272_3' <Predicate = true> <Delay = 0.00>
ST_2 : Operation 73 [1/2] (1.19ns)   --->   "%v1667_4 = load i9 %v1658_4_addr" [/home/silvenchen/Desktop/DitBlock/WorkDCT/DitBlock/kernel.cpp:3269]   --->   Operation 73 'load' 'v1667_4' <Predicate = true> <Delay = 1.19> <CoreInst = "RAM">   --->   Core 83 'RAM' <Latency = 1> <II = 1> <Delay = 1.19> <Storage> <Opcode : 'load' 'store'> <Ports = 2> <Width = 32> <Depth = 512> <RAM>
ST_2 : Operation 74 [1/1] (0.00ns)   --->   "%bitcast_ln3272_4 = bitcast i32 %v1667_4" [/home/silvenchen/Desktop/DitBlock/WorkDCT/DitBlock/kernel.cpp:3272]   --->   Operation 74 'bitcast' 'bitcast_ln3272_4' <Predicate = true> <Delay = 0.00>
ST_2 : Operation 75 [1/2] (1.19ns)   --->   "%v1667_5 = load i9 %v1658_5_addr" [/home/silvenchen/Desktop/DitBlock/WorkDCT/DitBlock/kernel.cpp:3269]   --->   Operation 75 'load' 'v1667_5' <Predicate = true> <Delay = 1.19> <CoreInst = "RAM">   --->   Core 83 'RAM' <Latency = 1> <II = 1> <Delay = 1.19> <Storage> <Opcode : 'load' 'store'> <Ports = 2> <Width = 32> <Depth = 512> <RAM>
ST_2 : Operation 76 [1/1] (0.00ns)   --->   "%bitcast_ln3272_5 = bitcast i32 %v1667_5" [/home/silvenchen/Desktop/DitBlock/WorkDCT/DitBlock/kernel.cpp:3272]   --->   Operation 76 'bitcast' 'bitcast_ln3272_5' <Predicate = true> <Delay = 0.00>
ST_2 : Operation 77 [1/2] (1.19ns)   --->   "%v1667_6 = load i9 %v1658_6_addr" [/home/silvenchen/Desktop/DitBlock/WorkDCT/DitBlock/kernel.cpp:3269]   --->   Operation 77 'load' 'v1667_6' <Predicate = true> <Delay = 1.19> <CoreInst = "RAM">   --->   Core 83 'RAM' <Latency = 1> <II = 1> <Delay = 1.19> <Storage> <Opcode : 'load' 'store'> <Ports = 2> <Width = 32> <Depth = 512> <RAM>
ST_2 : Operation 78 [1/1] (0.00ns)   --->   "%bitcast_ln3272_6 = bitcast i32 %v1667_6" [/home/silvenchen/Desktop/DitBlock/WorkDCT/DitBlock/kernel.cpp:3272]   --->   Operation 78 'bitcast' 'bitcast_ln3272_6' <Predicate = true> <Delay = 0.00>
ST_2 : Operation 79 [1/2] (1.19ns)   --->   "%v1667_7 = load i9 %v1658_7_addr" [/home/silvenchen/Desktop/DitBlock/WorkDCT/DitBlock/kernel.cpp:3269]   --->   Operation 79 'load' 'v1667_7' <Predicate = true> <Delay = 1.19> <CoreInst = "RAM">   --->   Core 83 'RAM' <Latency = 1> <II = 1> <Delay = 1.19> <Storage> <Opcode : 'load' 'store'> <Ports = 2> <Width = 32> <Depth = 512> <RAM>
ST_2 : Operation 80 [1/1] (0.00ns)   --->   "%bitcast_ln3272_7 = bitcast i32 %v1667_7" [/home/silvenchen/Desktop/DitBlock/WorkDCT/DitBlock/kernel.cpp:3272]   --->   Operation 80 'bitcast' 'bitcast_ln3272_7' <Predicate = true> <Delay = 0.00>
ST_2 : Operation 81 [1/1] (1.43ns)   --->   "%write_ln3272 = write void @_ssdm_op_Write.ap_fifo.volatile.i32P0A, i32 %A_fifo1, i32 %bitcast_ln3272" [/home/silvenchen/Desktop/DitBlock/WorkDCT/DitBlock/kernel.cpp:3272]   --->   Operation 81 'write' 'write_ln3272' <Predicate = true> <Delay = 1.43> <CoreInst = "FIFO_SRL">   --->   Core 81 'FIFO_SRL' <Latency = 0> <II = 1> <Delay = 1.43> <Storage> <Opcode : 'read' 'write' 'nbread' 'nbwrite'> <Ports = 0> <Width = 32> <Depth = 9> <FIFO>
ST_2 : Operation 82 [1/1] (1.43ns)   --->   "%write_ln3272 = write void @_ssdm_op_Write.ap_fifo.volatile.i32P0A, i32 %A_fifo1_9, i32 %bitcast_ln3272_1" [/home/silvenchen/Desktop/DitBlock/WorkDCT/DitBlock/kernel.cpp:3272]   --->   Operation 82 'write' 'write_ln3272' <Predicate = true> <Delay = 1.43> <CoreInst = "FIFO_SRL">   --->   Core 81 'FIFO_SRL' <Latency = 0> <II = 1> <Delay = 1.43> <Storage> <Opcode : 'read' 'write' 'nbread' 'nbwrite'> <Ports = 0> <Width = 32> <Depth = 9> <FIFO>
ST_2 : Operation 83 [1/1] (1.43ns)   --->   "%write_ln3272 = write void @_ssdm_op_Write.ap_fifo.volatile.i32P0A, i32 %A_fifo1_18, i32 %bitcast_ln3272_2" [/home/silvenchen/Desktop/DitBlock/WorkDCT/DitBlock/kernel.cpp:3272]   --->   Operation 83 'write' 'write_ln3272' <Predicate = true> <Delay = 1.43> <CoreInst = "FIFO_SRL">   --->   Core 81 'FIFO_SRL' <Latency = 0> <II = 1> <Delay = 1.43> <Storage> <Opcode : 'read' 'write' 'nbread' 'nbwrite'> <Ports = 0> <Width = 32> <Depth = 9> <FIFO>
ST_2 : Operation 84 [1/1] (1.43ns)   --->   "%write_ln3272 = write void @_ssdm_op_Write.ap_fifo.volatile.i32P0A, i32 %A_fifo1_27, i32 %bitcast_ln3272_3" [/home/silvenchen/Desktop/DitBlock/WorkDCT/DitBlock/kernel.cpp:3272]   --->   Operation 84 'write' 'write_ln3272' <Predicate = true> <Delay = 1.43> <CoreInst = "FIFO_SRL">   --->   Core 81 'FIFO_SRL' <Latency = 0> <II = 1> <Delay = 1.43> <Storage> <Opcode : 'read' 'write' 'nbread' 'nbwrite'> <Ports = 0> <Width = 32> <Depth = 9> <FIFO>
ST_2 : Operation 85 [1/1] (1.43ns)   --->   "%write_ln3272 = write void @_ssdm_op_Write.ap_fifo.volatile.i32P0A, i32 %A_fifo1_36, i32 %bitcast_ln3272_4" [/home/silvenchen/Desktop/DitBlock/WorkDCT/DitBlock/kernel.cpp:3272]   --->   Operation 85 'write' 'write_ln3272' <Predicate = true> <Delay = 1.43> <CoreInst = "FIFO_SRL">   --->   Core 81 'FIFO_SRL' <Latency = 0> <II = 1> <Delay = 1.43> <Storage> <Opcode : 'read' 'write' 'nbread' 'nbwrite'> <Ports = 0> <Width = 32> <Depth = 9> <FIFO>
ST_2 : Operation 86 [1/1] (1.43ns)   --->   "%write_ln3272 = write void @_ssdm_op_Write.ap_fifo.volatile.i32P0A, i32 %A_fifo1_45, i32 %bitcast_ln3272_5" [/home/silvenchen/Desktop/DitBlock/WorkDCT/DitBlock/kernel.cpp:3272]   --->   Operation 86 'write' 'write_ln3272' <Predicate = true> <Delay = 1.43> <CoreInst = "FIFO_SRL">   --->   Core 81 'FIFO_SRL' <Latency = 0> <II = 1> <Delay = 1.43> <Storage> <Opcode : 'read' 'write' 'nbread' 'nbwrite'> <Ports = 0> <Width = 32> <Depth = 9> <FIFO>
ST_2 : Operation 87 [1/1] (1.43ns)   --->   "%write_ln3272 = write void @_ssdm_op_Write.ap_fifo.volatile.i32P0A, i32 %A_fifo1_54, i32 %bitcast_ln3272_6" [/home/silvenchen/Desktop/DitBlock/WorkDCT/DitBlock/kernel.cpp:3272]   --->   Operation 87 'write' 'write_ln3272' <Predicate = true> <Delay = 1.43> <CoreInst = "FIFO_SRL">   --->   Core 81 'FIFO_SRL' <Latency = 0> <II = 1> <Delay = 1.43> <Storage> <Opcode : 'read' 'write' 'nbread' 'nbwrite'> <Ports = 0> <Width = 32> <Depth = 9> <FIFO>
ST_2 : Operation 88 [1/1] (1.43ns)   --->   "%write_ln3272 = write void @_ssdm_op_Write.ap_fifo.volatile.i32P0A, i32 %A_fifo1_63, i32 %bitcast_ln3272_7" [/home/silvenchen/Desktop/DitBlock/WorkDCT/DitBlock/kernel.cpp:3272]   --->   Operation 88 'write' 'write_ln3272' <Predicate = true> <Delay = 1.43> <CoreInst = "FIFO_SRL">   --->   Core 81 'FIFO_SRL' <Latency = 0> <II = 1> <Delay = 1.43> <Storage> <Opcode : 'read' 'write' 'nbread' 'nbwrite'> <Ports = 0> <Width = 32> <Depth = 9> <FIFO>
ST_2 : Operation 89 [1/2] (1.19ns)   --->   "%v1669 = load i9 %v1659_0_addr" [/home/silvenchen/Desktop/DitBlock/WorkDCT/DitBlock/kernel.cpp:3269]   --->   Operation 89 'load' 'v1669' <Predicate = true> <Delay = 1.19> <CoreInst = "RAM">   --->   Core 83 'RAM' <Latency = 1> <II = 1> <Delay = 1.19> <Storage> <Opcode : 'load' 'store'> <Ports = 2> <Width = 32> <Depth = 512> <RAM>
ST_2 : Operation 90 [1/1] (0.00ns)   --->   "%bitcast_ln3276 = bitcast i32 %v1669" [/home/silvenchen/Desktop/DitBlock/WorkDCT/DitBlock/kernel.cpp:3276]   --->   Operation 90 'bitcast' 'bitcast_ln3276' <Predicate = true> <Delay = 0.00>
ST_2 : Operation 91 [1/2] (1.19ns)   --->   "%v1669_1 = load i9 %v1659_1_addr" [/home/silvenchen/Desktop/DitBlock/WorkDCT/DitBlock/kernel.cpp:3269]   --->   Operation 91 'load' 'v1669_1' <Predicate = true> <Delay = 1.19> <CoreInst = "RAM">   --->   Core 83 'RAM' <Latency = 1> <II = 1> <Delay = 1.19> <Storage> <Opcode : 'load' 'store'> <Ports = 2> <Width = 32> <Depth = 512> <RAM>
ST_2 : Operation 92 [1/1] (0.00ns)   --->   "%bitcast_ln3276_1 = bitcast i32 %v1669_1" [/home/silvenchen/Desktop/DitBlock/WorkDCT/DitBlock/kernel.cpp:3276]   --->   Operation 92 'bitcast' 'bitcast_ln3276_1' <Predicate = true> <Delay = 0.00>
ST_2 : Operation 93 [1/2] (1.19ns)   --->   "%v1669_2 = load i9 %v1659_2_addr" [/home/silvenchen/Desktop/DitBlock/WorkDCT/DitBlock/kernel.cpp:3269]   --->   Operation 93 'load' 'v1669_2' <Predicate = true> <Delay = 1.19> <CoreInst = "RAM">   --->   Core 83 'RAM' <Latency = 1> <II = 1> <Delay = 1.19> <Storage> <Opcode : 'load' 'store'> <Ports = 2> <Width = 32> <Depth = 512> <RAM>
ST_2 : Operation 94 [1/1] (0.00ns)   --->   "%bitcast_ln3276_2 = bitcast i32 %v1669_2" [/home/silvenchen/Desktop/DitBlock/WorkDCT/DitBlock/kernel.cpp:3276]   --->   Operation 94 'bitcast' 'bitcast_ln3276_2' <Predicate = true> <Delay = 0.00>
ST_2 : Operation 95 [1/2] (1.19ns)   --->   "%v1669_3 = load i9 %v1659_3_addr" [/home/silvenchen/Desktop/DitBlock/WorkDCT/DitBlock/kernel.cpp:3269]   --->   Operation 95 'load' 'v1669_3' <Predicate = true> <Delay = 1.19> <CoreInst = "RAM">   --->   Core 83 'RAM' <Latency = 1> <II = 1> <Delay = 1.19> <Storage> <Opcode : 'load' 'store'> <Ports = 2> <Width = 32> <Depth = 512> <RAM>
ST_2 : Operation 96 [1/1] (0.00ns)   --->   "%bitcast_ln3276_3 = bitcast i32 %v1669_3" [/home/silvenchen/Desktop/DitBlock/WorkDCT/DitBlock/kernel.cpp:3276]   --->   Operation 96 'bitcast' 'bitcast_ln3276_3' <Predicate = true> <Delay = 0.00>
ST_2 : Operation 97 [1/2] (1.19ns)   --->   "%v1669_4 = load i9 %v1659_4_addr" [/home/silvenchen/Desktop/DitBlock/WorkDCT/DitBlock/kernel.cpp:3269]   --->   Operation 97 'load' 'v1669_4' <Predicate = true> <Delay = 1.19> <CoreInst = "RAM">   --->   Core 83 'RAM' <Latency = 1> <II = 1> <Delay = 1.19> <Storage> <Opcode : 'load' 'store'> <Ports = 2> <Width = 32> <Depth = 512> <RAM>
ST_2 : Operation 98 [1/1] (0.00ns)   --->   "%bitcast_ln3276_4 = bitcast i32 %v1669_4" [/home/silvenchen/Desktop/DitBlock/WorkDCT/DitBlock/kernel.cpp:3276]   --->   Operation 98 'bitcast' 'bitcast_ln3276_4' <Predicate = true> <Delay = 0.00>
ST_2 : Operation 99 [1/2] (1.19ns)   --->   "%v1669_5 = load i9 %v1659_5_addr" [/home/silvenchen/Desktop/DitBlock/WorkDCT/DitBlock/kernel.cpp:3269]   --->   Operation 99 'load' 'v1669_5' <Predicate = true> <Delay = 1.19> <CoreInst = "RAM">   --->   Core 83 'RAM' <Latency = 1> <II = 1> <Delay = 1.19> <Storage> <Opcode : 'load' 'store'> <Ports = 2> <Width = 32> <Depth = 512> <RAM>
ST_2 : Operation 100 [1/1] (0.00ns)   --->   "%bitcast_ln3276_5 = bitcast i32 %v1669_5" [/home/silvenchen/Desktop/DitBlock/WorkDCT/DitBlock/kernel.cpp:3276]   --->   Operation 100 'bitcast' 'bitcast_ln3276_5' <Predicate = true> <Delay = 0.00>
ST_2 : Operation 101 [1/2] (1.19ns)   --->   "%v1669_6 = load i9 %v1659_6_addr" [/home/silvenchen/Desktop/DitBlock/WorkDCT/DitBlock/kernel.cpp:3269]   --->   Operation 101 'load' 'v1669_6' <Predicate = true> <Delay = 1.19> <CoreInst = "RAM">   --->   Core 83 'RAM' <Latency = 1> <II = 1> <Delay = 1.19> <Storage> <Opcode : 'load' 'store'> <Ports = 2> <Width = 32> <Depth = 512> <RAM>
ST_2 : Operation 102 [1/1] (0.00ns)   --->   "%bitcast_ln3276_6 = bitcast i32 %v1669_6" [/home/silvenchen/Desktop/DitBlock/WorkDCT/DitBlock/kernel.cpp:3276]   --->   Operation 102 'bitcast' 'bitcast_ln3276_6' <Predicate = true> <Delay = 0.00>
ST_2 : Operation 103 [1/2] (1.19ns)   --->   "%v1669_7 = load i9 %v1659_7_addr" [/home/silvenchen/Desktop/DitBlock/WorkDCT/DitBlock/kernel.cpp:3269]   --->   Operation 103 'load' 'v1669_7' <Predicate = true> <Delay = 1.19> <CoreInst = "RAM">   --->   Core 83 'RAM' <Latency = 1> <II = 1> <Delay = 1.19> <Storage> <Opcode : 'load' 'store'> <Ports = 2> <Width = 32> <Depth = 512> <RAM>
ST_2 : Operation 104 [1/1] (0.00ns)   --->   "%bitcast_ln3276_7 = bitcast i32 %v1669_7" [/home/silvenchen/Desktop/DitBlock/WorkDCT/DitBlock/kernel.cpp:3276]   --->   Operation 104 'bitcast' 'bitcast_ln3276_7' <Predicate = true> <Delay = 0.00>
ST_2 : Operation 105 [1/1] (1.43ns)   --->   "%write_ln3276 = write void @_ssdm_op_Write.ap_fifo.volatile.i32P0A, i32 %B_fifo1, i32 %bitcast_ln3276" [/home/silvenchen/Desktop/DitBlock/WorkDCT/DitBlock/kernel.cpp:3276]   --->   Operation 105 'write' 'write_ln3276' <Predicate = true> <Delay = 1.43> <CoreInst = "FIFO_SRL">   --->   Core 81 'FIFO_SRL' <Latency = 0> <II = 1> <Delay = 1.43> <Storage> <Opcode : 'read' 'write' 'nbread' 'nbwrite'> <Ports = 0> <Width = 32> <Depth = 9> <FIFO>
ST_2 : Operation 106 [1/1] (1.43ns)   --->   "%write_ln3276 = write void @_ssdm_op_Write.ap_fifo.volatile.i32P0A, i32 %B_fifo1_9, i32 %bitcast_ln3276_1" [/home/silvenchen/Desktop/DitBlock/WorkDCT/DitBlock/kernel.cpp:3276]   --->   Operation 106 'write' 'write_ln3276' <Predicate = true> <Delay = 1.43> <CoreInst = "FIFO_SRL">   --->   Core 81 'FIFO_SRL' <Latency = 0> <II = 1> <Delay = 1.43> <Storage> <Opcode : 'read' 'write' 'nbread' 'nbwrite'> <Ports = 0> <Width = 32> <Depth = 9> <FIFO>
ST_2 : Operation 107 [1/1] (1.43ns)   --->   "%write_ln3276 = write void @_ssdm_op_Write.ap_fifo.volatile.i32P0A, i32 %B_fifo1_18, i32 %bitcast_ln3276_2" [/home/silvenchen/Desktop/DitBlock/WorkDCT/DitBlock/kernel.cpp:3276]   --->   Operation 107 'write' 'write_ln3276' <Predicate = true> <Delay = 1.43> <CoreInst = "FIFO_SRL">   --->   Core 81 'FIFO_SRL' <Latency = 0> <II = 1> <Delay = 1.43> <Storage> <Opcode : 'read' 'write' 'nbread' 'nbwrite'> <Ports = 0> <Width = 32> <Depth = 9> <FIFO>
ST_2 : Operation 108 [1/1] (1.43ns)   --->   "%write_ln3276 = write void @_ssdm_op_Write.ap_fifo.volatile.i32P0A, i32 %B_fifo1_27, i32 %bitcast_ln3276_3" [/home/silvenchen/Desktop/DitBlock/WorkDCT/DitBlock/kernel.cpp:3276]   --->   Operation 108 'write' 'write_ln3276' <Predicate = true> <Delay = 1.43> <CoreInst = "FIFO_SRL">   --->   Core 81 'FIFO_SRL' <Latency = 0> <II = 1> <Delay = 1.43> <Storage> <Opcode : 'read' 'write' 'nbread' 'nbwrite'> <Ports = 0> <Width = 32> <Depth = 9> <FIFO>
ST_2 : Operation 109 [1/1] (1.43ns)   --->   "%write_ln3276 = write void @_ssdm_op_Write.ap_fifo.volatile.i32P0A, i32 %B_fifo1_36, i32 %bitcast_ln3276_4" [/home/silvenchen/Desktop/DitBlock/WorkDCT/DitBlock/kernel.cpp:3276]   --->   Operation 109 'write' 'write_ln3276' <Predicate = true> <Delay = 1.43> <CoreInst = "FIFO_SRL">   --->   Core 81 'FIFO_SRL' <Latency = 0> <II = 1> <Delay = 1.43> <Storage> <Opcode : 'read' 'write' 'nbread' 'nbwrite'> <Ports = 0> <Width = 32> <Depth = 9> <FIFO>
ST_2 : Operation 110 [1/1] (1.43ns)   --->   "%write_ln3276 = write void @_ssdm_op_Write.ap_fifo.volatile.i32P0A, i32 %B_fifo1_45, i32 %bitcast_ln3276_5" [/home/silvenchen/Desktop/DitBlock/WorkDCT/DitBlock/kernel.cpp:3276]   --->   Operation 110 'write' 'write_ln3276' <Predicate = true> <Delay = 1.43> <CoreInst = "FIFO_SRL">   --->   Core 81 'FIFO_SRL' <Latency = 0> <II = 1> <Delay = 1.43> <Storage> <Opcode : 'read' 'write' 'nbread' 'nbwrite'> <Ports = 0> <Width = 32> <Depth = 9> <FIFO>
ST_2 : Operation 111 [1/1] (1.43ns)   --->   "%write_ln3276 = write void @_ssdm_op_Write.ap_fifo.volatile.i32P0A, i32 %B_fifo1_54, i32 %bitcast_ln3276_6" [/home/silvenchen/Desktop/DitBlock/WorkDCT/DitBlock/kernel.cpp:3276]   --->   Operation 111 'write' 'write_ln3276' <Predicate = true> <Delay = 1.43> <CoreInst = "FIFO_SRL">   --->   Core 81 'FIFO_SRL' <Latency = 0> <II = 1> <Delay = 1.43> <Storage> <Opcode : 'read' 'write' 'nbread' 'nbwrite'> <Ports = 0> <Width = 32> <Depth = 9> <FIFO>
ST_2 : Operation 112 [1/1] (1.43ns)   --->   "%write_ln3276 = write void @_ssdm_op_Write.ap_fifo.volatile.i32P0A, i32 %B_fifo1_63, i32 %bitcast_ln3276_7" [/home/silvenchen/Desktop/DitBlock/WorkDCT/DitBlock/kernel.cpp:3276]   --->   Operation 112 'write' 'write_ln3276' <Predicate = true> <Delay = 1.43> <CoreInst = "FIFO_SRL">   --->   Core 81 'FIFO_SRL' <Latency = 0> <II = 1> <Delay = 1.43> <Storage> <Opcode : 'read' 'write' 'nbread' 'nbwrite'> <Ports = 0> <Width = 32> <Depth = 9> <FIFO>
ST_2 : Operation 113 [1/1] (0.00ns)   --->   "%br_ln3269 = br void %for.cond" [/home/silvenchen/Desktop/DitBlock/WorkDCT/DitBlock/kernel.cpp:3269]   --->   Operation 113 'br' 'br_ln3269' <Predicate = true> <Delay = 0.00>


============================================================
+ Verbose Summary: Timing violations
============================================================
Target clock period: 10.000ns, clock uncertainty: 2.700ns.

 <State 1>: 1.583ns
The critical path consists of the following:
	'store' operation 0 bit ('store_ln3269', /home/silvenchen/Desktop/DitBlock/WorkDCT/DitBlock/kernel.cpp:3269) of constant 0 on local variable 'k74', /home/silvenchen/Desktop/DitBlock/WorkDCT/DitBlock/kernel.cpp:3269 [50]  (0.387 ns)
	'load' operation 10 bit ('k74', /home/silvenchen/Desktop/DitBlock/WorkDCT/DitBlock/kernel.cpp:3269) on local variable 'k74', /home/silvenchen/Desktop/DitBlock/WorkDCT/DitBlock/kernel.cpp:3269 [53]  (0.000 ns)
	'getelementptr' operation 9 bit ('v1658_0_addr', /home/silvenchen/Desktop/DitBlock/WorkDCT/DitBlock/kernel.cpp:3269) [62]  (0.000 ns)
	'load' operation 32 bit ('v1667', /home/silvenchen/Desktop/DitBlock/WorkDCT/DitBlock/kernel.cpp:3269) on array 'v1658_0' [63]  (1.196 ns)

 <State 2>: 2.628ns
The critical path consists of the following:
	'load' operation 32 bit ('v1667', /home/silvenchen/Desktop/DitBlock/WorkDCT/DitBlock/kernel.cpp:3269) on array 'v1658_0' [63]  (1.196 ns)
	fifo write operation ('write_ln3272', /home/silvenchen/Desktop/DitBlock/WorkDCT/DitBlock/kernel.cpp:3272) on port 'A_fifo1' (/home/silvenchen/Desktop/DitBlock/WorkDCT/DitBlock/kernel.cpp:3272) [86]  (1.432 ns)


============================================================
+ Verbose Summary: Binding
============================================================
N/A
* FSMD analyzer results:
  - Output states:
 - Input state : 
  - Chain level:
	State 1
	State 2


============================================================
+ Verbose Summary: Datapath Resource usage 
============================================================
N/A
