

================================================================
== Vitis HLS Report for 'systolic_Q_Pipeline_l_load_A_tile_ak1_l_ai1'
================================================================
* Date:           Wed Feb  5 22:34:03 2025

* Version:        2023.2 (Build 4023990 on Oct 11 2023)
* Project:        DitBlock
* Solution:       hls (Vivado IP Flow Target)
* Product family: virtexuplusHBM
* Target device:  xcu280-fsvh2892-2L-e


================================================================
== Performance Estimates
================================================================
+ Timing: 
    * Summary: 
    +--------+----------+----------+------------+
    |  Clock |  Target  | Estimated| Uncertainty|
    +--------+----------+----------+------------+
    |ap_clk  |  10.00 ns|  5.638 ns|     2.70 ns|
    +--------+----------+----------+------------+

+ Latency: 
    * Summary: 
    +---------+---------+-----------+-----------+------+------+---------+
    |  Latency (cycles) |   Latency (absolute)  |   Interval  | Pipeline|
    |   min   |   max   |    min    |    max    |  min |  max |   Type  |
    +---------+---------+-----------+-----------+------+------+---------+
    |     4098|     4098|  40.980 us|  40.980 us|  4098|  4098|       no|
    +---------+---------+-----------+-----------+------+------+---------+

    + Detail: 
        * Instance: 
        N/A

        * Loop: 
        +---------------------------+---------+---------+----------+-----------+-----------+------+----------+
        |                           |  Latency (cycles) | Iteration|  Initiation Interval  | Trip |          |
        |         Loop Name         |   min   |   max   |  Latency |  achieved |   target  | Count| Pipelined|
        +---------------------------+---------+---------+----------+-----------+-----------+------+----------+
        |- l_load_A_tile_ak1_l_ai1  |     4096|     4096|         2|          1|          1|  4096|       yes|
        +---------------------------+---------+---------+----------+-----------+-----------+------+----------+

============================================================
+ Verbose Summary: Synthesis Manager
============================================================
InlineROM: 1
ExposeGlobal: 0
============================================================
+ Verbose Summary: CDFG Model
============================================================
IsTopModel: 0
ResetActiveHigh: 1
IsCombinational: 0
IsDatapathOnly: 0
HasWiredReturn: 1
HasMFsm: 2
HasVarLatency: 1
IsPipeline: 0
IsRtlPipelined: 0
IsInstanceOverlapped: 0
IsDontTouch: 0
HasImplIP: 0
IsGatedGlobalClock: 0

+ Individual pipeline summary: 
  * Pipeline-0: initiation interval (II) = 1, depth = 2


============================================================
+ Verbose Summary: Schedule
============================================================
* Number of FSM states : 2
* Pipeline : 1
  Pipeline-0 : II = 1, D = 2, States = { 1 2 }
* Dataflow Pipeline: 0

* FSM state transitions: 
1 --> 2 
2 --> 

* FSM state operations: 

State 1 <SV = 0> <Delay = 5.63>
ST_1 : Operation 5 [1/1] (0.00ns)   --->   "%ai1 = alloca i32 1" [/home/silvenchen/Desktop/DitBlock/WorkDCT/DitBlock/kernel.cpp:3630]   --->   Operation 5 'alloca' 'ai1' <Predicate = true> <Delay = 0.00>
ST_1 : Operation 6 [1/1] (0.00ns)   --->   "%ak1 = alloca i32 1" [/home/silvenchen/Desktop/DitBlock/WorkDCT/DitBlock/kernel.cpp:3629]   --->   Operation 6 'alloca' 'ak1' <Predicate = true> <Delay = 0.00>
ST_1 : Operation 7 [1/1] (0.00ns)   --->   "%indvar_flatten = alloca i32 1"   --->   Operation 7 'alloca' 'indvar_flatten' <Predicate = true> <Delay = 0.00>
ST_1 : Operation 8 [1/1] (0.00ns)   --->   "%specmemcore_ln0 = specmemcore void @_ssdm_op_SpecMemCore, i32 %v1931, i64 666, i64 24, i64 18446744073709551615"   --->   Operation 8 'specmemcore' 'specmemcore_ln0' <Predicate = true> <Delay = 0.00>
ST_1 : Operation 9 [1/1] (0.00ns)   --->   "%p_mid2_read = read i10 @_ssdm_op_Read.ap_auto.i10, i10 %p_mid2"   --->   Operation 9 'read' 'p_mid2_read' <Predicate = true> <Delay = 0.00>
ST_1 : Operation 10 [1/1] (0.00ns)   --->   "%v1942_read = read i1 @_ssdm_op_Read.ap_auto.i1, i1 %v1942"   --->   Operation 10 'read' 'v1942_read' <Predicate = true> <Delay = 0.00>
ST_1 : Operation 11 [1/1] (0.38ns)   --->   "%store_ln0 = store i13 0, i13 %indvar_flatten"   --->   Operation 11 'store' 'store_ln0' <Predicate = true> <Delay = 0.38>
ST_1 : Operation 12 [1/1] (0.38ns)   --->   "%store_ln3629 = store i10 0, i10 %ak1" [/home/silvenchen/Desktop/DitBlock/WorkDCT/DitBlock/kernel.cpp:3629]   --->   Operation 12 'store' 'store_ln3629' <Predicate = true> <Delay = 0.38>
ST_1 : Operation 13 [1/1] (0.38ns)   --->   "%store_ln3630 = store i4 0, i4 %ai1" [/home/silvenchen/Desktop/DitBlock/WorkDCT/DitBlock/kernel.cpp:3630]   --->   Operation 13 'store' 'store_ln3630' <Predicate = true> <Delay = 0.38>
ST_1 : Operation 14 [1/1] (0.00ns)   --->   "%br_ln0 = br void %for.body12"   --->   Operation 14 'br' 'br_ln0' <Predicate = true> <Delay = 0.00>
ST_1 : Operation 15 [1/1] (0.00ns)   --->   "%indvar_flatten_load = load i13 %indvar_flatten" [/home/silvenchen/Desktop/DitBlock/WorkDCT/DitBlock/kernel.cpp:3629]   --->   Operation 15 'load' 'indvar_flatten_load' <Predicate = true> <Delay = 0.00>
ST_1 : Operation 16 [1/1] (0.75ns)   --->   "%icmp_ln3629 = icmp_eq  i13 %indvar_flatten_load, i13 4096" [/home/silvenchen/Desktop/DitBlock/WorkDCT/DitBlock/kernel.cpp:3629]   --->   Operation 16 'icmp' 'icmp_ln3629' <Predicate = true> <Delay = 0.75> <CoreInst = "Cmp">   --->   Core 9 'Cmp' <Latency = 0> <II = 1> <Delay = 0.75> <FuncUnit> <Opcode : 'icmp'> <InPorts = 2> <OutPorts = 1>
ST_1 : Operation 17 [1/1] (0.75ns)   --->   "%add_ln3629_1 = add i13 %indvar_flatten_load, i13 1" [/home/silvenchen/Desktop/DitBlock/WorkDCT/DitBlock/kernel.cpp:3629]   --->   Operation 17 'add' 'add_ln3629_1' <Predicate = true> <Delay = 0.75> <CoreInst = "Adder">   --->   Core 1 'Adder' <Latency = 0> <II = 1> <Delay = 0.75> <FuncUnit> <Opcode : 'add' 'sub'> <InPorts = 2> <OutPorts = 1>
ST_1 : Operation 18 [1/1] (0.00ns)   --->   "%br_ln3629 = br i1 %icmp_ln3629, void %for.inc19, void %l_load_B_tile_bk1.exitStub" [/home/silvenchen/Desktop/DitBlock/WorkDCT/DitBlock/kernel.cpp:3629]   --->   Operation 18 'br' 'br_ln3629' <Predicate = true> <Delay = 0.00>
ST_1 : Operation 19 [1/1] (0.00ns)   --->   "%ai1_load = load i4 %ai1" [/home/silvenchen/Desktop/DitBlock/WorkDCT/DitBlock/kernel.cpp:3630]   --->   Operation 19 'load' 'ai1_load' <Predicate = (!icmp_ln3629)> <Delay = 0.00>
ST_1 : Operation 20 [1/1] (0.00ns)   --->   "%ak1_load = load i10 %ak1" [/home/silvenchen/Desktop/DitBlock/WorkDCT/DitBlock/kernel.cpp:3629]   --->   Operation 20 'load' 'ak1_load' <Predicate = (!icmp_ln3629)> <Delay = 0.00>
ST_1 : Operation 21 [1/1] (0.72ns)   --->   "%add_ln3629 = add i10 %ak1_load, i10 1" [/home/silvenchen/Desktop/DitBlock/WorkDCT/DitBlock/kernel.cpp:3629]   --->   Operation 21 'add' 'add_ln3629' <Predicate = (!icmp_ln3629)> <Delay = 0.72> <CoreInst = "Adder">   --->   Core 1 'Adder' <Latency = 0> <II = 1> <Delay = 0.72> <FuncUnit> <Opcode : 'add' 'sub'> <InPorts = 2> <OutPorts = 1>
ST_1 : Operation 22 [1/1] (0.70ns)   --->   "%icmp_ln3630 = icmp_eq  i4 %ai1_load, i4 8" [/home/silvenchen/Desktop/DitBlock/WorkDCT/DitBlock/kernel.cpp:3630]   --->   Operation 22 'icmp' 'icmp_ln3630' <Predicate = (!icmp_ln3629)> <Delay = 0.70> <CoreInst = "Cmp">   --->   Core 9 'Cmp' <Latency = 0> <II = 1> <Delay = 0.70> <FuncUnit> <Opcode : 'icmp'> <InPorts = 2> <OutPorts = 1>
ST_1 : Operation 23 [1/1] (0.35ns)   --->   "%select_ln3629 = select i1 %icmp_ln3630, i4 0, i4 %ai1_load" [/home/silvenchen/Desktop/DitBlock/WorkDCT/DitBlock/kernel.cpp:3629]   --->   Operation 23 'select' 'select_ln3629' <Predicate = (!icmp_ln3629)> <Delay = 0.35> <CoreInst = "Sel">   --->   Core 73 'Sel' <Latency = 0> <II = 1> <Delay = 0.35> <FuncUnit> <Opcode : 'select'> <InPorts = 3> <OutPorts = 1>
ST_1 : Operation 24 [1/1] (0.30ns)   --->   "%select_ln3629_1 = select i1 %icmp_ln3630, i10 %add_ln3629, i10 %ak1_load" [/home/silvenchen/Desktop/DitBlock/WorkDCT/DitBlock/kernel.cpp:3629]   --->   Operation 24 'select' 'select_ln3629_1' <Predicate = (!icmp_ln3629)> <Delay = 0.30> <CoreInst = "Sel">   --->   Core 73 'Sel' <Latency = 0> <II = 1> <Delay = 0.30> <FuncUnit> <Opcode : 'select'> <InPorts = 3> <OutPorts = 1>
ST_1 : Operation 25 [1/1] (0.00ns)   --->   "%select_ln3629_1_cast = zext i10 %select_ln3629_1" [/home/silvenchen/Desktop/DitBlock/WorkDCT/DitBlock/kernel.cpp:3629]   --->   Operation 25 'zext' 'select_ln3629_1_cast' <Predicate = (!icmp_ln3629)> <Delay = 0.00>
ST_1 : Operation 26 [1/1] (0.00ns)   --->   "%zext_ln3630 = zext i4 %select_ln3629" [/home/silvenchen/Desktop/DitBlock/WorkDCT/DitBlock/kernel.cpp:3630]   --->   Operation 26 'zext' 'zext_ln3630' <Predicate = (!icmp_ln3629)> <Delay = 0.00>
ST_1 : Operation 27 [1/1] (0.00ns)   --->   "%trunc_ln3633 = trunc i4 %select_ln3629" [/home/silvenchen/Desktop/DitBlock/WorkDCT/DitBlock/kernel.cpp:3633]   --->   Operation 27 'trunc' 'trunc_ln3633' <Predicate = (!icmp_ln3629)> <Delay = 0.00>
ST_1 : Operation 28 [1/1] (0.00ns)   --->   "%br_ln3634 = br i1 %v1942_read, void %for.inc, void %if.then" [/home/silvenchen/Desktop/DitBlock/WorkDCT/DitBlock/kernel.cpp:3634]   --->   Operation 28 'br' 'br_ln3634' <Predicate = (!icmp_ln3629)> <Delay = 0.00>
ST_1 : Operation 29 [1/1] (0.72ns)   --->   "%add_ln3635 = add i10 %p_mid2_read, i10 %zext_ln3630" [/home/silvenchen/Desktop/DitBlock/WorkDCT/DitBlock/kernel.cpp:3635]   --->   Operation 29 'add' 'add_ln3635' <Predicate = (!icmp_ln3629 & v1942_read)> <Delay = 0.72> <CoreInst = "Adder">   --->   Core 1 'Adder' <Latency = 0> <II = 1> <Delay = 0.72> <FuncUnit> <Opcode : 'add' 'sub'> <InPorts = 2> <OutPorts = 1>
ST_1 : Operation 30 [1/1] (0.00ns)   --->   "%tmp_s = bitconcatenate i19 @_ssdm_op_BitConcatenate.i19.i10.i9, i10 %add_ln3635, i9 0" [/home/silvenchen/Desktop/DitBlock/WorkDCT/DitBlock/kernel.cpp:3635]   --->   Operation 30 'bitconcatenate' 'tmp_s' <Predicate = (!icmp_ln3629 & v1942_read)> <Delay = 0.00>
ST_1 : Operation 31 [1/1] (0.80ns)   --->   "%add_ln3635_1 = add i19 %tmp_s, i19 %select_ln3629_1_cast" [/home/silvenchen/Desktop/DitBlock/WorkDCT/DitBlock/kernel.cpp:3635]   --->   Operation 31 'add' 'add_ln3635_1' <Predicate = (!icmp_ln3629 & v1942_read)> <Delay = 0.80> <CoreInst = "Adder">   --->   Core 1 'Adder' <Latency = 0> <II = 1> <Delay = 0.80> <FuncUnit> <Opcode : 'add' 'sub'> <InPorts = 2> <OutPorts = 1>
ST_1 : Operation 32 [1/1] (0.00ns)   --->   "%zext_ln3635 = zext i19 %add_ln3635_1" [/home/silvenchen/Desktop/DitBlock/WorkDCT/DitBlock/kernel.cpp:3635]   --->   Operation 32 'zext' 'zext_ln3635' <Predicate = (!icmp_ln3629 & v1942_read)> <Delay = 0.00>
ST_1 : Operation 33 [1/1] (0.00ns)   --->   "%v1931_addr = getelementptr i32 %v1931, i64 0, i64 %zext_ln3635" [/home/silvenchen/Desktop/DitBlock/WorkDCT/DitBlock/kernel.cpp:3635]   --->   Operation 33 'getelementptr' 'v1931_addr' <Predicate = (!icmp_ln3629 & v1942_read)> <Delay = 0.00>
ST_1 : Operation 34 [2/2] (2.66ns)   --->   "%v1943 = load i19 %v1931_addr" [/home/silvenchen/Desktop/DitBlock/WorkDCT/DitBlock/kernel.cpp:3635]   --->   Operation 34 'load' 'v1943' <Predicate = (!icmp_ln3629 & v1942_read)> <Delay = 2.66> <CoreInst = "RAM_2P_URAM">   --->   Core 95 'RAM_2P_URAM' <Latency = 1> <II = 1> <Delay = 2.66> <Storage> <Opcode : 'load' 'store'> <Ports = 2> <Width = 32> <Depth = 524288> <RAM>
ST_1 : Operation 35 [1/1] (0.67ns)   --->   "%switch_ln3636 = switch i3 %trunc_ln3633, void %arrayidx186.case.7, i3 0, void %arrayidx186.case.0, i3 1, void %arrayidx186.case.1, i3 2, void %arrayidx186.case.2, i3 3, void %arrayidx186.case.3, i3 4, void %arrayidx186.case.4, i3 5, void %arrayidx186.case.5, i3 6, void %arrayidx186.case.6" [/home/silvenchen/Desktop/DitBlock/WorkDCT/DitBlock/kernel.cpp:3636]   --->   Operation 35 'switch' 'switch_ln3636' <Predicate = (!icmp_ln3629 & v1942_read)> <Delay = 0.67>
ST_1 : Operation 36 [1/1] (0.00ns)   --->   "%br_ln3636 = br void %arrayidx186.exit" [/home/silvenchen/Desktop/DitBlock/WorkDCT/DitBlock/kernel.cpp:3636]   --->   Operation 36 'br' 'br_ln3636' <Predicate = (!icmp_ln3629 & v1942_read & trunc_ln3633 == 6)> <Delay = 0.00>
ST_1 : Operation 37 [1/1] (0.00ns)   --->   "%br_ln3636 = br void %arrayidx186.exit" [/home/silvenchen/Desktop/DitBlock/WorkDCT/DitBlock/kernel.cpp:3636]   --->   Operation 37 'br' 'br_ln3636' <Predicate = (!icmp_ln3629 & v1942_read & trunc_ln3633 == 5)> <Delay = 0.00>
ST_1 : Operation 38 [1/1] (0.00ns)   --->   "%br_ln3636 = br void %arrayidx186.exit" [/home/silvenchen/Desktop/DitBlock/WorkDCT/DitBlock/kernel.cpp:3636]   --->   Operation 38 'br' 'br_ln3636' <Predicate = (!icmp_ln3629 & v1942_read & trunc_ln3633 == 4)> <Delay = 0.00>
ST_1 : Operation 39 [1/1] (0.00ns)   --->   "%br_ln3636 = br void %arrayidx186.exit" [/home/silvenchen/Desktop/DitBlock/WorkDCT/DitBlock/kernel.cpp:3636]   --->   Operation 39 'br' 'br_ln3636' <Predicate = (!icmp_ln3629 & v1942_read & trunc_ln3633 == 3)> <Delay = 0.00>
ST_1 : Operation 40 [1/1] (0.00ns)   --->   "%br_ln3636 = br void %arrayidx186.exit" [/home/silvenchen/Desktop/DitBlock/WorkDCT/DitBlock/kernel.cpp:3636]   --->   Operation 40 'br' 'br_ln3636' <Predicate = (!icmp_ln3629 & v1942_read & trunc_ln3633 == 2)> <Delay = 0.00>
ST_1 : Operation 41 [1/1] (0.00ns)   --->   "%br_ln3636 = br void %arrayidx186.exit" [/home/silvenchen/Desktop/DitBlock/WorkDCT/DitBlock/kernel.cpp:3636]   --->   Operation 41 'br' 'br_ln3636' <Predicate = (!icmp_ln3629 & v1942_read & trunc_ln3633 == 1)> <Delay = 0.00>
ST_1 : Operation 42 [1/1] (0.00ns)   --->   "%br_ln3636 = br void %arrayidx186.exit" [/home/silvenchen/Desktop/DitBlock/WorkDCT/DitBlock/kernel.cpp:3636]   --->   Operation 42 'br' 'br_ln3636' <Predicate = (!icmp_ln3629 & v1942_read & trunc_ln3633 == 0)> <Delay = 0.00>
ST_1 : Operation 43 [1/1] (0.00ns)   --->   "%br_ln3636 = br void %arrayidx186.exit" [/home/silvenchen/Desktop/DitBlock/WorkDCT/DitBlock/kernel.cpp:3636]   --->   Operation 43 'br' 'br_ln3636' <Predicate = (!icmp_ln3629 & v1942_read & trunc_ln3633 == 7)> <Delay = 0.00>
ST_1 : Operation 44 [1/1] (0.70ns)   --->   "%add_ln3630 = add i4 %select_ln3629, i4 1" [/home/silvenchen/Desktop/DitBlock/WorkDCT/DitBlock/kernel.cpp:3630]   --->   Operation 44 'add' 'add_ln3630' <Predicate = (!icmp_ln3629)> <Delay = 0.70> <CoreInst = "Adder">   --->   Core 1 'Adder' <Latency = 0> <II = 1> <Delay = 0.70> <FuncUnit> <Opcode : 'add' 'sub'> <InPorts = 2> <OutPorts = 1>
ST_1 : Operation 45 [1/1] (0.38ns)   --->   "%store_ln3629 = store i13 %add_ln3629_1, i13 %indvar_flatten" [/home/silvenchen/Desktop/DitBlock/WorkDCT/DitBlock/kernel.cpp:3629]   --->   Operation 45 'store' 'store_ln3629' <Predicate = (!icmp_ln3629)> <Delay = 0.38>
ST_1 : Operation 46 [1/1] (0.38ns)   --->   "%store_ln3629 = store i10 %select_ln3629_1, i10 %ak1" [/home/silvenchen/Desktop/DitBlock/WorkDCT/DitBlock/kernel.cpp:3629]   --->   Operation 46 'store' 'store_ln3629' <Predicate = (!icmp_ln3629)> <Delay = 0.38>
ST_1 : Operation 47 [1/1] (0.38ns)   --->   "%store_ln3630 = store i4 %add_ln3630, i4 %ai1" [/home/silvenchen/Desktop/DitBlock/WorkDCT/DitBlock/kernel.cpp:3630]   --->   Operation 47 'store' 'store_ln3630' <Predicate = (!icmp_ln3629)> <Delay = 0.38>
ST_1 : Operation 48 [1/1] (0.00ns)   --->   "%br_ln3630 = br void %for.body12" [/home/silvenchen/Desktop/DitBlock/WorkDCT/DitBlock/kernel.cpp:3630]   --->   Operation 48 'br' 'br_ln3630' <Predicate = (!icmp_ln3629)> <Delay = 0.00>
ST_1 : Operation 71 [1/1] (0.00ns)   --->   "%ret_ln0 = ret"   --->   Operation 71 'ret' 'ret_ln0' <Predicate = (icmp_ln3629)> <Delay = 0.00>

State 2 <SV = 1> <Delay = 3.86>
ST_2 : Operation 49 [1/1] (0.00ns)   --->   "%specloopname_ln0 = specloopname void @_ssdm_op_SpecLoopName, void @l_load_A_tile_ak1_l_ai1_str"   --->   Operation 49 'specloopname' 'specloopname_ln0' <Predicate = true> <Delay = 0.00>
ST_2 : Operation 50 [1/1] (0.00ns)   --->   "%speclooptripcount_ln0 = speclooptripcount void @_ssdm_op_SpecLoopTripCount, i64 4096, i64 4096, i64 4096"   --->   Operation 50 'speclooptripcount' 'speclooptripcount_ln0' <Predicate = true> <Delay = 0.00>
ST_2 : Operation 51 [1/1] (0.00ns)   --->   "%zext_ln3629 = zext i10 %select_ln3629_1" [/home/silvenchen/Desktop/DitBlock/WorkDCT/DitBlock/kernel.cpp:3629]   --->   Operation 51 'zext' 'zext_ln3629' <Predicate = true> <Delay = 0.00>
ST_2 : Operation 52 [1/1] (0.00ns)   --->   "%local_A1_addr = getelementptr i32 %local_A1, i64 0, i64 %zext_ln3629" [/home/silvenchen/Desktop/DitBlock/WorkDCT/DitBlock/kernel.cpp:3629]   --->   Operation 52 'getelementptr' 'local_A1_addr' <Predicate = true> <Delay = 0.00>
ST_2 : Operation 53 [1/1] (0.00ns)   --->   "%local_A1_1_addr = getelementptr i32 %local_A1_1, i64 0, i64 %zext_ln3629" [/home/silvenchen/Desktop/DitBlock/WorkDCT/DitBlock/kernel.cpp:3629]   --->   Operation 53 'getelementptr' 'local_A1_1_addr' <Predicate = true> <Delay = 0.00>
ST_2 : Operation 54 [1/1] (0.00ns)   --->   "%local_A1_2_addr = getelementptr i32 %local_A1_2, i64 0, i64 %zext_ln3629" [/home/silvenchen/Desktop/DitBlock/WorkDCT/DitBlock/kernel.cpp:3629]   --->   Operation 54 'getelementptr' 'local_A1_2_addr' <Predicate = true> <Delay = 0.00>
ST_2 : Operation 55 [1/1] (0.00ns)   --->   "%local_A1_3_addr = getelementptr i32 %local_A1_3, i64 0, i64 %zext_ln3629" [/home/silvenchen/Desktop/DitBlock/WorkDCT/DitBlock/kernel.cpp:3629]   --->   Operation 55 'getelementptr' 'local_A1_3_addr' <Predicate = true> <Delay = 0.00>
ST_2 : Operation 56 [1/1] (0.00ns)   --->   "%local_A1_4_addr = getelementptr i32 %local_A1_4, i64 0, i64 %zext_ln3629" [/home/silvenchen/Desktop/DitBlock/WorkDCT/DitBlock/kernel.cpp:3629]   --->   Operation 56 'getelementptr' 'local_A1_4_addr' <Predicate = true> <Delay = 0.00>
ST_2 : Operation 57 [1/1] (0.00ns)   --->   "%local_A1_5_addr = getelementptr i32 %local_A1_5, i64 0, i64 %zext_ln3629" [/home/silvenchen/Desktop/DitBlock/WorkDCT/DitBlock/kernel.cpp:3629]   --->   Operation 57 'getelementptr' 'local_A1_5_addr' <Predicate = true> <Delay = 0.00>
ST_2 : Operation 58 [1/1] (0.00ns)   --->   "%local_A1_6_addr = getelementptr i32 %local_A1_6, i64 0, i64 %zext_ln3629" [/home/silvenchen/Desktop/DitBlock/WorkDCT/DitBlock/kernel.cpp:3629]   --->   Operation 58 'getelementptr' 'local_A1_6_addr' <Predicate = true> <Delay = 0.00>
ST_2 : Operation 59 [1/1] (0.00ns)   --->   "%local_A1_7_addr = getelementptr i32 %local_A1_7, i64 0, i64 %zext_ln3629" [/home/silvenchen/Desktop/DitBlock/WorkDCT/DitBlock/kernel.cpp:3629]   --->   Operation 59 'getelementptr' 'local_A1_7_addr' <Predicate = true> <Delay = 0.00>
ST_2 : Operation 60 [1/1] (0.00ns)   --->   "%specpipeline_ln3631 = specpipeline void @_ssdm_op_SpecPipeline, i32 1, i32 0, i32 0, i32 0, void @empty_219" [/home/silvenchen/Desktop/DitBlock/WorkDCT/DitBlock/kernel.cpp:3631]   --->   Operation 60 'specpipeline' 'specpipeline_ln3631' <Predicate = true> <Delay = 0.00>
ST_2 : Operation 61 [1/2] (2.66ns)   --->   "%v1943 = load i19 %v1931_addr" [/home/silvenchen/Desktop/DitBlock/WorkDCT/DitBlock/kernel.cpp:3635]   --->   Operation 61 'load' 'v1943' <Predicate = (v1942_read)> <Delay = 2.66> <CoreInst = "RAM_2P_URAM">   --->   Core 95 'RAM_2P_URAM' <Latency = 1> <II = 1> <Delay = 2.66> <Storage> <Opcode : 'load' 'store'> <Ports = 2> <Width = 32> <Depth = 524288> <RAM>
ST_2 : Operation 62 [1/1] (1.19ns)   --->   "%store_ln3636 = store i32 %v1943, i9 %local_A1_6_addr" [/home/silvenchen/Desktop/DitBlock/WorkDCT/DitBlock/kernel.cpp:3636]   --->   Operation 62 'store' 'store_ln3636' <Predicate = (v1942_read & trunc_ln3633 == 6)> <Delay = 1.19> <CoreInst = "RAM">   --->   Core 83 'RAM' <Latency = 1> <II = 1> <Delay = 1.19> <Storage> <Opcode : 'load' 'store'> <Ports = 2> <Width = 32> <Depth = 512> <RAM>
ST_2 : Operation 63 [1/1] (1.19ns)   --->   "%store_ln3636 = store i32 %v1943, i9 %local_A1_5_addr" [/home/silvenchen/Desktop/DitBlock/WorkDCT/DitBlock/kernel.cpp:3636]   --->   Operation 63 'store' 'store_ln3636' <Predicate = (v1942_read & trunc_ln3633 == 5)> <Delay = 1.19> <CoreInst = "RAM">   --->   Core 83 'RAM' <Latency = 1> <II = 1> <Delay = 1.19> <Storage> <Opcode : 'load' 'store'> <Ports = 2> <Width = 32> <Depth = 512> <RAM>
ST_2 : Operation 64 [1/1] (1.19ns)   --->   "%store_ln3636 = store i32 %v1943, i9 %local_A1_4_addr" [/home/silvenchen/Desktop/DitBlock/WorkDCT/DitBlock/kernel.cpp:3636]   --->   Operation 64 'store' 'store_ln3636' <Predicate = (v1942_read & trunc_ln3633 == 4)> <Delay = 1.19> <CoreInst = "RAM">   --->   Core 83 'RAM' <Latency = 1> <II = 1> <Delay = 1.19> <Storage> <Opcode : 'load' 'store'> <Ports = 2> <Width = 32> <Depth = 512> <RAM>
ST_2 : Operation 65 [1/1] (1.19ns)   --->   "%store_ln3636 = store i32 %v1943, i9 %local_A1_3_addr" [/home/silvenchen/Desktop/DitBlock/WorkDCT/DitBlock/kernel.cpp:3636]   --->   Operation 65 'store' 'store_ln3636' <Predicate = (v1942_read & trunc_ln3633 == 3)> <Delay = 1.19> <CoreInst = "RAM">   --->   Core 83 'RAM' <Latency = 1> <II = 1> <Delay = 1.19> <Storage> <Opcode : 'load' 'store'> <Ports = 2> <Width = 32> <Depth = 512> <RAM>
ST_2 : Operation 66 [1/1] (1.19ns)   --->   "%store_ln3636 = store i32 %v1943, i9 %local_A1_2_addr" [/home/silvenchen/Desktop/DitBlock/WorkDCT/DitBlock/kernel.cpp:3636]   --->   Operation 66 'store' 'store_ln3636' <Predicate = (v1942_read & trunc_ln3633 == 2)> <Delay = 1.19> <CoreInst = "RAM">   --->   Core 83 'RAM' <Latency = 1> <II = 1> <Delay = 1.19> <Storage> <Opcode : 'load' 'store'> <Ports = 2> <Width = 32> <Depth = 512> <RAM>
ST_2 : Operation 67 [1/1] (1.19ns)   --->   "%store_ln3636 = store i32 %v1943, i9 %local_A1_1_addr" [/home/silvenchen/Desktop/DitBlock/WorkDCT/DitBlock/kernel.cpp:3636]   --->   Operation 67 'store' 'store_ln3636' <Predicate = (v1942_read & trunc_ln3633 == 1)> <Delay = 1.19> <CoreInst = "RAM">   --->   Core 83 'RAM' <Latency = 1> <II = 1> <Delay = 1.19> <Storage> <Opcode : 'load' 'store'> <Ports = 2> <Width = 32> <Depth = 512> <RAM>
ST_2 : Operation 68 [1/1] (1.19ns)   --->   "%store_ln3636 = store i32 %v1943, i9 %local_A1_addr" [/home/silvenchen/Desktop/DitBlock/WorkDCT/DitBlock/kernel.cpp:3636]   --->   Operation 68 'store' 'store_ln3636' <Predicate = (v1942_read & trunc_ln3633 == 0)> <Delay = 1.19> <CoreInst = "RAM">   --->   Core 83 'RAM' <Latency = 1> <II = 1> <Delay = 1.19> <Storage> <Opcode : 'load' 'store'> <Ports = 2> <Width = 32> <Depth = 512> <RAM>
ST_2 : Operation 69 [1/1] (1.19ns)   --->   "%store_ln3636 = store i32 %v1943, i9 %local_A1_7_addr" [/home/silvenchen/Desktop/DitBlock/WorkDCT/DitBlock/kernel.cpp:3636]   --->   Operation 69 'store' 'store_ln3636' <Predicate = (v1942_read & trunc_ln3633 == 7)> <Delay = 1.19> <CoreInst = "RAM">   --->   Core 83 'RAM' <Latency = 1> <II = 1> <Delay = 1.19> <Storage> <Opcode : 'load' 'store'> <Ports = 2> <Width = 32> <Depth = 512> <RAM>
ST_2 : Operation 70 [1/1] (0.00ns)   --->   "%br_ln3637 = br void %for.inc" [/home/silvenchen/Desktop/DitBlock/WorkDCT/DitBlock/kernel.cpp:3637]   --->   Operation 70 'br' 'br_ln3637' <Predicate = (v1942_read)> <Delay = 0.00>


============================================================
+ Verbose Summary: Timing violations
============================================================
Target clock period: 10.000ns, clock uncertainty: 2.700ns.

 <State 1>: 5.638ns
The critical path consists of the following:
	'store' operation 0 bit ('store_ln3630', /home/silvenchen/Desktop/DitBlock/WorkDCT/DitBlock/kernel.cpp:3630) of constant 0 on local variable 'ai1', /home/silvenchen/Desktop/DitBlock/WorkDCT/DitBlock/kernel.cpp:3630 [20]  (0.387 ns)
	'load' operation 4 bit ('ai1_load', /home/silvenchen/Desktop/DitBlock/WorkDCT/DitBlock/kernel.cpp:3630) on local variable 'ai1', /home/silvenchen/Desktop/DitBlock/WorkDCT/DitBlock/kernel.cpp:3630 [28]  (0.000 ns)
	'icmp' operation 1 bit ('icmp_ln3630', /home/silvenchen/Desktop/DitBlock/WorkDCT/DitBlock/kernel.cpp:3630) [33]  (0.708 ns)
	'select' operation 4 bit ('select_ln3629', /home/silvenchen/Desktop/DitBlock/WorkDCT/DitBlock/kernel.cpp:3629) [34]  (0.351 ns)
	'add' operation 10 bit ('add_ln3635', /home/silvenchen/Desktop/DitBlock/WorkDCT/DitBlock/kernel.cpp:3635) [51]  (0.725 ns)
	'add' operation 19 bit ('add_ln3635_1', /home/silvenchen/Desktop/DitBlock/WorkDCT/DitBlock/kernel.cpp:3635) [53]  (0.803 ns)
	'getelementptr' operation 19 bit ('v1931_addr', /home/silvenchen/Desktop/DitBlock/WorkDCT/DitBlock/kernel.cpp:3635) [55]  (0.000 ns)
	'load' operation 32 bit ('v1943', /home/silvenchen/Desktop/DitBlock/WorkDCT/DitBlock/kernel.cpp:3635) on array 'v1931' [56]  (2.664 ns)

 <State 2>: 3.860ns
The critical path consists of the following:
	'load' operation 32 bit ('v1943', /home/silvenchen/Desktop/DitBlock/WorkDCT/DitBlock/kernel.cpp:3635) on array 'v1931' [56]  (2.664 ns)
	'store' operation 0 bit ('store_ln3636', /home/silvenchen/Desktop/DitBlock/WorkDCT/DitBlock/kernel.cpp:3636) of variable 'v1943', /home/silvenchen/Desktop/DitBlock/WorkDCT/DitBlock/kernel.cpp:3635 on array 'local_A1_2' [71]  (1.196 ns)


============================================================
+ Verbose Summary: Binding
============================================================
N/A
* FSMD analyzer results:
  - Output states:
 - Input state : 
  - Chain level:
	State 1
	State 2


============================================================
+ Verbose Summary: Datapath Resource usage 
============================================================
N/A
