

================================================================
== Vitis HLS Report for 'systolic_YV_Pipeline_l_load_A_tile_ak5_l_ai5'
================================================================
* Date:           Wed Feb  5 22:34:42 2025

* Version:        2023.2 (Build 4023990 on Oct 11 2023)
* Project:        DitBlock
* Solution:       hls (Vivado IP Flow Target)
* Product family: virtexuplusHBM
* Target device:  xcu280-fsvh2892-2L-e


================================================================
== Performance Estimates
================================================================
+ Timing: 
    * Summary: 
    +--------+----------+----------+------------+
    |  Clock |  Target  | Estimated| Uncertainty|
    +--------+----------+----------+------------+
    |ap_clk  |  10.00 ns|  4.228 ns|     2.70 ns|
    +--------+----------+----------+------------+

+ Latency: 
    * Summary: 
    +---------+---------+-----------+-----------+------+------+---------+
    |  Latency (cycles) |   Latency (absolute)  |   Interval  | Pipeline|
    |   min   |   max   |    min    |    max    |  min |  max |   Type  |
    +---------+---------+-----------+-----------+------+------+---------+
    |     8194|     8194|  81.940 us|  81.940 us|  8194|  8194|       no|
    +---------+---------+-----------+-----------+------+------+---------+

    + Detail: 
        * Instance: 
        N/A

        * Loop: 
        +---------------------------+---------+---------+----------+-----------+-----------+------+----------+
        |                           |  Latency (cycles) | Iteration|  Initiation Interval  | Trip |          |
        |         Loop Name         |   min   |   max   |  Latency |  achieved |   target  | Count| Pipelined|
        +---------------------------+---------+---------+----------+-----------+-----------+------+----------+
        |- l_load_A_tile_ak5_l_ai5  |     8192|     8192|         2|          1|          1|  8192|       yes|
        +---------------------------+---------+---------+----------+-----------+-----------+------+----------+

============================================================
+ Verbose Summary: Synthesis Manager
============================================================
InlineROM: 1
ExposeGlobal: 0
============================================================
+ Verbose Summary: CDFG Model
============================================================
IsTopModel: 0
ResetActiveHigh: 1
IsCombinational: 0
IsDatapathOnly: 0
HasWiredReturn: 1
HasMFsm: 2
HasVarLatency: 1
IsPipeline: 0
IsRtlPipelined: 0
IsInstanceOverlapped: 0
IsDontTouch: 0
HasImplIP: 0
IsGatedGlobalClock: 0

+ Individual pipeline summary: 
  * Pipeline-0: initiation interval (II) = 1, depth = 2


============================================================
+ Verbose Summary: Schedule
============================================================
* Number of FSM states : 2
* Pipeline : 1
  Pipeline-0 : II = 1, D = 2, States = { 1 2 }
* Dataflow Pipeline: 0

* FSM state transitions: 
1 --> 2 
2 --> 

* FSM state operations: 

State 1 <SV = 0> <Delay = 4.22>
ST_1 : Operation 5 [1/1] (0.00ns)   --->   "%ai5 = alloca i32 1" [/home/silvenchen/Desktop/DitBlock/WorkDCT/DitBlock/kernel.cpp:15658]   --->   Operation 5 'alloca' 'ai5' <Predicate = true> <Delay = 0.00>
ST_1 : Operation 6 [1/1] (0.00ns)   --->   "%ak5 = alloca i32 1" [/home/silvenchen/Desktop/DitBlock/WorkDCT/DitBlock/kernel.cpp:15657]   --->   Operation 6 'alloca' 'ak5' <Predicate = true> <Delay = 0.00>
ST_1 : Operation 7 [1/1] (0.00ns)   --->   "%indvar_flatten = alloca i32 1"   --->   Operation 7 'alloca' 'indvar_flatten' <Predicate = true> <Delay = 0.00>
ST_1 : Operation 8 [1/1] (0.00ns)   --->   "%p_mid2_read = read i10 @_ssdm_op_Read.ap_auto.i10, i10 %p_mid2"   --->   Operation 8 'read' 'p_mid2_read' <Predicate = true> <Delay = 0.00>
ST_1 : Operation 9 [1/1] (0.00ns)   --->   "%v8556_read = read i1 @_ssdm_op_Read.ap_auto.i1, i1 %v8556"   --->   Operation 9 'read' 'v8556_read' <Predicate = true> <Delay = 0.00>
ST_1 : Operation 10 [1/1] (0.38ns)   --->   "%store_ln0 = store i14 0, i14 %indvar_flatten"   --->   Operation 10 'store' 'store_ln0' <Predicate = true> <Delay = 0.38>
ST_1 : Operation 11 [1/1] (0.38ns)   --->   "%store_ln15657 = store i11 0, i11 %ak5" [/home/silvenchen/Desktop/DitBlock/WorkDCT/DitBlock/kernel.cpp:15657]   --->   Operation 11 'store' 'store_ln15657' <Predicate = true> <Delay = 0.38>
ST_1 : Operation 12 [1/1] (0.38ns)   --->   "%store_ln15658 = store i4 0, i4 %ai5" [/home/silvenchen/Desktop/DitBlock/WorkDCT/DitBlock/kernel.cpp:15658]   --->   Operation 12 'store' 'store_ln15658' <Predicate = true> <Delay = 0.38>
ST_1 : Operation 13 [1/1] (0.00ns)   --->   "%br_ln0 = br void %for.body12"   --->   Operation 13 'br' 'br_ln0' <Predicate = true> <Delay = 0.00>
ST_1 : Operation 14 [1/1] (0.00ns)   --->   "%indvar_flatten_load = load i14 %indvar_flatten" [/home/silvenchen/Desktop/DitBlock/WorkDCT/DitBlock/kernel.cpp:15657]   --->   Operation 14 'load' 'indvar_flatten_load' <Predicate = true> <Delay = 0.00>
ST_1 : Operation 15 [1/1] (0.76ns)   --->   "%icmp_ln15657 = icmp_eq  i14 %indvar_flatten_load, i14 8192" [/home/silvenchen/Desktop/DitBlock/WorkDCT/DitBlock/kernel.cpp:15657]   --->   Operation 15 'icmp' 'icmp_ln15657' <Predicate = true> <Delay = 0.76> <CoreInst = "Cmp">   --->   Core 9 'Cmp' <Latency = 0> <II = 1> <Delay = 0.76> <FuncUnit> <Opcode : 'icmp'> <InPorts = 2> <OutPorts = 1>
ST_1 : Operation 16 [1/1] (0.76ns)   --->   "%add_ln15657_1 = add i14 %indvar_flatten_load, i14 1" [/home/silvenchen/Desktop/DitBlock/WorkDCT/DitBlock/kernel.cpp:15657]   --->   Operation 16 'add' 'add_ln15657_1' <Predicate = true> <Delay = 0.76> <CoreInst = "Adder">   --->   Core 1 'Adder' <Latency = 0> <II = 1> <Delay = 0.76> <FuncUnit> <Opcode : 'add' 'sub'> <InPorts = 2> <OutPorts = 1>
ST_1 : Operation 17 [1/1] (0.00ns)   --->   "%br_ln15657 = br i1 %icmp_ln15657, void %for.inc19, void %l_load_B_tile_bk5.exitStub" [/home/silvenchen/Desktop/DitBlock/WorkDCT/DitBlock/kernel.cpp:15657]   --->   Operation 17 'br' 'br_ln15657' <Predicate = true> <Delay = 0.00>
ST_1 : Operation 18 [1/1] (0.00ns)   --->   "%ai5_load = load i4 %ai5" [/home/silvenchen/Desktop/DitBlock/WorkDCT/DitBlock/kernel.cpp:15658]   --->   Operation 18 'load' 'ai5_load' <Predicate = (!icmp_ln15657)> <Delay = 0.00>
ST_1 : Operation 19 [1/1] (0.00ns)   --->   "%ak5_load = load i11 %ak5" [/home/silvenchen/Desktop/DitBlock/WorkDCT/DitBlock/kernel.cpp:15657]   --->   Operation 19 'load' 'ak5_load' <Predicate = (!icmp_ln15657)> <Delay = 0.00>
ST_1 : Operation 20 [1/1] (0.73ns)   --->   "%add_ln15657 = add i11 %ak5_load, i11 1" [/home/silvenchen/Desktop/DitBlock/WorkDCT/DitBlock/kernel.cpp:15657]   --->   Operation 20 'add' 'add_ln15657' <Predicate = (!icmp_ln15657)> <Delay = 0.73> <CoreInst = "Adder">   --->   Core 1 'Adder' <Latency = 0> <II = 1> <Delay = 0.73> <FuncUnit> <Opcode : 'add' 'sub'> <InPorts = 2> <OutPorts = 1>
ST_1 : Operation 21 [1/1] (0.70ns)   --->   "%icmp_ln15658 = icmp_eq  i4 %ai5_load, i4 8" [/home/silvenchen/Desktop/DitBlock/WorkDCT/DitBlock/kernel.cpp:15658]   --->   Operation 21 'icmp' 'icmp_ln15658' <Predicate = (!icmp_ln15657)> <Delay = 0.70> <CoreInst = "Cmp">   --->   Core 9 'Cmp' <Latency = 0> <II = 1> <Delay = 0.70> <FuncUnit> <Opcode : 'icmp'> <InPorts = 2> <OutPorts = 1>
ST_1 : Operation 22 [1/1] (0.35ns)   --->   "%select_ln15657 = select i1 %icmp_ln15658, i4 0, i4 %ai5_load" [/home/silvenchen/Desktop/DitBlock/WorkDCT/DitBlock/kernel.cpp:15657]   --->   Operation 22 'select' 'select_ln15657' <Predicate = (!icmp_ln15657)> <Delay = 0.35> <CoreInst = "Sel">   --->   Core 73 'Sel' <Latency = 0> <II = 1> <Delay = 0.35> <FuncUnit> <Opcode : 'select'> <InPorts = 3> <OutPorts = 1>
ST_1 : Operation 23 [1/1] (0.30ns)   --->   "%select_ln15657_1 = select i1 %icmp_ln15658, i11 %add_ln15657, i11 %ak5_load" [/home/silvenchen/Desktop/DitBlock/WorkDCT/DitBlock/kernel.cpp:15657]   --->   Operation 23 'select' 'select_ln15657_1' <Predicate = (!icmp_ln15657)> <Delay = 0.30> <CoreInst = "Sel">   --->   Core 73 'Sel' <Latency = 0> <II = 1> <Delay = 0.30> <FuncUnit> <Opcode : 'select'> <InPorts = 3> <OutPorts = 1>
ST_1 : Operation 24 [1/1] (0.00ns)   --->   "%select_ln15657_1_cast = zext i11 %select_ln15657_1" [/home/silvenchen/Desktop/DitBlock/WorkDCT/DitBlock/kernel.cpp:15657]   --->   Operation 24 'zext' 'select_ln15657_1_cast' <Predicate = (!icmp_ln15657)> <Delay = 0.00>
ST_1 : Operation 25 [1/1] (0.00ns)   --->   "%zext_ln15658 = zext i4 %select_ln15657" [/home/silvenchen/Desktop/DitBlock/WorkDCT/DitBlock/kernel.cpp:15658]   --->   Operation 25 'zext' 'zext_ln15658' <Predicate = (!icmp_ln15657)> <Delay = 0.00>
ST_1 : Operation 26 [1/1] (0.00ns)   --->   "%trunc_ln15661 = trunc i4 %select_ln15657" [/home/silvenchen/Desktop/DitBlock/WorkDCT/DitBlock/kernel.cpp:15661]   --->   Operation 26 'trunc' 'trunc_ln15661' <Predicate = (!icmp_ln15657)> <Delay = 0.00>
ST_1 : Operation 27 [1/1] (0.00ns)   --->   "%br_ln15662 = br i1 %v8556_read, void %for.inc, void %if.then" [/home/silvenchen/Desktop/DitBlock/WorkDCT/DitBlock/kernel.cpp:15662]   --->   Operation 27 'br' 'br_ln15662' <Predicate = (!icmp_ln15657)> <Delay = 0.00>
ST_1 : Operation 28 [1/1] (0.72ns)   --->   "%add_ln15663 = add i10 %p_mid2_read, i10 %zext_ln15658" [/home/silvenchen/Desktop/DitBlock/WorkDCT/DitBlock/kernel.cpp:15663]   --->   Operation 28 'add' 'add_ln15663' <Predicate = (!icmp_ln15657 & v8556_read)> <Delay = 0.72> <CoreInst = "Adder">   --->   Core 1 'Adder' <Latency = 0> <II = 1> <Delay = 0.72> <FuncUnit> <Opcode : 'add' 'sub'> <InPorts = 2> <OutPorts = 1>
ST_1 : Operation 29 [1/1] (0.00ns)   --->   "%tmp_s = bitconcatenate i20 @_ssdm_op_BitConcatenate.i20.i10.i10, i10 %add_ln15663, i10 0" [/home/silvenchen/Desktop/DitBlock/WorkDCT/DitBlock/kernel.cpp:15663]   --->   Operation 29 'bitconcatenate' 'tmp_s' <Predicate = (!icmp_ln15657 & v8556_read)> <Delay = 0.00>
ST_1 : Operation 30 [1/1] (0.80ns)   --->   "%add_ln15663_1 = add i20 %tmp_s, i20 %select_ln15657_1_cast" [/home/silvenchen/Desktop/DitBlock/WorkDCT/DitBlock/kernel.cpp:15663]   --->   Operation 30 'add' 'add_ln15663_1' <Predicate = (!icmp_ln15657 & v8556_read)> <Delay = 0.80> <CoreInst = "Adder">   --->   Core 1 'Adder' <Latency = 0> <II = 1> <Delay = 0.80> <FuncUnit> <Opcode : 'add' 'sub'> <InPorts = 2> <OutPorts = 1>
ST_1 : Operation 31 [1/1] (0.00ns)   --->   "%zext_ln15663 = zext i20 %add_ln15663_1" [/home/silvenchen/Desktop/DitBlock/WorkDCT/DitBlock/kernel.cpp:15663]   --->   Operation 31 'zext' 'zext_ln15663' <Predicate = (!icmp_ln15657 & v8556_read)> <Delay = 0.00>
ST_1 : Operation 32 [1/1] (0.00ns)   --->   "%v8545_addr = getelementptr i32 %v8545, i64 0, i64 %zext_ln15663" [/home/silvenchen/Desktop/DitBlock/WorkDCT/DitBlock/kernel.cpp:15663]   --->   Operation 32 'getelementptr' 'v8545_addr' <Predicate = (!icmp_ln15657 & v8556_read)> <Delay = 0.00>
ST_1 : Operation 33 [2/2] (1.24ns)   --->   "%v8557 = load i20 %v8545_addr" [/home/silvenchen/Desktop/DitBlock/WorkDCT/DitBlock/kernel.cpp:15663]   --->   Operation 33 'load' 'v8557' <Predicate = (!icmp_ln15657 & v8556_read)> <Delay = 1.24> <CoreInst = "RAM">   --->   Core 83 'RAM' <Latency = 1> <II = 1> <Delay = 1.24> <Storage> <Opcode : 'load' 'store'> <Ports = 2> <Width = 32> <Depth = 1048576> <RAM>
ST_1 : Operation 34 [1/1] (0.67ns)   --->   "%switch_ln15664 = switch i3 %trunc_ln15661, void %arrayidx186.case.7, i3 0, void %arrayidx186.case.0, i3 1, void %arrayidx186.case.1, i3 2, void %arrayidx186.case.2, i3 3, void %arrayidx186.case.3, i3 4, void %arrayidx186.case.4, i3 5, void %arrayidx186.case.5, i3 6, void %arrayidx186.case.6" [/home/silvenchen/Desktop/DitBlock/WorkDCT/DitBlock/kernel.cpp:15664]   --->   Operation 34 'switch' 'switch_ln15664' <Predicate = (!icmp_ln15657 & v8556_read)> <Delay = 0.67>
ST_1 : Operation 35 [1/1] (0.00ns)   --->   "%br_ln15664 = br void %arrayidx186.exit" [/home/silvenchen/Desktop/DitBlock/WorkDCT/DitBlock/kernel.cpp:15664]   --->   Operation 35 'br' 'br_ln15664' <Predicate = (!icmp_ln15657 & v8556_read & trunc_ln15661 == 6)> <Delay = 0.00>
ST_1 : Operation 36 [1/1] (0.00ns)   --->   "%br_ln15664 = br void %arrayidx186.exit" [/home/silvenchen/Desktop/DitBlock/WorkDCT/DitBlock/kernel.cpp:15664]   --->   Operation 36 'br' 'br_ln15664' <Predicate = (!icmp_ln15657 & v8556_read & trunc_ln15661 == 5)> <Delay = 0.00>
ST_1 : Operation 37 [1/1] (0.00ns)   --->   "%br_ln15664 = br void %arrayidx186.exit" [/home/silvenchen/Desktop/DitBlock/WorkDCT/DitBlock/kernel.cpp:15664]   --->   Operation 37 'br' 'br_ln15664' <Predicate = (!icmp_ln15657 & v8556_read & trunc_ln15661 == 4)> <Delay = 0.00>
ST_1 : Operation 38 [1/1] (0.00ns)   --->   "%br_ln15664 = br void %arrayidx186.exit" [/home/silvenchen/Desktop/DitBlock/WorkDCT/DitBlock/kernel.cpp:15664]   --->   Operation 38 'br' 'br_ln15664' <Predicate = (!icmp_ln15657 & v8556_read & trunc_ln15661 == 3)> <Delay = 0.00>
ST_1 : Operation 39 [1/1] (0.00ns)   --->   "%br_ln15664 = br void %arrayidx186.exit" [/home/silvenchen/Desktop/DitBlock/WorkDCT/DitBlock/kernel.cpp:15664]   --->   Operation 39 'br' 'br_ln15664' <Predicate = (!icmp_ln15657 & v8556_read & trunc_ln15661 == 2)> <Delay = 0.00>
ST_1 : Operation 40 [1/1] (0.00ns)   --->   "%br_ln15664 = br void %arrayidx186.exit" [/home/silvenchen/Desktop/DitBlock/WorkDCT/DitBlock/kernel.cpp:15664]   --->   Operation 40 'br' 'br_ln15664' <Predicate = (!icmp_ln15657 & v8556_read & trunc_ln15661 == 1)> <Delay = 0.00>
ST_1 : Operation 41 [1/1] (0.00ns)   --->   "%br_ln15664 = br void %arrayidx186.exit" [/home/silvenchen/Desktop/DitBlock/WorkDCT/DitBlock/kernel.cpp:15664]   --->   Operation 41 'br' 'br_ln15664' <Predicate = (!icmp_ln15657 & v8556_read & trunc_ln15661 == 0)> <Delay = 0.00>
ST_1 : Operation 42 [1/1] (0.00ns)   --->   "%br_ln15664 = br void %arrayidx186.exit" [/home/silvenchen/Desktop/DitBlock/WorkDCT/DitBlock/kernel.cpp:15664]   --->   Operation 42 'br' 'br_ln15664' <Predicate = (!icmp_ln15657 & v8556_read & trunc_ln15661 == 7)> <Delay = 0.00>
ST_1 : Operation 43 [1/1] (0.70ns)   --->   "%add_ln15658 = add i4 %select_ln15657, i4 1" [/home/silvenchen/Desktop/DitBlock/WorkDCT/DitBlock/kernel.cpp:15658]   --->   Operation 43 'add' 'add_ln15658' <Predicate = (!icmp_ln15657)> <Delay = 0.70> <CoreInst = "Adder">   --->   Core 1 'Adder' <Latency = 0> <II = 1> <Delay = 0.70> <FuncUnit> <Opcode : 'add' 'sub'> <InPorts = 2> <OutPorts = 1>
ST_1 : Operation 44 [1/1] (0.38ns)   --->   "%store_ln15657 = store i14 %add_ln15657_1, i14 %indvar_flatten" [/home/silvenchen/Desktop/DitBlock/WorkDCT/DitBlock/kernel.cpp:15657]   --->   Operation 44 'store' 'store_ln15657' <Predicate = (!icmp_ln15657)> <Delay = 0.38>
ST_1 : Operation 45 [1/1] (0.38ns)   --->   "%store_ln15657 = store i11 %select_ln15657_1, i11 %ak5" [/home/silvenchen/Desktop/DitBlock/WorkDCT/DitBlock/kernel.cpp:15657]   --->   Operation 45 'store' 'store_ln15657' <Predicate = (!icmp_ln15657)> <Delay = 0.38>
ST_1 : Operation 46 [1/1] (0.38ns)   --->   "%store_ln15658 = store i4 %add_ln15658, i4 %ai5" [/home/silvenchen/Desktop/DitBlock/WorkDCT/DitBlock/kernel.cpp:15658]   --->   Operation 46 'store' 'store_ln15658' <Predicate = (!icmp_ln15657)> <Delay = 0.38>
ST_1 : Operation 47 [1/1] (0.00ns)   --->   "%br_ln15658 = br void %for.body12" [/home/silvenchen/Desktop/DitBlock/WorkDCT/DitBlock/kernel.cpp:15658]   --->   Operation 47 'br' 'br_ln15658' <Predicate = (!icmp_ln15657)> <Delay = 0.00>
ST_1 : Operation 70 [1/1] (0.00ns)   --->   "%ret_ln0 = ret"   --->   Operation 70 'ret' 'ret_ln0' <Predicate = (icmp_ln15657)> <Delay = 0.00>

State 2 <SV = 1> <Delay = 2.44>
ST_2 : Operation 48 [1/1] (0.00ns)   --->   "%specloopname_ln0 = specloopname void @_ssdm_op_SpecLoopName, void @l_load_A_tile_ak5_l_ai5_str"   --->   Operation 48 'specloopname' 'specloopname_ln0' <Predicate = true> <Delay = 0.00>
ST_2 : Operation 49 [1/1] (0.00ns)   --->   "%speclooptripcount_ln0 = speclooptripcount void @_ssdm_op_SpecLoopTripCount, i64 8192, i64 8192, i64 8192"   --->   Operation 49 'speclooptripcount' 'speclooptripcount_ln0' <Predicate = true> <Delay = 0.00>
ST_2 : Operation 50 [1/1] (0.00ns)   --->   "%zext_ln15657 = zext i11 %select_ln15657_1" [/home/silvenchen/Desktop/DitBlock/WorkDCT/DitBlock/kernel.cpp:15657]   --->   Operation 50 'zext' 'zext_ln15657' <Predicate = true> <Delay = 0.00>
ST_2 : Operation 51 [1/1] (0.00ns)   --->   "%local_A5_addr = getelementptr i32 %local_A5, i64 0, i64 %zext_ln15657" [/home/silvenchen/Desktop/DitBlock/WorkDCT/DitBlock/kernel.cpp:15657]   --->   Operation 51 'getelementptr' 'local_A5_addr' <Predicate = true> <Delay = 0.00>
ST_2 : Operation 52 [1/1] (0.00ns)   --->   "%local_A5_1_addr = getelementptr i32 %local_A5_1, i64 0, i64 %zext_ln15657" [/home/silvenchen/Desktop/DitBlock/WorkDCT/DitBlock/kernel.cpp:15657]   --->   Operation 52 'getelementptr' 'local_A5_1_addr' <Predicate = true> <Delay = 0.00>
ST_2 : Operation 53 [1/1] (0.00ns)   --->   "%local_A5_2_addr = getelementptr i32 %local_A5_2, i64 0, i64 %zext_ln15657" [/home/silvenchen/Desktop/DitBlock/WorkDCT/DitBlock/kernel.cpp:15657]   --->   Operation 53 'getelementptr' 'local_A5_2_addr' <Predicate = true> <Delay = 0.00>
ST_2 : Operation 54 [1/1] (0.00ns)   --->   "%local_A5_3_addr = getelementptr i32 %local_A5_3, i64 0, i64 %zext_ln15657" [/home/silvenchen/Desktop/DitBlock/WorkDCT/DitBlock/kernel.cpp:15657]   --->   Operation 54 'getelementptr' 'local_A5_3_addr' <Predicate = true> <Delay = 0.00>
ST_2 : Operation 55 [1/1] (0.00ns)   --->   "%local_A5_4_addr = getelementptr i32 %local_A5_4, i64 0, i64 %zext_ln15657" [/home/silvenchen/Desktop/DitBlock/WorkDCT/DitBlock/kernel.cpp:15657]   --->   Operation 55 'getelementptr' 'local_A5_4_addr' <Predicate = true> <Delay = 0.00>
ST_2 : Operation 56 [1/1] (0.00ns)   --->   "%local_A5_5_addr = getelementptr i32 %local_A5_5, i64 0, i64 %zext_ln15657" [/home/silvenchen/Desktop/DitBlock/WorkDCT/DitBlock/kernel.cpp:15657]   --->   Operation 56 'getelementptr' 'local_A5_5_addr' <Predicate = true> <Delay = 0.00>
ST_2 : Operation 57 [1/1] (0.00ns)   --->   "%local_A5_6_addr = getelementptr i32 %local_A5_6, i64 0, i64 %zext_ln15657" [/home/silvenchen/Desktop/DitBlock/WorkDCT/DitBlock/kernel.cpp:15657]   --->   Operation 57 'getelementptr' 'local_A5_6_addr' <Predicate = true> <Delay = 0.00>
ST_2 : Operation 58 [1/1] (0.00ns)   --->   "%local_A5_7_addr = getelementptr i32 %local_A5_7, i64 0, i64 %zext_ln15657" [/home/silvenchen/Desktop/DitBlock/WorkDCT/DitBlock/kernel.cpp:15657]   --->   Operation 58 'getelementptr' 'local_A5_7_addr' <Predicate = true> <Delay = 0.00>
ST_2 : Operation 59 [1/1] (0.00ns)   --->   "%specpipeline_ln15659 = specpipeline void @_ssdm_op_SpecPipeline, i32 1, i32 0, i32 0, i32 0, void @empty_219" [/home/silvenchen/Desktop/DitBlock/WorkDCT/DitBlock/kernel.cpp:15659]   --->   Operation 59 'specpipeline' 'specpipeline_ln15659' <Predicate = true> <Delay = 0.00>
ST_2 : Operation 60 [1/2] (1.24ns)   --->   "%v8557 = load i20 %v8545_addr" [/home/silvenchen/Desktop/DitBlock/WorkDCT/DitBlock/kernel.cpp:15663]   --->   Operation 60 'load' 'v8557' <Predicate = (v8556_read)> <Delay = 1.24> <CoreInst = "RAM">   --->   Core 83 'RAM' <Latency = 1> <II = 1> <Delay = 1.24> <Storage> <Opcode : 'load' 'store'> <Ports = 2> <Width = 32> <Depth = 1048576> <RAM>
ST_2 : Operation 61 [1/1] (1.20ns)   --->   "%store_ln15664 = store i32 %v8557, i10 %local_A5_6_addr" [/home/silvenchen/Desktop/DitBlock/WorkDCT/DitBlock/kernel.cpp:15664]   --->   Operation 61 'store' 'store_ln15664' <Predicate = (v8556_read & trunc_ln15661 == 6)> <Delay = 1.20> <CoreInst = "RAM">   --->   Core 83 'RAM' <Latency = 1> <II = 1> <Delay = 1.20> <Storage> <Opcode : 'load' 'store'> <Ports = 2> <Width = 32> <Depth = 1024> <RAM>
ST_2 : Operation 62 [1/1] (1.20ns)   --->   "%store_ln15664 = store i32 %v8557, i10 %local_A5_5_addr" [/home/silvenchen/Desktop/DitBlock/WorkDCT/DitBlock/kernel.cpp:15664]   --->   Operation 62 'store' 'store_ln15664' <Predicate = (v8556_read & trunc_ln15661 == 5)> <Delay = 1.20> <CoreInst = "RAM">   --->   Core 83 'RAM' <Latency = 1> <II = 1> <Delay = 1.20> <Storage> <Opcode : 'load' 'store'> <Ports = 2> <Width = 32> <Depth = 1024> <RAM>
ST_2 : Operation 63 [1/1] (1.20ns)   --->   "%store_ln15664 = store i32 %v8557, i10 %local_A5_4_addr" [/home/silvenchen/Desktop/DitBlock/WorkDCT/DitBlock/kernel.cpp:15664]   --->   Operation 63 'store' 'store_ln15664' <Predicate = (v8556_read & trunc_ln15661 == 4)> <Delay = 1.20> <CoreInst = "RAM">   --->   Core 83 'RAM' <Latency = 1> <II = 1> <Delay = 1.20> <Storage> <Opcode : 'load' 'store'> <Ports = 2> <Width = 32> <Depth = 1024> <RAM>
ST_2 : Operation 64 [1/1] (1.20ns)   --->   "%store_ln15664 = store i32 %v8557, i10 %local_A5_3_addr" [/home/silvenchen/Desktop/DitBlock/WorkDCT/DitBlock/kernel.cpp:15664]   --->   Operation 64 'store' 'store_ln15664' <Predicate = (v8556_read & trunc_ln15661 == 3)> <Delay = 1.20> <CoreInst = "RAM">   --->   Core 83 'RAM' <Latency = 1> <II = 1> <Delay = 1.20> <Storage> <Opcode : 'load' 'store'> <Ports = 2> <Width = 32> <Depth = 1024> <RAM>
ST_2 : Operation 65 [1/1] (1.20ns)   --->   "%store_ln15664 = store i32 %v8557, i10 %local_A5_2_addr" [/home/silvenchen/Desktop/DitBlock/WorkDCT/DitBlock/kernel.cpp:15664]   --->   Operation 65 'store' 'store_ln15664' <Predicate = (v8556_read & trunc_ln15661 == 2)> <Delay = 1.20> <CoreInst = "RAM">   --->   Core 83 'RAM' <Latency = 1> <II = 1> <Delay = 1.20> <Storage> <Opcode : 'load' 'store'> <Ports = 2> <Width = 32> <Depth = 1024> <RAM>
ST_2 : Operation 66 [1/1] (1.20ns)   --->   "%store_ln15664 = store i32 %v8557, i10 %local_A5_1_addr" [/home/silvenchen/Desktop/DitBlock/WorkDCT/DitBlock/kernel.cpp:15664]   --->   Operation 66 'store' 'store_ln15664' <Predicate = (v8556_read & trunc_ln15661 == 1)> <Delay = 1.20> <CoreInst = "RAM">   --->   Core 83 'RAM' <Latency = 1> <II = 1> <Delay = 1.20> <Storage> <Opcode : 'load' 'store'> <Ports = 2> <Width = 32> <Depth = 1024> <RAM>
ST_2 : Operation 67 [1/1] (1.20ns)   --->   "%store_ln15664 = store i32 %v8557, i10 %local_A5_addr" [/home/silvenchen/Desktop/DitBlock/WorkDCT/DitBlock/kernel.cpp:15664]   --->   Operation 67 'store' 'store_ln15664' <Predicate = (v8556_read & trunc_ln15661 == 0)> <Delay = 1.20> <CoreInst = "RAM">   --->   Core 83 'RAM' <Latency = 1> <II = 1> <Delay = 1.20> <Storage> <Opcode : 'load' 'store'> <Ports = 2> <Width = 32> <Depth = 1024> <RAM>
ST_2 : Operation 68 [1/1] (1.20ns)   --->   "%store_ln15664 = store i32 %v8557, i10 %local_A5_7_addr" [/home/silvenchen/Desktop/DitBlock/WorkDCT/DitBlock/kernel.cpp:15664]   --->   Operation 68 'store' 'store_ln15664' <Predicate = (v8556_read & trunc_ln15661 == 7)> <Delay = 1.20> <CoreInst = "RAM">   --->   Core 83 'RAM' <Latency = 1> <II = 1> <Delay = 1.20> <Storage> <Opcode : 'load' 'store'> <Ports = 2> <Width = 32> <Depth = 1024> <RAM>
ST_2 : Operation 69 [1/1] (0.00ns)   --->   "%br_ln15665 = br void %for.inc" [/home/silvenchen/Desktop/DitBlock/WorkDCT/DitBlock/kernel.cpp:15665]   --->   Operation 69 'br' 'br_ln15665' <Predicate = (v8556_read)> <Delay = 0.00>


============================================================
+ Verbose Summary: Timing violations
============================================================
Target clock period: 10.000ns, clock uncertainty: 2.700ns.

 <State 1>: 4.228ns
The critical path consists of the following:
	'store' operation 0 bit ('store_ln15658', /home/silvenchen/Desktop/DitBlock/WorkDCT/DitBlock/kernel.cpp:15658) of constant 0 on local variable 'ai5', /home/silvenchen/Desktop/DitBlock/WorkDCT/DitBlock/kernel.cpp:15658 [19]  (0.387 ns)
	'load' operation 4 bit ('ai5_load', /home/silvenchen/Desktop/DitBlock/WorkDCT/DitBlock/kernel.cpp:15658) on local variable 'ai5', /home/silvenchen/Desktop/DitBlock/WorkDCT/DitBlock/kernel.cpp:15658 [27]  (0.000 ns)
	'icmp' operation 1 bit ('icmp_ln15658', /home/silvenchen/Desktop/DitBlock/WorkDCT/DitBlock/kernel.cpp:15658) [32]  (0.708 ns)
	'select' operation 4 bit ('select_ln15657', /home/silvenchen/Desktop/DitBlock/WorkDCT/DitBlock/kernel.cpp:15657) [33]  (0.351 ns)
	'add' operation 10 bit ('add_ln15663', /home/silvenchen/Desktop/DitBlock/WorkDCT/DitBlock/kernel.cpp:15663) [50]  (0.725 ns)
	'add' operation 20 bit ('add_ln15663_1', /home/silvenchen/Desktop/DitBlock/WorkDCT/DitBlock/kernel.cpp:15663) [52]  (0.809 ns)
	'getelementptr' operation 20 bit ('v8545_addr', /home/silvenchen/Desktop/DitBlock/WorkDCT/DitBlock/kernel.cpp:15663) [54]  (0.000 ns)
	'load' operation 32 bit ('v8557', /home/silvenchen/Desktop/DitBlock/WorkDCT/DitBlock/kernel.cpp:15663) on array 'v8545' [55]  (1.248 ns)

 <State 2>: 2.448ns
The critical path consists of the following:
	'load' operation 32 bit ('v8557', /home/silvenchen/Desktop/DitBlock/WorkDCT/DitBlock/kernel.cpp:15663) on array 'v8545' [55]  (1.248 ns)
	'store' operation 0 bit ('store_ln15664', /home/silvenchen/Desktop/DitBlock/WorkDCT/DitBlock/kernel.cpp:15664) of variable 'v8557', /home/silvenchen/Desktop/DitBlock/WorkDCT/DitBlock/kernel.cpp:15663 on array 'local_A5' [76]  (1.200 ns)


============================================================
+ Verbose Summary: Binding
============================================================
N/A
* FSMD analyzer results:
  - Output states:
 - Input state : 
  - Chain level:
	State 1
	State 2


============================================================
+ Verbose Summary: Datapath Resource usage 
============================================================
N/A
