

================================================================
== Vitis HLS Report for 'systolic_tile_modulate'
================================================================
* Date:           Wed Feb  5 22:34:00 2025

* Version:        2023.2 (Build 4023990 on Oct 11 2023)
* Project:        DitBlock
* Solution:       hls (Vivado IP Flow Target)
* Product family: virtexuplusHBM
* Target device:  xcu280-fsvh2892-2L-e


================================================================
== Performance Estimates
================================================================
+ Timing: 
    * Summary: 
    +--------+----------+----------+------------+
    |  Clock |  Target  | Estimated| Uncertainty|
    +--------+----------+----------+------------+
    |ap_clk  |  10.00 ns|  6.536 ns|     2.70 ns|
    +--------+----------+----------+------------+

+ Latency: 
    * Summary: 
    +---------+---------+-----------+-----------+------+------+----------+
    |  Latency (cycles) |   Latency (absolute)  |   Interval  | Pipeline |
    |   min   |   max   |    min    |    max    |  min |  max |   Type   |
    +---------+---------+-----------+-----------+------+------+----------+
    |     1039|     1039|  10.390 us|  10.390 us|  1028|  1028|  dataflow|
    +---------+---------+-----------+-----------+------+------+----------+

    + Detail: 
        * Instance: 
        N/A

        * Loop: 
        N/A

============================================================
+ Verbose Summary: Synthesis Manager
============================================================
InlineROM: 1
ExposeGlobal: 0
============================================================
+ Verbose Summary: CDFG Model
============================================================
IsTopModel: 0
ResetActiveHigh: 1
IsCombinational: 2
IsDatapathOnly: 0
HasWiredReturn: 1
HasMFsm: 0
HasVarLatency: 1
IsPipeline: 0
IsRtlPipelined: 0
IsInstanceOverlapped: 0
IsDontTouch: 0
HasImplIP: 0
IsGatedGlobalClock: 0


============================================================
+ Verbose Summary: Schedule
============================================================
* Number of FSM states : 20
* Pipeline : 0
* Dataflow Pipeline: 1
  DF-Pipeline-0: Size = 20, States = { 1 2 3 4 5 6 7 8 9 10 11 12 13 14 15 16 17 18 19 20 }

* FSM state transitions: 
1 --> 2 
2 --> 3 
3 --> 4 
4 --> 5 
5 --> 6 
6 --> 7 
7 --> 8 
8 --> 9 
9 --> 10 
10 --> 11 
11 --> 12 
12 --> 13 
13 --> 14 
14 --> 15 
15 --> 16 
16 --> 17 
17 --> 18 
18 --> 19 
19 --> 20 
20 --> 

* FSM state operations: 

State 1 <SV = 0> <Delay = 0.00>
ST_1 : Operation 21 [1/1] (0.00ns)   --->   "%A_fifo = alloca i64 1" [/home/silvenchen/Desktop/DitBlock/WorkDCT/DitBlock/kernel.cpp:342]   --->   Operation 21 'alloca' 'A_fifo' <Predicate = true> <Delay = 0.00> <CoreInst = "FIFO_SRL">   --->   Core 81 'FIFO_SRL' <Latency = 0> <II = 1> <Delay = 1.39> <Storage> <Opcode : 'read' 'write' 'nbread' 'nbwrite'> <Ports = 0> <Width = 32> <Depth = 2> <FIFO>
ST_1 : Operation 22 [1/1] (0.00ns)   --->   "%A_fifo_1 = alloca i64 1" [/home/silvenchen/Desktop/DitBlock/WorkDCT/DitBlock/kernel.cpp:342]   --->   Operation 22 'alloca' 'A_fifo_1' <Predicate = true> <Delay = 0.00> <CoreInst = "FIFO_SRL">   --->   Core 81 'FIFO_SRL' <Latency = 0> <II = 1> <Delay = 1.39> <Storage> <Opcode : 'read' 'write' 'nbread' 'nbwrite'> <Ports = 0> <Width = 32> <Depth = 2> <FIFO>
ST_1 : Operation 23 [1/1] (0.00ns)   --->   "%A_fifo_2 = alloca i64 1" [/home/silvenchen/Desktop/DitBlock/WorkDCT/DitBlock/kernel.cpp:342]   --->   Operation 23 'alloca' 'A_fifo_2' <Predicate = true> <Delay = 0.00> <CoreInst = "FIFO_SRL">   --->   Core 81 'FIFO_SRL' <Latency = 0> <II = 1> <Delay = 1.39> <Storage> <Opcode : 'read' 'write' 'nbread' 'nbwrite'> <Ports = 0> <Width = 32> <Depth = 2> <FIFO>
ST_1 : Operation 24 [1/1] (0.00ns)   --->   "%A_fifo_3 = alloca i64 1" [/home/silvenchen/Desktop/DitBlock/WorkDCT/DitBlock/kernel.cpp:342]   --->   Operation 24 'alloca' 'A_fifo_3' <Predicate = true> <Delay = 0.00> <CoreInst = "FIFO_SRL">   --->   Core 81 'FIFO_SRL' <Latency = 0> <II = 1> <Delay = 1.39> <Storage> <Opcode : 'read' 'write' 'nbread' 'nbwrite'> <Ports = 0> <Width = 32> <Depth = 2> <FIFO>
ST_1 : Operation 25 [1/1] (0.00ns)   --->   "%A_fifo_4 = alloca i64 1" [/home/silvenchen/Desktop/DitBlock/WorkDCT/DitBlock/kernel.cpp:342]   --->   Operation 25 'alloca' 'A_fifo_4' <Predicate = true> <Delay = 0.00> <CoreInst = "FIFO_SRL">   --->   Core 81 'FIFO_SRL' <Latency = 0> <II = 1> <Delay = 1.39> <Storage> <Opcode : 'read' 'write' 'nbread' 'nbwrite'> <Ports = 0> <Width = 32> <Depth = 2> <FIFO>
ST_1 : Operation 26 [1/1] (0.00ns)   --->   "%A_fifo_5 = alloca i64 1" [/home/silvenchen/Desktop/DitBlock/WorkDCT/DitBlock/kernel.cpp:342]   --->   Operation 26 'alloca' 'A_fifo_5' <Predicate = true> <Delay = 0.00> <CoreInst = "FIFO_SRL">   --->   Core 81 'FIFO_SRL' <Latency = 0> <II = 1> <Delay = 1.39> <Storage> <Opcode : 'read' 'write' 'nbread' 'nbwrite'> <Ports = 0> <Width = 32> <Depth = 2> <FIFO>
ST_1 : Operation 27 [1/1] (0.00ns)   --->   "%A_fifo_6 = alloca i64 1" [/home/silvenchen/Desktop/DitBlock/WorkDCT/DitBlock/kernel.cpp:342]   --->   Operation 27 'alloca' 'A_fifo_6' <Predicate = true> <Delay = 0.00> <CoreInst = "FIFO_SRL">   --->   Core 81 'FIFO_SRL' <Latency = 0> <II = 1> <Delay = 1.39> <Storage> <Opcode : 'read' 'write' 'nbread' 'nbwrite'> <Ports = 0> <Width = 32> <Depth = 2> <FIFO>
ST_1 : Operation 28 [1/1] (0.00ns)   --->   "%A_fifo_7 = alloca i64 1" [/home/silvenchen/Desktop/DitBlock/WorkDCT/DitBlock/kernel.cpp:342]   --->   Operation 28 'alloca' 'A_fifo_7' <Predicate = true> <Delay = 0.00> <CoreInst = "FIFO_SRL">   --->   Core 81 'FIFO_SRL' <Latency = 0> <II = 1> <Delay = 1.39> <Storage> <Opcode : 'read' 'write' 'nbread' 'nbwrite'> <Ports = 0> <Width = 32> <Depth = 2> <FIFO>
ST_1 : Operation 29 [1/1] (0.00ns)   --->   "%A_fifo_8 = alloca i64 1" [/home/silvenchen/Desktop/DitBlock/WorkDCT/DitBlock/kernel.cpp:342]   --->   Operation 29 'alloca' 'A_fifo_8' <Predicate = true> <Delay = 0.00> <CoreInst = "FIFO_SRL">   --->   Core 81 'FIFO_SRL' <Latency = 0> <II = 1> <Delay = 1.39> <Storage> <Opcode : 'read' 'write' 'nbread' 'nbwrite'> <Ports = 0> <Width = 32> <Depth = 2> <FIFO>
ST_1 : Operation 30 [1/1] (0.00ns)   --->   "%B_fifo = alloca i64 1" [/home/silvenchen/Desktop/DitBlock/WorkDCT/DitBlock/kernel.cpp:344]   --->   Operation 30 'alloca' 'B_fifo' <Predicate = true> <Delay = 0.00> <CoreInst = "FIFO_SRL">   --->   Core 81 'FIFO_SRL' <Latency = 0> <II = 1> <Delay = 1.43> <Storage> <Opcode : 'read' 'write' 'nbread' 'nbwrite'> <Ports = 0> <Width = 32> <Depth = 9> <FIFO>
ST_1 : Operation 31 [1/1] (0.00ns)   --->   "%B_fifo_1 = alloca i64 1" [/home/silvenchen/Desktop/DitBlock/WorkDCT/DitBlock/kernel.cpp:344]   --->   Operation 31 'alloca' 'B_fifo_1' <Predicate = true> <Delay = 0.00> <CoreInst = "FIFO_SRL">   --->   Core 81 'FIFO_SRL' <Latency = 0> <II = 1> <Delay = 1.43> <Storage> <Opcode : 'read' 'write' 'nbread' 'nbwrite'> <Ports = 0> <Width = 32> <Depth = 9> <FIFO>
ST_1 : Operation 32 [1/1] (0.00ns)   --->   "%B_fifo_2 = alloca i64 1" [/home/silvenchen/Desktop/DitBlock/WorkDCT/DitBlock/kernel.cpp:344]   --->   Operation 32 'alloca' 'B_fifo_2' <Predicate = true> <Delay = 0.00> <CoreInst = "FIFO_SRL">   --->   Core 81 'FIFO_SRL' <Latency = 0> <II = 1> <Delay = 1.43> <Storage> <Opcode : 'read' 'write' 'nbread' 'nbwrite'> <Ports = 0> <Width = 32> <Depth = 9> <FIFO>
ST_1 : Operation 33 [1/1] (0.00ns)   --->   "%B_fifo_3 = alloca i64 1" [/home/silvenchen/Desktop/DitBlock/WorkDCT/DitBlock/kernel.cpp:344]   --->   Operation 33 'alloca' 'B_fifo_3' <Predicate = true> <Delay = 0.00> <CoreInst = "FIFO_SRL">   --->   Core 81 'FIFO_SRL' <Latency = 0> <II = 1> <Delay = 1.43> <Storage> <Opcode : 'read' 'write' 'nbread' 'nbwrite'> <Ports = 0> <Width = 32> <Depth = 9> <FIFO>
ST_1 : Operation 34 [1/1] (0.00ns)   --->   "%B_fifo_4 = alloca i64 1" [/home/silvenchen/Desktop/DitBlock/WorkDCT/DitBlock/kernel.cpp:344]   --->   Operation 34 'alloca' 'B_fifo_4' <Predicate = true> <Delay = 0.00> <CoreInst = "FIFO_SRL">   --->   Core 81 'FIFO_SRL' <Latency = 0> <II = 1> <Delay = 1.43> <Storage> <Opcode : 'read' 'write' 'nbread' 'nbwrite'> <Ports = 0> <Width = 32> <Depth = 9> <FIFO>
ST_1 : Operation 35 [1/1] (0.00ns)   --->   "%B_fifo_5 = alloca i64 1" [/home/silvenchen/Desktop/DitBlock/WorkDCT/DitBlock/kernel.cpp:344]   --->   Operation 35 'alloca' 'B_fifo_5' <Predicate = true> <Delay = 0.00> <CoreInst = "FIFO_SRL">   --->   Core 81 'FIFO_SRL' <Latency = 0> <II = 1> <Delay = 1.43> <Storage> <Opcode : 'read' 'write' 'nbread' 'nbwrite'> <Ports = 0> <Width = 32> <Depth = 9> <FIFO>
ST_1 : Operation 36 [1/1] (0.00ns)   --->   "%B_fifo_6 = alloca i64 1" [/home/silvenchen/Desktop/DitBlock/WorkDCT/DitBlock/kernel.cpp:344]   --->   Operation 36 'alloca' 'B_fifo_6' <Predicate = true> <Delay = 0.00> <CoreInst = "FIFO_SRL">   --->   Core 81 'FIFO_SRL' <Latency = 0> <II = 1> <Delay = 1.43> <Storage> <Opcode : 'read' 'write' 'nbread' 'nbwrite'> <Ports = 0> <Width = 32> <Depth = 9> <FIFO>
ST_1 : Operation 37 [1/1] (0.00ns)   --->   "%B_fifo_7 = alloca i64 1" [/home/silvenchen/Desktop/DitBlock/WorkDCT/DitBlock/kernel.cpp:344]   --->   Operation 37 'alloca' 'B_fifo_7' <Predicate = true> <Delay = 0.00> <CoreInst = "FIFO_SRL">   --->   Core 81 'FIFO_SRL' <Latency = 0> <II = 1> <Delay = 1.43> <Storage> <Opcode : 'read' 'write' 'nbread' 'nbwrite'> <Ports = 0> <Width = 32> <Depth = 9> <FIFO>
ST_1 : Operation 38 [1/1] (0.00ns)   --->   "%B_fifo_8 = alloca i64 1" [/home/silvenchen/Desktop/DitBlock/WorkDCT/DitBlock/kernel.cpp:344]   --->   Operation 38 'alloca' 'B_fifo_8' <Predicate = true> <Delay = 0.00> <CoreInst = "FIFO_SRL">   --->   Core 81 'FIFO_SRL' <Latency = 0> <II = 1> <Delay = 1.43> <Storage> <Opcode : 'read' 'write' 'nbread' 'nbwrite'> <Ports = 0> <Width = 32> <Depth = 9> <FIFO>
ST_1 : Operation 39 [1/1] (0.00ns)   --->   "%B_fifo_9 = alloca i64 1" [/home/silvenchen/Desktop/DitBlock/WorkDCT/DitBlock/kernel.cpp:344]   --->   Operation 39 'alloca' 'B_fifo_9' <Predicate = true> <Delay = 0.00> <CoreInst = "FIFO_SRL">   --->   Core 81 'FIFO_SRL' <Latency = 0> <II = 1> <Delay = 1.43> <Storage> <Opcode : 'read' 'write' 'nbread' 'nbwrite'> <Ports = 0> <Width = 32> <Depth = 9> <FIFO>
ST_1 : Operation 40 [1/1] (0.00ns)   --->   "%B_fifo_10 = alloca i64 1" [/home/silvenchen/Desktop/DitBlock/WorkDCT/DitBlock/kernel.cpp:344]   --->   Operation 40 'alloca' 'B_fifo_10' <Predicate = true> <Delay = 0.00> <CoreInst = "FIFO_SRL">   --->   Core 81 'FIFO_SRL' <Latency = 0> <II = 1> <Delay = 1.43> <Storage> <Opcode : 'read' 'write' 'nbread' 'nbwrite'> <Ports = 0> <Width = 32> <Depth = 9> <FIFO>
ST_1 : Operation 41 [1/1] (0.00ns)   --->   "%B_fifo_11 = alloca i64 1" [/home/silvenchen/Desktop/DitBlock/WorkDCT/DitBlock/kernel.cpp:344]   --->   Operation 41 'alloca' 'B_fifo_11' <Predicate = true> <Delay = 0.00> <CoreInst = "FIFO_SRL">   --->   Core 81 'FIFO_SRL' <Latency = 0> <II = 1> <Delay = 1.43> <Storage> <Opcode : 'read' 'write' 'nbread' 'nbwrite'> <Ports = 0> <Width = 32> <Depth = 9> <FIFO>
ST_1 : Operation 42 [1/1] (0.00ns)   --->   "%B_fifo_12 = alloca i64 1" [/home/silvenchen/Desktop/DitBlock/WorkDCT/DitBlock/kernel.cpp:344]   --->   Operation 42 'alloca' 'B_fifo_12' <Predicate = true> <Delay = 0.00> <CoreInst = "FIFO_SRL">   --->   Core 81 'FIFO_SRL' <Latency = 0> <II = 1> <Delay = 1.43> <Storage> <Opcode : 'read' 'write' 'nbread' 'nbwrite'> <Ports = 0> <Width = 32> <Depth = 9> <FIFO>
ST_1 : Operation 43 [1/1] (0.00ns)   --->   "%B_fifo_13 = alloca i64 1" [/home/silvenchen/Desktop/DitBlock/WorkDCT/DitBlock/kernel.cpp:344]   --->   Operation 43 'alloca' 'B_fifo_13' <Predicate = true> <Delay = 0.00> <CoreInst = "FIFO_SRL">   --->   Core 81 'FIFO_SRL' <Latency = 0> <II = 1> <Delay = 1.43> <Storage> <Opcode : 'read' 'write' 'nbread' 'nbwrite'> <Ports = 0> <Width = 32> <Depth = 9> <FIFO>
ST_1 : Operation 44 [1/1] (0.00ns)   --->   "%B_fifo_14 = alloca i64 1" [/home/silvenchen/Desktop/DitBlock/WorkDCT/DitBlock/kernel.cpp:344]   --->   Operation 44 'alloca' 'B_fifo_14' <Predicate = true> <Delay = 0.00> <CoreInst = "FIFO_SRL">   --->   Core 81 'FIFO_SRL' <Latency = 0> <II = 1> <Delay = 1.43> <Storage> <Opcode : 'read' 'write' 'nbread' 'nbwrite'> <Ports = 0> <Width = 32> <Depth = 9> <FIFO>
ST_1 : Operation 45 [1/1] (0.00ns)   --->   "%B_fifo_15 = alloca i64 1" [/home/silvenchen/Desktop/DitBlock/WorkDCT/DitBlock/kernel.cpp:344]   --->   Operation 45 'alloca' 'B_fifo_15' <Predicate = true> <Delay = 0.00> <CoreInst = "FIFO_SRL">   --->   Core 81 'FIFO_SRL' <Latency = 0> <II = 1> <Delay = 1.43> <Storage> <Opcode : 'read' 'write' 'nbread' 'nbwrite'> <Ports = 0> <Width = 32> <Depth = 9> <FIFO>
ST_1 : Operation 46 [2/2] (0.00ns)   --->   "%call_ln0 = call void @systolic_tile_modulate_Loop_l_data_load_k8_proc22, i32 %v168_0, i32 %A_fifo, i32 %v169_0, i32 %v169_1, i32 %v169_2, i32 %v169_3, i32 %v169_4, i32 %v169_5, i32 %v169_6, i32 %v169_7, i32 %B_fifo, i32 %B_fifo_2, i32 %B_fifo_4, i32 %B_fifo_6, i32 %B_fifo_8, i32 %B_fifo_10, i32 %B_fifo_12, i32 %B_fifo_14"   --->   Operation 46 'call' 'call_ln0' <Predicate = true> <Delay = 0.00> <CoreType = "Generic">   --->   Core 0 '' <Latency = 0> <II = 1> <Delay = 1.00> <Generic> <Opcode : >

State 2 <SV = 1> <Delay = 0.00>
ST_2 : Operation 47 [1/2] (0.00ns)   --->   "%call_ln0 = call void @systolic_tile_modulate_Loop_l_data_load_k8_proc22, i32 %v168_0, i32 %A_fifo, i32 %v169_0, i32 %v169_1, i32 %v169_2, i32 %v169_3, i32 %v169_4, i32 %v169_5, i32 %v169_6, i32 %v169_7, i32 %B_fifo, i32 %B_fifo_2, i32 %B_fifo_4, i32 %B_fifo_6, i32 %B_fifo_8, i32 %B_fifo_10, i32 %B_fifo_12, i32 %B_fifo_14"   --->   Operation 47 'call' 'call_ln0' <Predicate = true> <Delay = 0.00> <CoreType = "Generic">   --->   Core 0 '' <Latency = 0> <II = 1> <Delay = 1.00> <Generic> <Opcode : >

State 3 <SV = 2> <Delay = 0.00>
ST_3 : Operation 48 [2/2] (0.00ns)   --->   "%call_ln362 = call void @PE_kernel_modulate_0_0.1, i32 %A_fifo, i32 %B_fifo, i32 %A_fifo_1, i32 %B_fifo_1, i32 %v170_0_0" [/home/silvenchen/Desktop/DitBlock/WorkDCT/DitBlock/kernel.cpp:362]   --->   Operation 48 'call' 'call_ln362' <Predicate = true> <Delay = 0.00> <CoreType = "Generic">   --->   Core 0 '' <Latency = 0> <II = 1> <Delay = 1.00> <Generic> <Opcode : >

State 4 <SV = 3> <Delay = 0.38>
ST_4 : Operation 49 [1/2] (0.38ns)   --->   "%call_ln362 = call void @PE_kernel_modulate_0_0.1, i32 %A_fifo, i32 %B_fifo, i32 %A_fifo_1, i32 %B_fifo_1, i32 %v170_0_0" [/home/silvenchen/Desktop/DitBlock/WorkDCT/DitBlock/kernel.cpp:362]   --->   Operation 49 'call' 'call_ln362' <Predicate = true> <Delay = 0.38> <CoreType = "Generic">   --->   Core 0 '' <Latency = 0> <II = 1> <Delay = 1.00> <Generic> <Opcode : >

State 5 <SV = 4> <Delay = 0.00>
ST_5 : Operation 50 [2/2] (0.00ns)   --->   "%call_ln367 = call void @PE_kernel_modulate_1_0.1, i32 %A_fifo_1, i32 %B_fifo_2, i32 %A_fifo_2, i32 %B_fifo_3, i32 %v170_1_0" [/home/silvenchen/Desktop/DitBlock/WorkDCT/DitBlock/kernel.cpp:367]   --->   Operation 50 'call' 'call_ln367' <Predicate = true> <Delay = 0.00> <CoreType = "Generic">   --->   Core 0 '' <Latency = 0> <II = 1> <Delay = 1.00> <Generic> <Opcode : >

State 6 <SV = 5> <Delay = 0.38>
ST_6 : Operation 51 [1/2] (0.38ns)   --->   "%call_ln367 = call void @PE_kernel_modulate_1_0.1, i32 %A_fifo_1, i32 %B_fifo_2, i32 %A_fifo_2, i32 %B_fifo_3, i32 %v170_1_0" [/home/silvenchen/Desktop/DitBlock/WorkDCT/DitBlock/kernel.cpp:367]   --->   Operation 51 'call' 'call_ln367' <Predicate = true> <Delay = 0.38> <CoreType = "Generic">   --->   Core 0 '' <Latency = 0> <II = 1> <Delay = 1.00> <Generic> <Opcode : >

State 7 <SV = 6> <Delay = 0.00>
ST_7 : Operation 52 [2/2] (0.00ns)   --->   "%call_ln372 = call void @PE_kernel_modulate_2_0.1, i32 %A_fifo_2, i32 %B_fifo_4, i32 %A_fifo_3, i32 %B_fifo_5, i32 %v170_2_0" [/home/silvenchen/Desktop/DitBlock/WorkDCT/DitBlock/kernel.cpp:372]   --->   Operation 52 'call' 'call_ln372' <Predicate = true> <Delay = 0.00> <CoreType = "Generic">   --->   Core 0 '' <Latency = 0> <II = 1> <Delay = 1.00> <Generic> <Opcode : >

State 8 <SV = 7> <Delay = 0.38>
ST_8 : Operation 53 [1/2] (0.38ns)   --->   "%call_ln372 = call void @PE_kernel_modulate_2_0.1, i32 %A_fifo_2, i32 %B_fifo_4, i32 %A_fifo_3, i32 %B_fifo_5, i32 %v170_2_0" [/home/silvenchen/Desktop/DitBlock/WorkDCT/DitBlock/kernel.cpp:372]   --->   Operation 53 'call' 'call_ln372' <Predicate = true> <Delay = 0.38> <CoreType = "Generic">   --->   Core 0 '' <Latency = 0> <II = 1> <Delay = 1.00> <Generic> <Opcode : >

State 9 <SV = 8> <Delay = 0.00>
ST_9 : Operation 54 [2/2] (0.00ns)   --->   "%call_ln377 = call void @PE_kernel_modulate_3_0.1, i32 %A_fifo_3, i32 %B_fifo_6, i32 %A_fifo_4, i32 %B_fifo_7, i32 %v170_3_0" [/home/silvenchen/Desktop/DitBlock/WorkDCT/DitBlock/kernel.cpp:377]   --->   Operation 54 'call' 'call_ln377' <Predicate = true> <Delay = 0.00> <CoreType = "Generic">   --->   Core 0 '' <Latency = 0> <II = 1> <Delay = 1.00> <Generic> <Opcode : >

State 10 <SV = 9> <Delay = 0.38>
ST_10 : Operation 55 [1/2] (0.38ns)   --->   "%call_ln377 = call void @PE_kernel_modulate_3_0.1, i32 %A_fifo_3, i32 %B_fifo_6, i32 %A_fifo_4, i32 %B_fifo_7, i32 %v170_3_0" [/home/silvenchen/Desktop/DitBlock/WorkDCT/DitBlock/kernel.cpp:377]   --->   Operation 55 'call' 'call_ln377' <Predicate = true> <Delay = 0.38> <CoreType = "Generic">   --->   Core 0 '' <Latency = 0> <II = 1> <Delay = 1.00> <Generic> <Opcode : >

State 11 <SV = 10> <Delay = 0.00>
ST_11 : Operation 56 [2/2] (0.00ns)   --->   "%call_ln382 = call void @PE_kernel_modulate_4_0.1, i32 %A_fifo_4, i32 %B_fifo_8, i32 %A_fifo_5, i32 %B_fifo_9, i32 %v170_4_0" [/home/silvenchen/Desktop/DitBlock/WorkDCT/DitBlock/kernel.cpp:382]   --->   Operation 56 'call' 'call_ln382' <Predicate = true> <Delay = 0.00> <CoreType = "Generic">   --->   Core 0 '' <Latency = 0> <II = 1> <Delay = 1.00> <Generic> <Opcode : >

State 12 <SV = 11> <Delay = 0.38>
ST_12 : Operation 57 [1/2] (0.38ns)   --->   "%call_ln382 = call void @PE_kernel_modulate_4_0.1, i32 %A_fifo_4, i32 %B_fifo_8, i32 %A_fifo_5, i32 %B_fifo_9, i32 %v170_4_0" [/home/silvenchen/Desktop/DitBlock/WorkDCT/DitBlock/kernel.cpp:382]   --->   Operation 57 'call' 'call_ln382' <Predicate = true> <Delay = 0.38> <CoreType = "Generic">   --->   Core 0 '' <Latency = 0> <II = 1> <Delay = 1.00> <Generic> <Opcode : >

State 13 <SV = 12> <Delay = 0.00>
ST_13 : Operation 58 [2/2] (0.00ns)   --->   "%call_ln387 = call void @PE_kernel_modulate_5_0.1, i32 %A_fifo_5, i32 %B_fifo_10, i32 %A_fifo_6, i32 %B_fifo_11, i32 %v170_5_0" [/home/silvenchen/Desktop/DitBlock/WorkDCT/DitBlock/kernel.cpp:387]   --->   Operation 58 'call' 'call_ln387' <Predicate = true> <Delay = 0.00> <CoreType = "Generic">   --->   Core 0 '' <Latency = 0> <II = 1> <Delay = 1.00> <Generic> <Opcode : >

State 14 <SV = 13> <Delay = 0.38>
ST_14 : Operation 59 [1/2] (0.38ns)   --->   "%call_ln387 = call void @PE_kernel_modulate_5_0.1, i32 %A_fifo_5, i32 %B_fifo_10, i32 %A_fifo_6, i32 %B_fifo_11, i32 %v170_5_0" [/home/silvenchen/Desktop/DitBlock/WorkDCT/DitBlock/kernel.cpp:387]   --->   Operation 59 'call' 'call_ln387' <Predicate = true> <Delay = 0.38> <CoreType = "Generic">   --->   Core 0 '' <Latency = 0> <II = 1> <Delay = 1.00> <Generic> <Opcode : >

State 15 <SV = 14> <Delay = 0.00>
ST_15 : Operation 60 [2/2] (0.00ns)   --->   "%call_ln392 = call void @PE_kernel_modulate_6_0.1, i32 %A_fifo_6, i32 %B_fifo_12, i32 %A_fifo_7, i32 %B_fifo_13, i32 %v170_6_0" [/home/silvenchen/Desktop/DitBlock/WorkDCT/DitBlock/kernel.cpp:392]   --->   Operation 60 'call' 'call_ln392' <Predicate = true> <Delay = 0.00> <CoreType = "Generic">   --->   Core 0 '' <Latency = 0> <II = 1> <Delay = 1.00> <Generic> <Opcode : >

State 16 <SV = 15> <Delay = 0.38>
ST_16 : Operation 61 [1/2] (0.38ns)   --->   "%call_ln392 = call void @PE_kernel_modulate_6_0.1, i32 %A_fifo_6, i32 %B_fifo_12, i32 %A_fifo_7, i32 %B_fifo_13, i32 %v170_6_0" [/home/silvenchen/Desktop/DitBlock/WorkDCT/DitBlock/kernel.cpp:392]   --->   Operation 61 'call' 'call_ln392' <Predicate = true> <Delay = 0.38> <CoreType = "Generic">   --->   Core 0 '' <Latency = 0> <II = 1> <Delay = 1.00> <Generic> <Opcode : >

State 17 <SV = 16> <Delay = 0.00>
ST_17 : Operation 62 [2/2] (0.00ns)   --->   "%call_ln397 = call void @PE_kernel_modulate_7_0.1, i32 %A_fifo_7, i32 %B_fifo_14, i32 %A_fifo_8, i32 %B_fifo_15, i32 %v170_7_0" [/home/silvenchen/Desktop/DitBlock/WorkDCT/DitBlock/kernel.cpp:397]   --->   Operation 62 'call' 'call_ln397' <Predicate = true> <Delay = 0.00> <CoreType = "Generic">   --->   Core 0 '' <Latency = 0> <II = 1> <Delay = 1.00> <Generic> <Opcode : >

State 18 <SV = 17> <Delay = 0.38>
ST_18 : Operation 63 [1/2] (0.38ns)   --->   "%call_ln397 = call void @PE_kernel_modulate_7_0.1, i32 %A_fifo_7, i32 %B_fifo_14, i32 %A_fifo_8, i32 %B_fifo_15, i32 %v170_7_0" [/home/silvenchen/Desktop/DitBlock/WorkDCT/DitBlock/kernel.cpp:397]   --->   Operation 63 'call' 'call_ln397' <Predicate = true> <Delay = 0.38> <CoreType = "Generic">   --->   Core 0 '' <Latency = 0> <II = 1> <Delay = 1.00> <Generic> <Opcode : >

State 19 <SV = 18> <Delay = 0.00>
ST_19 : Operation 64 [2/2] (0.00ns)   --->   "%call_ln0 = call void @systolic_tile_modulate_Loop_l_data_drain_k9_proc23, i32 %A_fifo_8, i32 %B_fifo_1, i32 %B_fifo_3, i32 %B_fifo_5, i32 %B_fifo_7, i32 %B_fifo_9, i32 %B_fifo_11, i32 %B_fifo_13, i32 %B_fifo_15"   --->   Operation 64 'call' 'call_ln0' <Predicate = true> <Delay = 0.00> <CoreType = "Generic">   --->   Core 0 '' <Latency = 0> <II = 1> <Delay = 1.00> <Generic> <Opcode : >

State 20 <SV = 19> <Delay = 0.00>
ST_20 : Operation 65 [1/1] (0.00ns)   --->   "%specdataflowpipeline_ln337 = specdataflowpipeline void @_ssdm_op_SpecDataflowPipeline, i32 4294967295, i32 0, void @empty_219" [/home/silvenchen/Desktop/DitBlock/WorkDCT/DitBlock/kernel.cpp:337]   --->   Operation 65 'specdataflowpipeline' 'specdataflowpipeline_ln337' <Predicate = true> <Delay = 0.00>
ST_20 : Operation 66 [1/1] (0.00ns)   --->   "%empty = specchannel i32 @_ssdm_op_SpecChannel, void @A_fifo_str, i32 1, void @p_str, void @p_str, i32 2, i32 2, i32 %A_fifo, i32 %A_fifo"   --->   Operation 66 'specchannel' 'empty' <Predicate = true> <Delay = 0.00>
ST_20 : Operation 67 [1/1] (0.00ns)   --->   "%specinterface_ln0 = specinterface void @_ssdm_op_SpecInterface, i32 %A_fifo, void @empty_215, i32 0, i32 0, void @empty_219, i32 0, i32 0, void @empty_219, void @empty_219, void @empty_219, i32 0, i32 0, i32 0, i32 0, void @empty_219, void @empty_219, i32 4294967295, i32 0"   --->   Operation 67 'specinterface' 'specinterface_ln0' <Predicate = true> <Delay = 0.00>
ST_20 : Operation 68 [1/1] (0.00ns)   --->   "%empty_286 = specchannel i32 @_ssdm_op_SpecChannel, void @A_fifo_OC_1_str, i32 1, void @p_str, void @p_str, i32 2, i32 2, i32 %A_fifo_1, i32 %A_fifo_1"   --->   Operation 68 'specchannel' 'empty_286' <Predicate = true> <Delay = 0.00>
ST_20 : Operation 69 [1/1] (0.00ns)   --->   "%specinterface_ln0 = specinterface void @_ssdm_op_SpecInterface, i32 %A_fifo_1, void @empty_215, i32 0, i32 0, void @empty_219, i32 0, i32 0, void @empty_219, void @empty_219, void @empty_219, i32 0, i32 0, i32 0, i32 0, void @empty_219, void @empty_219, i32 4294967295, i32 0"   --->   Operation 69 'specinterface' 'specinterface_ln0' <Predicate = true> <Delay = 0.00>
ST_20 : Operation 70 [1/1] (0.00ns)   --->   "%empty_287 = specchannel i32 @_ssdm_op_SpecChannel, void @A_fifo_OC_2_str, i32 1, void @p_str, void @p_str, i32 2, i32 2, i32 %A_fifo_2, i32 %A_fifo_2"   --->   Operation 70 'specchannel' 'empty_287' <Predicate = true> <Delay = 0.00>
ST_20 : Operation 71 [1/1] (0.00ns)   --->   "%specinterface_ln0 = specinterface void @_ssdm_op_SpecInterface, i32 %A_fifo_2, void @empty_215, i32 0, i32 0, void @empty_219, i32 0, i32 0, void @empty_219, void @empty_219, void @empty_219, i32 0, i32 0, i32 0, i32 0, void @empty_219, void @empty_219, i32 4294967295, i32 0"   --->   Operation 71 'specinterface' 'specinterface_ln0' <Predicate = true> <Delay = 0.00>
ST_20 : Operation 72 [1/1] (0.00ns)   --->   "%empty_288 = specchannel i32 @_ssdm_op_SpecChannel, void @A_fifo_OC_3_str, i32 1, void @p_str, void @p_str, i32 2, i32 2, i32 %A_fifo_3, i32 %A_fifo_3"   --->   Operation 72 'specchannel' 'empty_288' <Predicate = true> <Delay = 0.00>
ST_20 : Operation 73 [1/1] (0.00ns)   --->   "%specinterface_ln0 = specinterface void @_ssdm_op_SpecInterface, i32 %A_fifo_3, void @empty_215, i32 0, i32 0, void @empty_219, i32 0, i32 0, void @empty_219, void @empty_219, void @empty_219, i32 0, i32 0, i32 0, i32 0, void @empty_219, void @empty_219, i32 4294967295, i32 0"   --->   Operation 73 'specinterface' 'specinterface_ln0' <Predicate = true> <Delay = 0.00>
ST_20 : Operation 74 [1/1] (0.00ns)   --->   "%empty_289 = specchannel i32 @_ssdm_op_SpecChannel, void @A_fifo_OC_4_str, i32 1, void @p_str, void @p_str, i32 2, i32 2, i32 %A_fifo_4, i32 %A_fifo_4"   --->   Operation 74 'specchannel' 'empty_289' <Predicate = true> <Delay = 0.00>
ST_20 : Operation 75 [1/1] (0.00ns)   --->   "%specinterface_ln0 = specinterface void @_ssdm_op_SpecInterface, i32 %A_fifo_4, void @empty_215, i32 0, i32 0, void @empty_219, i32 0, i32 0, void @empty_219, void @empty_219, void @empty_219, i32 0, i32 0, i32 0, i32 0, void @empty_219, void @empty_219, i32 4294967295, i32 0"   --->   Operation 75 'specinterface' 'specinterface_ln0' <Predicate = true> <Delay = 0.00>
ST_20 : Operation 76 [1/1] (0.00ns)   --->   "%empty_290 = specchannel i32 @_ssdm_op_SpecChannel, void @A_fifo_OC_5_str, i32 1, void @p_str, void @p_str, i32 2, i32 2, i32 %A_fifo_5, i32 %A_fifo_5"   --->   Operation 76 'specchannel' 'empty_290' <Predicate = true> <Delay = 0.00>
ST_20 : Operation 77 [1/1] (0.00ns)   --->   "%specinterface_ln0 = specinterface void @_ssdm_op_SpecInterface, i32 %A_fifo_5, void @empty_215, i32 0, i32 0, void @empty_219, i32 0, i32 0, void @empty_219, void @empty_219, void @empty_219, i32 0, i32 0, i32 0, i32 0, void @empty_219, void @empty_219, i32 4294967295, i32 0"   --->   Operation 77 'specinterface' 'specinterface_ln0' <Predicate = true> <Delay = 0.00>
ST_20 : Operation 78 [1/1] (0.00ns)   --->   "%empty_291 = specchannel i32 @_ssdm_op_SpecChannel, void @A_fifo_OC_6_str, i32 1, void @p_str, void @p_str, i32 2, i32 2, i32 %A_fifo_6, i32 %A_fifo_6"   --->   Operation 78 'specchannel' 'empty_291' <Predicate = true> <Delay = 0.00>
ST_20 : Operation 79 [1/1] (0.00ns)   --->   "%specinterface_ln0 = specinterface void @_ssdm_op_SpecInterface, i32 %A_fifo_6, void @empty_215, i32 0, i32 0, void @empty_219, i32 0, i32 0, void @empty_219, void @empty_219, void @empty_219, i32 0, i32 0, i32 0, i32 0, void @empty_219, void @empty_219, i32 4294967295, i32 0"   --->   Operation 79 'specinterface' 'specinterface_ln0' <Predicate = true> <Delay = 0.00>
ST_20 : Operation 80 [1/1] (0.00ns)   --->   "%empty_292 = specchannel i32 @_ssdm_op_SpecChannel, void @A_fifo_OC_7_str, i32 1, void @p_str, void @p_str, i32 2, i32 2, i32 %A_fifo_7, i32 %A_fifo_7"   --->   Operation 80 'specchannel' 'empty_292' <Predicate = true> <Delay = 0.00>
ST_20 : Operation 81 [1/1] (0.00ns)   --->   "%specinterface_ln0 = specinterface void @_ssdm_op_SpecInterface, i32 %A_fifo_7, void @empty_215, i32 0, i32 0, void @empty_219, i32 0, i32 0, void @empty_219, void @empty_219, void @empty_219, i32 0, i32 0, i32 0, i32 0, void @empty_219, void @empty_219, i32 4294967295, i32 0"   --->   Operation 81 'specinterface' 'specinterface_ln0' <Predicate = true> <Delay = 0.00>
ST_20 : Operation 82 [1/1] (0.00ns)   --->   "%empty_293 = specchannel i32 @_ssdm_op_SpecChannel, void @A_fifo_OC_8_str, i32 1, void @p_str, void @p_str, i32 2, i32 2, i32 %A_fifo_8, i32 %A_fifo_8"   --->   Operation 82 'specchannel' 'empty_293' <Predicate = true> <Delay = 0.00>
ST_20 : Operation 83 [1/1] (0.00ns)   --->   "%specinterface_ln0 = specinterface void @_ssdm_op_SpecInterface, i32 %A_fifo_8, void @empty_215, i32 0, i32 0, void @empty_219, i32 0, i32 0, void @empty_219, void @empty_219, void @empty_219, i32 0, i32 0, i32 0, i32 0, void @empty_219, void @empty_219, i32 4294967295, i32 0"   --->   Operation 83 'specinterface' 'specinterface_ln0' <Predicate = true> <Delay = 0.00>
ST_20 : Operation 84 [1/1] (0.00ns)   --->   "%empty_294 = specchannel i32 @_ssdm_op_SpecChannel, void @B_fifo_str, i32 1, void @p_str, void @p_str, i32 9, i32 9, i32 %B_fifo, i32 %B_fifo"   --->   Operation 84 'specchannel' 'empty_294' <Predicate = true> <Delay = 0.00>
ST_20 : Operation 85 [1/1] (0.00ns)   --->   "%specinterface_ln0 = specinterface void @_ssdm_op_SpecInterface, i32 %B_fifo, void @empty_215, i32 0, i32 0, void @empty_219, i32 0, i32 0, void @empty_219, void @empty_219, void @empty_219, i32 0, i32 0, i32 0, i32 0, void @empty_219, void @empty_219, i32 4294967295, i32 0"   --->   Operation 85 'specinterface' 'specinterface_ln0' <Predicate = true> <Delay = 0.00>
ST_20 : Operation 86 [1/1] (0.00ns)   --->   "%empty_295 = specchannel i32 @_ssdm_op_SpecChannel, void @B_fifo_OC_1_str, i32 1, void @p_str, void @p_str, i32 9, i32 9, i32 %B_fifo_1, i32 %B_fifo_1"   --->   Operation 86 'specchannel' 'empty_295' <Predicate = true> <Delay = 0.00>
ST_20 : Operation 87 [1/1] (0.00ns)   --->   "%specinterface_ln0 = specinterface void @_ssdm_op_SpecInterface, i32 %B_fifo_1, void @empty_215, i32 0, i32 0, void @empty_219, i32 0, i32 0, void @empty_219, void @empty_219, void @empty_219, i32 0, i32 0, i32 0, i32 0, void @empty_219, void @empty_219, i32 4294967295, i32 0"   --->   Operation 87 'specinterface' 'specinterface_ln0' <Predicate = true> <Delay = 0.00>
ST_20 : Operation 88 [1/1] (0.00ns)   --->   "%empty_296 = specchannel i32 @_ssdm_op_SpecChannel, void @B_fifo_OC_2_str, i32 1, void @p_str, void @p_str, i32 9, i32 9, i32 %B_fifo_2, i32 %B_fifo_2"   --->   Operation 88 'specchannel' 'empty_296' <Predicate = true> <Delay = 0.00>
ST_20 : Operation 89 [1/1] (0.00ns)   --->   "%specinterface_ln0 = specinterface void @_ssdm_op_SpecInterface, i32 %B_fifo_2, void @empty_215, i32 0, i32 0, void @empty_219, i32 0, i32 0, void @empty_219, void @empty_219, void @empty_219, i32 0, i32 0, i32 0, i32 0, void @empty_219, void @empty_219, i32 4294967295, i32 0"   --->   Operation 89 'specinterface' 'specinterface_ln0' <Predicate = true> <Delay = 0.00>
ST_20 : Operation 90 [1/1] (0.00ns)   --->   "%empty_297 = specchannel i32 @_ssdm_op_SpecChannel, void @B_fifo_OC_3_str, i32 1, void @p_str, void @p_str, i32 9, i32 9, i32 %B_fifo_3, i32 %B_fifo_3"   --->   Operation 90 'specchannel' 'empty_297' <Predicate = true> <Delay = 0.00>
ST_20 : Operation 91 [1/1] (0.00ns)   --->   "%specinterface_ln0 = specinterface void @_ssdm_op_SpecInterface, i32 %B_fifo_3, void @empty_215, i32 0, i32 0, void @empty_219, i32 0, i32 0, void @empty_219, void @empty_219, void @empty_219, i32 0, i32 0, i32 0, i32 0, void @empty_219, void @empty_219, i32 4294967295, i32 0"   --->   Operation 91 'specinterface' 'specinterface_ln0' <Predicate = true> <Delay = 0.00>
ST_20 : Operation 92 [1/1] (0.00ns)   --->   "%empty_298 = specchannel i32 @_ssdm_op_SpecChannel, void @B_fifo_OC_4_str, i32 1, void @p_str, void @p_str, i32 9, i32 9, i32 %B_fifo_4, i32 %B_fifo_4"   --->   Operation 92 'specchannel' 'empty_298' <Predicate = true> <Delay = 0.00>
ST_20 : Operation 93 [1/1] (0.00ns)   --->   "%specinterface_ln0 = specinterface void @_ssdm_op_SpecInterface, i32 %B_fifo_4, void @empty_215, i32 0, i32 0, void @empty_219, i32 0, i32 0, void @empty_219, void @empty_219, void @empty_219, i32 0, i32 0, i32 0, i32 0, void @empty_219, void @empty_219, i32 4294967295, i32 0"   --->   Operation 93 'specinterface' 'specinterface_ln0' <Predicate = true> <Delay = 0.00>
ST_20 : Operation 94 [1/1] (0.00ns)   --->   "%empty_299 = specchannel i32 @_ssdm_op_SpecChannel, void @B_fifo_OC_5_str, i32 1, void @p_str, void @p_str, i32 9, i32 9, i32 %B_fifo_5, i32 %B_fifo_5"   --->   Operation 94 'specchannel' 'empty_299' <Predicate = true> <Delay = 0.00>
ST_20 : Operation 95 [1/1] (0.00ns)   --->   "%specinterface_ln0 = specinterface void @_ssdm_op_SpecInterface, i32 %B_fifo_5, void @empty_215, i32 0, i32 0, void @empty_219, i32 0, i32 0, void @empty_219, void @empty_219, void @empty_219, i32 0, i32 0, i32 0, i32 0, void @empty_219, void @empty_219, i32 4294967295, i32 0"   --->   Operation 95 'specinterface' 'specinterface_ln0' <Predicate = true> <Delay = 0.00>
ST_20 : Operation 96 [1/1] (0.00ns)   --->   "%empty_300 = specchannel i32 @_ssdm_op_SpecChannel, void @B_fifo_OC_6_str, i32 1, void @p_str, void @p_str, i32 9, i32 9, i32 %B_fifo_6, i32 %B_fifo_6"   --->   Operation 96 'specchannel' 'empty_300' <Predicate = true> <Delay = 0.00>
ST_20 : Operation 97 [1/1] (0.00ns)   --->   "%specinterface_ln0 = specinterface void @_ssdm_op_SpecInterface, i32 %B_fifo_6, void @empty_215, i32 0, i32 0, void @empty_219, i32 0, i32 0, void @empty_219, void @empty_219, void @empty_219, i32 0, i32 0, i32 0, i32 0, void @empty_219, void @empty_219, i32 4294967295, i32 0"   --->   Operation 97 'specinterface' 'specinterface_ln0' <Predicate = true> <Delay = 0.00>
ST_20 : Operation 98 [1/1] (0.00ns)   --->   "%empty_301 = specchannel i32 @_ssdm_op_SpecChannel, void @B_fifo_OC_7_str, i32 1, void @p_str, void @p_str, i32 9, i32 9, i32 %B_fifo_7, i32 %B_fifo_7"   --->   Operation 98 'specchannel' 'empty_301' <Predicate = true> <Delay = 0.00>
ST_20 : Operation 99 [1/1] (0.00ns)   --->   "%specinterface_ln0 = specinterface void @_ssdm_op_SpecInterface, i32 %B_fifo_7, void @empty_215, i32 0, i32 0, void @empty_219, i32 0, i32 0, void @empty_219, void @empty_219, void @empty_219, i32 0, i32 0, i32 0, i32 0, void @empty_219, void @empty_219, i32 4294967295, i32 0"   --->   Operation 99 'specinterface' 'specinterface_ln0' <Predicate = true> <Delay = 0.00>
ST_20 : Operation 100 [1/1] (0.00ns)   --->   "%empty_302 = specchannel i32 @_ssdm_op_SpecChannel, void @B_fifo_OC_8_str, i32 1, void @p_str, void @p_str, i32 9, i32 9, i32 %B_fifo_8, i32 %B_fifo_8"   --->   Operation 100 'specchannel' 'empty_302' <Predicate = true> <Delay = 0.00>
ST_20 : Operation 101 [1/1] (0.00ns)   --->   "%specinterface_ln0 = specinterface void @_ssdm_op_SpecInterface, i32 %B_fifo_8, void @empty_215, i32 0, i32 0, void @empty_219, i32 0, i32 0, void @empty_219, void @empty_219, void @empty_219, i32 0, i32 0, i32 0, i32 0, void @empty_219, void @empty_219, i32 4294967295, i32 0"   --->   Operation 101 'specinterface' 'specinterface_ln0' <Predicate = true> <Delay = 0.00>
ST_20 : Operation 102 [1/1] (0.00ns)   --->   "%empty_303 = specchannel i32 @_ssdm_op_SpecChannel, void @B_fifo_OC_9_str, i32 1, void @p_str, void @p_str, i32 9, i32 9, i32 %B_fifo_9, i32 %B_fifo_9"   --->   Operation 102 'specchannel' 'empty_303' <Predicate = true> <Delay = 0.00>
ST_20 : Operation 103 [1/1] (0.00ns)   --->   "%specinterface_ln0 = specinterface void @_ssdm_op_SpecInterface, i32 %B_fifo_9, void @empty_215, i32 0, i32 0, void @empty_219, i32 0, i32 0, void @empty_219, void @empty_219, void @empty_219, i32 0, i32 0, i32 0, i32 0, void @empty_219, void @empty_219, i32 4294967295, i32 0"   --->   Operation 103 'specinterface' 'specinterface_ln0' <Predicate = true> <Delay = 0.00>
ST_20 : Operation 104 [1/1] (0.00ns)   --->   "%empty_304 = specchannel i32 @_ssdm_op_SpecChannel, void @B_fifo_OC_10_str, i32 1, void @p_str, void @p_str, i32 9, i32 9, i32 %B_fifo_10, i32 %B_fifo_10"   --->   Operation 104 'specchannel' 'empty_304' <Predicate = true> <Delay = 0.00>
ST_20 : Operation 105 [1/1] (0.00ns)   --->   "%specinterface_ln0 = specinterface void @_ssdm_op_SpecInterface, i32 %B_fifo_10, void @empty_215, i32 0, i32 0, void @empty_219, i32 0, i32 0, void @empty_219, void @empty_219, void @empty_219, i32 0, i32 0, i32 0, i32 0, void @empty_219, void @empty_219, i32 4294967295, i32 0"   --->   Operation 105 'specinterface' 'specinterface_ln0' <Predicate = true> <Delay = 0.00>
ST_20 : Operation 106 [1/1] (0.00ns)   --->   "%empty_305 = specchannel i32 @_ssdm_op_SpecChannel, void @B_fifo_OC_11_str, i32 1, void @p_str, void @p_str, i32 9, i32 9, i32 %B_fifo_11, i32 %B_fifo_11"   --->   Operation 106 'specchannel' 'empty_305' <Predicate = true> <Delay = 0.00>
ST_20 : Operation 107 [1/1] (0.00ns)   --->   "%specinterface_ln0 = specinterface void @_ssdm_op_SpecInterface, i32 %B_fifo_11, void @empty_215, i32 0, i32 0, void @empty_219, i32 0, i32 0, void @empty_219, void @empty_219, void @empty_219, i32 0, i32 0, i32 0, i32 0, void @empty_219, void @empty_219, i32 4294967295, i32 0"   --->   Operation 107 'specinterface' 'specinterface_ln0' <Predicate = true> <Delay = 0.00>
ST_20 : Operation 108 [1/1] (0.00ns)   --->   "%empty_306 = specchannel i32 @_ssdm_op_SpecChannel, void @B_fifo_OC_12_str, i32 1, void @p_str, void @p_str, i32 9, i32 9, i32 %B_fifo_12, i32 %B_fifo_12"   --->   Operation 108 'specchannel' 'empty_306' <Predicate = true> <Delay = 0.00>
ST_20 : Operation 109 [1/1] (0.00ns)   --->   "%specinterface_ln0 = specinterface void @_ssdm_op_SpecInterface, i32 %B_fifo_12, void @empty_215, i32 0, i32 0, void @empty_219, i32 0, i32 0, void @empty_219, void @empty_219, void @empty_219, i32 0, i32 0, i32 0, i32 0, void @empty_219, void @empty_219, i32 4294967295, i32 0"   --->   Operation 109 'specinterface' 'specinterface_ln0' <Predicate = true> <Delay = 0.00>
ST_20 : Operation 110 [1/1] (0.00ns)   --->   "%empty_307 = specchannel i32 @_ssdm_op_SpecChannel, void @B_fifo_OC_13_str, i32 1, void @p_str, void @p_str, i32 9, i32 9, i32 %B_fifo_13, i32 %B_fifo_13"   --->   Operation 110 'specchannel' 'empty_307' <Predicate = true> <Delay = 0.00>
ST_20 : Operation 111 [1/1] (0.00ns)   --->   "%specinterface_ln0 = specinterface void @_ssdm_op_SpecInterface, i32 %B_fifo_13, void @empty_215, i32 0, i32 0, void @empty_219, i32 0, i32 0, void @empty_219, void @empty_219, void @empty_219, i32 0, i32 0, i32 0, i32 0, void @empty_219, void @empty_219, i32 4294967295, i32 0"   --->   Operation 111 'specinterface' 'specinterface_ln0' <Predicate = true> <Delay = 0.00>
ST_20 : Operation 112 [1/1] (0.00ns)   --->   "%empty_308 = specchannel i32 @_ssdm_op_SpecChannel, void @B_fifo_OC_14_str, i32 1, void @p_str, void @p_str, i32 9, i32 9, i32 %B_fifo_14, i32 %B_fifo_14"   --->   Operation 112 'specchannel' 'empty_308' <Predicate = true> <Delay = 0.00>
ST_20 : Operation 113 [1/1] (0.00ns)   --->   "%specinterface_ln0 = specinterface void @_ssdm_op_SpecInterface, i32 %B_fifo_14, void @empty_215, i32 0, i32 0, void @empty_219, i32 0, i32 0, void @empty_219, void @empty_219, void @empty_219, i32 0, i32 0, i32 0, i32 0, void @empty_219, void @empty_219, i32 4294967295, i32 0"   --->   Operation 113 'specinterface' 'specinterface_ln0' <Predicate = true> <Delay = 0.00>
ST_20 : Operation 114 [1/1] (0.00ns)   --->   "%empty_309 = specchannel i32 @_ssdm_op_SpecChannel, void @B_fifo_OC_15_str, i32 1, void @p_str, void @p_str, i32 9, i32 9, i32 %B_fifo_15, i32 %B_fifo_15"   --->   Operation 114 'specchannel' 'empty_309' <Predicate = true> <Delay = 0.00>
ST_20 : Operation 115 [1/1] (0.00ns)   --->   "%specinterface_ln0 = specinterface void @_ssdm_op_SpecInterface, i32 %B_fifo_15, void @empty_215, i32 0, i32 0, void @empty_219, i32 0, i32 0, void @empty_219, void @empty_219, void @empty_219, i32 0, i32 0, i32 0, i32 0, void @empty_219, void @empty_219, i32 4294967295, i32 0"   --->   Operation 115 'specinterface' 'specinterface_ln0' <Predicate = true> <Delay = 0.00>
ST_20 : Operation 116 [1/2] (0.00ns)   --->   "%call_ln0 = call void @systolic_tile_modulate_Loop_l_data_drain_k9_proc23, i32 %A_fifo_8, i32 %B_fifo_1, i32 %B_fifo_3, i32 %B_fifo_5, i32 %B_fifo_7, i32 %B_fifo_9, i32 %B_fifo_11, i32 %B_fifo_13, i32 %B_fifo_15"   --->   Operation 116 'call' 'call_ln0' <Predicate = true> <Delay = 0.00> <CoreType = "Generic">   --->   Core 0 '' <Latency = 0> <II = 1> <Delay = 1.00> <Generic> <Opcode : >
ST_20 : Operation 117 [1/1] (0.00ns)   --->   "%ret_ln408 = ret" [/home/silvenchen/Desktop/DitBlock/WorkDCT/DitBlock/kernel.cpp:408]   --->   Operation 117 'ret' 'ret_ln408' <Predicate = true> <Delay = 0.00>


============================================================
+ Verbose Summary: Timing violations
============================================================
Target clock period: 10.000ns, clock uncertainty: 2.700ns.

 <State 1>: 0.000ns
The critical path consists of the following:

 <State 2>: 0.000ns
The critical path consists of the following:

 <State 3>: 0.000ns
The critical path consists of the following:

 <State 4>: 0.387ns
The critical path consists of the following:
	'call' operation 0 bit ('call_ln362', /home/silvenchen/Desktop/DitBlock/WorkDCT/DitBlock/kernel.cpp:362) to 'PE_kernel_modulate_0_0.1' [95]  (0.387 ns)

 <State 5>: 0.000ns
The critical path consists of the following:

 <State 6>: 0.387ns
The critical path consists of the following:
	'call' operation 0 bit ('call_ln367', /home/silvenchen/Desktop/DitBlock/WorkDCT/DitBlock/kernel.cpp:367) to 'PE_kernel_modulate_1_0.1' [96]  (0.387 ns)

 <State 7>: 0.000ns
The critical path consists of the following:

 <State 8>: 0.387ns
The critical path consists of the following:
	'call' operation 0 bit ('call_ln372', /home/silvenchen/Desktop/DitBlock/WorkDCT/DitBlock/kernel.cpp:372) to 'PE_kernel_modulate_2_0.1' [97]  (0.387 ns)

 <State 9>: 0.000ns
The critical path consists of the following:

 <State 10>: 0.387ns
The critical path consists of the following:
	'call' operation 0 bit ('call_ln377', /home/silvenchen/Desktop/DitBlock/WorkDCT/DitBlock/kernel.cpp:377) to 'PE_kernel_modulate_3_0.1' [98]  (0.387 ns)

 <State 11>: 0.000ns
The critical path consists of the following:

 <State 12>: 0.387ns
The critical path consists of the following:
	'call' operation 0 bit ('call_ln382', /home/silvenchen/Desktop/DitBlock/WorkDCT/DitBlock/kernel.cpp:382) to 'PE_kernel_modulate_4_0.1' [99]  (0.387 ns)

 <State 13>: 0.000ns
The critical path consists of the following:

 <State 14>: 0.387ns
The critical path consists of the following:
	'call' operation 0 bit ('call_ln387', /home/silvenchen/Desktop/DitBlock/WorkDCT/DitBlock/kernel.cpp:387) to 'PE_kernel_modulate_5_0.1' [100]  (0.387 ns)

 <State 15>: 0.000ns
The critical path consists of the following:

 <State 16>: 0.387ns
The critical path consists of the following:
	'call' operation 0 bit ('call_ln392', /home/silvenchen/Desktop/DitBlock/WorkDCT/DitBlock/kernel.cpp:392) to 'PE_kernel_modulate_6_0.1' [101]  (0.387 ns)

 <State 17>: 0.000ns
The critical path consists of the following:

 <State 18>: 0.387ns
The critical path consists of the following:
	'call' operation 0 bit ('call_ln397', /home/silvenchen/Desktop/DitBlock/WorkDCT/DitBlock/kernel.cpp:397) to 'PE_kernel_modulate_7_0.1' [102]  (0.387 ns)

 <State 19>: 0.000ns
The critical path consists of the following:

 <State 20>: 0.000ns
The critical path consists of the following:


============================================================
+ Verbose Summary: Binding
============================================================
N/A
* FSMD analyzer results:
  - Output states:
 - Input state : 
  - Chain level:
	State 1
	State 2
	State 3
	State 4
	State 5
	State 6
	State 7
	State 8
	State 9
	State 10
	State 11
	State 12
	State 13
	State 14
	State 15
	State 16
	State 17
	State 18
	State 19
	State 20


============================================================
+ Verbose Summary: Datapath Resource usage 
============================================================
N/A
