

================================================================
== Vitis HLS Report for 'systolic_tile_Q_Loop_l_data_drain_k75_proc25'
================================================================
* Date:           Wed Feb  5 22:34:14 2025

* Version:        2023.2 (Build 4023990 on Oct 11 2023)
* Project:        DitBlock
* Solution:       hls (Vivado IP Flow Target)
* Product family: virtexuplusHBM
* Target device:  xcu280-fsvh2892-2L-e


================================================================
== Performance Estimates
================================================================
+ Timing: 
    * Summary: 
    +--------+----------+----------+------------+
    |  Clock |  Target  | Estimated| Uncertainty|
    +--------+----------+----------+------------+
    |ap_clk  |  10.00 ns|  1.499 ns|     2.70 ns|
    +--------+----------+----------+------------+

+ Latency: 
    * Summary: 
    +---------+---------+----------+----------+-----+-----+---------+
    |  Latency (cycles) |  Latency (absolute) |  Interval | Pipeline|
    |   min   |   max   |    min   |    max   | min | max |   Type  |
    +---------+---------+----------+----------+-----+-----+---------+
    |      514|      514|  5.140 us|  5.140 us|  514|  514|       no|
    +---------+---------+----------+----------+-----+-----+---------+

    + Detail: 
        * Instance: 
        N/A

        * Loop: 
        +--------------------+---------+---------+----------+-----------+-----------+------+----------+
        |                    |  Latency (cycles) | Iteration|  Initiation Interval  | Trip |          |
        |      Loop Name     |   min   |   max   |  Latency |  achieved |   target  | Count| Pipelined|
        +--------------------+---------+---------+----------+-----------+-----------+------+----------+
        |- l_data_drain_k75  |      512|      512|         2|          1|          1|   512|       yes|
        +--------------------+---------+---------+----------+-----------+-----------+------+----------+

============================================================
+ Verbose Summary: Synthesis Manager
============================================================
InlineROM: 1
ExposeGlobal: 0
============================================================
+ Verbose Summary: CDFG Model
============================================================
IsTopModel: 0
ResetActiveHigh: 1
IsCombinational: 2
IsDatapathOnly: 0
HasWiredReturn: 1
HasMFsm: 2
HasVarLatency: 1
IsPipeline: 0
IsRtlPipelined: 0
IsInstanceOverlapped: 0
IsDontTouch: 0
HasImplIP: 0
IsGatedGlobalClock: 0

+ Individual pipeline summary: 
  * Pipeline-0: initiation interval (II) = 1, depth = 2


============================================================
+ Verbose Summary: Schedule
============================================================
* Number of FSM states : 2
* Pipeline : 1
  Pipeline-0 : II = 1, D = 2, States = { 1 2 }
* Dataflow Pipeline: 0

* FSM state transitions: 
1 --> 2 
2 --> 

* FSM state operations: 

State 1 <SV = 0> <Delay = 1.49>
ST_1 : Operation 5 [1/1] (0.00ns)   --->   "%k75 = alloca i32 1" [/home/silvenchen/Desktop/DitBlock/WorkDCT/DitBlock/kernel.cpp:3599]   --->   Operation 5 'alloca' 'k75' <Predicate = true> <Delay = 0.00>
ST_1 : Operation 6 [1/1] (0.00ns)   --->   "%specinterface_ln0 = specinterface void @_ssdm_op_SpecInterface, i32 %B_fifo1_71, void @empty_215, i32 0, i32 0, void @empty_219, i32 0, i32 0, void @empty_219, void @empty_219, void @empty_219, i32 0, i32 0, i32 0, i32 0, void @empty_219, void @empty_219, i32 4294967295, i32 0"   --->   Operation 6 'specinterface' 'specinterface_ln0' <Predicate = true> <Delay = 0.00>
ST_1 : Operation 7 [1/1] (0.00ns)   --->   "%specinterface_ln0 = specinterface void @_ssdm_op_SpecInterface, i32 %B_fifo1_62, void @empty_215, i32 0, i32 0, void @empty_219, i32 0, i32 0, void @empty_219, void @empty_219, void @empty_219, i32 0, i32 0, i32 0, i32 0, void @empty_219, void @empty_219, i32 4294967295, i32 0"   --->   Operation 7 'specinterface' 'specinterface_ln0' <Predicate = true> <Delay = 0.00>
ST_1 : Operation 8 [1/1] (0.00ns)   --->   "%specinterface_ln0 = specinterface void @_ssdm_op_SpecInterface, i32 %B_fifo1_53, void @empty_215, i32 0, i32 0, void @empty_219, i32 0, i32 0, void @empty_219, void @empty_219, void @empty_219, i32 0, i32 0, i32 0, i32 0, void @empty_219, void @empty_219, i32 4294967295, i32 0"   --->   Operation 8 'specinterface' 'specinterface_ln0' <Predicate = true> <Delay = 0.00>
ST_1 : Operation 9 [1/1] (0.00ns)   --->   "%specinterface_ln0 = specinterface void @_ssdm_op_SpecInterface, i32 %B_fifo1_44, void @empty_215, i32 0, i32 0, void @empty_219, i32 0, i32 0, void @empty_219, void @empty_219, void @empty_219, i32 0, i32 0, i32 0, i32 0, void @empty_219, void @empty_219, i32 4294967295, i32 0"   --->   Operation 9 'specinterface' 'specinterface_ln0' <Predicate = true> <Delay = 0.00>
ST_1 : Operation 10 [1/1] (0.00ns)   --->   "%specinterface_ln0 = specinterface void @_ssdm_op_SpecInterface, i32 %B_fifo1_35, void @empty_215, i32 0, i32 0, void @empty_219, i32 0, i32 0, void @empty_219, void @empty_219, void @empty_219, i32 0, i32 0, i32 0, i32 0, void @empty_219, void @empty_219, i32 4294967295, i32 0"   --->   Operation 10 'specinterface' 'specinterface_ln0' <Predicate = true> <Delay = 0.00>
ST_1 : Operation 11 [1/1] (0.00ns)   --->   "%specinterface_ln0 = specinterface void @_ssdm_op_SpecInterface, i32 %B_fifo1_26, void @empty_215, i32 0, i32 0, void @empty_219, i32 0, i32 0, void @empty_219, void @empty_219, void @empty_219, i32 0, i32 0, i32 0, i32 0, void @empty_219, void @empty_219, i32 4294967295, i32 0"   --->   Operation 11 'specinterface' 'specinterface_ln0' <Predicate = true> <Delay = 0.00>
ST_1 : Operation 12 [1/1] (0.00ns)   --->   "%specinterface_ln0 = specinterface void @_ssdm_op_SpecInterface, i32 %B_fifo1_17, void @empty_215, i32 0, i32 0, void @empty_219, i32 0, i32 0, void @empty_219, void @empty_219, void @empty_219, i32 0, i32 0, i32 0, i32 0, void @empty_219, void @empty_219, i32 4294967295, i32 0"   --->   Operation 12 'specinterface' 'specinterface_ln0' <Predicate = true> <Delay = 0.00>
ST_1 : Operation 13 [1/1] (0.00ns)   --->   "%specinterface_ln0 = specinterface void @_ssdm_op_SpecInterface, i32 %B_fifo1_8, void @empty_215, i32 0, i32 0, void @empty_219, i32 0, i32 0, void @empty_219, void @empty_219, void @empty_219, i32 0, i32 0, i32 0, i32 0, void @empty_219, void @empty_219, i32 4294967295, i32 0"   --->   Operation 13 'specinterface' 'specinterface_ln0' <Predicate = true> <Delay = 0.00>
ST_1 : Operation 14 [1/1] (0.00ns)   --->   "%specinterface_ln0 = specinterface void @_ssdm_op_SpecInterface, i32 %A_fifo1_71, void @empty_215, i32 0, i32 0, void @empty_219, i32 0, i32 0, void @empty_219, void @empty_219, void @empty_219, i32 0, i32 0, i32 0, i32 0, void @empty_219, void @empty_219, i32 4294967295, i32 0"   --->   Operation 14 'specinterface' 'specinterface_ln0' <Predicate = true> <Delay = 0.00>
ST_1 : Operation 15 [1/1] (0.00ns)   --->   "%specinterface_ln0 = specinterface void @_ssdm_op_SpecInterface, i32 %A_fifo1_62, void @empty_215, i32 0, i32 0, void @empty_219, i32 0, i32 0, void @empty_219, void @empty_219, void @empty_219, i32 0, i32 0, i32 0, i32 0, void @empty_219, void @empty_219, i32 4294967295, i32 0"   --->   Operation 15 'specinterface' 'specinterface_ln0' <Predicate = true> <Delay = 0.00>
ST_1 : Operation 16 [1/1] (0.00ns)   --->   "%specinterface_ln0 = specinterface void @_ssdm_op_SpecInterface, i32 %A_fifo1_53, void @empty_215, i32 0, i32 0, void @empty_219, i32 0, i32 0, void @empty_219, void @empty_219, void @empty_219, i32 0, i32 0, i32 0, i32 0, void @empty_219, void @empty_219, i32 4294967295, i32 0"   --->   Operation 16 'specinterface' 'specinterface_ln0' <Predicate = true> <Delay = 0.00>
ST_1 : Operation 17 [1/1] (0.00ns)   --->   "%specinterface_ln0 = specinterface void @_ssdm_op_SpecInterface, i32 %A_fifo1_44, void @empty_215, i32 0, i32 0, void @empty_219, i32 0, i32 0, void @empty_219, void @empty_219, void @empty_219, i32 0, i32 0, i32 0, i32 0, void @empty_219, void @empty_219, i32 4294967295, i32 0"   --->   Operation 17 'specinterface' 'specinterface_ln0' <Predicate = true> <Delay = 0.00>
ST_1 : Operation 18 [1/1] (0.00ns)   --->   "%specinterface_ln0 = specinterface void @_ssdm_op_SpecInterface, i32 %A_fifo1_35, void @empty_215, i32 0, i32 0, void @empty_219, i32 0, i32 0, void @empty_219, void @empty_219, void @empty_219, i32 0, i32 0, i32 0, i32 0, void @empty_219, void @empty_219, i32 4294967295, i32 0"   --->   Operation 18 'specinterface' 'specinterface_ln0' <Predicate = true> <Delay = 0.00>
ST_1 : Operation 19 [1/1] (0.00ns)   --->   "%specinterface_ln0 = specinterface void @_ssdm_op_SpecInterface, i32 %A_fifo1_26, void @empty_215, i32 0, i32 0, void @empty_219, i32 0, i32 0, void @empty_219, void @empty_219, void @empty_219, i32 0, i32 0, i32 0, i32 0, void @empty_219, void @empty_219, i32 4294967295, i32 0"   --->   Operation 19 'specinterface' 'specinterface_ln0' <Predicate = true> <Delay = 0.00>
ST_1 : Operation 20 [1/1] (0.00ns)   --->   "%specinterface_ln0 = specinterface void @_ssdm_op_SpecInterface, i32 %A_fifo1_17, void @empty_215, i32 0, i32 0, void @empty_219, i32 0, i32 0, void @empty_219, void @empty_219, void @empty_219, i32 0, i32 0, i32 0, i32 0, void @empty_219, void @empty_219, i32 4294967295, i32 0"   --->   Operation 20 'specinterface' 'specinterface_ln0' <Predicate = true> <Delay = 0.00>
ST_1 : Operation 21 [1/1] (0.00ns)   --->   "%specinterface_ln0 = specinterface void @_ssdm_op_SpecInterface, i32 %A_fifo1_8, void @empty_215, i32 0, i32 0, void @empty_219, i32 0, i32 0, void @empty_219, void @empty_219, void @empty_219, i32 0, i32 0, i32 0, i32 0, void @empty_219, void @empty_219, i32 4294967295, i32 0"   --->   Operation 21 'specinterface' 'specinterface_ln0' <Predicate = true> <Delay = 0.00>
ST_1 : Operation 22 [1/1] (0.38ns)   --->   "%store_ln3599 = store i10 0, i10 %k75" [/home/silvenchen/Desktop/DitBlock/WorkDCT/DitBlock/kernel.cpp:3599]   --->   Operation 22 'store' 'store_ln3599' <Predicate = true> <Delay = 0.38>
ST_1 : Operation 23 [1/1] (0.00ns)   --->   "%br_ln3599 = br void %for.cond560" [/home/silvenchen/Desktop/DitBlock/WorkDCT/DitBlock/kernel.cpp:3599]   --->   Operation 23 'br' 'br_ln3599' <Predicate = true> <Delay = 0.00>
ST_1 : Operation 24 [1/1] (0.00ns)   --->   "%k75_1 = load i10 %k75" [/home/silvenchen/Desktop/DitBlock/WorkDCT/DitBlock/kernel.cpp:3599]   --->   Operation 24 'load' 'k75_1' <Predicate = true> <Delay = 0.00>
ST_1 : Operation 25 [1/1] (0.72ns)   --->   "%icmp_ln3599 = icmp_eq  i10 %k75_1, i10 512" [/home/silvenchen/Desktop/DitBlock/WorkDCT/DitBlock/kernel.cpp:3599]   --->   Operation 25 'icmp' 'icmp_ln3599' <Predicate = true> <Delay = 0.72> <CoreInst = "Cmp">   --->   Core 9 'Cmp' <Latency = 0> <II = 1> <Delay = 0.72> <FuncUnit> <Opcode : 'icmp'> <InPorts = 2> <OutPorts = 1>
ST_1 : Operation 26 [1/1] (0.72ns)   --->   "%k75_2 = add i10 %k75_1, i10 1" [/home/silvenchen/Desktop/DitBlock/WorkDCT/DitBlock/kernel.cpp:3599]   --->   Operation 26 'add' 'k75_2' <Predicate = true> <Delay = 0.72> <CoreInst = "Adder">   --->   Core 1 'Adder' <Latency = 0> <II = 1> <Delay = 0.72> <FuncUnit> <Opcode : 'add' 'sub'> <InPorts = 2> <OutPorts = 1>
ST_1 : Operation 27 [1/1] (0.00ns)   --->   "%br_ln3599 = br i1 %icmp_ln3599, void %V.i.i273276.case.0, void %for.end591.exitStub" [/home/silvenchen/Desktop/DitBlock/WorkDCT/DitBlock/kernel.cpp:3599]   --->   Operation 27 'br' 'br_ln3599' <Predicate = true> <Delay = 0.00>
ST_1 : Operation 28 [1/1] (0.38ns)   --->   "%store_ln3599 = store i10 %k75_2, i10 %k75" [/home/silvenchen/Desktop/DitBlock/WorkDCT/DitBlock/kernel.cpp:3599]   --->   Operation 28 'store' 'store_ln3599' <Predicate = (!icmp_ln3599)> <Delay = 0.38>
ST_1 : Operation 49 [1/1] (0.00ns)   --->   "%ret_ln0 = ret"   --->   Operation 49 'ret' 'ret_ln0' <Predicate = (icmp_ln3599)> <Delay = 0.00>

State 2 <SV = 1> <Delay = 1.43>
ST_2 : Operation 29 [1/1] (0.00ns)   --->   "%specpipeline_ln3601 = specpipeline void @_ssdm_op_SpecPipeline, i32 4294967295, i32 0, i32 0, i32 0, void @empty_219" [/home/silvenchen/Desktop/DitBlock/WorkDCT/DitBlock/kernel.cpp:3601]   --->   Operation 29 'specpipeline' 'specpipeline_ln3601' <Predicate = true> <Delay = 0.00>
ST_2 : Operation 30 [1/1] (0.00ns)   --->   "%speclooptripcount_ln3601 = speclooptripcount void @_ssdm_op_SpecLoopTripCount, i64 512, i64 512, i64 512" [/home/silvenchen/Desktop/DitBlock/WorkDCT/DitBlock/kernel.cpp:3601]   --->   Operation 30 'speclooptripcount' 'speclooptripcount_ln3601' <Predicate = true> <Delay = 0.00>
ST_2 : Operation 31 [1/1] (0.00ns)   --->   "%specloopname_ln3599 = specloopname void @_ssdm_op_SpecLoopName, void @empty_177" [/home/silvenchen/Desktop/DitBlock/WorkDCT/DitBlock/kernel.cpp:3599]   --->   Operation 31 'specloopname' 'specloopname_ln3599' <Predicate = true> <Delay = 0.00>
ST_2 : Operation 32 [1/1] (1.43ns)   --->   "%p_0 = read i32 @_ssdm_op_Read.ap_fifo.volatile.i32P0A, i32 %A_fifo1_8" [/home/silvenchen/Desktop/DitBlock/WorkDCT/DitBlock/kernel.cpp:3601]   --->   Operation 32 'read' 'p_0' <Predicate = true> <Delay = 1.43> <CoreInst = "FIFO_SRL">   --->   Core 81 'FIFO_SRL' <Latency = 0> <II = 1> <Delay = 1.43> <Storage> <Opcode : 'read' 'write' 'nbread' 'nbwrite'> <Ports = 0> <Width = 32> <Depth = 9> <FIFO>
ST_2 : Operation 33 [1/1] (1.43ns)   --->   "%p_015 = read i32 @_ssdm_op_Read.ap_fifo.volatile.i32P0A, i32 %A_fifo1_17" [/home/silvenchen/Desktop/DitBlock/WorkDCT/DitBlock/kernel.cpp:3601]   --->   Operation 33 'read' 'p_015' <Predicate = true> <Delay = 1.43> <CoreInst = "FIFO_SRL">   --->   Core 81 'FIFO_SRL' <Latency = 0> <II = 1> <Delay = 1.43> <Storage> <Opcode : 'read' 'write' 'nbread' 'nbwrite'> <Ports = 0> <Width = 32> <Depth = 9> <FIFO>
ST_2 : Operation 34 [1/1] (1.43ns)   --->   "%p_014 = read i32 @_ssdm_op_Read.ap_fifo.volatile.i32P0A, i32 %A_fifo1_26" [/home/silvenchen/Desktop/DitBlock/WorkDCT/DitBlock/kernel.cpp:3601]   --->   Operation 34 'read' 'p_014' <Predicate = true> <Delay = 1.43> <CoreInst = "FIFO_SRL">   --->   Core 81 'FIFO_SRL' <Latency = 0> <II = 1> <Delay = 1.43> <Storage> <Opcode : 'read' 'write' 'nbread' 'nbwrite'> <Ports = 0> <Width = 32> <Depth = 9> <FIFO>
ST_2 : Operation 35 [1/1] (1.43ns)   --->   "%p_013 = read i32 @_ssdm_op_Read.ap_fifo.volatile.i32P0A, i32 %A_fifo1_35" [/home/silvenchen/Desktop/DitBlock/WorkDCT/DitBlock/kernel.cpp:3601]   --->   Operation 35 'read' 'p_013' <Predicate = true> <Delay = 1.43> <CoreInst = "FIFO_SRL">   --->   Core 81 'FIFO_SRL' <Latency = 0> <II = 1> <Delay = 1.43> <Storage> <Opcode : 'read' 'write' 'nbread' 'nbwrite'> <Ports = 0> <Width = 32> <Depth = 9> <FIFO>
ST_2 : Operation 36 [1/1] (1.43ns)   --->   "%p_012 = read i32 @_ssdm_op_Read.ap_fifo.volatile.i32P0A, i32 %A_fifo1_44" [/home/silvenchen/Desktop/DitBlock/WorkDCT/DitBlock/kernel.cpp:3601]   --->   Operation 36 'read' 'p_012' <Predicate = true> <Delay = 1.43> <CoreInst = "FIFO_SRL">   --->   Core 81 'FIFO_SRL' <Latency = 0> <II = 1> <Delay = 1.43> <Storage> <Opcode : 'read' 'write' 'nbread' 'nbwrite'> <Ports = 0> <Width = 32> <Depth = 9> <FIFO>
ST_2 : Operation 37 [1/1] (1.43ns)   --->   "%p_011 = read i32 @_ssdm_op_Read.ap_fifo.volatile.i32P0A, i32 %A_fifo1_53" [/home/silvenchen/Desktop/DitBlock/WorkDCT/DitBlock/kernel.cpp:3601]   --->   Operation 37 'read' 'p_011' <Predicate = true> <Delay = 1.43> <CoreInst = "FIFO_SRL">   --->   Core 81 'FIFO_SRL' <Latency = 0> <II = 1> <Delay = 1.43> <Storage> <Opcode : 'read' 'write' 'nbread' 'nbwrite'> <Ports = 0> <Width = 32> <Depth = 9> <FIFO>
ST_2 : Operation 38 [1/1] (1.43ns)   --->   "%p_010 = read i32 @_ssdm_op_Read.ap_fifo.volatile.i32P0A, i32 %A_fifo1_62" [/home/silvenchen/Desktop/DitBlock/WorkDCT/DitBlock/kernel.cpp:3601]   --->   Operation 38 'read' 'p_010' <Predicate = true> <Delay = 1.43> <CoreInst = "FIFO_SRL">   --->   Core 81 'FIFO_SRL' <Latency = 0> <II = 1> <Delay = 1.43> <Storage> <Opcode : 'read' 'write' 'nbread' 'nbwrite'> <Ports = 0> <Width = 32> <Depth = 9> <FIFO>
ST_2 : Operation 39 [1/1] (1.43ns)   --->   "%p_09 = read i32 @_ssdm_op_Read.ap_fifo.volatile.i32P0A, i32 %A_fifo1_71" [/home/silvenchen/Desktop/DitBlock/WorkDCT/DitBlock/kernel.cpp:3601]   --->   Operation 39 'read' 'p_09' <Predicate = true> <Delay = 1.43> <CoreInst = "FIFO_SRL">   --->   Core 81 'FIFO_SRL' <Latency = 0> <II = 1> <Delay = 1.43> <Storage> <Opcode : 'read' 'write' 'nbread' 'nbwrite'> <Ports = 0> <Width = 32> <Depth = 9> <FIFO>
ST_2 : Operation 40 [1/1] (1.43ns)   --->   "%p_08 = read i32 @_ssdm_op_Read.ap_fifo.volatile.i32P0A, i32 %B_fifo1_8" [/home/silvenchen/Desktop/DitBlock/WorkDCT/DitBlock/kernel.cpp:3605]   --->   Operation 40 'read' 'p_08' <Predicate = true> <Delay = 1.43> <CoreInst = "FIFO_SRL">   --->   Core 81 'FIFO_SRL' <Latency = 0> <II = 1> <Delay = 1.43> <Storage> <Opcode : 'read' 'write' 'nbread' 'nbwrite'> <Ports = 0> <Width = 32> <Depth = 9> <FIFO>
ST_2 : Operation 41 [1/1] (1.43ns)   --->   "%p_07 = read i32 @_ssdm_op_Read.ap_fifo.volatile.i32P0A, i32 %B_fifo1_17" [/home/silvenchen/Desktop/DitBlock/WorkDCT/DitBlock/kernel.cpp:3605]   --->   Operation 41 'read' 'p_07' <Predicate = true> <Delay = 1.43> <CoreInst = "FIFO_SRL">   --->   Core 81 'FIFO_SRL' <Latency = 0> <II = 1> <Delay = 1.43> <Storage> <Opcode : 'read' 'write' 'nbread' 'nbwrite'> <Ports = 0> <Width = 32> <Depth = 9> <FIFO>
ST_2 : Operation 42 [1/1] (1.43ns)   --->   "%p_06 = read i32 @_ssdm_op_Read.ap_fifo.volatile.i32P0A, i32 %B_fifo1_26" [/home/silvenchen/Desktop/DitBlock/WorkDCT/DitBlock/kernel.cpp:3605]   --->   Operation 42 'read' 'p_06' <Predicate = true> <Delay = 1.43> <CoreInst = "FIFO_SRL">   --->   Core 81 'FIFO_SRL' <Latency = 0> <II = 1> <Delay = 1.43> <Storage> <Opcode : 'read' 'write' 'nbread' 'nbwrite'> <Ports = 0> <Width = 32> <Depth = 9> <FIFO>
ST_2 : Operation 43 [1/1] (1.43ns)   --->   "%p_05 = read i32 @_ssdm_op_Read.ap_fifo.volatile.i32P0A, i32 %B_fifo1_35" [/home/silvenchen/Desktop/DitBlock/WorkDCT/DitBlock/kernel.cpp:3605]   --->   Operation 43 'read' 'p_05' <Predicate = true> <Delay = 1.43> <CoreInst = "FIFO_SRL">   --->   Core 81 'FIFO_SRL' <Latency = 0> <II = 1> <Delay = 1.43> <Storage> <Opcode : 'read' 'write' 'nbread' 'nbwrite'> <Ports = 0> <Width = 32> <Depth = 9> <FIFO>
ST_2 : Operation 44 [1/1] (1.43ns)   --->   "%p_04 = read i32 @_ssdm_op_Read.ap_fifo.volatile.i32P0A, i32 %B_fifo1_44" [/home/silvenchen/Desktop/DitBlock/WorkDCT/DitBlock/kernel.cpp:3605]   --->   Operation 44 'read' 'p_04' <Predicate = true> <Delay = 1.43> <CoreInst = "FIFO_SRL">   --->   Core 81 'FIFO_SRL' <Latency = 0> <II = 1> <Delay = 1.43> <Storage> <Opcode : 'read' 'write' 'nbread' 'nbwrite'> <Ports = 0> <Width = 32> <Depth = 9> <FIFO>
ST_2 : Operation 45 [1/1] (1.43ns)   --->   "%p_03 = read i32 @_ssdm_op_Read.ap_fifo.volatile.i32P0A, i32 %B_fifo1_53" [/home/silvenchen/Desktop/DitBlock/WorkDCT/DitBlock/kernel.cpp:3605]   --->   Operation 45 'read' 'p_03' <Predicate = true> <Delay = 1.43> <CoreInst = "FIFO_SRL">   --->   Core 81 'FIFO_SRL' <Latency = 0> <II = 1> <Delay = 1.43> <Storage> <Opcode : 'read' 'write' 'nbread' 'nbwrite'> <Ports = 0> <Width = 32> <Depth = 9> <FIFO>
ST_2 : Operation 46 [1/1] (1.43ns)   --->   "%p_02 = read i32 @_ssdm_op_Read.ap_fifo.volatile.i32P0A, i32 %B_fifo1_62" [/home/silvenchen/Desktop/DitBlock/WorkDCT/DitBlock/kernel.cpp:3605]   --->   Operation 46 'read' 'p_02' <Predicate = true> <Delay = 1.43> <CoreInst = "FIFO_SRL">   --->   Core 81 'FIFO_SRL' <Latency = 0> <II = 1> <Delay = 1.43> <Storage> <Opcode : 'read' 'write' 'nbread' 'nbwrite'> <Ports = 0> <Width = 32> <Depth = 9> <FIFO>
ST_2 : Operation 47 [1/1] (1.43ns)   --->   "%p_01 = read i32 @_ssdm_op_Read.ap_fifo.volatile.i32P0A, i32 %B_fifo1_71" [/home/silvenchen/Desktop/DitBlock/WorkDCT/DitBlock/kernel.cpp:3605]   --->   Operation 47 'read' 'p_01' <Predicate = true> <Delay = 1.43> <CoreInst = "FIFO_SRL">   --->   Core 81 'FIFO_SRL' <Latency = 0> <II = 1> <Delay = 1.43> <Storage> <Opcode : 'read' 'write' 'nbread' 'nbwrite'> <Ports = 0> <Width = 32> <Depth = 9> <FIFO>
ST_2 : Operation 48 [1/1] (0.00ns)   --->   "%br_ln3599 = br void %for.cond560" [/home/silvenchen/Desktop/DitBlock/WorkDCT/DitBlock/kernel.cpp:3599]   --->   Operation 48 'br' 'br_ln3599' <Predicate = true> <Delay = 0.00>


============================================================
+ Verbose Summary: Timing violations
============================================================
Target clock period: 10.000ns, clock uncertainty: 2.700ns.

 <State 1>: 1.499ns
The critical path consists of the following:
	'store' operation 0 bit ('store_ln3599', /home/silvenchen/Desktop/DitBlock/WorkDCT/DitBlock/kernel.cpp:3599) of constant 0 on local variable 'k75', /home/silvenchen/Desktop/DitBlock/WorkDCT/DitBlock/kernel.cpp:3599 [34]  (0.387 ns)
	'load' operation 10 bit ('k75', /home/silvenchen/Desktop/DitBlock/WorkDCT/DitBlock/kernel.cpp:3599) on local variable 'k75', /home/silvenchen/Desktop/DitBlock/WorkDCT/DitBlock/kernel.cpp:3599 [37]  (0.000 ns)
	'add' operation 10 bit ('k75', /home/silvenchen/Desktop/DitBlock/WorkDCT/DitBlock/kernel.cpp:3599) [39]  (0.725 ns)
	'store' operation 0 bit ('store_ln3599', /home/silvenchen/Desktop/DitBlock/WorkDCT/DitBlock/kernel.cpp:3599) of variable 'k75', /home/silvenchen/Desktop/DitBlock/WorkDCT/DitBlock/kernel.cpp:3599 on local variable 'k75', /home/silvenchen/Desktop/DitBlock/WorkDCT/DitBlock/kernel.cpp:3599 [61]  (0.387 ns)

 <State 2>: 1.432ns
The critical path consists of the following:
	fifo read operation ('p_0', /home/silvenchen/Desktop/DitBlock/WorkDCT/DitBlock/kernel.cpp:3601) on port 'A_fifo1_8' (/home/silvenchen/Desktop/DitBlock/WorkDCT/DitBlock/kernel.cpp:3601) [45]  (1.432 ns)


============================================================
+ Verbose Summary: Binding
============================================================
N/A
* FSMD analyzer results:
  - Output states:
 - Input state : 
  - Chain level:
	State 1
	State 2


============================================================
+ Verbose Summary: Datapath Resource usage 
============================================================
N/A
