

================================================================
== Vitis HLS Report for 'systolic_Q'
================================================================
* Date:           Wed Feb  5 22:34:15 2025

* Version:        2023.2 (Build 4023990 on Oct 11 2023)
* Project:        DitBlock
* Solution:       hls (Vivado IP Flow Target)
* Product family: virtexuplusHBM
* Target device:  xcu280-fsvh2892-2L-e


================================================================
== Performance Estimates
================================================================
+ Timing: 
    * Summary: 
    +--------+----------+----------+------------+
    |  Clock |  Target  | Estimated| Uncertainty|
    +--------+----------+----------+------------+
    |ap_clk  |  10.00 ns|  6.536 ns|     2.70 ns|
    +--------+----------+----------+------------+

+ Latency: 
    * Summary: 
    +----------+----------+-----------+-----------+----------+----------+---------+
    |   Latency (cycles)  |   Latency (absolute)  |       Interval      | Pipeline|
    |    min   |    max   |    min    |    max    |    min   |    max   |   Type  |
    +----------+----------+-----------+-----------+----------+----------+---------+
    |  42713089|  42713089|  0.427 sec|  0.427 sec|  42713089|  42713089|       no|
    +----------+----------+-----------+-----------+----------+----------+---------+

    + Detail: 
        * Instance: 
        N/A

        * Loop: 
        +--------------------------+----------+----------+----------+-----------+-----------+------+----------+
        |                          |   Latency (cycles)  | Iteration|  Initiation Interval  | Trip |          |
        |         Loop Name        |    min   |    max   |  Latency |  achieved |   target  | Count| Pipelined|
        +--------------------------+----------+----------+----------+-----------+-----------+------+----------+
        |- l_outer_tile_mi1_l_ni1  |  42713088|  42713088|      5214|          -|          -|  8192|        no|
        +--------------------------+----------+----------+----------+-----------+-----------+------+----------+

============================================================
+ Verbose Summary: Synthesis Manager
============================================================
InlineROM: 1
ExposeGlobal: 0
============================================================
+ Verbose Summary: CDFG Model
============================================================
IsTopModel: 0
ResetActiveHigh: 1
IsCombinational: 0
IsDatapathOnly: 0
HasWiredReturn: 1
HasMFsm: 0
HasVarLatency: 1
IsPipeline: 0
IsRtlPipelined: 0
IsInstanceOverlapped: 0
IsDontTouch: 0
HasImplIP: 0
IsGatedGlobalClock: 0


============================================================
+ Verbose Summary: Schedule
============================================================
* Number of FSM states : 7
* Pipeline : 0
* Dataflow Pipeline: 0

* FSM state transitions: 
1 --> 2 
2 --> 3 
3 --> 4 
4 --> 5 
5 --> 6 
6 --> 7 
7 --> 2 

* FSM state operations: 

State 1 <SV = 0> <Delay = 0.38>
ST_1 : Operation 8 [1/1] (0.00ns)   --->   "%ni1 = alloca i32 1" [/home/silvenchen/Desktop/DitBlock/WorkDCT/DitBlock/kernel.cpp:3627]   --->   Operation 8 'alloca' 'ni1' <Predicate = true> <Delay = 0.00>
ST_1 : Operation 9 [1/1] (0.00ns)   --->   "%mi1 = alloca i32 1" [/home/silvenchen/Desktop/DitBlock/WorkDCT/DitBlock/kernel.cpp:3626]   --->   Operation 9 'alloca' 'mi1' <Predicate = true> <Delay = 0.00>
ST_1 : Operation 10 [1/1] (0.00ns)   --->   "%indvar_flatten20 = alloca i32 1"   --->   Operation 10 'alloca' 'indvar_flatten20' <Predicate = true> <Delay = 0.00>
ST_1 : Operation 11 [1/1] (0.00ns)   --->   "%specmemcore_ln0 = specmemcore void @_ssdm_op_SpecMemCore, i32 %v1932, i64 666, i64 24, i64 18446744073709551615"   --->   Operation 11 'specmemcore' 'specmemcore_ln0' <Predicate = true> <Delay = 0.00>
ST_1 : Operation 12 [1/1] (0.00ns)   --->   "%specmemcore_ln0 = specmemcore void @_ssdm_op_SpecMemCore, i32 %v1933, i64 666, i64 24, i64 18446744073709551615"   --->   Operation 12 'specmemcore' 'specmemcore_ln0' <Predicate = true> <Delay = 0.00>
ST_1 : Operation 13 [1/1] (0.00ns)   --->   "%specmemcore_ln0 = specmemcore void @_ssdm_op_SpecMemCore, i32 %v1931, i64 666, i64 24, i64 18446744073709551615"   --->   Operation 13 'specmemcore' 'specmemcore_ln0' <Predicate = true> <Delay = 0.00>
ST_1 : Operation 14 [1/1] (0.00ns)   --->   "%local_A1 = alloca i64 1" [/home/silvenchen/Desktop/DitBlock/WorkDCT/DitBlock/kernel.cpp:3616]   --->   Operation 14 'alloca' 'local_A1' <Predicate = true> <Delay = 0.00>
ST_1 : Operation 15 [1/1] (0.00ns)   --->   "%local_A1_1 = alloca i64 1" [/home/silvenchen/Desktop/DitBlock/WorkDCT/DitBlock/kernel.cpp:3616]   --->   Operation 15 'alloca' 'local_A1_1' <Predicate = true> <Delay = 0.00>
ST_1 : Operation 16 [1/1] (0.00ns)   --->   "%local_A1_2 = alloca i64 1" [/home/silvenchen/Desktop/DitBlock/WorkDCT/DitBlock/kernel.cpp:3616]   --->   Operation 16 'alloca' 'local_A1_2' <Predicate = true> <Delay = 0.00>
ST_1 : Operation 17 [1/1] (0.00ns)   --->   "%local_A1_3 = alloca i64 1" [/home/silvenchen/Desktop/DitBlock/WorkDCT/DitBlock/kernel.cpp:3616]   --->   Operation 17 'alloca' 'local_A1_3' <Predicate = true> <Delay = 0.00>
ST_1 : Operation 18 [1/1] (0.00ns)   --->   "%local_A1_4 = alloca i64 1" [/home/silvenchen/Desktop/DitBlock/WorkDCT/DitBlock/kernel.cpp:3616]   --->   Operation 18 'alloca' 'local_A1_4' <Predicate = true> <Delay = 0.00>
ST_1 : Operation 19 [1/1] (0.00ns)   --->   "%local_A1_5 = alloca i64 1" [/home/silvenchen/Desktop/DitBlock/WorkDCT/DitBlock/kernel.cpp:3616]   --->   Operation 19 'alloca' 'local_A1_5' <Predicate = true> <Delay = 0.00>
ST_1 : Operation 20 [1/1] (0.00ns)   --->   "%local_A1_6 = alloca i64 1" [/home/silvenchen/Desktop/DitBlock/WorkDCT/DitBlock/kernel.cpp:3616]   --->   Operation 20 'alloca' 'local_A1_6' <Predicate = true> <Delay = 0.00>
ST_1 : Operation 21 [1/1] (0.00ns)   --->   "%local_A1_7 = alloca i64 1" [/home/silvenchen/Desktop/DitBlock/WorkDCT/DitBlock/kernel.cpp:3616]   --->   Operation 21 'alloca' 'local_A1_7' <Predicate = true> <Delay = 0.00>
ST_1 : Operation 22 [1/1] (0.00ns)   --->   "%local_B1 = alloca i64 1" [/home/silvenchen/Desktop/DitBlock/WorkDCT/DitBlock/kernel.cpp:3619]   --->   Operation 22 'alloca' 'local_B1' <Predicate = true> <Delay = 0.00>
ST_1 : Operation 23 [1/1] (0.00ns)   --->   "%local_B1_1 = alloca i64 1" [/home/silvenchen/Desktop/DitBlock/WorkDCT/DitBlock/kernel.cpp:3619]   --->   Operation 23 'alloca' 'local_B1_1' <Predicate = true> <Delay = 0.00>
ST_1 : Operation 24 [1/1] (0.00ns)   --->   "%local_B1_2 = alloca i64 1" [/home/silvenchen/Desktop/DitBlock/WorkDCT/DitBlock/kernel.cpp:3619]   --->   Operation 24 'alloca' 'local_B1_2' <Predicate = true> <Delay = 0.00>
ST_1 : Operation 25 [1/1] (0.00ns)   --->   "%local_B1_3 = alloca i64 1" [/home/silvenchen/Desktop/DitBlock/WorkDCT/DitBlock/kernel.cpp:3619]   --->   Operation 25 'alloca' 'local_B1_3' <Predicate = true> <Delay = 0.00>
ST_1 : Operation 26 [1/1] (0.00ns)   --->   "%local_B1_4 = alloca i64 1" [/home/silvenchen/Desktop/DitBlock/WorkDCT/DitBlock/kernel.cpp:3619]   --->   Operation 26 'alloca' 'local_B1_4' <Predicate = true> <Delay = 0.00>
ST_1 : Operation 27 [1/1] (0.00ns)   --->   "%local_B1_5 = alloca i64 1" [/home/silvenchen/Desktop/DitBlock/WorkDCT/DitBlock/kernel.cpp:3619]   --->   Operation 27 'alloca' 'local_B1_5' <Predicate = true> <Delay = 0.00>
ST_1 : Operation 28 [1/1] (0.00ns)   --->   "%local_B1_6 = alloca i64 1" [/home/silvenchen/Desktop/DitBlock/WorkDCT/DitBlock/kernel.cpp:3619]   --->   Operation 28 'alloca' 'local_B1_6' <Predicate = true> <Delay = 0.00>
ST_1 : Operation 29 [1/1] (0.00ns)   --->   "%local_B1_7 = alloca i64 1" [/home/silvenchen/Desktop/DitBlock/WorkDCT/DitBlock/kernel.cpp:3619]   --->   Operation 29 'alloca' 'local_B1_7' <Predicate = true> <Delay = 0.00>
ST_1 : Operation 30 [1/1] (0.00ns)   --->   "%local_C1 = alloca i64 1" [/home/silvenchen/Desktop/DitBlock/WorkDCT/DitBlock/kernel.cpp:3622]   --->   Operation 30 'alloca' 'local_C1' <Predicate = true> <Delay = 0.00>
ST_1 : Operation 31 [1/1] (0.00ns)   --->   "%local_C1_1 = alloca i64 1" [/home/silvenchen/Desktop/DitBlock/WorkDCT/DitBlock/kernel.cpp:3622]   --->   Operation 31 'alloca' 'local_C1_1' <Predicate = true> <Delay = 0.00>
ST_1 : Operation 32 [1/1] (0.00ns)   --->   "%local_C1_2 = alloca i64 1" [/home/silvenchen/Desktop/DitBlock/WorkDCT/DitBlock/kernel.cpp:3622]   --->   Operation 32 'alloca' 'local_C1_2' <Predicate = true> <Delay = 0.00>
ST_1 : Operation 33 [1/1] (0.00ns)   --->   "%local_C1_3 = alloca i64 1" [/home/silvenchen/Desktop/DitBlock/WorkDCT/DitBlock/kernel.cpp:3622]   --->   Operation 33 'alloca' 'local_C1_3' <Predicate = true> <Delay = 0.00>
ST_1 : Operation 34 [1/1] (0.00ns)   --->   "%local_C1_4 = alloca i64 1" [/home/silvenchen/Desktop/DitBlock/WorkDCT/DitBlock/kernel.cpp:3622]   --->   Operation 34 'alloca' 'local_C1_4' <Predicate = true> <Delay = 0.00>
ST_1 : Operation 35 [1/1] (0.00ns)   --->   "%local_C1_5 = alloca i64 1" [/home/silvenchen/Desktop/DitBlock/WorkDCT/DitBlock/kernel.cpp:3622]   --->   Operation 35 'alloca' 'local_C1_5' <Predicate = true> <Delay = 0.00>
ST_1 : Operation 36 [1/1] (0.00ns)   --->   "%local_C1_6 = alloca i64 1" [/home/silvenchen/Desktop/DitBlock/WorkDCT/DitBlock/kernel.cpp:3622]   --->   Operation 36 'alloca' 'local_C1_6' <Predicate = true> <Delay = 0.00>
ST_1 : Operation 37 [1/1] (0.00ns)   --->   "%local_C1_7 = alloca i64 1" [/home/silvenchen/Desktop/DitBlock/WorkDCT/DitBlock/kernel.cpp:3622]   --->   Operation 37 'alloca' 'local_C1_7' <Predicate = true> <Delay = 0.00>
ST_1 : Operation 38 [1/1] (0.00ns)   --->   "%local_C1_8 = alloca i64 1" [/home/silvenchen/Desktop/DitBlock/WorkDCT/DitBlock/kernel.cpp:3622]   --->   Operation 38 'alloca' 'local_C1_8' <Predicate = true> <Delay = 0.00>
ST_1 : Operation 39 [1/1] (0.00ns)   --->   "%local_C1_9 = alloca i64 1" [/home/silvenchen/Desktop/DitBlock/WorkDCT/DitBlock/kernel.cpp:3622]   --->   Operation 39 'alloca' 'local_C1_9' <Predicate = true> <Delay = 0.00>
ST_1 : Operation 40 [1/1] (0.00ns)   --->   "%local_C1_10 = alloca i64 1" [/home/silvenchen/Desktop/DitBlock/WorkDCT/DitBlock/kernel.cpp:3622]   --->   Operation 40 'alloca' 'local_C1_10' <Predicate = true> <Delay = 0.00>
ST_1 : Operation 41 [1/1] (0.00ns)   --->   "%local_C1_11 = alloca i64 1" [/home/silvenchen/Desktop/DitBlock/WorkDCT/DitBlock/kernel.cpp:3622]   --->   Operation 41 'alloca' 'local_C1_11' <Predicate = true> <Delay = 0.00>
ST_1 : Operation 42 [1/1] (0.00ns)   --->   "%local_C1_12 = alloca i64 1" [/home/silvenchen/Desktop/DitBlock/WorkDCT/DitBlock/kernel.cpp:3622]   --->   Operation 42 'alloca' 'local_C1_12' <Predicate = true> <Delay = 0.00>
ST_1 : Operation 43 [1/1] (0.00ns)   --->   "%local_C1_13 = alloca i64 1" [/home/silvenchen/Desktop/DitBlock/WorkDCT/DitBlock/kernel.cpp:3622]   --->   Operation 43 'alloca' 'local_C1_13' <Predicate = true> <Delay = 0.00>
ST_1 : Operation 44 [1/1] (0.00ns)   --->   "%local_C1_14 = alloca i64 1" [/home/silvenchen/Desktop/DitBlock/WorkDCT/DitBlock/kernel.cpp:3622]   --->   Operation 44 'alloca' 'local_C1_14' <Predicate = true> <Delay = 0.00>
ST_1 : Operation 45 [1/1] (0.00ns)   --->   "%local_C1_15 = alloca i64 1" [/home/silvenchen/Desktop/DitBlock/WorkDCT/DitBlock/kernel.cpp:3622]   --->   Operation 45 'alloca' 'local_C1_15' <Predicate = true> <Delay = 0.00>
ST_1 : Operation 46 [1/1] (0.00ns)   --->   "%local_C1_16 = alloca i64 1" [/home/silvenchen/Desktop/DitBlock/WorkDCT/DitBlock/kernel.cpp:3622]   --->   Operation 46 'alloca' 'local_C1_16' <Predicate = true> <Delay = 0.00>
ST_1 : Operation 47 [1/1] (0.00ns)   --->   "%local_C1_17 = alloca i64 1" [/home/silvenchen/Desktop/DitBlock/WorkDCT/DitBlock/kernel.cpp:3622]   --->   Operation 47 'alloca' 'local_C1_17' <Predicate = true> <Delay = 0.00>
ST_1 : Operation 48 [1/1] (0.00ns)   --->   "%local_C1_18 = alloca i64 1" [/home/silvenchen/Desktop/DitBlock/WorkDCT/DitBlock/kernel.cpp:3622]   --->   Operation 48 'alloca' 'local_C1_18' <Predicate = true> <Delay = 0.00>
ST_1 : Operation 49 [1/1] (0.00ns)   --->   "%local_C1_19 = alloca i64 1" [/home/silvenchen/Desktop/DitBlock/WorkDCT/DitBlock/kernel.cpp:3622]   --->   Operation 49 'alloca' 'local_C1_19' <Predicate = true> <Delay = 0.00>
ST_1 : Operation 50 [1/1] (0.00ns)   --->   "%local_C1_20 = alloca i64 1" [/home/silvenchen/Desktop/DitBlock/WorkDCT/DitBlock/kernel.cpp:3622]   --->   Operation 50 'alloca' 'local_C1_20' <Predicate = true> <Delay = 0.00>
ST_1 : Operation 51 [1/1] (0.00ns)   --->   "%local_C1_21 = alloca i64 1" [/home/silvenchen/Desktop/DitBlock/WorkDCT/DitBlock/kernel.cpp:3622]   --->   Operation 51 'alloca' 'local_C1_21' <Predicate = true> <Delay = 0.00>
ST_1 : Operation 52 [1/1] (0.00ns)   --->   "%local_C1_22 = alloca i64 1" [/home/silvenchen/Desktop/DitBlock/WorkDCT/DitBlock/kernel.cpp:3622]   --->   Operation 52 'alloca' 'local_C1_22' <Predicate = true> <Delay = 0.00>
ST_1 : Operation 53 [1/1] (0.00ns)   --->   "%local_C1_23 = alloca i64 1" [/home/silvenchen/Desktop/DitBlock/WorkDCT/DitBlock/kernel.cpp:3622]   --->   Operation 53 'alloca' 'local_C1_23' <Predicate = true> <Delay = 0.00>
ST_1 : Operation 54 [1/1] (0.00ns)   --->   "%local_C1_24 = alloca i64 1" [/home/silvenchen/Desktop/DitBlock/WorkDCT/DitBlock/kernel.cpp:3622]   --->   Operation 54 'alloca' 'local_C1_24' <Predicate = true> <Delay = 0.00>
ST_1 : Operation 55 [1/1] (0.00ns)   --->   "%local_C1_25 = alloca i64 1" [/home/silvenchen/Desktop/DitBlock/WorkDCT/DitBlock/kernel.cpp:3622]   --->   Operation 55 'alloca' 'local_C1_25' <Predicate = true> <Delay = 0.00>
ST_1 : Operation 56 [1/1] (0.00ns)   --->   "%local_C1_26 = alloca i64 1" [/home/silvenchen/Desktop/DitBlock/WorkDCT/DitBlock/kernel.cpp:3622]   --->   Operation 56 'alloca' 'local_C1_26' <Predicate = true> <Delay = 0.00>
ST_1 : Operation 57 [1/1] (0.00ns)   --->   "%local_C1_27 = alloca i64 1" [/home/silvenchen/Desktop/DitBlock/WorkDCT/DitBlock/kernel.cpp:3622]   --->   Operation 57 'alloca' 'local_C1_27' <Predicate = true> <Delay = 0.00>
ST_1 : Operation 58 [1/1] (0.00ns)   --->   "%local_C1_28 = alloca i64 1" [/home/silvenchen/Desktop/DitBlock/WorkDCT/DitBlock/kernel.cpp:3622]   --->   Operation 58 'alloca' 'local_C1_28' <Predicate = true> <Delay = 0.00>
ST_1 : Operation 59 [1/1] (0.00ns)   --->   "%local_C1_29 = alloca i64 1" [/home/silvenchen/Desktop/DitBlock/WorkDCT/DitBlock/kernel.cpp:3622]   --->   Operation 59 'alloca' 'local_C1_29' <Predicate = true> <Delay = 0.00>
ST_1 : Operation 60 [1/1] (0.00ns)   --->   "%local_C1_30 = alloca i64 1" [/home/silvenchen/Desktop/DitBlock/WorkDCT/DitBlock/kernel.cpp:3622]   --->   Operation 60 'alloca' 'local_C1_30' <Predicate = true> <Delay = 0.00>
ST_1 : Operation 61 [1/1] (0.00ns)   --->   "%local_C1_31 = alloca i64 1" [/home/silvenchen/Desktop/DitBlock/WorkDCT/DitBlock/kernel.cpp:3622]   --->   Operation 61 'alloca' 'local_C1_31' <Predicate = true> <Delay = 0.00>
ST_1 : Operation 62 [1/1] (0.00ns)   --->   "%local_C1_32 = alloca i64 1" [/home/silvenchen/Desktop/DitBlock/WorkDCT/DitBlock/kernel.cpp:3622]   --->   Operation 62 'alloca' 'local_C1_32' <Predicate = true> <Delay = 0.00>
ST_1 : Operation 63 [1/1] (0.00ns)   --->   "%local_C1_33 = alloca i64 1" [/home/silvenchen/Desktop/DitBlock/WorkDCT/DitBlock/kernel.cpp:3622]   --->   Operation 63 'alloca' 'local_C1_33' <Predicate = true> <Delay = 0.00>
ST_1 : Operation 64 [1/1] (0.00ns)   --->   "%local_C1_34 = alloca i64 1" [/home/silvenchen/Desktop/DitBlock/WorkDCT/DitBlock/kernel.cpp:3622]   --->   Operation 64 'alloca' 'local_C1_34' <Predicate = true> <Delay = 0.00>
ST_1 : Operation 65 [1/1] (0.00ns)   --->   "%local_C1_35 = alloca i64 1" [/home/silvenchen/Desktop/DitBlock/WorkDCT/DitBlock/kernel.cpp:3622]   --->   Operation 65 'alloca' 'local_C1_35' <Predicate = true> <Delay = 0.00>
ST_1 : Operation 66 [1/1] (0.00ns)   --->   "%local_C1_36 = alloca i64 1" [/home/silvenchen/Desktop/DitBlock/WorkDCT/DitBlock/kernel.cpp:3622]   --->   Operation 66 'alloca' 'local_C1_36' <Predicate = true> <Delay = 0.00>
ST_1 : Operation 67 [1/1] (0.00ns)   --->   "%local_C1_37 = alloca i64 1" [/home/silvenchen/Desktop/DitBlock/WorkDCT/DitBlock/kernel.cpp:3622]   --->   Operation 67 'alloca' 'local_C1_37' <Predicate = true> <Delay = 0.00>
ST_1 : Operation 68 [1/1] (0.00ns)   --->   "%local_C1_38 = alloca i64 1" [/home/silvenchen/Desktop/DitBlock/WorkDCT/DitBlock/kernel.cpp:3622]   --->   Operation 68 'alloca' 'local_C1_38' <Predicate = true> <Delay = 0.00>
ST_1 : Operation 69 [1/1] (0.00ns)   --->   "%local_C1_39 = alloca i64 1" [/home/silvenchen/Desktop/DitBlock/WorkDCT/DitBlock/kernel.cpp:3622]   --->   Operation 69 'alloca' 'local_C1_39' <Predicate = true> <Delay = 0.00>
ST_1 : Operation 70 [1/1] (0.00ns)   --->   "%local_C1_40 = alloca i64 1" [/home/silvenchen/Desktop/DitBlock/WorkDCT/DitBlock/kernel.cpp:3622]   --->   Operation 70 'alloca' 'local_C1_40' <Predicate = true> <Delay = 0.00>
ST_1 : Operation 71 [1/1] (0.00ns)   --->   "%local_C1_41 = alloca i64 1" [/home/silvenchen/Desktop/DitBlock/WorkDCT/DitBlock/kernel.cpp:3622]   --->   Operation 71 'alloca' 'local_C1_41' <Predicate = true> <Delay = 0.00>
ST_1 : Operation 72 [1/1] (0.00ns)   --->   "%local_C1_42 = alloca i64 1" [/home/silvenchen/Desktop/DitBlock/WorkDCT/DitBlock/kernel.cpp:3622]   --->   Operation 72 'alloca' 'local_C1_42' <Predicate = true> <Delay = 0.00>
ST_1 : Operation 73 [1/1] (0.00ns)   --->   "%local_C1_43 = alloca i64 1" [/home/silvenchen/Desktop/DitBlock/WorkDCT/DitBlock/kernel.cpp:3622]   --->   Operation 73 'alloca' 'local_C1_43' <Predicate = true> <Delay = 0.00>
ST_1 : Operation 74 [1/1] (0.00ns)   --->   "%local_C1_44 = alloca i64 1" [/home/silvenchen/Desktop/DitBlock/WorkDCT/DitBlock/kernel.cpp:3622]   --->   Operation 74 'alloca' 'local_C1_44' <Predicate = true> <Delay = 0.00>
ST_1 : Operation 75 [1/1] (0.00ns)   --->   "%local_C1_45 = alloca i64 1" [/home/silvenchen/Desktop/DitBlock/WorkDCT/DitBlock/kernel.cpp:3622]   --->   Operation 75 'alloca' 'local_C1_45' <Predicate = true> <Delay = 0.00>
ST_1 : Operation 76 [1/1] (0.00ns)   --->   "%local_C1_46 = alloca i64 1" [/home/silvenchen/Desktop/DitBlock/WorkDCT/DitBlock/kernel.cpp:3622]   --->   Operation 76 'alloca' 'local_C1_46' <Predicate = true> <Delay = 0.00>
ST_1 : Operation 77 [1/1] (0.00ns)   --->   "%local_C1_47 = alloca i64 1" [/home/silvenchen/Desktop/DitBlock/WorkDCT/DitBlock/kernel.cpp:3622]   --->   Operation 77 'alloca' 'local_C1_47' <Predicate = true> <Delay = 0.00>
ST_1 : Operation 78 [1/1] (0.00ns)   --->   "%local_C1_48 = alloca i64 1" [/home/silvenchen/Desktop/DitBlock/WorkDCT/DitBlock/kernel.cpp:3622]   --->   Operation 78 'alloca' 'local_C1_48' <Predicate = true> <Delay = 0.00>
ST_1 : Operation 79 [1/1] (0.00ns)   --->   "%local_C1_49 = alloca i64 1" [/home/silvenchen/Desktop/DitBlock/WorkDCT/DitBlock/kernel.cpp:3622]   --->   Operation 79 'alloca' 'local_C1_49' <Predicate = true> <Delay = 0.00>
ST_1 : Operation 80 [1/1] (0.00ns)   --->   "%local_C1_50 = alloca i64 1" [/home/silvenchen/Desktop/DitBlock/WorkDCT/DitBlock/kernel.cpp:3622]   --->   Operation 80 'alloca' 'local_C1_50' <Predicate = true> <Delay = 0.00>
ST_1 : Operation 81 [1/1] (0.00ns)   --->   "%local_C1_51 = alloca i64 1" [/home/silvenchen/Desktop/DitBlock/WorkDCT/DitBlock/kernel.cpp:3622]   --->   Operation 81 'alloca' 'local_C1_51' <Predicate = true> <Delay = 0.00>
ST_1 : Operation 82 [1/1] (0.00ns)   --->   "%local_C1_52 = alloca i64 1" [/home/silvenchen/Desktop/DitBlock/WorkDCT/DitBlock/kernel.cpp:3622]   --->   Operation 82 'alloca' 'local_C1_52' <Predicate = true> <Delay = 0.00>
ST_1 : Operation 83 [1/1] (0.00ns)   --->   "%local_C1_53 = alloca i64 1" [/home/silvenchen/Desktop/DitBlock/WorkDCT/DitBlock/kernel.cpp:3622]   --->   Operation 83 'alloca' 'local_C1_53' <Predicate = true> <Delay = 0.00>
ST_1 : Operation 84 [1/1] (0.00ns)   --->   "%local_C1_54 = alloca i64 1" [/home/silvenchen/Desktop/DitBlock/WorkDCT/DitBlock/kernel.cpp:3622]   --->   Operation 84 'alloca' 'local_C1_54' <Predicate = true> <Delay = 0.00>
ST_1 : Operation 85 [1/1] (0.00ns)   --->   "%local_C1_55 = alloca i64 1" [/home/silvenchen/Desktop/DitBlock/WorkDCT/DitBlock/kernel.cpp:3622]   --->   Operation 85 'alloca' 'local_C1_55' <Predicate = true> <Delay = 0.00>
ST_1 : Operation 86 [1/1] (0.00ns)   --->   "%local_C1_56 = alloca i64 1" [/home/silvenchen/Desktop/DitBlock/WorkDCT/DitBlock/kernel.cpp:3622]   --->   Operation 86 'alloca' 'local_C1_56' <Predicate = true> <Delay = 0.00>
ST_1 : Operation 87 [1/1] (0.00ns)   --->   "%local_C1_57 = alloca i64 1" [/home/silvenchen/Desktop/DitBlock/WorkDCT/DitBlock/kernel.cpp:3622]   --->   Operation 87 'alloca' 'local_C1_57' <Predicate = true> <Delay = 0.00>
ST_1 : Operation 88 [1/1] (0.00ns)   --->   "%local_C1_58 = alloca i64 1" [/home/silvenchen/Desktop/DitBlock/WorkDCT/DitBlock/kernel.cpp:3622]   --->   Operation 88 'alloca' 'local_C1_58' <Predicate = true> <Delay = 0.00>
ST_1 : Operation 89 [1/1] (0.00ns)   --->   "%local_C1_59 = alloca i64 1" [/home/silvenchen/Desktop/DitBlock/WorkDCT/DitBlock/kernel.cpp:3622]   --->   Operation 89 'alloca' 'local_C1_59' <Predicate = true> <Delay = 0.00>
ST_1 : Operation 90 [1/1] (0.00ns)   --->   "%local_C1_60 = alloca i64 1" [/home/silvenchen/Desktop/DitBlock/WorkDCT/DitBlock/kernel.cpp:3622]   --->   Operation 90 'alloca' 'local_C1_60' <Predicate = true> <Delay = 0.00>
ST_1 : Operation 91 [1/1] (0.00ns)   --->   "%local_C1_61 = alloca i64 1" [/home/silvenchen/Desktop/DitBlock/WorkDCT/DitBlock/kernel.cpp:3622]   --->   Operation 91 'alloca' 'local_C1_61' <Predicate = true> <Delay = 0.00>
ST_1 : Operation 92 [1/1] (0.00ns)   --->   "%local_C1_62 = alloca i64 1" [/home/silvenchen/Desktop/DitBlock/WorkDCT/DitBlock/kernel.cpp:3622]   --->   Operation 92 'alloca' 'local_C1_62' <Predicate = true> <Delay = 0.00>
ST_1 : Operation 93 [1/1] (0.00ns)   --->   "%local_C1_63 = alloca i64 1" [/home/silvenchen/Desktop/DitBlock/WorkDCT/DitBlock/kernel.cpp:3622]   --->   Operation 93 'alloca' 'local_C1_63' <Predicate = true> <Delay = 0.00>
ST_1 : Operation 94 [1/1] (0.38ns)   --->   "%store_ln0 = store i14 0, i14 %indvar_flatten20"   --->   Operation 94 'store' 'store_ln0' <Predicate = true> <Delay = 0.38>
ST_1 : Operation 95 [1/1] (0.38ns)   --->   "%store_ln3626 = store i8 0, i8 %mi1" [/home/silvenchen/Desktop/DitBlock/WorkDCT/DitBlock/kernel.cpp:3626]   --->   Operation 95 'store' 'store_ln3626' <Predicate = true> <Delay = 0.38>
ST_1 : Operation 96 [1/1] (0.38ns)   --->   "%store_ln3627 = store i7 0, i7 %ni1" [/home/silvenchen/Desktop/DitBlock/WorkDCT/DitBlock/kernel.cpp:3627]   --->   Operation 96 'store' 'store_ln3627' <Predicate = true> <Delay = 0.38>
ST_1 : Operation 97 [1/1] (0.00ns)   --->   "%br_ln3626 = br void %l_load_A_tile_ak1" [/home/silvenchen/Desktop/DitBlock/WorkDCT/DitBlock/kernel.cpp:3626]   --->   Operation 97 'br' 'br_ln3626' <Predicate = true> <Delay = 0.00>

State 2 <SV = 1> <Delay = 5.91>
ST_2 : Operation 98 [1/1] (0.00ns)   --->   "%indvar_flatten20_load = load i14 %indvar_flatten20" [/home/silvenchen/Desktop/DitBlock/WorkDCT/DitBlock/kernel.cpp:3626]   --->   Operation 98 'load' 'indvar_flatten20_load' <Predicate = true> <Delay = 0.00>
ST_2 : Operation 99 [1/1] (0.76ns)   --->   "%icmp_ln3626 = icmp_eq  i14 %indvar_flatten20_load, i14 8192" [/home/silvenchen/Desktop/DitBlock/WorkDCT/DitBlock/kernel.cpp:3626]   --->   Operation 99 'icmp' 'icmp_ln3626' <Predicate = true> <Delay = 0.76> <CoreInst = "Cmp">   --->   Core 9 'Cmp' <Latency = 0> <II = 1> <Delay = 0.76> <FuncUnit> <Opcode : 'icmp'> <InPorts = 2> <OutPorts = 1>
ST_2 : Operation 100 [1/1] (0.76ns)   --->   "%add_ln3626_1 = add i14 %indvar_flatten20_load, i14 1" [/home/silvenchen/Desktop/DitBlock/WorkDCT/DitBlock/kernel.cpp:3626]   --->   Operation 100 'add' 'add_ln3626_1' <Predicate = true> <Delay = 0.76> <CoreInst = "Adder">   --->   Core 1 'Adder' <Latency = 0> <II = 1> <Delay = 0.76> <FuncUnit> <Opcode : 'add' 'sub'> <InPorts = 2> <OutPorts = 1>
ST_2 : Operation 101 [1/1] (0.00ns)   --->   "%br_ln3626 = br i1 %icmp_ln3626, void %for.inc77, void %for.end79" [/home/silvenchen/Desktop/DitBlock/WorkDCT/DitBlock/kernel.cpp:3626]   --->   Operation 101 'br' 'br_ln3626' <Predicate = true> <Delay = 0.00>
ST_2 : Operation 102 [1/1] (0.00ns)   --->   "%ni1_load = load i7 %ni1" [/home/silvenchen/Desktop/DitBlock/WorkDCT/DitBlock/kernel.cpp:3627]   --->   Operation 102 'load' 'ni1_load' <Predicate = (!icmp_ln3626)> <Delay = 0.00>
ST_2 : Operation 103 [1/1] (0.00ns)   --->   "%mi1_load = load i8 %mi1" [/home/silvenchen/Desktop/DitBlock/WorkDCT/DitBlock/kernel.cpp:3626]   --->   Operation 103 'load' 'mi1_load' <Predicate = (!icmp_ln3626)> <Delay = 0.00>
ST_2 : Operation 104 [1/1] (0.70ns)   --->   "%add_ln3626 = add i8 %mi1_load, i8 1" [/home/silvenchen/Desktop/DitBlock/WorkDCT/DitBlock/kernel.cpp:3626]   --->   Operation 104 'add' 'add_ln3626' <Predicate = (!icmp_ln3626)> <Delay = 0.70> <CoreInst = "Adder">   --->   Core 1 'Adder' <Latency = 0> <II = 1> <Delay = 0.70> <FuncUnit> <Opcode : 'add' 'sub'> <InPorts = 2> <OutPorts = 1>
ST_2 : Operation 105 [1/1] (0.70ns)   --->   "%icmp_ln3627 = icmp_eq  i7 %ni1_load, i7 64" [/home/silvenchen/Desktop/DitBlock/WorkDCT/DitBlock/kernel.cpp:3627]   --->   Operation 105 'icmp' 'icmp_ln3627' <Predicate = (!icmp_ln3626)> <Delay = 0.70> <CoreInst = "Cmp">   --->   Core 9 'Cmp' <Latency = 0> <II = 1> <Delay = 0.70> <FuncUnit> <Opcode : 'icmp'> <InPorts = 2> <OutPorts = 1>
ST_2 : Operation 106 [1/1] (0.30ns)   --->   "%select_ln3626 = select i1 %icmp_ln3627, i7 0, i7 %ni1_load" [/home/silvenchen/Desktop/DitBlock/WorkDCT/DitBlock/kernel.cpp:3626]   --->   Operation 106 'select' 'select_ln3626' <Predicate = (!icmp_ln3626)> <Delay = 0.30> <CoreInst = "Sel">   --->   Core 73 'Sel' <Latency = 0> <II = 1> <Delay = 0.30> <FuncUnit> <Opcode : 'select'> <InPorts = 3> <OutPorts = 1>
ST_2 : Operation 107 [1/1] (0.30ns)   --->   "%select_ln3626_1 = select i1 %icmp_ln3627, i8 %add_ln3626, i8 %mi1_load" [/home/silvenchen/Desktop/DitBlock/WorkDCT/DitBlock/kernel.cpp:3626]   --->   Operation 107 'select' 'select_ln3626_1' <Predicate = (!icmp_ln3626)> <Delay = 0.30> <CoreInst = "Sel">   --->   Core 73 'Sel' <Latency = 0> <II = 1> <Delay = 0.30> <FuncUnit> <Opcode : 'select'> <InPorts = 3> <OutPorts = 1>
ST_2 : Operation 108 [1/1] (0.00ns)   --->   "%trunc_ln3626 = trunc i8 %select_ln3626_1" [/home/silvenchen/Desktop/DitBlock/WorkDCT/DitBlock/kernel.cpp:3626]   --->   Operation 108 'trunc' 'trunc_ln3626' <Predicate = (!icmp_ln3626)> <Delay = 0.00>
ST_2 : Operation 109 [1/1] (0.00ns)   --->   "%p_mid2 = bitconcatenate i10 @_ssdm_op_BitConcatenate.i10.i7.i3, i7 %trunc_ln3626, i3 0" [/home/silvenchen/Desktop/DitBlock/WorkDCT/DitBlock/kernel.cpp:3626]   --->   Operation 109 'bitconcatenate' 'p_mid2' <Predicate = (!icmp_ln3626)> <Delay = 0.00>
ST_2 : Operation 110 [1/1] (0.70ns)   --->   "%v1942 = icmp_eq  i7 %select_ln3626, i7 0" [/home/silvenchen/Desktop/DitBlock/WorkDCT/DitBlock/kernel.cpp:3626]   --->   Operation 110 'icmp' 'v1942' <Predicate = (!icmp_ln3626)> <Delay = 0.70> <CoreInst = "Cmp">   --->   Core 9 'Cmp' <Latency = 0> <II = 1> <Delay = 0.70> <FuncUnit> <Opcode : 'icmp'> <InPorts = 2> <OutPorts = 1>
ST_2 : Operation 111 [2/2] (4.19ns)   --->   "%call_ln3626 = call void @systolic_Q_Pipeline_l_load_A_tile_ak1_l_ai1, i32 %local_A1, i32 %local_A1_1, i32 %local_A1_2, i32 %local_A1_3, i32 %local_A1_4, i32 %local_A1_5, i32 %local_A1_6, i32 %local_A1_7, i1 %v1942, i10 %p_mid2, i32 %v1931" [/home/silvenchen/Desktop/DitBlock/WorkDCT/DitBlock/kernel.cpp:3626]   --->   Operation 111 'call' 'call_ln3626' <Predicate = (!icmp_ln3626)> <Delay = 4.19> <CoreType = "Generic">   --->   Core 0 '' <Latency = 0> <II = 1> <Delay = 1.00> <Generic> <Opcode : >
ST_2 : Operation 112 [1/1] (0.00ns)   --->   "%empty = trunc i7 %select_ln3626" [/home/silvenchen/Desktop/DitBlock/WorkDCT/DitBlock/kernel.cpp:3626]   --->   Operation 112 'trunc' 'empty' <Predicate = (!icmp_ln3626)> <Delay = 0.00>
ST_2 : Operation 113 [1/1] (0.00ns)   --->   "%tmp_s = bitconcatenate i9 @_ssdm_op_BitConcatenate.i9.i6.i3, i6 %empty, i3 0" [/home/silvenchen/Desktop/DitBlock/WorkDCT/DitBlock/kernel.cpp:3626]   --->   Operation 113 'bitconcatenate' 'tmp_s' <Predicate = (!icmp_ln3626)> <Delay = 0.00>
ST_2 : Operation 114 [2/2] (3.37ns)   --->   "%call_ln3626 = call void @systolic_Q_Pipeline_l_load_B_tile_bk1_l_bj1, i32 %local_B1, i32 %local_B1_1, i32 %local_B1_2, i32 %local_B1_3, i32 %local_B1_4, i32 %local_B1_5, i32 %local_B1_6, i32 %local_B1_7, i9 %tmp_s, i32 %v1932" [/home/silvenchen/Desktop/DitBlock/WorkDCT/DitBlock/kernel.cpp:3626]   --->   Operation 114 'call' 'call_ln3626' <Predicate = (!icmp_ln3626)> <Delay = 3.37> <CoreType = "Generic">   --->   Core 0 '' <Latency = 0> <II = 1> <Delay = 1.00> <Generic> <Opcode : >
ST_2 : Operation 115 [1/1] (0.70ns)   --->   "%add_ln3627 = add i7 %select_ln3626, i7 1" [/home/silvenchen/Desktop/DitBlock/WorkDCT/DitBlock/kernel.cpp:3627]   --->   Operation 115 'add' 'add_ln3627' <Predicate = (!icmp_ln3626)> <Delay = 0.70> <CoreInst = "Adder">   --->   Core 1 'Adder' <Latency = 0> <II = 1> <Delay = 0.70> <FuncUnit> <Opcode : 'add' 'sub'> <InPorts = 2> <OutPorts = 1>
ST_2 : Operation 116 [1/1] (0.38ns)   --->   "%store_ln3626 = store i14 %add_ln3626_1, i14 %indvar_flatten20" [/home/silvenchen/Desktop/DitBlock/WorkDCT/DitBlock/kernel.cpp:3626]   --->   Operation 116 'store' 'store_ln3626' <Predicate = (!icmp_ln3626)> <Delay = 0.38>
ST_2 : Operation 117 [1/1] (0.38ns)   --->   "%store_ln3626 = store i8 %select_ln3626_1, i8 %mi1" [/home/silvenchen/Desktop/DitBlock/WorkDCT/DitBlock/kernel.cpp:3626]   --->   Operation 117 'store' 'store_ln3626' <Predicate = (!icmp_ln3626)> <Delay = 0.38>
ST_2 : Operation 118 [1/1] (0.38ns)   --->   "%store_ln3627 = store i7 %add_ln3627, i7 %ni1" [/home/silvenchen/Desktop/DitBlock/WorkDCT/DitBlock/kernel.cpp:3627]   --->   Operation 118 'store' 'store_ln3627' <Predicate = (!icmp_ln3626)> <Delay = 0.38>
ST_2 : Operation 119 [1/1] (0.00ns)   --->   "%ret_ln3657 = ret" [/home/silvenchen/Desktop/DitBlock/WorkDCT/DitBlock/kernel.cpp:3657]   --->   Operation 119 'ret' 'ret_ln3657' <Predicate = (icmp_ln3626)> <Delay = 0.00>

State 3 <SV = 2> <Delay = 0.00>
ST_3 : Operation 120 [1/2] (0.00ns)   --->   "%call_ln3626 = call void @systolic_Q_Pipeline_l_load_A_tile_ak1_l_ai1, i32 %local_A1, i32 %local_A1_1, i32 %local_A1_2, i32 %local_A1_3, i32 %local_A1_4, i32 %local_A1_5, i32 %local_A1_6, i32 %local_A1_7, i1 %v1942, i10 %p_mid2, i32 %v1931" [/home/silvenchen/Desktop/DitBlock/WorkDCT/DitBlock/kernel.cpp:3626]   --->   Operation 120 'call' 'call_ln3626' <Predicate = true> <Delay = 0.00> <CoreType = "Generic">   --->   Core 0 '' <Latency = 0> <II = 1> <Delay = 1.00> <Generic> <Opcode : >
ST_3 : Operation 121 [1/2] (0.00ns)   --->   "%call_ln3626 = call void @systolic_Q_Pipeline_l_load_B_tile_bk1_l_bj1, i32 %local_B1, i32 %local_B1_1, i32 %local_B1_2, i32 %local_B1_3, i32 %local_B1_4, i32 %local_B1_5, i32 %local_B1_6, i32 %local_B1_7, i9 %tmp_s, i32 %v1932" [/home/silvenchen/Desktop/DitBlock/WorkDCT/DitBlock/kernel.cpp:3626]   --->   Operation 121 'call' 'call_ln3626' <Predicate = true> <Delay = 0.00> <CoreType = "Generic">   --->   Core 0 '' <Latency = 0> <II = 1> <Delay = 1.00> <Generic> <Opcode : >

State 4 <SV = 3> <Delay = 0.00>
ST_4 : Operation 122 [2/2] (0.00ns)   --->   "%call_ln3647 = call void @systolic_tile_Q, i32 %local_A1, i32 %local_A1_1, i32 %local_A1_2, i32 %local_A1_3, i32 %local_A1_4, i32 %local_A1_5, i32 %local_A1_6, i32 %local_A1_7, i32 %local_B1, i32 %local_B1_1, i32 %local_B1_2, i32 %local_B1_3, i32 %local_B1_4, i32 %local_B1_5, i32 %local_B1_6, i32 %local_B1_7, i32 %local_C1, i32 %local_C1_1, i32 %local_C1_2, i32 %local_C1_3, i32 %local_C1_4, i32 %local_C1_5, i32 %local_C1_6, i32 %local_C1_7, i32 %local_C1_8, i32 %local_C1_9, i32 %local_C1_10, i32 %local_C1_11, i32 %local_C1_12, i32 %local_C1_13, i32 %local_C1_14, i32 %local_C1_15, i32 %local_C1_16, i32 %local_C1_17, i32 %local_C1_18, i32 %local_C1_19, i32 %local_C1_20, i32 %local_C1_21, i32 %local_C1_22, i32 %local_C1_23, i32 %local_C1_24, i32 %local_C1_25, i32 %local_C1_26, i32 %local_C1_27, i32 %local_C1_28, i32 %local_C1_29, i32 %local_C1_30, i32 %local_C1_31, i32 %local_C1_32, i32 %local_C1_33, i32 %local_C1_34, i32 %local_C1_35, i32 %local_C1_36, i32 %local_C1_37, i32 %local_C1_38, i32 %local_C1_39, i32 %local_C1_40, i32 %local_C1_41, i32 %local_C1_42, i32 %local_C1_43, i32 %local_C1_44, i32 %local_C1_45, i32 %local_C1_46, i32 %local_C1_47, i32 %local_C1_48, i32 %local_C1_49, i32 %local_C1_50, i32 %local_C1_51, i32 %local_C1_52, i32 %local_C1_53, i32 %local_C1_54, i32 %local_C1_55, i32 %local_C1_56, i32 %local_C1_57, i32 %local_C1_58, i32 %local_C1_59, i32 %local_C1_60, i32 %local_C1_61, i32 %local_C1_62, i32 %local_C1_63" [/home/silvenchen/Desktop/DitBlock/WorkDCT/DitBlock/kernel.cpp:3647]   --->   Operation 122 'call' 'call_ln3647' <Predicate = true> <Delay = 0.00> <CoreType = "Generic">   --->   Core 0 '' <Latency = 0> <II = 1> <Delay = 1.00> <Generic> <Opcode : >

State 5 <SV = 4> <Delay = 0.00>
ST_5 : Operation 123 [1/2] (0.00ns)   --->   "%call_ln3647 = call void @systolic_tile_Q, i32 %local_A1, i32 %local_A1_1, i32 %local_A1_2, i32 %local_A1_3, i32 %local_A1_4, i32 %local_A1_5, i32 %local_A1_6, i32 %local_A1_7, i32 %local_B1, i32 %local_B1_1, i32 %local_B1_2, i32 %local_B1_3, i32 %local_B1_4, i32 %local_B1_5, i32 %local_B1_6, i32 %local_B1_7, i32 %local_C1, i32 %local_C1_1, i32 %local_C1_2, i32 %local_C1_3, i32 %local_C1_4, i32 %local_C1_5, i32 %local_C1_6, i32 %local_C1_7, i32 %local_C1_8, i32 %local_C1_9, i32 %local_C1_10, i32 %local_C1_11, i32 %local_C1_12, i32 %local_C1_13, i32 %local_C1_14, i32 %local_C1_15, i32 %local_C1_16, i32 %local_C1_17, i32 %local_C1_18, i32 %local_C1_19, i32 %local_C1_20, i32 %local_C1_21, i32 %local_C1_22, i32 %local_C1_23, i32 %local_C1_24, i32 %local_C1_25, i32 %local_C1_26, i32 %local_C1_27, i32 %local_C1_28, i32 %local_C1_29, i32 %local_C1_30, i32 %local_C1_31, i32 %local_C1_32, i32 %local_C1_33, i32 %local_C1_34, i32 %local_C1_35, i32 %local_C1_36, i32 %local_C1_37, i32 %local_C1_38, i32 %local_C1_39, i32 %local_C1_40, i32 %local_C1_41, i32 %local_C1_42, i32 %local_C1_43, i32 %local_C1_44, i32 %local_C1_45, i32 %local_C1_46, i32 %local_C1_47, i32 %local_C1_48, i32 %local_C1_49, i32 %local_C1_50, i32 %local_C1_51, i32 %local_C1_52, i32 %local_C1_53, i32 %local_C1_54, i32 %local_C1_55, i32 %local_C1_56, i32 %local_C1_57, i32 %local_C1_58, i32 %local_C1_59, i32 %local_C1_60, i32 %local_C1_61, i32 %local_C1_62, i32 %local_C1_63" [/home/silvenchen/Desktop/DitBlock/WorkDCT/DitBlock/kernel.cpp:3647]   --->   Operation 123 'call' 'call_ln3647' <Predicate = true> <Delay = 0.00> <CoreType = "Generic">   --->   Core 0 '' <Latency = 0> <II = 1> <Delay = 1.00> <Generic> <Opcode : >

State 6 <SV = 5> <Delay = 3.83>
ST_6 : Operation 124 [1/1] (0.00ns)   --->   "%local_C1_load = load i32 %local_C1"   --->   Operation 124 'load' 'local_C1_load' <Predicate = true> <Delay = 0.00>
ST_6 : Operation 125 [1/1] (0.00ns)   --->   "%local_C1_1_load = load i32 %local_C1_1"   --->   Operation 125 'load' 'local_C1_1_load' <Predicate = true> <Delay = 0.00>
ST_6 : Operation 126 [1/1] (0.00ns)   --->   "%local_C1_2_load = load i32 %local_C1_2"   --->   Operation 126 'load' 'local_C1_2_load' <Predicate = true> <Delay = 0.00>
ST_6 : Operation 127 [1/1] (0.00ns)   --->   "%local_C1_3_load = load i32 %local_C1_3"   --->   Operation 127 'load' 'local_C1_3_load' <Predicate = true> <Delay = 0.00>
ST_6 : Operation 128 [1/1] (0.00ns)   --->   "%local_C1_4_load = load i32 %local_C1_4"   --->   Operation 128 'load' 'local_C1_4_load' <Predicate = true> <Delay = 0.00>
ST_6 : Operation 129 [1/1] (0.00ns)   --->   "%local_C1_5_load = load i32 %local_C1_5"   --->   Operation 129 'load' 'local_C1_5_load' <Predicate = true> <Delay = 0.00>
ST_6 : Operation 130 [1/1] (0.00ns)   --->   "%local_C1_6_load = load i32 %local_C1_6"   --->   Operation 130 'load' 'local_C1_6_load' <Predicate = true> <Delay = 0.00>
ST_6 : Operation 131 [1/1] (0.00ns)   --->   "%local_C1_7_load = load i32 %local_C1_7"   --->   Operation 131 'load' 'local_C1_7_load' <Predicate = true> <Delay = 0.00>
ST_6 : Operation 132 [1/1] (0.00ns)   --->   "%local_C1_8_load = load i32 %local_C1_8"   --->   Operation 132 'load' 'local_C1_8_load' <Predicate = true> <Delay = 0.00>
ST_6 : Operation 133 [1/1] (0.00ns)   --->   "%local_C1_9_load = load i32 %local_C1_9"   --->   Operation 133 'load' 'local_C1_9_load' <Predicate = true> <Delay = 0.00>
ST_6 : Operation 134 [1/1] (0.00ns)   --->   "%local_C1_10_load = load i32 %local_C1_10"   --->   Operation 134 'load' 'local_C1_10_load' <Predicate = true> <Delay = 0.00>
ST_6 : Operation 135 [1/1] (0.00ns)   --->   "%local_C1_11_load = load i32 %local_C1_11"   --->   Operation 135 'load' 'local_C1_11_load' <Predicate = true> <Delay = 0.00>
ST_6 : Operation 136 [1/1] (0.00ns)   --->   "%local_C1_12_load = load i32 %local_C1_12"   --->   Operation 136 'load' 'local_C1_12_load' <Predicate = true> <Delay = 0.00>
ST_6 : Operation 137 [1/1] (0.00ns)   --->   "%local_C1_13_load = load i32 %local_C1_13"   --->   Operation 137 'load' 'local_C1_13_load' <Predicate = true> <Delay = 0.00>
ST_6 : Operation 138 [1/1] (0.00ns)   --->   "%local_C1_14_load = load i32 %local_C1_14"   --->   Operation 138 'load' 'local_C1_14_load' <Predicate = true> <Delay = 0.00>
ST_6 : Operation 139 [1/1] (0.00ns)   --->   "%local_C1_15_load = load i32 %local_C1_15"   --->   Operation 139 'load' 'local_C1_15_load' <Predicate = true> <Delay = 0.00>
ST_6 : Operation 140 [1/1] (0.00ns)   --->   "%local_C1_16_load = load i32 %local_C1_16"   --->   Operation 140 'load' 'local_C1_16_load' <Predicate = true> <Delay = 0.00>
ST_6 : Operation 141 [1/1] (0.00ns)   --->   "%local_C1_17_load = load i32 %local_C1_17"   --->   Operation 141 'load' 'local_C1_17_load' <Predicate = true> <Delay = 0.00>
ST_6 : Operation 142 [1/1] (0.00ns)   --->   "%local_C1_18_load = load i32 %local_C1_18"   --->   Operation 142 'load' 'local_C1_18_load' <Predicate = true> <Delay = 0.00>
ST_6 : Operation 143 [1/1] (0.00ns)   --->   "%local_C1_19_load = load i32 %local_C1_19"   --->   Operation 143 'load' 'local_C1_19_load' <Predicate = true> <Delay = 0.00>
ST_6 : Operation 144 [1/1] (0.00ns)   --->   "%local_C1_20_load = load i32 %local_C1_20"   --->   Operation 144 'load' 'local_C1_20_load' <Predicate = true> <Delay = 0.00>
ST_6 : Operation 145 [1/1] (0.00ns)   --->   "%local_C1_21_load = load i32 %local_C1_21"   --->   Operation 145 'load' 'local_C1_21_load' <Predicate = true> <Delay = 0.00>
ST_6 : Operation 146 [1/1] (0.00ns)   --->   "%local_C1_22_load = load i32 %local_C1_22"   --->   Operation 146 'load' 'local_C1_22_load' <Predicate = true> <Delay = 0.00>
ST_6 : Operation 147 [1/1] (0.00ns)   --->   "%local_C1_23_load = load i32 %local_C1_23"   --->   Operation 147 'load' 'local_C1_23_load' <Predicate = true> <Delay = 0.00>
ST_6 : Operation 148 [1/1] (0.00ns)   --->   "%local_C1_24_load = load i32 %local_C1_24"   --->   Operation 148 'load' 'local_C1_24_load' <Predicate = true> <Delay = 0.00>
ST_6 : Operation 149 [1/1] (0.00ns)   --->   "%local_C1_25_load = load i32 %local_C1_25"   --->   Operation 149 'load' 'local_C1_25_load' <Predicate = true> <Delay = 0.00>
ST_6 : Operation 150 [1/1] (0.00ns)   --->   "%local_C1_26_load = load i32 %local_C1_26"   --->   Operation 150 'load' 'local_C1_26_load' <Predicate = true> <Delay = 0.00>
ST_6 : Operation 151 [1/1] (0.00ns)   --->   "%local_C1_27_load = load i32 %local_C1_27"   --->   Operation 151 'load' 'local_C1_27_load' <Predicate = true> <Delay = 0.00>
ST_6 : Operation 152 [1/1] (0.00ns)   --->   "%local_C1_28_load = load i32 %local_C1_28"   --->   Operation 152 'load' 'local_C1_28_load' <Predicate = true> <Delay = 0.00>
ST_6 : Operation 153 [1/1] (0.00ns)   --->   "%local_C1_29_load = load i32 %local_C1_29"   --->   Operation 153 'load' 'local_C1_29_load' <Predicate = true> <Delay = 0.00>
ST_6 : Operation 154 [1/1] (0.00ns)   --->   "%local_C1_30_load = load i32 %local_C1_30"   --->   Operation 154 'load' 'local_C1_30_load' <Predicate = true> <Delay = 0.00>
ST_6 : Operation 155 [1/1] (0.00ns)   --->   "%local_C1_31_load = load i32 %local_C1_31"   --->   Operation 155 'load' 'local_C1_31_load' <Predicate = true> <Delay = 0.00>
ST_6 : Operation 156 [1/1] (0.00ns)   --->   "%local_C1_32_load = load i32 %local_C1_32"   --->   Operation 156 'load' 'local_C1_32_load' <Predicate = true> <Delay = 0.00>
ST_6 : Operation 157 [1/1] (0.00ns)   --->   "%local_C1_33_load = load i32 %local_C1_33"   --->   Operation 157 'load' 'local_C1_33_load' <Predicate = true> <Delay = 0.00>
ST_6 : Operation 158 [1/1] (0.00ns)   --->   "%local_C1_34_load = load i32 %local_C1_34"   --->   Operation 158 'load' 'local_C1_34_load' <Predicate = true> <Delay = 0.00>
ST_6 : Operation 159 [1/1] (0.00ns)   --->   "%local_C1_35_load = load i32 %local_C1_35"   --->   Operation 159 'load' 'local_C1_35_load' <Predicate = true> <Delay = 0.00>
ST_6 : Operation 160 [1/1] (0.00ns)   --->   "%local_C1_36_load = load i32 %local_C1_36"   --->   Operation 160 'load' 'local_C1_36_load' <Predicate = true> <Delay = 0.00>
ST_6 : Operation 161 [1/1] (0.00ns)   --->   "%local_C1_37_load = load i32 %local_C1_37"   --->   Operation 161 'load' 'local_C1_37_load' <Predicate = true> <Delay = 0.00>
ST_6 : Operation 162 [1/1] (0.00ns)   --->   "%local_C1_38_load = load i32 %local_C1_38"   --->   Operation 162 'load' 'local_C1_38_load' <Predicate = true> <Delay = 0.00>
ST_6 : Operation 163 [1/1] (0.00ns)   --->   "%local_C1_39_load = load i32 %local_C1_39"   --->   Operation 163 'load' 'local_C1_39_load' <Predicate = true> <Delay = 0.00>
ST_6 : Operation 164 [1/1] (0.00ns)   --->   "%local_C1_40_load = load i32 %local_C1_40"   --->   Operation 164 'load' 'local_C1_40_load' <Predicate = true> <Delay = 0.00>
ST_6 : Operation 165 [1/1] (0.00ns)   --->   "%local_C1_41_load = load i32 %local_C1_41"   --->   Operation 165 'load' 'local_C1_41_load' <Predicate = true> <Delay = 0.00>
ST_6 : Operation 166 [1/1] (0.00ns)   --->   "%local_C1_42_load = load i32 %local_C1_42"   --->   Operation 166 'load' 'local_C1_42_load' <Predicate = true> <Delay = 0.00>
ST_6 : Operation 167 [1/1] (0.00ns)   --->   "%local_C1_43_load = load i32 %local_C1_43"   --->   Operation 167 'load' 'local_C1_43_load' <Predicate = true> <Delay = 0.00>
ST_6 : Operation 168 [1/1] (0.00ns)   --->   "%local_C1_44_load = load i32 %local_C1_44"   --->   Operation 168 'load' 'local_C1_44_load' <Predicate = true> <Delay = 0.00>
ST_6 : Operation 169 [1/1] (0.00ns)   --->   "%local_C1_45_load = load i32 %local_C1_45"   --->   Operation 169 'load' 'local_C1_45_load' <Predicate = true> <Delay = 0.00>
ST_6 : Operation 170 [1/1] (0.00ns)   --->   "%local_C1_46_load = load i32 %local_C1_46"   --->   Operation 170 'load' 'local_C1_46_load' <Predicate = true> <Delay = 0.00>
ST_6 : Operation 171 [1/1] (0.00ns)   --->   "%local_C1_47_load = load i32 %local_C1_47"   --->   Operation 171 'load' 'local_C1_47_load' <Predicate = true> <Delay = 0.00>
ST_6 : Operation 172 [1/1] (0.00ns)   --->   "%local_C1_48_load = load i32 %local_C1_48"   --->   Operation 172 'load' 'local_C1_48_load' <Predicate = true> <Delay = 0.00>
ST_6 : Operation 173 [1/1] (0.00ns)   --->   "%local_C1_49_load = load i32 %local_C1_49"   --->   Operation 173 'load' 'local_C1_49_load' <Predicate = true> <Delay = 0.00>
ST_6 : Operation 174 [1/1] (0.00ns)   --->   "%local_C1_50_load = load i32 %local_C1_50"   --->   Operation 174 'load' 'local_C1_50_load' <Predicate = true> <Delay = 0.00>
ST_6 : Operation 175 [1/1] (0.00ns)   --->   "%local_C1_51_load = load i32 %local_C1_51"   --->   Operation 175 'load' 'local_C1_51_load' <Predicate = true> <Delay = 0.00>
ST_6 : Operation 176 [1/1] (0.00ns)   --->   "%local_C1_52_load = load i32 %local_C1_52"   --->   Operation 176 'load' 'local_C1_52_load' <Predicate = true> <Delay = 0.00>
ST_6 : Operation 177 [1/1] (0.00ns)   --->   "%local_C1_53_load = load i32 %local_C1_53"   --->   Operation 177 'load' 'local_C1_53_load' <Predicate = true> <Delay = 0.00>
ST_6 : Operation 178 [1/1] (0.00ns)   --->   "%local_C1_54_load = load i32 %local_C1_54"   --->   Operation 178 'load' 'local_C1_54_load' <Predicate = true> <Delay = 0.00>
ST_6 : Operation 179 [1/1] (0.00ns)   --->   "%local_C1_55_load = load i32 %local_C1_55"   --->   Operation 179 'load' 'local_C1_55_load' <Predicate = true> <Delay = 0.00>
ST_6 : Operation 180 [1/1] (0.00ns)   --->   "%local_C1_56_load = load i32 %local_C1_56"   --->   Operation 180 'load' 'local_C1_56_load' <Predicate = true> <Delay = 0.00>
ST_6 : Operation 181 [1/1] (0.00ns)   --->   "%local_C1_57_load = load i32 %local_C1_57"   --->   Operation 181 'load' 'local_C1_57_load' <Predicate = true> <Delay = 0.00>
ST_6 : Operation 182 [1/1] (0.00ns)   --->   "%local_C1_58_load = load i32 %local_C1_58"   --->   Operation 182 'load' 'local_C1_58_load' <Predicate = true> <Delay = 0.00>
ST_6 : Operation 183 [1/1] (0.00ns)   --->   "%local_C1_59_load = load i32 %local_C1_59"   --->   Operation 183 'load' 'local_C1_59_load' <Predicate = true> <Delay = 0.00>
ST_6 : Operation 184 [1/1] (0.00ns)   --->   "%local_C1_60_load = load i32 %local_C1_60"   --->   Operation 184 'load' 'local_C1_60_load' <Predicate = true> <Delay = 0.00>
ST_6 : Operation 185 [1/1] (0.00ns)   --->   "%local_C1_61_load = load i32 %local_C1_61"   --->   Operation 185 'load' 'local_C1_61_load' <Predicate = true> <Delay = 0.00>
ST_6 : Operation 186 [1/1] (0.00ns)   --->   "%local_C1_62_load = load i32 %local_C1_62"   --->   Operation 186 'load' 'local_C1_62_load' <Predicate = true> <Delay = 0.00>
ST_6 : Operation 187 [1/1] (0.00ns)   --->   "%local_C1_63_load = load i32 %local_C1_63"   --->   Operation 187 'load' 'local_C1_63_load' <Predicate = true> <Delay = 0.00>
ST_6 : Operation 188 [2/2] (3.83ns)   --->   "%call_ln3626 = call void @systolic_Q_Pipeline_l_store_C_tile_sj1_l_si1, i9 %tmp_s, i32 %local_C1_load, i32 %local_C1_1_load, i32 %local_C1_2_load, i32 %local_C1_3_load, i32 %local_C1_4_load, i32 %local_C1_5_load, i32 %local_C1_6_load, i32 %local_C1_7_load, i32 %local_C1_8_load, i32 %local_C1_9_load, i32 %local_C1_10_load, i32 %local_C1_11_load, i32 %local_C1_12_load, i32 %local_C1_13_load, i32 %local_C1_14_load, i32 %local_C1_15_load, i32 %local_C1_16_load, i32 %local_C1_17_load, i32 %local_C1_18_load, i32 %local_C1_19_load, i32 %local_C1_20_load, i32 %local_C1_21_load, i32 %local_C1_22_load, i32 %local_C1_23_load, i32 %local_C1_24_load, i32 %local_C1_25_load, i32 %local_C1_26_load, i32 %local_C1_27_load, i32 %local_C1_28_load, i32 %local_C1_29_load, i32 %local_C1_30_load, i32 %local_C1_31_load, i32 %local_C1_32_load, i32 %local_C1_33_load, i32 %local_C1_34_load, i32 %local_C1_35_load, i32 %local_C1_36_load, i32 %local_C1_37_load, i32 %local_C1_38_load, i32 %local_C1_39_load, i32 %local_C1_40_load, i32 %local_C1_41_load, i32 %local_C1_42_load, i32 %local_C1_43_load, i32 %local_C1_44_load, i32 %local_C1_45_load, i32 %local_C1_46_load, i32 %local_C1_47_load, i32 %local_C1_48_load, i32 %local_C1_49_load, i32 %local_C1_50_load, i32 %local_C1_51_load, i32 %local_C1_52_load, i32 %local_C1_53_load, i32 %local_C1_54_load, i32 %local_C1_55_load, i32 %local_C1_56_load, i32 %local_C1_57_load, i32 %local_C1_58_load, i32 %local_C1_59_load, i32 %local_C1_60_load, i32 %local_C1_61_load, i32 %local_C1_62_load, i32 %local_C1_63_load, i10 %p_mid2, i32 %v1933" [/home/silvenchen/Desktop/DitBlock/WorkDCT/DitBlock/kernel.cpp:3626]   --->   Operation 188 'call' 'call_ln3626' <Predicate = true> <Delay = 3.83> <CoreType = "Generic">   --->   Core 0 '' <Latency = 0> <II = 1> <Delay = 1.00> <Generic> <Opcode : >

State 7 <SV = 6> <Delay = 0.00>
ST_7 : Operation 189 [1/1] (0.00ns)   --->   "%specloopname_ln0 = specloopname void @_ssdm_op_SpecLoopName, void @l_outer_tile_mi1_l_ni1_str"   --->   Operation 189 'specloopname' 'specloopname_ln0' <Predicate = true> <Delay = 0.00>
ST_7 : Operation 190 [1/1] (0.00ns)   --->   "%speclooptripcount_ln0 = speclooptripcount void @_ssdm_op_SpecLoopTripCount, i64 8192, i64 8192, i64 8192"   --->   Operation 190 'speclooptripcount' 'speclooptripcount_ln0' <Predicate = true> <Delay = 0.00>
ST_7 : Operation 191 [1/2] (0.00ns)   --->   "%call_ln3626 = call void @systolic_Q_Pipeline_l_store_C_tile_sj1_l_si1, i9 %tmp_s, i32 %local_C1_load, i32 %local_C1_1_load, i32 %local_C1_2_load, i32 %local_C1_3_load, i32 %local_C1_4_load, i32 %local_C1_5_load, i32 %local_C1_6_load, i32 %local_C1_7_load, i32 %local_C1_8_load, i32 %local_C1_9_load, i32 %local_C1_10_load, i32 %local_C1_11_load, i32 %local_C1_12_load, i32 %local_C1_13_load, i32 %local_C1_14_load, i32 %local_C1_15_load, i32 %local_C1_16_load, i32 %local_C1_17_load, i32 %local_C1_18_load, i32 %local_C1_19_load, i32 %local_C1_20_load, i32 %local_C1_21_load, i32 %local_C1_22_load, i32 %local_C1_23_load, i32 %local_C1_24_load, i32 %local_C1_25_load, i32 %local_C1_26_load, i32 %local_C1_27_load, i32 %local_C1_28_load, i32 %local_C1_29_load, i32 %local_C1_30_load, i32 %local_C1_31_load, i32 %local_C1_32_load, i32 %local_C1_33_load, i32 %local_C1_34_load, i32 %local_C1_35_load, i32 %local_C1_36_load, i32 %local_C1_37_load, i32 %local_C1_38_load, i32 %local_C1_39_load, i32 %local_C1_40_load, i32 %local_C1_41_load, i32 %local_C1_42_load, i32 %local_C1_43_load, i32 %local_C1_44_load, i32 %local_C1_45_load, i32 %local_C1_46_load, i32 %local_C1_47_load, i32 %local_C1_48_load, i32 %local_C1_49_load, i32 %local_C1_50_load, i32 %local_C1_51_load, i32 %local_C1_52_load, i32 %local_C1_53_load, i32 %local_C1_54_load, i32 %local_C1_55_load, i32 %local_C1_56_load, i32 %local_C1_57_load, i32 %local_C1_58_load, i32 %local_C1_59_load, i32 %local_C1_60_load, i32 %local_C1_61_load, i32 %local_C1_62_load, i32 %local_C1_63_load, i10 %p_mid2, i32 %v1933" [/home/silvenchen/Desktop/DitBlock/WorkDCT/DitBlock/kernel.cpp:3626]   --->   Operation 191 'call' 'call_ln3626' <Predicate = true> <Delay = 0.00> <CoreType = "Generic">   --->   Core 0 '' <Latency = 0> <II = 1> <Delay = 1.00> <Generic> <Opcode : >
ST_7 : Operation 192 [1/1] (0.00ns)   --->   "%br_ln3627 = br void %l_load_A_tile_ak1" [/home/silvenchen/Desktop/DitBlock/WorkDCT/DitBlock/kernel.cpp:3627]   --->   Operation 192 'br' 'br_ln3627' <Predicate = true> <Delay = 0.00>


============================================================
+ Verbose Summary: Timing violations
============================================================
Target clock period: 10.000ns, clock uncertainty: 2.700ns.

 <State 1>: 0.387ns
The critical path consists of the following:
	'alloca' operation 14 bit ('indvar_flatten20') [6]  (0.000 ns)
	'store' operation 0 bit ('store_ln0') of constant 0 on local variable 'indvar_flatten20' [90]  (0.387 ns)

 <State 2>: 5.911ns
The critical path consists of the following:
	'load' operation 7 bit ('ni1_load', /home/silvenchen/Desktop/DitBlock/WorkDCT/DitBlock/kernel.cpp:3627) on local variable 'ni1', /home/silvenchen/Desktop/DitBlock/WorkDCT/DitBlock/kernel.cpp:3627 [100]  (0.000 ns)
	'icmp' operation 1 bit ('icmp_ln3627', /home/silvenchen/Desktop/DitBlock/WorkDCT/DitBlock/kernel.cpp:3627) [105]  (0.706 ns)
	'select' operation 7 bit ('select_ln3626', /home/silvenchen/Desktop/DitBlock/WorkDCT/DitBlock/kernel.cpp:3626) [106]  (0.308 ns)
	'icmp' operation 1 bit ('v1942', /home/silvenchen/Desktop/DitBlock/WorkDCT/DitBlock/kernel.cpp:3626) [110]  (0.706 ns)
	'call' operation 0 bit ('call_ln3626', /home/silvenchen/Desktop/DitBlock/WorkDCT/DitBlock/kernel.cpp:3626) to 'systolic_Q_Pipeline_l_load_A_tile_ak1_l_ai1' [111]  (4.192 ns)

 <State 3>: 0.000ns
The critical path consists of the following:

 <State 4>: 0.000ns
The critical path consists of the following:

 <State 5>: 0.000ns
The critical path consists of the following:

 <State 6>: 3.832ns
The critical path consists of the following:
	'load' operation 32 bit ('local_C1_load') on local variable 'local_C1', /home/silvenchen/Desktop/DitBlock/WorkDCT/DitBlock/kernel.cpp:3622 [116]  (0.000 ns)
	'call' operation 0 bit ('call_ln3626', /home/silvenchen/Desktop/DitBlock/WorkDCT/DitBlock/kernel.cpp:3626) to 'systolic_Q_Pipeline_l_store_C_tile_sj1_l_si1' [180]  (3.832 ns)

 <State 7>: 0.000ns
The critical path consists of the following:


============================================================
+ Verbose Summary: Binding
============================================================
N/A
* FSMD analyzer results:
  - Output states:
 - Input state : 
  - Chain level:
	State 1
	State 2
	State 3
	State 4
	State 5
	State 6
	State 7


============================================================
+ Verbose Summary: Datapath Resource usage 
============================================================
N/A
