

================================================================
== Vitis HLS Report for 'systolic_QKT_Pipeline_l_store_C_tile_sj4_l_si4'
================================================================
* Date:           Wed Feb  5 22:34:39 2025

* Version:        2023.2 (Build 4023990 on Oct 11 2023)
* Project:        DitBlock
* Solution:       hls (Vivado IP Flow Target)
* Product family: virtexuplusHBM
* Target device:  xcu280-fsvh2892-2L-e


================================================================
== Performance Estimates
================================================================
+ Timing: 
    * Summary: 
    +--------+----------+----------+------------+
    |  Clock |  Target  | Estimated| Uncertainty|
    +--------+----------+----------+------------+
    |ap_clk  |  10.00 ns|  5.278 ns|     2.70 ns|
    +--------+----------+----------+------------+

+ Latency: 
    * Summary: 
    +---------+---------+----------+----------+-----+-----+---------+
    |  Latency (cycles) |  Latency (absolute) |  Interval | Pipeline|
    |   min   |   max   |    min   |    max   | min | max |   Type  |
    +---------+---------+----------+----------+-----+-----+---------+
    |       66|       66|  0.660 us|  0.660 us|   66|   66|       no|
    +---------+---------+----------+----------+-----+-----+---------+

    + Detail: 
        * Instance: 
        N/A

        * Loop: 
        +----------------------------+---------+---------+----------+-----------+-----------+------+----------+
        |                            |  Latency (cycles) | Iteration|  Initiation Interval  | Trip |          |
        |          Loop Name         |   min   |   max   |  Latency |  achieved |   target  | Count| Pipelined|
        +----------------------------+---------+---------+----------+-----------+-----------+------+----------+
        |- l_store_C_tile_sj4_l_si4  |       64|       64|         1|          1|          1|    64|       yes|
        +----------------------------+---------+---------+----------+-----------+-----------+------+----------+

============================================================
+ Verbose Summary: Synthesis Manager
============================================================
InlineROM: 1
ExposeGlobal: 0
============================================================
+ Verbose Summary: CDFG Model
============================================================
IsTopModel: 0
ResetActiveHigh: 1
IsCombinational: 0
IsDatapathOnly: 0
HasWiredReturn: 1
HasMFsm: 2
HasVarLatency: 1
IsPipeline: 0
IsRtlPipelined: 0
IsInstanceOverlapped: 0
IsDontTouch: 0
HasImplIP: 0
IsGatedGlobalClock: 0

+ Individual pipeline summary: 
  * Pipeline-0: initiation interval (II) = 1, depth = 1


============================================================
+ Verbose Summary: Schedule
============================================================
* Number of FSM states : 1
* Pipeline : 1
  Pipeline-0 : II = 1, D = 1, States = { 1 }
* Dataflow Pipeline: 0

* FSM state transitions: 
1 --> 

* FSM state operations: 

State 1 <SV = 0> <Delay = 5.27>
ST_1 : Operation 4 [1/1] (0.00ns)   --->   "%si4 = alloca i32 1" [/home/silvenchen/Desktop/DitBlock/WorkDCT/DitBlock/kernel.cpp:12627]   --->   Operation 4 'alloca' 'si4' <Predicate = true> <Delay = 0.00>
ST_1 : Operation 5 [1/1] (0.00ns)   --->   "%sj4 = alloca i32 1" [/home/silvenchen/Desktop/DitBlock/WorkDCT/DitBlock/kernel.cpp:12626]   --->   Operation 5 'alloca' 'sj4' <Predicate = true> <Delay = 0.00>
ST_1 : Operation 6 [1/1] (0.00ns)   --->   "%indvar_flatten13 = alloca i32 1"   --->   Operation 6 'alloca' 'indvar_flatten13' <Predicate = true> <Delay = 0.00>
ST_1 : Operation 7 [1/1] (0.00ns)   --->   "%specmemcore_ln0 = specmemcore void @_ssdm_op_SpecMemCore, i32 %v6884, i64 666, i64 24, i64 18446744073709551615"   --->   Operation 7 'specmemcore' 'specmemcore_ln0' <Predicate = true> <Delay = 0.00>
ST_1 : Operation 8 [1/1] (0.00ns)   --->   "%p_mid2_read = read i10 @_ssdm_op_Read.ap_auto.i10, i10 %p_mid2"   --->   Operation 8 'read' 'p_mid2_read' <Predicate = true> <Delay = 0.00>
ST_1 : Operation 9 [1/1] (0.00ns)   --->   "%local_C4_63_load_read = read i32 @_ssdm_op_Read.ap_auto.float, i32 %local_C4_63_load"   --->   Operation 9 'read' 'local_C4_63_load_read' <Predicate = true> <Delay = 0.00>
ST_1 : Operation 10 [1/1] (0.00ns)   --->   "%local_C4_62_load_read = read i32 @_ssdm_op_Read.ap_auto.float, i32 %local_C4_62_load"   --->   Operation 10 'read' 'local_C4_62_load_read' <Predicate = true> <Delay = 0.00>
ST_1 : Operation 11 [1/1] (0.00ns)   --->   "%local_C4_61_load_read = read i32 @_ssdm_op_Read.ap_auto.float, i32 %local_C4_61_load"   --->   Operation 11 'read' 'local_C4_61_load_read' <Predicate = true> <Delay = 0.00>
ST_1 : Operation 12 [1/1] (0.00ns)   --->   "%local_C4_60_load_read = read i32 @_ssdm_op_Read.ap_auto.float, i32 %local_C4_60_load"   --->   Operation 12 'read' 'local_C4_60_load_read' <Predicate = true> <Delay = 0.00>
ST_1 : Operation 13 [1/1] (0.00ns)   --->   "%local_C4_59_load_read = read i32 @_ssdm_op_Read.ap_auto.float, i32 %local_C4_59_load"   --->   Operation 13 'read' 'local_C4_59_load_read' <Predicate = true> <Delay = 0.00>
ST_1 : Operation 14 [1/1] (0.00ns)   --->   "%local_C4_58_load_read = read i32 @_ssdm_op_Read.ap_auto.float, i32 %local_C4_58_load"   --->   Operation 14 'read' 'local_C4_58_load_read' <Predicate = true> <Delay = 0.00>
ST_1 : Operation 15 [1/1] (0.00ns)   --->   "%local_C4_57_load_read = read i32 @_ssdm_op_Read.ap_auto.float, i32 %local_C4_57_load"   --->   Operation 15 'read' 'local_C4_57_load_read' <Predicate = true> <Delay = 0.00>
ST_1 : Operation 16 [1/1] (0.00ns)   --->   "%local_C4_56_load_read = read i32 @_ssdm_op_Read.ap_auto.float, i32 %local_C4_56_load"   --->   Operation 16 'read' 'local_C4_56_load_read' <Predicate = true> <Delay = 0.00>
ST_1 : Operation 17 [1/1] (0.00ns)   --->   "%local_C4_55_load_read = read i32 @_ssdm_op_Read.ap_auto.float, i32 %local_C4_55_load"   --->   Operation 17 'read' 'local_C4_55_load_read' <Predicate = true> <Delay = 0.00>
ST_1 : Operation 18 [1/1] (0.00ns)   --->   "%local_C4_54_load_read = read i32 @_ssdm_op_Read.ap_auto.float, i32 %local_C4_54_load"   --->   Operation 18 'read' 'local_C4_54_load_read' <Predicate = true> <Delay = 0.00>
ST_1 : Operation 19 [1/1] (0.00ns)   --->   "%local_C4_53_load_read = read i32 @_ssdm_op_Read.ap_auto.float, i32 %local_C4_53_load"   --->   Operation 19 'read' 'local_C4_53_load_read' <Predicate = true> <Delay = 0.00>
ST_1 : Operation 20 [1/1] (0.00ns)   --->   "%local_C4_52_load_read = read i32 @_ssdm_op_Read.ap_auto.float, i32 %local_C4_52_load"   --->   Operation 20 'read' 'local_C4_52_load_read' <Predicate = true> <Delay = 0.00>
ST_1 : Operation 21 [1/1] (0.00ns)   --->   "%local_C4_51_load_read = read i32 @_ssdm_op_Read.ap_auto.float, i32 %local_C4_51_load"   --->   Operation 21 'read' 'local_C4_51_load_read' <Predicate = true> <Delay = 0.00>
ST_1 : Operation 22 [1/1] (0.00ns)   --->   "%local_C4_50_load_read = read i32 @_ssdm_op_Read.ap_auto.float, i32 %local_C4_50_load"   --->   Operation 22 'read' 'local_C4_50_load_read' <Predicate = true> <Delay = 0.00>
ST_1 : Operation 23 [1/1] (0.00ns)   --->   "%local_C4_49_load_read = read i32 @_ssdm_op_Read.ap_auto.float, i32 %local_C4_49_load"   --->   Operation 23 'read' 'local_C4_49_load_read' <Predicate = true> <Delay = 0.00>
ST_1 : Operation 24 [1/1] (0.00ns)   --->   "%local_C4_48_load_read = read i32 @_ssdm_op_Read.ap_auto.float, i32 %local_C4_48_load"   --->   Operation 24 'read' 'local_C4_48_load_read' <Predicate = true> <Delay = 0.00>
ST_1 : Operation 25 [1/1] (0.00ns)   --->   "%local_C4_47_load_read = read i32 @_ssdm_op_Read.ap_auto.float, i32 %local_C4_47_load"   --->   Operation 25 'read' 'local_C4_47_load_read' <Predicate = true> <Delay = 0.00>
ST_1 : Operation 26 [1/1] (0.00ns)   --->   "%local_C4_46_load_read = read i32 @_ssdm_op_Read.ap_auto.float, i32 %local_C4_46_load"   --->   Operation 26 'read' 'local_C4_46_load_read' <Predicate = true> <Delay = 0.00>
ST_1 : Operation 27 [1/1] (0.00ns)   --->   "%local_C4_45_load_read = read i32 @_ssdm_op_Read.ap_auto.float, i32 %local_C4_45_load"   --->   Operation 27 'read' 'local_C4_45_load_read' <Predicate = true> <Delay = 0.00>
ST_1 : Operation 28 [1/1] (0.00ns)   --->   "%local_C4_44_load_read = read i32 @_ssdm_op_Read.ap_auto.float, i32 %local_C4_44_load"   --->   Operation 28 'read' 'local_C4_44_load_read' <Predicate = true> <Delay = 0.00>
ST_1 : Operation 29 [1/1] (0.00ns)   --->   "%local_C4_43_load_read = read i32 @_ssdm_op_Read.ap_auto.float, i32 %local_C4_43_load"   --->   Operation 29 'read' 'local_C4_43_load_read' <Predicate = true> <Delay = 0.00>
ST_1 : Operation 30 [1/1] (0.00ns)   --->   "%local_C4_42_load_read = read i32 @_ssdm_op_Read.ap_auto.float, i32 %local_C4_42_load"   --->   Operation 30 'read' 'local_C4_42_load_read' <Predicate = true> <Delay = 0.00>
ST_1 : Operation 31 [1/1] (0.00ns)   --->   "%local_C4_41_load_read = read i32 @_ssdm_op_Read.ap_auto.float, i32 %local_C4_41_load"   --->   Operation 31 'read' 'local_C4_41_load_read' <Predicate = true> <Delay = 0.00>
ST_1 : Operation 32 [1/1] (0.00ns)   --->   "%local_C4_40_load_read = read i32 @_ssdm_op_Read.ap_auto.float, i32 %local_C4_40_load"   --->   Operation 32 'read' 'local_C4_40_load_read' <Predicate = true> <Delay = 0.00>
ST_1 : Operation 33 [1/1] (0.00ns)   --->   "%local_C4_39_load_read = read i32 @_ssdm_op_Read.ap_auto.float, i32 %local_C4_39_load"   --->   Operation 33 'read' 'local_C4_39_load_read' <Predicate = true> <Delay = 0.00>
ST_1 : Operation 34 [1/1] (0.00ns)   --->   "%local_C4_38_load_read = read i32 @_ssdm_op_Read.ap_auto.float, i32 %local_C4_38_load"   --->   Operation 34 'read' 'local_C4_38_load_read' <Predicate = true> <Delay = 0.00>
ST_1 : Operation 35 [1/1] (0.00ns)   --->   "%local_C4_37_load_read = read i32 @_ssdm_op_Read.ap_auto.float, i32 %local_C4_37_load"   --->   Operation 35 'read' 'local_C4_37_load_read' <Predicate = true> <Delay = 0.00>
ST_1 : Operation 36 [1/1] (0.00ns)   --->   "%local_C4_36_load_read = read i32 @_ssdm_op_Read.ap_auto.float, i32 %local_C4_36_load"   --->   Operation 36 'read' 'local_C4_36_load_read' <Predicate = true> <Delay = 0.00>
ST_1 : Operation 37 [1/1] (0.00ns)   --->   "%local_C4_35_load_read = read i32 @_ssdm_op_Read.ap_auto.float, i32 %local_C4_35_load"   --->   Operation 37 'read' 'local_C4_35_load_read' <Predicate = true> <Delay = 0.00>
ST_1 : Operation 38 [1/1] (0.00ns)   --->   "%local_C4_34_load_read = read i32 @_ssdm_op_Read.ap_auto.float, i32 %local_C4_34_load"   --->   Operation 38 'read' 'local_C4_34_load_read' <Predicate = true> <Delay = 0.00>
ST_1 : Operation 39 [1/1] (0.00ns)   --->   "%local_C4_33_load_read = read i32 @_ssdm_op_Read.ap_auto.float, i32 %local_C4_33_load"   --->   Operation 39 'read' 'local_C4_33_load_read' <Predicate = true> <Delay = 0.00>
ST_1 : Operation 40 [1/1] (0.00ns)   --->   "%local_C4_32_load_read = read i32 @_ssdm_op_Read.ap_auto.float, i32 %local_C4_32_load"   --->   Operation 40 'read' 'local_C4_32_load_read' <Predicate = true> <Delay = 0.00>
ST_1 : Operation 41 [1/1] (0.00ns)   --->   "%local_C4_31_load_read = read i32 @_ssdm_op_Read.ap_auto.float, i32 %local_C4_31_load"   --->   Operation 41 'read' 'local_C4_31_load_read' <Predicate = true> <Delay = 0.00>
ST_1 : Operation 42 [1/1] (0.00ns)   --->   "%local_C4_30_load_read = read i32 @_ssdm_op_Read.ap_auto.float, i32 %local_C4_30_load"   --->   Operation 42 'read' 'local_C4_30_load_read' <Predicate = true> <Delay = 0.00>
ST_1 : Operation 43 [1/1] (0.00ns)   --->   "%local_C4_29_load_read = read i32 @_ssdm_op_Read.ap_auto.float, i32 %local_C4_29_load"   --->   Operation 43 'read' 'local_C4_29_load_read' <Predicate = true> <Delay = 0.00>
ST_1 : Operation 44 [1/1] (0.00ns)   --->   "%local_C4_28_load_read = read i32 @_ssdm_op_Read.ap_auto.float, i32 %local_C4_28_load"   --->   Operation 44 'read' 'local_C4_28_load_read' <Predicate = true> <Delay = 0.00>
ST_1 : Operation 45 [1/1] (0.00ns)   --->   "%local_C4_27_load_read = read i32 @_ssdm_op_Read.ap_auto.float, i32 %local_C4_27_load"   --->   Operation 45 'read' 'local_C4_27_load_read' <Predicate = true> <Delay = 0.00>
ST_1 : Operation 46 [1/1] (0.00ns)   --->   "%local_C4_26_load_read = read i32 @_ssdm_op_Read.ap_auto.float, i32 %local_C4_26_load"   --->   Operation 46 'read' 'local_C4_26_load_read' <Predicate = true> <Delay = 0.00>
ST_1 : Operation 47 [1/1] (0.00ns)   --->   "%local_C4_25_load_read = read i32 @_ssdm_op_Read.ap_auto.float, i32 %local_C4_25_load"   --->   Operation 47 'read' 'local_C4_25_load_read' <Predicate = true> <Delay = 0.00>
ST_1 : Operation 48 [1/1] (0.00ns)   --->   "%local_C4_24_load_read = read i32 @_ssdm_op_Read.ap_auto.float, i32 %local_C4_24_load"   --->   Operation 48 'read' 'local_C4_24_load_read' <Predicate = true> <Delay = 0.00>
ST_1 : Operation 49 [1/1] (0.00ns)   --->   "%local_C4_23_load_read = read i32 @_ssdm_op_Read.ap_auto.float, i32 %local_C4_23_load"   --->   Operation 49 'read' 'local_C4_23_load_read' <Predicate = true> <Delay = 0.00>
ST_1 : Operation 50 [1/1] (0.00ns)   --->   "%local_C4_22_load_read = read i32 @_ssdm_op_Read.ap_auto.float, i32 %local_C4_22_load"   --->   Operation 50 'read' 'local_C4_22_load_read' <Predicate = true> <Delay = 0.00>
ST_1 : Operation 51 [1/1] (0.00ns)   --->   "%local_C4_21_load_read = read i32 @_ssdm_op_Read.ap_auto.float, i32 %local_C4_21_load"   --->   Operation 51 'read' 'local_C4_21_load_read' <Predicate = true> <Delay = 0.00>
ST_1 : Operation 52 [1/1] (0.00ns)   --->   "%local_C4_20_load_read = read i32 @_ssdm_op_Read.ap_auto.float, i32 %local_C4_20_load"   --->   Operation 52 'read' 'local_C4_20_load_read' <Predicate = true> <Delay = 0.00>
ST_1 : Operation 53 [1/1] (0.00ns)   --->   "%local_C4_19_load_read = read i32 @_ssdm_op_Read.ap_auto.float, i32 %local_C4_19_load"   --->   Operation 53 'read' 'local_C4_19_load_read' <Predicate = true> <Delay = 0.00>
ST_1 : Operation 54 [1/1] (0.00ns)   --->   "%local_C4_18_load_read = read i32 @_ssdm_op_Read.ap_auto.float, i32 %local_C4_18_load"   --->   Operation 54 'read' 'local_C4_18_load_read' <Predicate = true> <Delay = 0.00>
ST_1 : Operation 55 [1/1] (0.00ns)   --->   "%local_C4_17_load_read = read i32 @_ssdm_op_Read.ap_auto.float, i32 %local_C4_17_load"   --->   Operation 55 'read' 'local_C4_17_load_read' <Predicate = true> <Delay = 0.00>
ST_1 : Operation 56 [1/1] (0.00ns)   --->   "%local_C4_16_load_read = read i32 @_ssdm_op_Read.ap_auto.float, i32 %local_C4_16_load"   --->   Operation 56 'read' 'local_C4_16_load_read' <Predicate = true> <Delay = 0.00>
ST_1 : Operation 57 [1/1] (0.00ns)   --->   "%local_C4_15_load_read = read i32 @_ssdm_op_Read.ap_auto.float, i32 %local_C4_15_load"   --->   Operation 57 'read' 'local_C4_15_load_read' <Predicate = true> <Delay = 0.00>
ST_1 : Operation 58 [1/1] (0.00ns)   --->   "%local_C4_14_load_read = read i32 @_ssdm_op_Read.ap_auto.float, i32 %local_C4_14_load"   --->   Operation 58 'read' 'local_C4_14_load_read' <Predicate = true> <Delay = 0.00>
ST_1 : Operation 59 [1/1] (0.00ns)   --->   "%local_C4_13_load_read = read i32 @_ssdm_op_Read.ap_auto.float, i32 %local_C4_13_load"   --->   Operation 59 'read' 'local_C4_13_load_read' <Predicate = true> <Delay = 0.00>
ST_1 : Operation 60 [1/1] (0.00ns)   --->   "%local_C4_12_load_read = read i32 @_ssdm_op_Read.ap_auto.float, i32 %local_C4_12_load"   --->   Operation 60 'read' 'local_C4_12_load_read' <Predicate = true> <Delay = 0.00>
ST_1 : Operation 61 [1/1] (0.00ns)   --->   "%local_C4_11_load_read = read i32 @_ssdm_op_Read.ap_auto.float, i32 %local_C4_11_load"   --->   Operation 61 'read' 'local_C4_11_load_read' <Predicate = true> <Delay = 0.00>
ST_1 : Operation 62 [1/1] (0.00ns)   --->   "%local_C4_10_load_read = read i32 @_ssdm_op_Read.ap_auto.float, i32 %local_C4_10_load"   --->   Operation 62 'read' 'local_C4_10_load_read' <Predicate = true> <Delay = 0.00>
ST_1 : Operation 63 [1/1] (0.00ns)   --->   "%local_C4_9_load_read = read i32 @_ssdm_op_Read.ap_auto.float, i32 %local_C4_9_load"   --->   Operation 63 'read' 'local_C4_9_load_read' <Predicate = true> <Delay = 0.00>
ST_1 : Operation 64 [1/1] (0.00ns)   --->   "%local_C4_8_load_read = read i32 @_ssdm_op_Read.ap_auto.float, i32 %local_C4_8_load"   --->   Operation 64 'read' 'local_C4_8_load_read' <Predicate = true> <Delay = 0.00>
ST_1 : Operation 65 [1/1] (0.00ns)   --->   "%local_C4_7_load_read = read i32 @_ssdm_op_Read.ap_auto.float, i32 %local_C4_7_load"   --->   Operation 65 'read' 'local_C4_7_load_read' <Predicate = true> <Delay = 0.00>
ST_1 : Operation 66 [1/1] (0.00ns)   --->   "%local_C4_6_load_read = read i32 @_ssdm_op_Read.ap_auto.float, i32 %local_C4_6_load"   --->   Operation 66 'read' 'local_C4_6_load_read' <Predicate = true> <Delay = 0.00>
ST_1 : Operation 67 [1/1] (0.00ns)   --->   "%local_C4_5_load_read = read i32 @_ssdm_op_Read.ap_auto.float, i32 %local_C4_5_load"   --->   Operation 67 'read' 'local_C4_5_load_read' <Predicate = true> <Delay = 0.00>
ST_1 : Operation 68 [1/1] (0.00ns)   --->   "%local_C4_4_load_read = read i32 @_ssdm_op_Read.ap_auto.float, i32 %local_C4_4_load"   --->   Operation 68 'read' 'local_C4_4_load_read' <Predicate = true> <Delay = 0.00>
ST_1 : Operation 69 [1/1] (0.00ns)   --->   "%local_C4_3_load_read = read i32 @_ssdm_op_Read.ap_auto.float, i32 %local_C4_3_load"   --->   Operation 69 'read' 'local_C4_3_load_read' <Predicate = true> <Delay = 0.00>
ST_1 : Operation 70 [1/1] (0.00ns)   --->   "%local_C4_2_load_read = read i32 @_ssdm_op_Read.ap_auto.float, i32 %local_C4_2_load"   --->   Operation 70 'read' 'local_C4_2_load_read' <Predicate = true> <Delay = 0.00>
ST_1 : Operation 71 [1/1] (0.00ns)   --->   "%local_C4_1_load_read = read i32 @_ssdm_op_Read.ap_auto.float, i32 %local_C4_1_load"   --->   Operation 71 'read' 'local_C4_1_load_read' <Predicate = true> <Delay = 0.00>
ST_1 : Operation 72 [1/1] (0.00ns)   --->   "%local_C4_load_read = read i32 @_ssdm_op_Read.ap_auto.float, i32 %local_C4_load"   --->   Operation 72 'read' 'local_C4_load_read' <Predicate = true> <Delay = 0.00>
ST_1 : Operation 73 [1/1] (0.00ns)   --->   "%tmp_16_read = read i10 @_ssdm_op_Read.ap_auto.i10, i10 %tmp_16"   --->   Operation 73 'read' 'tmp_16_read' <Predicate = true> <Delay = 0.00>
ST_1 : Operation 74 [1/1] (0.38ns)   --->   "%store_ln0 = store i7 0, i7 %indvar_flatten13"   --->   Operation 74 'store' 'store_ln0' <Predicate = true> <Delay = 0.38>
ST_1 : Operation 75 [1/1] (0.38ns)   --->   "%store_ln12626 = store i4 0, i4 %sj4" [/home/silvenchen/Desktop/DitBlock/WorkDCT/DitBlock/kernel.cpp:12626]   --->   Operation 75 'store' 'store_ln12626' <Predicate = true> <Delay = 0.38>
ST_1 : Operation 76 [1/1] (0.38ns)   --->   "%store_ln12627 = store i4 0, i4 %si4" [/home/silvenchen/Desktop/DitBlock/WorkDCT/DitBlock/kernel.cpp:12627]   --->   Operation 76 'store' 'store_ln12627' <Predicate = true> <Delay = 0.38>
ST_1 : Operation 77 [1/1] (0.00ns)   --->   "%br_ln0 = br void %for.inc68"   --->   Operation 77 'br' 'br_ln0' <Predicate = true> <Delay = 0.00>
ST_1 : Operation 78 [1/1] (0.00ns)   --->   "%indvar_flatten13_load = load i7 %indvar_flatten13" [/home/silvenchen/Desktop/DitBlock/WorkDCT/DitBlock/kernel.cpp:12626]   --->   Operation 78 'load' 'indvar_flatten13_load' <Predicate = true> <Delay = 0.00>
ST_1 : Operation 79 [1/1] (0.70ns)   --->   "%icmp_ln12626 = icmp_eq  i7 %indvar_flatten13_load, i7 64" [/home/silvenchen/Desktop/DitBlock/WorkDCT/DitBlock/kernel.cpp:12626]   --->   Operation 79 'icmp' 'icmp_ln12626' <Predicate = true> <Delay = 0.70> <CoreInst = "Cmp">   --->   Core 9 'Cmp' <Latency = 0> <II = 1> <Delay = 0.70> <FuncUnit> <Opcode : 'icmp'> <InPorts = 2> <OutPorts = 1>
ST_1 : Operation 80 [1/1] (0.70ns)   --->   "%add_ln12626_1 = add i7 %indvar_flatten13_load, i7 1" [/home/silvenchen/Desktop/DitBlock/WorkDCT/DitBlock/kernel.cpp:12626]   --->   Operation 80 'add' 'add_ln12626_1' <Predicate = true> <Delay = 0.70> <CoreInst = "Adder">   --->   Core 1 'Adder' <Latency = 0> <II = 1> <Delay = 0.70> <FuncUnit> <Opcode : 'add' 'sub'> <InPorts = 2> <OutPorts = 1>
ST_1 : Operation 81 [1/1] (0.00ns)   --->   "%br_ln12626 = br i1 %icmp_ln12626, void %for.inc71, void %for.inc74.exitStub" [/home/silvenchen/Desktop/DitBlock/WorkDCT/DitBlock/kernel.cpp:12626]   --->   Operation 81 'br' 'br_ln12626' <Predicate = true> <Delay = 0.00>
ST_1 : Operation 82 [1/1] (0.00ns)   --->   "%si4_load = load i4 %si4" [/home/silvenchen/Desktop/DitBlock/WorkDCT/DitBlock/kernel.cpp:12627]   --->   Operation 82 'load' 'si4_load' <Predicate = (!icmp_ln12626)> <Delay = 0.00>
ST_1 : Operation 83 [1/1] (0.00ns)   --->   "%sj4_load = load i4 %sj4" [/home/silvenchen/Desktop/DitBlock/WorkDCT/DitBlock/kernel.cpp:12626]   --->   Operation 83 'load' 'sj4_load' <Predicate = (!icmp_ln12626)> <Delay = 0.00>
ST_1 : Operation 84 [1/1] (0.70ns)   --->   "%add_ln12626 = add i4 %sj4_load, i4 1" [/home/silvenchen/Desktop/DitBlock/WorkDCT/DitBlock/kernel.cpp:12626]   --->   Operation 84 'add' 'add_ln12626' <Predicate = (!icmp_ln12626)> <Delay = 0.70> <CoreInst = "Adder">   --->   Core 1 'Adder' <Latency = 0> <II = 1> <Delay = 0.70> <FuncUnit> <Opcode : 'add' 'sub'> <InPorts = 2> <OutPorts = 1>
ST_1 : Operation 85 [1/1] (0.00ns)   --->   "%specloopname_ln0 = specloopname void @_ssdm_op_SpecLoopName, void @l_store_C_tile_sj4_l_si4_str"   --->   Operation 85 'specloopname' 'specloopname_ln0' <Predicate = (!icmp_ln12626)> <Delay = 0.00>
ST_1 : Operation 86 [1/1] (0.00ns)   --->   "%speclooptripcount_ln0 = speclooptripcount void @_ssdm_op_SpecLoopTripCount, i64 64, i64 64, i64 64"   --->   Operation 86 'speclooptripcount' 'speclooptripcount_ln0' <Predicate = (!icmp_ln12626)> <Delay = 0.00>
ST_1 : Operation 87 [1/1] (0.70ns)   --->   "%icmp_ln12627 = icmp_eq  i4 %si4_load, i4 8" [/home/silvenchen/Desktop/DitBlock/WorkDCT/DitBlock/kernel.cpp:12627]   --->   Operation 87 'icmp' 'icmp_ln12627' <Predicate = (!icmp_ln12626)> <Delay = 0.70> <CoreInst = "Cmp">   --->   Core 9 'Cmp' <Latency = 0> <II = 1> <Delay = 0.70> <FuncUnit> <Opcode : 'icmp'> <InPorts = 2> <OutPorts = 1>
ST_1 : Operation 88 [1/1] (0.35ns)   --->   "%select_ln12626 = select i1 %icmp_ln12627, i4 0, i4 %si4_load" [/home/silvenchen/Desktop/DitBlock/WorkDCT/DitBlock/kernel.cpp:12626]   --->   Operation 88 'select' 'select_ln12626' <Predicate = (!icmp_ln12626)> <Delay = 0.35> <CoreInst = "Sel">   --->   Core 73 'Sel' <Latency = 0> <II = 1> <Delay = 0.35> <FuncUnit> <Opcode : 'select'> <InPorts = 3> <OutPorts = 1>
ST_1 : Operation 89 [1/1] (0.35ns)   --->   "%select_ln12626_1 = select i1 %icmp_ln12627, i4 %add_ln12626, i4 %sj4_load" [/home/silvenchen/Desktop/DitBlock/WorkDCT/DitBlock/kernel.cpp:12626]   --->   Operation 89 'select' 'select_ln12626_1' <Predicate = (!icmp_ln12626)> <Delay = 0.35> <CoreInst = "Sel">   --->   Core 73 'Sel' <Latency = 0> <II = 1> <Delay = 0.35> <FuncUnit> <Opcode : 'select'> <InPorts = 3> <OutPorts = 1>
ST_1 : Operation 90 [1/1] (0.00ns)   --->   "%zext_ln12626 = zext i4 %select_ln12626_1" [/home/silvenchen/Desktop/DitBlock/WorkDCT/DitBlock/kernel.cpp:12626]   --->   Operation 90 'zext' 'zext_ln12626' <Predicate = (!icmp_ln12626)> <Delay = 0.00>
ST_1 : Operation 91 [1/1] (0.00ns)   --->   "%trunc_ln12626 = trunc i4 %select_ln12626_1" [/home/silvenchen/Desktop/DitBlock/WorkDCT/DitBlock/kernel.cpp:12626]   --->   Operation 91 'trunc' 'trunc_ln12626' <Predicate = (!icmp_ln12626)> <Delay = 0.00>
ST_1 : Operation 92 [1/1] (0.72ns)   --->   "%empty = add i10 %tmp_16_read, i10 %zext_ln12626" [/home/silvenchen/Desktop/DitBlock/WorkDCT/DitBlock/kernel.cpp:12626]   --->   Operation 92 'add' 'empty' <Predicate = (!icmp_ln12626)> <Delay = 0.72> <CoreInst = "Adder">   --->   Core 1 'Adder' <Latency = 0> <II = 1> <Delay = 0.72> <FuncUnit> <Opcode : 'add' 'sub'> <InPorts = 2> <OutPorts = 1>
ST_1 : Operation 93 [1/1] (0.58ns)   --->   "%tmp = sparsemux i32 @_ssdm_op_SparseMux.ap_auto.8f32.f32.i3, i3 0, i32 %local_C4_load_read, i3 1, i32 %local_C4_1_load_read, i3 2, i32 %local_C4_2_load_read, i3 3, i32 %local_C4_3_load_read, i3 4, i32 %local_C4_4_load_read, i3 5, i32 %local_C4_5_load_read, i3 6, i32 %local_C4_6_load_read, i3 7, i32 %local_C4_7_load_read, i32 <undef>, i3 %trunc_ln12626" [/home/silvenchen/Desktop/DitBlock/WorkDCT/DitBlock/kernel.cpp:12629]   --->   Operation 93 'sparsemux' 'tmp' <Predicate = (!icmp_ln12626)> <Delay = 0.58> <CoreInst = "SparseMux">   --->   Core 147 'SparseMux' <Latency = 0> <II = 1> <Delay = 0.58> <FuncUnit> <Opcode : 'sparsemux'> <InPorts = 2> <OutPorts = 1>
ST_1 : Operation 94 [1/1] (0.58ns)   --->   "%tmp_9 = sparsemux i32 @_ssdm_op_SparseMux.ap_auto.8f32.f32.i3, i3 0, i32 %local_C4_8_load_read, i3 1, i32 %local_C4_9_load_read, i3 2, i32 %local_C4_10_load_read, i3 3, i32 %local_C4_11_load_read, i3 4, i32 %local_C4_12_load_read, i3 5, i32 %local_C4_13_load_read, i3 6, i32 %local_C4_14_load_read, i3 7, i32 %local_C4_15_load_read, i32 <undef>, i3 %trunc_ln12626" [/home/silvenchen/Desktop/DitBlock/WorkDCT/DitBlock/kernel.cpp:12629]   --->   Operation 94 'sparsemux' 'tmp_9' <Predicate = (!icmp_ln12626)> <Delay = 0.58> <CoreInst = "SparseMux">   --->   Core 147 'SparseMux' <Latency = 0> <II = 1> <Delay = 0.58> <FuncUnit> <Opcode : 'sparsemux'> <InPorts = 2> <OutPorts = 1>
ST_1 : Operation 95 [1/1] (0.58ns)   --->   "%tmp_s = sparsemux i32 @_ssdm_op_SparseMux.ap_auto.8f32.f32.i3, i3 0, i32 %local_C4_16_load_read, i3 1, i32 %local_C4_17_load_read, i3 2, i32 %local_C4_18_load_read, i3 3, i32 %local_C4_19_load_read, i3 4, i32 %local_C4_20_load_read, i3 5, i32 %local_C4_21_load_read, i3 6, i32 %local_C4_22_load_read, i3 7, i32 %local_C4_23_load_read, i32 <undef>, i3 %trunc_ln12626" [/home/silvenchen/Desktop/DitBlock/WorkDCT/DitBlock/kernel.cpp:12629]   --->   Operation 95 'sparsemux' 'tmp_s' <Predicate = (!icmp_ln12626)> <Delay = 0.58> <CoreInst = "SparseMux">   --->   Core 147 'SparseMux' <Latency = 0> <II = 1> <Delay = 0.58> <FuncUnit> <Opcode : 'sparsemux'> <InPorts = 2> <OutPorts = 1>
ST_1 : Operation 96 [1/1] (0.58ns)   --->   "%tmp_1 = sparsemux i32 @_ssdm_op_SparseMux.ap_auto.8f32.f32.i3, i3 0, i32 %local_C4_24_load_read, i3 1, i32 %local_C4_25_load_read, i3 2, i32 %local_C4_26_load_read, i3 3, i32 %local_C4_27_load_read, i3 4, i32 %local_C4_28_load_read, i3 5, i32 %local_C4_29_load_read, i3 6, i32 %local_C4_30_load_read, i3 7, i32 %local_C4_31_load_read, i32 <undef>, i3 %trunc_ln12626" [/home/silvenchen/Desktop/DitBlock/WorkDCT/DitBlock/kernel.cpp:12629]   --->   Operation 96 'sparsemux' 'tmp_1' <Predicate = (!icmp_ln12626)> <Delay = 0.58> <CoreInst = "SparseMux">   --->   Core 147 'SparseMux' <Latency = 0> <II = 1> <Delay = 0.58> <FuncUnit> <Opcode : 'sparsemux'> <InPorts = 2> <OutPorts = 1>
ST_1 : Operation 97 [1/1] (0.58ns)   --->   "%tmp_2 = sparsemux i32 @_ssdm_op_SparseMux.ap_auto.8f32.f32.i3, i3 0, i32 %local_C4_32_load_read, i3 1, i32 %local_C4_33_load_read, i3 2, i32 %local_C4_34_load_read, i3 3, i32 %local_C4_35_load_read, i3 4, i32 %local_C4_36_load_read, i3 5, i32 %local_C4_37_load_read, i3 6, i32 %local_C4_38_load_read, i3 7, i32 %local_C4_39_load_read, i32 <undef>, i3 %trunc_ln12626" [/home/silvenchen/Desktop/DitBlock/WorkDCT/DitBlock/kernel.cpp:12629]   --->   Operation 97 'sparsemux' 'tmp_2' <Predicate = (!icmp_ln12626)> <Delay = 0.58> <CoreInst = "SparseMux">   --->   Core 147 'SparseMux' <Latency = 0> <II = 1> <Delay = 0.58> <FuncUnit> <Opcode : 'sparsemux'> <InPorts = 2> <OutPorts = 1>
ST_1 : Operation 98 [1/1] (0.58ns)   --->   "%tmp_3 = sparsemux i32 @_ssdm_op_SparseMux.ap_auto.8f32.f32.i3, i3 0, i32 %local_C4_40_load_read, i3 1, i32 %local_C4_41_load_read, i3 2, i32 %local_C4_42_load_read, i3 3, i32 %local_C4_43_load_read, i3 4, i32 %local_C4_44_load_read, i3 5, i32 %local_C4_45_load_read, i3 6, i32 %local_C4_46_load_read, i3 7, i32 %local_C4_47_load_read, i32 <undef>, i3 %trunc_ln12626" [/home/silvenchen/Desktop/DitBlock/WorkDCT/DitBlock/kernel.cpp:12629]   --->   Operation 98 'sparsemux' 'tmp_3' <Predicate = (!icmp_ln12626)> <Delay = 0.58> <CoreInst = "SparseMux">   --->   Core 147 'SparseMux' <Latency = 0> <II = 1> <Delay = 0.58> <FuncUnit> <Opcode : 'sparsemux'> <InPorts = 2> <OutPorts = 1>
ST_1 : Operation 99 [1/1] (0.58ns)   --->   "%tmp_4 = sparsemux i32 @_ssdm_op_SparseMux.ap_auto.8f32.f32.i3, i3 0, i32 %local_C4_48_load_read, i3 1, i32 %local_C4_49_load_read, i3 2, i32 %local_C4_50_load_read, i3 3, i32 %local_C4_51_load_read, i3 4, i32 %local_C4_52_load_read, i3 5, i32 %local_C4_53_load_read, i3 6, i32 %local_C4_54_load_read, i3 7, i32 %local_C4_55_load_read, i32 <undef>, i3 %trunc_ln12626" [/home/silvenchen/Desktop/DitBlock/WorkDCT/DitBlock/kernel.cpp:12629]   --->   Operation 99 'sparsemux' 'tmp_4' <Predicate = (!icmp_ln12626)> <Delay = 0.58> <CoreInst = "SparseMux">   --->   Core 147 'SparseMux' <Latency = 0> <II = 1> <Delay = 0.58> <FuncUnit> <Opcode : 'sparsemux'> <InPorts = 2> <OutPorts = 1>
ST_1 : Operation 100 [1/1] (0.58ns)   --->   "%tmp_5 = sparsemux i32 @_ssdm_op_SparseMux.ap_auto.8f32.f32.i3, i3 0, i32 %local_C4_56_load_read, i3 1, i32 %local_C4_57_load_read, i3 2, i32 %local_C4_58_load_read, i3 3, i32 %local_C4_59_load_read, i3 4, i32 %local_C4_60_load_read, i3 5, i32 %local_C4_61_load_read, i3 6, i32 %local_C4_62_load_read, i3 7, i32 %local_C4_63_load_read, i32 <undef>, i3 %trunc_ln12626" [/home/silvenchen/Desktop/DitBlock/WorkDCT/DitBlock/kernel.cpp:12629]   --->   Operation 100 'sparsemux' 'tmp_5' <Predicate = (!icmp_ln12626)> <Delay = 0.58> <CoreInst = "SparseMux">   --->   Core 147 'SparseMux' <Latency = 0> <II = 1> <Delay = 0.58> <FuncUnit> <Opcode : 'sparsemux'> <InPorts = 2> <OutPorts = 1>
ST_1 : Operation 101 [1/1] (0.00ns)   --->   "%zext_ln12627 = zext i4 %select_ln12626" [/home/silvenchen/Desktop/DitBlock/WorkDCT/DitBlock/kernel.cpp:12627]   --->   Operation 101 'zext' 'zext_ln12627' <Predicate = (!icmp_ln12626)> <Delay = 0.00>
ST_1 : Operation 102 [1/1] (0.00ns)   --->   "%specpipeline_ln12628 = specpipeline void @_ssdm_op_SpecPipeline, i32 1, i32 0, i32 0, i32 0, void @empty_219" [/home/silvenchen/Desktop/DitBlock/WorkDCT/DitBlock/kernel.cpp:12628]   --->   Operation 102 'specpipeline' 'specpipeline_ln12628' <Predicate = (!icmp_ln12626)> <Delay = 0.00>
ST_1 : Operation 103 [1/1] (0.00ns)   --->   "%trunc_ln12627 = trunc i4 %select_ln12626" [/home/silvenchen/Desktop/DitBlock/WorkDCT/DitBlock/kernel.cpp:12627]   --->   Operation 103 'trunc' 'trunc_ln12627' <Predicate = (!icmp_ln12626)> <Delay = 0.00>
ST_1 : Operation 104 [1/1] (0.58ns)   --->   "%v6900 = sparsemux i32 @_ssdm_op_SparseMux.ap_auto.8f32.f32.i3, i3 0, i32 %tmp, i3 1, i32 %tmp_9, i3 2, i32 %tmp_s, i3 3, i32 %tmp_1, i3 4, i32 %tmp_2, i3 5, i32 %tmp_3, i3 6, i32 %tmp_4, i3 7, i32 %tmp_5, i32 <undef>, i3 %trunc_ln12627" [/home/silvenchen/Desktop/DitBlock/WorkDCT/DitBlock/kernel.cpp:12629]   --->   Operation 104 'sparsemux' 'v6900' <Predicate = (!icmp_ln12626)> <Delay = 0.58> <CoreInst = "SparseMux">   --->   Core 147 'SparseMux' <Latency = 0> <II = 1> <Delay = 0.58> <FuncUnit> <Opcode : 'sparsemux'> <InPorts = 2> <OutPorts = 1>
ST_1 : Operation 105 [1/1] (0.72ns)   --->   "%add_ln12630 = add i10 %p_mid2_read, i10 %zext_ln12627" [/home/silvenchen/Desktop/DitBlock/WorkDCT/DitBlock/kernel.cpp:12630]   --->   Operation 105 'add' 'add_ln12630' <Predicate = (!icmp_ln12626)> <Delay = 0.72> <CoreInst = "Adder">   --->   Core 1 'Adder' <Latency = 0> <II = 1> <Delay = 0.72> <FuncUnit> <Opcode : 'add' 'sub'> <InPorts = 2> <OutPorts = 1>
ST_1 : Operation 106 [1/1] (0.00ns)   --->   "%tmp_6 = bitconcatenate i20 @_ssdm_op_BitConcatenate.i20.i10.i10, i10 %add_ln12630, i10 %empty" [/home/silvenchen/Desktop/DitBlock/WorkDCT/DitBlock/kernel.cpp:12630]   --->   Operation 106 'bitconcatenate' 'tmp_6' <Predicate = (!icmp_ln12626)> <Delay = 0.00>
ST_1 : Operation 107 [1/1] (0.00ns)   --->   "%zext_ln12630 = zext i20 %tmp_6" [/home/silvenchen/Desktop/DitBlock/WorkDCT/DitBlock/kernel.cpp:12630]   --->   Operation 107 'zext' 'zext_ln12630' <Predicate = (!icmp_ln12626)> <Delay = 0.00>
ST_1 : Operation 108 [1/1] (0.00ns)   --->   "%v6884_addr = getelementptr i32 %v6884, i64 0, i64 %zext_ln12630" [/home/silvenchen/Desktop/DitBlock/WorkDCT/DitBlock/kernel.cpp:12630]   --->   Operation 108 'getelementptr' 'v6884_addr' <Predicate = (!icmp_ln12626)> <Delay = 0.00>
ST_1 : Operation 109 [1/1] (2.66ns)   --->   "%store_ln12630 = store i32 %v6900, i20 %v6884_addr" [/home/silvenchen/Desktop/DitBlock/WorkDCT/DitBlock/kernel.cpp:12630]   --->   Operation 109 'store' 'store_ln12630' <Predicate = (!icmp_ln12626)> <Delay = 2.66> <CoreInst = "RAM_2P_URAM">   --->   Core 95 'RAM_2P_URAM' <Latency = 1> <II = 1> <Delay = 2.66> <Storage> <Opcode : 'load' 'store'> <Ports = 2> <Width = 32> <Depth = 1048576> <RAM>
ST_1 : Operation 110 [1/1] (0.70ns)   --->   "%add_ln12627 = add i4 %select_ln12626, i4 1" [/home/silvenchen/Desktop/DitBlock/WorkDCT/DitBlock/kernel.cpp:12627]   --->   Operation 110 'add' 'add_ln12627' <Predicate = (!icmp_ln12626)> <Delay = 0.70> <CoreInst = "Adder">   --->   Core 1 'Adder' <Latency = 0> <II = 1> <Delay = 0.70> <FuncUnit> <Opcode : 'add' 'sub'> <InPorts = 2> <OutPorts = 1>
ST_1 : Operation 111 [1/1] (0.38ns)   --->   "%store_ln12626 = store i7 %add_ln12626_1, i7 %indvar_flatten13" [/home/silvenchen/Desktop/DitBlock/WorkDCT/DitBlock/kernel.cpp:12626]   --->   Operation 111 'store' 'store_ln12626' <Predicate = (!icmp_ln12626)> <Delay = 0.38>
ST_1 : Operation 112 [1/1] (0.38ns)   --->   "%store_ln12626 = store i4 %select_ln12626_1, i4 %sj4" [/home/silvenchen/Desktop/DitBlock/WorkDCT/DitBlock/kernel.cpp:12626]   --->   Operation 112 'store' 'store_ln12626' <Predicate = (!icmp_ln12626)> <Delay = 0.38>
ST_1 : Operation 113 [1/1] (0.38ns)   --->   "%store_ln12627 = store i4 %add_ln12627, i4 %si4" [/home/silvenchen/Desktop/DitBlock/WorkDCT/DitBlock/kernel.cpp:12627]   --->   Operation 113 'store' 'store_ln12627' <Predicate = (!icmp_ln12626)> <Delay = 0.38>
ST_1 : Operation 114 [1/1] (0.00ns)   --->   "%br_ln12627 = br void %for.inc68" [/home/silvenchen/Desktop/DitBlock/WorkDCT/DitBlock/kernel.cpp:12627]   --->   Operation 114 'br' 'br_ln12627' <Predicate = (!icmp_ln12626)> <Delay = 0.00>
ST_1 : Operation 115 [1/1] (0.00ns)   --->   "%ret_ln0 = ret"   --->   Operation 115 'ret' 'ret_ln0' <Predicate = (icmp_ln12626)> <Delay = 0.00>


============================================================
+ Verbose Summary: Timing violations
============================================================
Target clock period: 10.000ns, clock uncertainty: 2.700ns.

 <State 1>: 5.278ns
The critical path consists of the following:
	'store' operation 0 bit ('store_ln12626', /home/silvenchen/Desktop/DitBlock/WorkDCT/DitBlock/kernel.cpp:12626) of constant 0 on local variable 'sj4', /home/silvenchen/Desktop/DitBlock/WorkDCT/DitBlock/kernel.cpp:12626 [139]  (0.387 ns)
	'load' operation 4 bit ('sj4_load', /home/silvenchen/Desktop/DitBlock/WorkDCT/DitBlock/kernel.cpp:12626) on local variable 'sj4', /home/silvenchen/Desktop/DitBlock/WorkDCT/DitBlock/kernel.cpp:12626 [149]  (0.000 ns)
	'add' operation 4 bit ('add_ln12626', /home/silvenchen/Desktop/DitBlock/WorkDCT/DitBlock/kernel.cpp:12626) [150]  (0.708 ns)
	'select' operation 4 bit ('select_ln12626_1', /home/silvenchen/Desktop/DitBlock/WorkDCT/DitBlock/kernel.cpp:12626) [155]  (0.351 ns)
	'sparsemux' operation 32 bit ('tmp_1', /home/silvenchen/Desktop/DitBlock/WorkDCT/DitBlock/kernel.cpp:12629) [162]  (0.584 ns)
	'sparsemux' operation 32 bit ('v6900', /home/silvenchen/Desktop/DitBlock/WorkDCT/DitBlock/kernel.cpp:12629) [170]  (0.584 ns)
	'store' operation 0 bit ('store_ln12630', /home/silvenchen/Desktop/DitBlock/WorkDCT/DitBlock/kernel.cpp:12630) of variable 'v6900', /home/silvenchen/Desktop/DitBlock/WorkDCT/DitBlock/kernel.cpp:12629 on array 'v6884' [175]  (2.664 ns)


============================================================
+ Verbose Summary: Binding
============================================================
N/A
* FSMD analyzer results:
  - Output states:
 - Input state : 
  - Chain level:
	State 1


============================================================
+ Verbose Summary: Datapath Resource usage 
============================================================
N/A
