

================================================================
== Vitis HLS Report for 'systolic_QKT'
================================================================
* Date:           Wed Feb  5 22:34:39 2025

* Version:        2023.2 (Build 4023990 on Oct 11 2023)
* Project:        DitBlock
* Solution:       hls (Vivado IP Flow Target)
* Product family: virtexuplusHBM
* Target device:  xcu280-fsvh2892-2L-e


================================================================
== Performance Estimates
================================================================
+ Timing: 
    * Summary: 
    +--------+----------+----------+------------+
    |  Clock |  Target  | Estimated| Uncertainty|
    +--------+----------+----------+------------+
    |ap_clk  |  10.00 ns|  6.536 ns|     2.70 ns|
    +--------+----------+----------+------------+

+ Latency: 
    * Summary: 
    +----------+----------+-----------+-----------+----------+----------+---------+
    |   Latency (cycles)  |   Latency (absolute)  |       Interval      | Pipeline|
    |    min   |    max   |    min    |    max    |    min   |    max   |   Type  |
    +----------+----------+-----------+-----------+----------+----------+---------+
    |  12025857|  12025857|  0.120 sec|  0.120 sec|  12025857|  12025857|       no|
    +----------+----------+-----------+-----------+----------+----------+---------+

    + Detail: 
        * Instance: 
        N/A

        * Loop: 
        +--------------------------+----------+----------+----------+-----------+-----------+-------+----------+
        |                          |   Latency (cycles)  | Iteration|  Initiation Interval  |  Trip |          |
        |         Loop Name        |    min   |    max   |  Latency |  achieved |   target  | Count | Pipelined|
        +--------------------------+----------+----------+----------+-----------+-----------+-------+----------+
        |- l_outer_tile_mi4_l_ni4  |  12025856|  12025856|       734|          -|          -|  16384|        no|
        +--------------------------+----------+----------+----------+-----------+-----------+-------+----------+

============================================================
+ Verbose Summary: Synthesis Manager
============================================================
InlineROM: 1
ExposeGlobal: 0
============================================================
+ Verbose Summary: CDFG Model
============================================================
IsTopModel: 0
ResetActiveHigh: 1
IsCombinational: 0
IsDatapathOnly: 0
HasWiredReturn: 1
HasMFsm: 0
HasVarLatency: 1
IsPipeline: 0
IsRtlPipelined: 0
IsInstanceOverlapped: 0
IsDontTouch: 0
HasImplIP: 0
IsGatedGlobalClock: 0


============================================================
+ Verbose Summary: Schedule
============================================================
* Number of FSM states : 7
* Pipeline : 0
* Dataflow Pipeline: 0

* FSM state transitions: 
1 --> 2 
2 --> 3 
3 --> 4 
4 --> 5 
5 --> 6 
6 --> 7 
7 --> 2 

* FSM state operations: 

State 1 <SV = 0> <Delay = 0.38>
ST_1 : Operation 8 [1/1] (0.00ns)   --->   "%ni4 = alloca i32 1" [/home/silvenchen/Desktop/DitBlock/WorkDCT/DitBlock/kernel.cpp:12605]   --->   Operation 8 'alloca' 'ni4' <Predicate = true> <Delay = 0.00>
ST_1 : Operation 9 [1/1] (0.00ns)   --->   "%mi4 = alloca i32 1" [/home/silvenchen/Desktop/DitBlock/WorkDCT/DitBlock/kernel.cpp:12604]   --->   Operation 9 'alloca' 'mi4' <Predicate = true> <Delay = 0.00>
ST_1 : Operation 10 [1/1] (0.00ns)   --->   "%indvar_flatten20 = alloca i32 1"   --->   Operation 10 'alloca' 'indvar_flatten20' <Predicate = true> <Delay = 0.00>
ST_1 : Operation 11 [1/1] (0.00ns)   --->   "%specmemcore_ln0 = specmemcore void @_ssdm_op_SpecMemCore, i32 %v6884, i64 666, i64 24, i64 18446744073709551615"   --->   Operation 11 'specmemcore' 'specmemcore_ln0' <Predicate = true> <Delay = 0.00>
ST_1 : Operation 12 [1/1] (0.00ns)   --->   "%local_A4 = alloca i64 1" [/home/silvenchen/Desktop/DitBlock/WorkDCT/DitBlock/kernel.cpp:12594]   --->   Operation 12 'alloca' 'local_A4' <Predicate = true> <Delay = 0.00>
ST_1 : Operation 13 [1/1] (0.00ns)   --->   "%local_A4_1 = alloca i64 1" [/home/silvenchen/Desktop/DitBlock/WorkDCT/DitBlock/kernel.cpp:12594]   --->   Operation 13 'alloca' 'local_A4_1' <Predicate = true> <Delay = 0.00>
ST_1 : Operation 14 [1/1] (0.00ns)   --->   "%local_A4_2 = alloca i64 1" [/home/silvenchen/Desktop/DitBlock/WorkDCT/DitBlock/kernel.cpp:12594]   --->   Operation 14 'alloca' 'local_A4_2' <Predicate = true> <Delay = 0.00>
ST_1 : Operation 15 [1/1] (0.00ns)   --->   "%local_A4_3 = alloca i64 1" [/home/silvenchen/Desktop/DitBlock/WorkDCT/DitBlock/kernel.cpp:12594]   --->   Operation 15 'alloca' 'local_A4_3' <Predicate = true> <Delay = 0.00>
ST_1 : Operation 16 [1/1] (0.00ns)   --->   "%local_A4_4 = alloca i64 1" [/home/silvenchen/Desktop/DitBlock/WorkDCT/DitBlock/kernel.cpp:12594]   --->   Operation 16 'alloca' 'local_A4_4' <Predicate = true> <Delay = 0.00>
ST_1 : Operation 17 [1/1] (0.00ns)   --->   "%local_A4_5 = alloca i64 1" [/home/silvenchen/Desktop/DitBlock/WorkDCT/DitBlock/kernel.cpp:12594]   --->   Operation 17 'alloca' 'local_A4_5' <Predicate = true> <Delay = 0.00>
ST_1 : Operation 18 [1/1] (0.00ns)   --->   "%local_A4_6 = alloca i64 1" [/home/silvenchen/Desktop/DitBlock/WorkDCT/DitBlock/kernel.cpp:12594]   --->   Operation 18 'alloca' 'local_A4_6' <Predicate = true> <Delay = 0.00>
ST_1 : Operation 19 [1/1] (0.00ns)   --->   "%local_A4_7 = alloca i64 1" [/home/silvenchen/Desktop/DitBlock/WorkDCT/DitBlock/kernel.cpp:12594]   --->   Operation 19 'alloca' 'local_A4_7' <Predicate = true> <Delay = 0.00>
ST_1 : Operation 20 [1/1] (0.00ns)   --->   "%local_B4 = alloca i64 1" [/home/silvenchen/Desktop/DitBlock/WorkDCT/DitBlock/kernel.cpp:12597]   --->   Operation 20 'alloca' 'local_B4' <Predicate = true> <Delay = 0.00>
ST_1 : Operation 21 [1/1] (0.00ns)   --->   "%local_B4_1 = alloca i64 1" [/home/silvenchen/Desktop/DitBlock/WorkDCT/DitBlock/kernel.cpp:12597]   --->   Operation 21 'alloca' 'local_B4_1' <Predicate = true> <Delay = 0.00>
ST_1 : Operation 22 [1/1] (0.00ns)   --->   "%local_B4_2 = alloca i64 1" [/home/silvenchen/Desktop/DitBlock/WorkDCT/DitBlock/kernel.cpp:12597]   --->   Operation 22 'alloca' 'local_B4_2' <Predicate = true> <Delay = 0.00>
ST_1 : Operation 23 [1/1] (0.00ns)   --->   "%local_B4_3 = alloca i64 1" [/home/silvenchen/Desktop/DitBlock/WorkDCT/DitBlock/kernel.cpp:12597]   --->   Operation 23 'alloca' 'local_B4_3' <Predicate = true> <Delay = 0.00>
ST_1 : Operation 24 [1/1] (0.00ns)   --->   "%local_B4_4 = alloca i64 1" [/home/silvenchen/Desktop/DitBlock/WorkDCT/DitBlock/kernel.cpp:12597]   --->   Operation 24 'alloca' 'local_B4_4' <Predicate = true> <Delay = 0.00>
ST_1 : Operation 25 [1/1] (0.00ns)   --->   "%local_B4_5 = alloca i64 1" [/home/silvenchen/Desktop/DitBlock/WorkDCT/DitBlock/kernel.cpp:12597]   --->   Operation 25 'alloca' 'local_B4_5' <Predicate = true> <Delay = 0.00>
ST_1 : Operation 26 [1/1] (0.00ns)   --->   "%local_B4_6 = alloca i64 1" [/home/silvenchen/Desktop/DitBlock/WorkDCT/DitBlock/kernel.cpp:12597]   --->   Operation 26 'alloca' 'local_B4_6' <Predicate = true> <Delay = 0.00>
ST_1 : Operation 27 [1/1] (0.00ns)   --->   "%local_B4_7 = alloca i64 1" [/home/silvenchen/Desktop/DitBlock/WorkDCT/DitBlock/kernel.cpp:12597]   --->   Operation 27 'alloca' 'local_B4_7' <Predicate = true> <Delay = 0.00>
ST_1 : Operation 28 [1/1] (0.00ns)   --->   "%local_C4 = alloca i64 1" [/home/silvenchen/Desktop/DitBlock/WorkDCT/DitBlock/kernel.cpp:12600]   --->   Operation 28 'alloca' 'local_C4' <Predicate = true> <Delay = 0.00>
ST_1 : Operation 29 [1/1] (0.00ns)   --->   "%local_C4_1 = alloca i64 1" [/home/silvenchen/Desktop/DitBlock/WorkDCT/DitBlock/kernel.cpp:12600]   --->   Operation 29 'alloca' 'local_C4_1' <Predicate = true> <Delay = 0.00>
ST_1 : Operation 30 [1/1] (0.00ns)   --->   "%local_C4_2 = alloca i64 1" [/home/silvenchen/Desktop/DitBlock/WorkDCT/DitBlock/kernel.cpp:12600]   --->   Operation 30 'alloca' 'local_C4_2' <Predicate = true> <Delay = 0.00>
ST_1 : Operation 31 [1/1] (0.00ns)   --->   "%local_C4_3 = alloca i64 1" [/home/silvenchen/Desktop/DitBlock/WorkDCT/DitBlock/kernel.cpp:12600]   --->   Operation 31 'alloca' 'local_C4_3' <Predicate = true> <Delay = 0.00>
ST_1 : Operation 32 [1/1] (0.00ns)   --->   "%local_C4_4 = alloca i64 1" [/home/silvenchen/Desktop/DitBlock/WorkDCT/DitBlock/kernel.cpp:12600]   --->   Operation 32 'alloca' 'local_C4_4' <Predicate = true> <Delay = 0.00>
ST_1 : Operation 33 [1/1] (0.00ns)   --->   "%local_C4_5 = alloca i64 1" [/home/silvenchen/Desktop/DitBlock/WorkDCT/DitBlock/kernel.cpp:12600]   --->   Operation 33 'alloca' 'local_C4_5' <Predicate = true> <Delay = 0.00>
ST_1 : Operation 34 [1/1] (0.00ns)   --->   "%local_C4_6 = alloca i64 1" [/home/silvenchen/Desktop/DitBlock/WorkDCT/DitBlock/kernel.cpp:12600]   --->   Operation 34 'alloca' 'local_C4_6' <Predicate = true> <Delay = 0.00>
ST_1 : Operation 35 [1/1] (0.00ns)   --->   "%local_C4_7 = alloca i64 1" [/home/silvenchen/Desktop/DitBlock/WorkDCT/DitBlock/kernel.cpp:12600]   --->   Operation 35 'alloca' 'local_C4_7' <Predicate = true> <Delay = 0.00>
ST_1 : Operation 36 [1/1] (0.00ns)   --->   "%local_C4_8 = alloca i64 1" [/home/silvenchen/Desktop/DitBlock/WorkDCT/DitBlock/kernel.cpp:12600]   --->   Operation 36 'alloca' 'local_C4_8' <Predicate = true> <Delay = 0.00>
ST_1 : Operation 37 [1/1] (0.00ns)   --->   "%local_C4_9 = alloca i64 1" [/home/silvenchen/Desktop/DitBlock/WorkDCT/DitBlock/kernel.cpp:12600]   --->   Operation 37 'alloca' 'local_C4_9' <Predicate = true> <Delay = 0.00>
ST_1 : Operation 38 [1/1] (0.00ns)   --->   "%local_C4_10 = alloca i64 1" [/home/silvenchen/Desktop/DitBlock/WorkDCT/DitBlock/kernel.cpp:12600]   --->   Operation 38 'alloca' 'local_C4_10' <Predicate = true> <Delay = 0.00>
ST_1 : Operation 39 [1/1] (0.00ns)   --->   "%local_C4_11 = alloca i64 1" [/home/silvenchen/Desktop/DitBlock/WorkDCT/DitBlock/kernel.cpp:12600]   --->   Operation 39 'alloca' 'local_C4_11' <Predicate = true> <Delay = 0.00>
ST_1 : Operation 40 [1/1] (0.00ns)   --->   "%local_C4_12 = alloca i64 1" [/home/silvenchen/Desktop/DitBlock/WorkDCT/DitBlock/kernel.cpp:12600]   --->   Operation 40 'alloca' 'local_C4_12' <Predicate = true> <Delay = 0.00>
ST_1 : Operation 41 [1/1] (0.00ns)   --->   "%local_C4_13 = alloca i64 1" [/home/silvenchen/Desktop/DitBlock/WorkDCT/DitBlock/kernel.cpp:12600]   --->   Operation 41 'alloca' 'local_C4_13' <Predicate = true> <Delay = 0.00>
ST_1 : Operation 42 [1/1] (0.00ns)   --->   "%local_C4_14 = alloca i64 1" [/home/silvenchen/Desktop/DitBlock/WorkDCT/DitBlock/kernel.cpp:12600]   --->   Operation 42 'alloca' 'local_C4_14' <Predicate = true> <Delay = 0.00>
ST_1 : Operation 43 [1/1] (0.00ns)   --->   "%local_C4_15 = alloca i64 1" [/home/silvenchen/Desktop/DitBlock/WorkDCT/DitBlock/kernel.cpp:12600]   --->   Operation 43 'alloca' 'local_C4_15' <Predicate = true> <Delay = 0.00>
ST_1 : Operation 44 [1/1] (0.00ns)   --->   "%local_C4_16 = alloca i64 1" [/home/silvenchen/Desktop/DitBlock/WorkDCT/DitBlock/kernel.cpp:12600]   --->   Operation 44 'alloca' 'local_C4_16' <Predicate = true> <Delay = 0.00>
ST_1 : Operation 45 [1/1] (0.00ns)   --->   "%local_C4_17 = alloca i64 1" [/home/silvenchen/Desktop/DitBlock/WorkDCT/DitBlock/kernel.cpp:12600]   --->   Operation 45 'alloca' 'local_C4_17' <Predicate = true> <Delay = 0.00>
ST_1 : Operation 46 [1/1] (0.00ns)   --->   "%local_C4_18 = alloca i64 1" [/home/silvenchen/Desktop/DitBlock/WorkDCT/DitBlock/kernel.cpp:12600]   --->   Operation 46 'alloca' 'local_C4_18' <Predicate = true> <Delay = 0.00>
ST_1 : Operation 47 [1/1] (0.00ns)   --->   "%local_C4_19 = alloca i64 1" [/home/silvenchen/Desktop/DitBlock/WorkDCT/DitBlock/kernel.cpp:12600]   --->   Operation 47 'alloca' 'local_C4_19' <Predicate = true> <Delay = 0.00>
ST_1 : Operation 48 [1/1] (0.00ns)   --->   "%local_C4_20 = alloca i64 1" [/home/silvenchen/Desktop/DitBlock/WorkDCT/DitBlock/kernel.cpp:12600]   --->   Operation 48 'alloca' 'local_C4_20' <Predicate = true> <Delay = 0.00>
ST_1 : Operation 49 [1/1] (0.00ns)   --->   "%local_C4_21 = alloca i64 1" [/home/silvenchen/Desktop/DitBlock/WorkDCT/DitBlock/kernel.cpp:12600]   --->   Operation 49 'alloca' 'local_C4_21' <Predicate = true> <Delay = 0.00>
ST_1 : Operation 50 [1/1] (0.00ns)   --->   "%local_C4_22 = alloca i64 1" [/home/silvenchen/Desktop/DitBlock/WorkDCT/DitBlock/kernel.cpp:12600]   --->   Operation 50 'alloca' 'local_C4_22' <Predicate = true> <Delay = 0.00>
ST_1 : Operation 51 [1/1] (0.00ns)   --->   "%local_C4_23 = alloca i64 1" [/home/silvenchen/Desktop/DitBlock/WorkDCT/DitBlock/kernel.cpp:12600]   --->   Operation 51 'alloca' 'local_C4_23' <Predicate = true> <Delay = 0.00>
ST_1 : Operation 52 [1/1] (0.00ns)   --->   "%local_C4_24 = alloca i64 1" [/home/silvenchen/Desktop/DitBlock/WorkDCT/DitBlock/kernel.cpp:12600]   --->   Operation 52 'alloca' 'local_C4_24' <Predicate = true> <Delay = 0.00>
ST_1 : Operation 53 [1/1] (0.00ns)   --->   "%local_C4_25 = alloca i64 1" [/home/silvenchen/Desktop/DitBlock/WorkDCT/DitBlock/kernel.cpp:12600]   --->   Operation 53 'alloca' 'local_C4_25' <Predicate = true> <Delay = 0.00>
ST_1 : Operation 54 [1/1] (0.00ns)   --->   "%local_C4_26 = alloca i64 1" [/home/silvenchen/Desktop/DitBlock/WorkDCT/DitBlock/kernel.cpp:12600]   --->   Operation 54 'alloca' 'local_C4_26' <Predicate = true> <Delay = 0.00>
ST_1 : Operation 55 [1/1] (0.00ns)   --->   "%local_C4_27 = alloca i64 1" [/home/silvenchen/Desktop/DitBlock/WorkDCT/DitBlock/kernel.cpp:12600]   --->   Operation 55 'alloca' 'local_C4_27' <Predicate = true> <Delay = 0.00>
ST_1 : Operation 56 [1/1] (0.00ns)   --->   "%local_C4_28 = alloca i64 1" [/home/silvenchen/Desktop/DitBlock/WorkDCT/DitBlock/kernel.cpp:12600]   --->   Operation 56 'alloca' 'local_C4_28' <Predicate = true> <Delay = 0.00>
ST_1 : Operation 57 [1/1] (0.00ns)   --->   "%local_C4_29 = alloca i64 1" [/home/silvenchen/Desktop/DitBlock/WorkDCT/DitBlock/kernel.cpp:12600]   --->   Operation 57 'alloca' 'local_C4_29' <Predicate = true> <Delay = 0.00>
ST_1 : Operation 58 [1/1] (0.00ns)   --->   "%local_C4_30 = alloca i64 1" [/home/silvenchen/Desktop/DitBlock/WorkDCT/DitBlock/kernel.cpp:12600]   --->   Operation 58 'alloca' 'local_C4_30' <Predicate = true> <Delay = 0.00>
ST_1 : Operation 59 [1/1] (0.00ns)   --->   "%local_C4_31 = alloca i64 1" [/home/silvenchen/Desktop/DitBlock/WorkDCT/DitBlock/kernel.cpp:12600]   --->   Operation 59 'alloca' 'local_C4_31' <Predicate = true> <Delay = 0.00>
ST_1 : Operation 60 [1/1] (0.00ns)   --->   "%local_C4_32 = alloca i64 1" [/home/silvenchen/Desktop/DitBlock/WorkDCT/DitBlock/kernel.cpp:12600]   --->   Operation 60 'alloca' 'local_C4_32' <Predicate = true> <Delay = 0.00>
ST_1 : Operation 61 [1/1] (0.00ns)   --->   "%local_C4_33 = alloca i64 1" [/home/silvenchen/Desktop/DitBlock/WorkDCT/DitBlock/kernel.cpp:12600]   --->   Operation 61 'alloca' 'local_C4_33' <Predicate = true> <Delay = 0.00>
ST_1 : Operation 62 [1/1] (0.00ns)   --->   "%local_C4_34 = alloca i64 1" [/home/silvenchen/Desktop/DitBlock/WorkDCT/DitBlock/kernel.cpp:12600]   --->   Operation 62 'alloca' 'local_C4_34' <Predicate = true> <Delay = 0.00>
ST_1 : Operation 63 [1/1] (0.00ns)   --->   "%local_C4_35 = alloca i64 1" [/home/silvenchen/Desktop/DitBlock/WorkDCT/DitBlock/kernel.cpp:12600]   --->   Operation 63 'alloca' 'local_C4_35' <Predicate = true> <Delay = 0.00>
ST_1 : Operation 64 [1/1] (0.00ns)   --->   "%local_C4_36 = alloca i64 1" [/home/silvenchen/Desktop/DitBlock/WorkDCT/DitBlock/kernel.cpp:12600]   --->   Operation 64 'alloca' 'local_C4_36' <Predicate = true> <Delay = 0.00>
ST_1 : Operation 65 [1/1] (0.00ns)   --->   "%local_C4_37 = alloca i64 1" [/home/silvenchen/Desktop/DitBlock/WorkDCT/DitBlock/kernel.cpp:12600]   --->   Operation 65 'alloca' 'local_C4_37' <Predicate = true> <Delay = 0.00>
ST_1 : Operation 66 [1/1] (0.00ns)   --->   "%local_C4_38 = alloca i64 1" [/home/silvenchen/Desktop/DitBlock/WorkDCT/DitBlock/kernel.cpp:12600]   --->   Operation 66 'alloca' 'local_C4_38' <Predicate = true> <Delay = 0.00>
ST_1 : Operation 67 [1/1] (0.00ns)   --->   "%local_C4_39 = alloca i64 1" [/home/silvenchen/Desktop/DitBlock/WorkDCT/DitBlock/kernel.cpp:12600]   --->   Operation 67 'alloca' 'local_C4_39' <Predicate = true> <Delay = 0.00>
ST_1 : Operation 68 [1/1] (0.00ns)   --->   "%local_C4_40 = alloca i64 1" [/home/silvenchen/Desktop/DitBlock/WorkDCT/DitBlock/kernel.cpp:12600]   --->   Operation 68 'alloca' 'local_C4_40' <Predicate = true> <Delay = 0.00>
ST_1 : Operation 69 [1/1] (0.00ns)   --->   "%local_C4_41 = alloca i64 1" [/home/silvenchen/Desktop/DitBlock/WorkDCT/DitBlock/kernel.cpp:12600]   --->   Operation 69 'alloca' 'local_C4_41' <Predicate = true> <Delay = 0.00>
ST_1 : Operation 70 [1/1] (0.00ns)   --->   "%local_C4_42 = alloca i64 1" [/home/silvenchen/Desktop/DitBlock/WorkDCT/DitBlock/kernel.cpp:12600]   --->   Operation 70 'alloca' 'local_C4_42' <Predicate = true> <Delay = 0.00>
ST_1 : Operation 71 [1/1] (0.00ns)   --->   "%local_C4_43 = alloca i64 1" [/home/silvenchen/Desktop/DitBlock/WorkDCT/DitBlock/kernel.cpp:12600]   --->   Operation 71 'alloca' 'local_C4_43' <Predicate = true> <Delay = 0.00>
ST_1 : Operation 72 [1/1] (0.00ns)   --->   "%local_C4_44 = alloca i64 1" [/home/silvenchen/Desktop/DitBlock/WorkDCT/DitBlock/kernel.cpp:12600]   --->   Operation 72 'alloca' 'local_C4_44' <Predicate = true> <Delay = 0.00>
ST_1 : Operation 73 [1/1] (0.00ns)   --->   "%local_C4_45 = alloca i64 1" [/home/silvenchen/Desktop/DitBlock/WorkDCT/DitBlock/kernel.cpp:12600]   --->   Operation 73 'alloca' 'local_C4_45' <Predicate = true> <Delay = 0.00>
ST_1 : Operation 74 [1/1] (0.00ns)   --->   "%local_C4_46 = alloca i64 1" [/home/silvenchen/Desktop/DitBlock/WorkDCT/DitBlock/kernel.cpp:12600]   --->   Operation 74 'alloca' 'local_C4_46' <Predicate = true> <Delay = 0.00>
ST_1 : Operation 75 [1/1] (0.00ns)   --->   "%local_C4_47 = alloca i64 1" [/home/silvenchen/Desktop/DitBlock/WorkDCT/DitBlock/kernel.cpp:12600]   --->   Operation 75 'alloca' 'local_C4_47' <Predicate = true> <Delay = 0.00>
ST_1 : Operation 76 [1/1] (0.00ns)   --->   "%local_C4_48 = alloca i64 1" [/home/silvenchen/Desktop/DitBlock/WorkDCT/DitBlock/kernel.cpp:12600]   --->   Operation 76 'alloca' 'local_C4_48' <Predicate = true> <Delay = 0.00>
ST_1 : Operation 77 [1/1] (0.00ns)   --->   "%local_C4_49 = alloca i64 1" [/home/silvenchen/Desktop/DitBlock/WorkDCT/DitBlock/kernel.cpp:12600]   --->   Operation 77 'alloca' 'local_C4_49' <Predicate = true> <Delay = 0.00>
ST_1 : Operation 78 [1/1] (0.00ns)   --->   "%local_C4_50 = alloca i64 1" [/home/silvenchen/Desktop/DitBlock/WorkDCT/DitBlock/kernel.cpp:12600]   --->   Operation 78 'alloca' 'local_C4_50' <Predicate = true> <Delay = 0.00>
ST_1 : Operation 79 [1/1] (0.00ns)   --->   "%local_C4_51 = alloca i64 1" [/home/silvenchen/Desktop/DitBlock/WorkDCT/DitBlock/kernel.cpp:12600]   --->   Operation 79 'alloca' 'local_C4_51' <Predicate = true> <Delay = 0.00>
ST_1 : Operation 80 [1/1] (0.00ns)   --->   "%local_C4_52 = alloca i64 1" [/home/silvenchen/Desktop/DitBlock/WorkDCT/DitBlock/kernel.cpp:12600]   --->   Operation 80 'alloca' 'local_C4_52' <Predicate = true> <Delay = 0.00>
ST_1 : Operation 81 [1/1] (0.00ns)   --->   "%local_C4_53 = alloca i64 1" [/home/silvenchen/Desktop/DitBlock/WorkDCT/DitBlock/kernel.cpp:12600]   --->   Operation 81 'alloca' 'local_C4_53' <Predicate = true> <Delay = 0.00>
ST_1 : Operation 82 [1/1] (0.00ns)   --->   "%local_C4_54 = alloca i64 1" [/home/silvenchen/Desktop/DitBlock/WorkDCT/DitBlock/kernel.cpp:12600]   --->   Operation 82 'alloca' 'local_C4_54' <Predicate = true> <Delay = 0.00>
ST_1 : Operation 83 [1/1] (0.00ns)   --->   "%local_C4_55 = alloca i64 1" [/home/silvenchen/Desktop/DitBlock/WorkDCT/DitBlock/kernel.cpp:12600]   --->   Operation 83 'alloca' 'local_C4_55' <Predicate = true> <Delay = 0.00>
ST_1 : Operation 84 [1/1] (0.00ns)   --->   "%local_C4_56 = alloca i64 1" [/home/silvenchen/Desktop/DitBlock/WorkDCT/DitBlock/kernel.cpp:12600]   --->   Operation 84 'alloca' 'local_C4_56' <Predicate = true> <Delay = 0.00>
ST_1 : Operation 85 [1/1] (0.00ns)   --->   "%local_C4_57 = alloca i64 1" [/home/silvenchen/Desktop/DitBlock/WorkDCT/DitBlock/kernel.cpp:12600]   --->   Operation 85 'alloca' 'local_C4_57' <Predicate = true> <Delay = 0.00>
ST_1 : Operation 86 [1/1] (0.00ns)   --->   "%local_C4_58 = alloca i64 1" [/home/silvenchen/Desktop/DitBlock/WorkDCT/DitBlock/kernel.cpp:12600]   --->   Operation 86 'alloca' 'local_C4_58' <Predicate = true> <Delay = 0.00>
ST_1 : Operation 87 [1/1] (0.00ns)   --->   "%local_C4_59 = alloca i64 1" [/home/silvenchen/Desktop/DitBlock/WorkDCT/DitBlock/kernel.cpp:12600]   --->   Operation 87 'alloca' 'local_C4_59' <Predicate = true> <Delay = 0.00>
ST_1 : Operation 88 [1/1] (0.00ns)   --->   "%local_C4_60 = alloca i64 1" [/home/silvenchen/Desktop/DitBlock/WorkDCT/DitBlock/kernel.cpp:12600]   --->   Operation 88 'alloca' 'local_C4_60' <Predicate = true> <Delay = 0.00>
ST_1 : Operation 89 [1/1] (0.00ns)   --->   "%local_C4_61 = alloca i64 1" [/home/silvenchen/Desktop/DitBlock/WorkDCT/DitBlock/kernel.cpp:12600]   --->   Operation 89 'alloca' 'local_C4_61' <Predicate = true> <Delay = 0.00>
ST_1 : Operation 90 [1/1] (0.00ns)   --->   "%local_C4_62 = alloca i64 1" [/home/silvenchen/Desktop/DitBlock/WorkDCT/DitBlock/kernel.cpp:12600]   --->   Operation 90 'alloca' 'local_C4_62' <Predicate = true> <Delay = 0.00>
ST_1 : Operation 91 [1/1] (0.00ns)   --->   "%local_C4_63 = alloca i64 1" [/home/silvenchen/Desktop/DitBlock/WorkDCT/DitBlock/kernel.cpp:12600]   --->   Operation 91 'alloca' 'local_C4_63' <Predicate = true> <Delay = 0.00>
ST_1 : Operation 92 [1/1] (0.38ns)   --->   "%store_ln0 = store i15 0, i15 %indvar_flatten20"   --->   Operation 92 'store' 'store_ln0' <Predicate = true> <Delay = 0.38>
ST_1 : Operation 93 [1/1] (0.38ns)   --->   "%store_ln12604 = store i8 0, i8 %mi4" [/home/silvenchen/Desktop/DitBlock/WorkDCT/DitBlock/kernel.cpp:12604]   --->   Operation 93 'store' 'store_ln12604' <Predicate = true> <Delay = 0.38>
ST_1 : Operation 94 [1/1] (0.38ns)   --->   "%store_ln12605 = store i8 0, i8 %ni4" [/home/silvenchen/Desktop/DitBlock/WorkDCT/DitBlock/kernel.cpp:12605]   --->   Operation 94 'store' 'store_ln12605' <Predicate = true> <Delay = 0.38>
ST_1 : Operation 95 [1/1] (0.00ns)   --->   "%br_ln12604 = br void %l_load_A_tile_ak4" [/home/silvenchen/Desktop/DitBlock/WorkDCT/DitBlock/kernel.cpp:12604]   --->   Operation 95 'br' 'br_ln12604' <Predicate = true> <Delay = 0.00>

State 2 <SV = 1> <Delay = 4.47>
ST_2 : Operation 96 [1/1] (0.00ns)   --->   "%indvar_flatten20_load = load i15 %indvar_flatten20" [/home/silvenchen/Desktop/DitBlock/WorkDCT/DitBlock/kernel.cpp:12604]   --->   Operation 96 'load' 'indvar_flatten20_load' <Predicate = true> <Delay = 0.00>
ST_2 : Operation 97 [1/1] (0.77ns)   --->   "%icmp_ln12604 = icmp_eq  i15 %indvar_flatten20_load, i15 16384" [/home/silvenchen/Desktop/DitBlock/WorkDCT/DitBlock/kernel.cpp:12604]   --->   Operation 97 'icmp' 'icmp_ln12604' <Predicate = true> <Delay = 0.77> <CoreInst = "Cmp">   --->   Core 9 'Cmp' <Latency = 0> <II = 1> <Delay = 0.77> <FuncUnit> <Opcode : 'icmp'> <InPorts = 2> <OutPorts = 1>
ST_2 : Operation 98 [1/1] (0.77ns)   --->   "%add_ln12604_1 = add i15 %indvar_flatten20_load, i15 1" [/home/silvenchen/Desktop/DitBlock/WorkDCT/DitBlock/kernel.cpp:12604]   --->   Operation 98 'add' 'add_ln12604_1' <Predicate = true> <Delay = 0.77> <CoreInst = "Adder">   --->   Core 1 'Adder' <Latency = 0> <II = 1> <Delay = 0.77> <FuncUnit> <Opcode : 'add' 'sub'> <InPorts = 2> <OutPorts = 1>
ST_2 : Operation 99 [1/1] (0.00ns)   --->   "%br_ln12604 = br i1 %icmp_ln12604, void %for.inc77, void %for.end79" [/home/silvenchen/Desktop/DitBlock/WorkDCT/DitBlock/kernel.cpp:12604]   --->   Operation 99 'br' 'br_ln12604' <Predicate = true> <Delay = 0.00>
ST_2 : Operation 100 [1/1] (0.00ns)   --->   "%ni4_load = load i8 %ni4" [/home/silvenchen/Desktop/DitBlock/WorkDCT/DitBlock/kernel.cpp:12605]   --->   Operation 100 'load' 'ni4_load' <Predicate = (!icmp_ln12604)> <Delay = 0.00>
ST_2 : Operation 101 [1/1] (0.00ns)   --->   "%mi4_load = load i8 %mi4" [/home/silvenchen/Desktop/DitBlock/WorkDCT/DitBlock/kernel.cpp:12604]   --->   Operation 101 'load' 'mi4_load' <Predicate = (!icmp_ln12604)> <Delay = 0.00>
ST_2 : Operation 102 [1/1] (0.70ns)   --->   "%add_ln12604 = add i8 %mi4_load, i8 1" [/home/silvenchen/Desktop/DitBlock/WorkDCT/DitBlock/kernel.cpp:12604]   --->   Operation 102 'add' 'add_ln12604' <Predicate = (!icmp_ln12604)> <Delay = 0.70> <CoreInst = "Adder">   --->   Core 1 'Adder' <Latency = 0> <II = 1> <Delay = 0.70> <FuncUnit> <Opcode : 'add' 'sub'> <InPorts = 2> <OutPorts = 1>
ST_2 : Operation 103 [1/1] (0.70ns)   --->   "%icmp_ln12605 = icmp_eq  i8 %ni4_load, i8 128" [/home/silvenchen/Desktop/DitBlock/WorkDCT/DitBlock/kernel.cpp:12605]   --->   Operation 103 'icmp' 'icmp_ln12605' <Predicate = (!icmp_ln12604)> <Delay = 0.70> <CoreInst = "Cmp">   --->   Core 9 'Cmp' <Latency = 0> <II = 1> <Delay = 0.70> <FuncUnit> <Opcode : 'icmp'> <InPorts = 2> <OutPorts = 1>
ST_2 : Operation 104 [1/1] (0.30ns)   --->   "%select_ln12604 = select i1 %icmp_ln12605, i8 0, i8 %ni4_load" [/home/silvenchen/Desktop/DitBlock/WorkDCT/DitBlock/kernel.cpp:12604]   --->   Operation 104 'select' 'select_ln12604' <Predicate = (!icmp_ln12604)> <Delay = 0.30> <CoreInst = "Sel">   --->   Core 73 'Sel' <Latency = 0> <II = 1> <Delay = 0.30> <FuncUnit> <Opcode : 'select'> <InPorts = 3> <OutPorts = 1>
ST_2 : Operation 105 [1/1] (0.30ns)   --->   "%select_ln12604_1 = select i1 %icmp_ln12605, i8 %add_ln12604, i8 %mi4_load" [/home/silvenchen/Desktop/DitBlock/WorkDCT/DitBlock/kernel.cpp:12604]   --->   Operation 105 'select' 'select_ln12604_1' <Predicate = (!icmp_ln12604)> <Delay = 0.30> <CoreInst = "Sel">   --->   Core 73 'Sel' <Latency = 0> <II = 1> <Delay = 0.30> <FuncUnit> <Opcode : 'select'> <InPorts = 3> <OutPorts = 1>
ST_2 : Operation 106 [1/1] (0.00ns)   --->   "%trunc_ln12604 = trunc i8 %select_ln12604_1" [/home/silvenchen/Desktop/DitBlock/WorkDCT/DitBlock/kernel.cpp:12604]   --->   Operation 106 'trunc' 'trunc_ln12604' <Predicate = (!icmp_ln12604)> <Delay = 0.00>
ST_2 : Operation 107 [1/1] (0.00ns)   --->   "%p_mid2 = bitconcatenate i10 @_ssdm_op_BitConcatenate.i10.i7.i3, i7 %trunc_ln12604, i3 0" [/home/silvenchen/Desktop/DitBlock/WorkDCT/DitBlock/kernel.cpp:12604]   --->   Operation 107 'bitconcatenate' 'p_mid2' <Predicate = (!icmp_ln12604)> <Delay = 0.00>
ST_2 : Operation 108 [1/1] (0.70ns)   --->   "%v6893 = icmp_eq  i8 %select_ln12604, i8 0" [/home/silvenchen/Desktop/DitBlock/WorkDCT/DitBlock/kernel.cpp:12604]   --->   Operation 108 'icmp' 'v6893' <Predicate = (!icmp_ln12604)> <Delay = 0.70> <CoreInst = "Cmp">   --->   Core 9 'Cmp' <Latency = 0> <II = 1> <Delay = 0.70> <FuncUnit> <Opcode : 'icmp'> <InPorts = 2> <OutPorts = 1>
ST_2 : Operation 109 [2/2] (2.75ns)   --->   "%call_ln12604 = call void @systolic_QKT_Pipeline_l_load_A_tile_ak4_l_ai4, i32 %local_A4, i32 %local_A4_1, i32 %local_A4_2, i32 %local_A4_3, i32 %local_A4_4, i32 %local_A4_5, i32 %local_A4_6, i32 %local_A4_7, i1 %v6893, i10 %p_mid2, i32 %v6882" [/home/silvenchen/Desktop/DitBlock/WorkDCT/DitBlock/kernel.cpp:12604]   --->   Operation 109 'call' 'call_ln12604' <Predicate = (!icmp_ln12604)> <Delay = 2.75> <CoreType = "Generic">   --->   Core 0 '' <Latency = 0> <II = 1> <Delay = 1.00> <Generic> <Opcode : >
ST_2 : Operation 110 [1/1] (0.00ns)   --->   "%empty = trunc i8 %select_ln12604" [/home/silvenchen/Desktop/DitBlock/WorkDCT/DitBlock/kernel.cpp:12604]   --->   Operation 110 'trunc' 'empty' <Predicate = (!icmp_ln12604)> <Delay = 0.00>
ST_2 : Operation 111 [1/1] (0.00ns)   --->   "%tmp_s = bitconcatenate i10 @_ssdm_op_BitConcatenate.i10.i7.i3, i7 %empty, i3 0" [/home/silvenchen/Desktop/DitBlock/WorkDCT/DitBlock/kernel.cpp:12604]   --->   Operation 111 'bitconcatenate' 'tmp_s' <Predicate = (!icmp_ln12604)> <Delay = 0.00>
ST_2 : Operation 112 [2/2] (1.97ns)   --->   "%call_ln12604 = call void @systolic_QKT_Pipeline_l_load_B_tile_bk4_l_bj4, i32 %local_B4, i32 %local_B4_1, i32 %local_B4_2, i32 %local_B4_3, i32 %local_B4_4, i32 %local_B4_5, i32 %local_B4_6, i32 %local_B4_7, i10 %tmp_s, i32 %v6883" [/home/silvenchen/Desktop/DitBlock/WorkDCT/DitBlock/kernel.cpp:12604]   --->   Operation 112 'call' 'call_ln12604' <Predicate = (!icmp_ln12604)> <Delay = 1.97> <CoreType = "Generic">   --->   Core 0 '' <Latency = 0> <II = 1> <Delay = 1.00> <Generic> <Opcode : >
ST_2 : Operation 113 [1/1] (0.70ns)   --->   "%add_ln12605 = add i8 %select_ln12604, i8 1" [/home/silvenchen/Desktop/DitBlock/WorkDCT/DitBlock/kernel.cpp:12605]   --->   Operation 113 'add' 'add_ln12605' <Predicate = (!icmp_ln12604)> <Delay = 0.70> <CoreInst = "Adder">   --->   Core 1 'Adder' <Latency = 0> <II = 1> <Delay = 0.70> <FuncUnit> <Opcode : 'add' 'sub'> <InPorts = 2> <OutPorts = 1>
ST_2 : Operation 114 [1/1] (0.38ns)   --->   "%store_ln12604 = store i15 %add_ln12604_1, i15 %indvar_flatten20" [/home/silvenchen/Desktop/DitBlock/WorkDCT/DitBlock/kernel.cpp:12604]   --->   Operation 114 'store' 'store_ln12604' <Predicate = (!icmp_ln12604)> <Delay = 0.38>
ST_2 : Operation 115 [1/1] (0.38ns)   --->   "%store_ln12604 = store i8 %select_ln12604_1, i8 %mi4" [/home/silvenchen/Desktop/DitBlock/WorkDCT/DitBlock/kernel.cpp:12604]   --->   Operation 115 'store' 'store_ln12604' <Predicate = (!icmp_ln12604)> <Delay = 0.38>
ST_2 : Operation 116 [1/1] (0.38ns)   --->   "%store_ln12605 = store i8 %add_ln12605, i8 %ni4" [/home/silvenchen/Desktop/DitBlock/WorkDCT/DitBlock/kernel.cpp:12605]   --->   Operation 116 'store' 'store_ln12605' <Predicate = (!icmp_ln12604)> <Delay = 0.38>
ST_2 : Operation 117 [1/1] (0.00ns)   --->   "%ret_ln12635 = ret" [/home/silvenchen/Desktop/DitBlock/WorkDCT/DitBlock/kernel.cpp:12635]   --->   Operation 117 'ret' 'ret_ln12635' <Predicate = (icmp_ln12604)> <Delay = 0.00>

State 3 <SV = 2> <Delay = 0.00>
ST_3 : Operation 118 [1/2] (0.00ns)   --->   "%call_ln12604 = call void @systolic_QKT_Pipeline_l_load_A_tile_ak4_l_ai4, i32 %local_A4, i32 %local_A4_1, i32 %local_A4_2, i32 %local_A4_3, i32 %local_A4_4, i32 %local_A4_5, i32 %local_A4_6, i32 %local_A4_7, i1 %v6893, i10 %p_mid2, i32 %v6882" [/home/silvenchen/Desktop/DitBlock/WorkDCT/DitBlock/kernel.cpp:12604]   --->   Operation 118 'call' 'call_ln12604' <Predicate = true> <Delay = 0.00> <CoreType = "Generic">   --->   Core 0 '' <Latency = 0> <II = 1> <Delay = 1.00> <Generic> <Opcode : >
ST_3 : Operation 119 [1/2] (0.00ns)   --->   "%call_ln12604 = call void @systolic_QKT_Pipeline_l_load_B_tile_bk4_l_bj4, i32 %local_B4, i32 %local_B4_1, i32 %local_B4_2, i32 %local_B4_3, i32 %local_B4_4, i32 %local_B4_5, i32 %local_B4_6, i32 %local_B4_7, i10 %tmp_s, i32 %v6883" [/home/silvenchen/Desktop/DitBlock/WorkDCT/DitBlock/kernel.cpp:12604]   --->   Operation 119 'call' 'call_ln12604' <Predicate = true> <Delay = 0.00> <CoreType = "Generic">   --->   Core 0 '' <Latency = 0> <II = 1> <Delay = 1.00> <Generic> <Opcode : >

State 4 <SV = 3> <Delay = 0.00>
ST_4 : Operation 120 [2/2] (0.00ns)   --->   "%call_ln12625 = call void @systolic_tile_QKT, i32 %local_A4, i32 %local_A4_1, i32 %local_A4_2, i32 %local_A4_3, i32 %local_A4_4, i32 %local_A4_5, i32 %local_A4_6, i32 %local_A4_7, i32 %local_B4, i32 %local_B4_1, i32 %local_B4_2, i32 %local_B4_3, i32 %local_B4_4, i32 %local_B4_5, i32 %local_B4_6, i32 %local_B4_7, i32 %local_C4, i32 %local_C4_1, i32 %local_C4_2, i32 %local_C4_3, i32 %local_C4_4, i32 %local_C4_5, i32 %local_C4_6, i32 %local_C4_7, i32 %local_C4_8, i32 %local_C4_9, i32 %local_C4_10, i32 %local_C4_11, i32 %local_C4_12, i32 %local_C4_13, i32 %local_C4_14, i32 %local_C4_15, i32 %local_C4_16, i32 %local_C4_17, i32 %local_C4_18, i32 %local_C4_19, i32 %local_C4_20, i32 %local_C4_21, i32 %local_C4_22, i32 %local_C4_23, i32 %local_C4_24, i32 %local_C4_25, i32 %local_C4_26, i32 %local_C4_27, i32 %local_C4_28, i32 %local_C4_29, i32 %local_C4_30, i32 %local_C4_31, i32 %local_C4_32, i32 %local_C4_33, i32 %local_C4_34, i32 %local_C4_35, i32 %local_C4_36, i32 %local_C4_37, i32 %local_C4_38, i32 %local_C4_39, i32 %local_C4_40, i32 %local_C4_41, i32 %local_C4_42, i32 %local_C4_43, i32 %local_C4_44, i32 %local_C4_45, i32 %local_C4_46, i32 %local_C4_47, i32 %local_C4_48, i32 %local_C4_49, i32 %local_C4_50, i32 %local_C4_51, i32 %local_C4_52, i32 %local_C4_53, i32 %local_C4_54, i32 %local_C4_55, i32 %local_C4_56, i32 %local_C4_57, i32 %local_C4_58, i32 %local_C4_59, i32 %local_C4_60, i32 %local_C4_61, i32 %local_C4_62, i32 %local_C4_63" [/home/silvenchen/Desktop/DitBlock/WorkDCT/DitBlock/kernel.cpp:12625]   --->   Operation 120 'call' 'call_ln12625' <Predicate = true> <Delay = 0.00> <CoreType = "Generic">   --->   Core 0 '' <Latency = 0> <II = 1> <Delay = 1.00> <Generic> <Opcode : >

State 5 <SV = 4> <Delay = 0.00>
ST_5 : Operation 121 [1/2] (0.00ns)   --->   "%call_ln12625 = call void @systolic_tile_QKT, i32 %local_A4, i32 %local_A4_1, i32 %local_A4_2, i32 %local_A4_3, i32 %local_A4_4, i32 %local_A4_5, i32 %local_A4_6, i32 %local_A4_7, i32 %local_B4, i32 %local_B4_1, i32 %local_B4_2, i32 %local_B4_3, i32 %local_B4_4, i32 %local_B4_5, i32 %local_B4_6, i32 %local_B4_7, i32 %local_C4, i32 %local_C4_1, i32 %local_C4_2, i32 %local_C4_3, i32 %local_C4_4, i32 %local_C4_5, i32 %local_C4_6, i32 %local_C4_7, i32 %local_C4_8, i32 %local_C4_9, i32 %local_C4_10, i32 %local_C4_11, i32 %local_C4_12, i32 %local_C4_13, i32 %local_C4_14, i32 %local_C4_15, i32 %local_C4_16, i32 %local_C4_17, i32 %local_C4_18, i32 %local_C4_19, i32 %local_C4_20, i32 %local_C4_21, i32 %local_C4_22, i32 %local_C4_23, i32 %local_C4_24, i32 %local_C4_25, i32 %local_C4_26, i32 %local_C4_27, i32 %local_C4_28, i32 %local_C4_29, i32 %local_C4_30, i32 %local_C4_31, i32 %local_C4_32, i32 %local_C4_33, i32 %local_C4_34, i32 %local_C4_35, i32 %local_C4_36, i32 %local_C4_37, i32 %local_C4_38, i32 %local_C4_39, i32 %local_C4_40, i32 %local_C4_41, i32 %local_C4_42, i32 %local_C4_43, i32 %local_C4_44, i32 %local_C4_45, i32 %local_C4_46, i32 %local_C4_47, i32 %local_C4_48, i32 %local_C4_49, i32 %local_C4_50, i32 %local_C4_51, i32 %local_C4_52, i32 %local_C4_53, i32 %local_C4_54, i32 %local_C4_55, i32 %local_C4_56, i32 %local_C4_57, i32 %local_C4_58, i32 %local_C4_59, i32 %local_C4_60, i32 %local_C4_61, i32 %local_C4_62, i32 %local_C4_63" [/home/silvenchen/Desktop/DitBlock/WorkDCT/DitBlock/kernel.cpp:12625]   --->   Operation 121 'call' 'call_ln12625' <Predicate = true> <Delay = 0.00> <CoreType = "Generic">   --->   Core 0 '' <Latency = 0> <II = 1> <Delay = 1.00> <Generic> <Opcode : >

State 6 <SV = 5> <Delay = 3.83>
ST_6 : Operation 122 [1/1] (0.00ns)   --->   "%local_C4_load = load i32 %local_C4"   --->   Operation 122 'load' 'local_C4_load' <Predicate = true> <Delay = 0.00>
ST_6 : Operation 123 [1/1] (0.00ns)   --->   "%local_C4_1_load = load i32 %local_C4_1"   --->   Operation 123 'load' 'local_C4_1_load' <Predicate = true> <Delay = 0.00>
ST_6 : Operation 124 [1/1] (0.00ns)   --->   "%local_C4_2_load = load i32 %local_C4_2"   --->   Operation 124 'load' 'local_C4_2_load' <Predicate = true> <Delay = 0.00>
ST_6 : Operation 125 [1/1] (0.00ns)   --->   "%local_C4_3_load = load i32 %local_C4_3"   --->   Operation 125 'load' 'local_C4_3_load' <Predicate = true> <Delay = 0.00>
ST_6 : Operation 126 [1/1] (0.00ns)   --->   "%local_C4_4_load = load i32 %local_C4_4"   --->   Operation 126 'load' 'local_C4_4_load' <Predicate = true> <Delay = 0.00>
ST_6 : Operation 127 [1/1] (0.00ns)   --->   "%local_C4_5_load = load i32 %local_C4_5"   --->   Operation 127 'load' 'local_C4_5_load' <Predicate = true> <Delay = 0.00>
ST_6 : Operation 128 [1/1] (0.00ns)   --->   "%local_C4_6_load = load i32 %local_C4_6"   --->   Operation 128 'load' 'local_C4_6_load' <Predicate = true> <Delay = 0.00>
ST_6 : Operation 129 [1/1] (0.00ns)   --->   "%local_C4_7_load = load i32 %local_C4_7"   --->   Operation 129 'load' 'local_C4_7_load' <Predicate = true> <Delay = 0.00>
ST_6 : Operation 130 [1/1] (0.00ns)   --->   "%local_C4_8_load = load i32 %local_C4_8"   --->   Operation 130 'load' 'local_C4_8_load' <Predicate = true> <Delay = 0.00>
ST_6 : Operation 131 [1/1] (0.00ns)   --->   "%local_C4_9_load = load i32 %local_C4_9"   --->   Operation 131 'load' 'local_C4_9_load' <Predicate = true> <Delay = 0.00>
ST_6 : Operation 132 [1/1] (0.00ns)   --->   "%local_C4_10_load = load i32 %local_C4_10"   --->   Operation 132 'load' 'local_C4_10_load' <Predicate = true> <Delay = 0.00>
ST_6 : Operation 133 [1/1] (0.00ns)   --->   "%local_C4_11_load = load i32 %local_C4_11"   --->   Operation 133 'load' 'local_C4_11_load' <Predicate = true> <Delay = 0.00>
ST_6 : Operation 134 [1/1] (0.00ns)   --->   "%local_C4_12_load = load i32 %local_C4_12"   --->   Operation 134 'load' 'local_C4_12_load' <Predicate = true> <Delay = 0.00>
ST_6 : Operation 135 [1/1] (0.00ns)   --->   "%local_C4_13_load = load i32 %local_C4_13"   --->   Operation 135 'load' 'local_C4_13_load' <Predicate = true> <Delay = 0.00>
ST_6 : Operation 136 [1/1] (0.00ns)   --->   "%local_C4_14_load = load i32 %local_C4_14"   --->   Operation 136 'load' 'local_C4_14_load' <Predicate = true> <Delay = 0.00>
ST_6 : Operation 137 [1/1] (0.00ns)   --->   "%local_C4_15_load = load i32 %local_C4_15"   --->   Operation 137 'load' 'local_C4_15_load' <Predicate = true> <Delay = 0.00>
ST_6 : Operation 138 [1/1] (0.00ns)   --->   "%local_C4_16_load = load i32 %local_C4_16"   --->   Operation 138 'load' 'local_C4_16_load' <Predicate = true> <Delay = 0.00>
ST_6 : Operation 139 [1/1] (0.00ns)   --->   "%local_C4_17_load = load i32 %local_C4_17"   --->   Operation 139 'load' 'local_C4_17_load' <Predicate = true> <Delay = 0.00>
ST_6 : Operation 140 [1/1] (0.00ns)   --->   "%local_C4_18_load = load i32 %local_C4_18"   --->   Operation 140 'load' 'local_C4_18_load' <Predicate = true> <Delay = 0.00>
ST_6 : Operation 141 [1/1] (0.00ns)   --->   "%local_C4_19_load = load i32 %local_C4_19"   --->   Operation 141 'load' 'local_C4_19_load' <Predicate = true> <Delay = 0.00>
ST_6 : Operation 142 [1/1] (0.00ns)   --->   "%local_C4_20_load = load i32 %local_C4_20"   --->   Operation 142 'load' 'local_C4_20_load' <Predicate = true> <Delay = 0.00>
ST_6 : Operation 143 [1/1] (0.00ns)   --->   "%local_C4_21_load = load i32 %local_C4_21"   --->   Operation 143 'load' 'local_C4_21_load' <Predicate = true> <Delay = 0.00>
ST_6 : Operation 144 [1/1] (0.00ns)   --->   "%local_C4_22_load = load i32 %local_C4_22"   --->   Operation 144 'load' 'local_C4_22_load' <Predicate = true> <Delay = 0.00>
ST_6 : Operation 145 [1/1] (0.00ns)   --->   "%local_C4_23_load = load i32 %local_C4_23"   --->   Operation 145 'load' 'local_C4_23_load' <Predicate = true> <Delay = 0.00>
ST_6 : Operation 146 [1/1] (0.00ns)   --->   "%local_C4_24_load = load i32 %local_C4_24"   --->   Operation 146 'load' 'local_C4_24_load' <Predicate = true> <Delay = 0.00>
ST_6 : Operation 147 [1/1] (0.00ns)   --->   "%local_C4_25_load = load i32 %local_C4_25"   --->   Operation 147 'load' 'local_C4_25_load' <Predicate = true> <Delay = 0.00>
ST_6 : Operation 148 [1/1] (0.00ns)   --->   "%local_C4_26_load = load i32 %local_C4_26"   --->   Operation 148 'load' 'local_C4_26_load' <Predicate = true> <Delay = 0.00>
ST_6 : Operation 149 [1/1] (0.00ns)   --->   "%local_C4_27_load = load i32 %local_C4_27"   --->   Operation 149 'load' 'local_C4_27_load' <Predicate = true> <Delay = 0.00>
ST_6 : Operation 150 [1/1] (0.00ns)   --->   "%local_C4_28_load = load i32 %local_C4_28"   --->   Operation 150 'load' 'local_C4_28_load' <Predicate = true> <Delay = 0.00>
ST_6 : Operation 151 [1/1] (0.00ns)   --->   "%local_C4_29_load = load i32 %local_C4_29"   --->   Operation 151 'load' 'local_C4_29_load' <Predicate = true> <Delay = 0.00>
ST_6 : Operation 152 [1/1] (0.00ns)   --->   "%local_C4_30_load = load i32 %local_C4_30"   --->   Operation 152 'load' 'local_C4_30_load' <Predicate = true> <Delay = 0.00>
ST_6 : Operation 153 [1/1] (0.00ns)   --->   "%local_C4_31_load = load i32 %local_C4_31"   --->   Operation 153 'load' 'local_C4_31_load' <Predicate = true> <Delay = 0.00>
ST_6 : Operation 154 [1/1] (0.00ns)   --->   "%local_C4_32_load = load i32 %local_C4_32"   --->   Operation 154 'load' 'local_C4_32_load' <Predicate = true> <Delay = 0.00>
ST_6 : Operation 155 [1/1] (0.00ns)   --->   "%local_C4_33_load = load i32 %local_C4_33"   --->   Operation 155 'load' 'local_C4_33_load' <Predicate = true> <Delay = 0.00>
ST_6 : Operation 156 [1/1] (0.00ns)   --->   "%local_C4_34_load = load i32 %local_C4_34"   --->   Operation 156 'load' 'local_C4_34_load' <Predicate = true> <Delay = 0.00>
ST_6 : Operation 157 [1/1] (0.00ns)   --->   "%local_C4_35_load = load i32 %local_C4_35"   --->   Operation 157 'load' 'local_C4_35_load' <Predicate = true> <Delay = 0.00>
ST_6 : Operation 158 [1/1] (0.00ns)   --->   "%local_C4_36_load = load i32 %local_C4_36"   --->   Operation 158 'load' 'local_C4_36_load' <Predicate = true> <Delay = 0.00>
ST_6 : Operation 159 [1/1] (0.00ns)   --->   "%local_C4_37_load = load i32 %local_C4_37"   --->   Operation 159 'load' 'local_C4_37_load' <Predicate = true> <Delay = 0.00>
ST_6 : Operation 160 [1/1] (0.00ns)   --->   "%local_C4_38_load = load i32 %local_C4_38"   --->   Operation 160 'load' 'local_C4_38_load' <Predicate = true> <Delay = 0.00>
ST_6 : Operation 161 [1/1] (0.00ns)   --->   "%local_C4_39_load = load i32 %local_C4_39"   --->   Operation 161 'load' 'local_C4_39_load' <Predicate = true> <Delay = 0.00>
ST_6 : Operation 162 [1/1] (0.00ns)   --->   "%local_C4_40_load = load i32 %local_C4_40"   --->   Operation 162 'load' 'local_C4_40_load' <Predicate = true> <Delay = 0.00>
ST_6 : Operation 163 [1/1] (0.00ns)   --->   "%local_C4_41_load = load i32 %local_C4_41"   --->   Operation 163 'load' 'local_C4_41_load' <Predicate = true> <Delay = 0.00>
ST_6 : Operation 164 [1/1] (0.00ns)   --->   "%local_C4_42_load = load i32 %local_C4_42"   --->   Operation 164 'load' 'local_C4_42_load' <Predicate = true> <Delay = 0.00>
ST_6 : Operation 165 [1/1] (0.00ns)   --->   "%local_C4_43_load = load i32 %local_C4_43"   --->   Operation 165 'load' 'local_C4_43_load' <Predicate = true> <Delay = 0.00>
ST_6 : Operation 166 [1/1] (0.00ns)   --->   "%local_C4_44_load = load i32 %local_C4_44"   --->   Operation 166 'load' 'local_C4_44_load' <Predicate = true> <Delay = 0.00>
ST_6 : Operation 167 [1/1] (0.00ns)   --->   "%local_C4_45_load = load i32 %local_C4_45"   --->   Operation 167 'load' 'local_C4_45_load' <Predicate = true> <Delay = 0.00>
ST_6 : Operation 168 [1/1] (0.00ns)   --->   "%local_C4_46_load = load i32 %local_C4_46"   --->   Operation 168 'load' 'local_C4_46_load' <Predicate = true> <Delay = 0.00>
ST_6 : Operation 169 [1/1] (0.00ns)   --->   "%local_C4_47_load = load i32 %local_C4_47"   --->   Operation 169 'load' 'local_C4_47_load' <Predicate = true> <Delay = 0.00>
ST_6 : Operation 170 [1/1] (0.00ns)   --->   "%local_C4_48_load = load i32 %local_C4_48"   --->   Operation 170 'load' 'local_C4_48_load' <Predicate = true> <Delay = 0.00>
ST_6 : Operation 171 [1/1] (0.00ns)   --->   "%local_C4_49_load = load i32 %local_C4_49"   --->   Operation 171 'load' 'local_C4_49_load' <Predicate = true> <Delay = 0.00>
ST_6 : Operation 172 [1/1] (0.00ns)   --->   "%local_C4_50_load = load i32 %local_C4_50"   --->   Operation 172 'load' 'local_C4_50_load' <Predicate = true> <Delay = 0.00>
ST_6 : Operation 173 [1/1] (0.00ns)   --->   "%local_C4_51_load = load i32 %local_C4_51"   --->   Operation 173 'load' 'local_C4_51_load' <Predicate = true> <Delay = 0.00>
ST_6 : Operation 174 [1/1] (0.00ns)   --->   "%local_C4_52_load = load i32 %local_C4_52"   --->   Operation 174 'load' 'local_C4_52_load' <Predicate = true> <Delay = 0.00>
ST_6 : Operation 175 [1/1] (0.00ns)   --->   "%local_C4_53_load = load i32 %local_C4_53"   --->   Operation 175 'load' 'local_C4_53_load' <Predicate = true> <Delay = 0.00>
ST_6 : Operation 176 [1/1] (0.00ns)   --->   "%local_C4_54_load = load i32 %local_C4_54"   --->   Operation 176 'load' 'local_C4_54_load' <Predicate = true> <Delay = 0.00>
ST_6 : Operation 177 [1/1] (0.00ns)   --->   "%local_C4_55_load = load i32 %local_C4_55"   --->   Operation 177 'load' 'local_C4_55_load' <Predicate = true> <Delay = 0.00>
ST_6 : Operation 178 [1/1] (0.00ns)   --->   "%local_C4_56_load = load i32 %local_C4_56"   --->   Operation 178 'load' 'local_C4_56_load' <Predicate = true> <Delay = 0.00>
ST_6 : Operation 179 [1/1] (0.00ns)   --->   "%local_C4_57_load = load i32 %local_C4_57"   --->   Operation 179 'load' 'local_C4_57_load' <Predicate = true> <Delay = 0.00>
ST_6 : Operation 180 [1/1] (0.00ns)   --->   "%local_C4_58_load = load i32 %local_C4_58"   --->   Operation 180 'load' 'local_C4_58_load' <Predicate = true> <Delay = 0.00>
ST_6 : Operation 181 [1/1] (0.00ns)   --->   "%local_C4_59_load = load i32 %local_C4_59"   --->   Operation 181 'load' 'local_C4_59_load' <Predicate = true> <Delay = 0.00>
ST_6 : Operation 182 [1/1] (0.00ns)   --->   "%local_C4_60_load = load i32 %local_C4_60"   --->   Operation 182 'load' 'local_C4_60_load' <Predicate = true> <Delay = 0.00>
ST_6 : Operation 183 [1/1] (0.00ns)   --->   "%local_C4_61_load = load i32 %local_C4_61"   --->   Operation 183 'load' 'local_C4_61_load' <Predicate = true> <Delay = 0.00>
ST_6 : Operation 184 [1/1] (0.00ns)   --->   "%local_C4_62_load = load i32 %local_C4_62"   --->   Operation 184 'load' 'local_C4_62_load' <Predicate = true> <Delay = 0.00>
ST_6 : Operation 185 [1/1] (0.00ns)   --->   "%local_C4_63_load = load i32 %local_C4_63"   --->   Operation 185 'load' 'local_C4_63_load' <Predicate = true> <Delay = 0.00>
ST_6 : Operation 186 [2/2] (3.83ns)   --->   "%call_ln12604 = call void @systolic_QKT_Pipeline_l_store_C_tile_sj4_l_si4, i10 %tmp_s, i32 %local_C4_load, i32 %local_C4_1_load, i32 %local_C4_2_load, i32 %local_C4_3_load, i32 %local_C4_4_load, i32 %local_C4_5_load, i32 %local_C4_6_load, i32 %local_C4_7_load, i32 %local_C4_8_load, i32 %local_C4_9_load, i32 %local_C4_10_load, i32 %local_C4_11_load, i32 %local_C4_12_load, i32 %local_C4_13_load, i32 %local_C4_14_load, i32 %local_C4_15_load, i32 %local_C4_16_load, i32 %local_C4_17_load, i32 %local_C4_18_load, i32 %local_C4_19_load, i32 %local_C4_20_load, i32 %local_C4_21_load, i32 %local_C4_22_load, i32 %local_C4_23_load, i32 %local_C4_24_load, i32 %local_C4_25_load, i32 %local_C4_26_load, i32 %local_C4_27_load, i32 %local_C4_28_load, i32 %local_C4_29_load, i32 %local_C4_30_load, i32 %local_C4_31_load, i32 %local_C4_32_load, i32 %local_C4_33_load, i32 %local_C4_34_load, i32 %local_C4_35_load, i32 %local_C4_36_load, i32 %local_C4_37_load, i32 %local_C4_38_load, i32 %local_C4_39_load, i32 %local_C4_40_load, i32 %local_C4_41_load, i32 %local_C4_42_load, i32 %local_C4_43_load, i32 %local_C4_44_load, i32 %local_C4_45_load, i32 %local_C4_46_load, i32 %local_C4_47_load, i32 %local_C4_48_load, i32 %local_C4_49_load, i32 %local_C4_50_load, i32 %local_C4_51_load, i32 %local_C4_52_load, i32 %local_C4_53_load, i32 %local_C4_54_load, i32 %local_C4_55_load, i32 %local_C4_56_load, i32 %local_C4_57_load, i32 %local_C4_58_load, i32 %local_C4_59_load, i32 %local_C4_60_load, i32 %local_C4_61_load, i32 %local_C4_62_load, i32 %local_C4_63_load, i10 %p_mid2, i32 %v6884" [/home/silvenchen/Desktop/DitBlock/WorkDCT/DitBlock/kernel.cpp:12604]   --->   Operation 186 'call' 'call_ln12604' <Predicate = true> <Delay = 3.83> <CoreType = "Generic">   --->   Core 0 '' <Latency = 0> <II = 1> <Delay = 1.00> <Generic> <Opcode : >

State 7 <SV = 6> <Delay = 0.00>
ST_7 : Operation 187 [1/1] (0.00ns)   --->   "%specloopname_ln0 = specloopname void @_ssdm_op_SpecLoopName, void @l_outer_tile_mi4_l_ni4_str"   --->   Operation 187 'specloopname' 'specloopname_ln0' <Predicate = true> <Delay = 0.00>
ST_7 : Operation 188 [1/1] (0.00ns)   --->   "%speclooptripcount_ln0 = speclooptripcount void @_ssdm_op_SpecLoopTripCount, i64 16384, i64 16384, i64 16384"   --->   Operation 188 'speclooptripcount' 'speclooptripcount_ln0' <Predicate = true> <Delay = 0.00>
ST_7 : Operation 189 [1/2] (0.00ns)   --->   "%call_ln12604 = call void @systolic_QKT_Pipeline_l_store_C_tile_sj4_l_si4, i10 %tmp_s, i32 %local_C4_load, i32 %local_C4_1_load, i32 %local_C4_2_load, i32 %local_C4_3_load, i32 %local_C4_4_load, i32 %local_C4_5_load, i32 %local_C4_6_load, i32 %local_C4_7_load, i32 %local_C4_8_load, i32 %local_C4_9_load, i32 %local_C4_10_load, i32 %local_C4_11_load, i32 %local_C4_12_load, i32 %local_C4_13_load, i32 %local_C4_14_load, i32 %local_C4_15_load, i32 %local_C4_16_load, i32 %local_C4_17_load, i32 %local_C4_18_load, i32 %local_C4_19_load, i32 %local_C4_20_load, i32 %local_C4_21_load, i32 %local_C4_22_load, i32 %local_C4_23_load, i32 %local_C4_24_load, i32 %local_C4_25_load, i32 %local_C4_26_load, i32 %local_C4_27_load, i32 %local_C4_28_load, i32 %local_C4_29_load, i32 %local_C4_30_load, i32 %local_C4_31_load, i32 %local_C4_32_load, i32 %local_C4_33_load, i32 %local_C4_34_load, i32 %local_C4_35_load, i32 %local_C4_36_load, i32 %local_C4_37_load, i32 %local_C4_38_load, i32 %local_C4_39_load, i32 %local_C4_40_load, i32 %local_C4_41_load, i32 %local_C4_42_load, i32 %local_C4_43_load, i32 %local_C4_44_load, i32 %local_C4_45_load, i32 %local_C4_46_load, i32 %local_C4_47_load, i32 %local_C4_48_load, i32 %local_C4_49_load, i32 %local_C4_50_load, i32 %local_C4_51_load, i32 %local_C4_52_load, i32 %local_C4_53_load, i32 %local_C4_54_load, i32 %local_C4_55_load, i32 %local_C4_56_load, i32 %local_C4_57_load, i32 %local_C4_58_load, i32 %local_C4_59_load, i32 %local_C4_60_load, i32 %local_C4_61_load, i32 %local_C4_62_load, i32 %local_C4_63_load, i10 %p_mid2, i32 %v6884" [/home/silvenchen/Desktop/DitBlock/WorkDCT/DitBlock/kernel.cpp:12604]   --->   Operation 189 'call' 'call_ln12604' <Predicate = true> <Delay = 0.00> <CoreType = "Generic">   --->   Core 0 '' <Latency = 0> <II = 1> <Delay = 1.00> <Generic> <Opcode : >
ST_7 : Operation 190 [1/1] (0.00ns)   --->   "%br_ln12605 = br void %l_load_A_tile_ak4" [/home/silvenchen/Desktop/DitBlock/WorkDCT/DitBlock/kernel.cpp:12605]   --->   Operation 190 'br' 'br_ln12605' <Predicate = true> <Delay = 0.00>


============================================================
+ Verbose Summary: Timing violations
============================================================
Target clock period: 10.000ns, clock uncertainty: 2.700ns.

 <State 1>: 0.387ns
The critical path consists of the following:
	'alloca' operation 15 bit ('indvar_flatten20') [6]  (0.000 ns)
	'store' operation 0 bit ('store_ln0') of constant 0 on local variable 'indvar_flatten20' [88]  (0.387 ns)

 <State 2>: 4.471ns
The critical path consists of the following:
	'load' operation 8 bit ('ni4_load', /home/silvenchen/Desktop/DitBlock/WorkDCT/DitBlock/kernel.cpp:12605) on local variable 'ni4', /home/silvenchen/Desktop/DitBlock/WorkDCT/DitBlock/kernel.cpp:12605 [98]  (0.000 ns)
	'icmp' operation 1 bit ('icmp_ln12605', /home/silvenchen/Desktop/DitBlock/WorkDCT/DitBlock/kernel.cpp:12605) [103]  (0.705 ns)
	'select' operation 8 bit ('select_ln12604', /home/silvenchen/Desktop/DitBlock/WorkDCT/DitBlock/kernel.cpp:12604) [104]  (0.303 ns)
	'icmp' operation 1 bit ('v6893', /home/silvenchen/Desktop/DitBlock/WorkDCT/DitBlock/kernel.cpp:12604) [108]  (0.705 ns)
	'call' operation 0 bit ('call_ln12604', /home/silvenchen/Desktop/DitBlock/WorkDCT/DitBlock/kernel.cpp:12604) to 'systolic_QKT_Pipeline_l_load_A_tile_ak4_l_ai4' [109]  (2.758 ns)

 <State 3>: 0.000ns
The critical path consists of the following:

 <State 4>: 0.000ns
The critical path consists of the following:

 <State 5>: 0.000ns
The critical path consists of the following:

 <State 6>: 3.832ns
The critical path consists of the following:
	'load' operation 32 bit ('local_C4_load') on local variable 'local_C4', /home/silvenchen/Desktop/DitBlock/WorkDCT/DitBlock/kernel.cpp:12600 [114]  (0.000 ns)
	'call' operation 0 bit ('call_ln12604', /home/silvenchen/Desktop/DitBlock/WorkDCT/DitBlock/kernel.cpp:12604) to 'systolic_QKT_Pipeline_l_store_C_tile_sj4_l_si4' [178]  (3.832 ns)

 <State 7>: 0.000ns
The critical path consists of the following:


============================================================
+ Verbose Summary: Binding
============================================================
N/A
* FSMD analyzer results:
  - Output states:
 - Input state : 
  - Chain level:
	State 1
	State 2
	State 3
	State 4
	State 5
	State 6
	State 7


============================================================
+ Verbose Summary: Datapath Resource usage 
============================================================
N/A
