

================================================================
== Vitis HLS Report for 'adaLN_modulate_Pipeline_VITIS_LOOP_466_2'
================================================================
* Date:           Mon Feb 17 20:36:06 2025

* Version:        2023.2 (Build 4023990 on Oct 11 2023)
* Project:        DitBlock
* Solution:       hls (Vivado IP Flow Target)
* Product family: virtexuplusHBM
* Target device:  xcu280-fsvh2892-2L-e


================================================================
== Performance Estimates
================================================================
+ Timing: 
    * Summary: 
    +--------+----------+----------+------------+
    |  Clock |  Target  | Estimated| Uncertainty|
    +--------+----------+----------+------------+
    |ap_clk  |  10.00 ns|  2.308 ns|     2.70 ns|
    +--------+----------+----------+------------+

+ Latency: 
    * Summary: 
    +---------+---------+----------+----------+-----+-----+---------+
    |  Latency (cycles) |  Latency (absolute) |  Interval | Pipeline|
    |   min   |   max   |    min   |    max   | min | max |   Type  |
    +---------+---------+----------+----------+-----+-----+---------+
    |      514|      514|  5.140 us|  5.140 us|  514|  514|       no|
    +---------+---------+----------+----------+-----+-----+---------+

    + Detail: 
        * Instance: 
        N/A

        * Loop: 
        +--------------------+---------+---------+----------+-----------+-----------+------+----------+
        |                    |  Latency (cycles) | Iteration|  Initiation Interval  | Trip |          |
        |      Loop Name     |   min   |   max   |  Latency |  achieved |   target  | Count| Pipelined|
        +--------------------+---------+---------+----------+-----------+-----------+------+----------+
        |- VITIS_LOOP_466_2  |      512|      512|         1|          1|          1|   512|       yes|
        +--------------------+---------+---------+----------+-----------+-----------+------+----------+

============================================================
+ Verbose Summary: Synthesis Manager
============================================================
InlineROM: 1
ExposeGlobal: 0
============================================================
+ Verbose Summary: CDFG Model
============================================================
IsTopModel: 0
ResetActiveHigh: 1
IsCombinational: 0
IsDatapathOnly: 0
HasWiredReturn: 1
HasMFsm: 2
HasVarLatency: 1
IsPipeline: 0
IsRtlPipelined: 0
IsInstanceOverlapped: 0
IsDontTouch: 0
HasImplIP: 0
IsGatedGlobalClock: 0

+ Individual pipeline summary: 
  * Pipeline-0: initiation interval (II) = 1, depth = 1


============================================================
+ Verbose Summary: Schedule
============================================================
* Number of FSM states : 1
* Pipeline : 1
  Pipeline-0 : II = 1, D = 1, States = { 1 }
* Dataflow Pipeline: 0

* FSM state transitions: 
1 --> 

* FSM state operations: 

State 1 <SV = 0> <Delay = 2.30>
ST_1 : Operation 4 [1/1] (0.00ns)   --->   "%v247 = alloca i32 1" [/home/silvenchen/Desktop/DitBlock/WorkDCT/DitBlock/kernel.cpp:466]   --->   Operation 4 'alloca' 'v247' <Predicate = true> <Delay = 0.00>
ST_1 : Operation 5 [1/1] (0.38ns)   --->   "%store_ln466 = store i10 0, i10 %v247" [/home/silvenchen/Desktop/DitBlock/WorkDCT/DitBlock/kernel.cpp:466]   --->   Operation 5 'store' 'store_ln466' <Predicate = true> <Delay = 0.38>
ST_1 : Operation 6 [1/1] (0.00ns)   --->   "%br_ln0 = br void %for.inc"   --->   Operation 6 'br' 'br_ln0' <Predicate = true> <Delay = 0.00>
ST_1 : Operation 7 [1/1] (0.00ns)   --->   "%v247_1 = load i10 %v247" [/home/silvenchen/Desktop/DitBlock/WorkDCT/DitBlock/kernel.cpp:466]   --->   Operation 7 'load' 'v247_1' <Predicate = true> <Delay = 0.00>
ST_1 : Operation 8 [1/1] (0.72ns)   --->   "%icmp_ln466 = icmp_eq  i10 %v247_1, i10 512" [/home/silvenchen/Desktop/DitBlock/WorkDCT/DitBlock/kernel.cpp:466]   --->   Operation 8 'icmp' 'icmp_ln466' <Predicate = true> <Delay = 0.72> <CoreInst = "Cmp">   --->   Core 9 'Cmp' <Latency = 0> <II = 1> <Delay = 0.72> <FuncUnit> <Opcode : 'icmp'> <InPorts = 2> <OutPorts = 1>
ST_1 : Operation 9 [1/1] (0.72ns)   --->   "%add_ln466 = add i10 %v247_1, i10 1" [/home/silvenchen/Desktop/DitBlock/WorkDCT/DitBlock/kernel.cpp:466]   --->   Operation 9 'add' 'add_ln466' <Predicate = true> <Delay = 0.72> <CoreInst = "Adder">   --->   Core 1 'Adder' <Latency = 0> <II = 1> <Delay = 0.72> <FuncUnit> <Opcode : 'add' 'sub'> <InPorts = 2> <OutPorts = 1>
ST_1 : Operation 10 [1/1] (0.00ns)   --->   "%br_ln466 = br i1 %icmp_ln466, void %for.inc.split, void %l_load_A_tile_ak.i.preheader.exitStub" [/home/silvenchen/Desktop/DitBlock/WorkDCT/DitBlock/kernel.cpp:466]   --->   Operation 10 'br' 'br_ln466' <Predicate = true> <Delay = 0.00>
ST_1 : Operation 11 [1/1] (0.00ns)   --->   "%zext_ln466 = zext i10 %v247_1" [/home/silvenchen/Desktop/DitBlock/WorkDCT/DitBlock/kernel.cpp:466]   --->   Operation 11 'zext' 'zext_ln466' <Predicate = (!icmp_ln466)> <Delay = 0.00>
ST_1 : Operation 12 [1/1] (0.00ns)   --->   "%specpipeline_ln466 = specpipeline void @_ssdm_op_SpecPipeline, i32 4294967295, i32 0, i32 0, i32 0, void @empty_191" [/home/silvenchen/Desktop/DitBlock/WorkDCT/DitBlock/kernel.cpp:466]   --->   Operation 12 'specpipeline' 'specpipeline_ln466' <Predicate = (!icmp_ln466)> <Delay = 0.00>
ST_1 : Operation 13 [1/1] (0.00ns)   --->   "%speclooptripcount_ln466 = speclooptripcount void @_ssdm_op_SpecLoopTripCount, i64 512, i64 512, i64 512" [/home/silvenchen/Desktop/DitBlock/WorkDCT/DitBlock/kernel.cpp:466]   --->   Operation 13 'speclooptripcount' 'speclooptripcount_ln466' <Predicate = (!icmp_ln466)> <Delay = 0.00>
ST_1 : Operation 14 [1/1] (0.00ns)   --->   "%specloopname_ln466 = specloopname void @_ssdm_op_SpecLoopName, void @empty_215" [/home/silvenchen/Desktop/DitBlock/WorkDCT/DitBlock/kernel.cpp:466]   --->   Operation 14 'specloopname' 'specloopname_ln466' <Predicate = (!icmp_ln466)> <Delay = 0.00>
ST_1 : Operation 15 [1/1] (0.00ns)   --->   "%Y_0_addr = getelementptr i32 %Y_0, i64 0, i64 %zext_ln466" [/home/silvenchen/Desktop/DitBlock/WorkDCT/DitBlock/kernel.cpp:467]   --->   Operation 15 'getelementptr' 'Y_0_addr' <Predicate = (!icmp_ln466)> <Delay = 0.00>
ST_1 : Operation 16 [1/1] (1.19ns)   --->   "%store_ln467 = store i32 0, i9 %Y_0_addr" [/home/silvenchen/Desktop/DitBlock/WorkDCT/DitBlock/kernel.cpp:467]   --->   Operation 16 'store' 'store_ln467' <Predicate = (!icmp_ln466)> <Delay = 1.19> <CoreInst = "RAM">   --->   Core 83 'RAM' <Latency = 1> <II = 1> <Delay = 1.19> <Storage> <Opcode : 'load' 'store'> <Ports = 2> <Width = 32> <Depth = 512> <RAM>
ST_1 : Operation 17 [1/1] (0.38ns)   --->   "%store_ln466 = store i10 %add_ln466, i10 %v247" [/home/silvenchen/Desktop/DitBlock/WorkDCT/DitBlock/kernel.cpp:466]   --->   Operation 17 'store' 'store_ln466' <Predicate = (!icmp_ln466)> <Delay = 0.38>
ST_1 : Operation 18 [1/1] (0.00ns)   --->   "%br_ln466 = br void %for.inc" [/home/silvenchen/Desktop/DitBlock/WorkDCT/DitBlock/kernel.cpp:466]   --->   Operation 18 'br' 'br_ln466' <Predicate = (!icmp_ln466)> <Delay = 0.00>
ST_1 : Operation 19 [1/1] (0.00ns)   --->   "%ret_ln0 = ret"   --->   Operation 19 'ret' 'ret_ln0' <Predicate = (icmp_ln466)> <Delay = 0.00>


============================================================
+ Verbose Summary: Timing violations
============================================================
Target clock period: 10.000ns, clock uncertainty: 2.700ns.

 <State 1>: 2.308ns
The critical path consists of the following:
	'store' operation 0 bit ('store_ln466', /home/silvenchen/Desktop/DitBlock/WorkDCT/DitBlock/kernel.cpp:466) of constant 0 on local variable 'v247', /home/silvenchen/Desktop/DitBlock/WorkDCT/DitBlock/kernel.cpp:466 [3]  (0.387 ns)
	'load' operation 10 bit ('v247', /home/silvenchen/Desktop/DitBlock/WorkDCT/DitBlock/kernel.cpp:466) on local variable 'v247', /home/silvenchen/Desktop/DitBlock/WorkDCT/DitBlock/kernel.cpp:466 [6]  (0.000 ns)
	'icmp' operation 1 bit ('icmp_ln466', /home/silvenchen/Desktop/DitBlock/WorkDCT/DitBlock/kernel.cpp:466) [7]  (0.725 ns)
	'store' operation 0 bit ('store_ln467', /home/silvenchen/Desktop/DitBlock/WorkDCT/DitBlock/kernel.cpp:467) of constant 0 on array 'Y_0' [16]  (1.196 ns)


============================================================
+ Verbose Summary: Binding
============================================================
N/A
* FSMD analyzer results:
  - Output states:
 - Input state : 
  - Chain level:
	State 1


============================================================
+ Verbose Summary: Datapath Resource usage 
============================================================
N/A
