

================================================================
== Vitis HLS Report for 'allo_DDitBlock_Pipeline_VITIS_LOOP_25267_29_VITIS_LOOP_25268_30'
================================================================
* Date:           Mon Feb 17 20:36:24 2025

* Version:        2023.2 (Build 4023990 on Oct 11 2023)
* Project:        DitBlock
* Solution:       hls (Vivado IP Flow Target)
* Product family: virtexuplusHBM
* Target device:  xcu280-fsvh2892-2L-e


================================================================
== Performance Estimates
================================================================
+ Timing: 
    * Summary: 
    +--------+----------+----------+------------+
    |  Clock |  Target  | Estimated| Uncertainty|
    +--------+----------+----------+------------+
    |ap_clk  |  10.00 ns|  3.059 ns|     2.70 ns|
    +--------+----------+----------+------------+

+ Latency: 
    * Summary: 
    +---------+---------+----------+----------+-------+-------+---------+
    |  Latency (cycles) |  Latency (absolute) |    Interval   | Pipeline|
    |   min   |   max   |    min   |    max   |  min  |  max  |   Type  |
    +---------+---------+----------+----------+-------+-------+---------+
    |    32770|    32770|  0.328 ms|  0.328 ms|  32770|  32770|       no|
    +---------+---------+----------+----------+-------+-------+---------+

    + Detail: 
        * Instance: 
        N/A

        * Loop: 
        +-------------------------------------------+---------+---------+----------+-----------+-----------+-------+----------+
        |                                           |  Latency (cycles) | Iteration|  Initiation Interval  |  Trip |          |
        |                 Loop Name                 |   min   |   max   |  Latency |  achieved |   target  | Count | Pipelined|
        +-------------------------------------------+---------+---------+----------+-----------+-----------+-------+----------+
        |- VITIS_LOOP_25267_29_VITIS_LOOP_25268_30  |    32768|    32768|         2|          1|          1|  32768|       yes|
        +-------------------------------------------+---------+---------+----------+-----------+-----------+-------+----------+

============================================================
+ Verbose Summary: Synthesis Manager
============================================================
InlineROM: 1
ExposeGlobal: 0
============================================================
+ Verbose Summary: CDFG Model
============================================================
IsTopModel: 0
ResetActiveHigh: 1
IsCombinational: 0
IsDatapathOnly: 0
HasWiredReturn: 1
HasMFsm: 2
HasVarLatency: 1
IsPipeline: 0
IsRtlPipelined: 0
IsInstanceOverlapped: 0
IsDontTouch: 0
HasImplIP: 0
IsGatedGlobalClock: 0

+ Individual pipeline summary: 
  * Pipeline-0: initiation interval (II) = 1, depth = 3


============================================================
+ Verbose Summary: Schedule
============================================================
* Number of FSM states : 3
* Pipeline : 1
  Pipeline-0 : II = 1, D = 3, States = { 1 2 3 }
* Dataflow Pipeline: 0

* FSM state transitions: 
1 --> 2 
2 --> 3 
3 --> 

* FSM state operations: 

State 1 <SV = 0> <Delay = 0.38>
ST_1 : Operation 5 [1/1] (0.00ns)   --->   "%j = alloca i32 1" [/home/silvenchen/Desktop/DitBlock/WorkDCT/DitBlock/kernel.cpp:25268]   --->   Operation 5 'alloca' 'j' <Predicate = true> <Delay = 0.00>
ST_1 : Operation 6 [1/1] (0.00ns)   --->   "%i = alloca i32 1" [/home/silvenchen/Desktop/DitBlock/WorkDCT/DitBlock/kernel.cpp:25267]   --->   Operation 6 'alloca' 'i' <Predicate = true> <Delay = 0.00>
ST_1 : Operation 7 [1/1] (0.00ns)   --->   "%indvar_flatten76 = alloca i32 1"   --->   Operation 7 'alloca' 'indvar_flatten76' <Predicate = true> <Delay = 0.00>
ST_1 : Operation 8 [1/1] (0.00ns)   --->   "%specinterface_ln0 = specinterface void @_ssdm_op_SpecInterface, i32 %v13541, void @empty_201, i32 0, i32 0, void @empty_191, i32 4294967295, i32 0, void @empty_191, void @empty_191, void @empty_191, i32 0, i32 0, i32 0, i32 0, void @empty_191, void @empty_191, i32 4294967295, i32 0"   --->   Operation 8 'specinterface' 'specinterface_ln0' <Predicate = true> <Delay = 0.00>
ST_1 : Operation 9 [1/1] (0.38ns)   --->   "%store_ln0 = store i16 0, i16 %indvar_flatten76"   --->   Operation 9 'store' 'store_ln0' <Predicate = true> <Delay = 0.38>
ST_1 : Operation 10 [1/1] (0.38ns)   --->   "%store_ln25267 = store i11 0, i11 %i" [/home/silvenchen/Desktop/DitBlock/WorkDCT/DitBlock/kernel.cpp:25267]   --->   Operation 10 'store' 'store_ln25267' <Predicate = true> <Delay = 0.38>
ST_1 : Operation 11 [1/1] (0.38ns)   --->   "%store_ln25268 = store i6 0, i6 %j" [/home/silvenchen/Desktop/DitBlock/WorkDCT/DitBlock/kernel.cpp:25268]   --->   Operation 11 'store' 'store_ln25268' <Predicate = true> <Delay = 0.38>
ST_1 : Operation 12 [1/1] (0.00ns)   --->   "%br_ln0 = br void %for.inc380"   --->   Operation 12 'br' 'br_ln0' <Predicate = true> <Delay = 0.00>

State 2 <SV = 1> <Delay = 3.05>
ST_2 : Operation 13 [1/1] (0.00ns)   --->   "%indvar_flatten76_load = load i16 %indvar_flatten76" [/home/silvenchen/Desktop/DitBlock/WorkDCT/DitBlock/kernel.cpp:25267]   --->   Operation 13 'load' 'indvar_flatten76_load' <Predicate = true> <Delay = 0.00>
ST_2 : Operation 14 [1/1] (0.78ns)   --->   "%icmp_ln25267 = icmp_eq  i16 %indvar_flatten76_load, i16 32768" [/home/silvenchen/Desktop/DitBlock/WorkDCT/DitBlock/kernel.cpp:25267]   --->   Operation 14 'icmp' 'icmp_ln25267' <Predicate = true> <Delay = 0.78> <CoreInst = "Cmp">   --->   Core 9 'Cmp' <Latency = 0> <II = 1> <Delay = 0.78> <FuncUnit> <Opcode : 'icmp'> <InPorts = 2> <OutPorts = 1>
ST_2 : Operation 15 [1/1] (0.78ns)   --->   "%add_ln25267_1 = add i16 %indvar_flatten76_load, i16 1" [/home/silvenchen/Desktop/DitBlock/WorkDCT/DitBlock/kernel.cpp:25267]   --->   Operation 15 'add' 'add_ln25267_1' <Predicate = true> <Delay = 0.78> <CoreInst = "Adder">   --->   Core 1 'Adder' <Latency = 0> <II = 1> <Delay = 0.78> <FuncUnit> <Opcode : 'add' 'sub'> <InPorts = 2> <OutPorts = 1>
ST_2 : Operation 16 [1/1] (0.00ns)   --->   "%br_ln25267 = br i1 %icmp_ln25267, void %for.inc383, void %for.inc404.preheader.exitStub" [/home/silvenchen/Desktop/DitBlock/WorkDCT/DitBlock/kernel.cpp:25267]   --->   Operation 16 'br' 'br_ln25267' <Predicate = true> <Delay = 0.00>
ST_2 : Operation 17 [1/1] (0.00ns)   --->   "%j_load = load i6 %j" [/home/silvenchen/Desktop/DitBlock/WorkDCT/DitBlock/kernel.cpp:25268]   --->   Operation 17 'load' 'j_load' <Predicate = (!icmp_ln25267)> <Delay = 0.00>
ST_2 : Operation 18 [1/1] (0.00ns)   --->   "%i_load = load i11 %i" [/home/silvenchen/Desktop/DitBlock/WorkDCT/DitBlock/kernel.cpp:25267]   --->   Operation 18 'load' 'i_load' <Predicate = (!icmp_ln25267)> <Delay = 0.00>
ST_2 : Operation 19 [1/1] (0.73ns)   --->   "%add_ln25267 = add i11 %i_load, i11 1" [/home/silvenchen/Desktop/DitBlock/WorkDCT/DitBlock/kernel.cpp:25267]   --->   Operation 19 'add' 'add_ln25267' <Predicate = (!icmp_ln25267)> <Delay = 0.73> <CoreInst = "Adder">   --->   Core 1 'Adder' <Latency = 0> <II = 1> <Delay = 0.73> <FuncUnit> <Opcode : 'add' 'sub'> <InPorts = 2> <OutPorts = 1>
ST_2 : Operation 20 [1/1] (0.70ns)   --->   "%icmp_ln25268 = icmp_eq  i6 %j_load, i6 32" [/home/silvenchen/Desktop/DitBlock/WorkDCT/DitBlock/kernel.cpp:25268]   --->   Operation 20 'icmp' 'icmp_ln25268' <Predicate = (!icmp_ln25267)> <Delay = 0.70> <CoreInst = "Cmp">   --->   Core 9 'Cmp' <Latency = 0> <II = 1> <Delay = 0.70> <FuncUnit> <Opcode : 'icmp'> <InPorts = 2> <OutPorts = 1>
ST_2 : Operation 21 [1/1] (0.29ns)   --->   "%select_ln25267 = select i1 %icmp_ln25268, i6 0, i6 %j_load" [/home/silvenchen/Desktop/DitBlock/WorkDCT/DitBlock/kernel.cpp:25267]   --->   Operation 21 'select' 'select_ln25267' <Predicate = (!icmp_ln25267)> <Delay = 0.29> <CoreInst = "Sel">   --->   Core 73 'Sel' <Latency = 0> <II = 1> <Delay = 0.29> <FuncUnit> <Opcode : 'select'> <InPorts = 3> <OutPorts = 1>
ST_2 : Operation 22 [1/1] (0.30ns)   --->   "%select_ln25267_1 = select i1 %icmp_ln25268, i11 %add_ln25267, i11 %i_load" [/home/silvenchen/Desktop/DitBlock/WorkDCT/DitBlock/kernel.cpp:25267]   --->   Operation 22 'select' 'select_ln25267_1' <Predicate = (!icmp_ln25267)> <Delay = 0.30> <CoreInst = "Sel">   --->   Core 73 'Sel' <Latency = 0> <II = 1> <Delay = 0.30> <FuncUnit> <Opcode : 'select'> <InPorts = 3> <OutPorts = 1>
ST_2 : Operation 23 [1/1] (0.00ns)   --->   "%trunc_ln25269 = trunc i11 %select_ln25267_1" [/home/silvenchen/Desktop/DitBlock/WorkDCT/DitBlock/kernel.cpp:25269]   --->   Operation 23 'trunc' 'trunc_ln25269' <Predicate = (!icmp_ln25267)> <Delay = 0.00>
ST_2 : Operation 24 [1/1] (0.00ns)   --->   "%tmp_s = bitconcatenate i15 @_ssdm_op_BitConcatenate.i15.i10.i5, i10 %trunc_ln25269, i5 0" [/home/silvenchen/Desktop/DitBlock/WorkDCT/DitBlock/kernel.cpp:25269]   --->   Operation 24 'bitconcatenate' 'tmp_s' <Predicate = (!icmp_ln25267)> <Delay = 0.00>
ST_2 : Operation 25 [1/1] (0.00ns)   --->   "%zext_ln25269 = zext i6 %select_ln25267" [/home/silvenchen/Desktop/DitBlock/WorkDCT/DitBlock/kernel.cpp:25269]   --->   Operation 25 'zext' 'zext_ln25269' <Predicate = (!icmp_ln25267)> <Delay = 0.00>
ST_2 : Operation 26 [1/1] (0.77ns)   --->   "%add_ln25269 = add i15 %tmp_s, i15 %zext_ln25269" [/home/silvenchen/Desktop/DitBlock/WorkDCT/DitBlock/kernel.cpp:25269]   --->   Operation 26 'add' 'add_ln25269' <Predicate = (!icmp_ln25267)> <Delay = 0.77> <CoreInst = "Adder">   --->   Core 1 'Adder' <Latency = 0> <II = 1> <Delay = 0.77> <FuncUnit> <Opcode : 'add' 'sub'> <InPorts = 2> <OutPorts = 1>
ST_2 : Operation 27 [1/1] (0.00ns)   --->   "%zext_ln25269_1 = zext i15 %add_ln25269" [/home/silvenchen/Desktop/DitBlock/WorkDCT/DitBlock/kernel.cpp:25269]   --->   Operation 27 'zext' 'zext_ln25269_1' <Predicate = (!icmp_ln25267)> <Delay = 0.00>
ST_2 : Operation 28 [1/1] (0.00ns)   --->   "%v13541_addr = getelementptr i32 %v13541, i64 0, i64 %zext_ln25269_1" [/home/silvenchen/Desktop/DitBlock/WorkDCT/DitBlock/kernel.cpp:25269]   --->   Operation 28 'getelementptr' 'v13541_addr' <Predicate = (!icmp_ln25267)> <Delay = 0.00>
ST_2 : Operation 29 [2/2] (1.24ns)   --->   "%v13541_load = load i15 %v13541_addr" [/home/silvenchen/Desktop/DitBlock/WorkDCT/DitBlock/kernel.cpp:25269]   --->   Operation 29 'load' 'v13541_load' <Predicate = (!icmp_ln25267)> <Delay = 1.24> <CoreInst = "RAM">   --->   Core 83 'RAM' <Latency = 1> <II = 1> <Delay = 1.24> <Storage> <Opcode : 'load' 'store'> <Ports = 2> <Width = 32> <Depth = 32768> <RAM>
ST_2 : Operation 30 [1/1] (0.70ns)   --->   "%add_ln25268 = add i6 %select_ln25267, i6 1" [/home/silvenchen/Desktop/DitBlock/WorkDCT/DitBlock/kernel.cpp:25268]   --->   Operation 30 'add' 'add_ln25268' <Predicate = (!icmp_ln25267)> <Delay = 0.70> <CoreInst = "Adder">   --->   Core 1 'Adder' <Latency = 0> <II = 1> <Delay = 0.70> <FuncUnit> <Opcode : 'add' 'sub'> <InPorts = 2> <OutPorts = 1>
ST_2 : Operation 31 [1/1] (0.38ns)   --->   "%store_ln25267 = store i16 %add_ln25267_1, i16 %indvar_flatten76" [/home/silvenchen/Desktop/DitBlock/WorkDCT/DitBlock/kernel.cpp:25267]   --->   Operation 31 'store' 'store_ln25267' <Predicate = (!icmp_ln25267)> <Delay = 0.38>
ST_2 : Operation 32 [1/1] (0.38ns)   --->   "%store_ln25267 = store i11 %select_ln25267_1, i11 %i" [/home/silvenchen/Desktop/DitBlock/WorkDCT/DitBlock/kernel.cpp:25267]   --->   Operation 32 'store' 'store_ln25267' <Predicate = (!icmp_ln25267)> <Delay = 0.38>
ST_2 : Operation 33 [1/1] (0.38ns)   --->   "%store_ln25268 = store i6 %add_ln25268, i6 %j" [/home/silvenchen/Desktop/DitBlock/WorkDCT/DitBlock/kernel.cpp:25268]   --->   Operation 33 'store' 'store_ln25268' <Predicate = (!icmp_ln25267)> <Delay = 0.38>
ST_2 : Operation 42 [1/1] (0.00ns)   --->   "%ret_ln0 = ret"   --->   Operation 42 'ret' 'ret_ln0' <Predicate = (icmp_ln25267)> <Delay = 0.00>

State 3 <SV = 2> <Delay = 2.49>
ST_3 : Operation 34 [1/1] (0.00ns)   --->   "%specloopname_ln0 = specloopname void @_ssdm_op_SpecLoopName, void @VITIS_LOOP_25267_29_VITIS_LOOP_25268_30_str"   --->   Operation 34 'specloopname' 'specloopname_ln0' <Predicate = true> <Delay = 0.00>
ST_3 : Operation 35 [1/1] (0.00ns)   --->   "%speclooptripcount_ln0 = speclooptripcount void @_ssdm_op_SpecLoopTripCount, i64 32768, i64 32768, i64 32768"   --->   Operation 35 'speclooptripcount' 'speclooptripcount_ln0' <Predicate = true> <Delay = 0.00>
ST_3 : Operation 36 [1/1] (0.00ns)   --->   "%buffer_sin_addr = getelementptr i32 %buffer_sin, i64 0, i64 %zext_ln25269_1" [/home/silvenchen/Desktop/DitBlock/WorkDCT/DitBlock/kernel.cpp:25269]   --->   Operation 36 'getelementptr' 'buffer_sin_addr' <Predicate = true> <Delay = 0.00>
ST_3 : Operation 37 [1/1] (0.00ns)   --->   "%specpipeline_ln25268 = specpipeline void @_ssdm_op_SpecPipeline, i32 4294967295, i32 0, i32 0, i32 0, void @empty_191" [/home/silvenchen/Desktop/DitBlock/WorkDCT/DitBlock/kernel.cpp:25268]   --->   Operation 37 'specpipeline' 'specpipeline_ln25268' <Predicate = true> <Delay = 0.00>
ST_3 : Operation 38 [1/2] (1.24ns)   --->   "%v13541_load = load i15 %v13541_addr" [/home/silvenchen/Desktop/DitBlock/WorkDCT/DitBlock/kernel.cpp:25269]   --->   Operation 38 'load' 'v13541_load' <Predicate = true> <Delay = 1.24> <CoreInst = "RAM">   --->   Core 83 'RAM' <Latency = 1> <II = 1> <Delay = 1.24> <Storage> <Opcode : 'load' 'store'> <Ports = 2> <Width = 32> <Depth = 32768> <RAM>
ST_3 : Operation 39 [1/1] (0.00ns)   --->   "%bitcast_ln25269 = bitcast i32 %v13541_load" [/home/silvenchen/Desktop/DitBlock/WorkDCT/DitBlock/kernel.cpp:25269]   --->   Operation 39 'bitcast' 'bitcast_ln25269' <Predicate = true> <Delay = 0.00>
ST_3 : Operation 40 [1/1] (1.24ns)   --->   "%store_ln25269 = store i32 %bitcast_ln25269, i15 %buffer_sin_addr" [/home/silvenchen/Desktop/DitBlock/WorkDCT/DitBlock/kernel.cpp:25269]   --->   Operation 40 'store' 'store_ln25269' <Predicate = true> <Delay = 1.24> <CoreInst = "RAM">   --->   Core 83 'RAM' <Latency = 1> <II = 1> <Delay = 1.24> <Storage> <Opcode : 'load' 'store'> <Ports = 2> <Width = 32> <Depth = 32768> <RAM>
ST_3 : Operation 41 [1/1] (0.00ns)   --->   "%br_ln25268 = br void %for.inc380" [/home/silvenchen/Desktop/DitBlock/WorkDCT/DitBlock/kernel.cpp:25268]   --->   Operation 41 'br' 'br_ln25268' <Predicate = true> <Delay = 0.00>


============================================================
+ Verbose Summary: Timing violations
============================================================
Target clock period: 10.000ns, clock uncertainty: 2.700ns.

 <State 1>: 0.387ns
The critical path consists of the following:
	'alloca' operation 16 bit ('indvar_flatten76') [5]  (0.000 ns)
	'store' operation 0 bit ('store_ln0') of constant 0 on local variable 'indvar_flatten76' [7]  (0.387 ns)

 <State 2>: 3.059ns
The critical path consists of the following:
	'load' operation 11 bit ('i_load', /home/silvenchen/Desktop/DitBlock/WorkDCT/DitBlock/kernel.cpp:25267) on local variable 'i', /home/silvenchen/Desktop/DitBlock/WorkDCT/DitBlock/kernel.cpp:25267 [18]  (0.000 ns)
	'add' operation 11 bit ('add_ln25267', /home/silvenchen/Desktop/DitBlock/WorkDCT/DitBlock/kernel.cpp:25267) [19]  (0.735 ns)
	'select' operation 11 bit ('select_ln25267_1', /home/silvenchen/Desktop/DitBlock/WorkDCT/DitBlock/kernel.cpp:25267) [24]  (0.301 ns)
	'add' operation 15 bit ('add_ln25269', /home/silvenchen/Desktop/DitBlock/WorkDCT/DitBlock/kernel.cpp:25269) [28]  (0.775 ns)
	'getelementptr' operation 15 bit ('v13541_addr', /home/silvenchen/Desktop/DitBlock/WorkDCT/DitBlock/kernel.cpp:25269) [30]  (0.000 ns)
	'load' operation 32 bit ('v13541_load', /home/silvenchen/Desktop/DitBlock/WorkDCT/DitBlock/kernel.cpp:25269) on array 'v13541' [33]  (1.248 ns)

 <State 3>: 2.496ns
The critical path consists of the following:
	'load' operation 32 bit ('v13541_load', /home/silvenchen/Desktop/DitBlock/WorkDCT/DitBlock/kernel.cpp:25269) on array 'v13541' [33]  (1.248 ns)
	'store' operation 0 bit ('store_ln25269', /home/silvenchen/Desktop/DitBlock/WorkDCT/DitBlock/kernel.cpp:25269) of variable 'bitcast_ln25269', /home/silvenchen/Desktop/DitBlock/WorkDCT/DitBlock/kernel.cpp:25269 on array 'buffer_sin' [35]  (1.248 ns)


============================================================
+ Verbose Summary: Binding
============================================================
N/A
* FSMD analyzer results:
  - Output states:
 - Input state : 
  - Chain level:
	State 1
	State 2
	State 3


============================================================
+ Verbose Summary: Datapath Resource usage 
============================================================
N/A
