

================================================================
== Vitis HLS Report for 'allo_DDitBlock_Pipeline_VITIS_LOOP_25214_18'
================================================================
* Date:           Mon Feb 17 20:37:39 2025

* Version:        2023.2 (Build 4023990 on Oct 11 2023)
* Project:        DitBlock
* Solution:       hls (Vivado IP Flow Target)
* Product family: virtexuplusHBM
* Target device:  xcu280-fsvh2892-2L-e


================================================================
== Performance Estimates
================================================================
+ Timing: 
    * Summary: 
    +--------+----------+----------+------------+
    |  Clock |  Target  | Estimated| Uncertainty|
    +--------+----------+----------+------------+
    |ap_clk  |  10.00 ns|  2.392 ns|     2.70 ns|
    +--------+----------+----------+------------+

+ Latency: 
    * Summary: 
    +---------+---------+----------+----------+-----+-----+---------+
    |  Latency (cycles) |  Latency (absolute) |  Interval | Pipeline|
    |   min   |   max   |    min   |    max   | min | max |   Type  |
    +---------+---------+----------+----------+-----+-----+---------+
    |      514|      514|  5.140 us|  5.140 us|  514|  514|       no|
    +---------+---------+----------+----------+-----+-----+---------+

    + Detail: 
        * Instance: 
        N/A

        * Loop: 
        +-----------------------+---------+---------+----------+-----------+-----------+------+----------+
        |                       |  Latency (cycles) | Iteration|  Initiation Interval  | Trip |          |
        |       Loop Name       |   min   |   max   |  Latency |  achieved |   target  | Count| Pipelined|
        +-----------------------+---------+---------+----------+-----------+-----------+------+----------+
        |- VITIS_LOOP_25214_18  |      512|      512|         2|          1|          1|   512|       yes|
        +-----------------------+---------+---------+----------+-----------+-----------+------+----------+



================================================================
== Utilization Estimates
================================================================
* Summary: 
+---------------------+---------+------+---------+---------+-----+
|         Name        | BRAM_18K|  DSP |    FF   |   LUT   | URAM|
+---------------------+---------+------+---------+---------+-----+
|DSP                  |        -|     -|        -|        -|    -|
|Expression           |        -|     -|        0|       37|    -|
|FIFO                 |        -|     -|        -|        -|    -|
|Instance             |        -|     -|        -|        -|    -|
|Memory               |        -|     -|        -|        -|    -|
|Multiplexer          |        -|     -|        -|       36|    -|
|Register             |        -|     -|       23|        -|    -|
+---------------------+---------+------+---------+---------+-----+
|Total                |        0|     0|       23|       73|    0|
+---------------------+---------+------+---------+---------+-----+
|Available SLR        |     1344|  3008|   869120|   434560|  320|
+---------------------+---------+------+---------+---------+-----+
|Utilization SLR (%)  |        0|     0|       ~0|       ~0|    0|
+---------------------+---------+------+---------+---------+-----+
|Available            |     4032|  9024|  2607360|  1303680|  960|
+---------------------+---------+------+---------+---------+-----+
|Utilization (%)      |        0|     0|       ~0|       ~0|    0|
+---------------------+---------+------+---------+---------+-----+

+ Detail: 
    * Instance: 
    N/A

    * DSP: 
    N/A

    * Memory: 
    N/A

    * FIFO: 
    N/A

    * Expression: 
    +-----------------------+----------+----+---+----+------------+------------+
    |     Variable Name     | Operation| DSP| FF| LUT| Bitwidth P0| Bitwidth P1|
    +-----------------------+----------+----+---+----+------------+------------+
    |add_ln25214_fu_78_p2   |         +|   0|  0|  17|          10|           1|
    |icmp_ln25214_fu_72_p2  |      icmp|   0|  0|  18|          10|          11|
    |ap_enable_pp0          |       xor|   0|  0|   2|           1|           2|
    +-----------------------+----------+----+---+----+------------+------------+
    |Total                  |          |   0|  0|  37|          21|          14|
    +-----------------------+----------+----+---+----+------------+------------+

    * Multiplexer: 
    +-------------------------+----+-----------+-----+-----------+
    |           Name          | LUT| Input Size| Bits| Total Bits|
    +-------------------------+----+-----------+-----+-----------+
    |ap_done_int              |   9|          2|    1|          2|
    |ap_enable_reg_pp0_iter1  |   9|          2|    1|          2|
    |ap_sig_allocacmp_i_3     |   9|          2|   10|         20|
    |i_fu_34                  |   9|          2|   10|         20|
    +-------------------------+----+-----------+-----+-----------+
    |Total                    |  36|          8|   22|         44|
    +-------------------------+----+-----------+-----+-----------+

    * Register: 
    +-------------------------+----+----+-----+-----------+
    |           Name          | FF | LUT| Bits| Const Bits|
    +-------------------------+----+----+-----+-----------+
    |ap_CS_fsm                |   1|   0|    1|          0|
    |ap_done_reg              |   1|   0|    1|          0|
    |ap_enable_reg_pp0_iter1  |   1|   0|    1|          0|
    |i_fu_34                  |  10|   0|   10|          0|
    |zext_ln25214_reg_109     |  10|   0|   64|         54|
    +-------------------------+----+----+-----+-----------+
    |Total                    |  23|   0|   77|         54|
    +-------------------------+----+----+-----+-----------+



================================================================
== Interface
================================================================
* Summary: 
+----------------------+-----+-----+------------+---------------------------------------------+--------------+
|       RTL Ports      | Dir | Bits|  Protocol  |                Source Object                |    C Type    |
+----------------------+-----+-----+------------+---------------------------------------------+--------------+
|ap_clk                |   in|    1|  ap_ctrl_hs|  allo_DDitBlock_Pipeline_VITIS_LOOP_25214_18|  return value|
|ap_rst                |   in|    1|  ap_ctrl_hs|  allo_DDitBlock_Pipeline_VITIS_LOOP_25214_18|  return value|
|ap_start              |   in|    1|  ap_ctrl_hs|  allo_DDitBlock_Pipeline_VITIS_LOOP_25214_18|  return value|
|ap_done               |  out|    1|  ap_ctrl_hs|  allo_DDitBlock_Pipeline_VITIS_LOOP_25214_18|  return value|
|ap_idle               |  out|    1|  ap_ctrl_hs|  allo_DDitBlock_Pipeline_VITIS_LOOP_25214_18|  return value|
|ap_ready              |  out|    1|  ap_ctrl_hs|  allo_DDitBlock_Pipeline_VITIS_LOOP_25214_18|  return value|
|adaLN_bias5_address0  |  out|    9|   ap_memory|                                  adaLN_bias5|         array|
|adaLN_bias5_ce0       |  out|    1|   ap_memory|                                  adaLN_bias5|         array|
|adaLN_bias5_q0        |   in|   32|   ap_memory|                                  adaLN_bias5|         array|
|adaLN_bias_address0   |  out|    9|   ap_memory|                                   adaLN_bias|         array|
|adaLN_bias_ce0        |  out|    1|   ap_memory|                                   adaLN_bias|         array|
|adaLN_bias_we0        |  out|    1|   ap_memory|                                   adaLN_bias|         array|
|adaLN_bias_d0         |  out|   32|   ap_memory|                                   adaLN_bias|         array|
+----------------------+-----+-----+------------+---------------------------------------------+--------------+

============================================================
+ Verbose Summary: Synthesis Manager
============================================================
InlineROM: 1
ExposeGlobal: 0
============================================================
+ Verbose Summary: CDFG Model
============================================================
IsTopModel: 0
ResetActiveHigh: 1
IsCombinational: 2
IsDatapathOnly: 2
HasWiredReturn: 1
HasMFsm: 2
HasVarLatency: 1
IsPipeline: 0
IsRtlPipelined: 0
IsInstanceOverlapped: 0
IsDontTouch: 0
HasImplIP: 0
IsGatedGlobalClock: 0

+ Individual pipeline summary: 
  * Pipeline-0: initiation interval (II) = 1, depth = 2


============================================================
+ Verbose Summary: Schedule
============================================================
* Number of FSM states : 2
* Pipeline : 1
  Pipeline-0 : II = 1, D = 2, States = { 1 2 }
* Dataflow Pipeline: 0

* FSM state transitions: 
1 --> 2 
2 --> 

* FSM state operations: 

State 1 <SV = 0> <Delay = 1.58>
ST_1 : Operation 5 [1/1] (0.00ns)   --->   "%i = alloca i32 1" [/home/silvenchen/Desktop/DitBlock/WorkDCT/DitBlock/kernel.cpp:25214]   --->   Operation 5 'alloca' 'i' <Predicate = true> <Delay = 0.00>
ST_1 : Operation 6 [1/1] (0.00ns)   --->   "%specinterface_ln0 = specinterface void @_ssdm_op_SpecInterface, i32 %adaLN_bias5, void @empty_201, i32 0, i32 0, void @empty_191, i32 4294967295, i32 0, void @empty_191, void @empty_191, void @empty_191, i32 0, i32 0, i32 0, i32 0, void @empty_191, void @empty_191, i32 4294967295, i32 0"   --->   Operation 6 'specinterface' 'specinterface_ln0' <Predicate = true> <Delay = 0.00>
ST_1 : Operation 7 [1/1] (0.38ns)   --->   "%store_ln25214 = store i10 0, i10 %i" [/home/silvenchen/Desktop/DitBlock/WorkDCT/DitBlock/kernel.cpp:25214]   --->   Operation 7 'store' 'store_ln25214' <Predicate = true> <Delay = 0.38>
ST_1 : Operation 8 [1/1] (0.00ns)   --->   "%br_ln0 = br void %for.inc222"   --->   Operation 8 'br' 'br_ln0' <Predicate = true> <Delay = 0.00>
ST_1 : Operation 9 [1/1] (0.00ns)   --->   "%i_3 = load i10 %i" [/home/silvenchen/Desktop/DitBlock/WorkDCT/DitBlock/kernel.cpp:25214]   --->   Operation 9 'load' 'i_3' <Predicate = true> <Delay = 0.00>
ST_1 : Operation 10 [1/1] (0.72ns)   --->   "%icmp_ln25214 = icmp_eq  i10 %i_3, i10 512" [/home/silvenchen/Desktop/DitBlock/WorkDCT/DitBlock/kernel.cpp:25214]   --->   Operation 10 'icmp' 'icmp_ln25214' <Predicate = true> <Delay = 0.72> <CoreInst = "Cmp">   --->   Core 9 'Cmp' <Latency = 0> <II = 1> <Delay = 0.73> <FuncUnit> <Opcode : 'icmp'> <InPorts = 2> <OutPorts = 1>
ST_1 : Operation 11 [1/1] (0.72ns)   --->   "%add_ln25214 = add i10 %i_3, i10 1" [/home/silvenchen/Desktop/DitBlock/WorkDCT/DitBlock/kernel.cpp:25214]   --->   Operation 11 'add' 'add_ln25214' <Predicate = true> <Delay = 0.72> <CoreInst = "Adder">   --->   Core 1 'Adder' <Latency = 0> <II = 1> <Delay = 0.72> <FuncUnit> <Opcode : 'add' 'sub'> <InPorts = 2> <OutPorts = 1>
ST_1 : Operation 12 [1/1] (0.00ns)   --->   "%br_ln25214 = br i1 %icmp_ln25214, void %for.inc222.split, void %for.inc243.preheader.exitStub" [/home/silvenchen/Desktop/DitBlock/WorkDCT/DitBlock/kernel.cpp:25214]   --->   Operation 12 'br' 'br_ln25214' <Predicate = true> <Delay = 0.00>
ST_1 : Operation 13 [1/1] (0.00ns)   --->   "%zext_ln25214 = zext i10 %i_3" [/home/silvenchen/Desktop/DitBlock/WorkDCT/DitBlock/kernel.cpp:25214]   --->   Operation 13 'zext' 'zext_ln25214' <Predicate = (!icmp_ln25214)> <Delay = 0.00>
ST_1 : Operation 14 [1/1] (0.00ns)   --->   "%adaLN_bias5_addr = getelementptr i32 %adaLN_bias5, i64 0, i64 %zext_ln25214" [/home/silvenchen/Desktop/DitBlock/WorkDCT/DitBlock/kernel.cpp:25215]   --->   Operation 14 'getelementptr' 'adaLN_bias5_addr' <Predicate = (!icmp_ln25214)> <Delay = 0.00>
ST_1 : Operation 15 [2/2] (1.19ns)   --->   "%adaLN_bias5_load = load i9 %adaLN_bias5_addr" [/home/silvenchen/Desktop/DitBlock/WorkDCT/DitBlock/kernel.cpp:25215]   --->   Operation 15 'load' 'adaLN_bias5_load' <Predicate = (!icmp_ln25214)> <Delay = 1.19> <CoreInst = "RAM">   --->   Core 83 'RAM' <Latency = 1> <II = 1> <Delay = 1.19> <Storage> <Opcode : 'load' 'store'> <Ports = 2> <Width = 32> <Depth = 512> <RAM>
ST_1 : Operation 16 [1/1] (0.38ns)   --->   "%store_ln25214 = store i10 %add_ln25214, i10 %i" [/home/silvenchen/Desktop/DitBlock/WorkDCT/DitBlock/kernel.cpp:25214]   --->   Operation 16 'store' 'store_ln25214' <Predicate = (!icmp_ln25214)> <Delay = 0.38>
ST_1 : Operation 25 [1/1] (0.00ns)   --->   "%ret_ln0 = ret"   --->   Operation 25 'ret' 'ret_ln0' <Predicate = (icmp_ln25214)> <Delay = 0.00>

State 2 <SV = 1> <Delay = 2.39>
ST_2 : Operation 17 [1/1] (0.00ns)   --->   "%specpipeline_ln25214 = specpipeline void @_ssdm_op_SpecPipeline, i32 4294967295, i32 0, i32 0, i32 0, void @empty_191" [/home/silvenchen/Desktop/DitBlock/WorkDCT/DitBlock/kernel.cpp:25214]   --->   Operation 17 'specpipeline' 'specpipeline_ln25214' <Predicate = true> <Delay = 0.00>
ST_2 : Operation 18 [1/1] (0.00ns)   --->   "%speclooptripcount_ln25214 = speclooptripcount void @_ssdm_op_SpecLoopTripCount, i64 512, i64 512, i64 512" [/home/silvenchen/Desktop/DitBlock/WorkDCT/DitBlock/kernel.cpp:25214]   --->   Operation 18 'speclooptripcount' 'speclooptripcount_ln25214' <Predicate = true> <Delay = 0.00>
ST_2 : Operation 19 [1/1] (0.00ns)   --->   "%specloopname_ln25214 = specloopname void @_ssdm_op_SpecLoopName, void @empty_197" [/home/silvenchen/Desktop/DitBlock/WorkDCT/DitBlock/kernel.cpp:25214]   --->   Operation 19 'specloopname' 'specloopname_ln25214' <Predicate = true> <Delay = 0.00>
ST_2 : Operation 20 [1/2] (1.19ns)   --->   "%adaLN_bias5_load = load i9 %adaLN_bias5_addr" [/home/silvenchen/Desktop/DitBlock/WorkDCT/DitBlock/kernel.cpp:25215]   --->   Operation 20 'load' 'adaLN_bias5_load' <Predicate = true> <Delay = 1.19> <CoreInst = "RAM">   --->   Core 83 'RAM' <Latency = 1> <II = 1> <Delay = 1.19> <Storage> <Opcode : 'load' 'store'> <Ports = 2> <Width = 32> <Depth = 512> <RAM>
ST_2 : Operation 21 [1/1] (0.00ns)   --->   "%bitcast_ln25215 = bitcast i32 %adaLN_bias5_load" [/home/silvenchen/Desktop/DitBlock/WorkDCT/DitBlock/kernel.cpp:25215]   --->   Operation 21 'bitcast' 'bitcast_ln25215' <Predicate = true> <Delay = 0.00>
ST_2 : Operation 22 [1/1] (0.00ns)   --->   "%adaLN_bias_addr = getelementptr i32 %adaLN_bias, i64 0, i64 %zext_ln25214" [/home/silvenchen/Desktop/DitBlock/WorkDCT/DitBlock/kernel.cpp:25215]   --->   Operation 22 'getelementptr' 'adaLN_bias_addr' <Predicate = true> <Delay = 0.00>
ST_2 : Operation 23 [1/1] (1.19ns)   --->   "%store_ln25215 = store i32 %bitcast_ln25215, i9 %adaLN_bias_addr" [/home/silvenchen/Desktop/DitBlock/WorkDCT/DitBlock/kernel.cpp:25215]   --->   Operation 23 'store' 'store_ln25215' <Predicate = true> <Delay = 1.19> <CoreInst = "RAM">   --->   Core 83 'RAM' <Latency = 1> <II = 1> <Delay = 1.19> <Storage> <Opcode : 'load' 'store'> <Ports = 2> <Width = 32> <Depth = 512> <RAM>
ST_2 : Operation 24 [1/1] (0.00ns)   --->   "%br_ln25214 = br void %for.inc222" [/home/silvenchen/Desktop/DitBlock/WorkDCT/DitBlock/kernel.cpp:25214]   --->   Operation 24 'br' 'br_ln25214' <Predicate = true> <Delay = 0.00>


============================================================
+ Verbose Summary: Binding
============================================================
STG Binding: 
---------------- STG Properties BEGIN ----------------
- Is combinational: 0
- Is one-state seq: 0
- Is datapath-only: 0
- Is pipelined: 0
- Is top level: 0
Port [ Return ] is wired: 1; IO mode=ap_ctrl_hs:ce=0
Port [ adaLN_bias5]:  wired=1; compound=1; hidden=0; nouse=0; global=0; static=0; extern=0; dir=0; type=1; pingpong=0; private_global=0; MemPort=[13]; IO mode=ap_memory:ce=0
Port [ adaLN_bias]:  wired=1; compound=1; hidden=0; nouse=0; global=0; static=0; extern=0; dir=1; type=1; pingpong=0; private_global=0; MemPort=[03]; IO mode=ap_memory:ce=0
---------------- STG Properties END ------------------

---------------- Datapath Model BEGIN ----------------

<LifeTime>
<method=bitvector/>
i                         (alloca           ) [ 010]
specinterface_ln0         (specinterface    ) [ 000]
store_ln25214             (store            ) [ 000]
br_ln0                    (br               ) [ 000]
i_3                       (load             ) [ 000]
icmp_ln25214              (icmp             ) [ 010]
add_ln25214               (add              ) [ 000]
br_ln25214                (br               ) [ 000]
zext_ln25214              (zext             ) [ 011]
adaLN_bias5_addr          (getelementptr    ) [ 011]
store_ln25214             (store            ) [ 000]
specpipeline_ln25214      (specpipeline     ) [ 000]
speclooptripcount_ln25214 (speclooptripcount) [ 000]
specloopname_ln25214      (specloopname     ) [ 000]
adaLN_bias5_load          (load             ) [ 000]
bitcast_ln25215           (bitcast          ) [ 000]
adaLN_bias_addr           (getelementptr    ) [ 000]
store_ln25215             (store            ) [ 000]
br_ln25214                (br               ) [ 000]
ret_ln0                   (ret              ) [ 000]
</LifeTime>

<model>

<comp_list>
<comp id="0" class="1000" name="adaLN_bias5">
<pin_list>
<pin id="1" dir="1" index="0" bw="1" slack="0"/>
</pin_list>
<bind>
<StgValue><ssdm name="adaLN_bias5"/><MemPortTyVec>1 3 </MemPortTyVec>
</StgValue>
</bind>
</comp>

<comp id="2" class="1000" name="adaLN_bias">
<pin_list>
<pin id="3" dir="1" index="0" bw="1" slack="0"/>
</pin_list>
<bind>
<StgValue><ssdm name="adaLN_bias"/><MemPortTyVec>0 3 </MemPortTyVec>
</StgValue>
</bind>
</comp>

<comp id="4" class="1001" name="const_4">
<pin_list>
<pin id="5" dir="1" index="0" bw="1" slack="0"/>
</pin_list>
<bind>
<StgValue><ssdm name=""/></StgValue>
</bind>
</comp>

<comp id="6" class="1001" name="const_6">
<pin_list>
<pin id="7" dir="1" index="0" bw="1" slack="2147483647"/>
</pin_list>
<bind>
<StgValue><ssdm name="_ssdm_op_SpecInterface"/></StgValue>
</bind>
</comp>

<comp id="8" class="1001" name="const_8">
<pin_list>
<pin id="9" dir="1" index="0" bw="1" slack="2147483647"/>
</pin_list>
<bind>
<StgValue><ssdm name="empty_201"/></StgValue>
</bind>
</comp>

<comp id="10" class="1001" name="const_10">
<pin_list>
<pin id="11" dir="1" index="0" bw="1" slack="2147483647"/>
</pin_list>
<bind>
<StgValue><ssdm name=""/></StgValue>
</bind>
</comp>

<comp id="12" class="1001" name="const_12">
<pin_list>
<pin id="13" dir="1" index="0" bw="1" slack="2147483647"/>
</pin_list>
<bind>
<StgValue><ssdm name="empty_191"/></StgValue>
</bind>
</comp>

<comp id="14" class="1001" name="const_14">
<pin_list>
<pin id="15" dir="1" index="0" bw="1" slack="2147483647"/>
</pin_list>
<bind>
<StgValue><ssdm name=""/></StgValue>
</bind>
</comp>

<comp id="16" class="1001" name="const_16">
<pin_list>
<pin id="17" dir="1" index="0" bw="1" slack="0"/>
</pin_list>
<bind>
<StgValue><ssdm name=""/></StgValue>
</bind>
</comp>

<comp id="18" class="1001" name="const_18">
<pin_list>
<pin id="19" dir="1" index="0" bw="1" slack="0"/>
</pin_list>
<bind>
<StgValue><ssdm name=""/></StgValue>
</bind>
</comp>

<comp id="20" class="1001" name="const_20">
<pin_list>
<pin id="21" dir="1" index="0" bw="1" slack="0"/>
</pin_list>
<bind>
<StgValue><ssdm name=""/></StgValue>
</bind>
</comp>

<comp id="22" class="1001" name="const_22">
<pin_list>
<pin id="23" dir="1" index="0" bw="1" slack="0"/>
</pin_list>
<bind>
<StgValue><ssdm name=""/></StgValue>
</bind>
</comp>

<comp id="24" class="1001" name="const_24">
<pin_list>
<pin id="25" dir="1" index="0" bw="1" slack="2147483647"/>
</pin_list>
<bind>
<StgValue><ssdm name="_ssdm_op_SpecPipeline"/></StgValue>
</bind>
</comp>

<comp id="26" class="1001" name="const_26">
<pin_list>
<pin id="27" dir="1" index="0" bw="1" slack="2147483647"/>
</pin_list>
<bind>
<StgValue><ssdm name="_ssdm_op_SpecLoopTripCount"/></StgValue>
</bind>
</comp>

<comp id="28" class="1001" name="const_28">
<pin_list>
<pin id="29" dir="1" index="0" bw="1" slack="2147483647"/>
</pin_list>
<bind>
<StgValue><ssdm name=""/></StgValue>
</bind>
</comp>

<comp id="30" class="1001" name="const_30">
<pin_list>
<pin id="31" dir="1" index="0" bw="1" slack="2147483647"/>
</pin_list>
<bind>
<StgValue><ssdm name="_ssdm_op_SpecLoopName"/></StgValue>
</bind>
</comp>

<comp id="32" class="1001" name="const_32">
<pin_list>
<pin id="33" dir="1" index="0" bw="1" slack="2147483647"/>
</pin_list>
<bind>
<StgValue><ssdm name="empty_197"/></StgValue>
</bind>
</comp>

<comp id="34" class="1004" name="i_fu_34">
<pin_list>
<pin id="35" dir="0" index="0" bw="1" slack="0"/>
<pin id="36" dir="1" index="1" bw="10" slack="0"/>
</pin_list>
<bind>
<opcode="alloca(26) " fcode="alloca"/>
<opset="i/1 "/>
</bind>
</comp>

<comp id="38" class="1004" name="adaLN_bias5_addr_gep_fu_38">
<pin_list>
<pin id="39" dir="0" index="0" bw="32" slack="0"/>
<pin id="40" dir="0" index="1" bw="1" slack="0"/>
<pin id="41" dir="0" index="2" bw="10" slack="0"/>
<pin id="42" dir="1" index="3" bw="9" slack="0"/>
</pin_list>
<bind>
<opcode="getelementptr(29) " fcode="getelementptr"/>
<opset="adaLN_bias5_addr/1 "/>
</bind>
</comp>

<comp id="45" class="1004" name="grp_access_fu_45">
<pin_list>
<pin id="46" dir="0" index="0" bw="9" slack="0"/>
<pin id="47" dir="0" index="1" bw="32" slack="2147483647"/>
<pin id="48" dir="0" index="2" bw="0" slack="2147483647"/>
<pin id="49" dir="1" index="3" bw="32" slack="0"/>
</pin_list>
<bind>
<opcode="load(27) " fcode="load"/>
<opset="adaLN_bias5_load/1 "/>
</bind>
</comp>

<comp id="51" class="1004" name="adaLN_bias_addr_gep_fu_51">
<pin_list>
<pin id="52" dir="0" index="0" bw="32" slack="0"/>
<pin id="53" dir="0" index="1" bw="1" slack="0"/>
<pin id="54" dir="0" index="2" bw="10" slack="1"/>
<pin id="55" dir="1" index="3" bw="9" slack="0"/>
</pin_list>
<bind>
<opcode="getelementptr(29) " fcode="getelementptr"/>
<opset="adaLN_bias_addr/2 "/>
</bind>
</comp>

<comp id="58" class="1004" name="store_ln25215_access_fu_58">
<pin_list>
<pin id="59" dir="0" index="0" bw="9" slack="0"/>
<pin id="60" dir="0" index="1" bw="32" slack="0"/>
<pin id="61" dir="0" index="2" bw="0" slack="2147483647"/>
<pin id="62" dir="1" index="3" bw="32" slack="2147483647"/>
</pin_list>
<bind>
<opcode="store(28) " fcode="store"/>
<opset="store_ln25215/2 "/>
</bind>
</comp>

<comp id="64" class="1004" name="store_ln25214_store_fu_64">
<pin_list>
<pin id="65" dir="0" index="0" bw="1" slack="0"/>
<pin id="66" dir="0" index="1" bw="10" slack="0"/>
<pin id="67" dir="1" index="2" bw="0" slack="2147483647"/>
</pin_list>
<bind>
<opcode="store(28) " fcode="store"/>
<opset="store_ln25214/1 "/>
</bind>
</comp>

<comp id="69" class="1004" name="i_3_load_fu_69">
<pin_list>
<pin id="70" dir="0" index="0" bw="10" slack="0"/>
<pin id="71" dir="1" index="1" bw="10" slack="0"/>
</pin_list>
<bind>
<opcode="load(27) " fcode="load"/>
<opset="i_3/1 "/>
</bind>
</comp>

<comp id="72" class="1004" name="icmp_ln25214_fu_72">
<pin_list>
<pin id="73" dir="0" index="0" bw="10" slack="0"/>
<pin id="74" dir="0" index="1" bw="10" slack="0"/>
<pin id="75" dir="1" index="2" bw="1" slack="2147483647"/>
</pin_list>
<bind>
<opcode="icmp(45) " fcode="icmp"/>
<opset="icmp_ln25214/1 "/>
</bind>
</comp>

<comp id="78" class="1004" name="add_ln25214_fu_78">
<pin_list>
<pin id="79" dir="0" index="0" bw="10" slack="0"/>
<pin id="80" dir="0" index="1" bw="1" slack="0"/>
<pin id="81" dir="1" index="2" bw="10" slack="0"/>
</pin_list>
<bind>
<opcode="add(8) " fcode="add"/>
<opset="add_ln25214/1 "/>
</bind>
</comp>

<comp id="84" class="1004" name="zext_ln25214_fu_84">
<pin_list>
<pin id="85" dir="0" index="0" bw="10" slack="0"/>
<pin id="86" dir="1" index="1" bw="64" slack="0"/>
</pin_list>
<bind>
<opcode="zext(34) " fcode="zext"/>
<opset="zext_ln25214/1 "/>
</bind>
</comp>

<comp id="89" class="1004" name="store_ln25214_store_fu_89">
<pin_list>
<pin id="90" dir="0" index="0" bw="10" slack="0"/>
<pin id="91" dir="0" index="1" bw="10" slack="0"/>
<pin id="92" dir="1" index="2" bw="0" slack="2147483647"/>
</pin_list>
<bind>
<opcode="store(28) " fcode="store"/>
<opset="store_ln25214/1 "/>
</bind>
</comp>

<comp id="94" class="1004" name="bitcast_ln25215_fu_94">
<pin_list>
<pin id="95" dir="0" index="0" bw="32" slack="0"/>
<pin id="96" dir="1" index="1" bw="32" slack="0"/>
</pin_list>
<bind>
<opcode="bitcast(44) " fcode="bitcast"/>
<opset="bitcast_ln25215/2 "/>
</bind>
</comp>

<comp id="99" class="1005" name="i_reg_99">
<pin_list>
<pin id="100" dir="0" index="0" bw="10" slack="0"/>
<pin id="101" dir="1" index="1" bw="10" slack="0"/>
</pin_list>
<bind>
<opset="i "/>
</bind>
</comp>

<comp id="109" class="1005" name="zext_ln25214_reg_109">
<pin_list>
<pin id="110" dir="0" index="0" bw="64" slack="1"/>
<pin id="111" dir="1" index="1" bw="64" slack="1"/>
</pin_list>
<bind>
<opset="zext_ln25214 "/>
</bind>
</comp>

<comp id="114" class="1005" name="adaLN_bias5_addr_reg_114">
<pin_list>
<pin id="115" dir="0" index="0" bw="9" slack="1"/>
<pin id="116" dir="1" index="1" bw="9" slack="1"/>
</pin_list>
<bind>
<opset="adaLN_bias5_addr "/>
</bind>
</comp>

</comp_list>

<net_list>
<net id="37"><net_src comp="4" pin="0"/><net_sink comp="34" pin=0"/></net>

<net id="43"><net_src comp="0" pin="0"/><net_sink comp="38" pin=0"/></net>

<net id="44"><net_src comp="22" pin="0"/><net_sink comp="38" pin=1"/></net>

<net id="50"><net_src comp="38" pin="3"/><net_sink comp="45" pin=0"/></net>

<net id="56"><net_src comp="2" pin="0"/><net_sink comp="51" pin=0"/></net>

<net id="57"><net_src comp="22" pin="0"/><net_sink comp="51" pin=1"/></net>

<net id="63"><net_src comp="51" pin="3"/><net_sink comp="58" pin=0"/></net>

<net id="68"><net_src comp="16" pin="0"/><net_sink comp="64" pin=0"/></net>

<net id="76"><net_src comp="69" pin="1"/><net_sink comp="72" pin=0"/></net>

<net id="77"><net_src comp="18" pin="0"/><net_sink comp="72" pin=1"/></net>

<net id="82"><net_src comp="69" pin="1"/><net_sink comp="78" pin=0"/></net>

<net id="83"><net_src comp="20" pin="0"/><net_sink comp="78" pin=1"/></net>

<net id="87"><net_src comp="69" pin="1"/><net_sink comp="84" pin=0"/></net>

<net id="88"><net_src comp="84" pin="1"/><net_sink comp="38" pin=2"/></net>

<net id="93"><net_src comp="78" pin="2"/><net_sink comp="89" pin=0"/></net>

<net id="97"><net_src comp="45" pin="3"/><net_sink comp="94" pin=0"/></net>

<net id="98"><net_src comp="94" pin="1"/><net_sink comp="58" pin=1"/></net>

<net id="102"><net_src comp="34" pin="1"/><net_sink comp="99" pin=0"/></net>

<net id="103"><net_src comp="99" pin="1"/><net_sink comp="64" pin=1"/></net>

<net id="104"><net_src comp="99" pin="1"/><net_sink comp="69" pin=0"/></net>

<net id="105"><net_src comp="99" pin="1"/><net_sink comp="89" pin=1"/></net>

<net id="112"><net_src comp="84" pin="1"/><net_sink comp="109" pin=0"/></net>

<net id="113"><net_src comp="109" pin="1"/><net_sink comp="51" pin=2"/></net>

<net id="117"><net_src comp="38" pin="3"/><net_sink comp="114" pin=0"/></net>

<net id="118"><net_src comp="114" pin="1"/><net_sink comp="45" pin=0"/></net>

</net_list>

</model> 
---------------- Datapath Model END ------------------

* FSMD analyzer results:
  - Output states:
	Port: adaLN_bias5 | {}
	Port: adaLN_bias | {2 }
 - Input state : 
	Port: allo_DDitBlock_Pipeline_VITIS_LOOP_25214_18 : adaLN_bias5 | {1 2 }
  - Chain level:
	State 1
		store_ln25214 : 1
		i_3 : 1
		icmp_ln25214 : 2
		add_ln25214 : 2
		br_ln25214 : 3
		zext_ln25214 : 2
		adaLN_bias5_addr : 3
		adaLN_bias5_load : 4
		store_ln25214 : 3
	State 2
		bitcast_ln25215 : 1
		store_ln25215 : 2


============================================================
+ Verbose Summary: Datapath Resource usage 
============================================================

* Functional unit list:
|----------|--------------------|---------|---------|
| Operation|   Functional Unit  |    FF   |   LUT   |
|----------|--------------------|---------|---------|
|   icmp   | icmp_ln25214_fu_72 |    0    |    17   |
|----------|--------------------|---------|---------|
|    add   |  add_ln25214_fu_78 |    0    |    17   |
|----------|--------------------|---------|---------|
|   zext   | zext_ln25214_fu_84 |    0    |    0    |
|----------|--------------------|---------|---------|
|   Total  |                    |    0    |    34   |
|----------|--------------------|---------|---------|

Memories:
N/A

* Register list:
+------------------------+--------+
|                        |   FF   |
+------------------------+--------+
|adaLN_bias5_addr_reg_114|    9   |
|        i_reg_99        |   10   |
|  zext_ln25214_reg_109  |   64   |
+------------------------+--------+
|          Total         |   83   |
+------------------------+--------+

* Multiplexer (MUX) list: 
|------------------|------|------|------|--------||---------||---------|
|       Comp       |  Pin | Size |  BW  | S x BW ||  Delay  ||   LUT   |
|------------------|------|------|------|--------||---------||---------|
| grp_access_fu_45 |  p0  |   2  |   9  |   18   ||    9    |
|------------------|------|------|------|--------||---------||---------|
|       Total      |      |      |      |   18   ||  0.387  ||    9    |
|------------------|------|------|------|--------||---------||---------|



* Summary:
+-----------+--------+--------+--------+
|           |  Delay |   FF   |   LUT  |
+-----------+--------+--------+--------+
|  Function |    -   |    0   |   34   |
|   Memory  |    -   |    -   |    -   |
|Multiplexer|    0   |    -   |    9   |
|  Register |    -   |   83   |    -   |
+-----------+--------+--------+--------+
|   Total   |    0   |   83   |   43   |
+-----------+--------+--------+--------+
