

================================================================
== Vitis HLS Report for 'allo_DDitBlock_Pipeline_VITIS_LOOP_25226_21_VITIS_LOOP_25227_22'
================================================================
* Date:           Mon Feb 17 20:36:09 2025

* Version:        2023.2 (Build 4023990 on Oct 11 2023)
* Project:        DitBlock
* Solution:       hls (Vivado IP Flow Target)
* Product family: virtexuplusHBM
* Target device:  xcu280-fsvh2892-2L-e


================================================================
== Performance Estimates
================================================================
+ Timing: 
    * Summary: 
    +--------+----------+----------+------------+
    |  Clock |  Target  | Estimated| Uncertainty|
    +--------+----------+----------+------------+
    |ap_clk  |  10.00 ns|  3.912 ns|     2.70 ns|
    +--------+----------+----------+------------+

+ Latency: 
    * Summary: 
    +---------+---------+----------+----------+--------+--------+---------+
    |  Latency (cycles) |  Latency (absolute) |     Interval    | Pipeline|
    |   min   |   max   |    min   |    max   |   min  |   max  |   Type  |
    +---------+---------+----------+----------+--------+--------+---------+
    |   524290|   524290|  5.243 ms|  5.243 ms|  524290|  524290|       no|
    +---------+---------+----------+----------+--------+--------+---------+

    + Detail: 
        * Instance: 
        N/A

        * Loop: 
        +-------------------------------------------+---------+---------+----------+-----------+-----------+--------+----------+
        |                                           |  Latency (cycles) | Iteration|  Initiation Interval  |  Trip  |          |
        |                 Loop Name                 |   min   |   max   |  Latency |  achieved |   target  |  Count | Pipelined|
        +-------------------------------------------+---------+---------+----------+-----------+-----------+--------+----------+
        |- VITIS_LOOP_25226_21_VITIS_LOOP_25227_22  |   524288|   524288|         2|          1|          1|  524288|       yes|
        +-------------------------------------------+---------+---------+----------+-----------+-----------+--------+----------+

============================================================
+ Verbose Summary: Synthesis Manager
============================================================
InlineROM: 1
ExposeGlobal: 0
============================================================
+ Verbose Summary: CDFG Model
============================================================
IsTopModel: 0
ResetActiveHigh: 1
IsCombinational: 0
IsDatapathOnly: 0
HasWiredReturn: 1
HasMFsm: 2
HasVarLatency: 1
IsPipeline: 0
IsRtlPipelined: 0
IsInstanceOverlapped: 0
IsDontTouch: 0
HasImplIP: 0
IsGatedGlobalClock: 0

+ Individual pipeline summary: 
  * Pipeline-0: initiation interval (II) = 1, depth = 3


============================================================
+ Verbose Summary: Schedule
============================================================
* Number of FSM states : 3
* Pipeline : 1
  Pipeline-0 : II = 1, D = 3, States = { 1 2 3 }
* Dataflow Pipeline: 0

* FSM state transitions: 
1 --> 2 
2 --> 3 
3 --> 

* FSM state operations: 

State 1 <SV = 0> <Delay = 0.38>
ST_1 : Operation 5 [1/1] (0.00ns)   --->   "%j = alloca i32 1" [/home/silvenchen/Desktop/DitBlock/WorkDCT/DitBlock/kernel.cpp:25227]   --->   Operation 5 'alloca' 'j' <Predicate = true> <Delay = 0.00>
ST_1 : Operation 6 [1/1] (0.00ns)   --->   "%i = alloca i32 1" [/home/silvenchen/Desktop/DitBlock/WorkDCT/DitBlock/kernel.cpp:25226]   --->   Operation 6 'alloca' 'i' <Predicate = true> <Delay = 0.00>
ST_1 : Operation 7 [1/1] (0.00ns)   --->   "%indvar_flatten41 = alloca i32 1"   --->   Operation 7 'alloca' 'indvar_flatten41' <Predicate = true> <Delay = 0.00>
ST_1 : Operation 8 [1/1] (0.00ns)   --->   "%specmemcore_ln0 = specmemcore void @_ssdm_op_SpecMemCore, i32 %buffer_x, i64 666, i64 24, i64 18446744073709551615"   --->   Operation 8 'specmemcore' 'specmemcore_ln0' <Predicate = true> <Delay = 0.00>
ST_1 : Operation 9 [1/1] (0.00ns)   --->   "%specinterface_ln0 = specinterface void @_ssdm_op_SpecInterface, i32 %v13538, void @empty_201, i32 0, i32 0, void @empty_191, i32 4294967295, i32 0, void @empty_191, void @empty_191, void @empty_191, i32 0, i32 0, i32 0, i32 0, void @empty_191, void @empty_191, i32 4294967295, i32 0"   --->   Operation 9 'specinterface' 'specinterface_ln0' <Predicate = true> <Delay = 0.00>
ST_1 : Operation 10 [1/1] (0.38ns)   --->   "%store_ln0 = store i20 0, i20 %indvar_flatten41"   --->   Operation 10 'store' 'store_ln0' <Predicate = true> <Delay = 0.38>
ST_1 : Operation 11 [1/1] (0.38ns)   --->   "%store_ln25226 = store i11 0, i11 %i" [/home/silvenchen/Desktop/DitBlock/WorkDCT/DitBlock/kernel.cpp:25226]   --->   Operation 11 'store' 'store_ln25226' <Predicate = true> <Delay = 0.38>
ST_1 : Operation 12 [1/1] (0.38ns)   --->   "%store_ln25227 = store i10 0, i10 %j" [/home/silvenchen/Desktop/DitBlock/WorkDCT/DitBlock/kernel.cpp:25227]   --->   Operation 12 'store' 'store_ln25227' <Predicate = true> <Delay = 0.38>
ST_1 : Operation 13 [1/1] (0.00ns)   --->   "%br_ln0 = br void %for.inc271"   --->   Operation 13 'br' 'br_ln0' <Predicate = true> <Delay = 0.00>

State 2 <SV = 1> <Delay = 3.08>
ST_2 : Operation 14 [1/1] (0.00ns)   --->   "%indvar_flatten41_load = load i20 %indvar_flatten41" [/home/silvenchen/Desktop/DitBlock/WorkDCT/DitBlock/kernel.cpp:25226]   --->   Operation 14 'load' 'indvar_flatten41_load' <Predicate = true> <Delay = 0.00>
ST_2 : Operation 15 [1/1] (0.80ns)   --->   "%icmp_ln25226 = icmp_eq  i20 %indvar_flatten41_load, i20 524288" [/home/silvenchen/Desktop/DitBlock/WorkDCT/DitBlock/kernel.cpp:25226]   --->   Operation 15 'icmp' 'icmp_ln25226' <Predicate = true> <Delay = 0.80> <CoreInst = "Cmp">   --->   Core 9 'Cmp' <Latency = 0> <II = 1> <Delay = 0.80> <FuncUnit> <Opcode : 'icmp'> <InPorts = 2> <OutPorts = 1>
ST_2 : Operation 16 [1/1] (0.80ns)   --->   "%add_ln25226_1 = add i20 %indvar_flatten41_load, i20 1" [/home/silvenchen/Desktop/DitBlock/WorkDCT/DitBlock/kernel.cpp:25226]   --->   Operation 16 'add' 'add_ln25226_1' <Predicate = true> <Delay = 0.80> <CoreInst = "Adder">   --->   Core 1 'Adder' <Latency = 0> <II = 1> <Delay = 0.80> <FuncUnit> <Opcode : 'add' 'sub'> <InPorts = 2> <OutPorts = 1>
ST_2 : Operation 17 [1/1] (0.00ns)   --->   "%br_ln25226 = br i1 %icmp_ln25226, void %for.inc274, void %for.end276.exitStub" [/home/silvenchen/Desktop/DitBlock/WorkDCT/DitBlock/kernel.cpp:25226]   --->   Operation 17 'br' 'br_ln25226' <Predicate = true> <Delay = 0.00>
ST_2 : Operation 18 [1/1] (0.00ns)   --->   "%j_load = load i10 %j" [/home/silvenchen/Desktop/DitBlock/WorkDCT/DitBlock/kernel.cpp:25227]   --->   Operation 18 'load' 'j_load' <Predicate = (!icmp_ln25226)> <Delay = 0.00>
ST_2 : Operation 19 [1/1] (0.00ns)   --->   "%i_load = load i11 %i" [/home/silvenchen/Desktop/DitBlock/WorkDCT/DitBlock/kernel.cpp:25226]   --->   Operation 19 'load' 'i_load' <Predicate = (!icmp_ln25226)> <Delay = 0.00>
ST_2 : Operation 20 [1/1] (0.73ns)   --->   "%add_ln25226 = add i11 %i_load, i11 1" [/home/silvenchen/Desktop/DitBlock/WorkDCT/DitBlock/kernel.cpp:25226]   --->   Operation 20 'add' 'add_ln25226' <Predicate = (!icmp_ln25226)> <Delay = 0.73> <CoreInst = "Adder">   --->   Core 1 'Adder' <Latency = 0> <II = 1> <Delay = 0.73> <FuncUnit> <Opcode : 'add' 'sub'> <InPorts = 2> <OutPorts = 1>
ST_2 : Operation 21 [1/1] (0.72ns)   --->   "%icmp_ln25227 = icmp_eq  i10 %j_load, i10 512" [/home/silvenchen/Desktop/DitBlock/WorkDCT/DitBlock/kernel.cpp:25227]   --->   Operation 21 'icmp' 'icmp_ln25227' <Predicate = (!icmp_ln25226)> <Delay = 0.72> <CoreInst = "Cmp">   --->   Core 9 'Cmp' <Latency = 0> <II = 1> <Delay = 0.72> <FuncUnit> <Opcode : 'icmp'> <InPorts = 2> <OutPorts = 1>
ST_2 : Operation 22 [1/1] (0.30ns)   --->   "%select_ln25226 = select i1 %icmp_ln25227, i10 0, i10 %j_load" [/home/silvenchen/Desktop/DitBlock/WorkDCT/DitBlock/kernel.cpp:25226]   --->   Operation 22 'select' 'select_ln25226' <Predicate = (!icmp_ln25226)> <Delay = 0.30> <CoreInst = "Sel">   --->   Core 73 'Sel' <Latency = 0> <II = 1> <Delay = 0.30> <FuncUnit> <Opcode : 'select'> <InPorts = 3> <OutPorts = 1>
ST_2 : Operation 23 [1/1] (0.30ns)   --->   "%select_ln25226_1 = select i1 %icmp_ln25227, i11 %add_ln25226, i11 %i_load" [/home/silvenchen/Desktop/DitBlock/WorkDCT/DitBlock/kernel.cpp:25226]   --->   Operation 23 'select' 'select_ln25226_1' <Predicate = (!icmp_ln25226)> <Delay = 0.30> <CoreInst = "Sel">   --->   Core 73 'Sel' <Latency = 0> <II = 1> <Delay = 0.30> <FuncUnit> <Opcode : 'select'> <InPorts = 3> <OutPorts = 1>
ST_2 : Operation 24 [1/1] (0.00ns)   --->   "%trunc_ln25228 = trunc i11 %select_ln25226_1" [/home/silvenchen/Desktop/DitBlock/WorkDCT/DitBlock/kernel.cpp:25228]   --->   Operation 24 'trunc' 'trunc_ln25228' <Predicate = (!icmp_ln25226)> <Delay = 0.00>
ST_2 : Operation 25 [1/1] (0.00ns)   --->   "%tmp_s = bitconcatenate i19 @_ssdm_op_BitConcatenate.i19.i10.i9, i10 %trunc_ln25228, i9 0" [/home/silvenchen/Desktop/DitBlock/WorkDCT/DitBlock/kernel.cpp:25228]   --->   Operation 25 'bitconcatenate' 'tmp_s' <Predicate = (!icmp_ln25226)> <Delay = 0.00>
ST_2 : Operation 26 [1/1] (0.00ns)   --->   "%zext_ln25228 = zext i10 %select_ln25226" [/home/silvenchen/Desktop/DitBlock/WorkDCT/DitBlock/kernel.cpp:25228]   --->   Operation 26 'zext' 'zext_ln25228' <Predicate = (!icmp_ln25226)> <Delay = 0.00>
ST_2 : Operation 27 [1/1] (0.80ns)   --->   "%add_ln25228 = add i19 %tmp_s, i19 %zext_ln25228" [/home/silvenchen/Desktop/DitBlock/WorkDCT/DitBlock/kernel.cpp:25228]   --->   Operation 27 'add' 'add_ln25228' <Predicate = (!icmp_ln25226)> <Delay = 0.80> <CoreInst = "Adder">   --->   Core 1 'Adder' <Latency = 0> <II = 1> <Delay = 0.80> <FuncUnit> <Opcode : 'add' 'sub'> <InPorts = 2> <OutPorts = 1>
ST_2 : Operation 28 [1/1] (0.00ns)   --->   "%zext_ln25228_1 = zext i19 %add_ln25228" [/home/silvenchen/Desktop/DitBlock/WorkDCT/DitBlock/kernel.cpp:25228]   --->   Operation 28 'zext' 'zext_ln25228_1' <Predicate = (!icmp_ln25226)> <Delay = 0.00>
ST_2 : Operation 29 [1/1] (0.00ns)   --->   "%v13538_addr = getelementptr i32 %v13538, i64 0, i64 %zext_ln25228_1" [/home/silvenchen/Desktop/DitBlock/WorkDCT/DitBlock/kernel.cpp:25228]   --->   Operation 29 'getelementptr' 'v13538_addr' <Predicate = (!icmp_ln25226)> <Delay = 0.00>
ST_2 : Operation 30 [2/2] (1.24ns)   --->   "%v13538_load = load i19 %v13538_addr" [/home/silvenchen/Desktop/DitBlock/WorkDCT/DitBlock/kernel.cpp:25228]   --->   Operation 30 'load' 'v13538_load' <Predicate = (!icmp_ln25226)> <Delay = 1.24> <CoreInst = "RAM">   --->   Core 83 'RAM' <Latency = 1> <II = 1> <Delay = 1.24> <Storage> <Opcode : 'load' 'store'> <Ports = 2> <Width = 32> <Depth = 524288> <RAM>
ST_2 : Operation 31 [1/1] (0.72ns)   --->   "%add_ln25227 = add i10 %select_ln25226, i10 1" [/home/silvenchen/Desktop/DitBlock/WorkDCT/DitBlock/kernel.cpp:25227]   --->   Operation 31 'add' 'add_ln25227' <Predicate = (!icmp_ln25226)> <Delay = 0.72> <CoreInst = "Adder">   --->   Core 1 'Adder' <Latency = 0> <II = 1> <Delay = 0.72> <FuncUnit> <Opcode : 'add' 'sub'> <InPorts = 2> <OutPorts = 1>
ST_2 : Operation 32 [1/1] (0.38ns)   --->   "%store_ln25226 = store i20 %add_ln25226_1, i20 %indvar_flatten41" [/home/silvenchen/Desktop/DitBlock/WorkDCT/DitBlock/kernel.cpp:25226]   --->   Operation 32 'store' 'store_ln25226' <Predicate = (!icmp_ln25226)> <Delay = 0.38>
ST_2 : Operation 33 [1/1] (0.38ns)   --->   "%store_ln25226 = store i11 %select_ln25226_1, i11 %i" [/home/silvenchen/Desktop/DitBlock/WorkDCT/DitBlock/kernel.cpp:25226]   --->   Operation 33 'store' 'store_ln25226' <Predicate = (!icmp_ln25226)> <Delay = 0.38>
ST_2 : Operation 34 [1/1] (0.38ns)   --->   "%store_ln25227 = store i10 %add_ln25227, i10 %j" [/home/silvenchen/Desktop/DitBlock/WorkDCT/DitBlock/kernel.cpp:25227]   --->   Operation 34 'store' 'store_ln25227' <Predicate = (!icmp_ln25226)> <Delay = 0.38>
ST_2 : Operation 43 [1/1] (0.00ns)   --->   "%ret_ln0 = ret"   --->   Operation 43 'ret' 'ret_ln0' <Predicate = (icmp_ln25226)> <Delay = 0.00>

State 3 <SV = 2> <Delay = 3.91>
ST_3 : Operation 35 [1/1] (0.00ns)   --->   "%specloopname_ln0 = specloopname void @_ssdm_op_SpecLoopName, void @VITIS_LOOP_25226_21_VITIS_LOOP_25227_22_str"   --->   Operation 35 'specloopname' 'specloopname_ln0' <Predicate = true> <Delay = 0.00>
ST_3 : Operation 36 [1/1] (0.00ns)   --->   "%speclooptripcount_ln0 = speclooptripcount void @_ssdm_op_SpecLoopTripCount, i64 524288, i64 524288, i64 524288"   --->   Operation 36 'speclooptripcount' 'speclooptripcount_ln0' <Predicate = true> <Delay = 0.00>
ST_3 : Operation 37 [1/1] (0.00ns)   --->   "%buffer_x_addr = getelementptr i32 %buffer_x, i64 0, i64 %zext_ln25228_1" [/home/silvenchen/Desktop/DitBlock/WorkDCT/DitBlock/kernel.cpp:25228]   --->   Operation 37 'getelementptr' 'buffer_x_addr' <Predicate = true> <Delay = 0.00>
ST_3 : Operation 38 [1/1] (0.00ns)   --->   "%specpipeline_ln25227 = specpipeline void @_ssdm_op_SpecPipeline, i32 4294967295, i32 0, i32 0, i32 0, void @empty_191" [/home/silvenchen/Desktop/DitBlock/WorkDCT/DitBlock/kernel.cpp:25227]   --->   Operation 38 'specpipeline' 'specpipeline_ln25227' <Predicate = true> <Delay = 0.00>
ST_3 : Operation 39 [1/2] (1.24ns)   --->   "%v13538_load = load i19 %v13538_addr" [/home/silvenchen/Desktop/DitBlock/WorkDCT/DitBlock/kernel.cpp:25228]   --->   Operation 39 'load' 'v13538_load' <Predicate = true> <Delay = 1.24> <CoreInst = "RAM">   --->   Core 83 'RAM' <Latency = 1> <II = 1> <Delay = 1.24> <Storage> <Opcode : 'load' 'store'> <Ports = 2> <Width = 32> <Depth = 524288> <RAM>
ST_3 : Operation 40 [1/1] (0.00ns)   --->   "%bitcast_ln25228 = bitcast i32 %v13538_load" [/home/silvenchen/Desktop/DitBlock/WorkDCT/DitBlock/kernel.cpp:25228]   --->   Operation 40 'bitcast' 'bitcast_ln25228' <Predicate = true> <Delay = 0.00>
ST_3 : Operation 41 [1/1] (2.66ns)   --->   "%store_ln25228 = store i32 %bitcast_ln25228, i19 %buffer_x_addr" [/home/silvenchen/Desktop/DitBlock/WorkDCT/DitBlock/kernel.cpp:25228]   --->   Operation 41 'store' 'store_ln25228' <Predicate = true> <Delay = 2.66> <CoreInst = "RAM_2P_URAM">   --->   Core 95 'RAM_2P_URAM' <Latency = 1> <II = 1> <Delay = 2.66> <Storage> <Opcode : 'load' 'store'> <Ports = 2> <Width = 32> <Depth = 524288> <RAM>
ST_3 : Operation 42 [1/1] (0.00ns)   --->   "%br_ln25227 = br void %for.inc271" [/home/silvenchen/Desktop/DitBlock/WorkDCT/DitBlock/kernel.cpp:25227]   --->   Operation 42 'br' 'br_ln25227' <Predicate = true> <Delay = 0.00>


============================================================
+ Verbose Summary: Binding
============================================================
STG Binding: 
---------------- STG Properties BEGIN ----------------
- Is combinational: 0
- Is one-state seq: 0
- Is datapath-only: 0
- Is pipelined: 0
- Is top level: 0
Port [ Return ] is wired: 1; IO mode=ap_ctrl_hs:ce=0
Port [ v13538]:  wired=1; compound=1; hidden=0; nouse=0; global=0; static=0; extern=0; dir=0; type=1; pingpong=0; private_global=0; MemPort=[13]; IO mode=ap_memory:ce=0
Port [ buffer_x]:  wired=1; compound=1; hidden=0; nouse=0; global=0; static=0; extern=0; dir=1; type=1; pingpong=0; private_global=0; MemPort=[30]; IO mode=ap_memory:ce=0
---------------- STG Properties END ------------------

---------------- Datapath Model BEGIN ----------------

<LifeTime>
<method=bitvector/>
j                     (alloca           ) [ 0110]
i                     (alloca           ) [ 0110]
indvar_flatten41      (alloca           ) [ 0110]
specmemcore_ln0       (specmemcore      ) [ 0000]
specinterface_ln0     (specinterface    ) [ 0000]
store_ln0             (store            ) [ 0000]
store_ln25226         (store            ) [ 0000]
store_ln25227         (store            ) [ 0000]
br_ln0                (br               ) [ 0000]
indvar_flatten41_load (load             ) [ 0000]
icmp_ln25226          (icmp             ) [ 0110]
add_ln25226_1         (add              ) [ 0000]
br_ln25226            (br               ) [ 0000]
j_load                (load             ) [ 0000]
i_load                (load             ) [ 0000]
add_ln25226           (add              ) [ 0000]
icmp_ln25227          (icmp             ) [ 0000]
select_ln25226        (select           ) [ 0000]
select_ln25226_1      (select           ) [ 0000]
trunc_ln25228         (trunc            ) [ 0000]
tmp_s                 (bitconcatenate   ) [ 0000]
zext_ln25228          (zext             ) [ 0000]
add_ln25228           (add              ) [ 0000]
zext_ln25228_1        (zext             ) [ 0101]
v13538_addr           (getelementptr    ) [ 0101]
add_ln25227           (add              ) [ 0000]
store_ln25226         (store            ) [ 0000]
store_ln25226         (store            ) [ 0000]
store_ln25227         (store            ) [ 0000]
specloopname_ln0      (specloopname     ) [ 0000]
speclooptripcount_ln0 (speclooptripcount) [ 0000]
buffer_x_addr         (getelementptr    ) [ 0000]
specpipeline_ln25227  (specpipeline     ) [ 0000]
v13538_load           (load             ) [ 0000]
bitcast_ln25228       (bitcast          ) [ 0000]
store_ln25228         (store            ) [ 0000]
br_ln25227            (br               ) [ 0000]
ret_ln0               (ret              ) [ 0000]
</LifeTime>

<model>

<comp_list>
<comp id="0" class="1000" name="v13538">
<pin_list>
<pin id="1" dir="1" index="0" bw="1" slack="0"/>
</pin_list>
<bind>
<StgValue><ssdm name="v13538"/><MemPortTyVec>1 3 </MemPortTyVec>
</StgValue>
</bind>
</comp>

<comp id="2" class="1000" name="buffer_x">
<pin_list>
<pin id="3" dir="1" index="0" bw="1" slack="0"/>
</pin_list>
<bind>
<StgValue><ssdm name="buffer_x"/><MemPortTyVec>3 0 </MemPortTyVec>
</StgValue>
</bind>
</comp>

<comp id="4" class="1001" name="const_4">
<pin_list>
<pin id="5" dir="1" index="0" bw="1" slack="0"/>
</pin_list>
<bind>
<StgValue><ssdm name=""/></StgValue>
</bind>
</comp>

<comp id="6" class="1001" name="const_6">
<pin_list>
<pin id="7" dir="1" index="0" bw="1" slack="2147483647"/>
</pin_list>
<bind>
<StgValue><ssdm name="_ssdm_op_SpecMemCore"/></StgValue>
</bind>
</comp>

<comp id="8" class="1001" name="const_8">
<pin_list>
<pin id="9" dir="1" index="0" bw="1" slack="2147483647"/>
</pin_list>
<bind>
<StgValue><ssdm name=""/></StgValue>
</bind>
</comp>

<comp id="10" class="1001" name="const_10">
<pin_list>
<pin id="11" dir="1" index="0" bw="1" slack="2147483647"/>
</pin_list>
<bind>
<StgValue><ssdm name=""/></StgValue>
</bind>
</comp>

<comp id="12" class="1001" name="const_12">
<pin_list>
<pin id="13" dir="1" index="0" bw="1" slack="2147483647"/>
</pin_list>
<bind>
<StgValue><ssdm name=""/></StgValue>
</bind>
</comp>

<comp id="14" class="1001" name="const_14">
<pin_list>
<pin id="15" dir="1" index="0" bw="1" slack="2147483647"/>
</pin_list>
<bind>
<StgValue><ssdm name="_ssdm_op_SpecInterface"/></StgValue>
</bind>
</comp>

<comp id="16" class="1001" name="const_16">
<pin_list>
<pin id="17" dir="1" index="0" bw="1" slack="2147483647"/>
</pin_list>
<bind>
<StgValue><ssdm name="empty_201"/></StgValue>
</bind>
</comp>

<comp id="18" class="1001" name="const_18">
<pin_list>
<pin id="19" dir="1" index="0" bw="1" slack="2147483647"/>
</pin_list>
<bind>
<StgValue><ssdm name=""/></StgValue>
</bind>
</comp>

<comp id="20" class="1001" name="const_20">
<pin_list>
<pin id="21" dir="1" index="0" bw="1" slack="2147483647"/>
</pin_list>
<bind>
<StgValue><ssdm name="empty_191"/></StgValue>
</bind>
</comp>

<comp id="22" class="1001" name="const_22">
<pin_list>
<pin id="23" dir="1" index="0" bw="1" slack="2147483647"/>
</pin_list>
<bind>
<StgValue><ssdm name=""/></StgValue>
</bind>
</comp>

<comp id="24" class="1001" name="const_24">
<pin_list>
<pin id="25" dir="1" index="0" bw="1" slack="0"/>
</pin_list>
<bind>
<StgValue><ssdm name=""/></StgValue>
</bind>
</comp>

<comp id="26" class="1001" name="const_26">
<pin_list>
<pin id="27" dir="1" index="0" bw="1" slack="0"/>
</pin_list>
<bind>
<StgValue><ssdm name=""/></StgValue>
</bind>
</comp>

<comp id="28" class="1001" name="const_28">
<pin_list>
<pin id="29" dir="1" index="0" bw="1" slack="0"/>
</pin_list>
<bind>
<StgValue><ssdm name=""/></StgValue>
</bind>
</comp>

<comp id="30" class="1001" name="const_30">
<pin_list>
<pin id="31" dir="1" index="0" bw="1" slack="0"/>
</pin_list>
<bind>
<StgValue><ssdm name=""/></StgValue>
</bind>
</comp>

<comp id="32" class="1001" name="const_32">
<pin_list>
<pin id="33" dir="1" index="0" bw="1" slack="0"/>
</pin_list>
<bind>
<StgValue><ssdm name=""/></StgValue>
</bind>
</comp>

<comp id="34" class="1001" name="const_34">
<pin_list>
<pin id="35" dir="1" index="0" bw="1" slack="0"/>
</pin_list>
<bind>
<StgValue><ssdm name=""/></StgValue>
</bind>
</comp>

<comp id="36" class="1001" name="const_36">
<pin_list>
<pin id="37" dir="1" index="0" bw="1" slack="0"/>
</pin_list>
<bind>
<StgValue><ssdm name=""/></StgValue>
</bind>
</comp>

<comp id="38" class="1001" name="const_38">
<pin_list>
<pin id="39" dir="1" index="0" bw="1" slack="0"/>
</pin_list>
<bind>
<StgValue><ssdm name="_ssdm_op_BitConcatenate.i19.i10.i9"/></StgValue>
</bind>
</comp>

<comp id="40" class="1001" name="const_40">
<pin_list>
<pin id="41" dir="1" index="0" bw="1" slack="0"/>
</pin_list>
<bind>
<StgValue><ssdm name=""/></StgValue>
</bind>
</comp>

<comp id="42" class="1001" name="const_42">
<pin_list>
<pin id="43" dir="1" index="0" bw="1" slack="0"/>
</pin_list>
<bind>
<StgValue><ssdm name=""/></StgValue>
</bind>
</comp>

<comp id="44" class="1001" name="const_44">
<pin_list>
<pin id="45" dir="1" index="0" bw="1" slack="0"/>
</pin_list>
<bind>
<StgValue><ssdm name=""/></StgValue>
</bind>
</comp>

<comp id="46" class="1001" name="const_46">
<pin_list>
<pin id="47" dir="1" index="0" bw="1" slack="2147483647"/>
</pin_list>
<bind>
<StgValue><ssdm name="_ssdm_op_SpecLoopName"/></StgValue>
</bind>
</comp>

<comp id="48" class="1001" name="const_48">
<pin_list>
<pin id="49" dir="1" index="0" bw="1" slack="2147483647"/>
</pin_list>
<bind>
<StgValue><ssdm name="VITIS_LOOP_25226_21_VITIS_LOOP_25227_22_str"/></StgValue>
</bind>
</comp>

<comp id="50" class="1001" name="const_50">
<pin_list>
<pin id="51" dir="1" index="0" bw="1" slack="2147483647"/>
</pin_list>
<bind>
<StgValue><ssdm name="_ssdm_op_SpecLoopTripCount"/></StgValue>
</bind>
</comp>

<comp id="52" class="1001" name="const_52">
<pin_list>
<pin id="53" dir="1" index="0" bw="1" slack="2147483647"/>
</pin_list>
<bind>
<StgValue><ssdm name=""/></StgValue>
</bind>
</comp>

<comp id="54" class="1001" name="const_54">
<pin_list>
<pin id="55" dir="1" index="0" bw="1" slack="2147483647"/>
</pin_list>
<bind>
<StgValue><ssdm name="_ssdm_op_SpecPipeline"/></StgValue>
</bind>
</comp>

<comp id="56" class="1004" name="j_fu_56">
<pin_list>
<pin id="57" dir="0" index="0" bw="1" slack="0"/>
<pin id="58" dir="1" index="1" bw="10" slack="0"/>
</pin_list>
<bind>
<opcode="alloca(26) " fcode="alloca"/>
<opset="j/1 "/>
</bind>
</comp>

<comp id="60" class="1004" name="i_fu_60">
<pin_list>
<pin id="61" dir="0" index="0" bw="1" slack="0"/>
<pin id="62" dir="1" index="1" bw="11" slack="0"/>
</pin_list>
<bind>
<opcode="alloca(26) " fcode="alloca"/>
<opset="i/1 "/>
</bind>
</comp>

<comp id="64" class="1004" name="indvar_flatten41_fu_64">
<pin_list>
<pin id="65" dir="0" index="0" bw="1" slack="0"/>
<pin id="66" dir="1" index="1" bw="20" slack="0"/>
</pin_list>
<bind>
<opcode="alloca(26) " fcode="alloca"/>
<opset="indvar_flatten41/1 "/>
</bind>
</comp>

<comp id="68" class="1004" name="v13538_addr_gep_fu_68">
<pin_list>
<pin id="69" dir="0" index="0" bw="32" slack="0"/>
<pin id="70" dir="0" index="1" bw="1" slack="0"/>
<pin id="71" dir="0" index="2" bw="19" slack="0"/>
<pin id="72" dir="1" index="3" bw="19" slack="0"/>
</pin_list>
<bind>
<opcode="getelementptr(29) " fcode="getelementptr"/>
<opset="v13538_addr/2 "/>
</bind>
</comp>

<comp id="75" class="1004" name="grp_access_fu_75">
<pin_list>
<pin id="76" dir="0" index="0" bw="19" slack="0"/>
<pin id="77" dir="0" index="1" bw="32" slack="2147483647"/>
<pin id="78" dir="0" index="2" bw="0" slack="2147483647"/>
<pin id="79" dir="1" index="3" bw="32" slack="0"/>
</pin_list>
<bind>
<opcode="load(27) " fcode="load"/>
<opset="v13538_load/2 "/>
</bind>
</comp>

<comp id="81" class="1004" name="buffer_x_addr_gep_fu_81">
<pin_list>
<pin id="82" dir="0" index="0" bw="32" slack="0"/>
<pin id="83" dir="0" index="1" bw="1" slack="0"/>
<pin id="84" dir="0" index="2" bw="19" slack="1"/>
<pin id="85" dir="1" index="3" bw="19" slack="0"/>
</pin_list>
<bind>
<opcode="getelementptr(29) " fcode="getelementptr"/>
<opset="buffer_x_addr/3 "/>
</bind>
</comp>

<comp id="88" class="1004" name="store_ln25228_access_fu_88">
<pin_list>
<pin id="89" dir="0" index="0" bw="19" slack="2147483647"/>
<pin id="90" dir="0" index="1" bw="32" slack="2147483647"/>
<pin id="91" dir="0" index="2" bw="0" slack="0"/>
<pin id="93" dir="0" index="4" bw="19" slack="0"/>
<pin id="94" dir="0" index="5" bw="32" slack="2147483647"/>
<pin id="95" dir="0" index="6" bw="0" slack="2147483647"/>
<pin id="92" dir="1" index="3" bw="32" slack="2147483647"/>
<pin id="96" dir="1" index="7" bw="32" slack="2147483647"/>
</pin_list>
<bind>
<opcode="store(28) " fcode="store"/>
<opset="store_ln25228/3 "/>
</bind>
</comp>

<comp id="98" class="1004" name="store_ln0_store_fu_98">
<pin_list>
<pin id="99" dir="0" index="0" bw="1" slack="0"/>
<pin id="100" dir="0" index="1" bw="20" slack="0"/>
<pin id="101" dir="1" index="2" bw="0" slack="2147483647"/>
</pin_list>
<bind>
<opcode="store(28) " fcode="store"/>
<opset="store_ln0/1 "/>
</bind>
</comp>

<comp id="103" class="1004" name="store_ln25226_store_fu_103">
<pin_list>
<pin id="104" dir="0" index="0" bw="1" slack="0"/>
<pin id="105" dir="0" index="1" bw="11" slack="0"/>
<pin id="106" dir="1" index="2" bw="0" slack="2147483647"/>
</pin_list>
<bind>
<opcode="store(28) " fcode="store"/>
<opset="store_ln25226/1 "/>
</bind>
</comp>

<comp id="108" class="1004" name="store_ln25227_store_fu_108">
<pin_list>
<pin id="109" dir="0" index="0" bw="1" slack="0"/>
<pin id="110" dir="0" index="1" bw="10" slack="0"/>
<pin id="111" dir="1" index="2" bw="0" slack="2147483647"/>
</pin_list>
<bind>
<opcode="store(28) " fcode="store"/>
<opset="store_ln25227/1 "/>
</bind>
</comp>

<comp id="113" class="1004" name="indvar_flatten41_load_load_fu_113">
<pin_list>
<pin id="114" dir="0" index="0" bw="20" slack="1"/>
<pin id="115" dir="1" index="1" bw="20" slack="0"/>
</pin_list>
<bind>
<opcode="load(27) " fcode="load"/>
<opset="indvar_flatten41_load/2 "/>
</bind>
</comp>

<comp id="116" class="1004" name="icmp_ln25226_fu_116">
<pin_list>
<pin id="117" dir="0" index="0" bw="20" slack="0"/>
<pin id="118" dir="0" index="1" bw="20" slack="0"/>
<pin id="119" dir="1" index="2" bw="1" slack="2147483647"/>
</pin_list>
<bind>
<opcode="icmp(45) " fcode="icmp"/>
<opset="icmp_ln25226/2 "/>
</bind>
</comp>

<comp id="122" class="1004" name="add_ln25226_1_fu_122">
<pin_list>
<pin id="123" dir="0" index="0" bw="20" slack="0"/>
<pin id="124" dir="0" index="1" bw="1" slack="0"/>
<pin id="125" dir="1" index="2" bw="20" slack="0"/>
</pin_list>
<bind>
<opcode="add(8) " fcode="add"/>
<opset="add_ln25226_1/2 "/>
</bind>
</comp>

<comp id="128" class="1004" name="j_load_load_fu_128">
<pin_list>
<pin id="129" dir="0" index="0" bw="10" slack="1"/>
<pin id="130" dir="1" index="1" bw="10" slack="0"/>
</pin_list>
<bind>
<opcode="load(27) " fcode="load"/>
<opset="j_load/2 "/>
</bind>
</comp>

<comp id="131" class="1004" name="i_load_load_fu_131">
<pin_list>
<pin id="132" dir="0" index="0" bw="11" slack="1"/>
<pin id="133" dir="1" index="1" bw="11" slack="0"/>
</pin_list>
<bind>
<opcode="load(27) " fcode="load"/>
<opset="i_load/2 "/>
</bind>
</comp>

<comp id="134" class="1004" name="add_ln25226_fu_134">
<pin_list>
<pin id="135" dir="0" index="0" bw="11" slack="0"/>
<pin id="136" dir="0" index="1" bw="1" slack="0"/>
<pin id="137" dir="1" index="2" bw="11" slack="0"/>
</pin_list>
<bind>
<opcode="add(8) " fcode="add"/>
<opset="add_ln25226/2 "/>
</bind>
</comp>

<comp id="140" class="1004" name="icmp_ln25227_fu_140">
<pin_list>
<pin id="141" dir="0" index="0" bw="10" slack="0"/>
<pin id="142" dir="0" index="1" bw="10" slack="0"/>
<pin id="143" dir="1" index="2" bw="1" slack="0"/>
</pin_list>
<bind>
<opcode="icmp(45) " fcode="icmp"/>
<opset="icmp_ln25227/2 "/>
</bind>
</comp>

<comp id="146" class="1004" name="select_ln25226_fu_146">
<pin_list>
<pin id="147" dir="0" index="0" bw="1" slack="0"/>
<pin id="148" dir="0" index="1" bw="1" slack="0"/>
<pin id="149" dir="0" index="2" bw="10" slack="0"/>
<pin id="150" dir="1" index="3" bw="10" slack="0"/>
</pin_list>
<bind>
<opcode="select(49) " fcode="select"/>
<opset="select_ln25226/2 "/>
</bind>
</comp>

<comp id="154" class="1004" name="select_ln25226_1_fu_154">
<pin_list>
<pin id="155" dir="0" index="0" bw="1" slack="0"/>
<pin id="156" dir="0" index="1" bw="11" slack="0"/>
<pin id="157" dir="0" index="2" bw="11" slack="0"/>
<pin id="158" dir="1" index="3" bw="11" slack="0"/>
</pin_list>
<bind>
<opcode="select(49) " fcode="select"/>
<opset="select_ln25226_1/2 "/>
</bind>
</comp>

<comp id="162" class="1004" name="trunc_ln25228_fu_162">
<pin_list>
<pin id="163" dir="0" index="0" bw="11" slack="0"/>
<pin id="164" dir="1" index="1" bw="10" slack="0"/>
</pin_list>
<bind>
<opcode="trunc(33) " fcode="trunc"/>
<opset="trunc_ln25228/2 "/>
</bind>
</comp>

<comp id="166" class="1004" name="tmp_s_fu_166">
<pin_list>
<pin id="167" dir="0" index="0" bw="19" slack="0"/>
<pin id="168" dir="0" index="1" bw="10" slack="0"/>
<pin id="169" dir="0" index="2" bw="1" slack="0"/>
<pin id="170" dir="1" index="3" bw="19" slack="0"/>
</pin_list>
<bind>
<opcode="bitconcatenate(1004) " fcode="bitconcatenate"/>
<opset="tmp_s/2 "/>
</bind>
</comp>

<comp id="174" class="1004" name="zext_ln25228_fu_174">
<pin_list>
<pin id="175" dir="0" index="0" bw="10" slack="0"/>
<pin id="176" dir="1" index="1" bw="19" slack="0"/>
</pin_list>
<bind>
<opcode="zext(34) " fcode="zext"/>
<opset="zext_ln25228/2 "/>
</bind>
</comp>

<comp id="178" class="1004" name="add_ln25228_fu_178">
<pin_list>
<pin id="179" dir="0" index="0" bw="19" slack="0"/>
<pin id="180" dir="0" index="1" bw="10" slack="0"/>
<pin id="181" dir="1" index="2" bw="19" slack="0"/>
</pin_list>
<bind>
<opcode="add(8) " fcode="add"/>
<opset="add_ln25228/2 "/>
</bind>
</comp>

<comp id="184" class="1004" name="zext_ln25228_1_fu_184">
<pin_list>
<pin id="185" dir="0" index="0" bw="19" slack="0"/>
<pin id="186" dir="1" index="1" bw="64" slack="0"/>
</pin_list>
<bind>
<opcode="zext(34) " fcode="zext"/>
<opset="zext_ln25228_1/2 "/>
</bind>
</comp>

<comp id="189" class="1004" name="add_ln25227_fu_189">
<pin_list>
<pin id="190" dir="0" index="0" bw="10" slack="0"/>
<pin id="191" dir="0" index="1" bw="1" slack="0"/>
<pin id="192" dir="1" index="2" bw="10" slack="0"/>
</pin_list>
<bind>
<opcode="add(8) " fcode="add"/>
<opset="add_ln25227/2 "/>
</bind>
</comp>

<comp id="195" class="1004" name="store_ln25226_store_fu_195">
<pin_list>
<pin id="196" dir="0" index="0" bw="20" slack="0"/>
<pin id="197" dir="0" index="1" bw="20" slack="1"/>
<pin id="198" dir="1" index="2" bw="0" slack="2147483647"/>
</pin_list>
<bind>
<opcode="store(28) " fcode="store"/>
<opset="store_ln25226/2 "/>
</bind>
</comp>

<comp id="200" class="1004" name="store_ln25226_store_fu_200">
<pin_list>
<pin id="201" dir="0" index="0" bw="11" slack="0"/>
<pin id="202" dir="0" index="1" bw="11" slack="1"/>
<pin id="203" dir="1" index="2" bw="0" slack="2147483647"/>
</pin_list>
<bind>
<opcode="store(28) " fcode="store"/>
<opset="store_ln25226/2 "/>
</bind>
</comp>

<comp id="205" class="1004" name="store_ln25227_store_fu_205">
<pin_list>
<pin id="206" dir="0" index="0" bw="10" slack="0"/>
<pin id="207" dir="0" index="1" bw="10" slack="1"/>
<pin id="208" dir="1" index="2" bw="0" slack="2147483647"/>
</pin_list>
<bind>
<opcode="store(28) " fcode="store"/>
<opset="store_ln25227/2 "/>
</bind>
</comp>

<comp id="210" class="1004" name="bitcast_ln25228_fu_210">
<pin_list>
<pin id="211" dir="0" index="0" bw="32" slack="0"/>
<pin id="212" dir="1" index="1" bw="32" slack="0"/>
</pin_list>
<bind>
<opcode="bitcast(44) " fcode="bitcast"/>
<opset="bitcast_ln25228/3 "/>
</bind>
</comp>

<comp id="215" class="1005" name="j_reg_215">
<pin_list>
<pin id="216" dir="0" index="0" bw="10" slack="0"/>
<pin id="217" dir="1" index="1" bw="10" slack="0"/>
</pin_list>
<bind>
<opset="j "/>
</bind>
</comp>

<comp id="222" class="1005" name="i_reg_222">
<pin_list>
<pin id="223" dir="0" index="0" bw="11" slack="0"/>
<pin id="224" dir="1" index="1" bw="11" slack="0"/>
</pin_list>
<bind>
<opset="i "/>
</bind>
</comp>

<comp id="229" class="1005" name="indvar_flatten41_reg_229">
<pin_list>
<pin id="230" dir="0" index="0" bw="20" slack="0"/>
<pin id="231" dir="1" index="1" bw="20" slack="0"/>
</pin_list>
<bind>
<opset="indvar_flatten41 "/>
</bind>
</comp>

<comp id="239" class="1005" name="zext_ln25228_1_reg_239">
<pin_list>
<pin id="240" dir="0" index="0" bw="64" slack="1"/>
<pin id="241" dir="1" index="1" bw="64" slack="1"/>
</pin_list>
<bind>
<opset="zext_ln25228_1 "/>
</bind>
</comp>

<comp id="244" class="1005" name="v13538_addr_reg_244">
<pin_list>
<pin id="245" dir="0" index="0" bw="19" slack="1"/>
<pin id="246" dir="1" index="1" bw="19" slack="1"/>
</pin_list>
<bind>
<opset="v13538_addr "/>
</bind>
</comp>

</comp_list>

<net_list>
<net id="59"><net_src comp="4" pin="0"/><net_sink comp="56" pin=0"/></net>

<net id="63"><net_src comp="4" pin="0"/><net_sink comp="60" pin=0"/></net>

<net id="67"><net_src comp="4" pin="0"/><net_sink comp="64" pin=0"/></net>

<net id="73"><net_src comp="0" pin="0"/><net_sink comp="68" pin=0"/></net>

<net id="74"><net_src comp="42" pin="0"/><net_sink comp="68" pin=1"/></net>

<net id="80"><net_src comp="68" pin="3"/><net_sink comp="75" pin=0"/></net>

<net id="86"><net_src comp="2" pin="0"/><net_sink comp="81" pin=0"/></net>

<net id="87"><net_src comp="42" pin="0"/><net_sink comp="81" pin=1"/></net>

<net id="97"><net_src comp="81" pin="3"/><net_sink comp="88" pin=2"/></net>

<net id="102"><net_src comp="24" pin="0"/><net_sink comp="98" pin=0"/></net>

<net id="107"><net_src comp="26" pin="0"/><net_sink comp="103" pin=0"/></net>

<net id="112"><net_src comp="28" pin="0"/><net_sink comp="108" pin=0"/></net>

<net id="120"><net_src comp="113" pin="1"/><net_sink comp="116" pin=0"/></net>

<net id="121"><net_src comp="30" pin="0"/><net_sink comp="116" pin=1"/></net>

<net id="126"><net_src comp="113" pin="1"/><net_sink comp="122" pin=0"/></net>

<net id="127"><net_src comp="32" pin="0"/><net_sink comp="122" pin=1"/></net>

<net id="138"><net_src comp="131" pin="1"/><net_sink comp="134" pin=0"/></net>

<net id="139"><net_src comp="34" pin="0"/><net_sink comp="134" pin=1"/></net>

<net id="144"><net_src comp="128" pin="1"/><net_sink comp="140" pin=0"/></net>

<net id="145"><net_src comp="36" pin="0"/><net_sink comp="140" pin=1"/></net>

<net id="151"><net_src comp="140" pin="2"/><net_sink comp="146" pin=0"/></net>

<net id="152"><net_src comp="28" pin="0"/><net_sink comp="146" pin=1"/></net>

<net id="153"><net_src comp="128" pin="1"/><net_sink comp="146" pin=2"/></net>

<net id="159"><net_src comp="140" pin="2"/><net_sink comp="154" pin=0"/></net>

<net id="160"><net_src comp="134" pin="2"/><net_sink comp="154" pin=1"/></net>

<net id="161"><net_src comp="131" pin="1"/><net_sink comp="154" pin=2"/></net>

<net id="165"><net_src comp="154" pin="3"/><net_sink comp="162" pin=0"/></net>

<net id="171"><net_src comp="38" pin="0"/><net_sink comp="166" pin=0"/></net>

<net id="172"><net_src comp="162" pin="1"/><net_sink comp="166" pin=1"/></net>

<net id="173"><net_src comp="40" pin="0"/><net_sink comp="166" pin=2"/></net>

<net id="177"><net_src comp="146" pin="3"/><net_sink comp="174" pin=0"/></net>

<net id="182"><net_src comp="166" pin="3"/><net_sink comp="178" pin=0"/></net>

<net id="183"><net_src comp="174" pin="1"/><net_sink comp="178" pin=1"/></net>

<net id="187"><net_src comp="178" pin="2"/><net_sink comp="184" pin=0"/></net>

<net id="188"><net_src comp="184" pin="1"/><net_sink comp="68" pin=2"/></net>

<net id="193"><net_src comp="146" pin="3"/><net_sink comp="189" pin=0"/></net>

<net id="194"><net_src comp="44" pin="0"/><net_sink comp="189" pin=1"/></net>

<net id="199"><net_src comp="122" pin="2"/><net_sink comp="195" pin=0"/></net>

<net id="204"><net_src comp="154" pin="3"/><net_sink comp="200" pin=0"/></net>

<net id="209"><net_src comp="189" pin="2"/><net_sink comp="205" pin=0"/></net>

<net id="213"><net_src comp="75" pin="3"/><net_sink comp="210" pin=0"/></net>

<net id="214"><net_src comp="210" pin="1"/><net_sink comp="88" pin=4"/></net>

<net id="218"><net_src comp="56" pin="1"/><net_sink comp="215" pin=0"/></net>

<net id="219"><net_src comp="215" pin="1"/><net_sink comp="108" pin=1"/></net>

<net id="220"><net_src comp="215" pin="1"/><net_sink comp="128" pin=0"/></net>

<net id="221"><net_src comp="215" pin="1"/><net_sink comp="205" pin=1"/></net>

<net id="225"><net_src comp="60" pin="1"/><net_sink comp="222" pin=0"/></net>

<net id="226"><net_src comp="222" pin="1"/><net_sink comp="103" pin=1"/></net>

<net id="227"><net_src comp="222" pin="1"/><net_sink comp="131" pin=0"/></net>

<net id="228"><net_src comp="222" pin="1"/><net_sink comp="200" pin=1"/></net>

<net id="232"><net_src comp="64" pin="1"/><net_sink comp="229" pin=0"/></net>

<net id="233"><net_src comp="229" pin="1"/><net_sink comp="98" pin=1"/></net>

<net id="234"><net_src comp="229" pin="1"/><net_sink comp="113" pin=0"/></net>

<net id="235"><net_src comp="229" pin="1"/><net_sink comp="195" pin=1"/></net>

<net id="242"><net_src comp="184" pin="1"/><net_sink comp="239" pin=0"/></net>

<net id="243"><net_src comp="239" pin="1"/><net_sink comp="81" pin=2"/></net>

<net id="247"><net_src comp="68" pin="3"/><net_sink comp="244" pin=0"/></net>

<net id="248"><net_src comp="244" pin="1"/><net_sink comp="75" pin=0"/></net>

</net_list>

</model> 
---------------- Datapath Model END ------------------

* FSMD analyzer results:
  - Output states:
	Port: buffer_x | {3 }
 - Input state : 
	Port: allo_DDitBlock_Pipeline_VITIS_LOOP_25226_21_VITIS_LOOP_25227_22 : v13538 | {2 3 }
  - Chain level:
	State 1
		store_ln0 : 1
		store_ln25226 : 1
		store_ln25227 : 1
	State 2
		icmp_ln25226 : 1
		add_ln25226_1 : 1
		br_ln25226 : 2
		add_ln25226 : 1
		icmp_ln25227 : 1
		select_ln25226 : 2
		select_ln25226_1 : 2
		trunc_ln25228 : 3
		tmp_s : 4
		zext_ln25228 : 3
		add_ln25228 : 5
		zext_ln25228_1 : 6
		v13538_addr : 7
		v13538_load : 8
		add_ln25227 : 3
		store_ln25226 : 2
		store_ln25226 : 3
		store_ln25227 : 4
	State 3
		bitcast_ln25228 : 1
		store_ln25228 : 2


============================================================
+ Verbose Summary: Datapath Resource usage 
============================================================

* Functional unit list:
|----------|-------------------------|---------|---------|
| Operation|     Functional Unit     |    FF   |   LUT   |
|----------|-------------------------|---------|---------|
|          |   add_ln25226_1_fu_122  |    0    |    27   |
|    add   |    add_ln25226_fu_134   |    0    |    18   |
|          |    add_ln25228_fu_178   |    0    |    26   |
|          |    add_ln25227_fu_189   |    0    |    17   |
|----------|-------------------------|---------|---------|
|   icmp   |   icmp_ln25226_fu_116   |    0    |    27   |
|          |   icmp_ln25227_fu_140   |    0    |    17   |
|----------|-------------------------|---------|---------|
|  select  |  select_ln25226_fu_146  |    0    |    10   |
|          | select_ln25226_1_fu_154 |    0    |    11   |
|----------|-------------------------|---------|---------|
|   trunc  |   trunc_ln25228_fu_162  |    0    |    0    |
|----------|-------------------------|---------|---------|
|bitconcatenate|       tmp_s_fu_166      |    0    |    0    |
|----------|-------------------------|---------|---------|
|   zext   |   zext_ln25228_fu_174   |    0    |    0    |
|          |  zext_ln25228_1_fu_184  |    0    |    0    |
|----------|-------------------------|---------|---------|
|   Total  |                         |    0    |   153   |
|----------|-------------------------|---------|---------|

Memories:
N/A

* Register list:
+------------------------+--------+
|                        |   FF   |
+------------------------+--------+
|        i_reg_222       |   11   |
|indvar_flatten41_reg_229|   20   |
|        j_reg_215       |   10   |
|   v13538_addr_reg_244  |   19   |
| zext_ln25228_1_reg_239 |   64   |
+------------------------+--------+
|          Total         |   124  |
+------------------------+--------+

* Multiplexer (MUX) list: 
|------------------|------|------|------|--------||---------||---------|
|       Comp       |  Pin | Size |  BW  | S x BW ||  Delay  ||   LUT   |
|------------------|------|------|------|--------||---------||---------|
| grp_access_fu_75 |  p0  |   2  |  19  |   38   ||    9    |
|------------------|------|------|------|--------||---------||---------|
|       Total      |      |      |      |   38   ||  0.387  ||    9    |
|------------------|------|------|------|--------||---------||---------|



* Summary:
+-----------+--------+--------+--------+
|           |  Delay |   FF   |   LUT  |
+-----------+--------+--------+--------+
|  Function |    -   |    0   |   153  |
|   Memory  |    -   |    -   |    -   |
|Multiplexer|    0   |    -   |    9   |
|  Register |    -   |   124  |    -   |
+-----------+--------+--------+--------+
|   Total   |    0   |   124  |   162  |
+-----------+--------+--------+--------+
