

================================================================
== Vitis HLS Report for 'dataflow_in_loop_l_ni1_Loop_l_load_A_tile_ak1_proc4426'
================================================================
* Date:           Mon Feb 17 20:36:10 2025

* Version:        2023.2 (Build 4023990 on Oct 11 2023)
* Project:        DitBlock
* Solution:       hls (Vivado IP Flow Target)
* Product family: virtexuplusHBM
* Target device:  xcu280-fsvh2892-2L-e


================================================================
== Performance Estimates
================================================================
+ Timing: 
    * Summary: 
    +--------+----------+----------+------------+
    |  Clock |  Target  | Estimated| Uncertainty|
    +--------+----------+----------+------------+
    |ap_clk  |  10.00 ns|  6.327 ns|     2.70 ns|
    +--------+----------+----------+------------+

+ Latency: 
    * Summary: 
    +---------+---------+-----------+-----------+------+------+---------+
    |  Latency (cycles) |   Latency (absolute)  |   Interval  | Pipeline|
    |   min   |   max   |    min    |    max    |  min |  max |   Type  |
    +---------+---------+-----------+-----------+------+------+---------+
    |     4099|     4099|  40.990 us|  40.990 us|  4099|  4099|       no|
    +---------+---------+-----------+-----------+------+------+---------+

    + Detail: 
        * Instance: 
        N/A

        * Loop: 
        N/A

============================================================
+ Verbose Summary: Synthesis Manager
============================================================
InlineROM: 1
ExposeGlobal: 0
============================================================
+ Verbose Summary: CDFG Model
============================================================
IsTopModel: 0
ResetActiveHigh: 1
IsCombinational: 2
IsDatapathOnly: 0
HasWiredReturn: 1
HasMFsm: 0
HasVarLatency: 1
IsPipeline: 0
IsRtlPipelined: 0
IsInstanceOverlapped: 0
IsDontTouch: 0
HasImplIP: 0
IsGatedGlobalClock: 0


============================================================
+ Verbose Summary: Schedule
============================================================
* Number of FSM states : 2
* Pipeline : 0
* Dataflow Pipeline: 0

* FSM state transitions: 
1 --> 2 
2 --> 

* FSM state operations: 

State 1 <SV = 0> <Delay = 6.32>
ST_1 : Operation 3 [1/1] (0.00ns)   --->   "%mi1_read = read i7 @_ssdm_op_Read.ap_auto.i7, i7 %mi1"   --->   Operation 3 'read' 'mi1_read' <Predicate = true> <Delay = 0.00>
ST_1 : Operation 4 [1/1] (1.42ns)   --->   "%ni1_read = read i6 @_ssdm_op_Read.ap_auto.i6, i6 %ni1"   --->   Operation 4 'read' 'ni1_read' <Predicate = true> <Delay = 1.42> <CoreInst = "FIFO_SRL">   --->   Core 81 'FIFO_SRL' <Latency = 0> <II = 1> <Delay = 1.42> <Storage> <Opcode : 'read' 'write' 'nbread' 'nbwrite'> <Ports = 0> <Width = -1> <Depth = -1> <FIFO>
ST_1 : Operation 5 [1/1] (1.36ns)   --->   "%write_ln0 = write void @_ssdm_op_Write.ap_fifo.i7P0A, i7 %mi1_c_i, i7 %mi1_read"   --->   Operation 5 'write' 'write_ln0' <Predicate = true> <Delay = 1.36> <CoreInst = "FIFO_SRL">   --->   Core 81 'FIFO_SRL' <Latency = 0> <II = 1> <Delay = 1.36> <Storage> <Opcode : 'read' 'write' 'nbread' 'nbwrite'> <Ports = 0> <Width = 7> <Depth = 3> <FIFO>
ST_1 : Operation 6 [1/1] (1.36ns)   --->   "%write_ln0 = write void @_ssdm_op_Write.ap_fifo.i6P0A, i6 %ni1_c_i, i6 %ni1_read"   --->   Operation 6 'write' 'write_ln0' <Predicate = true> <Delay = 1.36> <CoreInst = "FIFO_SRL">   --->   Core 81 'FIFO_SRL' <Latency = 0> <II = 1> <Delay = 1.36> <Storage> <Opcode : 'read' 'write' 'nbread' 'nbwrite'> <Ports = 0> <Width = 6> <Depth = 3> <FIFO>
ST_1 : Operation 7 [1/1] (0.00ns)   --->   "%tmp_i = bitconcatenate i10 @_ssdm_op_BitConcatenate.i10.i7.i3, i7 %mi1_read, i3 0"   --->   Operation 7 'bitconcatenate' 'tmp_i' <Predicate = true> <Delay = 0.00>
ST_1 : Operation 8 [1/1] (0.70ns)   --->   "%v1942_i = icmp_eq  i6 %ni1_read, i6 0"   --->   Operation 8 'icmp' 'v1942_i' <Predicate = true> <Delay = 0.70> <CoreInst = "Cmp">   --->   Core 9 'Cmp' <Latency = 0> <II = 1> <Delay = 0.70> <FuncUnit> <Opcode : 'icmp'> <InPorts = 2> <OutPorts = 1>
ST_1 : Operation 9 [2/2] (4.19ns)   --->   "%call_ln0 = call void @dataflow_in_loop_l_ni1_Loop_l_load_A_tile_ak1_proc4426_Pipeline_l_load_A_tile_ak, i32 %local_A1_7_i, i32 %local_A1_6_i, i32 %local_A1_5_i, i32 %local_A1_4_i, i32 %local_A1_3_i, i32 %local_A1_2_i, i32 %local_A1_1_i, i32 %local_A1_i, i1 %v1942_i, i10 %tmp_i, i32 %v1931"   --->   Operation 9 'call' 'call_ln0' <Predicate = true> <Delay = 4.19> <CoreType = "Generic">   --->   Core 0 '' <Latency = 0> <II = 1> <Delay = 1.00> <Generic> <Opcode : >

State 2 <SV = 1> <Delay = 0.00>
ST_2 : Operation 10 [1/1] (0.00ns)   --->   "%specinterface_ln0 = specinterface void @_ssdm_op_SpecInterface, i7 %mi1_c_i, void @ap_fifo_str, i32 0, i32 0, void @p_str, i32 0, i32 0, void @p_str, void @p_str, void @p_str, i32 2, i32 2, i32 16, i32 16, void @p_str, void @ScalarProp_str, i32 4294967295, i32 0"   --->   Operation 10 'specinterface' 'specinterface_ln0' <Predicate = true> <Delay = 0.00>
ST_2 : Operation 11 [1/1] (0.00ns)   --->   "%specinterface_ln0 = specinterface void @_ssdm_op_SpecInterface, i6 %ni1_c_i, void @ap_fifo_str, i32 0, i32 0, void @p_str, i32 0, i32 0, void @p_str, void @p_str, void @p_str, i32 2, i32 2, i32 16, i32 16, void @p_str, void @ScalarProp_str, i32 4294967295, i32 0"   --->   Operation 11 'specinterface' 'specinterface_ln0' <Predicate = true> <Delay = 0.00>
ST_2 : Operation 12 [1/1] (0.00ns)   --->   "%specmemcore_ln0 = specmemcore void @_ssdm_op_SpecMemCore, i32 %v1931, i64 666, i64 24, i64 18446744073709551615"   --->   Operation 12 'specmemcore' 'specmemcore_ln0' <Predicate = true> <Delay = 0.00>
ST_2 : Operation 13 [1/2] (0.00ns)   --->   "%call_ln0 = call void @dataflow_in_loop_l_ni1_Loop_l_load_A_tile_ak1_proc4426_Pipeline_l_load_A_tile_ak, i32 %local_A1_7_i, i32 %local_A1_6_i, i32 %local_A1_5_i, i32 %local_A1_4_i, i32 %local_A1_3_i, i32 %local_A1_2_i, i32 %local_A1_1_i, i32 %local_A1_i, i1 %v1942_i, i10 %tmp_i, i32 %v1931"   --->   Operation 13 'call' 'call_ln0' <Predicate = true> <Delay = 0.00> <CoreType = "Generic">   --->   Core 0 '' <Latency = 0> <II = 1> <Delay = 1.00> <Generic> <Opcode : >
ST_2 : Operation 14 [1/1] (0.00ns)   --->   "%ret_ln0 = ret"   --->   Operation 14 'ret' 'ret_ln0' <Predicate = true> <Delay = 0.00>


============================================================
+ Verbose Summary: Timing violations
============================================================
Target clock period: 10.000ns, clock uncertainty: 2.700ns.

 <State 1>: 6.327ns
The critical path consists of the following:
	wire read operation ('ni1_read') on port 'ni1' [16]  (1.429 ns)
	'icmp' operation 1 bit ('v1942_i') [22]  (0.706 ns)
	'call' operation 0 bit ('call_ln0') to 'dataflow_in_loop_l_ni1_Loop_l_load_A_tile_ak1_proc4426_Pipeline_l_load_A_tile_ak' [23]  (4.192 ns)

 <State 2>: 0.000ns
The critical path consists of the following:


============================================================
+ Verbose Summary: Binding
============================================================
N/A
* FSMD analyzer results:
  - Output states:
 - Input state : 
  - Chain level:
	State 1
	State 2


============================================================
+ Verbose Summary: Datapath Resource usage 
============================================================
N/A
