

================================================================
== Vitis HLS Report for 'dataflow_in_loop_l_ni1'
================================================================
* Date:           Mon Feb 17 20:36:23 2025

* Version:        2023.2 (Build 4023990 on Oct 11 2023)
* Project:        DitBlock
* Solution:       hls (Vivado IP Flow Target)
* Product family: virtexuplusHBM
* Target device:  xcu280-fsvh2892-2L-e


================================================================
== Performance Estimates
================================================================
+ Timing: 
    * Summary: 
    +--------+----------+----------+------------+
    |  Clock |  Target  | Estimated| Uncertainty|
    +--------+----------+----------+------------+
    |ap_clk  |  10.00 ns|  6.536 ns|     2.70 ns|
    +--------+----------+----------+------------+

+ Latency: 
    * Summary: 
    +---------+---------+-----------+-----------+------+------+----------+
    |  Latency (cycles) |   Latency (absolute)  |   Interval  | Pipeline |
    |   min   |   max   |    min    |    max    |  min |  max |   Type   |
    +---------+---------+-----------+-----------+------+------+----------+
    |     5212|     5212|  52.120 us|  52.120 us|  4100|  4100|  dataflow|
    +---------+---------+-----------+-----------+------+------+----------+

    + Detail: 
        * Instance: 
        N/A

        * Loop: 
        N/A

============================================================
+ Verbose Summary: Synthesis Manager
============================================================
InlineROM: 1
ExposeGlobal: 0
============================================================
+ Verbose Summary: CDFG Model
============================================================
IsTopModel: 0
ResetActiveHigh: 1
IsCombinational: 2
IsDatapathOnly: 0
HasWiredReturn: 1
HasMFsm: 0
HasVarLatency: 1
IsPipeline: 0
IsRtlPipelined: 0
IsInstanceOverlapped: 0
IsDontTouch: 0
HasImplIP: 0
IsGatedGlobalClock: 0


============================================================
+ Verbose Summary: Schedule
============================================================
* Number of FSM states : 6
* Pipeline : 0
* Dataflow Pipeline: 1
  DF-Pipeline-0: Size = 6, States = { 1 2 3 4 5 6 }

* FSM state transitions: 
1 --> 2 
2 --> 3 
3 --> 4 
4 --> 5 
5 --> 6 
6 --> 

* FSM state operations: 

State 1 <SV = 0> <Delay = 6.32>
ST_1 : Operation 7 [1/1] (0.00ns)   --->   "%mi1_read = read i7 @_ssdm_op_Read.ap_auto.i7, i7 %mi1"   --->   Operation 7 'read' 'mi1_read' <Predicate = true> <Delay = 0.00>
ST_1 : Operation 8 [1/1] (0.00ns)   --->   "%ni1_read = read i7 @_ssdm_op_Read.ap_auto.i7, i7 %ni1"   --->   Operation 8 'read' 'ni1_read' <Predicate = true> <Delay = 0.00>
ST_1 : Operation 9 [1/1] (0.00ns)   --->   "%empty = trunc i7 %ni1_read"   --->   Operation 9 'trunc' 'empty' <Predicate = true> <Delay = 0.00>
ST_1 : Operation 10 [1/1] (0.00ns)   --->   "%local_C1 = alloca i64 1" [/home/silvenchen/Desktop/DitBlock/WorkDCT/DitBlock/kernel.cpp:3490->/home/silvenchen/Desktop/DitBlock/WorkDCT/DitBlock/kernel.cpp:3490->/home/silvenchen/Desktop/DitBlock/WorkDCT/DitBlock/kernel.cpp:3490]   --->   Operation 10 'alloca' 'local_C1' <Predicate = true> <Delay = 0.00> <CoreInst = "FIFO_SRL">   --->   Core 81 'FIFO_SRL' <Latency = 0> <II = 1> <Delay = 1.39> <Storage> <Opcode : 'read' 'write' 'nbread' 'nbwrite'> <Ports = 0> <Width = 32> <Depth = 2> <FIFO>
ST_1 : Operation 11 [1/1] (0.00ns)   --->   "%local_C1_1 = alloca i64 1" [/home/silvenchen/Desktop/DitBlock/WorkDCT/DitBlock/kernel.cpp:3490->/home/silvenchen/Desktop/DitBlock/WorkDCT/DitBlock/kernel.cpp:3490->/home/silvenchen/Desktop/DitBlock/WorkDCT/DitBlock/kernel.cpp:3490]   --->   Operation 11 'alloca' 'local_C1_1' <Predicate = true> <Delay = 0.00> <CoreInst = "FIFO_SRL">   --->   Core 81 'FIFO_SRL' <Latency = 0> <II = 1> <Delay = 1.39> <Storage> <Opcode : 'read' 'write' 'nbread' 'nbwrite'> <Ports = 0> <Width = 32> <Depth = 2> <FIFO>
ST_1 : Operation 12 [1/1] (0.00ns)   --->   "%local_C1_2 = alloca i64 1" [/home/silvenchen/Desktop/DitBlock/WorkDCT/DitBlock/kernel.cpp:3490->/home/silvenchen/Desktop/DitBlock/WorkDCT/DitBlock/kernel.cpp:3490->/home/silvenchen/Desktop/DitBlock/WorkDCT/DitBlock/kernel.cpp:3490]   --->   Operation 12 'alloca' 'local_C1_2' <Predicate = true> <Delay = 0.00> <CoreInst = "FIFO_SRL">   --->   Core 81 'FIFO_SRL' <Latency = 0> <II = 1> <Delay = 1.39> <Storage> <Opcode : 'read' 'write' 'nbread' 'nbwrite'> <Ports = 0> <Width = 32> <Depth = 2> <FIFO>
ST_1 : Operation 13 [1/1] (0.00ns)   --->   "%local_C1_3 = alloca i64 1" [/home/silvenchen/Desktop/DitBlock/WorkDCT/DitBlock/kernel.cpp:3490->/home/silvenchen/Desktop/DitBlock/WorkDCT/DitBlock/kernel.cpp:3490->/home/silvenchen/Desktop/DitBlock/WorkDCT/DitBlock/kernel.cpp:3490]   --->   Operation 13 'alloca' 'local_C1_3' <Predicate = true> <Delay = 0.00> <CoreInst = "FIFO_SRL">   --->   Core 81 'FIFO_SRL' <Latency = 0> <II = 1> <Delay = 1.39> <Storage> <Opcode : 'read' 'write' 'nbread' 'nbwrite'> <Ports = 0> <Width = 32> <Depth = 2> <FIFO>
ST_1 : Operation 14 [1/1] (0.00ns)   --->   "%local_C1_4 = alloca i64 1" [/home/silvenchen/Desktop/DitBlock/WorkDCT/DitBlock/kernel.cpp:3490->/home/silvenchen/Desktop/DitBlock/WorkDCT/DitBlock/kernel.cpp:3490->/home/silvenchen/Desktop/DitBlock/WorkDCT/DitBlock/kernel.cpp:3490]   --->   Operation 14 'alloca' 'local_C1_4' <Predicate = true> <Delay = 0.00> <CoreInst = "FIFO_SRL">   --->   Core 81 'FIFO_SRL' <Latency = 0> <II = 1> <Delay = 1.39> <Storage> <Opcode : 'read' 'write' 'nbread' 'nbwrite'> <Ports = 0> <Width = 32> <Depth = 2> <FIFO>
ST_1 : Operation 15 [1/1] (0.00ns)   --->   "%local_C1_5 = alloca i64 1" [/home/silvenchen/Desktop/DitBlock/WorkDCT/DitBlock/kernel.cpp:3490->/home/silvenchen/Desktop/DitBlock/WorkDCT/DitBlock/kernel.cpp:3490->/home/silvenchen/Desktop/DitBlock/WorkDCT/DitBlock/kernel.cpp:3490]   --->   Operation 15 'alloca' 'local_C1_5' <Predicate = true> <Delay = 0.00> <CoreInst = "FIFO_SRL">   --->   Core 81 'FIFO_SRL' <Latency = 0> <II = 1> <Delay = 1.39> <Storage> <Opcode : 'read' 'write' 'nbread' 'nbwrite'> <Ports = 0> <Width = 32> <Depth = 2> <FIFO>
ST_1 : Operation 16 [1/1] (0.00ns)   --->   "%local_C1_6 = alloca i64 1" [/home/silvenchen/Desktop/DitBlock/WorkDCT/DitBlock/kernel.cpp:3490->/home/silvenchen/Desktop/DitBlock/WorkDCT/DitBlock/kernel.cpp:3490->/home/silvenchen/Desktop/DitBlock/WorkDCT/DitBlock/kernel.cpp:3490]   --->   Operation 16 'alloca' 'local_C1_6' <Predicate = true> <Delay = 0.00> <CoreInst = "FIFO_SRL">   --->   Core 81 'FIFO_SRL' <Latency = 0> <II = 1> <Delay = 1.39> <Storage> <Opcode : 'read' 'write' 'nbread' 'nbwrite'> <Ports = 0> <Width = 32> <Depth = 2> <FIFO>
ST_1 : Operation 17 [1/1] (0.00ns)   --->   "%local_C1_7 = alloca i64 1" [/home/silvenchen/Desktop/DitBlock/WorkDCT/DitBlock/kernel.cpp:3490->/home/silvenchen/Desktop/DitBlock/WorkDCT/DitBlock/kernel.cpp:3490->/home/silvenchen/Desktop/DitBlock/WorkDCT/DitBlock/kernel.cpp:3490]   --->   Operation 17 'alloca' 'local_C1_7' <Predicate = true> <Delay = 0.00> <CoreInst = "FIFO_SRL">   --->   Core 81 'FIFO_SRL' <Latency = 0> <II = 1> <Delay = 1.39> <Storage> <Opcode : 'read' 'write' 'nbread' 'nbwrite'> <Ports = 0> <Width = 32> <Depth = 2> <FIFO>
ST_1 : Operation 18 [1/1] (0.00ns)   --->   "%local_C1_8 = alloca i64 1" [/home/silvenchen/Desktop/DitBlock/WorkDCT/DitBlock/kernel.cpp:3490->/home/silvenchen/Desktop/DitBlock/WorkDCT/DitBlock/kernel.cpp:3490->/home/silvenchen/Desktop/DitBlock/WorkDCT/DitBlock/kernel.cpp:3490]   --->   Operation 18 'alloca' 'local_C1_8' <Predicate = true> <Delay = 0.00> <CoreInst = "FIFO_SRL">   --->   Core 81 'FIFO_SRL' <Latency = 0> <II = 1> <Delay = 1.39> <Storage> <Opcode : 'read' 'write' 'nbread' 'nbwrite'> <Ports = 0> <Width = 32> <Depth = 2> <FIFO>
ST_1 : Operation 19 [1/1] (0.00ns)   --->   "%local_C1_9 = alloca i64 1" [/home/silvenchen/Desktop/DitBlock/WorkDCT/DitBlock/kernel.cpp:3490->/home/silvenchen/Desktop/DitBlock/WorkDCT/DitBlock/kernel.cpp:3490->/home/silvenchen/Desktop/DitBlock/WorkDCT/DitBlock/kernel.cpp:3490]   --->   Operation 19 'alloca' 'local_C1_9' <Predicate = true> <Delay = 0.00> <CoreInst = "FIFO_SRL">   --->   Core 81 'FIFO_SRL' <Latency = 0> <II = 1> <Delay = 1.39> <Storage> <Opcode : 'read' 'write' 'nbread' 'nbwrite'> <Ports = 0> <Width = 32> <Depth = 2> <FIFO>
ST_1 : Operation 20 [1/1] (0.00ns)   --->   "%local_C1_10 = alloca i64 1" [/home/silvenchen/Desktop/DitBlock/WorkDCT/DitBlock/kernel.cpp:3490->/home/silvenchen/Desktop/DitBlock/WorkDCT/DitBlock/kernel.cpp:3490->/home/silvenchen/Desktop/DitBlock/WorkDCT/DitBlock/kernel.cpp:3490]   --->   Operation 20 'alloca' 'local_C1_10' <Predicate = true> <Delay = 0.00> <CoreInst = "FIFO_SRL">   --->   Core 81 'FIFO_SRL' <Latency = 0> <II = 1> <Delay = 1.39> <Storage> <Opcode : 'read' 'write' 'nbread' 'nbwrite'> <Ports = 0> <Width = 32> <Depth = 2> <FIFO>
ST_1 : Operation 21 [1/1] (0.00ns)   --->   "%local_C1_11 = alloca i64 1" [/home/silvenchen/Desktop/DitBlock/WorkDCT/DitBlock/kernel.cpp:3490->/home/silvenchen/Desktop/DitBlock/WorkDCT/DitBlock/kernel.cpp:3490->/home/silvenchen/Desktop/DitBlock/WorkDCT/DitBlock/kernel.cpp:3490]   --->   Operation 21 'alloca' 'local_C1_11' <Predicate = true> <Delay = 0.00> <CoreInst = "FIFO_SRL">   --->   Core 81 'FIFO_SRL' <Latency = 0> <II = 1> <Delay = 1.39> <Storage> <Opcode : 'read' 'write' 'nbread' 'nbwrite'> <Ports = 0> <Width = 32> <Depth = 2> <FIFO>
ST_1 : Operation 22 [1/1] (0.00ns)   --->   "%local_C1_12 = alloca i64 1" [/home/silvenchen/Desktop/DitBlock/WorkDCT/DitBlock/kernel.cpp:3490->/home/silvenchen/Desktop/DitBlock/WorkDCT/DitBlock/kernel.cpp:3490->/home/silvenchen/Desktop/DitBlock/WorkDCT/DitBlock/kernel.cpp:3490]   --->   Operation 22 'alloca' 'local_C1_12' <Predicate = true> <Delay = 0.00> <CoreInst = "FIFO_SRL">   --->   Core 81 'FIFO_SRL' <Latency = 0> <II = 1> <Delay = 1.39> <Storage> <Opcode : 'read' 'write' 'nbread' 'nbwrite'> <Ports = 0> <Width = 32> <Depth = 2> <FIFO>
ST_1 : Operation 23 [1/1] (0.00ns)   --->   "%local_C1_13 = alloca i64 1" [/home/silvenchen/Desktop/DitBlock/WorkDCT/DitBlock/kernel.cpp:3490->/home/silvenchen/Desktop/DitBlock/WorkDCT/DitBlock/kernel.cpp:3490->/home/silvenchen/Desktop/DitBlock/WorkDCT/DitBlock/kernel.cpp:3490]   --->   Operation 23 'alloca' 'local_C1_13' <Predicate = true> <Delay = 0.00> <CoreInst = "FIFO_SRL">   --->   Core 81 'FIFO_SRL' <Latency = 0> <II = 1> <Delay = 1.39> <Storage> <Opcode : 'read' 'write' 'nbread' 'nbwrite'> <Ports = 0> <Width = 32> <Depth = 2> <FIFO>
ST_1 : Operation 24 [1/1] (0.00ns)   --->   "%local_C1_14 = alloca i64 1" [/home/silvenchen/Desktop/DitBlock/WorkDCT/DitBlock/kernel.cpp:3490->/home/silvenchen/Desktop/DitBlock/WorkDCT/DitBlock/kernel.cpp:3490->/home/silvenchen/Desktop/DitBlock/WorkDCT/DitBlock/kernel.cpp:3490]   --->   Operation 24 'alloca' 'local_C1_14' <Predicate = true> <Delay = 0.00> <CoreInst = "FIFO_SRL">   --->   Core 81 'FIFO_SRL' <Latency = 0> <II = 1> <Delay = 1.39> <Storage> <Opcode : 'read' 'write' 'nbread' 'nbwrite'> <Ports = 0> <Width = 32> <Depth = 2> <FIFO>
ST_1 : Operation 25 [1/1] (0.00ns)   --->   "%local_C1_15 = alloca i64 1" [/home/silvenchen/Desktop/DitBlock/WorkDCT/DitBlock/kernel.cpp:3490->/home/silvenchen/Desktop/DitBlock/WorkDCT/DitBlock/kernel.cpp:3490->/home/silvenchen/Desktop/DitBlock/WorkDCT/DitBlock/kernel.cpp:3490]   --->   Operation 25 'alloca' 'local_C1_15' <Predicate = true> <Delay = 0.00> <CoreInst = "FIFO_SRL">   --->   Core 81 'FIFO_SRL' <Latency = 0> <II = 1> <Delay = 1.39> <Storage> <Opcode : 'read' 'write' 'nbread' 'nbwrite'> <Ports = 0> <Width = 32> <Depth = 2> <FIFO>
ST_1 : Operation 26 [1/1] (0.00ns)   --->   "%local_C1_16 = alloca i64 1" [/home/silvenchen/Desktop/DitBlock/WorkDCT/DitBlock/kernel.cpp:3490->/home/silvenchen/Desktop/DitBlock/WorkDCT/DitBlock/kernel.cpp:3490->/home/silvenchen/Desktop/DitBlock/WorkDCT/DitBlock/kernel.cpp:3490]   --->   Operation 26 'alloca' 'local_C1_16' <Predicate = true> <Delay = 0.00> <CoreInst = "FIFO_SRL">   --->   Core 81 'FIFO_SRL' <Latency = 0> <II = 1> <Delay = 1.39> <Storage> <Opcode : 'read' 'write' 'nbread' 'nbwrite'> <Ports = 0> <Width = 32> <Depth = 2> <FIFO>
ST_1 : Operation 27 [1/1] (0.00ns)   --->   "%local_C1_17 = alloca i64 1" [/home/silvenchen/Desktop/DitBlock/WorkDCT/DitBlock/kernel.cpp:3490->/home/silvenchen/Desktop/DitBlock/WorkDCT/DitBlock/kernel.cpp:3490->/home/silvenchen/Desktop/DitBlock/WorkDCT/DitBlock/kernel.cpp:3490]   --->   Operation 27 'alloca' 'local_C1_17' <Predicate = true> <Delay = 0.00> <CoreInst = "FIFO_SRL">   --->   Core 81 'FIFO_SRL' <Latency = 0> <II = 1> <Delay = 1.39> <Storage> <Opcode : 'read' 'write' 'nbread' 'nbwrite'> <Ports = 0> <Width = 32> <Depth = 2> <FIFO>
ST_1 : Operation 28 [1/1] (0.00ns)   --->   "%local_C1_18 = alloca i64 1" [/home/silvenchen/Desktop/DitBlock/WorkDCT/DitBlock/kernel.cpp:3490->/home/silvenchen/Desktop/DitBlock/WorkDCT/DitBlock/kernel.cpp:3490->/home/silvenchen/Desktop/DitBlock/WorkDCT/DitBlock/kernel.cpp:3490]   --->   Operation 28 'alloca' 'local_C1_18' <Predicate = true> <Delay = 0.00> <CoreInst = "FIFO_SRL">   --->   Core 81 'FIFO_SRL' <Latency = 0> <II = 1> <Delay = 1.39> <Storage> <Opcode : 'read' 'write' 'nbread' 'nbwrite'> <Ports = 0> <Width = 32> <Depth = 2> <FIFO>
ST_1 : Operation 29 [1/1] (0.00ns)   --->   "%local_C1_19 = alloca i64 1" [/home/silvenchen/Desktop/DitBlock/WorkDCT/DitBlock/kernel.cpp:3490->/home/silvenchen/Desktop/DitBlock/WorkDCT/DitBlock/kernel.cpp:3490->/home/silvenchen/Desktop/DitBlock/WorkDCT/DitBlock/kernel.cpp:3490]   --->   Operation 29 'alloca' 'local_C1_19' <Predicate = true> <Delay = 0.00> <CoreInst = "FIFO_SRL">   --->   Core 81 'FIFO_SRL' <Latency = 0> <II = 1> <Delay = 1.39> <Storage> <Opcode : 'read' 'write' 'nbread' 'nbwrite'> <Ports = 0> <Width = 32> <Depth = 2> <FIFO>
ST_1 : Operation 30 [1/1] (0.00ns)   --->   "%local_C1_20 = alloca i64 1" [/home/silvenchen/Desktop/DitBlock/WorkDCT/DitBlock/kernel.cpp:3490->/home/silvenchen/Desktop/DitBlock/WorkDCT/DitBlock/kernel.cpp:3490->/home/silvenchen/Desktop/DitBlock/WorkDCT/DitBlock/kernel.cpp:3490]   --->   Operation 30 'alloca' 'local_C1_20' <Predicate = true> <Delay = 0.00> <CoreInst = "FIFO_SRL">   --->   Core 81 'FIFO_SRL' <Latency = 0> <II = 1> <Delay = 1.39> <Storage> <Opcode : 'read' 'write' 'nbread' 'nbwrite'> <Ports = 0> <Width = 32> <Depth = 2> <FIFO>
ST_1 : Operation 31 [1/1] (0.00ns)   --->   "%local_C1_21 = alloca i64 1" [/home/silvenchen/Desktop/DitBlock/WorkDCT/DitBlock/kernel.cpp:3490->/home/silvenchen/Desktop/DitBlock/WorkDCT/DitBlock/kernel.cpp:3490->/home/silvenchen/Desktop/DitBlock/WorkDCT/DitBlock/kernel.cpp:3490]   --->   Operation 31 'alloca' 'local_C1_21' <Predicate = true> <Delay = 0.00> <CoreInst = "FIFO_SRL">   --->   Core 81 'FIFO_SRL' <Latency = 0> <II = 1> <Delay = 1.39> <Storage> <Opcode : 'read' 'write' 'nbread' 'nbwrite'> <Ports = 0> <Width = 32> <Depth = 2> <FIFO>
ST_1 : Operation 32 [1/1] (0.00ns)   --->   "%local_C1_22 = alloca i64 1" [/home/silvenchen/Desktop/DitBlock/WorkDCT/DitBlock/kernel.cpp:3490->/home/silvenchen/Desktop/DitBlock/WorkDCT/DitBlock/kernel.cpp:3490->/home/silvenchen/Desktop/DitBlock/WorkDCT/DitBlock/kernel.cpp:3490]   --->   Operation 32 'alloca' 'local_C1_22' <Predicate = true> <Delay = 0.00> <CoreInst = "FIFO_SRL">   --->   Core 81 'FIFO_SRL' <Latency = 0> <II = 1> <Delay = 1.39> <Storage> <Opcode : 'read' 'write' 'nbread' 'nbwrite'> <Ports = 0> <Width = 32> <Depth = 2> <FIFO>
ST_1 : Operation 33 [1/1] (0.00ns)   --->   "%local_C1_23 = alloca i64 1" [/home/silvenchen/Desktop/DitBlock/WorkDCT/DitBlock/kernel.cpp:3490->/home/silvenchen/Desktop/DitBlock/WorkDCT/DitBlock/kernel.cpp:3490->/home/silvenchen/Desktop/DitBlock/WorkDCT/DitBlock/kernel.cpp:3490]   --->   Operation 33 'alloca' 'local_C1_23' <Predicate = true> <Delay = 0.00> <CoreInst = "FIFO_SRL">   --->   Core 81 'FIFO_SRL' <Latency = 0> <II = 1> <Delay = 1.39> <Storage> <Opcode : 'read' 'write' 'nbread' 'nbwrite'> <Ports = 0> <Width = 32> <Depth = 2> <FIFO>
ST_1 : Operation 34 [1/1] (0.00ns)   --->   "%local_C1_24 = alloca i64 1" [/home/silvenchen/Desktop/DitBlock/WorkDCT/DitBlock/kernel.cpp:3490->/home/silvenchen/Desktop/DitBlock/WorkDCT/DitBlock/kernel.cpp:3490->/home/silvenchen/Desktop/DitBlock/WorkDCT/DitBlock/kernel.cpp:3490]   --->   Operation 34 'alloca' 'local_C1_24' <Predicate = true> <Delay = 0.00> <CoreInst = "FIFO_SRL">   --->   Core 81 'FIFO_SRL' <Latency = 0> <II = 1> <Delay = 1.39> <Storage> <Opcode : 'read' 'write' 'nbread' 'nbwrite'> <Ports = 0> <Width = 32> <Depth = 2> <FIFO>
ST_1 : Operation 35 [1/1] (0.00ns)   --->   "%local_C1_25 = alloca i64 1" [/home/silvenchen/Desktop/DitBlock/WorkDCT/DitBlock/kernel.cpp:3490->/home/silvenchen/Desktop/DitBlock/WorkDCT/DitBlock/kernel.cpp:3490->/home/silvenchen/Desktop/DitBlock/WorkDCT/DitBlock/kernel.cpp:3490]   --->   Operation 35 'alloca' 'local_C1_25' <Predicate = true> <Delay = 0.00> <CoreInst = "FIFO_SRL">   --->   Core 81 'FIFO_SRL' <Latency = 0> <II = 1> <Delay = 1.39> <Storage> <Opcode : 'read' 'write' 'nbread' 'nbwrite'> <Ports = 0> <Width = 32> <Depth = 2> <FIFO>
ST_1 : Operation 36 [1/1] (0.00ns)   --->   "%local_C1_26 = alloca i64 1" [/home/silvenchen/Desktop/DitBlock/WorkDCT/DitBlock/kernel.cpp:3490->/home/silvenchen/Desktop/DitBlock/WorkDCT/DitBlock/kernel.cpp:3490->/home/silvenchen/Desktop/DitBlock/WorkDCT/DitBlock/kernel.cpp:3490]   --->   Operation 36 'alloca' 'local_C1_26' <Predicate = true> <Delay = 0.00> <CoreInst = "FIFO_SRL">   --->   Core 81 'FIFO_SRL' <Latency = 0> <II = 1> <Delay = 1.39> <Storage> <Opcode : 'read' 'write' 'nbread' 'nbwrite'> <Ports = 0> <Width = 32> <Depth = 2> <FIFO>
ST_1 : Operation 37 [1/1] (0.00ns)   --->   "%local_C1_27 = alloca i64 1" [/home/silvenchen/Desktop/DitBlock/WorkDCT/DitBlock/kernel.cpp:3490->/home/silvenchen/Desktop/DitBlock/WorkDCT/DitBlock/kernel.cpp:3490->/home/silvenchen/Desktop/DitBlock/WorkDCT/DitBlock/kernel.cpp:3490]   --->   Operation 37 'alloca' 'local_C1_27' <Predicate = true> <Delay = 0.00> <CoreInst = "FIFO_SRL">   --->   Core 81 'FIFO_SRL' <Latency = 0> <II = 1> <Delay = 1.39> <Storage> <Opcode : 'read' 'write' 'nbread' 'nbwrite'> <Ports = 0> <Width = 32> <Depth = 2> <FIFO>
ST_1 : Operation 38 [1/1] (0.00ns)   --->   "%local_C1_28 = alloca i64 1" [/home/silvenchen/Desktop/DitBlock/WorkDCT/DitBlock/kernel.cpp:3490->/home/silvenchen/Desktop/DitBlock/WorkDCT/DitBlock/kernel.cpp:3490->/home/silvenchen/Desktop/DitBlock/WorkDCT/DitBlock/kernel.cpp:3490]   --->   Operation 38 'alloca' 'local_C1_28' <Predicate = true> <Delay = 0.00> <CoreInst = "FIFO_SRL">   --->   Core 81 'FIFO_SRL' <Latency = 0> <II = 1> <Delay = 1.39> <Storage> <Opcode : 'read' 'write' 'nbread' 'nbwrite'> <Ports = 0> <Width = 32> <Depth = 2> <FIFO>
ST_1 : Operation 39 [1/1] (0.00ns)   --->   "%local_C1_29 = alloca i64 1" [/home/silvenchen/Desktop/DitBlock/WorkDCT/DitBlock/kernel.cpp:3490->/home/silvenchen/Desktop/DitBlock/WorkDCT/DitBlock/kernel.cpp:3490->/home/silvenchen/Desktop/DitBlock/WorkDCT/DitBlock/kernel.cpp:3490]   --->   Operation 39 'alloca' 'local_C1_29' <Predicate = true> <Delay = 0.00> <CoreInst = "FIFO_SRL">   --->   Core 81 'FIFO_SRL' <Latency = 0> <II = 1> <Delay = 1.39> <Storage> <Opcode : 'read' 'write' 'nbread' 'nbwrite'> <Ports = 0> <Width = 32> <Depth = 2> <FIFO>
ST_1 : Operation 40 [1/1] (0.00ns)   --->   "%local_C1_30 = alloca i64 1" [/home/silvenchen/Desktop/DitBlock/WorkDCT/DitBlock/kernel.cpp:3490->/home/silvenchen/Desktop/DitBlock/WorkDCT/DitBlock/kernel.cpp:3490->/home/silvenchen/Desktop/DitBlock/WorkDCT/DitBlock/kernel.cpp:3490]   --->   Operation 40 'alloca' 'local_C1_30' <Predicate = true> <Delay = 0.00> <CoreInst = "FIFO_SRL">   --->   Core 81 'FIFO_SRL' <Latency = 0> <II = 1> <Delay = 1.39> <Storage> <Opcode : 'read' 'write' 'nbread' 'nbwrite'> <Ports = 0> <Width = 32> <Depth = 2> <FIFO>
ST_1 : Operation 41 [1/1] (0.00ns)   --->   "%local_C1_31 = alloca i64 1" [/home/silvenchen/Desktop/DitBlock/WorkDCT/DitBlock/kernel.cpp:3490->/home/silvenchen/Desktop/DitBlock/WorkDCT/DitBlock/kernel.cpp:3490->/home/silvenchen/Desktop/DitBlock/WorkDCT/DitBlock/kernel.cpp:3490]   --->   Operation 41 'alloca' 'local_C1_31' <Predicate = true> <Delay = 0.00> <CoreInst = "FIFO_SRL">   --->   Core 81 'FIFO_SRL' <Latency = 0> <II = 1> <Delay = 1.39> <Storage> <Opcode : 'read' 'write' 'nbread' 'nbwrite'> <Ports = 0> <Width = 32> <Depth = 2> <FIFO>
ST_1 : Operation 42 [1/1] (0.00ns)   --->   "%local_C1_32 = alloca i64 1" [/home/silvenchen/Desktop/DitBlock/WorkDCT/DitBlock/kernel.cpp:3490->/home/silvenchen/Desktop/DitBlock/WorkDCT/DitBlock/kernel.cpp:3490->/home/silvenchen/Desktop/DitBlock/WorkDCT/DitBlock/kernel.cpp:3490]   --->   Operation 42 'alloca' 'local_C1_32' <Predicate = true> <Delay = 0.00> <CoreInst = "FIFO_SRL">   --->   Core 81 'FIFO_SRL' <Latency = 0> <II = 1> <Delay = 1.39> <Storage> <Opcode : 'read' 'write' 'nbread' 'nbwrite'> <Ports = 0> <Width = 32> <Depth = 2> <FIFO>
ST_1 : Operation 43 [1/1] (0.00ns)   --->   "%local_C1_33 = alloca i64 1" [/home/silvenchen/Desktop/DitBlock/WorkDCT/DitBlock/kernel.cpp:3490->/home/silvenchen/Desktop/DitBlock/WorkDCT/DitBlock/kernel.cpp:3490->/home/silvenchen/Desktop/DitBlock/WorkDCT/DitBlock/kernel.cpp:3490]   --->   Operation 43 'alloca' 'local_C1_33' <Predicate = true> <Delay = 0.00> <CoreInst = "FIFO_SRL">   --->   Core 81 'FIFO_SRL' <Latency = 0> <II = 1> <Delay = 1.39> <Storage> <Opcode : 'read' 'write' 'nbread' 'nbwrite'> <Ports = 0> <Width = 32> <Depth = 2> <FIFO>
ST_1 : Operation 44 [1/1] (0.00ns)   --->   "%local_C1_34 = alloca i64 1" [/home/silvenchen/Desktop/DitBlock/WorkDCT/DitBlock/kernel.cpp:3490->/home/silvenchen/Desktop/DitBlock/WorkDCT/DitBlock/kernel.cpp:3490->/home/silvenchen/Desktop/DitBlock/WorkDCT/DitBlock/kernel.cpp:3490]   --->   Operation 44 'alloca' 'local_C1_34' <Predicate = true> <Delay = 0.00> <CoreInst = "FIFO_SRL">   --->   Core 81 'FIFO_SRL' <Latency = 0> <II = 1> <Delay = 1.39> <Storage> <Opcode : 'read' 'write' 'nbread' 'nbwrite'> <Ports = 0> <Width = 32> <Depth = 2> <FIFO>
ST_1 : Operation 45 [1/1] (0.00ns)   --->   "%local_C1_35 = alloca i64 1" [/home/silvenchen/Desktop/DitBlock/WorkDCT/DitBlock/kernel.cpp:3490->/home/silvenchen/Desktop/DitBlock/WorkDCT/DitBlock/kernel.cpp:3490->/home/silvenchen/Desktop/DitBlock/WorkDCT/DitBlock/kernel.cpp:3490]   --->   Operation 45 'alloca' 'local_C1_35' <Predicate = true> <Delay = 0.00> <CoreInst = "FIFO_SRL">   --->   Core 81 'FIFO_SRL' <Latency = 0> <II = 1> <Delay = 1.39> <Storage> <Opcode : 'read' 'write' 'nbread' 'nbwrite'> <Ports = 0> <Width = 32> <Depth = 2> <FIFO>
ST_1 : Operation 46 [1/1] (0.00ns)   --->   "%local_C1_36 = alloca i64 1" [/home/silvenchen/Desktop/DitBlock/WorkDCT/DitBlock/kernel.cpp:3490->/home/silvenchen/Desktop/DitBlock/WorkDCT/DitBlock/kernel.cpp:3490->/home/silvenchen/Desktop/DitBlock/WorkDCT/DitBlock/kernel.cpp:3490]   --->   Operation 46 'alloca' 'local_C1_36' <Predicate = true> <Delay = 0.00> <CoreInst = "FIFO_SRL">   --->   Core 81 'FIFO_SRL' <Latency = 0> <II = 1> <Delay = 1.39> <Storage> <Opcode : 'read' 'write' 'nbread' 'nbwrite'> <Ports = 0> <Width = 32> <Depth = 2> <FIFO>
ST_1 : Operation 47 [1/1] (0.00ns)   --->   "%local_C1_37 = alloca i64 1" [/home/silvenchen/Desktop/DitBlock/WorkDCT/DitBlock/kernel.cpp:3490->/home/silvenchen/Desktop/DitBlock/WorkDCT/DitBlock/kernel.cpp:3490->/home/silvenchen/Desktop/DitBlock/WorkDCT/DitBlock/kernel.cpp:3490]   --->   Operation 47 'alloca' 'local_C1_37' <Predicate = true> <Delay = 0.00> <CoreInst = "FIFO_SRL">   --->   Core 81 'FIFO_SRL' <Latency = 0> <II = 1> <Delay = 1.39> <Storage> <Opcode : 'read' 'write' 'nbread' 'nbwrite'> <Ports = 0> <Width = 32> <Depth = 2> <FIFO>
ST_1 : Operation 48 [1/1] (0.00ns)   --->   "%local_C1_38 = alloca i64 1" [/home/silvenchen/Desktop/DitBlock/WorkDCT/DitBlock/kernel.cpp:3490->/home/silvenchen/Desktop/DitBlock/WorkDCT/DitBlock/kernel.cpp:3490->/home/silvenchen/Desktop/DitBlock/WorkDCT/DitBlock/kernel.cpp:3490]   --->   Operation 48 'alloca' 'local_C1_38' <Predicate = true> <Delay = 0.00> <CoreInst = "FIFO_SRL">   --->   Core 81 'FIFO_SRL' <Latency = 0> <II = 1> <Delay = 1.39> <Storage> <Opcode : 'read' 'write' 'nbread' 'nbwrite'> <Ports = 0> <Width = 32> <Depth = 2> <FIFO>
ST_1 : Operation 49 [1/1] (0.00ns)   --->   "%local_C1_39 = alloca i64 1" [/home/silvenchen/Desktop/DitBlock/WorkDCT/DitBlock/kernel.cpp:3490->/home/silvenchen/Desktop/DitBlock/WorkDCT/DitBlock/kernel.cpp:3490->/home/silvenchen/Desktop/DitBlock/WorkDCT/DitBlock/kernel.cpp:3490]   --->   Operation 49 'alloca' 'local_C1_39' <Predicate = true> <Delay = 0.00> <CoreInst = "FIFO_SRL">   --->   Core 81 'FIFO_SRL' <Latency = 0> <II = 1> <Delay = 1.39> <Storage> <Opcode : 'read' 'write' 'nbread' 'nbwrite'> <Ports = 0> <Width = 32> <Depth = 2> <FIFO>
ST_1 : Operation 50 [1/1] (0.00ns)   --->   "%local_C1_40 = alloca i64 1" [/home/silvenchen/Desktop/DitBlock/WorkDCT/DitBlock/kernel.cpp:3490->/home/silvenchen/Desktop/DitBlock/WorkDCT/DitBlock/kernel.cpp:3490->/home/silvenchen/Desktop/DitBlock/WorkDCT/DitBlock/kernel.cpp:3490]   --->   Operation 50 'alloca' 'local_C1_40' <Predicate = true> <Delay = 0.00> <CoreInst = "FIFO_SRL">   --->   Core 81 'FIFO_SRL' <Latency = 0> <II = 1> <Delay = 1.39> <Storage> <Opcode : 'read' 'write' 'nbread' 'nbwrite'> <Ports = 0> <Width = 32> <Depth = 2> <FIFO>
ST_1 : Operation 51 [1/1] (0.00ns)   --->   "%local_C1_41 = alloca i64 1" [/home/silvenchen/Desktop/DitBlock/WorkDCT/DitBlock/kernel.cpp:3490->/home/silvenchen/Desktop/DitBlock/WorkDCT/DitBlock/kernel.cpp:3490->/home/silvenchen/Desktop/DitBlock/WorkDCT/DitBlock/kernel.cpp:3490]   --->   Operation 51 'alloca' 'local_C1_41' <Predicate = true> <Delay = 0.00> <CoreInst = "FIFO_SRL">   --->   Core 81 'FIFO_SRL' <Latency = 0> <II = 1> <Delay = 1.39> <Storage> <Opcode : 'read' 'write' 'nbread' 'nbwrite'> <Ports = 0> <Width = 32> <Depth = 2> <FIFO>
ST_1 : Operation 52 [1/1] (0.00ns)   --->   "%local_C1_42 = alloca i64 1" [/home/silvenchen/Desktop/DitBlock/WorkDCT/DitBlock/kernel.cpp:3490->/home/silvenchen/Desktop/DitBlock/WorkDCT/DitBlock/kernel.cpp:3490->/home/silvenchen/Desktop/DitBlock/WorkDCT/DitBlock/kernel.cpp:3490]   --->   Operation 52 'alloca' 'local_C1_42' <Predicate = true> <Delay = 0.00> <CoreInst = "FIFO_SRL">   --->   Core 81 'FIFO_SRL' <Latency = 0> <II = 1> <Delay = 1.39> <Storage> <Opcode : 'read' 'write' 'nbread' 'nbwrite'> <Ports = 0> <Width = 32> <Depth = 2> <FIFO>
ST_1 : Operation 53 [1/1] (0.00ns)   --->   "%local_C1_43 = alloca i64 1" [/home/silvenchen/Desktop/DitBlock/WorkDCT/DitBlock/kernel.cpp:3490->/home/silvenchen/Desktop/DitBlock/WorkDCT/DitBlock/kernel.cpp:3490->/home/silvenchen/Desktop/DitBlock/WorkDCT/DitBlock/kernel.cpp:3490]   --->   Operation 53 'alloca' 'local_C1_43' <Predicate = true> <Delay = 0.00> <CoreInst = "FIFO_SRL">   --->   Core 81 'FIFO_SRL' <Latency = 0> <II = 1> <Delay = 1.39> <Storage> <Opcode : 'read' 'write' 'nbread' 'nbwrite'> <Ports = 0> <Width = 32> <Depth = 2> <FIFO>
ST_1 : Operation 54 [1/1] (0.00ns)   --->   "%local_C1_44 = alloca i64 1" [/home/silvenchen/Desktop/DitBlock/WorkDCT/DitBlock/kernel.cpp:3490->/home/silvenchen/Desktop/DitBlock/WorkDCT/DitBlock/kernel.cpp:3490->/home/silvenchen/Desktop/DitBlock/WorkDCT/DitBlock/kernel.cpp:3490]   --->   Operation 54 'alloca' 'local_C1_44' <Predicate = true> <Delay = 0.00> <CoreInst = "FIFO_SRL">   --->   Core 81 'FIFO_SRL' <Latency = 0> <II = 1> <Delay = 1.39> <Storage> <Opcode : 'read' 'write' 'nbread' 'nbwrite'> <Ports = 0> <Width = 32> <Depth = 2> <FIFO>
ST_1 : Operation 55 [1/1] (0.00ns)   --->   "%local_C1_45 = alloca i64 1" [/home/silvenchen/Desktop/DitBlock/WorkDCT/DitBlock/kernel.cpp:3490->/home/silvenchen/Desktop/DitBlock/WorkDCT/DitBlock/kernel.cpp:3490->/home/silvenchen/Desktop/DitBlock/WorkDCT/DitBlock/kernel.cpp:3490]   --->   Operation 55 'alloca' 'local_C1_45' <Predicate = true> <Delay = 0.00> <CoreInst = "FIFO_SRL">   --->   Core 81 'FIFO_SRL' <Latency = 0> <II = 1> <Delay = 1.39> <Storage> <Opcode : 'read' 'write' 'nbread' 'nbwrite'> <Ports = 0> <Width = 32> <Depth = 2> <FIFO>
ST_1 : Operation 56 [1/1] (0.00ns)   --->   "%local_C1_46 = alloca i64 1" [/home/silvenchen/Desktop/DitBlock/WorkDCT/DitBlock/kernel.cpp:3490->/home/silvenchen/Desktop/DitBlock/WorkDCT/DitBlock/kernel.cpp:3490->/home/silvenchen/Desktop/DitBlock/WorkDCT/DitBlock/kernel.cpp:3490]   --->   Operation 56 'alloca' 'local_C1_46' <Predicate = true> <Delay = 0.00> <CoreInst = "FIFO_SRL">   --->   Core 81 'FIFO_SRL' <Latency = 0> <II = 1> <Delay = 1.39> <Storage> <Opcode : 'read' 'write' 'nbread' 'nbwrite'> <Ports = 0> <Width = 32> <Depth = 2> <FIFO>
ST_1 : Operation 57 [1/1] (0.00ns)   --->   "%local_C1_47 = alloca i64 1" [/home/silvenchen/Desktop/DitBlock/WorkDCT/DitBlock/kernel.cpp:3490->/home/silvenchen/Desktop/DitBlock/WorkDCT/DitBlock/kernel.cpp:3490->/home/silvenchen/Desktop/DitBlock/WorkDCT/DitBlock/kernel.cpp:3490]   --->   Operation 57 'alloca' 'local_C1_47' <Predicate = true> <Delay = 0.00> <CoreInst = "FIFO_SRL">   --->   Core 81 'FIFO_SRL' <Latency = 0> <II = 1> <Delay = 1.39> <Storage> <Opcode : 'read' 'write' 'nbread' 'nbwrite'> <Ports = 0> <Width = 32> <Depth = 2> <FIFO>
ST_1 : Operation 58 [1/1] (0.00ns)   --->   "%local_C1_48 = alloca i64 1" [/home/silvenchen/Desktop/DitBlock/WorkDCT/DitBlock/kernel.cpp:3490->/home/silvenchen/Desktop/DitBlock/WorkDCT/DitBlock/kernel.cpp:3490->/home/silvenchen/Desktop/DitBlock/WorkDCT/DitBlock/kernel.cpp:3490]   --->   Operation 58 'alloca' 'local_C1_48' <Predicate = true> <Delay = 0.00> <CoreInst = "FIFO_SRL">   --->   Core 81 'FIFO_SRL' <Latency = 0> <II = 1> <Delay = 1.39> <Storage> <Opcode : 'read' 'write' 'nbread' 'nbwrite'> <Ports = 0> <Width = 32> <Depth = 2> <FIFO>
ST_1 : Operation 59 [1/1] (0.00ns)   --->   "%local_C1_49 = alloca i64 1" [/home/silvenchen/Desktop/DitBlock/WorkDCT/DitBlock/kernel.cpp:3490->/home/silvenchen/Desktop/DitBlock/WorkDCT/DitBlock/kernel.cpp:3490->/home/silvenchen/Desktop/DitBlock/WorkDCT/DitBlock/kernel.cpp:3490]   --->   Operation 59 'alloca' 'local_C1_49' <Predicate = true> <Delay = 0.00> <CoreInst = "FIFO_SRL">   --->   Core 81 'FIFO_SRL' <Latency = 0> <II = 1> <Delay = 1.39> <Storage> <Opcode : 'read' 'write' 'nbread' 'nbwrite'> <Ports = 0> <Width = 32> <Depth = 2> <FIFO>
ST_1 : Operation 60 [1/1] (0.00ns)   --->   "%local_C1_50 = alloca i64 1" [/home/silvenchen/Desktop/DitBlock/WorkDCT/DitBlock/kernel.cpp:3490->/home/silvenchen/Desktop/DitBlock/WorkDCT/DitBlock/kernel.cpp:3490->/home/silvenchen/Desktop/DitBlock/WorkDCT/DitBlock/kernel.cpp:3490]   --->   Operation 60 'alloca' 'local_C1_50' <Predicate = true> <Delay = 0.00> <CoreInst = "FIFO_SRL">   --->   Core 81 'FIFO_SRL' <Latency = 0> <II = 1> <Delay = 1.39> <Storage> <Opcode : 'read' 'write' 'nbread' 'nbwrite'> <Ports = 0> <Width = 32> <Depth = 2> <FIFO>
ST_1 : Operation 61 [1/1] (0.00ns)   --->   "%local_C1_51 = alloca i64 1" [/home/silvenchen/Desktop/DitBlock/WorkDCT/DitBlock/kernel.cpp:3490->/home/silvenchen/Desktop/DitBlock/WorkDCT/DitBlock/kernel.cpp:3490->/home/silvenchen/Desktop/DitBlock/WorkDCT/DitBlock/kernel.cpp:3490]   --->   Operation 61 'alloca' 'local_C1_51' <Predicate = true> <Delay = 0.00> <CoreInst = "FIFO_SRL">   --->   Core 81 'FIFO_SRL' <Latency = 0> <II = 1> <Delay = 1.39> <Storage> <Opcode : 'read' 'write' 'nbread' 'nbwrite'> <Ports = 0> <Width = 32> <Depth = 2> <FIFO>
ST_1 : Operation 62 [1/1] (0.00ns)   --->   "%local_C1_52 = alloca i64 1" [/home/silvenchen/Desktop/DitBlock/WorkDCT/DitBlock/kernel.cpp:3490->/home/silvenchen/Desktop/DitBlock/WorkDCT/DitBlock/kernel.cpp:3490->/home/silvenchen/Desktop/DitBlock/WorkDCT/DitBlock/kernel.cpp:3490]   --->   Operation 62 'alloca' 'local_C1_52' <Predicate = true> <Delay = 0.00> <CoreInst = "FIFO_SRL">   --->   Core 81 'FIFO_SRL' <Latency = 0> <II = 1> <Delay = 1.39> <Storage> <Opcode : 'read' 'write' 'nbread' 'nbwrite'> <Ports = 0> <Width = 32> <Depth = 2> <FIFO>
ST_1 : Operation 63 [1/1] (0.00ns)   --->   "%local_C1_53 = alloca i64 1" [/home/silvenchen/Desktop/DitBlock/WorkDCT/DitBlock/kernel.cpp:3490->/home/silvenchen/Desktop/DitBlock/WorkDCT/DitBlock/kernel.cpp:3490->/home/silvenchen/Desktop/DitBlock/WorkDCT/DitBlock/kernel.cpp:3490]   --->   Operation 63 'alloca' 'local_C1_53' <Predicate = true> <Delay = 0.00> <CoreInst = "FIFO_SRL">   --->   Core 81 'FIFO_SRL' <Latency = 0> <II = 1> <Delay = 1.39> <Storage> <Opcode : 'read' 'write' 'nbread' 'nbwrite'> <Ports = 0> <Width = 32> <Depth = 2> <FIFO>
ST_1 : Operation 64 [1/1] (0.00ns)   --->   "%local_C1_54 = alloca i64 1" [/home/silvenchen/Desktop/DitBlock/WorkDCT/DitBlock/kernel.cpp:3490->/home/silvenchen/Desktop/DitBlock/WorkDCT/DitBlock/kernel.cpp:3490->/home/silvenchen/Desktop/DitBlock/WorkDCT/DitBlock/kernel.cpp:3490]   --->   Operation 64 'alloca' 'local_C1_54' <Predicate = true> <Delay = 0.00> <CoreInst = "FIFO_SRL">   --->   Core 81 'FIFO_SRL' <Latency = 0> <II = 1> <Delay = 1.39> <Storage> <Opcode : 'read' 'write' 'nbread' 'nbwrite'> <Ports = 0> <Width = 32> <Depth = 2> <FIFO>
ST_1 : Operation 65 [1/1] (0.00ns)   --->   "%local_C1_55 = alloca i64 1" [/home/silvenchen/Desktop/DitBlock/WorkDCT/DitBlock/kernel.cpp:3490->/home/silvenchen/Desktop/DitBlock/WorkDCT/DitBlock/kernel.cpp:3490->/home/silvenchen/Desktop/DitBlock/WorkDCT/DitBlock/kernel.cpp:3490]   --->   Operation 65 'alloca' 'local_C1_55' <Predicate = true> <Delay = 0.00> <CoreInst = "FIFO_SRL">   --->   Core 81 'FIFO_SRL' <Latency = 0> <II = 1> <Delay = 1.39> <Storage> <Opcode : 'read' 'write' 'nbread' 'nbwrite'> <Ports = 0> <Width = 32> <Depth = 2> <FIFO>
ST_1 : Operation 66 [1/1] (0.00ns)   --->   "%local_C1_56 = alloca i64 1" [/home/silvenchen/Desktop/DitBlock/WorkDCT/DitBlock/kernel.cpp:3490->/home/silvenchen/Desktop/DitBlock/WorkDCT/DitBlock/kernel.cpp:3490->/home/silvenchen/Desktop/DitBlock/WorkDCT/DitBlock/kernel.cpp:3490]   --->   Operation 66 'alloca' 'local_C1_56' <Predicate = true> <Delay = 0.00> <CoreInst = "FIFO_SRL">   --->   Core 81 'FIFO_SRL' <Latency = 0> <II = 1> <Delay = 1.39> <Storage> <Opcode : 'read' 'write' 'nbread' 'nbwrite'> <Ports = 0> <Width = 32> <Depth = 2> <FIFO>
ST_1 : Operation 67 [1/1] (0.00ns)   --->   "%local_C1_57 = alloca i64 1" [/home/silvenchen/Desktop/DitBlock/WorkDCT/DitBlock/kernel.cpp:3490->/home/silvenchen/Desktop/DitBlock/WorkDCT/DitBlock/kernel.cpp:3490->/home/silvenchen/Desktop/DitBlock/WorkDCT/DitBlock/kernel.cpp:3490]   --->   Operation 67 'alloca' 'local_C1_57' <Predicate = true> <Delay = 0.00> <CoreInst = "FIFO_SRL">   --->   Core 81 'FIFO_SRL' <Latency = 0> <II = 1> <Delay = 1.39> <Storage> <Opcode : 'read' 'write' 'nbread' 'nbwrite'> <Ports = 0> <Width = 32> <Depth = 2> <FIFO>
ST_1 : Operation 68 [1/1] (0.00ns)   --->   "%local_C1_58 = alloca i64 1" [/home/silvenchen/Desktop/DitBlock/WorkDCT/DitBlock/kernel.cpp:3490->/home/silvenchen/Desktop/DitBlock/WorkDCT/DitBlock/kernel.cpp:3490->/home/silvenchen/Desktop/DitBlock/WorkDCT/DitBlock/kernel.cpp:3490]   --->   Operation 68 'alloca' 'local_C1_58' <Predicate = true> <Delay = 0.00> <CoreInst = "FIFO_SRL">   --->   Core 81 'FIFO_SRL' <Latency = 0> <II = 1> <Delay = 1.39> <Storage> <Opcode : 'read' 'write' 'nbread' 'nbwrite'> <Ports = 0> <Width = 32> <Depth = 2> <FIFO>
ST_1 : Operation 69 [1/1] (0.00ns)   --->   "%local_C1_59 = alloca i64 1" [/home/silvenchen/Desktop/DitBlock/WorkDCT/DitBlock/kernel.cpp:3490->/home/silvenchen/Desktop/DitBlock/WorkDCT/DitBlock/kernel.cpp:3490->/home/silvenchen/Desktop/DitBlock/WorkDCT/DitBlock/kernel.cpp:3490]   --->   Operation 69 'alloca' 'local_C1_59' <Predicate = true> <Delay = 0.00> <CoreInst = "FIFO_SRL">   --->   Core 81 'FIFO_SRL' <Latency = 0> <II = 1> <Delay = 1.39> <Storage> <Opcode : 'read' 'write' 'nbread' 'nbwrite'> <Ports = 0> <Width = 32> <Depth = 2> <FIFO>
ST_1 : Operation 70 [1/1] (0.00ns)   --->   "%local_C1_60 = alloca i64 1" [/home/silvenchen/Desktop/DitBlock/WorkDCT/DitBlock/kernel.cpp:3490->/home/silvenchen/Desktop/DitBlock/WorkDCT/DitBlock/kernel.cpp:3490->/home/silvenchen/Desktop/DitBlock/WorkDCT/DitBlock/kernel.cpp:3490]   --->   Operation 70 'alloca' 'local_C1_60' <Predicate = true> <Delay = 0.00> <CoreInst = "FIFO_SRL">   --->   Core 81 'FIFO_SRL' <Latency = 0> <II = 1> <Delay = 1.39> <Storage> <Opcode : 'read' 'write' 'nbread' 'nbwrite'> <Ports = 0> <Width = 32> <Depth = 2> <FIFO>
ST_1 : Operation 71 [1/1] (0.00ns)   --->   "%local_C1_61 = alloca i64 1" [/home/silvenchen/Desktop/DitBlock/WorkDCT/DitBlock/kernel.cpp:3490->/home/silvenchen/Desktop/DitBlock/WorkDCT/DitBlock/kernel.cpp:3490->/home/silvenchen/Desktop/DitBlock/WorkDCT/DitBlock/kernel.cpp:3490]   --->   Operation 71 'alloca' 'local_C1_61' <Predicate = true> <Delay = 0.00> <CoreInst = "FIFO_SRL">   --->   Core 81 'FIFO_SRL' <Latency = 0> <II = 1> <Delay = 1.39> <Storage> <Opcode : 'read' 'write' 'nbread' 'nbwrite'> <Ports = 0> <Width = 32> <Depth = 2> <FIFO>
ST_1 : Operation 72 [1/1] (0.00ns)   --->   "%local_C1_62 = alloca i64 1" [/home/silvenchen/Desktop/DitBlock/WorkDCT/DitBlock/kernel.cpp:3490->/home/silvenchen/Desktop/DitBlock/WorkDCT/DitBlock/kernel.cpp:3490->/home/silvenchen/Desktop/DitBlock/WorkDCT/DitBlock/kernel.cpp:3490]   --->   Operation 72 'alloca' 'local_C1_62' <Predicate = true> <Delay = 0.00> <CoreInst = "FIFO_SRL">   --->   Core 81 'FIFO_SRL' <Latency = 0> <II = 1> <Delay = 1.39> <Storage> <Opcode : 'read' 'write' 'nbread' 'nbwrite'> <Ports = 0> <Width = 32> <Depth = 2> <FIFO>
ST_1 : Operation 73 [1/1] (0.00ns)   --->   "%local_C1_63 = alloca i64 1" [/home/silvenchen/Desktop/DitBlock/WorkDCT/DitBlock/kernel.cpp:3490->/home/silvenchen/Desktop/DitBlock/WorkDCT/DitBlock/kernel.cpp:3490->/home/silvenchen/Desktop/DitBlock/WorkDCT/DitBlock/kernel.cpp:3490]   --->   Operation 73 'alloca' 'local_C1_63' <Predicate = true> <Delay = 0.00> <CoreInst = "FIFO_SRL">   --->   Core 81 'FIFO_SRL' <Latency = 0> <II = 1> <Delay = 1.39> <Storage> <Opcode : 'read' 'write' 'nbread' 'nbwrite'> <Ports = 0> <Width = 32> <Depth = 2> <FIFO>
ST_1 : Operation 74 [1/1] (0.00ns)   --->   "%mi1_c_i = alloca i64 1"   --->   Operation 74 'alloca' 'mi1_c_i' <Predicate = true> <Delay = 0.00> <CoreInst = "FIFO_SRL">   --->   Core 81 'FIFO_SRL' <Latency = 0> <II = 1> <Delay = 1.36> <Storage> <Opcode : 'read' 'write' 'nbread' 'nbwrite'> <Ports = 0> <Width = 7> <Depth = 3> <FIFO>
ST_1 : Operation 75 [1/1] (0.00ns)   --->   "%ni1_c_i = alloca i64 1"   --->   Operation 75 'alloca' 'ni1_c_i' <Predicate = true> <Delay = 0.00> <CoreInst = "FIFO_SRL">   --->   Core 81 'FIFO_SRL' <Latency = 0> <II = 1> <Delay = 1.36> <Storage> <Opcode : 'read' 'write' 'nbread' 'nbwrite'> <Ports = 0> <Width = 6> <Depth = 3> <FIFO>
ST_1 : Operation 76 [1/1] (0.00ns)   --->   "%local_B1 = alloca i64 1" [/home/silvenchen/Desktop/DitBlock/WorkDCT/DitBlock/kernel.cpp:3487->/home/silvenchen/Desktop/DitBlock/WorkDCT/DitBlock/kernel.cpp:3490->/home/silvenchen/Desktop/DitBlock/WorkDCT/DitBlock/kernel.cpp:3490]   --->   Operation 76 'alloca' 'local_B1' <Predicate = true> <Delay = 0.00>
ST_1 : Operation 77 [1/1] (0.00ns)   --->   "%local_B1_1 = alloca i64 1" [/home/silvenchen/Desktop/DitBlock/WorkDCT/DitBlock/kernel.cpp:3487->/home/silvenchen/Desktop/DitBlock/WorkDCT/DitBlock/kernel.cpp:3490->/home/silvenchen/Desktop/DitBlock/WorkDCT/DitBlock/kernel.cpp:3490]   --->   Operation 77 'alloca' 'local_B1_1' <Predicate = true> <Delay = 0.00>
ST_1 : Operation 78 [1/1] (0.00ns)   --->   "%local_B1_2 = alloca i64 1" [/home/silvenchen/Desktop/DitBlock/WorkDCT/DitBlock/kernel.cpp:3487->/home/silvenchen/Desktop/DitBlock/WorkDCT/DitBlock/kernel.cpp:3490->/home/silvenchen/Desktop/DitBlock/WorkDCT/DitBlock/kernel.cpp:3490]   --->   Operation 78 'alloca' 'local_B1_2' <Predicate = true> <Delay = 0.00>
ST_1 : Operation 79 [1/1] (0.00ns)   --->   "%local_B1_3 = alloca i64 1" [/home/silvenchen/Desktop/DitBlock/WorkDCT/DitBlock/kernel.cpp:3487->/home/silvenchen/Desktop/DitBlock/WorkDCT/DitBlock/kernel.cpp:3490->/home/silvenchen/Desktop/DitBlock/WorkDCT/DitBlock/kernel.cpp:3490]   --->   Operation 79 'alloca' 'local_B1_3' <Predicate = true> <Delay = 0.00>
ST_1 : Operation 80 [1/1] (0.00ns)   --->   "%local_B1_4 = alloca i64 1" [/home/silvenchen/Desktop/DitBlock/WorkDCT/DitBlock/kernel.cpp:3487->/home/silvenchen/Desktop/DitBlock/WorkDCT/DitBlock/kernel.cpp:3490->/home/silvenchen/Desktop/DitBlock/WorkDCT/DitBlock/kernel.cpp:3490]   --->   Operation 80 'alloca' 'local_B1_4' <Predicate = true> <Delay = 0.00>
ST_1 : Operation 81 [1/1] (0.00ns)   --->   "%local_B1_5 = alloca i64 1" [/home/silvenchen/Desktop/DitBlock/WorkDCT/DitBlock/kernel.cpp:3487->/home/silvenchen/Desktop/DitBlock/WorkDCT/DitBlock/kernel.cpp:3490->/home/silvenchen/Desktop/DitBlock/WorkDCT/DitBlock/kernel.cpp:3490]   --->   Operation 81 'alloca' 'local_B1_5' <Predicate = true> <Delay = 0.00>
ST_1 : Operation 82 [1/1] (0.00ns)   --->   "%local_B1_6 = alloca i64 1" [/home/silvenchen/Desktop/DitBlock/WorkDCT/DitBlock/kernel.cpp:3487->/home/silvenchen/Desktop/DitBlock/WorkDCT/DitBlock/kernel.cpp:3490->/home/silvenchen/Desktop/DitBlock/WorkDCT/DitBlock/kernel.cpp:3490]   --->   Operation 82 'alloca' 'local_B1_6' <Predicate = true> <Delay = 0.00>
ST_1 : Operation 83 [1/1] (0.00ns)   --->   "%local_B1_7 = alloca i64 1" [/home/silvenchen/Desktop/DitBlock/WorkDCT/DitBlock/kernel.cpp:3487->/home/silvenchen/Desktop/DitBlock/WorkDCT/DitBlock/kernel.cpp:3490->/home/silvenchen/Desktop/DitBlock/WorkDCT/DitBlock/kernel.cpp:3490]   --->   Operation 83 'alloca' 'local_B1_7' <Predicate = true> <Delay = 0.00>
ST_1 : Operation 84 [1/1] (0.00ns)   --->   "%local_A1 = alloca i64 1" [/home/silvenchen/Desktop/DitBlock/WorkDCT/DitBlock/kernel.cpp:3484->/home/silvenchen/Desktop/DitBlock/WorkDCT/DitBlock/kernel.cpp:3490->/home/silvenchen/Desktop/DitBlock/WorkDCT/DitBlock/kernel.cpp:3490]   --->   Operation 84 'alloca' 'local_A1' <Predicate = true> <Delay = 0.00>
ST_1 : Operation 85 [1/1] (0.00ns)   --->   "%local_A1_1 = alloca i64 1" [/home/silvenchen/Desktop/DitBlock/WorkDCT/DitBlock/kernel.cpp:3484->/home/silvenchen/Desktop/DitBlock/WorkDCT/DitBlock/kernel.cpp:3490->/home/silvenchen/Desktop/DitBlock/WorkDCT/DitBlock/kernel.cpp:3490]   --->   Operation 85 'alloca' 'local_A1_1' <Predicate = true> <Delay = 0.00>
ST_1 : Operation 86 [1/1] (0.00ns)   --->   "%local_A1_2 = alloca i64 1" [/home/silvenchen/Desktop/DitBlock/WorkDCT/DitBlock/kernel.cpp:3484->/home/silvenchen/Desktop/DitBlock/WorkDCT/DitBlock/kernel.cpp:3490->/home/silvenchen/Desktop/DitBlock/WorkDCT/DitBlock/kernel.cpp:3490]   --->   Operation 86 'alloca' 'local_A1_2' <Predicate = true> <Delay = 0.00>
ST_1 : Operation 87 [1/1] (0.00ns)   --->   "%local_A1_3 = alloca i64 1" [/home/silvenchen/Desktop/DitBlock/WorkDCT/DitBlock/kernel.cpp:3484->/home/silvenchen/Desktop/DitBlock/WorkDCT/DitBlock/kernel.cpp:3490->/home/silvenchen/Desktop/DitBlock/WorkDCT/DitBlock/kernel.cpp:3490]   --->   Operation 87 'alloca' 'local_A1_3' <Predicate = true> <Delay = 0.00>
ST_1 : Operation 88 [1/1] (0.00ns)   --->   "%local_A1_4 = alloca i64 1" [/home/silvenchen/Desktop/DitBlock/WorkDCT/DitBlock/kernel.cpp:3484->/home/silvenchen/Desktop/DitBlock/WorkDCT/DitBlock/kernel.cpp:3490->/home/silvenchen/Desktop/DitBlock/WorkDCT/DitBlock/kernel.cpp:3490]   --->   Operation 88 'alloca' 'local_A1_4' <Predicate = true> <Delay = 0.00>
ST_1 : Operation 89 [1/1] (0.00ns)   --->   "%local_A1_5 = alloca i64 1" [/home/silvenchen/Desktop/DitBlock/WorkDCT/DitBlock/kernel.cpp:3484->/home/silvenchen/Desktop/DitBlock/WorkDCT/DitBlock/kernel.cpp:3490->/home/silvenchen/Desktop/DitBlock/WorkDCT/DitBlock/kernel.cpp:3490]   --->   Operation 89 'alloca' 'local_A1_5' <Predicate = true> <Delay = 0.00>
ST_1 : Operation 90 [1/1] (0.00ns)   --->   "%local_A1_6 = alloca i64 1" [/home/silvenchen/Desktop/DitBlock/WorkDCT/DitBlock/kernel.cpp:3484->/home/silvenchen/Desktop/DitBlock/WorkDCT/DitBlock/kernel.cpp:3490->/home/silvenchen/Desktop/DitBlock/WorkDCT/DitBlock/kernel.cpp:3490]   --->   Operation 90 'alloca' 'local_A1_6' <Predicate = true> <Delay = 0.00>
ST_1 : Operation 91 [1/1] (0.00ns)   --->   "%local_A1_7 = alloca i64 1" [/home/silvenchen/Desktop/DitBlock/WorkDCT/DitBlock/kernel.cpp:3484->/home/silvenchen/Desktop/DitBlock/WorkDCT/DitBlock/kernel.cpp:3490->/home/silvenchen/Desktop/DitBlock/WorkDCT/DitBlock/kernel.cpp:3490]   --->   Operation 91 'alloca' 'local_A1_7' <Predicate = true> <Delay = 0.00>
ST_1 : Operation 92 [2/2] (6.32ns)   --->   "%call_ln0 = call void @dataflow_in_loop_l_ni1_Loop_l_load_A_tile_ak1_proc4426, i32 %local_A1, i32 %local_A1_1, i32 %local_A1_2, i32 %local_A1_3, i32 %local_A1_4, i32 %local_A1_5, i32 %local_A1_6, i32 %local_A1_7, i6 %empty, i7 %mi1_read, i32 %v1931, i6 %ni1_c_i, i7 %mi1_c_i"   --->   Operation 92 'call' 'call_ln0' <Predicate = true> <Delay = 6.32> <CoreType = "Generic">   --->   Core 0 '' <Latency = 0> <II = 1> <Delay = 1.00> <Generic> <Opcode : >
ST_1 : Operation 93 [2/2] (3.39ns)   --->   "%call_ln0 = call void @dataflow_in_loop_l_ni1_Loop_l_load_B_tile_bk1_proc4527, i32 %local_B1, i32 %local_B1_1, i32 %local_B1_2, i32 %local_B1_3, i32 %local_B1_4, i32 %local_B1_5, i32 %local_B1_6, i32 %local_B1_7, i6 %empty, i32 %v1932"   --->   Operation 93 'call' 'call_ln0' <Predicate = true> <Delay = 3.39> <CoreType = "Generic">   --->   Core 0 '' <Latency = 0> <II = 1> <Delay = 1.00> <Generic> <Opcode : >

State 2 <SV = 1> <Delay = 0.00>
ST_2 : Operation 94 [1/2] (0.00ns)   --->   "%call_ln0 = call void @dataflow_in_loop_l_ni1_Loop_l_load_A_tile_ak1_proc4426, i32 %local_A1, i32 %local_A1_1, i32 %local_A1_2, i32 %local_A1_3, i32 %local_A1_4, i32 %local_A1_5, i32 %local_A1_6, i32 %local_A1_7, i6 %empty, i7 %mi1_read, i32 %v1931, i6 %ni1_c_i, i7 %mi1_c_i"   --->   Operation 94 'call' 'call_ln0' <Predicate = true> <Delay = 0.00> <CoreType = "Generic">   --->   Core 0 '' <Latency = 0> <II = 1> <Delay = 1.00> <Generic> <Opcode : >
ST_2 : Operation 95 [1/2] (0.00ns)   --->   "%call_ln0 = call void @dataflow_in_loop_l_ni1_Loop_l_load_B_tile_bk1_proc4527, i32 %local_B1, i32 %local_B1_1, i32 %local_B1_2, i32 %local_B1_3, i32 %local_B1_4, i32 %local_B1_5, i32 %local_B1_6, i32 %local_B1_7, i6 %empty, i32 %v1932"   --->   Operation 95 'call' 'call_ln0' <Predicate = true> <Delay = 0.00> <CoreType = "Generic">   --->   Core 0 '' <Latency = 0> <II = 1> <Delay = 1.00> <Generic> <Opcode : >

State 3 <SV = 2> <Delay = 0.00>
ST_3 : Operation 96 [2/2] (0.00ns)   --->   "%call_ln3515 = call void @systolic_tile_Q46, i32 %local_A1_7, i32 %local_A1_6, i32 %local_A1_5, i32 %local_A1_4, i32 %local_A1_3, i32 %local_A1_2, i32 %local_A1_1, i32 %local_A1, i32 %local_B1_7, i32 %local_B1_6, i32 %local_B1_5, i32 %local_B1_4, i32 %local_B1_3, i32 %local_B1_2, i32 %local_B1_1, i32 %local_B1, i32 %local_C1_63, i32 %local_C1_62, i32 %local_C1_61, i32 %local_C1_60, i32 %local_C1_59, i32 %local_C1_58, i32 %local_C1_57, i32 %local_C1_56, i32 %local_C1_55, i32 %local_C1_54, i32 %local_C1_53, i32 %local_C1_52, i32 %local_C1_51, i32 %local_C1_50, i32 %local_C1_49, i32 %local_C1_48, i32 %local_C1_47, i32 %local_C1_46, i32 %local_C1_45, i32 %local_C1_44, i32 %local_C1_43, i32 %local_C1_42, i32 %local_C1_41, i32 %local_C1_40, i32 %local_C1_39, i32 %local_C1_38, i32 %local_C1_37, i32 %local_C1_36, i32 %local_C1_35, i32 %local_C1_34, i32 %local_C1_33, i32 %local_C1_32, i32 %local_C1_31, i32 %local_C1_30, i32 %local_C1_29, i32 %local_C1_28, i32 %local_C1_27, i32 %local_C1_26, i32 %local_C1_25, i32 %local_C1_24, i32 %local_C1_23, i32 %local_C1_22, i32 %local_C1_21, i32 %local_C1_20, i32 %local_C1_19, i32 %local_C1_18, i32 %local_C1_17, i32 %local_C1_16, i32 %local_C1_15, i32 %local_C1_14, i32 %local_C1_13, i32 %local_C1_12, i32 %local_C1_11, i32 %local_C1_10, i32 %local_C1_9, i32 %local_C1_8, i32 %local_C1_7, i32 %local_C1_6, i32 %local_C1_5, i32 %local_C1_4, i32 %local_C1_3, i32 %local_C1_2, i32 %local_C1_1, i32 %local_C1" [/home/silvenchen/Desktop/DitBlock/WorkDCT/DitBlock/kernel.cpp:3515->/home/silvenchen/Desktop/DitBlock/WorkDCT/DitBlock/kernel.cpp:3490->/home/silvenchen/Desktop/DitBlock/WorkDCT/DitBlock/kernel.cpp:3490]   --->   Operation 96 'call' 'call_ln3515' <Predicate = true> <Delay = 0.00> <CoreType = "Generic">   --->   Core 0 '' <Latency = 0> <II = 1> <Delay = 1.00> <Generic> <Opcode : >

State 4 <SV = 3> <Delay = 0.00>
ST_4 : Operation 97 [1/2] (0.00ns)   --->   "%call_ln3515 = call void @systolic_tile_Q46, i32 %local_A1_7, i32 %local_A1_6, i32 %local_A1_5, i32 %local_A1_4, i32 %local_A1_3, i32 %local_A1_2, i32 %local_A1_1, i32 %local_A1, i32 %local_B1_7, i32 %local_B1_6, i32 %local_B1_5, i32 %local_B1_4, i32 %local_B1_3, i32 %local_B1_2, i32 %local_B1_1, i32 %local_B1, i32 %local_C1_63, i32 %local_C1_62, i32 %local_C1_61, i32 %local_C1_60, i32 %local_C1_59, i32 %local_C1_58, i32 %local_C1_57, i32 %local_C1_56, i32 %local_C1_55, i32 %local_C1_54, i32 %local_C1_53, i32 %local_C1_52, i32 %local_C1_51, i32 %local_C1_50, i32 %local_C1_49, i32 %local_C1_48, i32 %local_C1_47, i32 %local_C1_46, i32 %local_C1_45, i32 %local_C1_44, i32 %local_C1_43, i32 %local_C1_42, i32 %local_C1_41, i32 %local_C1_40, i32 %local_C1_39, i32 %local_C1_38, i32 %local_C1_37, i32 %local_C1_36, i32 %local_C1_35, i32 %local_C1_34, i32 %local_C1_33, i32 %local_C1_32, i32 %local_C1_31, i32 %local_C1_30, i32 %local_C1_29, i32 %local_C1_28, i32 %local_C1_27, i32 %local_C1_26, i32 %local_C1_25, i32 %local_C1_24, i32 %local_C1_23, i32 %local_C1_22, i32 %local_C1_21, i32 %local_C1_20, i32 %local_C1_19, i32 %local_C1_18, i32 %local_C1_17, i32 %local_C1_16, i32 %local_C1_15, i32 %local_C1_14, i32 %local_C1_13, i32 %local_C1_12, i32 %local_C1_11, i32 %local_C1_10, i32 %local_C1_9, i32 %local_C1_8, i32 %local_C1_7, i32 %local_C1_6, i32 %local_C1_5, i32 %local_C1_4, i32 %local_C1_3, i32 %local_C1_2, i32 %local_C1_1, i32 %local_C1" [/home/silvenchen/Desktop/DitBlock/WorkDCT/DitBlock/kernel.cpp:3515->/home/silvenchen/Desktop/DitBlock/WorkDCT/DitBlock/kernel.cpp:3490->/home/silvenchen/Desktop/DitBlock/WorkDCT/DitBlock/kernel.cpp:3490]   --->   Operation 97 'call' 'call_ln3515' <Predicate = true> <Delay = 0.00> <CoreType = "Generic">   --->   Core 0 '' <Latency = 0> <II = 1> <Delay = 1.00> <Generic> <Opcode : >

State 5 <SV = 4> <Delay = 5.62>
ST_5 : Operation 98 [2/2] (5.62ns)   --->   "%call_ln0 = call void @dataflow_in_loop_l_ni1_Loop_l_store_C_tile_sj1_proc47, i6 %ni1_c_i, i32 %local_C1_63, i32 %local_C1_62, i32 %local_C1_61, i32 %local_C1_60, i32 %local_C1_59, i32 %local_C1_58, i32 %local_C1_57, i32 %local_C1_56, i32 %local_C1_55, i32 %local_C1_54, i32 %local_C1_53, i32 %local_C1_52, i32 %local_C1_51, i32 %local_C1_50, i32 %local_C1_49, i32 %local_C1_48, i32 %local_C1_47, i32 %local_C1_46, i32 %local_C1_45, i32 %local_C1_44, i32 %local_C1_43, i32 %local_C1_42, i32 %local_C1_41, i32 %local_C1_40, i32 %local_C1_39, i32 %local_C1_38, i32 %local_C1_37, i32 %local_C1_36, i32 %local_C1_35, i32 %local_C1_34, i32 %local_C1_33, i32 %local_C1_32, i32 %local_C1_31, i32 %local_C1_30, i32 %local_C1_29, i32 %local_C1_28, i32 %local_C1_27, i32 %local_C1_26, i32 %local_C1_25, i32 %local_C1_24, i32 %local_C1_23, i32 %local_C1_22, i32 %local_C1_21, i32 %local_C1_20, i32 %local_C1_19, i32 %local_C1_18, i32 %local_C1_17, i32 %local_C1_16, i32 %local_C1_15, i32 %local_C1_14, i32 %local_C1_13, i32 %local_C1_12, i32 %local_C1_11, i32 %local_C1_10, i32 %local_C1_9, i32 %local_C1_8, i32 %local_C1_7, i32 %local_C1_6, i32 %local_C1_5, i32 %local_C1_4, i32 %local_C1_3, i32 %local_C1_2, i32 %local_C1_1, i32 %local_C1, i7 %mi1_c_i, i32 %v1933"   --->   Operation 98 'call' 'call_ln0' <Predicate = true> <Delay = 5.62> <CoreType = "Generic">   --->   Core 0 '' <Latency = 0> <II = 1> <Delay = 1.00> <Generic> <Opcode : >

State 6 <SV = 5> <Delay = 0.00>
ST_6 : Operation 99 [1/1] (0.00ns)   --->   "%empty_755 = specchannel i32 @_ssdm_op_SpecChannel, void @mi1_c_str, i32 1, void @p_str, void @p_str, i32 3, i32 0, i7 %mi1_c_i, i7 %mi1_c_i"   --->   Operation 99 'specchannel' 'empty_755' <Predicate = true> <Delay = 0.00>
ST_6 : Operation 100 [1/1] (0.00ns)   --->   "%specinterface_ln0 = specinterface void @_ssdm_op_SpecInterface, i7 %mi1_c_i, void @ap_fifo_str, i32 0, i32 0, void @p_str, i32 0, i32 0, void @p_str, void @p_str, void @p_str, i32 2, i32 2, i32 16, i32 16, void @p_str, void @p_str, i32 4294967295, i32 0"   --->   Operation 100 'specinterface' 'specinterface_ln0' <Predicate = true> <Delay = 0.00>
ST_6 : Operation 101 [1/1] (0.00ns)   --->   "%empty_756 = specchannel i32 @_ssdm_op_SpecChannel, void @ni1_c_str, i32 1, void @p_str, void @p_str, i32 3, i32 0, i6 %ni1_c_i, i6 %ni1_c_i"   --->   Operation 101 'specchannel' 'empty_756' <Predicate = true> <Delay = 0.00>
ST_6 : Operation 102 [1/1] (0.00ns)   --->   "%specinterface_ln0 = specinterface void @_ssdm_op_SpecInterface, i6 %ni1_c_i, void @ap_fifo_str, i32 0, i32 0, void @p_str, i32 0, i32 0, void @p_str, void @p_str, void @p_str, i32 2, i32 2, i32 16, i32 16, void @p_str, void @p_str, i32 4294967295, i32 0"   --->   Operation 102 'specinterface' 'specinterface_ln0' <Predicate = true> <Delay = 0.00>
ST_6 : Operation 103 [1/1] (0.00ns)   --->   "%specdataflowpipeline_ln0 = specdataflowpipeline void @_ssdm_op_SpecDataflowPipeline, i32 4294967295, i32 0, void @empty_191"   --->   Operation 103 'specdataflowpipeline' 'specdataflowpipeline_ln0' <Predicate = true> <Delay = 0.00>
ST_6 : Operation 104 [1/1] (0.00ns)   --->   "%specmemcore_ln0 = specmemcore void @_ssdm_op_SpecMemCore, i32 %v1933, i64 666, i64 24, i64 18446744073709551615"   --->   Operation 104 'specmemcore' 'specmemcore_ln0' <Predicate = true> <Delay = 0.00>
ST_6 : Operation 105 [1/1] (0.00ns)   --->   "%specmemcore_ln0 = specmemcore void @_ssdm_op_SpecMemCore, i32 %v1931, i64 666, i64 24, i64 18446744073709551615"   --->   Operation 105 'specmemcore' 'specmemcore_ln0' <Predicate = true> <Delay = 0.00>
ST_6 : Operation 106 [1/2] (0.00ns)   --->   "%call_ln0 = call void @dataflow_in_loop_l_ni1_Loop_l_store_C_tile_sj1_proc47, i6 %ni1_c_i, i32 %local_C1_63, i32 %local_C1_62, i32 %local_C1_61, i32 %local_C1_60, i32 %local_C1_59, i32 %local_C1_58, i32 %local_C1_57, i32 %local_C1_56, i32 %local_C1_55, i32 %local_C1_54, i32 %local_C1_53, i32 %local_C1_52, i32 %local_C1_51, i32 %local_C1_50, i32 %local_C1_49, i32 %local_C1_48, i32 %local_C1_47, i32 %local_C1_46, i32 %local_C1_45, i32 %local_C1_44, i32 %local_C1_43, i32 %local_C1_42, i32 %local_C1_41, i32 %local_C1_40, i32 %local_C1_39, i32 %local_C1_38, i32 %local_C1_37, i32 %local_C1_36, i32 %local_C1_35, i32 %local_C1_34, i32 %local_C1_33, i32 %local_C1_32, i32 %local_C1_31, i32 %local_C1_30, i32 %local_C1_29, i32 %local_C1_28, i32 %local_C1_27, i32 %local_C1_26, i32 %local_C1_25, i32 %local_C1_24, i32 %local_C1_23, i32 %local_C1_22, i32 %local_C1_21, i32 %local_C1_20, i32 %local_C1_19, i32 %local_C1_18, i32 %local_C1_17, i32 %local_C1_16, i32 %local_C1_15, i32 %local_C1_14, i32 %local_C1_13, i32 %local_C1_12, i32 %local_C1_11, i32 %local_C1_10, i32 %local_C1_9, i32 %local_C1_8, i32 %local_C1_7, i32 %local_C1_6, i32 %local_C1_5, i32 %local_C1_4, i32 %local_C1_3, i32 %local_C1_2, i32 %local_C1_1, i32 %local_C1, i7 %mi1_c_i, i32 %v1933"   --->   Operation 106 'call' 'call_ln0' <Predicate = true> <Delay = 0.00> <CoreType = "Generic">   --->   Core 0 '' <Latency = 0> <II = 1> <Delay = 1.00> <Generic> <Opcode : >
ST_6 : Operation 107 [1/1] (0.00ns)   --->   "%ret_ln3490 = ret" [/home/silvenchen/Desktop/DitBlock/WorkDCT/DitBlock/kernel.cpp:3490]   --->   Operation 107 'ret' 'ret_ln3490' <Predicate = true> <Delay = 0.00>


============================================================
+ Verbose Summary: Timing violations
============================================================
Target clock period: 10.000ns, clock uncertainty: 2.700ns.

 <State 1>: 6.327ns
The critical path consists of the following:
	wire read operation ('mi1_read') on port 'mi1' [6]  (0.000 ns)
	'call' operation 0 bit ('call_ln0') to 'dataflow_in_loop_l_ni1_Loop_l_load_A_tile_ak1_proc4426' [98]  (6.327 ns)

 <State 2>: 0.000ns
The critical path consists of the following:

 <State 3>: 0.000ns
The critical path consists of the following:

 <State 4>: 0.000ns
The critical path consists of the following:

 <State 5>: 5.621ns
The critical path consists of the following:
	'call' operation 0 bit ('call_ln0') to 'dataflow_in_loop_l_ni1_Loop_l_store_C_tile_sj1_proc47' [101]  (5.621 ns)

 <State 6>: 0.000ns
The critical path consists of the following:


============================================================
+ Verbose Summary: Binding
============================================================
N/A
* FSMD analyzer results:
  - Output states:
 - Input state : 
  - Chain level:
	State 1
	State 2
	State 3
	State 4
	State 5
	State 6


============================================================
+ Verbose Summary: Datapath Resource usage 
============================================================
N/A
