

================================================================
== Vitis HLS Report for 'dataflow_parent_loop_proc42'
================================================================
* Date:           Mon Feb 17 20:36:48 2025

* Version:        2023.2 (Build 4023990 on Oct 11 2023)
* Project:        DitBlock
* Solution:       hls (Vivado IP Flow Target)
* Product family: virtexuplusHBM
* Target device:  xcu280-fsvh2892-2L-e


================================================================
== Performance Estimates
================================================================
+ Timing: 
    * Summary: 
    +--------+----------+----------+------------+
    |  Clock |  Target  | Estimated| Uncertainty|
    +--------+----------+----------+------------+
    |ap_clk  |  10.00 ns|  6.536 ns|     2.70 ns|
    +--------+----------+----------+------------+

+ Latency: 
    * Summary: 
    +---------+---------+----------+----------+-------+-------+---------+
    |  Latency (cycles) |  Latency (absolute) |    Interval   | Pipeline|
    |   min   |   max   |    min   |    max   |  min  |  max  |   Type  |
    +---------+---------+----------+----------+-------+-------+---------+
    |    66266|    66266|  0.663 ms|  0.663 ms|  66266|  66266|       no|
    +---------+---------+----------+----------+-------+-------+---------+

    + Detail: 
        * Instance: 
        N/A

        * Loop: 
        +----------+---------+---------+----------+-----------+-----------+------+----------+
        |          |  Latency (cycles) | Iteration|  Initiation Interval  | Trip |          |
        | Loop Name|   min   |   max   |  Latency |  achieved |   target  | Count| Pipelined|
        +----------+---------+---------+----------+-----------+-----------+------+----------+
        |- l_ni4   |    66265|    66265|       734|          -|          -|   128|        no|
        +----------+---------+---------+----------+-----------+-----------+------+----------+

============================================================
+ Verbose Summary: Synthesis Manager
============================================================
InlineROM: 1
ExposeGlobal: 0
============================================================
+ Verbose Summary: CDFG Model
============================================================
IsTopModel: 0
ResetActiveHigh: 1
IsCombinational: 2
IsDatapathOnly: 0
HasWiredReturn: 1
HasMFsm: 0
HasVarLatency: 1
IsPipeline: 0
IsRtlPipelined: 0
IsInstanceOverlapped: 0
IsDontTouch: 0
HasImplIP: 0
IsGatedGlobalClock: 0


============================================================
+ Verbose Summary: Schedule
============================================================
* Number of FSM states : 3
* Pipeline : 0
* Dataflow Pipeline: 1
  DF-Pipeline-0: Size = 2, States = { 2 3 }

* FSM state transitions: 
1 --> 2 
2 --> 3 
3 --> 2 

* FSM state operations: 

State 1 <SV = 0> <Delay = 0.38>
ST_1 : Operation 4 [1/1] (0.00ns)   --->   "%mi4_read = read i8 @_ssdm_op_Read.ap_auto.i8, i8 %mi4"   --->   Operation 4 'read' 'mi4_read' <Predicate = true> <Delay = 0.00>
ST_1 : Operation 5 [1/1] (0.00ns)   --->   "%empty = trunc i8 %mi4_read"   --->   Operation 5 'trunc' 'empty' <Predicate = true> <Delay = 0.00>
ST_1 : Operation 6 [1/1] (0.00ns)   --->   "%specmemcore_ln0 = specmemcore void @_ssdm_op_SpecMemCore, i32 %v6884, i64 666, i64 24, i64 18446744073709551615"   --->   Operation 6 'specmemcore' 'specmemcore_ln0' <Predicate = true> <Delay = 0.00>
ST_1 : Operation 7 [1/1] (0.38ns)   --->   "%br_ln0 = br void %for.cond1"   --->   Operation 7 'br' 'br_ln0' <Predicate = true> <Delay = 0.38>

State 2 <SV = 1> <Delay = 5.59>
ST_2 : Operation 8 [1/1] (0.00ns)   --->   "%ni4 = phi i8 %add_ln12474, void %codeRepl, i8 0, void %newFuncRoot" [/home/silvenchen/Desktop/DitBlock/WorkDCT/DitBlock/kernel.cpp:12474]   --->   Operation 8 'phi' 'ni4' <Predicate = true> <Delay = 0.00>
ST_2 : Operation 9 [1/1] (0.70ns)   --->   "%icmp_ln12474 = icmp_eq  i8 %ni4, i8 128" [/home/silvenchen/Desktop/DitBlock/WorkDCT/DitBlock/kernel.cpp:12474]   --->   Operation 9 'icmp' 'icmp_ln12474' <Predicate = true> <Delay = 0.70> <CoreInst = "Cmp">   --->   Core 9 'Cmp' <Latency = 0> <II = 1> <Delay = 0.70> <FuncUnit> <Opcode : 'icmp'> <InPorts = 2> <OutPorts = 1>
ST_2 : Operation 10 [1/1] (0.70ns)   --->   "%add_ln12474 = add i8 %ni4, i8 1" [/home/silvenchen/Desktop/DitBlock/WorkDCT/DitBlock/kernel.cpp:12474]   --->   Operation 10 'add' 'add_ln12474' <Predicate = true> <Delay = 0.70> <CoreInst = "Adder">   --->   Core 1 'Adder' <Latency = 0> <II = 1> <Delay = 0.70> <FuncUnit> <Opcode : 'add' 'sub'> <InPorts = 2> <OutPorts = 1>
ST_2 : Operation 11 [1/1] (0.00ns)   --->   "%specdataflowpipeline_ln12474 = specdataflowpipeline void @_ssdm_op_SpecDataflowPipeline, i32 4294967295, i32 0, void @dataflow_parent_loop_str, i8 %ni4, i8 128, i32 0" [/home/silvenchen/Desktop/DitBlock/WorkDCT/DitBlock/kernel.cpp:12474]   --->   Operation 11 'specdataflowpipeline' 'specdataflowpipeline_ln12474' <Predicate = true> <Delay = 0.00>
ST_2 : Operation 12 [1/1] (0.00ns)   --->   "%br_ln12474 = br i1 %icmp_ln12474, void %codeRepl, void %for.inc77.exitStub" [/home/silvenchen/Desktop/DitBlock/WorkDCT/DitBlock/kernel.cpp:12474]   --->   Operation 12 'br' 'br_ln12474' <Predicate = true> <Delay = 0.00>
ST_2 : Operation 13 [2/2] (4.89ns)   --->   "%call_ln12469 = call void @dataflow_in_loop_l_ni4, i8 %ni4, i7 %empty, i32 %v6884, i32 %v6883, i32 %v6882" [/home/silvenchen/Desktop/DitBlock/WorkDCT/DitBlock/kernel.cpp:12469]   --->   Operation 13 'call' 'call_ln12469' <Predicate = (!icmp_ln12474)> <Delay = 4.89> <CoreType = "Generic">   --->   Core 0 '' <Latency = 0> <II = 1> <Delay = 1.00> <Generic> <Opcode : >
ST_2 : Operation 14 [1/1] (0.00ns)   --->   "%ret_ln0 = ret"   --->   Operation 14 'ret' 'ret_ln0' <Predicate = (icmp_ln12474)> <Delay = 0.00>

State 3 <SV = 2> <Delay = 0.00>
ST_3 : Operation 15 [1/1] (0.00ns)   --->   "%speclooptripcount_ln12469 = speclooptripcount void @_ssdm_op_SpecLoopTripCount, i64 128, i64 128, i64 128" [/home/silvenchen/Desktop/DitBlock/WorkDCT/DitBlock/kernel.cpp:12469]   --->   Operation 15 'speclooptripcount' 'speclooptripcount_ln12469' <Predicate = (!icmp_ln12474)> <Delay = 0.00>
ST_3 : Operation 16 [1/1] (0.00ns)   --->   "%specloopname_ln12474 = specloopname void @_ssdm_op_SpecLoopName, void @empty_181" [/home/silvenchen/Desktop/DitBlock/WorkDCT/DitBlock/kernel.cpp:12474]   --->   Operation 16 'specloopname' 'specloopname_ln12474' <Predicate = (!icmp_ln12474)> <Delay = 0.00>
ST_3 : Operation 17 [1/2] (0.00ns)   --->   "%call_ln12469 = call void @dataflow_in_loop_l_ni4, i8 %ni4, i7 %empty, i32 %v6884, i32 %v6883, i32 %v6882" [/home/silvenchen/Desktop/DitBlock/WorkDCT/DitBlock/kernel.cpp:12469]   --->   Operation 17 'call' 'call_ln12469' <Predicate = (!icmp_ln12474)> <Delay = 0.00> <CoreType = "Generic">   --->   Core 0 '' <Latency = 0> <II = 1> <Delay = 1.00> <Generic> <Opcode : >
ST_3 : Operation 18 [1/1] (0.00ns)   --->   "%br_ln12474 = br void %for.cond1" [/home/silvenchen/Desktop/DitBlock/WorkDCT/DitBlock/kernel.cpp:12474]   --->   Operation 18 'br' 'br_ln12474' <Predicate = (!icmp_ln12474)> <Delay = 0.00>


============================================================
+ Verbose Summary: Timing violations
============================================================
Target clock period: 10.000ns, clock uncertainty: 2.700ns.

 <State 1>: 0.387ns
The critical path consists of the following:
	multiplexor before 'phi' operation 8 bit ('ni4', /home/silvenchen/Desktop/DitBlock/WorkDCT/DitBlock/kernel.cpp:12474) with incoming values : ('add_ln12474', /home/silvenchen/Desktop/DitBlock/WorkDCT/DitBlock/kernel.cpp:12474) [10]  (0.387 ns)

 <State 2>: 5.598ns
The critical path consists of the following:
	'phi' operation 8 bit ('ni4', /home/silvenchen/Desktop/DitBlock/WorkDCT/DitBlock/kernel.cpp:12474) with incoming values : ('add_ln12474', /home/silvenchen/Desktop/DitBlock/WorkDCT/DitBlock/kernel.cpp:12474) [10]  (0.000 ns)
	'icmp' operation 1 bit ('icmp_ln12474', /home/silvenchen/Desktop/DitBlock/WorkDCT/DitBlock/kernel.cpp:12474) [11]  (0.705 ns)
	'call' operation 0 bit ('call_ln12469', /home/silvenchen/Desktop/DitBlock/WorkDCT/DitBlock/kernel.cpp:12469) to 'dataflow_in_loop_l_ni4' [18]  (4.893 ns)

 <State 3>: 0.000ns
The critical path consists of the following:


============================================================
+ Verbose Summary: Binding
============================================================
N/A
* FSMD analyzer results:
  - Output states:
 - Input state : 
  - Chain level:
	State 1
	State 2
	State 3


============================================================
+ Verbose Summary: Datapath Resource usage 
============================================================
N/A
