

================================================================
== Vitis HLS Report for 'exp_generic_double_s'
================================================================
* Date:           Mon Feb 17 20:37:28 2025

* Version:        2023.2 (Build 4023990 on Oct 11 2023)
* Project:        DitBlock
* Solution:       hls (Vivado IP Flow Target)
* Product family: virtexuplusHBM
* Target device:  xcu280-fsvh2892-2L-e


================================================================
== Performance Estimates
================================================================
+ Timing: 
    * Summary: 
    +--------+----------+----------+------------+
    |  Clock |  Target  | Estimated| Uncertainty|
    +--------+----------+----------+------------+
    |ap_clk  |  10.00 ns|  6.995 ns|     2.70 ns|
    +--------+----------+----------+------------+

+ Latency: 
    * Summary: 
    +---------+---------+-----------+-----------+-----+-----+---------+
    |  Latency (cycles) |   Latency (absolute)  |  Interval | Pipeline|
    |   min   |   max   |    min    |    max    | min | max |   Type  |
    +---------+---------+-----------+-----------+-----+-----+---------+
    |        7|        7|  70.000 ns|  70.000 ns|    1|    1|      yes|
    +---------+---------+-----------+-----------+-----+-----+---------+

    + Detail: 
        * Instance: 
        N/A

        * Loop: 
        N/A

============================================================
+ Verbose Summary: Synthesis Manager
============================================================
InlineROM: 1
ExposeGlobal: 0
============================================================
+ Verbose Summary: CDFG Model
============================================================
IsTopModel: 0
ResetActiveHigh: 1
IsCombinational: 0
IsDatapathOnly: 0
HasWiredReturn: 1
HasMFsm: 2
HasVarLatency: 0
IsPipeline: 1
IsRtlPipelined: 1
IsInstanceOverlapped: 0
IsDontTouch: 0
HasImplIP: 0
IsGatedGlobalClock: 0

+ Individual pipeline summary: 
  * Pipeline-0: initiation interval (II) = 1, depth = 8


============================================================
+ Verbose Summary: Schedule
============================================================
* Number of FSM states : 8
* Pipeline : 1
  Pipeline-0 : II = 1, D = 8, States = { 1 2 3 4 5 6 7 8 }
* Dataflow Pipeline: 0

* FSM state transitions: 
1 --> 2 
2 --> 3 
3 --> 4 
4 --> 5 
5 --> 6 
6 --> 7 
7 --> 8 
8 --> 

* FSM state operations: 

State 1 <SV = 0> <Delay = 5.02>
ST_1 : Operation 9 [1/1] (0.00ns)   --->   "%x_read = read i64 @_ssdm_op_Read.ap_auto.double, i64 %x" [/wrk/ci/prod/2023.2/hls_product/continuous/689/2023.2/src/shared/hls/clib/hlsmath/include/FloatingPoint/hls_exp_.h:156]   --->   Operation 9 'read' 'x_read' <Predicate = true> <Delay = 0.00>
ST_1 : Operation 10 [1/1] (0.00ns)   --->   "%data = bitcast i64 %x_read" [/wrk/ci/prod/2023.2/hls_product/continuous/689/2023.2/src/shared/hls/clib/src/hls/utils/x_hls_utils.h:459->/wrk/ci/prod/2023.2/hls_product/continuous/689/2023.2/src/shared/hls/clib/hlsmath/include/FloatingPoint/hls_exp_.h:160]   --->   Operation 10 'bitcast' 'data' <Predicate = true> <Delay = 0.00>
ST_1 : Operation 11 [1/1] (0.00ns)   --->   "%es_sign = bitselect i1 @_ssdm_op_BitSelect.i1.i64.i32, i64 %data, i32 63" [/wrk/ci/prod/2023.2/hls_product/continuous/689/2023.2/src/shared/hls/clib/src/hls/utils/x_hls_utils.h:460->/wrk/ci/prod/2023.2/hls_product/continuous/689/2023.2/src/shared/hls/clib/hlsmath/include/FloatingPoint/hls_exp_.h:160]   --->   Operation 11 'bitselect' 'es_sign' <Predicate = true> <Delay = 0.00>
ST_1 : Operation 12 [1/1] (0.00ns)   --->   "%es_exp = partselect i11 @_ssdm_op_PartSelect.i11.i64.i32.i32, i64 %data, i32 52, i32 62" [/wrk/ci/prod/2023.2/hls_product/continuous/689/2023.2/src/shared/hls/clib/src/hls/utils/x_hls_utils.h:461->/wrk/ci/prod/2023.2/hls_product/continuous/689/2023.2/src/shared/hls/clib/hlsmath/include/FloatingPoint/hls_exp_.h:160]   --->   Operation 12 'partselect' 'es_exp' <Predicate = true> <Delay = 0.00>
ST_1 : Operation 13 [1/1] (0.00ns)   --->   "%es_sig = trunc i64 %data" [/wrk/ci/prod/2023.2/hls_product/continuous/689/2023.2/src/shared/hls/clib/src/hls/utils/x_hls_utils.h:462->/wrk/ci/prod/2023.2/hls_product/continuous/689/2023.2/src/shared/hls/clib/hlsmath/include/FloatingPoint/hls_exp_.h:160]   --->   Operation 13 'trunc' 'es_sig' <Predicate = true> <Delay = 0.00>
ST_1 : Operation 14 [1/1] (0.73ns)   --->   "%icmp_ln18 = icmp_eq  i11 %es_exp, i11 2047" [/wrk/ci/prod/2023.2/hls_product/continuous/689/2023.2/src/shared/hls/clib/hlsmath/include/FloatingPoint/hls_isnan.h:18->/wrk/ci/prod/2023.2/hls_product/continuous/689/2023.2/src/shared/hls/clib/hlsmath/include/FloatingPoint/hls_exp_.h:180]   --->   Operation 14 'icmp' 'icmp_ln18' <Predicate = true> <Delay = 0.73> <CoreInst = "Cmp">   --->   Core 9 'Cmp' <Latency = 0> <II = 1> <Delay = 0.73> <FuncUnit> <Opcode : 'icmp'> <InPorts = 2> <OutPorts = 1>
ST_1 : Operation 15 [1/1] (0.98ns)   --->   "%icmp_ln18_1 = icmp_eq  i52 %es_sig, i52 0" [/wrk/ci/prod/2023.2/hls_product/continuous/689/2023.2/src/shared/hls/clib/hlsmath/include/FloatingPoint/hls_isinf.h:18->/wrk/ci/prod/2023.2/hls_product/continuous/689/2023.2/src/shared/hls/clib/hlsmath/include/FloatingPoint/hls_exp_.h:181]   --->   Operation 15 'icmp' 'icmp_ln18_1' <Predicate = true> <Delay = 0.98> <CoreInst = "Cmp">   --->   Core 9 'Cmp' <Latency = 0> <II = 1> <Delay = 0.98> <FuncUnit> <Opcode : 'icmp'> <InPorts = 2> <OutPorts = 1>
ST_1 : Operation 16 [1/1] (0.00ns)   --->   "%zext_ln486 = zext i11 %es_exp" [/wrk/ci/prod/2023.2/hls_product/continuous/689/2023.2/src/shared/hls/clib/src/hls/utils/x_hls_utils.h:486->/wrk/ci/prod/2023.2/hls_product/continuous/689/2023.2/src/shared/hls/clib/hlsmath/include/FloatingPoint/hls_exp_.h:208]   --->   Operation 16 'zext' 'zext_ln486' <Predicate = true> <Delay = 0.00>
ST_1 : Operation 17 [1/1] (0.73ns)   --->   "%m_exp = add i12 %zext_ln486, i12 3073" [/wrk/ci/prod/2023.2/hls_product/continuous/689/2023.2/src/shared/hls/clib/src/hls/utils/x_hls_utils.h:486->/wrk/ci/prod/2023.2/hls_product/continuous/689/2023.2/src/shared/hls/clib/hlsmath/include/FloatingPoint/hls_exp_.h:208]   --->   Operation 17 'add' 'm_exp' <Predicate = true> <Delay = 0.73> <CoreInst = "Adder">   --->   Core 1 'Adder' <Latency = 0> <II = 1> <Delay = 0.73> <FuncUnit> <Opcode : 'add' 'sub'> <InPorts = 2> <OutPorts = 1>
ST_1 : Operation 18 [1/1] (0.00ns)   --->   "%e_frac = bitconcatenate i53 @_ssdm_op_BitConcatenate.i53.i1.i52, i1 1, i52 %es_sig" [/wrk/ci/prod/2023.2/hls_product/continuous/689/2023.2/src/shared/hls/clib/hlsmath/include/FloatingPoint/hls_exp_.h:221]   --->   Operation 18 'bitconcatenate' 'e_frac' <Predicate = true> <Delay = 0.00>
ST_1 : Operation 19 [1/1] (0.00ns)   --->   "%zext_ln221 = zext i53 %e_frac" [/wrk/ci/prod/2023.2/hls_product/continuous/689/2023.2/src/shared/hls/clib/hlsmath/include/FloatingPoint/hls_exp_.h:221]   --->   Operation 19 'zext' 'zext_ln221' <Predicate = true> <Delay = 0.00>
ST_1 : Operation 20 [1/1] (0.99ns)   --->   "%e_frac_1 = sub i54 0, i54 %zext_ln221" [/wrk/ci/prod/2023.2/hls_product/continuous/689/2023.2/src/shared/hls/clib/hlsmath/include/FloatingPoint/hls_exp_.h:224]   --->   Operation 20 'sub' 'e_frac_1' <Predicate = true> <Delay = 0.99> <CoreInst = "Adder">   --->   Core 1 'Adder' <Latency = 0> <II = 1> <Delay = 0.99> <FuncUnit> <Opcode : 'add' 'sub'> <InPorts = 2> <OutPorts = 1>
ST_1 : Operation 21 [1/1] (0.26ns)   --->   "%select_ln224 = select i1 %es_sign, i54 %e_frac_1, i54 %zext_ln221" [/wrk/ci/prod/2023.2/hls_product/continuous/689/2023.2/src/shared/hls/clib/hlsmath/include/FloatingPoint/hls_exp_.h:224]   --->   Operation 21 'select' 'select_ln224' <Predicate = true> <Delay = 0.26> <CoreInst = "Sel">   --->   Core 73 'Sel' <Latency = 0> <II = 1> <Delay = 0.26> <FuncUnit> <Opcode : 'select'> <InPorts = 3> <OutPorts = 1>
ST_1 : Operation 22 [1/1] (0.00ns)   --->   "%m_frac_l = bitconcatenate i61 @_ssdm_op_BitConcatenate.i61.i54.i7, i54 %select_ln224, i7 0" [/wrk/ci/prod/2023.2/hls_product/continuous/689/2023.2/src/shared/hls/clib/hlsmath/include/FloatingPoint/hls_exp_.h:227]   --->   Operation 22 'bitconcatenate' 'm_frac_l' <Predicate = true> <Delay = 0.00>
ST_1 : Operation 23 [1/1] (0.00ns)   --->   "%sext_ln227 = sext i61 %m_frac_l" [/wrk/ci/prod/2023.2/hls_product/continuous/689/2023.2/src/shared/hls/clib/hlsmath/include/FloatingPoint/hls_exp_.h:227]   --->   Operation 23 'sext' 'sext_ln227' <Predicate = true> <Delay = 0.00>
ST_1 : Operation 24 [1/1] (0.00ns)   --->   "%tmp = bitselect i1 @_ssdm_op_BitSelect.i1.i12.i32, i12 %m_exp, i32 11" [/wrk/ci/prod/2023.2/hls_product/continuous/689/2023.2/src/shared/hls/clib/hlsmath/include/FloatingPoint/hls_exp_.h:229]   --->   Operation 24 'bitselect' 'tmp' <Predicate = true> <Delay = 0.00>
ST_1 : Operation 25 [1/1] (0.73ns)   --->   "%sub_ln229 = sub i11 1023, i11 %es_exp" [/wrk/ci/prod/2023.2/hls_product/continuous/689/2023.2/src/shared/hls/clib/hlsmath/include/FloatingPoint/hls_exp_.h:229]   --->   Operation 25 'sub' 'sub_ln229' <Predicate = true> <Delay = 0.73> <CoreInst = "Adder">   --->   Core 1 'Adder' <Latency = 0> <II = 1> <Delay = 0.73> <FuncUnit> <Opcode : 'add' 'sub'> <InPorts = 2> <OutPorts = 1>
ST_1 : Operation 26 [1/1] (0.00ns)   --->   "%sext_ln229 = sext i11 %sub_ln229" [/wrk/ci/prod/2023.2/hls_product/continuous/689/2023.2/src/shared/hls/clib/hlsmath/include/FloatingPoint/hls_exp_.h:229]   --->   Operation 26 'sext' 'sext_ln229' <Predicate = true> <Delay = 0.00>
ST_1 : Operation 27 [1/1] (0.29ns)   --->   "%select_ln229 = select i1 %tmp, i12 %sext_ln229, i12 %m_exp" [/wrk/ci/prod/2023.2/hls_product/continuous/689/2023.2/src/shared/hls/clib/hlsmath/include/FloatingPoint/hls_exp_.h:229]   --->   Operation 27 'select' 'select_ln229' <Predicate = true> <Delay = 0.29> <CoreInst = "Sel">   --->   Core 73 'Sel' <Latency = 0> <II = 1> <Delay = 0.29> <FuncUnit> <Opcode : 'select'> <InPorts = 3> <OutPorts = 1>
ST_1 : Operation 28 [1/1] (0.00ns)   --->   "%sext_ln229_1 = sext i12 %select_ln229" [/wrk/ci/prod/2023.2/hls_product/continuous/689/2023.2/src/shared/hls/clib/hlsmath/include/FloatingPoint/hls_exp_.h:229]   --->   Operation 28 'sext' 'sext_ln229_1' <Predicate = true> <Delay = 0.00>
ST_1 : Operation 29 [1/1] (0.00ns)   --->   "%zext_ln229 = zext i32 %sext_ln229_1" [/wrk/ci/prod/2023.2/hls_product/continuous/689/2023.2/src/shared/hls/clib/hlsmath/include/FloatingPoint/hls_exp_.h:229]   --->   Operation 29 'zext' 'zext_ln229' <Predicate = true> <Delay = 0.00>
ST_1 : Operation 30 [1/1] (1.10ns)   --->   "%ashr_ln229 = ashr i71 %sext_ln227, i71 %zext_ln229" [/wrk/ci/prod/2023.2/hls_product/continuous/689/2023.2/src/shared/hls/clib/hlsmath/include/FloatingPoint/hls_exp_.h:229]   --->   Operation 30 'ashr' 'ashr_ln229' <Predicate = true> <Delay = 1.10> <CoreInst = "Shifter">   --->   Core 75 'Shifter' <Latency = 0> <II = 1> <Delay = 1.10> <FuncUnit> <Opcode : 'shl' 'lshr' 'ashr'> <InPorts = 2> <OutPorts = 1>
ST_1 : Operation 31 [1/1] (1.10ns)   --->   "%shl_ln229 = shl i71 %sext_ln227, i71 %zext_ln229" [/wrk/ci/prod/2023.2/hls_product/continuous/689/2023.2/src/shared/hls/clib/hlsmath/include/FloatingPoint/hls_exp_.h:229]   --->   Operation 31 'shl' 'shl_ln229' <Predicate = true> <Delay = 1.10> <CoreInst = "Shifter">   --->   Core 75 'Shifter' <Latency = 0> <II = 1> <Delay = 1.10> <FuncUnit> <Opcode : 'shl' 'lshr' 'ashr'> <InPorts = 2> <OutPorts = 1>
ST_1 : Operation 32 [1/1] (0.37ns)   --->   "%m_fix = select i1 %tmp, i71 %ashr_ln229, i71 %shl_ln229" [/wrk/ci/prod/2023.2/hls_product/continuous/689/2023.2/src/shared/hls/clib/hlsmath/include/FloatingPoint/hls_exp_.h:229]   --->   Operation 32 'select' 'm_fix' <Predicate = true> <Delay = 0.37> <CoreInst = "Sel">   --->   Core 73 'Sel' <Latency = 0> <II = 1> <Delay = 0.37> <FuncUnit> <Opcode : 'select'> <InPorts = 3> <OutPorts = 1>
ST_1 : Operation 33 [1/1] (0.00ns)   --->   "%m_fix_l = partselect i64 @_ssdm_op_PartSelect.i64.i71.i32.i32, i71 %m_fix, i32 7, i32 70" [/wrk/ci/prod/2023.2/hls_product/continuous/689/2023.2/src/shared/hls/clib/hlsmath/include/FloatingPoint/hls_exp_.h:229]   --->   Operation 33 'partselect' 'm_fix_l' <Predicate = true> <Delay = 0.00>
ST_1 : Operation 34 [1/1] (0.00ns)   --->   "%zext_ln230 = zext i32 %sext_ln229_1" [/wrk/ci/prod/2023.2/hls_product/continuous/689/2023.2/src/shared/hls/clib/hlsmath/include/FloatingPoint/hls_exp_.h:230]   --->   Operation 34 'zext' 'zext_ln230' <Predicate = true> <Delay = 0.00>
ST_1 : Operation 35 [1/1] (1.09ns)   --->   "%shl_ln230 = shl i64 %m_fix_l, i64 %zext_ln230" [/wrk/ci/prod/2023.2/hls_product/continuous/689/2023.2/src/shared/hls/clib/hlsmath/include/FloatingPoint/hls_exp_.h:230]   --->   Operation 35 'shl' 'shl_ln230' <Predicate = true> <Delay = 1.09> <CoreInst = "Shifter">   --->   Core 75 'Shifter' <Latency = 0> <II = 1> <Delay = 1.09> <FuncUnit> <Opcode : 'shl' 'lshr' 'ashr'> <InPorts = 2> <OutPorts = 1>
ST_1 : Operation 36 [1/1] (1.09ns)   --->   "%ashr_ln230 = ashr i64 %m_fix_l, i64 %zext_ln230" [/wrk/ci/prod/2023.2/hls_product/continuous/689/2023.2/src/shared/hls/clib/hlsmath/include/FloatingPoint/hls_exp_.h:230]   --->   Operation 36 'ashr' 'ashr_ln230' <Predicate = true> <Delay = 1.09> <CoreInst = "Shifter">   --->   Core 75 'Shifter' <Latency = 0> <II = 1> <Delay = 1.09> <FuncUnit> <Opcode : 'shl' 'lshr' 'ashr'> <InPorts = 2> <OutPorts = 1>
ST_1 : Operation 37 [1/1] (0.00ns)   --->   "%m_fix_hi = partselect i16 @_ssdm_op_PartSelect.i16.i71.i32.i32, i71 %m_fix, i32 55, i32 70" [/wrk/ci/prod/2023.2/hls_product/continuous/689/2023.2/src/shared/hls/clib/hlsmath/include/FloatingPoint/hls_exp_.h:235]   --->   Operation 37 'partselect' 'm_fix_hi' <Predicate = true> <Delay = 0.00>
ST_1 : Operation 38 [1/1] (0.00ns)   --->   "%tmp_27 = bitselect i1 @_ssdm_op_BitSelect.i1.i71.i32, i71 %m_fix, i32 70" [/wrk/ci/prod/2023.2/hls_product/continuous/689/2023.2/src/shared/hls/clib/hlsmath/include/FloatingPoint/hls_exp_.h:240]   --->   Operation 38 'bitselect' 'tmp_27' <Predicate = true> <Delay = 0.00>
ST_1 : Operation 39 [1/1] (0.00ns)   --->   "%sext_ln243 = sext i16 %m_fix_hi" [/wrk/ci/prod/2023.2/hls_product/continuous/689/2023.2/src/shared/hls/clib/hlsmath/include/FloatingPoint/hls_exp_.h:243]   --->   Operation 39 'sext' 'sext_ln243' <Predicate = true> <Delay = 0.00>
ST_1 : Operation 40 [3/3] (0.99ns) (grouped into DSP with root node add_ln243)   --->   "%mul_ln243 = mul i31 %sext_ln243, i31 23637" [/wrk/ci/prod/2023.2/hls_product/continuous/689/2023.2/src/shared/hls/clib/hlsmath/include/FloatingPoint/hls_exp_.h:243]   --->   Operation 40 'mul' 'mul_ln243' <Predicate = true> <Delay = 0.99> <CoreInst = "DSP48">   --->   Core 127 'DSP48' <Latency = 3> <II = 1> <Delay = 0.53> <IPBlock> <Opcode : '' 'add' 'sub' 'mul' 'select'> <InPorts = 0> <OutPorts = 1> <Sync> <CReg>
ST_1 : Operation 41 [1/1] (0.00ns)   --->   "%trunc_ln255 = trunc i71 %m_fix" [/wrk/ci/prod/2023.2/hls_product/continuous/689/2023.2/src/shared/hls/clib/hlsmath/include/FloatingPoint/hls_exp_.h:255]   --->   Operation 41 'trunc' 'trunc_ln255' <Predicate = true> <Delay = 0.00>
ST_1 : Operation 42 [1/1] (0.74ns)   --->   "%icmp_ln309 = icmp_sgt  i12 %m_exp, i12 0" [/wrk/ci/prod/2023.2/hls_product/continuous/689/2023.2/src/shared/hls/clib/hlsmath/include/FloatingPoint/hls_exp_.h:309]   --->   Operation 42 'icmp' 'icmp_ln309' <Predicate = true> <Delay = 0.74> <CoreInst = "Cmp">   --->   Core 9 'Cmp' <Latency = 0> <II = 1> <Delay = 0.74> <FuncUnit> <Opcode : 'icmp'> <InPorts = 2> <OutPorts = 1>
ST_1 : Operation 43 [1/1] (0.00ns) (grouped into LUT with out node icmp_ln309_2)   --->   "%select_ln230 = select i1 %tmp, i64 %shl_ln230, i64 %ashr_ln230" [/wrk/ci/prod/2023.2/hls_product/continuous/689/2023.2/src/shared/hls/clib/hlsmath/include/FloatingPoint/hls_exp_.h:230]   --->   Operation 43 'select' 'select_ln230' <Predicate = true> <Delay = 0.00> <CoreInst = "Sel">   --->   Core 73 'Sel' <Latency = 0> <II = 1> <Delay = 0.41> <FuncUnit> <Opcode : 'select'> <InPorts = 3> <OutPorts = 1>
ST_1 : Operation 44 [1/1] (0.00ns) (grouped into LUT with out node icmp_ln309_2)   --->   "%shl_ln6 = bitconcatenate i71 @_ssdm_op_BitConcatenate.i71.i64.i7, i64 %select_ln230, i7 0" [/wrk/ci/prod/2023.2/hls_product/continuous/689/2023.2/src/shared/hls/clib/hlsmath/include/FloatingPoint/hls_exp_.h:309]   --->   Operation 44 'bitconcatenate' 'shl_ln6' <Predicate = true> <Delay = 0.00>
ST_1 : Operation 45 [1/1] (1.18ns) (out node of the LUT)   --->   "%icmp_ln309_2 = icmp_ne  i71 %shl_ln6, i71 %sext_ln227" [/wrk/ci/prod/2023.2/hls_product/continuous/689/2023.2/src/shared/hls/clib/hlsmath/include/FloatingPoint/hls_exp_.h:309]   --->   Operation 45 'icmp' 'icmp_ln309_2' <Predicate = true> <Delay = 1.18> <CoreInst = "Cmp">   --->   Core 9 'Cmp' <Latency = 0> <II = 1> <Delay = 1.18> <FuncUnit> <Opcode : 'icmp'> <InPorts = 2> <OutPorts = 1>

State 2 <SV = 1> <Delay = 0.99>
ST_2 : Operation 46 [2/3] (0.99ns) (grouped into DSP with root node add_ln243)   --->   "%mul_ln243 = mul i31 %sext_ln243, i31 23637" [/wrk/ci/prod/2023.2/hls_product/continuous/689/2023.2/src/shared/hls/clib/hlsmath/include/FloatingPoint/hls_exp_.h:243]   --->   Operation 46 'mul' 'mul_ln243' <Predicate = true> <Delay = 0.99> <CoreInst = "DSP48">   --->   Core 127 'DSP48' <Latency = 3> <II = 1> <Delay = 0.53> <IPBlock> <Opcode : '' 'add' 'sub' 'mul' 'select'> <InPorts = 0> <OutPorts = 1> <Sync> <CReg>

State 3 <SV = 2> <Delay = 0.64>
ST_3 : Operation 47 [1/3] (0.00ns) (grouped into DSP with root node add_ln243)   --->   "%mul_ln243 = mul i31 %sext_ln243, i31 23637" [/wrk/ci/prod/2023.2/hls_product/continuous/689/2023.2/src/shared/hls/clib/hlsmath/include/FloatingPoint/hls_exp_.h:243]   --->   Operation 47 'mul' 'mul_ln243' <Predicate = true> <Delay = 0.00> <CoreInst = "DSP48">   --->   Core 127 'DSP48' <Latency = 3> <II = 1> <Delay = 0.53> <IPBlock> <Opcode : '' 'add' 'sub' 'mul' 'select'> <InPorts = 0> <OutPorts = 1> <Sync> <CReg>
ST_3 : Operation 48 [1/1] (0.00ns)   --->   "%shl_ln = bitconcatenate i19 @_ssdm_op_BitConcatenate.i19.i1.i18, i1 %tmp_27, i18 131072" [/wrk/ci/prod/2023.2/hls_product/continuous/689/2023.2/src/shared/hls/clib/hlsmath/include/FloatingPoint/hls_exp_.h:243]   --->   Operation 48 'bitconcatenate' 'shl_ln' <Predicate = true> <Delay = 0.00>
ST_3 : Operation 49 [1/1] (0.00ns)   --->   "%sext_ln243_1 = sext i19 %shl_ln" [/wrk/ci/prod/2023.2/hls_product/continuous/689/2023.2/src/shared/hls/clib/hlsmath/include/FloatingPoint/hls_exp_.h:243]   --->   Operation 49 'sext' 'sext_ln243_1' <Predicate = true> <Delay = 0.00>
ST_3 : Operation 50 [2/2] (0.64ns) (root node of the DSP)   --->   "%add_ln243 = add i31 %mul_ln243, i31 %sext_ln243_1" [/wrk/ci/prod/2023.2/hls_product/continuous/689/2023.2/src/shared/hls/clib/hlsmath/include/FloatingPoint/hls_exp_.h:243]   --->   Operation 50 'add' 'add_ln243' <Predicate = true> <Delay = 0.64> <CoreInst = "DSP48">   --->   Core 127 'DSP48' <Latency = 3> <II = 1> <Delay = 0.53> <IPBlock> <Opcode : '' 'add' 'sub' 'mul' 'select'> <InPorts = 0> <OutPorts = 1> <Sync> <CReg>

State 4 <SV = 3> <Delay = 1.76>
ST_4 : Operation 51 [1/2] (0.64ns) (root node of the DSP)   --->   "%add_ln243 = add i31 %mul_ln243, i31 %sext_ln243_1" [/wrk/ci/prod/2023.2/hls_product/continuous/689/2023.2/src/shared/hls/clib/hlsmath/include/FloatingPoint/hls_exp_.h:243]   --->   Operation 51 'add' 'add_ln243' <Predicate = true> <Delay = 0.64> <CoreInst = "DSP48">   --->   Core 127 'DSP48' <Latency = 3> <II = 1> <Delay = 0.53> <IPBlock> <Opcode : '' 'add' 'sub' 'mul' 'select'> <InPorts = 0> <OutPorts = 1> <Sync> <CReg>
ST_4 : Operation 52 [1/1] (0.00ns)   --->   "%trunc_ln = partselect i13 @_ssdm_op_PartSelect.i13.i31.i32.i32, i31 %add_ln243, i32 18, i32 30" [/wrk/ci/prod/2023.2/hls_product/continuous/689/2023.2/src/shared/hls/clib/hlsmath/include/FloatingPoint/hls_exp_.h:243]   --->   Operation 52 'partselect' 'trunc_ln' <Predicate = true> <Delay = 0.00>
ST_4 : Operation 53 [1/1] (0.00ns) (grouped into LUT with out node r_exp)   --->   "%tmp_28 = bitselect i1 @_ssdm_op_BitSelect.i1.i31.i32, i31 %add_ln243, i32 30" [/wrk/ci/prod/2023.2/hls_product/continuous/689/2023.2/src/shared/hls/clib/hlsmath/include/FloatingPoint/hls_exp_.h:243]   --->   Operation 53 'bitselect' 'tmp_28' <Predicate = true> <Delay = 0.00>
ST_4 : Operation 54 [1/1] (0.00ns)   --->   "%trunc_ln243 = trunc i31 %add_ln243" [/wrk/ci/prod/2023.2/hls_product/continuous/689/2023.2/src/shared/hls/clib/hlsmath/include/FloatingPoint/hls_exp_.h:243]   --->   Operation 54 'trunc' 'trunc_ln243' <Predicate = true> <Delay = 0.00>
ST_4 : Operation 55 [1/1] (0.79ns)   --->   "%icmp_ln243 = icmp_eq  i18 %trunc_ln243, i18 0" [/wrk/ci/prod/2023.2/hls_product/continuous/689/2023.2/src/shared/hls/clib/hlsmath/include/FloatingPoint/hls_exp_.h:243]   --->   Operation 55 'icmp' 'icmp_ln243' <Predicate = true> <Delay = 0.79> <CoreInst = "Cmp">   --->   Core 9 'Cmp' <Latency = 0> <II = 1> <Delay = 0.79> <FuncUnit> <Opcode : 'icmp'> <InPorts = 2> <OutPorts = 1>
ST_4 : Operation 56 [1/1] (0.75ns)   --->   "%add_ln243_1 = add i13 %trunc_ln, i13 1" [/wrk/ci/prod/2023.2/hls_product/continuous/689/2023.2/src/shared/hls/clib/hlsmath/include/FloatingPoint/hls_exp_.h:243]   --->   Operation 56 'add' 'add_ln243_1' <Predicate = true> <Delay = 0.75> <CoreInst = "Adder">   --->   Core 1 'Adder' <Latency = 0> <II = 1> <Delay = 0.75> <FuncUnit> <Opcode : 'add' 'sub'> <InPorts = 2> <OutPorts = 1>
ST_4 : Operation 57 [1/1] (0.00ns) (grouped into LUT with out node r_exp)   --->   "%select_ln243 = select i1 %icmp_ln243, i13 %trunc_ln, i13 %add_ln243_1" [/wrk/ci/prod/2023.2/hls_product/continuous/689/2023.2/src/shared/hls/clib/hlsmath/include/FloatingPoint/hls_exp_.h:243]   --->   Operation 57 'select' 'select_ln243' <Predicate = true> <Delay = 0.00> <CoreInst = "Sel">   --->   Core 73 'Sel' <Latency = 0> <II = 1> <Delay = 0.32> <FuncUnit> <Opcode : 'select'> <InPorts = 3> <OutPorts = 1>
ST_4 : Operation 58 [1/1] (0.32ns) (out node of the LUT)   --->   "%r_exp = select i1 %tmp_28, i13 %select_ln243, i13 %trunc_ln" [/wrk/ci/prod/2023.2/hls_product/continuous/689/2023.2/src/shared/hls/clib/hlsmath/include/FloatingPoint/hls_exp_.h:243]   --->   Operation 58 'select' 'r_exp' <Predicate = true> <Delay = 0.32> <CoreInst = "Sel">   --->   Core 73 'Sel' <Latency = 0> <II = 1> <Delay = 0.32> <FuncUnit> <Opcode : 'select'> <InPorts = 3> <OutPorts = 1>

State 5 <SV = 4> <Delay = 6.99>
ST_5 : Operation 59 [1/1] (0.00ns)   --->   "%sext_ln249 = sext i13 %r_exp" [/wrk/ci/prod/2023.2/hls_product/continuous/689/2023.2/src/shared/hls/clib/hlsmath/include/FloatingPoint/hls_exp_.h:249]   --->   Operation 59 'sext' 'sext_ln249' <Predicate = true> <Delay = 0.00>
ST_5 : Operation 60 [1/1] (4.71ns)   --->   "%mul_ln249 = mul i71 %sext_ln249, i71 1636647506585939924452" [/wrk/ci/prod/2023.2/hls_product/continuous/689/2023.2/src/shared/hls/clib/hlsmath/include/FloatingPoint/hls_exp_.h:249]   --->   Operation 60 'mul' 'mul_ln249' <Predicate = true> <Delay = 4.71> <CoreInst = "Multiplier">   --->   Core 3 'Multiplier' <Latency = 0> <II = 1> <Delay = 4.71> <FuncUnit> <Opcode : 'mul'> <InPorts = 2> <OutPorts = 1>
ST_5 : Operation 61 [1/1] (0.00ns)   --->   "%tmp_s = partselect i58 @_ssdm_op_PartSelect.i58.i71.i32.i32, i71 %mul_ln249, i32 13, i32 70" [/wrk/ci/prod/2023.2/hls_product/continuous/689/2023.2/src/shared/hls/clib/hlsmath/include/FloatingPoint/hls_exp_.h:255]   --->   Operation 61 'partselect' 'tmp_s' <Predicate = true> <Delay = 0.00>
ST_5 : Operation 62 [1/1] (0.00ns)   --->   "%and_ln = bitconcatenate i59 @_ssdm_op_BitConcatenate.i59.i58.i1, i58 %tmp_s, i1 0" [/wrk/ci/prod/2023.2/hls_product/continuous/689/2023.2/src/shared/hls/clib/hlsmath/include/FloatingPoint/hls_exp_.h:255]   --->   Operation 62 'bitconcatenate' 'and_ln' <Predicate = true> <Delay = 0.00>
ST_5 : Operation 63 [1/1] (1.08ns)   --->   "%m_diff = sub i59 %trunc_ln255, i59 %and_ln" [/wrk/ci/prod/2023.2/hls_product/continuous/689/2023.2/src/shared/hls/clib/hlsmath/include/FloatingPoint/hls_exp_.h:255]   --->   Operation 63 'sub' 'm_diff' <Predicate = true> <Delay = 1.08> <CoreInst = "Adder">   --->   Core 1 'Adder' <Latency = 0> <II = 1> <Delay = 1.08> <FuncUnit> <Opcode : 'add' 'sub'> <InPorts = 2> <OutPorts = 1>
ST_5 : Operation 64 [1/1] (0.00ns)   --->   "%m_diff_hi = partselect i8 @_ssdm_op_PartSelect.i8.i59.i32.i32, i59 %m_diff, i32 51, i32 58" [/wrk/ci/prod/2023.2/hls_product/continuous/689/2023.2/src/shared/hls/clib/hlsmath/include/FloatingPoint/hls_exp_.h:286]   --->   Operation 64 'partselect' 'm_diff_hi' <Predicate = true> <Delay = 0.00>
ST_5 : Operation 65 [1/1] (0.00ns)   --->   "%Z2 = partselect i8 @_ssdm_op_PartSelect.i8.i59.i32.i32, i59 %m_diff, i32 43, i32 50" [/wrk/ci/prod/2023.2/hls_product/continuous/689/2023.2/src/shared/hls/clib/hlsmath/include/FloatingPoint/hls_exp_.h:96->/wrk/ci/prod/2023.2/hls_product/continuous/689/2023.2/src/shared/hls/clib/hlsmath/include/FloatingPoint/hls_exp_.h:293]   --->   Operation 65 'partselect' 'Z2' <Predicate = true> <Delay = 0.00>
ST_5 : Operation 66 [1/1] (0.00ns)   --->   "%Z3 = partselect i8 @_ssdm_op_PartSelect.i8.i59.i32.i32, i59 %m_diff, i32 35, i32 42" [/wrk/ci/prod/2023.2/hls_product/continuous/689/2023.2/src/shared/hls/clib/hlsmath/include/FloatingPoint/hls_exp_.h:98->/wrk/ci/prod/2023.2/hls_product/continuous/689/2023.2/src/shared/hls/clib/hlsmath/include/FloatingPoint/hls_exp_.h:293]   --->   Operation 66 'partselect' 'Z3' <Predicate = true> <Delay = 0.00>
ST_5 : Operation 67 [1/1] (0.00ns)   --->   "%Z4 = trunc i59 %m_diff" [/wrk/ci/prod/2023.2/hls_product/continuous/689/2023.2/src/shared/hls/clib/hlsmath/include/FloatingPoint/hls_exp_.h:99->/wrk/ci/prod/2023.2/hls_product/continuous/689/2023.2/src/shared/hls/clib/hlsmath/include/FloatingPoint/hls_exp_.h:293]   --->   Operation 67 'trunc' 'Z4' <Predicate = true> <Delay = 0.00>
ST_5 : Operation 68 [1/1] (0.00ns)   --->   "%Z4_ind = partselect i8 @_ssdm_op_PartSelect.i8.i59.i32.i32, i59 %m_diff, i32 27, i32 34" [/wrk/ci/prod/2023.2/hls_product/continuous/689/2023.2/src/shared/hls/clib/hlsmath/include/FloatingPoint/hls_exp_.h:113->/wrk/ci/prod/2023.2/hls_product/continuous/689/2023.2/src/shared/hls/clib/hlsmath/include/FloatingPoint/hls_exp_.h:293]   --->   Operation 68 'partselect' 'Z4_ind' <Predicate = true> <Delay = 0.00>
ST_5 : Operation 69 [1/1] (0.00ns)   --->   "%zext_ln114 = zext i8 %Z4_ind" [/wrk/ci/prod/2023.2/hls_product/continuous/689/2023.2/src/shared/hls/clib/hlsmath/include/FloatingPoint/hls_exp_.h:114->/wrk/ci/prod/2023.2/hls_product/continuous/689/2023.2/src/shared/hls/clib/hlsmath/include/FloatingPoint/hls_exp_.h:293]   --->   Operation 69 'zext' 'zext_ln114' <Predicate = true> <Delay = 0.00>
ST_5 : Operation 70 [1/1] (0.00ns)   --->   "%table_f_Z3_ap_ufixed_59_0_ap_q_mode_5_ap_o_mode_3_0_array_addr = getelementptr i26 %table_f_Z3_ap_ufixed_59_0_ap_q_mode_5_ap_o_mode_3_0_array, i64 0, i64 %zext_ln114" [/wrk/ci/prod/2023.2/hls_product/continuous/689/2023.2/src/shared/hls/clib/hlsmath/include/FloatingPoint/hls_exp_.h:114->/wrk/ci/prod/2023.2/hls_product/continuous/689/2023.2/src/shared/hls/clib/hlsmath/include/FloatingPoint/hls_exp_.h:293]   --->   Operation 70 'getelementptr' 'table_f_Z3_ap_ufixed_59_0_ap_q_mode_5_ap_o_mode_3_0_array_addr' <Predicate = true> <Delay = 0.00>
ST_5 : Operation 71 [2/2] (1.19ns)   --->   "%table_f_Z3_ap_ufixed_59_0_ap_q_mode_5_ap_o_mode_3_0_array_load = load i8 %table_f_Z3_ap_ufixed_59_0_ap_q_mode_5_ap_o_mode_3_0_array_addr" [/wrk/ci/prod/2023.2/hls_product/continuous/689/2023.2/src/shared/hls/clib/hlsmath/include/FloatingPoint/hls_exp_.h:114->/wrk/ci/prod/2023.2/hls_product/continuous/689/2023.2/src/shared/hls/clib/hlsmath/include/FloatingPoint/hls_exp_.h:293]   --->   Operation 71 'load' 'table_f_Z3_ap_ufixed_59_0_ap_q_mode_5_ap_o_mode_3_0_array_load' <Predicate = true> <Delay = 1.19> <CoreInst = "ROM">   --->   Core 101 'ROM' <Latency = 1> <II = 1> <Delay = 1.19> <Storage> <Opcode : 'load'> <Ports = 0> <Width = 26> <Depth = 256> <ROM>
ST_5 : Operation 72 [1/1] (0.00ns)   --->   "%zext_ln119 = zext i8 %Z3" [/wrk/ci/prod/2023.2/hls_product/continuous/689/2023.2/src/shared/hls/clib/hlsmath/include/FloatingPoint/hls_exp_.h:119->/wrk/ci/prod/2023.2/hls_product/continuous/689/2023.2/src/shared/hls/clib/hlsmath/include/FloatingPoint/hls_exp_.h:293]   --->   Operation 72 'zext' 'zext_ln119' <Predicate = true> <Delay = 0.00>
ST_5 : Operation 73 [1/1] (0.00ns)   --->   "%table_f_Z3_ap_ufixed_59_0_ap_q_mode_5_ap_o_mode_3_0_array_addr_1 = getelementptr i26 %table_f_Z3_ap_ufixed_59_0_ap_q_mode_5_ap_o_mode_3_0_array, i64 0, i64 %zext_ln119" [/wrk/ci/prod/2023.2/hls_product/continuous/689/2023.2/src/shared/hls/clib/hlsmath/include/FloatingPoint/hls_exp_.h:119->/wrk/ci/prod/2023.2/hls_product/continuous/689/2023.2/src/shared/hls/clib/hlsmath/include/FloatingPoint/hls_exp_.h:293]   --->   Operation 73 'getelementptr' 'table_f_Z3_ap_ufixed_59_0_ap_q_mode_5_ap_o_mode_3_0_array_addr_1' <Predicate = true> <Delay = 0.00>
ST_5 : Operation 74 [2/2] (1.19ns)   --->   "%f_Z3 = load i8 %table_f_Z3_ap_ufixed_59_0_ap_q_mode_5_ap_o_mode_3_0_array_addr_1" [/wrk/ci/prod/2023.2/hls_product/continuous/689/2023.2/src/shared/hls/clib/hlsmath/include/FloatingPoint/hls_exp_.h:119->/wrk/ci/prod/2023.2/hls_product/continuous/689/2023.2/src/shared/hls/clib/hlsmath/include/FloatingPoint/hls_exp_.h:293]   --->   Operation 74 'load' 'f_Z3' <Predicate = true> <Delay = 1.19> <CoreInst = "ROM">   --->   Core 101 'ROM' <Latency = 1> <II = 1> <Delay = 1.19> <Storage> <Opcode : 'load'> <Ports = 0> <Width = 26> <Depth = 256> <ROM>

State 6 <SV = 5> <Delay = 6.48>
ST_6 : Operation 75 [1/1] (0.00ns)   --->   "%zext_ln292 = zext i8 %m_diff_hi" [/wrk/ci/prod/2023.2/hls_product/continuous/689/2023.2/src/shared/hls/clib/hlsmath/include/FloatingPoint/hls_exp_.h:292]   --->   Operation 75 'zext' 'zext_ln292' <Predicate = true> <Delay = 0.00>
ST_6 : Operation 76 [1/1] (0.00ns)   --->   "%table_exp_Z1_ap_ufixed_58_1_ap_q_mode_5_ap_o_mode_3_0_array_addr = getelementptr i58 %table_exp_Z1_ap_ufixed_58_1_ap_q_mode_5_ap_o_mode_3_0_array, i64 0, i64 %zext_ln292" [/wrk/ci/prod/2023.2/hls_product/continuous/689/2023.2/src/shared/hls/clib/hlsmath/include/FloatingPoint/hls_exp_.h:292]   --->   Operation 76 'getelementptr' 'table_exp_Z1_ap_ufixed_58_1_ap_q_mode_5_ap_o_mode_3_0_array_addr' <Predicate = true> <Delay = 0.00>
ST_6 : Operation 77 [2/2] (1.20ns)   --->   "%exp_Z1 = load i8 %table_exp_Z1_ap_ufixed_58_1_ap_q_mode_5_ap_o_mode_3_0_array_addr" [/wrk/ci/prod/2023.2/hls_product/continuous/689/2023.2/src/shared/hls/clib/hlsmath/include/FloatingPoint/hls_exp_.h:292]   --->   Operation 77 'load' 'exp_Z1' <Predicate = true> <Delay = 1.20> <CoreInst = "ROM">   --->   Core 101 'ROM' <Latency = 1> <II = 1> <Delay = 1.20> <Storage> <Opcode : 'load'> <Ports = 0> <Width = 58> <Depth = 256> <ROM>
ST_6 : Operation 78 [1/2] (1.19ns)   --->   "%table_f_Z3_ap_ufixed_59_0_ap_q_mode_5_ap_o_mode_3_0_array_load = load i8 %table_f_Z3_ap_ufixed_59_0_ap_q_mode_5_ap_o_mode_3_0_array_addr" [/wrk/ci/prod/2023.2/hls_product/continuous/689/2023.2/src/shared/hls/clib/hlsmath/include/FloatingPoint/hls_exp_.h:114->/wrk/ci/prod/2023.2/hls_product/continuous/689/2023.2/src/shared/hls/clib/hlsmath/include/FloatingPoint/hls_exp_.h:293]   --->   Operation 78 'load' 'table_f_Z3_ap_ufixed_59_0_ap_q_mode_5_ap_o_mode_3_0_array_load' <Predicate = true> <Delay = 1.19> <CoreInst = "ROM">   --->   Core 101 'ROM' <Latency = 1> <II = 1> <Delay = 1.19> <Storage> <Opcode : 'load'> <Ports = 0> <Width = 26> <Depth = 256> <ROM>
ST_6 : Operation 79 [1/1] (0.00ns)   --->   "%f_Z4 = partselect i10 @_ssdm_op_PartSelect.i10.i26.i32.i32, i26 %table_f_Z3_ap_ufixed_59_0_ap_q_mode_5_ap_o_mode_3_0_array_load, i32 16, i32 25" [/wrk/ci/prod/2023.2/hls_product/continuous/689/2023.2/src/shared/hls/clib/hlsmath/include/FloatingPoint/hls_exp_.h:114->/wrk/ci/prod/2023.2/hls_product/continuous/689/2023.2/src/shared/hls/clib/hlsmath/include/FloatingPoint/hls_exp_.h:293]   --->   Operation 79 'partselect' 'f_Z4' <Predicate = true> <Delay = 0.00>
ST_6 : Operation 80 [1/1] (0.00ns)   --->   "%zext_ln115 = zext i35 %Z4" [/wrk/ci/prod/2023.2/hls_product/continuous/689/2023.2/src/shared/hls/clib/hlsmath/include/FloatingPoint/hls_exp_.h:115->/wrk/ci/prod/2023.2/hls_product/continuous/689/2023.2/src/shared/hls/clib/hlsmath/include/FloatingPoint/hls_exp_.h:293]   --->   Operation 80 'zext' 'zext_ln115' <Predicate = true> <Delay = 0.00>
ST_6 : Operation 81 [1/1] (0.00ns)   --->   "%zext_ln115_1 = zext i10 %f_Z4" [/wrk/ci/prod/2023.2/hls_product/continuous/689/2023.2/src/shared/hls/clib/hlsmath/include/FloatingPoint/hls_exp_.h:115->/wrk/ci/prod/2023.2/hls_product/continuous/689/2023.2/src/shared/hls/clib/hlsmath/include/FloatingPoint/hls_exp_.h:293]   --->   Operation 81 'zext' 'zext_ln115_1' <Predicate = true> <Delay = 0.00>
ST_6 : Operation 82 [1/1] (0.91ns)   --->   "%exp_Z4_m_1 = add i36 %zext_ln115, i36 %zext_ln115_1" [/wrk/ci/prod/2023.2/hls_product/continuous/689/2023.2/src/shared/hls/clib/hlsmath/include/FloatingPoint/hls_exp_.h:115->/wrk/ci/prod/2023.2/hls_product/continuous/689/2023.2/src/shared/hls/clib/hlsmath/include/FloatingPoint/hls_exp_.h:293]   --->   Operation 82 'add' 'exp_Z4_m_1' <Predicate = true> <Delay = 0.91> <CoreInst = "Adder">   --->   Core 1 'Adder' <Latency = 0> <II = 1> <Delay = 0.91> <FuncUnit> <Opcode : 'add' 'sub'> <InPorts = 2> <OutPorts = 1>
ST_6 : Operation 83 [1/2] (1.19ns)   --->   "%f_Z3 = load i8 %table_f_Z3_ap_ufixed_59_0_ap_q_mode_5_ap_o_mode_3_0_array_addr_1" [/wrk/ci/prod/2023.2/hls_product/continuous/689/2023.2/src/shared/hls/clib/hlsmath/include/FloatingPoint/hls_exp_.h:119->/wrk/ci/prod/2023.2/hls_product/continuous/689/2023.2/src/shared/hls/clib/hlsmath/include/FloatingPoint/hls_exp_.h:293]   --->   Operation 83 'load' 'f_Z3' <Predicate = true> <Delay = 1.19> <CoreInst = "ROM">   --->   Core 101 'ROM' <Latency = 1> <II = 1> <Delay = 1.19> <Storage> <Opcode : 'load'> <Ports = 0> <Width = 26> <Depth = 256> <ROM>
ST_6 : Operation 84 [1/1] (0.00ns)   --->   "%exp_Z3_m_1 = bitconcatenate i43 @_ssdm_op_BitConcatenate.i43.i8.i9.i26, i8 %Z3, i9 0, i26 %f_Z3" [/wrk/ci/prod/2023.2/hls_product/continuous/689/2023.2/src/shared/hls/clib/hlsmath/include/FloatingPoint/hls_exp_.h:120->/wrk/ci/prod/2023.2/hls_product/continuous/689/2023.2/src/shared/hls/clib/hlsmath/include/FloatingPoint/hls_exp_.h:293]   --->   Operation 84 'bitconcatenate' 'exp_Z3_m_1' <Predicate = true> <Delay = 0.00>
ST_6 : Operation 85 [1/1] (0.00ns)   --->   "%zext_ln120 = zext i43 %exp_Z3_m_1" [/wrk/ci/prod/2023.2/hls_product/continuous/689/2023.2/src/shared/hls/clib/hlsmath/include/FloatingPoint/hls_exp_.h:120->/wrk/ci/prod/2023.2/hls_product/continuous/689/2023.2/src/shared/hls/clib/hlsmath/include/FloatingPoint/hls_exp_.h:293]   --->   Operation 85 'zext' 'zext_ln120' <Predicate = true> <Delay = 0.00>
ST_6 : Operation 86 [1/1] (0.00ns)   --->   "%zext_ln123 = zext i43 %exp_Z3_m_1" [/wrk/ci/prod/2023.2/hls_product/continuous/689/2023.2/src/shared/hls/clib/hlsmath/include/FloatingPoint/hls_exp_.h:123->/wrk/ci/prod/2023.2/hls_product/continuous/689/2023.2/src/shared/hls/clib/hlsmath/include/FloatingPoint/hls_exp_.h:293]   --->   Operation 86 'zext' 'zext_ln123' <Predicate = true> <Delay = 0.00>
ST_6 : Operation 87 [1/1] (0.00ns)   --->   "%zext_ln123_1 = zext i36 %exp_Z4_m_1" [/wrk/ci/prod/2023.2/hls_product/continuous/689/2023.2/src/shared/hls/clib/hlsmath/include/FloatingPoint/hls_exp_.h:123->/wrk/ci/prod/2023.2/hls_product/continuous/689/2023.2/src/shared/hls/clib/hlsmath/include/FloatingPoint/hls_exp_.h:293]   --->   Operation 87 'zext' 'zext_ln123_1' <Predicate = true> <Delay = 0.00>
ST_6 : Operation 88 [1/1] (3.60ns)   --->   "%mul_ln123 = mul i79 %zext_ln123, i79 %zext_ln123_1" [/wrk/ci/prod/2023.2/hls_product/continuous/689/2023.2/src/shared/hls/clib/hlsmath/include/FloatingPoint/hls_exp_.h:123->/wrk/ci/prod/2023.2/hls_product/continuous/689/2023.2/src/shared/hls/clib/hlsmath/include/FloatingPoint/hls_exp_.h:293]   --->   Operation 88 'mul' 'mul_ln123' <Predicate = true> <Delay = 3.60> <CoreInst = "Multiplier">   --->   Core 3 'Multiplier' <Latency = 0> <II = 1> <Delay = 3.60> <FuncUnit> <Opcode : 'mul'> <InPorts = 2> <OutPorts = 1>
ST_6 : Operation 89 [1/1] (0.00ns)   --->   "%zext_ln130 = zext i36 %exp_Z4_m_1" [/wrk/ci/prod/2023.2/hls_product/continuous/689/2023.2/src/shared/hls/clib/hlsmath/include/FloatingPoint/hls_exp_.h:130->/wrk/ci/prod/2023.2/hls_product/continuous/689/2023.2/src/shared/hls/clib/hlsmath/include/FloatingPoint/hls_exp_.h:293]   --->   Operation 89 'zext' 'zext_ln130' <Predicate = true> <Delay = 0.00>
ST_6 : Operation 90 [1/1] (0.00ns)   --->   "%tmp_24 = partselect i20 @_ssdm_op_PartSelect.i20.i79.i32.i32, i79 %mul_ln123, i32 59, i32 78" [/wrk/ci/prod/2023.2/hls_product/continuous/689/2023.2/src/shared/hls/clib/hlsmath/include/FloatingPoint/hls_exp_.h:130->/wrk/ci/prod/2023.2/hls_product/continuous/689/2023.2/src/shared/hls/clib/hlsmath/include/FloatingPoint/hls_exp_.h:293]   --->   Operation 90 'partselect' 'tmp_24' <Predicate = true> <Delay = 0.00>
ST_6 : Operation 91 [1/1] (0.00ns)   --->   "%zext_ln130_1 = zext i20 %tmp_24" [/wrk/ci/prod/2023.2/hls_product/continuous/689/2023.2/src/shared/hls/clib/hlsmath/include/FloatingPoint/hls_exp_.h:130->/wrk/ci/prod/2023.2/hls_product/continuous/689/2023.2/src/shared/hls/clib/hlsmath/include/FloatingPoint/hls_exp_.h:293]   --->   Operation 91 'zext' 'zext_ln130_1' <Predicate = true> <Delay = 0.00>
ST_6 : Operation 92 [1/1] (0.00ns) (grouped into TernaryAdder)   --->   "%add_ln130 = add i44 %zext_ln120, i44 %zext_ln130" [/wrk/ci/prod/2023.2/hls_product/continuous/689/2023.2/src/shared/hls/clib/hlsmath/include/FloatingPoint/hls_exp_.h:130->/wrk/ci/prod/2023.2/hls_product/continuous/689/2023.2/src/shared/hls/clib/hlsmath/include/FloatingPoint/hls_exp_.h:293]   --->   Operation 92 'add' 'add_ln130' <Predicate = true> <Delay = 0.00> <CoreInst = "TAddSub">   --->   Core 10 'TAddSub' <Latency = 0> <II = 1> <Delay = 0.39> <IPBlock> <Opcode : '' 'add' 'sub'> <InPorts = 3> <OutPorts = 1> <Sync> <CReg>
ST_6 : Operation 93 [1/1] (0.77ns) (root node of TernaryAdder)   --->   "%exp_Z2P_m_1 = add i44 %add_ln130, i44 %zext_ln130_1" [/wrk/ci/prod/2023.2/hls_product/continuous/689/2023.2/src/shared/hls/clib/hlsmath/include/FloatingPoint/hls_exp_.h:130->/wrk/ci/prod/2023.2/hls_product/continuous/689/2023.2/src/shared/hls/clib/hlsmath/include/FloatingPoint/hls_exp_.h:293]   --->   Operation 93 'add' 'exp_Z2P_m_1' <Predicate = true> <Delay = 0.77> <CoreInst = "TAddSub">   --->   Core 10 'TAddSub' <Latency = 0> <II = 1> <Delay = 0.39> <IPBlock> <Opcode : '' 'add' 'sub'> <InPorts = 3> <OutPorts = 1> <Sync> <CReg>
ST_6 : Operation 94 [1/1] (0.00ns)   --->   "%zext_ln138 = zext i8 %Z2" [/wrk/ci/prod/2023.2/hls_product/continuous/689/2023.2/src/shared/hls/clib/hlsmath/include/FloatingPoint/hls_exp_.h:138->/wrk/ci/prod/2023.2/hls_product/continuous/689/2023.2/src/shared/hls/clib/hlsmath/include/FloatingPoint/hls_exp_.h:293]   --->   Operation 94 'zext' 'zext_ln138' <Predicate = true> <Delay = 0.00>
ST_6 : Operation 95 [1/1] (0.00ns)   --->   "%table_f_Z2_ap_ufixed_59_0_ap_q_mode_5_ap_o_mode_3_0_array_addr = getelementptr i42 %table_f_Z2_ap_ufixed_59_0_ap_q_mode_5_ap_o_mode_3_0_array, i64 0, i64 %zext_ln138" [/wrk/ci/prod/2023.2/hls_product/continuous/689/2023.2/src/shared/hls/clib/hlsmath/include/FloatingPoint/hls_exp_.h:138->/wrk/ci/prod/2023.2/hls_product/continuous/689/2023.2/src/shared/hls/clib/hlsmath/include/FloatingPoint/hls_exp_.h:293]   --->   Operation 95 'getelementptr' 'table_f_Z2_ap_ufixed_59_0_ap_q_mode_5_ap_o_mode_3_0_array_addr' <Predicate = true> <Delay = 0.00>
ST_6 : Operation 96 [2/2] (1.20ns)   --->   "%f_Z2 = load i8 %table_f_Z2_ap_ufixed_59_0_ap_q_mode_5_ap_o_mode_3_0_array_addr" [/wrk/ci/prod/2023.2/hls_product/continuous/689/2023.2/src/shared/hls/clib/hlsmath/include/FloatingPoint/hls_exp_.h:138->/wrk/ci/prod/2023.2/hls_product/continuous/689/2023.2/src/shared/hls/clib/hlsmath/include/FloatingPoint/hls_exp_.h:293]   --->   Operation 96 'load' 'f_Z2' <Predicate = true> <Delay = 1.20> <CoreInst = "ROM">   --->   Core 101 'ROM' <Latency = 1> <II = 1> <Delay = 1.20> <Storage> <Opcode : 'load'> <Ports = 0> <Width = 42> <Depth = 256> <ROM>

State 7 <SV = 6> <Delay = 5.73>
ST_7 : Operation 97 [1/2] (1.20ns)   --->   "%exp_Z1 = load i8 %table_exp_Z1_ap_ufixed_58_1_ap_q_mode_5_ap_o_mode_3_0_array_addr" [/wrk/ci/prod/2023.2/hls_product/continuous/689/2023.2/src/shared/hls/clib/hlsmath/include/FloatingPoint/hls_exp_.h:292]   --->   Operation 97 'load' 'exp_Z1' <Predicate = true> <Delay = 1.20> <CoreInst = "ROM">   --->   Core 101 'ROM' <Latency = 1> <II = 1> <Delay = 1.20> <Storage> <Opcode : 'load'> <Ports = 0> <Width = 58> <Depth = 256> <ROM>
ST_7 : Operation 98 [1/2] (1.20ns)   --->   "%f_Z2 = load i8 %table_f_Z2_ap_ufixed_59_0_ap_q_mode_5_ap_o_mode_3_0_array_addr" [/wrk/ci/prod/2023.2/hls_product/continuous/689/2023.2/src/shared/hls/clib/hlsmath/include/FloatingPoint/hls_exp_.h:138->/wrk/ci/prod/2023.2/hls_product/continuous/689/2023.2/src/shared/hls/clib/hlsmath/include/FloatingPoint/hls_exp_.h:293]   --->   Operation 98 'load' 'f_Z2' <Predicate = true> <Delay = 1.20> <CoreInst = "ROM">   --->   Core 101 'ROM' <Latency = 1> <II = 1> <Delay = 1.20> <Storage> <Opcode : 'load'> <Ports = 0> <Width = 42> <Depth = 256> <ROM>
ST_7 : Operation 99 [1/1] (0.00ns)   --->   "%tmp_25 = partselect i40 @_ssdm_op_PartSelect.i40.i42.i32.i32, i42 %f_Z2, i32 2, i32 41" [/wrk/ci/prod/2023.2/hls_product/continuous/689/2023.2/src/shared/hls/clib/hlsmath/include/FloatingPoint/hls_exp_.h:139->/wrk/ci/prod/2023.2/hls_product/continuous/689/2023.2/src/shared/hls/clib/hlsmath/include/FloatingPoint/hls_exp_.h:293]   --->   Operation 99 'partselect' 'tmp_25' <Predicate = true> <Delay = 0.00>
ST_7 : Operation 100 [1/1] (0.00ns)   --->   "%exp_Z2_m_1 = bitconcatenate i49 @_ssdm_op_BitConcatenate.i49.i8.i1.i40, i8 %Z2, i1 0, i40 %tmp_25" [/wrk/ci/prod/2023.2/hls_product/continuous/689/2023.2/src/shared/hls/clib/hlsmath/include/FloatingPoint/hls_exp_.h:139->/wrk/ci/prod/2023.2/hls_product/continuous/689/2023.2/src/shared/hls/clib/hlsmath/include/FloatingPoint/hls_exp_.h:293]   --->   Operation 100 'bitconcatenate' 'exp_Z2_m_1' <Predicate = true> <Delay = 0.00>
ST_7 : Operation 101 [1/1] (0.00ns)   --->   "%zext_ln142 = zext i49 %exp_Z2_m_1" [/wrk/ci/prod/2023.2/hls_product/continuous/689/2023.2/src/shared/hls/clib/hlsmath/include/FloatingPoint/hls_exp_.h:142->/wrk/ci/prod/2023.2/hls_product/continuous/689/2023.2/src/shared/hls/clib/hlsmath/include/FloatingPoint/hls_exp_.h:293]   --->   Operation 101 'zext' 'zext_ln142' <Predicate = true> <Delay = 0.00>
ST_7 : Operation 102 [1/1] (0.00ns)   --->   "%zext_ln142_1 = zext i44 %exp_Z2P_m_1" [/wrk/ci/prod/2023.2/hls_product/continuous/689/2023.2/src/shared/hls/clib/hlsmath/include/FloatingPoint/hls_exp_.h:142->/wrk/ci/prod/2023.2/hls_product/continuous/689/2023.2/src/shared/hls/clib/hlsmath/include/FloatingPoint/hls_exp_.h:293]   --->   Operation 102 'zext' 'zext_ln142_1' <Predicate = true> <Delay = 0.00>
ST_7 : Operation 103 [1/1] (3.73ns)   --->   "%mul_ln142 = mul i93 %zext_ln142, i93 %zext_ln142_1" [/wrk/ci/prod/2023.2/hls_product/continuous/689/2023.2/src/shared/hls/clib/hlsmath/include/FloatingPoint/hls_exp_.h:142->/wrk/ci/prod/2023.2/hls_product/continuous/689/2023.2/src/shared/hls/clib/hlsmath/include/FloatingPoint/hls_exp_.h:293]   --->   Operation 103 'mul' 'mul_ln142' <Predicate = true> <Delay = 3.73> <CoreInst = "Multiplier">   --->   Core 3 'Multiplier' <Latency = 0> <II = 1> <Delay = 3.73> <FuncUnit> <Opcode : 'mul'> <InPorts = 2> <OutPorts = 1>
ST_7 : Operation 104 [1/1] (0.00ns)   --->   "%and_ln1 = bitconcatenate i51 @_ssdm_op_BitConcatenate.i51.i8.i1.i40.i2, i8 %Z2, i1 0, i40 %tmp_25, i2 0" [/wrk/ci/prod/2023.2/hls_product/continuous/689/2023.2/src/shared/hls/clib/hlsmath/include/FloatingPoint/hls_exp_.h:145->/wrk/ci/prod/2023.2/hls_product/continuous/689/2023.2/src/shared/hls/clib/hlsmath/include/FloatingPoint/hls_exp_.h:293]   --->   Operation 104 'bitconcatenate' 'and_ln1' <Predicate = true> <Delay = 0.00>
ST_7 : Operation 105 [1/1] (0.00ns)   --->   "%zext_ln145 = zext i51 %and_ln1" [/wrk/ci/prod/2023.2/hls_product/continuous/689/2023.2/src/shared/hls/clib/hlsmath/include/FloatingPoint/hls_exp_.h:145->/wrk/ci/prod/2023.2/hls_product/continuous/689/2023.2/src/shared/hls/clib/hlsmath/include/FloatingPoint/hls_exp_.h:293]   --->   Operation 105 'zext' 'zext_ln145' <Predicate = true> <Delay = 0.00>
ST_7 : Operation 106 [1/1] (0.00ns)   --->   "%zext_ln145_1 = zext i44 %exp_Z2P_m_1" [/wrk/ci/prod/2023.2/hls_product/continuous/689/2023.2/src/shared/hls/clib/hlsmath/include/FloatingPoint/hls_exp_.h:145->/wrk/ci/prod/2023.2/hls_product/continuous/689/2023.2/src/shared/hls/clib/hlsmath/include/FloatingPoint/hls_exp_.h:293]   --->   Operation 106 'zext' 'zext_ln145_1' <Predicate = true> <Delay = 0.00>
ST_7 : Operation 107 [1/1] (0.00ns)   --->   "%tmp_26 = partselect i36 @_ssdm_op_PartSelect.i36.i93.i32.i32, i93 %mul_ln142, i32 57, i32 92" [/wrk/ci/prod/2023.2/hls_product/continuous/689/2023.2/src/shared/hls/clib/hlsmath/include/FloatingPoint/hls_exp_.h:145->/wrk/ci/prod/2023.2/hls_product/continuous/689/2023.2/src/shared/hls/clib/hlsmath/include/FloatingPoint/hls_exp_.h:293]   --->   Operation 107 'partselect' 'tmp_26' <Predicate = true> <Delay = 0.00>
ST_7 : Operation 108 [1/1] (0.00ns)   --->   "%zext_ln145_2 = zext i36 %tmp_26" [/wrk/ci/prod/2023.2/hls_product/continuous/689/2023.2/src/shared/hls/clib/hlsmath/include/FloatingPoint/hls_exp_.h:145->/wrk/ci/prod/2023.2/hls_product/continuous/689/2023.2/src/shared/hls/clib/hlsmath/include/FloatingPoint/hls_exp_.h:293]   --->   Operation 108 'zext' 'zext_ln145_2' <Predicate = true> <Delay = 0.00>
ST_7 : Operation 109 [1/1] (0.00ns) (grouped into TernaryAdder)   --->   "%add_ln145 = add i52 %zext_ln145, i52 %zext_ln145_1" [/wrk/ci/prod/2023.2/hls_product/continuous/689/2023.2/src/shared/hls/clib/hlsmath/include/FloatingPoint/hls_exp_.h:145->/wrk/ci/prod/2023.2/hls_product/continuous/689/2023.2/src/shared/hls/clib/hlsmath/include/FloatingPoint/hls_exp_.h:293]   --->   Operation 109 'add' 'add_ln145' <Predicate = true> <Delay = 0.00> <CoreInst = "TAddSub">   --->   Core 10 'TAddSub' <Latency = 0> <II = 1> <Delay = 0.39> <IPBlock> <Opcode : '' 'add' 'sub'> <InPorts = 3> <OutPorts = 1> <Sync> <CReg>
ST_7 : Operation 110 [1/1] (0.79ns) (root node of TernaryAdder)   --->   "%exp_Z1P_m_1_l = add i52 %add_ln145, i52 %zext_ln145_2" [/wrk/ci/prod/2023.2/hls_product/continuous/689/2023.2/src/shared/hls/clib/hlsmath/include/FloatingPoint/hls_exp_.h:145->/wrk/ci/prod/2023.2/hls_product/continuous/689/2023.2/src/shared/hls/clib/hlsmath/include/FloatingPoint/hls_exp_.h:293]   --->   Operation 110 'add' 'exp_Z1P_m_1_l' <Predicate = true> <Delay = 0.79> <CoreInst = "TAddSub">   --->   Core 10 'TAddSub' <Latency = 0> <II = 1> <Delay = 0.39> <IPBlock> <Opcode : '' 'add' 'sub'> <InPorts = 3> <OutPorts = 1> <Sync> <CReg>
ST_7 : Operation 111 [1/1] (0.00ns)   --->   "%exp_Z1P_m_1 = partselect i50 @_ssdm_op_PartSelect.i50.i52.i32.i32, i52 %exp_Z1P_m_1_l, i32 2, i32 51" [/wrk/ci/prod/2023.2/hls_product/continuous/689/2023.2/src/shared/hls/clib/hlsmath/include/FloatingPoint/hls_exp_.h:149->/wrk/ci/prod/2023.2/hls_product/continuous/689/2023.2/src/shared/hls/clib/hlsmath/include/FloatingPoint/hls_exp_.h:293]   --->   Operation 111 'partselect' 'exp_Z1P_m_1' <Predicate = true> <Delay = 0.00>
ST_7 : Operation 112 [1/1] (0.00ns)   --->   "%exp_Z1_hi = partselect i50 @_ssdm_op_PartSelect.i50.i58.i32.i32, i58 %exp_Z1, i32 8, i32 57" [/wrk/ci/prod/2023.2/hls_product/continuous/689/2023.2/src/shared/hls/clib/hlsmath/include/FloatingPoint/hls_exp_.h:294]   --->   Operation 112 'partselect' 'exp_Z1_hi' <Predicate = true> <Delay = 0.00>

State 8 <SV = 7> <Delay = 6.98>
ST_8 : Operation 113 [1/1] (0.00ns)   --->   "%specpipeline_ln158 = specpipeline void @_ssdm_op_SpecPipeline, i32 4294967295, i32 0, i32 0, i32 0, void @empty_191" [/wrk/ci/prod/2023.2/hls_product/continuous/689/2023.2/src/shared/hls/clib/hlsmath/include/FloatingPoint/hls_exp_.h:158]   --->   Operation 113 'specpipeline' 'specpipeline_ln158' <Predicate = true> <Delay = 0.00>
ST_8 : Operation 114 [1/1] (0.00ns) (grouped into LUT with out node select_ln185)   --->   "%xor_ln182 = xor i1 %es_sign, i1 1" [/wrk/ci/prod/2023.2/hls_product/continuous/689/2023.2/src/shared/hls/clib/hlsmath/include/FloatingPoint/hls_exp_.h:182]   --->   Operation 114 'xor' 'xor_ln182' <Predicate = (icmp_ln18)> <Delay = 0.00> <CoreInst = "LogicGate">   --->   Core 74 'LogicGate' <Latency = 0> <II = 1> <Delay = 0.12> <FuncUnit> <Opcode : 'and' 'or' 'xor'> <InPorts = 2> <OutPorts = 1>
ST_8 : Operation 115 [1/1] (0.00ns) (grouped into LUT with out node select_ln185)   --->   "%and_ln182_1 = and i1 %icmp_ln18_1, i1 %xor_ln182" [/wrk/ci/prod/2023.2/hls_product/continuous/689/2023.2/src/shared/hls/clib/hlsmath/include/FloatingPoint/hls_exp_.h:182]   --->   Operation 115 'and' 'and_ln182_1' <Predicate = (icmp_ln18)> <Delay = 0.00> <CoreInst = "LogicGate">   --->   Core 74 'LogicGate' <Latency = 0> <II = 1> <Delay = 0.12> <FuncUnit> <Opcode : 'and' 'or' 'xor'> <InPorts = 2> <OutPorts = 1>
ST_8 : Operation 116 [1/1] (0.00ns) (grouped into LUT with out node select_ln185)   --->   "%and_ln182 = and i1 %and_ln182_1, i1 %icmp_ln18" [/wrk/ci/prod/2023.2/hls_product/continuous/689/2023.2/src/shared/hls/clib/hlsmath/include/FloatingPoint/hls_exp_.h:182]   --->   Operation 116 'and' 'and_ln182' <Predicate = (icmp_ln18)> <Delay = 0.00> <CoreInst = "LogicGate">   --->   Core 74 'LogicGate' <Latency = 0> <II = 1> <Delay = 0.12> <FuncUnit> <Opcode : 'and' 'or' 'xor'> <InPorts = 2> <OutPorts = 1>
ST_8 : Operation 117 [1/1] (0.00ns) (grouped into LUT with out node and_ln18)   --->   "%xor_ln18 = xor i1 %icmp_ln18_1, i1 1" [/wrk/ci/prod/2023.2/hls_product/continuous/689/2023.2/src/shared/hls/clib/hlsmath/include/FloatingPoint/hls_isnan.h:18->/wrk/ci/prod/2023.2/hls_product/continuous/689/2023.2/src/shared/hls/clib/hlsmath/include/FloatingPoint/hls_exp_.h:180]   --->   Operation 117 'xor' 'xor_ln18' <Predicate = (icmp_ln18)> <Delay = 0.00> <CoreInst = "LogicGate">   --->   Core 74 'LogicGate' <Latency = 0> <II = 1> <Delay = 0.12> <FuncUnit> <Opcode : 'and' 'or' 'xor'> <InPorts = 2> <OutPorts = 1>
ST_8 : Operation 118 [1/1] (0.12ns) (out node of the LUT)   --->   "%and_ln18 = and i1 %icmp_ln18, i1 %xor_ln18" [/wrk/ci/prod/2023.2/hls_product/continuous/689/2023.2/src/shared/hls/clib/hlsmath/include/FloatingPoint/hls_isnan.h:18->/wrk/ci/prod/2023.2/hls_product/continuous/689/2023.2/src/shared/hls/clib/hlsmath/include/FloatingPoint/hls_exp_.h:180]   --->   Operation 118 'and' 'and_ln18' <Predicate = (icmp_ln18)> <Delay = 0.12> <CoreInst = "LogicGate">   --->   Core 74 'LogicGate' <Latency = 0> <II = 1> <Delay = 0.12> <FuncUnit> <Opcode : 'and' 'or' 'xor'> <InPorts = 2> <OutPorts = 1>
ST_8 : Operation 119 [1/1] (0.00ns) (grouped into LUT with out node select_ln185)   --->   "%select_ln18 = select i1 %and_ln18, i64 nan, i64 inf" [/wrk/ci/prod/2023.2/hls_product/continuous/689/2023.2/src/shared/hls/clib/hlsmath/include/FloatingPoint/hls_isnan.h:18->/wrk/ci/prod/2023.2/hls_product/continuous/689/2023.2/src/shared/hls/clib/hlsmath/include/FloatingPoint/hls_exp_.h:180]   --->   Operation 119 'select' 'select_ln18' <Predicate = (icmp_ln18)> <Delay = 0.00> <CoreInst = "Sel">   --->   Core 73 'Sel' <Latency = 0> <II = 1> <Delay = 0.41> <FuncUnit> <Opcode : 'select'> <InPorts = 3> <OutPorts = 1>
ST_8 : Operation 120 [1/1] (0.00ns) (grouped into LUT with out node select_ln185)   --->   "%or_ln185 = or i1 %and_ln18, i1 %and_ln182" [/wrk/ci/prod/2023.2/hls_product/continuous/689/2023.2/src/shared/hls/clib/hlsmath/include/FloatingPoint/hls_exp_.h:185]   --->   Operation 120 'or' 'or_ln185' <Predicate = (icmp_ln18)> <Delay = 0.00> <CoreInst = "LogicGate">   --->   Core 74 'LogicGate' <Latency = 0> <II = 1> <Delay = 0.12> <FuncUnit> <Opcode : 'and' 'or' 'xor'> <InPorts = 2> <OutPorts = 1>
ST_8 : Operation 121 [1/1] (0.41ns) (out node of the LUT)   --->   "%select_ln185 = select i1 %or_ln185, i64 %select_ln18, i64 0" [/wrk/ci/prod/2023.2/hls_product/continuous/689/2023.2/src/shared/hls/clib/hlsmath/include/FloatingPoint/hls_exp_.h:185]   --->   Operation 121 'select' 'select_ln185' <Predicate = (icmp_ln18)> <Delay = 0.41> <CoreInst = "Sel">   --->   Core 73 'Sel' <Latency = 0> <II = 1> <Delay = 0.41> <FuncUnit> <Opcode : 'select'> <InPorts = 3> <OutPorts = 1>
ST_8 : Operation 122 [1/1] (1.06ns)   --->   "%add_ln297 = add i58 %exp_Z1, i58 16" [/wrk/ci/prod/2023.2/hls_product/continuous/689/2023.2/src/shared/hls/clib/hlsmath/include/FloatingPoint/hls_exp_.h:297]   --->   Operation 122 'add' 'add_ln297' <Predicate = true> <Delay = 1.06> <CoreInst = "Adder">   --->   Core 1 'Adder' <Latency = 0> <II = 1> <Delay = 1.06> <FuncUnit> <Opcode : 'add' 'sub'> <InPorts = 2> <OutPorts = 1>
ST_8 : Operation 123 [1/1] (0.00ns)   --->   "%zext_ln297 = zext i50 %exp_Z1_hi" [/wrk/ci/prod/2023.2/hls_product/continuous/689/2023.2/src/shared/hls/clib/hlsmath/include/FloatingPoint/hls_exp_.h:297]   --->   Operation 123 'zext' 'zext_ln297' <Predicate = true> <Delay = 0.00>
ST_8 : Operation 124 [1/1] (0.00ns)   --->   "%zext_ln297_1 = zext i50 %exp_Z1P_m_1" [/wrk/ci/prod/2023.2/hls_product/continuous/689/2023.2/src/shared/hls/clib/hlsmath/include/FloatingPoint/hls_exp_.h:297]   --->   Operation 124 'zext' 'zext_ln297_1' <Predicate = true> <Delay = 0.00>
ST_8 : Operation 125 [1/1] (3.73ns)   --->   "%mul_ln297 = mul i100 %zext_ln297, i100 %zext_ln297_1" [/wrk/ci/prod/2023.2/hls_product/continuous/689/2023.2/src/shared/hls/clib/hlsmath/include/FloatingPoint/hls_exp_.h:297]   --->   Operation 125 'mul' 'mul_ln297' <Predicate = true> <Delay = 3.73> <CoreInst = "Multiplier">   --->   Core 3 'Multiplier' <Latency = 0> <II = 1> <Delay = 3.73> <FuncUnit> <Opcode : 'mul'> <InPorts = 2> <OutPorts = 1>
ST_8 : Operation 126 [1/1] (0.00ns)   --->   "%shl_ln5 = bitconcatenate i107 @_ssdm_op_BitConcatenate.i107.i58.i49, i58 %add_ln297, i49 0" [/wrk/ci/prod/2023.2/hls_product/continuous/689/2023.2/src/shared/hls/clib/hlsmath/include/FloatingPoint/hls_exp_.h:297]   --->   Operation 126 'bitconcatenate' 'shl_ln5' <Predicate = true> <Delay = 0.00>
ST_8 : Operation 127 [1/1] (0.00ns)   --->   "%zext_ln297_2 = zext i100 %mul_ln297" [/wrk/ci/prod/2023.2/hls_product/continuous/689/2023.2/src/shared/hls/clib/hlsmath/include/FloatingPoint/hls_exp_.h:297]   --->   Operation 127 'zext' 'zext_ln297_2' <Predicate = true> <Delay = 0.00>
ST_8 : Operation 128 [1/1] (1.37ns)   --->   "%add_ln297_1 = add i107 %shl_ln5, i107 %zext_ln297_2" [/wrk/ci/prod/2023.2/hls_product/continuous/689/2023.2/src/shared/hls/clib/hlsmath/include/FloatingPoint/hls_exp_.h:297]   --->   Operation 128 'add' 'add_ln297_1' <Predicate = true> <Delay = 1.37> <CoreInst = "Adder">   --->   Core 1 'Adder' <Latency = 0> <II = 1> <Delay = 1.37> <FuncUnit> <Opcode : 'add' 'sub'> <InPorts = 2> <OutPorts = 1>
ST_8 : Operation 129 [1/1] (0.00ns)   --->   "%tmp_29 = bitselect i1 @_ssdm_op_BitSelect.i1.i107.i32, i107 %add_ln297_1, i32 106" [/wrk/ci/prod/2023.2/hls_product/continuous/689/2023.2/src/shared/hls/clib/hlsmath/include/FloatingPoint/hls_exp_.h:303]   --->   Operation 129 'bitselect' 'tmp_29' <Predicate = true> <Delay = 0.00>
ST_8 : Operation 130 [1/1] (0.75ns)   --->   "%r_exp_3 = add i13 %r_exp, i13 8191" [/wrk/ci/prod/2023.2/hls_product/continuous/689/2023.2/src/shared/hls/clib/hlsmath/include/FloatingPoint/hls_exp_.h:305]   --->   Operation 130 'add' 'r_exp_3' <Predicate = true> <Delay = 0.75> <CoreInst = "Adder">   --->   Core 1 'Adder' <Latency = 0> <II = 1> <Delay = 0.75> <FuncUnit> <Opcode : 'add' 'sub'> <InPorts = 2> <OutPorts = 1>
ST_8 : Operation 131 [1/1] (0.32ns)   --->   "%r_exp_4 = select i1 %tmp_29, i13 %r_exp, i13 %r_exp_3" [/wrk/ci/prod/2023.2/hls_product/continuous/689/2023.2/src/shared/hls/clib/hlsmath/include/FloatingPoint/hls_exp_.h:303]   --->   Operation 131 'select' 'r_exp_4' <Predicate = true> <Delay = 0.32> <CoreInst = "Sel">   --->   Core 73 'Sel' <Latency = 0> <II = 1> <Delay = 0.32> <FuncUnit> <Opcode : 'select'> <InPorts = 3> <OutPorts = 1>
ST_8 : Operation 132 [1/1] (0.00ns)   --->   "%tmp_30 = partselect i3 @_ssdm_op_PartSelect.i3.i13.i32.i32, i13 %r_exp_4, i32 10, i32 12" [/wrk/ci/prod/2023.2/hls_product/continuous/689/2023.2/src/shared/hls/clib/hlsmath/include/FloatingPoint/hls_exp_.h:309]   --->   Operation 132 'partselect' 'tmp_30' <Predicate = true> <Delay = 0.00>
ST_8 : Operation 133 [1/1] (0.57ns)   --->   "%icmp_ln309_1 = icmp_sgt  i3 %tmp_30, i3 0" [/wrk/ci/prod/2023.2/hls_product/continuous/689/2023.2/src/shared/hls/clib/hlsmath/include/FloatingPoint/hls_exp_.h:309]   --->   Operation 133 'icmp' 'icmp_ln309_1' <Predicate = true> <Delay = 0.57> <CoreInst = "Cmp">   --->   Core 9 'Cmp' <Latency = 0> <II = 1> <Delay = 0.57> <FuncUnit> <Opcode : 'icmp'> <InPorts = 2> <OutPorts = 1>
ST_8 : Operation 134 [1/1] (0.12ns)   --->   "%or_ln309 = or i1 %icmp_ln309_2, i1 %icmp_ln309_1" [/wrk/ci/prod/2023.2/hls_product/continuous/689/2023.2/src/shared/hls/clib/hlsmath/include/FloatingPoint/hls_exp_.h:309]   --->   Operation 134 'or' 'or_ln309' <Predicate = true> <Delay = 0.12> <CoreInst = "LogicGate">   --->   Core 74 'LogicGate' <Latency = 0> <II = 1> <Delay = 0.12> <FuncUnit> <Opcode : 'and' 'or' 'xor'> <InPorts = 2> <OutPorts = 1>
ST_8 : Operation 135 [1/1] (0.00ns) (grouped into LUT with out node select_ln309_1)   --->   "%tmp_31 = bitselect i1 @_ssdm_op_BitSelect.i1.i54.i32, i54 %select_ln224, i32 53" [/wrk/ci/prod/2023.2/hls_product/continuous/689/2023.2/src/shared/hls/clib/hlsmath/include/FloatingPoint/hls_exp_.h:310]   --->   Operation 135 'bitselect' 'tmp_31' <Predicate = true> <Delay = 0.00>
ST_8 : Operation 136 [1/1] (0.00ns) (grouped into LUT with out node select_ln309_1)   --->   "%select_ln310 = select i1 %tmp_31, i64 0, i64 inf" [/wrk/ci/prod/2023.2/hls_product/continuous/689/2023.2/src/shared/hls/clib/hlsmath/include/FloatingPoint/hls_exp_.h:310]   --->   Operation 136 'select' 'select_ln310' <Predicate = true> <Delay = 0.00> <CoreInst = "Sel">   --->   Core 73 'Sel' <Latency = 0> <II = 1> <Delay = 0.41> <FuncUnit> <Opcode : 'select'> <InPorts = 3> <OutPorts = 1>
ST_8 : Operation 137 [1/1] (0.75ns)   --->   "%icmp_ln326 = icmp_slt  i13 %r_exp_4, i13 7170" [/wrk/ci/prod/2023.2/hls_product/continuous/689/2023.2/src/shared/hls/clib/hlsmath/include/FloatingPoint/hls_exp_.h:326]   --->   Operation 137 'icmp' 'icmp_ln326' <Predicate = true> <Delay = 0.75> <CoreInst = "Cmp">   --->   Core 9 'Cmp' <Latency = 0> <II = 1> <Delay = 0.75> <FuncUnit> <Opcode : 'icmp'> <InPorts = 2> <OutPorts = 1>
ST_8 : Operation 138 [1/1] (0.00ns)   --->   "%trunc_ln336 = trunc i13 %r_exp_4" [/wrk/ci/prod/2023.2/hls_product/continuous/689/2023.2/src/shared/hls/clib/hlsmath/include/FloatingPoint/hls_exp_.h:336]   --->   Operation 138 'trunc' 'trunc_ln336' <Predicate = (!icmp_ln18)> <Delay = 0.00>
ST_8 : Operation 139 [1/1] (0.73ns)   --->   "%out_exp = add i11 %trunc_ln336, i11 1023" [/wrk/ci/prod/2023.2/hls_product/continuous/689/2023.2/src/shared/hls/clib/hlsmath/include/FloatingPoint/hls_exp_.h:336]   --->   Operation 139 'add' 'out_exp' <Predicate = (!icmp_ln18)> <Delay = 0.73> <CoreInst = "Adder">   --->   Core 1 'Adder' <Latency = 0> <II = 1> <Delay = 0.73> <FuncUnit> <Opcode : 'add' 'sub'> <InPorts = 2> <OutPorts = 1>
ST_8 : Operation 140 [1/1] (0.00ns) (grouped into LUT with out node select_ln18_1)   --->   "%tmp_6 = partselect i52 @_ssdm_op_PartSelect.i52.i107.i32.i32, i107 %add_ln297_1, i32 54, i32 105" [/wrk/ci/prod/2023.2/hls_product/continuous/689/2023.2/src/shared/hls/clib/src/hls/utils/x_hls_utils.h:479->/wrk/ci/prod/2023.2/hls_product/continuous/689/2023.2/src/shared/hls/clib/src/hls/utils/x_hls_utils.h:496->/wrk/ci/prod/2023.2/hls_product/continuous/689/2023.2/src/shared/hls/clib/src/hls/utils/x_hls_utils.h:510->/wrk/ci/prod/2023.2/hls_product/continuous/689/2023.2/src/shared/hls/clib/hlsmath/include/FloatingPoint/hls_exp_.h:337]   --->   Operation 140 'partselect' 'tmp_6' <Predicate = (!icmp_ln18)> <Delay = 0.00>
ST_8 : Operation 141 [1/1] (0.00ns) (grouped into LUT with out node select_ln18_1)   --->   "%tmp_7 = partselect i52 @_ssdm_op_PartSelect.i52.i107.i32.i32, i107 %add_ln297_1, i32 53, i32 104" [/wrk/ci/prod/2023.2/hls_product/continuous/689/2023.2/src/shared/hls/clib/src/hls/utils/x_hls_utils.h:479->/wrk/ci/prod/2023.2/hls_product/continuous/689/2023.2/src/shared/hls/clib/src/hls/utils/x_hls_utils.h:496->/wrk/ci/prod/2023.2/hls_product/continuous/689/2023.2/src/shared/hls/clib/src/hls/utils/x_hls_utils.h:510->/wrk/ci/prod/2023.2/hls_product/continuous/689/2023.2/src/shared/hls/clib/hlsmath/include/FloatingPoint/hls_exp_.h:337]   --->   Operation 141 'partselect' 'tmp_7' <Predicate = (!icmp_ln18)> <Delay = 0.00>
ST_8 : Operation 142 [1/1] (0.00ns) (grouped into LUT with out node select_ln18_1)   --->   "%select_ln303 = select i1 %tmp_29, i52 %tmp_6, i52 %tmp_7" [/wrk/ci/prod/2023.2/hls_product/continuous/689/2023.2/src/shared/hls/clib/hlsmath/include/FloatingPoint/hls_exp_.h:303]   --->   Operation 142 'select' 'select_ln303' <Predicate = (!icmp_ln18)> <Delay = 0.00> <CoreInst = "Sel">   --->   Core 73 'Sel' <Latency = 0> <II = 1> <Delay = 0.27> <FuncUnit> <Opcode : 'select'> <InPorts = 3> <OutPorts = 1>
ST_8 : Operation 143 [1/1] (0.00ns) (grouped into LUT with out node select_ln18_1)   --->   "%t = bitconcatenate i64 @_ssdm_op_BitConcatenate.i64.i1.i11.i52, i1 0, i11 %out_exp, i52 %select_ln303" [/wrk/ci/prod/2023.2/hls_product/continuous/689/2023.2/src/shared/hls/clib/src/hls/utils/x_hls_utils.h:479->/wrk/ci/prod/2023.2/hls_product/continuous/689/2023.2/src/shared/hls/clib/src/hls/utils/x_hls_utils.h:496->/wrk/ci/prod/2023.2/hls_product/continuous/689/2023.2/src/shared/hls/clib/src/hls/utils/x_hls_utils.h:510->/wrk/ci/prod/2023.2/hls_product/continuous/689/2023.2/src/shared/hls/clib/hlsmath/include/FloatingPoint/hls_exp_.h:337]   --->   Operation 143 'bitconcatenate' 't' <Predicate = (!icmp_ln18)> <Delay = 0.00>
ST_8 : Operation 144 [1/1] (0.00ns) (grouped into LUT with out node select_ln18_1)   --->   "%bitcast_ln497 = bitcast i64 %t" [/wrk/ci/prod/2023.2/hls_product/continuous/689/2023.2/src/shared/hls/clib/src/hls/utils/x_hls_utils.h:497->/wrk/ci/prod/2023.2/hls_product/continuous/689/2023.2/src/shared/hls/clib/src/hls/utils/x_hls_utils.h:510->/wrk/ci/prod/2023.2/hls_product/continuous/689/2023.2/src/shared/hls/clib/hlsmath/include/FloatingPoint/hls_exp_.h:337]   --->   Operation 144 'bitcast' 'bitcast_ln497' <Predicate = (!icmp_ln18)> <Delay = 0.00>
ST_8 : Operation 145 [1/1] (0.41ns) (out node of the LUT)   --->   "%select_ln18_1 = select i1 %icmp_ln18, i64 %select_ln185, i64 %bitcast_ln497" [/wrk/ci/prod/2023.2/hls_product/continuous/689/2023.2/src/shared/hls/clib/hlsmath/include/FloatingPoint/hls_isnan.h:18->/wrk/ci/prod/2023.2/hls_product/continuous/689/2023.2/src/shared/hls/clib/hlsmath/include/FloatingPoint/hls_exp_.h:180]   --->   Operation 145 'select' 'select_ln18_1' <Predicate = true> <Delay = 0.41> <CoreInst = "Sel">   --->   Core 73 'Sel' <Latency = 0> <II = 1> <Delay = 0.41> <FuncUnit> <Opcode : 'select'> <InPorts = 3> <OutPorts = 1>
ST_8 : Operation 146 [1/1] (0.00ns) (grouped into LUT with out node and_ln309_2)   --->   "%and_ln309 = and i1 %icmp_ln309, i1 %or_ln309" [/wrk/ci/prod/2023.2/hls_product/continuous/689/2023.2/src/shared/hls/clib/hlsmath/include/FloatingPoint/hls_exp_.h:309]   --->   Operation 146 'and' 'and_ln309' <Predicate = true> <Delay = 0.00> <CoreInst = "LogicGate">   --->   Core 74 'LogicGate' <Latency = 0> <II = 1> <Delay = 0.12> <FuncUnit> <Opcode : 'and' 'or' 'xor'> <InPorts = 2> <OutPorts = 1>
ST_8 : Operation 147 [1/1] (0.00ns) (grouped into LUT with out node and_ln309_2)   --->   "%xor_ln309 = xor i1 %icmp_ln309, i1 1" [/wrk/ci/prod/2023.2/hls_product/continuous/689/2023.2/src/shared/hls/clib/hlsmath/include/FloatingPoint/hls_exp_.h:309]   --->   Operation 147 'xor' 'xor_ln309' <Predicate = true> <Delay = 0.00> <CoreInst = "LogicGate">   --->   Core 74 'LogicGate' <Latency = 0> <II = 1> <Delay = 0.12> <FuncUnit> <Opcode : 'and' 'or' 'xor'> <InPorts = 2> <OutPorts = 1>
ST_8 : Operation 148 [1/1] (0.00ns) (grouped into LUT with out node and_ln309_2)   --->   "%and_ln309_1 = and i1 %icmp_ln309_1, i1 %xor_ln309" [/wrk/ci/prod/2023.2/hls_product/continuous/689/2023.2/src/shared/hls/clib/hlsmath/include/FloatingPoint/hls_exp_.h:309]   --->   Operation 148 'and' 'and_ln309_1' <Predicate = true> <Delay = 0.00> <CoreInst = "LogicGate">   --->   Core 74 'LogicGate' <Latency = 0> <II = 1> <Delay = 0.12> <FuncUnit> <Opcode : 'and' 'or' 'xor'> <InPorts = 2> <OutPorts = 1>
ST_8 : Operation 149 [1/1] (0.00ns) (grouped into LUT with out node and_ln309_2)   --->   "%or_ln309_1 = or i1 %and_ln309, i1 %and_ln309_1" [/wrk/ci/prod/2023.2/hls_product/continuous/689/2023.2/src/shared/hls/clib/hlsmath/include/FloatingPoint/hls_exp_.h:309]   --->   Operation 149 'or' 'or_ln309_1' <Predicate = true> <Delay = 0.00> <CoreInst = "LogicGate">   --->   Core 74 'LogicGate' <Latency = 0> <II = 1> <Delay = 0.12> <FuncUnit> <Opcode : 'and' 'or' 'xor'> <InPorts = 2> <OutPorts = 1>
ST_8 : Operation 150 [1/1] (0.12ns)   --->   "%xor_ln18_2 = xor i1 %icmp_ln18, i1 1" [/wrk/ci/prod/2023.2/hls_product/continuous/689/2023.2/src/shared/hls/clib/hlsmath/include/FloatingPoint/hls_isnan.h:18->/wrk/ci/prod/2023.2/hls_product/continuous/689/2023.2/src/shared/hls/clib/hlsmath/include/FloatingPoint/hls_exp_.h:180]   --->   Operation 150 'xor' 'xor_ln18_2' <Predicate = true> <Delay = 0.12> <CoreInst = "LogicGate">   --->   Core 74 'LogicGate' <Latency = 0> <II = 1> <Delay = 0.12> <FuncUnit> <Opcode : 'and' 'or' 'xor'> <InPorts = 2> <OutPorts = 1>
ST_8 : Operation 151 [1/1] (0.12ns) (out node of the LUT)   --->   "%and_ln309_2 = and i1 %or_ln309_1, i1 %xor_ln18_2" [/wrk/ci/prod/2023.2/hls_product/continuous/689/2023.2/src/shared/hls/clib/hlsmath/include/FloatingPoint/hls_exp_.h:309]   --->   Operation 151 'and' 'and_ln309_2' <Predicate = true> <Delay = 0.12> <CoreInst = "LogicGate">   --->   Core 74 'LogicGate' <Latency = 0> <II = 1> <Delay = 0.12> <FuncUnit> <Opcode : 'and' 'or' 'xor'> <InPorts = 2> <OutPorts = 1>
ST_8 : Operation 152 [1/1] (0.00ns) (grouped into LUT with out node select_ln309_1)   --->   "%select_ln309 = select i1 %and_ln309_2, i64 %select_ln310, i64 %select_ln18_1" [/wrk/ci/prod/2023.2/hls_product/continuous/689/2023.2/src/shared/hls/clib/hlsmath/include/FloatingPoint/hls_exp_.h:309]   --->   Operation 152 'select' 'select_ln309' <Predicate = true> <Delay = 0.00> <CoreInst = "Sel">   --->   Core 73 'Sel' <Latency = 0> <II = 1> <Delay = 0.41> <FuncUnit> <Opcode : 'select'> <InPorts = 3> <OutPorts = 1>
ST_8 : Operation 153 [1/1] (0.00ns) (grouped into LUT with out node and_ln309_5)   --->   "%xor_ln309_1 = xor i1 %or_ln309, i1 1" [/wrk/ci/prod/2023.2/hls_product/continuous/689/2023.2/src/shared/hls/clib/hlsmath/include/FloatingPoint/hls_exp_.h:309]   --->   Operation 153 'xor' 'xor_ln309_1' <Predicate = true> <Delay = 0.00> <CoreInst = "LogicGate">   --->   Core 74 'LogicGate' <Latency = 0> <II = 1> <Delay = 0.12> <FuncUnit> <Opcode : 'and' 'or' 'xor'> <InPorts = 2> <OutPorts = 1>
ST_8 : Operation 154 [1/1] (0.00ns) (grouped into LUT with out node and_ln309_5)   --->   "%and_ln309_3 = and i1 %icmp_ln309, i1 %xor_ln309_1" [/wrk/ci/prod/2023.2/hls_product/continuous/689/2023.2/src/shared/hls/clib/hlsmath/include/FloatingPoint/hls_exp_.h:309]   --->   Operation 154 'and' 'and_ln309_3' <Predicate = true> <Delay = 0.00> <CoreInst = "LogicGate">   --->   Core 74 'LogicGate' <Latency = 0> <II = 1> <Delay = 0.12> <FuncUnit> <Opcode : 'and' 'or' 'xor'> <InPorts = 2> <OutPorts = 1>
ST_8 : Operation 155 [1/1] (0.00ns) (grouped into LUT with out node and_ln309_5)   --->   "%or_ln309_2 = or i1 %icmp_ln309, i1 %icmp_ln309_1" [/wrk/ci/prod/2023.2/hls_product/continuous/689/2023.2/src/shared/hls/clib/hlsmath/include/FloatingPoint/hls_exp_.h:309]   --->   Operation 155 'or' 'or_ln309_2' <Predicate = true> <Delay = 0.00> <CoreInst = "LogicGate">   --->   Core 74 'LogicGate' <Latency = 0> <II = 1> <Delay = 0.12> <FuncUnit> <Opcode : 'and' 'or' 'xor'> <InPorts = 2> <OutPorts = 1>
ST_8 : Operation 156 [1/1] (0.00ns) (grouped into LUT with out node and_ln309_5)   --->   "%xor_ln309_2 = xor i1 %or_ln309_2, i1 1" [/wrk/ci/prod/2023.2/hls_product/continuous/689/2023.2/src/shared/hls/clib/hlsmath/include/FloatingPoint/hls_exp_.h:309]   --->   Operation 156 'xor' 'xor_ln309_2' <Predicate = true> <Delay = 0.00> <CoreInst = "LogicGate">   --->   Core 74 'LogicGate' <Latency = 0> <II = 1> <Delay = 0.12> <FuncUnit> <Opcode : 'and' 'or' 'xor'> <InPorts = 2> <OutPorts = 1>
ST_8 : Operation 157 [1/1] (0.00ns) (grouped into LUT with out node and_ln309_5)   --->   "%or_ln309_3 = or i1 %and_ln309_3, i1 %xor_ln309_2" [/wrk/ci/prod/2023.2/hls_product/continuous/689/2023.2/src/shared/hls/clib/hlsmath/include/FloatingPoint/hls_exp_.h:309]   --->   Operation 157 'or' 'or_ln309_3' <Predicate = true> <Delay = 0.00> <CoreInst = "LogicGate">   --->   Core 74 'LogicGate' <Latency = 0> <II = 1> <Delay = 0.12> <FuncUnit> <Opcode : 'and' 'or' 'xor'> <InPorts = 2> <OutPorts = 1>
ST_8 : Operation 158 [1/1] (0.00ns) (grouped into LUT with out node and_ln309_5)   --->   "%and_ln309_4 = and i1 %or_ln309_3, i1 %xor_ln18_2" [/wrk/ci/prod/2023.2/hls_product/continuous/689/2023.2/src/shared/hls/clib/hlsmath/include/FloatingPoint/hls_exp_.h:309]   --->   Operation 158 'and' 'and_ln309_4' <Predicate = true> <Delay = 0.00> <CoreInst = "LogicGate">   --->   Core 74 'LogicGate' <Latency = 0> <II = 1> <Delay = 0.12> <FuncUnit> <Opcode : 'and' 'or' 'xor'> <InPorts = 2> <OutPorts = 1>
ST_8 : Operation 159 [1/1] (0.12ns) (out node of the LUT)   --->   "%and_ln309_5 = and i1 %and_ln309_4, i1 %icmp_ln326" [/wrk/ci/prod/2023.2/hls_product/continuous/689/2023.2/src/shared/hls/clib/hlsmath/include/FloatingPoint/hls_exp_.h:309]   --->   Operation 159 'and' 'and_ln309_5' <Predicate = true> <Delay = 0.12> <CoreInst = "LogicGate">   --->   Core 74 'LogicGate' <Latency = 0> <II = 1> <Delay = 0.12> <FuncUnit> <Opcode : 'and' 'or' 'xor'> <InPorts = 2> <OutPorts = 1>
ST_8 : Operation 160 [1/1] (0.41ns) (out node of the LUT)   --->   "%select_ln309_1 = select i1 %and_ln309_5, i64 0, i64 %select_ln309" [/wrk/ci/prod/2023.2/hls_product/continuous/689/2023.2/src/shared/hls/clib/hlsmath/include/FloatingPoint/hls_exp_.h:309]   --->   Operation 160 'select' 'select_ln309_1' <Predicate = true> <Delay = 0.41> <CoreInst = "Sel">   --->   Core 73 'Sel' <Latency = 0> <II = 1> <Delay = 0.41> <FuncUnit> <Opcode : 'select'> <InPorts = 3> <OutPorts = 1>
ST_8 : Operation 161 [1/1] (0.00ns)   --->   "%ret_ln339 = ret i64 %select_ln309_1" [/wrk/ci/prod/2023.2/hls_product/continuous/689/2023.2/src/shared/hls/clib/hlsmath/include/FloatingPoint/hls_exp_.h:339]   --->   Operation 161 'ret' 'ret_ln339' <Predicate = true> <Delay = 0.00>


============================================================
+ Verbose Summary: Timing violations
============================================================
Target clock period: 10.000ns, clock uncertainty: 2.700ns.

 <State 1>: 5.026ns
The critical path consists of the following:
	wire read operation ('x', /wrk/ci/prod/2023.2/hls_product/continuous/689/2023.2/src/shared/hls/clib/hlsmath/include/FloatingPoint/hls_exp_.h:156) on port 'x' (/wrk/ci/prod/2023.2/hls_product/continuous/689/2023.2/src/shared/hls/clib/hlsmath/include/FloatingPoint/hls_exp_.h:156) [6]  (0.000 ns)
	'sub' operation 54 bit ('e_frac', /wrk/ci/prod/2023.2/hls_product/continuous/689/2023.2/src/shared/hls/clib/hlsmath/include/FloatingPoint/hls_exp_.h:224) [25]  (0.998 ns)
	'select' operation 54 bit ('select_ln224', /wrk/ci/prod/2023.2/hls_product/continuous/689/2023.2/src/shared/hls/clib/hlsmath/include/FloatingPoint/hls_exp_.h:224) [26]  (0.263 ns)
	'ashr' operation 71 bit ('ashr_ln229', /wrk/ci/prod/2023.2/hls_product/continuous/689/2023.2/src/shared/hls/clib/hlsmath/include/FloatingPoint/hls_exp_.h:229) [35]  (1.105 ns)
	'select' operation 71 bit ('m_fix', /wrk/ci/prod/2023.2/hls_product/continuous/689/2023.2/src/shared/hls/clib/hlsmath/include/FloatingPoint/hls_exp_.h:229) [37]  (0.379 ns)
	'ashr' operation 64 bit ('ashr_ln230', /wrk/ci/prod/2023.2/hls_product/continuous/689/2023.2/src/shared/hls/clib/hlsmath/include/FloatingPoint/hls_exp_.h:230) [41]  (1.096 ns)
	'select' operation 64 bit ('select_ln230', /wrk/ci/prod/2023.2/hls_product/continuous/689/2023.2/src/shared/hls/clib/hlsmath/include/FloatingPoint/hls_exp_.h:230) [120]  (0.000 ns)
	'icmp' operation 1 bit ('icmp_ln309_2', /wrk/ci/prod/2023.2/hls_product/continuous/689/2023.2/src/shared/hls/clib/hlsmath/include/FloatingPoint/hls_exp_.h:309) [122]  (1.185 ns)

 <State 2>: 0.996ns
The critical path consists of the following:
	'mul' operation 31 bit of DSP[48] ('mul_ln243', /wrk/ci/prod/2023.2/hls_product/continuous/689/2023.2/src/shared/hls/clib/hlsmath/include/FloatingPoint/hls_exp_.h:243) [45]  (0.996 ns)

 <State 3>: 0.645ns
The critical path consists of the following:
	'mul' operation 31 bit of DSP[48] ('mul_ln243', /wrk/ci/prod/2023.2/hls_product/continuous/689/2023.2/src/shared/hls/clib/hlsmath/include/FloatingPoint/hls_exp_.h:243) [45]  (0.000 ns)
	'add' operation 31 bit of DSP[48] ('add_ln243', /wrk/ci/prod/2023.2/hls_product/continuous/689/2023.2/src/shared/hls/clib/hlsmath/include/FloatingPoint/hls_exp_.h:243) [48]  (0.645 ns)

 <State 4>: 1.762ns
The critical path consists of the following:
	'add' operation 31 bit of DSP[48] ('add_ln243', /wrk/ci/prod/2023.2/hls_product/continuous/689/2023.2/src/shared/hls/clib/hlsmath/include/FloatingPoint/hls_exp_.h:243) [48]  (0.645 ns)
	'icmp' operation 1 bit ('icmp_ln243', /wrk/ci/prod/2023.2/hls_product/continuous/689/2023.2/src/shared/hls/clib/hlsmath/include/FloatingPoint/hls_exp_.h:243) [52]  (0.797 ns)
	'select' operation 13 bit ('select_ln243', /wrk/ci/prod/2023.2/hls_product/continuous/689/2023.2/src/shared/hls/clib/hlsmath/include/FloatingPoint/hls_exp_.h:243) [54]  (0.000 ns)
	'select' operation 13 bit ('r_exp', /wrk/ci/prod/2023.2/hls_product/continuous/689/2023.2/src/shared/hls/clib/hlsmath/include/FloatingPoint/hls_exp_.h:243) [55]  (0.321 ns)

 <State 5>: 6.995ns
The critical path consists of the following:
	'mul' operation 71 bit ('mul_ln249', /wrk/ci/prod/2023.2/hls_product/continuous/689/2023.2/src/shared/hls/clib/hlsmath/include/FloatingPoint/hls_exp_.h:249) [57]  (4.719 ns)
	'sub' operation 59 bit ('m_diff', /wrk/ci/prod/2023.2/hls_product/continuous/689/2023.2/src/shared/hls/clib/hlsmath/include/FloatingPoint/hls_exp_.h:255) [61]  (1.080 ns)
	'getelementptr' operation 8 bit ('table_f_Z3_ap_ufixed_59_0_ap_q_mode_5_ap_o_mode_3_0_array_addr', /wrk/ci/prod/2023.2/hls_product/continuous/689/2023.2/src/shared/hls/clib/hlsmath/include/FloatingPoint/hls_exp_.h:114->/wrk/ci/prod/2023.2/hls_product/continuous/689/2023.2/src/shared/hls/clib/hlsmath/include/FloatingPoint/hls_exp_.h:293) [71]  (0.000 ns)
	'load' operation 26 bit ('table_f_Z3_ap_ufixed_59_0_ap_q_mode_5_ap_o_mode_3_0_array_load', /wrk/ci/prod/2023.2/hls_product/continuous/689/2023.2/src/shared/hls/clib/hlsmath/include/FloatingPoint/hls_exp_.h:114->/wrk/ci/prod/2023.2/hls_product/continuous/689/2023.2/src/shared/hls/clib/hlsmath/include/FloatingPoint/hls_exp_.h:293) on array 'table_f_Z3_ap_ufixed_59_0_ap_q_mode_5_ap_o_mode_3_0_array' [72]  (1.196 ns)

 <State 6>: 6.486ns
The critical path consists of the following:
	'load' operation 26 bit ('table_f_Z3_ap_ufixed_59_0_ap_q_mode_5_ap_o_mode_3_0_array_load', /wrk/ci/prod/2023.2/hls_product/continuous/689/2023.2/src/shared/hls/clib/hlsmath/include/FloatingPoint/hls_exp_.h:114->/wrk/ci/prod/2023.2/hls_product/continuous/689/2023.2/src/shared/hls/clib/hlsmath/include/FloatingPoint/hls_exp_.h:293) on array 'table_f_Z3_ap_ufixed_59_0_ap_q_mode_5_ap_o_mode_3_0_array' [72]  (1.196 ns)
	'add' operation 36 bit ('exp_Z4_m_1', /wrk/ci/prod/2023.2/hls_product/continuous/689/2023.2/src/shared/hls/clib/hlsmath/include/FloatingPoint/hls_exp_.h:115->/wrk/ci/prod/2023.2/hls_product/continuous/689/2023.2/src/shared/hls/clib/hlsmath/include/FloatingPoint/hls_exp_.h:293) [76]  (0.911 ns)
	'mul' operation 79 bit ('mul_ln123', /wrk/ci/prod/2023.2/hls_product/continuous/689/2023.2/src/shared/hls/clib/hlsmath/include/FloatingPoint/hls_exp_.h:123->/wrk/ci/prod/2023.2/hls_product/continuous/689/2023.2/src/shared/hls/clib/hlsmath/include/FloatingPoint/hls_exp_.h:293) [84]  (3.608 ns)
	'add' operation 44 bit ('exp_Z2P_m_1', /wrk/ci/prod/2023.2/hls_product/continuous/689/2023.2/src/shared/hls/clib/hlsmath/include/FloatingPoint/hls_exp_.h:130->/wrk/ci/prod/2023.2/hls_product/continuous/689/2023.2/src/shared/hls/clib/hlsmath/include/FloatingPoint/hls_exp_.h:293) [89]  (0.770 ns)

 <State 7>: 5.731ns
The critical path consists of the following:
	'load' operation 42 bit ('f_Z2', /wrk/ci/prod/2023.2/hls_product/continuous/689/2023.2/src/shared/hls/clib/hlsmath/include/FloatingPoint/hls_exp_.h:138->/wrk/ci/prod/2023.2/hls_product/continuous/689/2023.2/src/shared/hls/clib/hlsmath/include/FloatingPoint/hls_exp_.h:293) on array 'table_f_Z2_ap_ufixed_59_0_ap_q_mode_5_ap_o_mode_3_0_array' [92]  (1.200 ns)
	'mul' operation 93 bit ('mul_ln142', /wrk/ci/prod/2023.2/hls_product/continuous/689/2023.2/src/shared/hls/clib/hlsmath/include/FloatingPoint/hls_exp_.h:142->/wrk/ci/prod/2023.2/hls_product/continuous/689/2023.2/src/shared/hls/clib/hlsmath/include/FloatingPoint/hls_exp_.h:293) [97]  (3.736 ns)
	'add' operation 52 bit ('exp_Z1P_m_1_l', /wrk/ci/prod/2023.2/hls_product/continuous/689/2023.2/src/shared/hls/clib/hlsmath/include/FloatingPoint/hls_exp_.h:145->/wrk/ci/prod/2023.2/hls_product/continuous/689/2023.2/src/shared/hls/clib/hlsmath/include/FloatingPoint/hls_exp_.h:293) [104]  (0.795 ns)

 <State 8>: 6.987ns
The critical path consists of the following:
	'mul' operation 100 bit ('mul_ln297', /wrk/ci/prod/2023.2/hls_product/continuous/689/2023.2/src/shared/hls/clib/hlsmath/include/FloatingPoint/hls_exp_.h:297) [110]  (3.730 ns)
	'add' operation 107 bit ('add_ln297_1', /wrk/ci/prod/2023.2/hls_product/continuous/689/2023.2/src/shared/hls/clib/hlsmath/include/FloatingPoint/hls_exp_.h:297) [113]  (1.379 ns)
	'select' operation 13 bit ('r_exp', /wrk/ci/prod/2023.2/hls_product/continuous/689/2023.2/src/shared/hls/clib/hlsmath/include/FloatingPoint/hls_exp_.h:303) [116]  (0.321 ns)
	'add' operation 11 bit ('out.exp', /wrk/ci/prod/2023.2/hls_product/continuous/689/2023.2/src/shared/hls/clib/hlsmath/include/FloatingPoint/hls_exp_.h:336) [128]  (0.735 ns)
	'select' operation 64 bit ('select_ln18_1', /wrk/ci/prod/2023.2/hls_product/continuous/689/2023.2/src/shared/hls/clib/hlsmath/include/FloatingPoint/hls_isnan.h:18->/wrk/ci/prod/2023.2/hls_product/continuous/689/2023.2/src/shared/hls/clib/hlsmath/include/FloatingPoint/hls_exp_.h:180) [134]  (0.411 ns)
	'select' operation 64 bit ('select_ln309', /wrk/ci/prod/2023.2/hls_product/continuous/689/2023.2/src/shared/hls/clib/hlsmath/include/FloatingPoint/hls_exp_.h:309) [141]  (0.000 ns)
	'select' operation 64 bit ('select_ln309_1', /wrk/ci/prod/2023.2/hls_product/continuous/689/2023.2/src/shared/hls/clib/hlsmath/include/FloatingPoint/hls_exp_.h:309) [149]  (0.411 ns)


============================================================
+ Verbose Summary: Binding
============================================================
N/A
* FSMD analyzer results:
  - Output states:
 - Input state : 
  - Chain level:
	State 1
	State 2
	State 3
	State 4
	State 5
	State 6
	State 7
	State 8


============================================================
+ Verbose Summary: Datapath Resource usage 
============================================================
N/A
