

================================================================
== Vitis HLS Report for 'PE_kernel_Q_6_6_1111'
================================================================
* Date:           Mon Feb 17 20:36:20 2025

* Version:        2023.2 (Build 4023990 on Oct 11 2023)
* Project:        DitBlock
* Solution:       hls (Vivado IP Flow Target)
* Product family: virtexuplusHBM
* Target device:  xcu280-fsvh2892-2L-e


================================================================
== Performance Estimates
================================================================
+ Timing: 
    * Summary: 
    +--------+----------+----------+------------+
    |  Clock |  Target  | Estimated| Uncertainty|
    +--------+----------+----------+------------+
    |ap_clk  |  10.00 ns|  6.536 ns|     2.70 ns|
    +--------+----------+----------+------------+

+ Latency: 
    * Summary: 
    +---------+---------+-----------+-----------+------+------+---------+
    |  Latency (cycles) |   Latency (absolute)  |   Interval  | Pipeline|
    |   min   |   max   |    min    |    max    |  min |  max |   Type  |
    +---------+---------+-----------+-----------+------+------+---------+
    |     1029|     1029|  10.290 us|  10.290 us|  1029|  1029|       no|
    +---------+---------+-----------+-----------+------+------+---------+

    + Detail: 
        * Instance: 
        N/A

        * Loop: 
        +---------------+---------+---------+----------+-----------+-----------+------+----------+
        |               |  Latency (cycles) | Iteration|  Initiation Interval  | Trip |          |
        |   Loop Name   |   min   |   max   |  Latency |  achieved |   target  | Count| Pipelined|
        +---------------+---------+---------+----------+-----------+-----------+------+----------+
        |- l_S_k_0_k64  |     1027|     1027|         6|          2|          1|   512|       yes|
        +---------------+---------+---------+----------+-----------+-----------+------+----------+

============================================================
+ Verbose Summary: Synthesis Manager
============================================================
InlineROM: 1
ExposeGlobal: 0
============================================================
+ Verbose Summary: CDFG Model
============================================================
IsTopModel: 0
ResetActiveHigh: 1
IsCombinational: 2
IsDatapathOnly: 0
HasWiredReturn: 1
HasMFsm: 2
HasVarLatency: 1
IsPipeline: 0
IsRtlPipelined: 0
IsInstanceOverlapped: 0
IsDontTouch: 0
HasImplIP: 0
IsGatedGlobalClock: 0

+ Individual pipeline summary: 
  * Pipeline-0: initiation interval (II) = 2, depth = 6


============================================================
+ Verbose Summary: Schedule
============================================================
* Number of FSM states : 8
* Pipeline : 1
  Pipeline-0 : II = 2, D = 6, States = { 2 3 4 5 6 7 }
* Dataflow Pipeline: 0

* FSM state transitions: 
1 --> 2 
2 --> 8 3 
3 --> 4 
4 --> 5 
5 --> 6 
6 --> 7 
7 --> 2 
8 --> 

* FSM state operations: 

State 1 <SV = 0> <Delay = 0.38>
ST_1 : Operation 9 [1/1] (0.00ns)   --->   "%v1464 = alloca i32 1" [/home/silvenchen/Desktop/DitBlock/WorkDCT/DitBlock/kernel.cpp:2746]   --->   Operation 9 'alloca' 'v1464' <Predicate = true> <Delay = 0.00>
ST_1 : Operation 10 [1/1] (0.00ns)   --->   "%k64 = alloca i32 1" [/home/silvenchen/Desktop/DitBlock/WorkDCT/DitBlock/kernel.cpp:2736]   --->   Operation 10 'alloca' 'k64' <Predicate = true> <Delay = 0.00>
ST_1 : Operation 11 [1/1] (0.00ns)   --->   "%specinterface_ln0 = specinterface void @_ssdm_op_SpecInterface, i32 %B_fifo1_6_7, void @empty_234, i32 0, i32 0, void @empty_191, i32 0, i32 0, void @empty_191, void @empty_191, void @empty_191, i32 0, i32 0, i32 0, i32 0, void @empty_191, void @empty_191, i32 4294967295, i32 0"   --->   Operation 11 'specinterface' 'specinterface_ln0' <Predicate = true> <Delay = 0.00>
ST_1 : Operation 12 [1/1] (0.00ns)   --->   "%specinterface_ln0 = specinterface void @_ssdm_op_SpecInterface, i32 %B_fifo1_6_6, void @empty_234, i32 0, i32 0, void @empty_191, i32 0, i32 0, void @empty_191, void @empty_191, void @empty_191, i32 0, i32 0, i32 0, i32 0, void @empty_191, void @empty_191, i32 4294967295, i32 0"   --->   Operation 12 'specinterface' 'specinterface_ln0' <Predicate = true> <Delay = 0.00>
ST_1 : Operation 13 [1/1] (0.00ns)   --->   "%specinterface_ln0 = specinterface void @_ssdm_op_SpecInterface, i32 %A_fifo1_6_7, void @empty_234, i32 0, i32 0, void @empty_191, i32 0, i32 0, void @empty_191, void @empty_191, void @empty_191, i32 0, i32 0, i32 0, i32 0, void @empty_191, void @empty_191, i32 4294967295, i32 0"   --->   Operation 13 'specinterface' 'specinterface_ln0' <Predicate = true> <Delay = 0.00>
ST_1 : Operation 14 [1/1] (0.00ns)   --->   "%specinterface_ln0 = specinterface void @_ssdm_op_SpecInterface, i32 %A_fifo1_6_6, void @empty_234, i32 0, i32 0, void @empty_191, i32 0, i32 0, void @empty_191, void @empty_191, void @empty_191, i32 0, i32 0, i32 0, i32 0, void @empty_191, void @empty_191, i32 4294967295, i32 0"   --->   Operation 14 'specinterface' 'specinterface_ln0' <Predicate = true> <Delay = 0.00>
ST_1 : Operation 15 [1/1] (0.38ns)   --->   "%store_ln2736 = store i10 0, i10 %k64" [/home/silvenchen/Desktop/DitBlock/WorkDCT/DitBlock/kernel.cpp:2736]   --->   Operation 15 'store' 'store_ln2736' <Predicate = true> <Delay = 0.38>
ST_1 : Operation 16 [1/1] (0.38ns)   --->   "%store_ln2746 = store i32 0, i32 %v1464" [/home/silvenchen/Desktop/DitBlock/WorkDCT/DitBlock/kernel.cpp:2746]   --->   Operation 16 'store' 'store_ln2746' <Predicate = true> <Delay = 0.38>
ST_1 : Operation 17 [1/1] (0.00ns)   --->   "%br_ln2736 = br void %for.inc" [/home/silvenchen/Desktop/DitBlock/WorkDCT/DitBlock/kernel.cpp:2736]   --->   Operation 17 'br' 'br_ln2736' <Predicate = true> <Delay = 0.00>

State 2 <SV = 1> <Delay = 0.72>
ST_2 : Operation 18 [1/1] (0.00ns)   --->   "%k64_1 = load i10 %k64" [/home/silvenchen/Desktop/DitBlock/WorkDCT/DitBlock/kernel.cpp:2736]   --->   Operation 18 'load' 'k64_1' <Predicate = true> <Delay = 0.00>
ST_2 : Operation 19 [1/1] (0.72ns)   --->   "%icmp_ln2736 = icmp_eq  i10 %k64_1, i10 512" [/home/silvenchen/Desktop/DitBlock/WorkDCT/DitBlock/kernel.cpp:2736]   --->   Operation 19 'icmp' 'icmp_ln2736' <Predicate = true> <Delay = 0.72> <CoreInst = "Cmp">   --->   Core 9 'Cmp' <Latency = 0> <II = 1> <Delay = 0.72> <FuncUnit> <Opcode : 'icmp'> <InPorts = 2> <OutPorts = 1>
ST_2 : Operation 20 [1/1] (0.72ns)   --->   "%k64_2 = add i10 %k64_1, i10 1" [/home/silvenchen/Desktop/DitBlock/WorkDCT/DitBlock/kernel.cpp:2736]   --->   Operation 20 'add' 'k64_2' <Predicate = true> <Delay = 0.72> <CoreInst = "Adder">   --->   Core 1 'Adder' <Latency = 0> <II = 1> <Delay = 0.72> <FuncUnit> <Opcode : 'add' 'sub'> <InPorts = 2> <OutPorts = 1>
ST_2 : Operation 21 [1/1] (0.00ns)   --->   "%br_ln2736 = br i1 %icmp_ln2736, void %for.inc.split, void %for.end" [/home/silvenchen/Desktop/DitBlock/WorkDCT/DitBlock/kernel.cpp:2736]   --->   Operation 21 'br' 'br_ln2736' <Predicate = true> <Delay = 0.00>

State 3 <SV = 2> <Delay = 6.33>
ST_3 : Operation 22 [1/1] (1.43ns)   --->   "%A_fifo1_6_6_read = read i32 @_ssdm_op_Read.ap_fifo.volatile.i32P0A, i32 %A_fifo1_6_6" [/home/silvenchen/Desktop/DitBlock/WorkDCT/DitBlock/kernel.cpp:2737]   --->   Operation 22 'read' 'A_fifo1_6_6_read' <Predicate = (!icmp_ln2736)> <Delay = 1.43> <CoreInst = "FIFO_SRL">   --->   Core 81 'FIFO_SRL' <Latency = 0> <II = 1> <Delay = 1.43> <Storage> <Opcode : 'read' 'write' 'nbread' 'nbwrite'> <Ports = 0> <Width = 32> <Depth = 9> <FIFO>
ST_3 : Operation 23 [1/1] (0.00ns)   --->   "%v1457 = bitcast i32 %A_fifo1_6_6_read" [/home/silvenchen/Desktop/DitBlock/WorkDCT/DitBlock/kernel.cpp:2737]   --->   Operation 23 'bitcast' 'v1457' <Predicate = (!icmp_ln2736)> <Delay = 0.00>
ST_3 : Operation 24 [1/1] (1.43ns)   --->   "%B_fifo1_6_6_read = read i32 @_ssdm_op_Read.ap_fifo.volatile.i32P0A, i32 %B_fifo1_6_6" [/home/silvenchen/Desktop/DitBlock/WorkDCT/DitBlock/kernel.cpp:2740]   --->   Operation 24 'read' 'B_fifo1_6_6_read' <Predicate = (!icmp_ln2736)> <Delay = 1.43> <CoreInst = "FIFO_SRL">   --->   Core 81 'FIFO_SRL' <Latency = 0> <II = 1> <Delay = 1.43> <Storage> <Opcode : 'read' 'write' 'nbread' 'nbwrite'> <Ports = 0> <Width = 32> <Depth = 9> <FIFO>
ST_3 : Operation 25 [1/1] (0.00ns)   --->   "%v1459 = bitcast i32 %B_fifo1_6_6_read" [/home/silvenchen/Desktop/DitBlock/WorkDCT/DitBlock/kernel.cpp:2740]   --->   Operation 25 'bitcast' 'v1459' <Predicate = (!icmp_ln2736)> <Delay = 0.00>
ST_3 : Operation 26 [2/2] (4.90ns)   --->   "%v1463 = fmul i32 %v1457, i32 %v1459" [/home/silvenchen/Desktop/DitBlock/WorkDCT/DitBlock/kernel.cpp:2745]   --->   Operation 26 'fmul' 'v1463' <Predicate = (!icmp_ln2736)> <Delay = 4.90> <CoreInst = "FMul_maxdsp">   --->   Core 30 'FMul_maxdsp' <Latency = 1> <II = 1> <Delay = 4.90> <FuncUnit> <Opcode : 'fmul'> <InPorts = 2> <OutPorts = 1>
ST_3 : Operation 27 [1/1] (1.43ns)   --->   "%write_ln2750 = write void @_ssdm_op_Write.ap_fifo.volatile.i32P0A, i32 %A_fifo1_6_7, i32 %A_fifo1_6_6_read" [/home/silvenchen/Desktop/DitBlock/WorkDCT/DitBlock/kernel.cpp:2750]   --->   Operation 27 'write' 'write_ln2750' <Predicate = (!icmp_ln2736)> <Delay = 1.43> <CoreInst = "FIFO_SRL">   --->   Core 81 'FIFO_SRL' <Latency = 0> <II = 1> <Delay = 1.43> <Storage> <Opcode : 'read' 'write' 'nbread' 'nbwrite'> <Ports = 0> <Width = 32> <Depth = 9> <FIFO>
ST_3 : Operation 28 [1/1] (1.43ns)   --->   "%write_ln2752 = write void @_ssdm_op_Write.ap_fifo.volatile.i32P0A, i32 %B_fifo1_6_7, i32 %B_fifo1_6_6_read" [/home/silvenchen/Desktop/DitBlock/WorkDCT/DitBlock/kernel.cpp:2752]   --->   Operation 28 'write' 'write_ln2752' <Predicate = (!icmp_ln2736)> <Delay = 1.43> <CoreInst = "FIFO_SRL">   --->   Core 81 'FIFO_SRL' <Latency = 0> <II = 1> <Delay = 1.43> <Storage> <Opcode : 'read' 'write' 'nbread' 'nbwrite'> <Ports = 0> <Width = 32> <Depth = 9> <FIFO>
ST_3 : Operation 29 [1/1] (0.38ns)   --->   "%store_ln2736 = store i10 %k64_2, i10 %k64" [/home/silvenchen/Desktop/DitBlock/WorkDCT/DitBlock/kernel.cpp:2736]   --->   Operation 29 'store' 'store_ln2736' <Predicate = (!icmp_ln2736)> <Delay = 0.38>

State 4 <SV = 3> <Delay = 4.90>
ST_4 : Operation 30 [1/2] (4.90ns)   --->   "%v1463 = fmul i32 %v1457, i32 %v1459" [/home/silvenchen/Desktop/DitBlock/WorkDCT/DitBlock/kernel.cpp:2745]   --->   Operation 30 'fmul' 'v1463' <Predicate = true> <Delay = 4.90> <CoreInst = "FMul_maxdsp">   --->   Core 30 'FMul_maxdsp' <Latency = 1> <II = 1> <Delay = 4.90> <FuncUnit> <Opcode : 'fmul'> <InPorts = 2> <OutPorts = 1>

State 5 <SV = 4> <Delay = 6.14>
ST_5 : Operation 31 [1/1] (0.00ns)   --->   "%v1464_load_1 = load i32 %v1464" [/home/silvenchen/Desktop/DitBlock/WorkDCT/DitBlock/kernel.cpp:2747]   --->   Operation 31 'load' 'v1464_load_1' <Predicate = true> <Delay = 0.00>
ST_5 : Operation 32 [3/3] (6.14ns)   --->   "%v1465 = fadd i32 %v1464_load_1, i32 %v1463" [/home/silvenchen/Desktop/DitBlock/WorkDCT/DitBlock/kernel.cpp:2747]   --->   Operation 32 'fadd' 'v1465' <Predicate = true> <Delay = 6.14> <CoreInst = "FAddSub_fulldsp">   --->   Core 18 'FAddSub_fulldsp' <Latency = 2> <II = 1> <Delay = 6.14> <FuncUnit> <Opcode : 'fadd' 'fsub'> <InPorts = 2> <OutPorts = 1>

State 6 <SV = 5> <Delay = 6.14>
ST_6 : Operation 33 [2/3] (6.14ns)   --->   "%v1465 = fadd i32 %v1464_load_1, i32 %v1463" [/home/silvenchen/Desktop/DitBlock/WorkDCT/DitBlock/kernel.cpp:2747]   --->   Operation 33 'fadd' 'v1465' <Predicate = true> <Delay = 6.14> <CoreInst = "FAddSub_fulldsp">   --->   Core 18 'FAddSub_fulldsp' <Latency = 2> <II = 1> <Delay = 6.14> <FuncUnit> <Opcode : 'fadd' 'fsub'> <InPorts = 2> <OutPorts = 1>

State 7 <SV = 6> <Delay = 6.53>
ST_7 : Operation 34 [1/1] (0.00ns)   --->   "%specpipeline_ln2734 = specpipeline void @_ssdm_op_SpecPipeline, i32 4294967295, i32 0, i32 0, i32 0, void @empty_191" [/home/silvenchen/Desktop/DitBlock/WorkDCT/DitBlock/kernel.cpp:2734]   --->   Operation 34 'specpipeline' 'specpipeline_ln2734' <Predicate = true> <Delay = 0.00>
ST_7 : Operation 35 [1/1] (0.00ns)   --->   "%speclooptripcount_ln2734 = speclooptripcount void @_ssdm_op_SpecLoopTripCount, i64 512, i64 512, i64 512" [/home/silvenchen/Desktop/DitBlock/WorkDCT/DitBlock/kernel.cpp:2734]   --->   Operation 35 'speclooptripcount' 'speclooptripcount_ln2734' <Predicate = true> <Delay = 0.00>
ST_7 : Operation 36 [1/1] (0.00ns)   --->   "%specloopname_ln2736 = specloopname void @_ssdm_op_SpecLoopName, void @empty_124" [/home/silvenchen/Desktop/DitBlock/WorkDCT/DitBlock/kernel.cpp:2736]   --->   Operation 36 'specloopname' 'specloopname_ln2736' <Predicate = true> <Delay = 0.00>
ST_7 : Operation 37 [1/3] (6.14ns)   --->   "%v1465 = fadd i32 %v1464_load_1, i32 %v1463" [/home/silvenchen/Desktop/DitBlock/WorkDCT/DitBlock/kernel.cpp:2747]   --->   Operation 37 'fadd' 'v1465' <Predicate = true> <Delay = 6.14> <CoreInst = "FAddSub_fulldsp">   --->   Core 18 'FAddSub_fulldsp' <Latency = 2> <II = 1> <Delay = 6.14> <FuncUnit> <Opcode : 'fadd' 'fsub'> <InPorts = 2> <OutPorts = 1>
ST_7 : Operation 38 [1/1] (0.38ns)   --->   "%store_ln2746 = store i32 %v1465, i32 %v1464" [/home/silvenchen/Desktop/DitBlock/WorkDCT/DitBlock/kernel.cpp:2746]   --->   Operation 38 'store' 'store_ln2746' <Predicate = true> <Delay = 0.38>
ST_7 : Operation 39 [1/1] (0.00ns)   --->   "%br_ln2736 = br void %for.inc" [/home/silvenchen/Desktop/DitBlock/WorkDCT/DitBlock/kernel.cpp:2736]   --->   Operation 39 'br' 'br_ln2736' <Predicate = true> <Delay = 0.00>

State 8 <SV = 2> <Delay = 1.42>
ST_8 : Operation 40 [1/1] (0.00ns)   --->   "%v1464_load = load i32 %v1464" [/home/silvenchen/Desktop/DitBlock/WorkDCT/DitBlock/kernel.cpp:2755]   --->   Operation 40 'load' 'v1464_load' <Predicate = true> <Delay = 0.00>
ST_8 : Operation 41 [1/1] (1.42ns)   --->   "%write_ln2755 = write void @_ssdm_op_Write.ap_auto.floatP0A, i32 %v1452_6_6, i32 %v1464_load" [/home/silvenchen/Desktop/DitBlock/WorkDCT/DitBlock/kernel.cpp:2755]   --->   Operation 41 'write' 'write_ln2755' <Predicate = true> <Delay = 1.42> <CoreInst = "FIFO_SRL">   --->   Core 81 'FIFO_SRL' <Latency = 0> <II = 1> <Delay = 1.42> <Storage> <Opcode : 'read' 'write' 'nbread' 'nbwrite'> <Ports = 0> <Width = -1> <Depth = -1> <FIFO>
ST_8 : Operation 42 [1/1] (0.00ns)   --->   "%ret_ln2756 = ret" [/home/silvenchen/Desktop/DitBlock/WorkDCT/DitBlock/kernel.cpp:2756]   --->   Operation 42 'ret' 'ret_ln2756' <Predicate = true> <Delay = 0.00>


============================================================
+ Verbose Summary: Timing violations
============================================================
Target clock period: 10.000ns, clock uncertainty: 2.700ns.

 <State 1>: 0.387ns
The critical path consists of the following:
	'alloca' operation 10 bit ('k64', /home/silvenchen/Desktop/DitBlock/WorkDCT/DitBlock/kernel.cpp:2736) [7]  (0.000 ns)
	'store' operation 0 bit ('store_ln2736', /home/silvenchen/Desktop/DitBlock/WorkDCT/DitBlock/kernel.cpp:2736) of constant 0 on local variable 'k64', /home/silvenchen/Desktop/DitBlock/WorkDCT/DitBlock/kernel.cpp:2736 [12]  (0.387 ns)

 <State 2>: 0.725ns
The critical path consists of the following:
	'load' operation 10 bit ('k64', /home/silvenchen/Desktop/DitBlock/WorkDCT/DitBlock/kernel.cpp:2736) on local variable 'k64', /home/silvenchen/Desktop/DitBlock/WorkDCT/DitBlock/kernel.cpp:2736 [16]  (0.000 ns)
	'icmp' operation 1 bit ('icmp_ln2736', /home/silvenchen/Desktop/DitBlock/WorkDCT/DitBlock/kernel.cpp:2736) [17]  (0.725 ns)

 <State 3>: 6.333ns
The critical path consists of the following:
	fifo read operation ('A_fifo1_6_6_read', /home/silvenchen/Desktop/DitBlock/WorkDCT/DitBlock/kernel.cpp:2737) on port 'A_fifo1_6_6' (/home/silvenchen/Desktop/DitBlock/WorkDCT/DitBlock/kernel.cpp:2737) [25]  (1.432 ns)
	'fmul' operation 32 bit ('v1463', /home/silvenchen/Desktop/DitBlock/WorkDCT/DitBlock/kernel.cpp:2745) [29]  (4.901 ns)

 <State 4>: 4.901ns
The critical path consists of the following:
	'fmul' operation 32 bit ('v1463', /home/silvenchen/Desktop/DitBlock/WorkDCT/DitBlock/kernel.cpp:2745) [29]  (4.901 ns)

 <State 5>: 6.149ns
The critical path consists of the following:
	'load' operation 32 bit ('v1464_load_1', /home/silvenchen/Desktop/DitBlock/WorkDCT/DitBlock/kernel.cpp:2747) on local variable 'v1464', /home/silvenchen/Desktop/DitBlock/WorkDCT/DitBlock/kernel.cpp:2746 [21]  (0.000 ns)
	'fadd' operation 32 bit ('v1465', /home/silvenchen/Desktop/DitBlock/WorkDCT/DitBlock/kernel.cpp:2747) [30]  (6.149 ns)

 <State 6>: 6.149ns
The critical path consists of the following:
	'fadd' operation 32 bit ('v1465', /home/silvenchen/Desktop/DitBlock/WorkDCT/DitBlock/kernel.cpp:2747) [30]  (6.149 ns)

 <State 7>: 6.536ns
The critical path consists of the following:
	'fadd' operation 32 bit ('v1465', /home/silvenchen/Desktop/DitBlock/WorkDCT/DitBlock/kernel.cpp:2747) [30]  (6.149 ns)
	'store' operation 0 bit ('store_ln2746', /home/silvenchen/Desktop/DitBlock/WorkDCT/DitBlock/kernel.cpp:2746) of variable 'v1465', /home/silvenchen/Desktop/DitBlock/WorkDCT/DitBlock/kernel.cpp:2747 on local variable 'v1464', /home/silvenchen/Desktop/DitBlock/WorkDCT/DitBlock/kernel.cpp:2746 [34]  (0.387 ns)

 <State 8>: 1.429ns
The critical path consists of the following:
	'load' operation 32 bit ('v1464_load', /home/silvenchen/Desktop/DitBlock/WorkDCT/DitBlock/kernel.cpp:2755) on local variable 'v1464', /home/silvenchen/Desktop/DitBlock/WorkDCT/DitBlock/kernel.cpp:2746 [37]  (0.000 ns)
	wire write operation ('write_ln2755', /home/silvenchen/Desktop/DitBlock/WorkDCT/DitBlock/kernel.cpp:2755) on port 'v1452_6_6' (/home/silvenchen/Desktop/DitBlock/WorkDCT/DitBlock/kernel.cpp:2755) [38]  (1.429 ns)


============================================================
+ Verbose Summary: Binding
============================================================
N/A
* FSMD analyzer results:
  - Output states:
 - Input state : 
  - Chain level:
	State 1
	State 2
	State 3
	State 4
	State 5
	State 6
	State 7
	State 8


============================================================
+ Verbose Summary: Datapath Resource usage 
============================================================
N/A
