

================================================================
== Vitis HLS Report for 'RoPE_Pipeline_l_rope_split_1_i6_l_j4'
================================================================
* Date:           Mon Feb 17 20:38:05 2025

* Version:        2023.2 (Build 4023990 on Oct 11 2023)
* Project:        DitBlock
* Solution:       hls (Vivado IP Flow Target)
* Product family: virtexuplusHBM
* Target device:  xcu280-fsvh2892-2L-e


================================================================
== Performance Estimates
================================================================
+ Timing: 
    * Summary: 
    +--------+----------+----------+------------+
    |  Clock |  Target  | Estimated| Uncertainty|
    +--------+----------+----------+------------+
    |ap_clk  |  10.00 ns|  3.912 ns|     2.70 ns|
    +--------+----------+----------+------------+

+ Latency: 
    * Summary: 
    +---------+---------+----------+----------+-------+-------+---------+
    |  Latency (cycles) |  Latency (absolute) |    Interval   | Pipeline|
    |   min   |   max   |    min   |    max   |  min  |  max  |   Type  |
    +---------+---------+----------+----------+-------+-------+---------+
    |    32770|    32770|  0.328 ms|  0.328 ms|  32770|  32770|       no|
    +---------+---------+----------+----------+-------+-------+---------+

    + Detail: 
        * Instance: 
        N/A

        * Loop: 
        +--------------------------+---------+---------+----------+-----------+-----------+-------+----------+
        |                          |  Latency (cycles) | Iteration|  Initiation Interval  |  Trip |          |
        |         Loop Name        |   min   |   max   |  Latency |  achieved |   target  | Count | Pipelined|
        +--------------------------+---------+---------+----------+-----------+-----------+-------+----------+
        |- l_rope_split_1_i6_l_j4  |    32768|    32768|         2|          1|          1|  32768|       yes|
        +--------------------------+---------+---------+----------+-----------+-----------+-------+----------+



================================================================
== Utilization Estimates
================================================================
* Summary: 
+---------------------+---------+------+---------+---------+-----+
|         Name        | BRAM_18K|  DSP |    FF   |   LUT   | URAM|
+---------------------+---------+------+---------+---------+-----+
|DSP                  |        -|     -|        -|        -|    -|
|Expression           |        -|     -|        0|      133|    -|
|FIFO                 |        -|     -|        -|        -|    -|
|Instance             |        -|     -|        -|        -|    -|
|Memory               |        -|     -|        -|        -|    -|
|Multiplexer          |        -|     -|        -|       54|    -|
|Register             |        -|     -|       52|        -|    -|
+---------------------+---------+------+---------+---------+-----+
|Total                |        0|     0|       52|      187|    0|
+---------------------+---------+------+---------+---------+-----+
|Available SLR        |     1344|  3008|   869120|   434560|  320|
+---------------------+---------+------+---------+---------+-----+
|Utilization SLR (%)  |        0|     0|       ~0|       ~0|    0|
+---------------------+---------+------+---------+---------+-----+
|Available            |     4032|  9024|  2607360|  1303680|  960|
+---------------------+---------+------+---------+---------+-----+
|Utilization (%)      |        0|     0|       ~0|       ~0|    0|
+---------------------+---------+------+---------+---------+-----+

+ Detail: 
    * Instance: 
    N/A

    * DSP: 
    N/A

    * Memory: 
    N/A

    * FIFO: 
    N/A

    * Expression: 
    +---------------------------+----------+----+---+----+------------+------------+
    |       Variable Name       | Operation| DSP| FF| LUT| Bitwidth P0| Bitwidth P1|
    +---------------------------+----------+----+---+----+------------+------------+
    |add_ln9474_1_fu_127_p2     |         +|   0|  0|  23|          16|           1|
    |add_ln9474_fu_139_p2       |         +|   0|  0|  18|          11|           1|
    |add_ln9475_fu_203_p2       |         +|   0|  0|  13|           6|           1|
    |add_ln9477_fu_183_p2       |         +|   0|  0|  22|          15|          15|
    |icmp_ln9474_fu_121_p2      |      icmp|   0|  0|  24|          16|          17|
    |icmp_ln9475_fu_145_p2      |      icmp|   0|  0|  14|           6|           7|
    |select_ln9474_1_fu_159_p3  |    select|   0|  0|  11|           1|          11|
    |select_ln9474_fu_151_p3    |    select|   0|  0|   6|           1|           1|
    |ap_enable_pp0              |       xor|   0|  0|   2|           1|           2|
    +---------------------------+----------+----+---+----+------------+------------+
    |Total                      |          |   0|  0| 133|          73|          56|
    +---------------------------+----------+----+---+----+------------+------------+

    * Multiplexer: 
    +-------------------------+----+-----------+-----+-----------+
    |           Name          | LUT| Input Size| Bits| Total Bits|
    +-------------------------+----+-----------+-----+-----------+
    |ap_done_int              |   9|          2|    1|          2|
    |ap_enable_reg_pp0_iter1  |   9|          2|    1|          2|
    |ap_enable_reg_pp0_iter2  |   9|          2|    1|          2|
    |i6_fu_62                 |   9|          2|   11|         22|
    |indvar_flatten_fu_66     |   9|          2|   16|         32|
    |j4_fu_58                 |   9|          2|    6|         12|
    +-------------------------+----+-----------+-----+-----------+
    |Total                    |  54|         12|   36|         72|
    +-------------------------+----+-----------+-----+-----------+

    * Register: 
    +-------------------------+----+----+-----+-----------+
    |           Name          | FF | LUT| Bits| Const Bits|
    +-------------------------+----+----+-----+-----------+
    |add_ln9477_reg_257       |  15|   0|   15|          0|
    |ap_CS_fsm                |   1|   0|    1|          0|
    |ap_done_reg              |   1|   0|    1|          0|
    |ap_enable_reg_pp0_iter1  |   1|   0|    1|          0|
    |ap_enable_reg_pp0_iter2  |   1|   0|    1|          0|
    |i6_fu_62                 |  11|   0|   11|          0|
    |indvar_flatten_fu_66     |  16|   0|   16|          0|
    |j4_fu_58                 |   6|   0|    6|          0|
    +-------------------------+----+----+-----+-----------+
    |Total                    |  52|   0|   52|          0|
    +-------------------------+----+----+-----+-----------+



================================================================
== Interface
================================================================
* Summary: 
+----------------+-----+-----+------------+--------------------------------------+--------------+
|    RTL Ports   | Dir | Bits|  Protocol  |             Source Object            |    C Type    |
+----------------+-----+-----+------------+--------------------------------------+--------------+
|ap_clk          |   in|    1|  ap_ctrl_hs|  RoPE_Pipeline_l_rope_split_1_i6_l_j4|  return value|
|ap_rst          |   in|    1|  ap_ctrl_hs|  RoPE_Pipeline_l_rope_split_1_i6_l_j4|  return value|
|ap_start        |   in|    1|  ap_ctrl_hs|  RoPE_Pipeline_l_rope_split_1_i6_l_j4|  return value|
|ap_done         |  out|    1|  ap_ctrl_hs|  RoPE_Pipeline_l_rope_split_1_i6_l_j4|  return value|
|ap_idle         |  out|    1|  ap_ctrl_hs|  RoPE_Pipeline_l_rope_split_1_i6_l_j4|  return value|
|ap_ready        |  out|    1|  ap_ctrl_hs|  RoPE_Pipeline_l_rope_split_1_i6_l_j4|  return value|
|X_1_h_address0  |  out|   15|   ap_memory|                                 X_1_h|         array|
|X_1_h_ce0       |  out|    1|   ap_memory|                                 X_1_h|         array|
|X_1_h_we0       |  out|    1|   ap_memory|                                 X_1_h|         array|
|X_1_h_d0        |  out|   32|   ap_memory|                                 X_1_h|         array|
|empty           |   in|    3|     ap_none|                                 empty|        scalar|
|v5222_address0  |  out|   19|   ap_memory|                                 v5222|         array|
|v5222_ce0       |  out|    1|   ap_memory|                                 v5222|         array|
|v5222_q0        |   in|   32|   ap_memory|                                 v5222|         array|
+----------------+-----+-----+------------+--------------------------------------+--------------+

============================================================
+ Verbose Summary: Synthesis Manager
============================================================
InlineROM: 1
ExposeGlobal: 0
============================================================
+ Verbose Summary: CDFG Model
============================================================
IsTopModel: 0
ResetActiveHigh: 1
IsCombinational: 2
IsDatapathOnly: 2
HasWiredReturn: 1
HasMFsm: 2
HasVarLatency: 1
IsPipeline: 0
IsRtlPipelined: 0
IsInstanceOverlapped: 0
IsDontTouch: 0
HasImplIP: 0
IsGatedGlobalClock: 0

+ Individual pipeline summary: 
  * Pipeline-0: initiation interval (II) = 1, depth = 3


============================================================
+ Verbose Summary: Schedule
============================================================
* Number of FSM states : 3
* Pipeline : 1
  Pipeline-0 : II = 1, D = 3, States = { 1 2 3 }
* Dataflow Pipeline: 0

* FSM state transitions: 
1 --> 2 
2 --> 3 
3 --> 

* FSM state operations: 

State 1 <SV = 0> <Delay = 0.38>
ST_1 : Operation 5 [1/1] (0.00ns)   --->   "%j4 = alloca i32 1" [/home/silvenchen/Desktop/DitBlock/WorkDCT/DitBlock/kernel.cpp:9475]   --->   Operation 5 'alloca' 'j4' <Predicate = true> <Delay = 0.00>
ST_1 : Operation 6 [1/1] (0.00ns)   --->   "%i6 = alloca i32 1" [/home/silvenchen/Desktop/DitBlock/WorkDCT/DitBlock/kernel.cpp:9474]   --->   Operation 6 'alloca' 'i6' <Predicate = true> <Delay = 0.00>
ST_1 : Operation 7 [1/1] (0.00ns)   --->   "%indvar_flatten = alloca i32 1"   --->   Operation 7 'alloca' 'indvar_flatten' <Predicate = true> <Delay = 0.00>
ST_1 : Operation 8 [1/1] (0.00ns)   --->   "%specmemcore_ln0 = specmemcore void @_ssdm_op_SpecMemCore, i32 %v5222, i64 666, i64 24, i64 18446744073709551615"   --->   Operation 8 'specmemcore' 'specmemcore_ln0' <Predicate = true> <Delay = 0.00>
ST_1 : Operation 9 [1/1] (0.00ns)   --->   "%tmp = read i3 @_ssdm_op_Read.ap_auto.i3, i3 %empty"   --->   Operation 9 'read' 'tmp' <Predicate = true> <Delay = 0.00>
ST_1 : Operation 10 [1/1] (0.38ns)   --->   "%store_ln0 = store i16 0, i16 %indvar_flatten"   --->   Operation 10 'store' 'store_ln0' <Predicate = true> <Delay = 0.38>
ST_1 : Operation 11 [1/1] (0.38ns)   --->   "%store_ln9474 = store i11 0, i11 %i6" [/home/silvenchen/Desktop/DitBlock/WorkDCT/DitBlock/kernel.cpp:9474]   --->   Operation 11 'store' 'store_ln9474' <Predicate = true> <Delay = 0.38>
ST_1 : Operation 12 [1/1] (0.38ns)   --->   "%store_ln9475 = store i6 0, i6 %j4" [/home/silvenchen/Desktop/DitBlock/WorkDCT/DitBlock/kernel.cpp:9475]   --->   Operation 12 'store' 'store_ln9475' <Predicate = true> <Delay = 0.38>
ST_1 : Operation 13 [1/1] (0.00ns)   --->   "%br_ln0 = br void %for.inc"   --->   Operation 13 'br' 'br_ln0' <Predicate = true> <Delay = 0.00>

State 2 <SV = 1> <Delay = 3.70>
ST_2 : Operation 14 [1/1] (0.00ns)   --->   "%indvar_flatten_load = load i16 %indvar_flatten" [/home/silvenchen/Desktop/DitBlock/WorkDCT/DitBlock/kernel.cpp:9474]   --->   Operation 14 'load' 'indvar_flatten_load' <Predicate = true> <Delay = 0.00>
ST_2 : Operation 15 [1/1] (0.78ns)   --->   "%icmp_ln9474 = icmp_eq  i16 %indvar_flatten_load, i16 32768" [/home/silvenchen/Desktop/DitBlock/WorkDCT/DitBlock/kernel.cpp:9474]   --->   Operation 15 'icmp' 'icmp_ln9474' <Predicate = true> <Delay = 0.78> <CoreInst = "Cmp">   --->   Core 9 'Cmp' <Latency = 0> <II = 1> <Delay = 0.79> <FuncUnit> <Opcode : 'icmp'> <InPorts = 2> <OutPorts = 1>
ST_2 : Operation 16 [1/1] (0.78ns)   --->   "%add_ln9474_1 = add i16 %indvar_flatten_load, i16 1" [/home/silvenchen/Desktop/DitBlock/WorkDCT/DitBlock/kernel.cpp:9474]   --->   Operation 16 'add' 'add_ln9474_1' <Predicate = true> <Delay = 0.78> <CoreInst = "Adder">   --->   Core 1 'Adder' <Latency = 0> <II = 1> <Delay = 0.78> <FuncUnit> <Opcode : 'add' 'sub'> <InPorts = 2> <OutPorts = 1>
ST_2 : Operation 17 [1/1] (0.00ns)   --->   "%br_ln9474 = br i1 %icmp_ln9474, void %for.inc15, void %for.inc37.preheader.exitStub" [/home/silvenchen/Desktop/DitBlock/WorkDCT/DitBlock/kernel.cpp:9474]   --->   Operation 17 'br' 'br_ln9474' <Predicate = true> <Delay = 0.00>
ST_2 : Operation 18 [1/1] (0.00ns)   --->   "%j4_load = load i6 %j4" [/home/silvenchen/Desktop/DitBlock/WorkDCT/DitBlock/kernel.cpp:9475]   --->   Operation 18 'load' 'j4_load' <Predicate = (!icmp_ln9474)> <Delay = 0.00>
ST_2 : Operation 19 [1/1] (0.00ns)   --->   "%i6_load = load i11 %i6" [/home/silvenchen/Desktop/DitBlock/WorkDCT/DitBlock/kernel.cpp:9474]   --->   Operation 19 'load' 'i6_load' <Predicate = (!icmp_ln9474)> <Delay = 0.00>
ST_2 : Operation 20 [1/1] (0.73ns)   --->   "%add_ln9474 = add i11 %i6_load, i11 1" [/home/silvenchen/Desktop/DitBlock/WorkDCT/DitBlock/kernel.cpp:9474]   --->   Operation 20 'add' 'add_ln9474' <Predicate = (!icmp_ln9474)> <Delay = 0.73> <CoreInst = "Adder">   --->   Core 1 'Adder' <Latency = 0> <II = 1> <Delay = 0.73> <FuncUnit> <Opcode : 'add' 'sub'> <InPorts = 2> <OutPorts = 1>
ST_2 : Operation 21 [1/1] (0.70ns)   --->   "%icmp_ln9475 = icmp_eq  i6 %j4_load, i6 32" [/home/silvenchen/Desktop/DitBlock/WorkDCT/DitBlock/kernel.cpp:9475]   --->   Operation 21 'icmp' 'icmp_ln9475' <Predicate = (!icmp_ln9474)> <Delay = 0.70> <CoreInst = "Cmp">   --->   Core 9 'Cmp' <Latency = 0> <II = 1> <Delay = 0.70> <FuncUnit> <Opcode : 'icmp'> <InPorts = 2> <OutPorts = 1>
ST_2 : Operation 22 [1/1] (0.29ns)   --->   "%select_ln9474 = select i1 %icmp_ln9475, i6 0, i6 %j4_load" [/home/silvenchen/Desktop/DitBlock/WorkDCT/DitBlock/kernel.cpp:9474]   --->   Operation 22 'select' 'select_ln9474' <Predicate = (!icmp_ln9474)> <Delay = 0.29> <CoreInst = "Sel">   --->   Core 73 'Sel' <Latency = 0> <II = 1> <Delay = 0.29> <FuncUnit> <Opcode : 'select'> <InPorts = 3> <OutPorts = 1>
ST_2 : Operation 23 [1/1] (0.30ns)   --->   "%select_ln9474_1 = select i1 %icmp_ln9475, i11 %add_ln9474, i11 %i6_load" [/home/silvenchen/Desktop/DitBlock/WorkDCT/DitBlock/kernel.cpp:9474]   --->   Operation 23 'select' 'select_ln9474_1' <Predicate = (!icmp_ln9474)> <Delay = 0.30> <CoreInst = "Sel">   --->   Core 73 'Sel' <Latency = 0> <II = 1> <Delay = 0.30> <FuncUnit> <Opcode : 'select'> <InPorts = 3> <OutPorts = 1>
ST_2 : Operation 24 [1/1] (0.00ns)   --->   "%trunc_ln9477 = trunc i11 %select_ln9474_1" [/home/silvenchen/Desktop/DitBlock/WorkDCT/DitBlock/kernel.cpp:9477]   --->   Operation 24 'trunc' 'trunc_ln9477' <Predicate = (!icmp_ln9474)> <Delay = 0.00>
ST_2 : Operation 25 [1/1] (0.00ns)   --->   "%tmp_s = bitconcatenate i15 @_ssdm_op_BitConcatenate.i15.i10.i5, i10 %trunc_ln9477, i5 0" [/home/silvenchen/Desktop/DitBlock/WorkDCT/DitBlock/kernel.cpp:9477]   --->   Operation 25 'bitconcatenate' 'tmp_s' <Predicate = (!icmp_ln9474)> <Delay = 0.00>
ST_2 : Operation 26 [1/1] (0.00ns)   --->   "%zext_ln9477 = zext i6 %select_ln9474" [/home/silvenchen/Desktop/DitBlock/WorkDCT/DitBlock/kernel.cpp:9477]   --->   Operation 26 'zext' 'zext_ln9477' <Predicate = (!icmp_ln9474)> <Delay = 0.00>
ST_2 : Operation 27 [1/1] (0.77ns)   --->   "%add_ln9477 = add i15 %tmp_s, i15 %zext_ln9477" [/home/silvenchen/Desktop/DitBlock/WorkDCT/DitBlock/kernel.cpp:9477]   --->   Operation 27 'add' 'add_ln9477' <Predicate = (!icmp_ln9474)> <Delay = 0.77> <CoreInst = "Adder">   --->   Core 1 'Adder' <Latency = 0> <II = 1> <Delay = 0.77> <FuncUnit> <Opcode : 'add' 'sub'> <InPorts = 2> <OutPorts = 1>
ST_2 : Operation 28 [1/1] (0.00ns)   --->   "%tmp_30 = bitconcatenate i19 @_ssdm_op_BitConcatenate.i19.i10.i3.i6, i10 %trunc_ln9477, i3 %tmp, i6 %select_ln9474" [/home/silvenchen/Desktop/DitBlock/WorkDCT/DitBlock/kernel.cpp:9476]   --->   Operation 28 'bitconcatenate' 'tmp_30' <Predicate = (!icmp_ln9474)> <Delay = 0.00>
ST_2 : Operation 29 [1/1] (0.00ns)   --->   "%zext_ln9476 = zext i19 %tmp_30" [/home/silvenchen/Desktop/DitBlock/WorkDCT/DitBlock/kernel.cpp:9476]   --->   Operation 29 'zext' 'zext_ln9476' <Predicate = (!icmp_ln9474)> <Delay = 0.00>
ST_2 : Operation 30 [1/1] (0.00ns)   --->   "%v5222_addr = getelementptr i32 %v5222, i64 0, i64 %zext_ln9476" [/home/silvenchen/Desktop/DitBlock/WorkDCT/DitBlock/kernel.cpp:9476]   --->   Operation 30 'getelementptr' 'v5222_addr' <Predicate = (!icmp_ln9474)> <Delay = 0.00>
ST_2 : Operation 31 [2/2] (2.66ns)   --->   "%v5231 = load i19 %v5222_addr" [/home/silvenchen/Desktop/DitBlock/WorkDCT/DitBlock/kernel.cpp:9476]   --->   Operation 31 'load' 'v5231' <Predicate = (!icmp_ln9474)> <Delay = 2.66> <CoreInst = "RAM_2P_URAM">   --->   Core 95 'RAM_2P_URAM' <Latency = 1> <II = 1> <Delay = 2.66> <Storage> <Opcode : 'load' 'store'> <Ports = 2> <Width = 32> <Depth = 524288> <RAM>
ST_2 : Operation 32 [1/1] (0.70ns)   --->   "%add_ln9475 = add i6 %select_ln9474, i6 1" [/home/silvenchen/Desktop/DitBlock/WorkDCT/DitBlock/kernel.cpp:9475]   --->   Operation 32 'add' 'add_ln9475' <Predicate = (!icmp_ln9474)> <Delay = 0.70> <CoreInst = "Adder">   --->   Core 1 'Adder' <Latency = 0> <II = 1> <Delay = 0.70> <FuncUnit> <Opcode : 'add' 'sub'> <InPorts = 2> <OutPorts = 1>
ST_2 : Operation 33 [1/1] (0.38ns)   --->   "%store_ln9474 = store i16 %add_ln9474_1, i16 %indvar_flatten" [/home/silvenchen/Desktop/DitBlock/WorkDCT/DitBlock/kernel.cpp:9474]   --->   Operation 33 'store' 'store_ln9474' <Predicate = (!icmp_ln9474)> <Delay = 0.38>
ST_2 : Operation 34 [1/1] (0.38ns)   --->   "%store_ln9474 = store i11 %select_ln9474_1, i11 %i6" [/home/silvenchen/Desktop/DitBlock/WorkDCT/DitBlock/kernel.cpp:9474]   --->   Operation 34 'store' 'store_ln9474' <Predicate = (!icmp_ln9474)> <Delay = 0.38>
ST_2 : Operation 35 [1/1] (0.38ns)   --->   "%store_ln9475 = store i6 %add_ln9475, i6 %j4" [/home/silvenchen/Desktop/DitBlock/WorkDCT/DitBlock/kernel.cpp:9475]   --->   Operation 35 'store' 'store_ln9475' <Predicate = (!icmp_ln9474)> <Delay = 0.38>
ST_2 : Operation 44 [1/1] (0.00ns)   --->   "%ret_ln0 = ret"   --->   Operation 44 'ret' 'ret_ln0' <Predicate = (icmp_ln9474)> <Delay = 0.00>

State 3 <SV = 2> <Delay = 3.91>
ST_3 : Operation 36 [1/1] (0.00ns)   --->   "%specloopname_ln0 = specloopname void @_ssdm_op_SpecLoopName, void @l_rope_split_1_i6_l_j4_str"   --->   Operation 36 'specloopname' 'specloopname_ln0' <Predicate = true> <Delay = 0.00>
ST_3 : Operation 37 [1/1] (0.00ns)   --->   "%speclooptripcount_ln0 = speclooptripcount void @_ssdm_op_SpecLoopTripCount, i64 32768, i64 32768, i64 32768"   --->   Operation 37 'speclooptripcount' 'speclooptripcount_ln0' <Predicate = true> <Delay = 0.00>
ST_3 : Operation 38 [1/1] (0.00ns)   --->   "%zext_ln9477_1 = zext i15 %add_ln9477" [/home/silvenchen/Desktop/DitBlock/WorkDCT/DitBlock/kernel.cpp:9477]   --->   Operation 38 'zext' 'zext_ln9477_1' <Predicate = true> <Delay = 0.00>
ST_3 : Operation 39 [1/1] (0.00ns)   --->   "%X_1_h_addr = getelementptr i32 %X_1_h, i64 0, i64 %zext_ln9477_1" [/home/silvenchen/Desktop/DitBlock/WorkDCT/DitBlock/kernel.cpp:9477]   --->   Operation 39 'getelementptr' 'X_1_h_addr' <Predicate = true> <Delay = 0.00>
ST_3 : Operation 40 [1/1] (0.00ns)   --->   "%specpipeline_ln9475 = specpipeline void @_ssdm_op_SpecPipeline, i32 4294967295, i32 0, i32 0, i32 0, void @empty_191" [/home/silvenchen/Desktop/DitBlock/WorkDCT/DitBlock/kernel.cpp:9475]   --->   Operation 40 'specpipeline' 'specpipeline_ln9475' <Predicate = true> <Delay = 0.00>
ST_3 : Operation 41 [1/2] (2.66ns)   --->   "%v5231 = load i19 %v5222_addr" [/home/silvenchen/Desktop/DitBlock/WorkDCT/DitBlock/kernel.cpp:9476]   --->   Operation 41 'load' 'v5231' <Predicate = true> <Delay = 2.66> <CoreInst = "RAM_2P_URAM">   --->   Core 95 'RAM_2P_URAM' <Latency = 1> <II = 1> <Delay = 2.66> <Storage> <Opcode : 'load' 'store'> <Ports = 2> <Width = 32> <Depth = 524288> <RAM>
ST_3 : Operation 42 [1/1] (1.24ns)   --->   "%store_ln9477 = store i32 %v5231, i15 %X_1_h_addr" [/home/silvenchen/Desktop/DitBlock/WorkDCT/DitBlock/kernel.cpp:9477]   --->   Operation 42 'store' 'store_ln9477' <Predicate = true> <Delay = 1.24> <CoreInst = "RAM">   --->   Core 83 'RAM' <Latency = 1> <II = 1> <Delay = 1.24> <Storage> <Opcode : 'load' 'store'> <Ports = 2> <Width = 32> <Depth = 32768> <RAM>
ST_3 : Operation 43 [1/1] (0.00ns)   --->   "%br_ln9475 = br void %for.inc" [/home/silvenchen/Desktop/DitBlock/WorkDCT/DitBlock/kernel.cpp:9475]   --->   Operation 43 'br' 'br_ln9475' <Predicate = true> <Delay = 0.00>


============================================================
+ Verbose Summary: Binding
============================================================
STG Binding: 
---------------- STG Properties BEGIN ----------------
- Is combinational: 0
- Is one-state seq: 0
- Is datapath-only: 0
- Is pipelined: 0
- Is top level: 0
Port [ Return ] is wired: 1; IO mode=ap_ctrl_hs:ce=0
Port [ X_1_h]:  wired=1; compound=1; hidden=0; nouse=0; global=0; static=0; extern=0; dir=1; type=1; pingpong=0; private_global=0; MemPort=[03]; IO mode=ap_memory:ce=0
Port [ empty]:  wired=1; compound=0; hidden=0; nouse=0; global=0; static=0; extern=0; dir=0; type=0; pingpong=0; private_global=0; IO mode=ap_none:ce=0
Port [ v5222]:  wired=1; compound=1; hidden=0; nouse=0; global=0; static=0; extern=0; dir=0; type=1; pingpong=0; private_global=0; MemPort=[13]; IO mode=ap_memory:ce=0
---------------- STG Properties END ------------------

---------------- Datapath Model BEGIN ----------------

<LifeTime>
<method=bitvector/>
j4                    (alloca           ) [ 0110]
i6                    (alloca           ) [ 0110]
indvar_flatten        (alloca           ) [ 0110]
specmemcore_ln0       (specmemcore      ) [ 0000]
tmp                   (read             ) [ 0110]
store_ln0             (store            ) [ 0000]
store_ln9474          (store            ) [ 0000]
store_ln9475          (store            ) [ 0000]
br_ln0                (br               ) [ 0000]
indvar_flatten_load   (load             ) [ 0000]
icmp_ln9474           (icmp             ) [ 0110]
add_ln9474_1          (add              ) [ 0000]
br_ln9474             (br               ) [ 0000]
j4_load               (load             ) [ 0000]
i6_load               (load             ) [ 0000]
add_ln9474            (add              ) [ 0000]
icmp_ln9475           (icmp             ) [ 0000]
select_ln9474         (select           ) [ 0000]
select_ln9474_1       (select           ) [ 0000]
trunc_ln9477          (trunc            ) [ 0000]
tmp_s                 (bitconcatenate   ) [ 0000]
zext_ln9477           (zext             ) [ 0000]
add_ln9477            (add              ) [ 0101]
tmp_30                (bitconcatenate   ) [ 0000]
zext_ln9476           (zext             ) [ 0000]
v5222_addr            (getelementptr    ) [ 0101]
add_ln9475            (add              ) [ 0000]
store_ln9474          (store            ) [ 0000]
store_ln9474          (store            ) [ 0000]
store_ln9475          (store            ) [ 0000]
specloopname_ln0      (specloopname     ) [ 0000]
speclooptripcount_ln0 (speclooptripcount) [ 0000]
zext_ln9477_1         (zext             ) [ 0000]
X_1_h_addr            (getelementptr    ) [ 0000]
specpipeline_ln9475   (specpipeline     ) [ 0000]
v5231                 (load             ) [ 0000]
store_ln9477          (store            ) [ 0000]
br_ln9475             (br               ) [ 0000]
ret_ln0               (ret              ) [ 0000]
</LifeTime>

<model>

<comp_list>
<comp id="0" class="1000" name="X_1_h">
<pin_list>
<pin id="1" dir="1" index="0" bw="1" slack="0"/>
</pin_list>
<bind>
<StgValue><ssdm name="X_1_h"/><MemPortTyVec>0 3 </MemPortTyVec>
</StgValue>
</bind>
</comp>

<comp id="2" class="1000" name="empty">
<pin_list>
<pin id="3" dir="1" index="0" bw="1" slack="0"/>
</pin_list>
<bind>
<StgValue><ssdm name="empty"/></StgValue>
</bind>
</comp>

<comp id="4" class="1000" name="v5222">
<pin_list>
<pin id="5" dir="1" index="0" bw="1" slack="0"/>
</pin_list>
<bind>
<StgValue><ssdm name="v5222"/><MemPortTyVec>1 3 </MemPortTyVec>
</StgValue>
</bind>
</comp>

<comp id="6" class="1001" name="const_6">
<pin_list>
<pin id="7" dir="1" index="0" bw="1" slack="0"/>
</pin_list>
<bind>
<StgValue><ssdm name=""/></StgValue>
</bind>
</comp>

<comp id="8" class="1001" name="const_8">
<pin_list>
<pin id="9" dir="1" index="0" bw="1" slack="2147483647"/>
</pin_list>
<bind>
<StgValue><ssdm name="_ssdm_op_SpecMemCore"/></StgValue>
</bind>
</comp>

<comp id="10" class="1001" name="const_10">
<pin_list>
<pin id="11" dir="1" index="0" bw="1" slack="2147483647"/>
</pin_list>
<bind>
<StgValue><ssdm name=""/></StgValue>
</bind>
</comp>

<comp id="12" class="1001" name="const_12">
<pin_list>
<pin id="13" dir="1" index="0" bw="1" slack="2147483647"/>
</pin_list>
<bind>
<StgValue><ssdm name=""/></StgValue>
</bind>
</comp>

<comp id="14" class="1001" name="const_14">
<pin_list>
<pin id="15" dir="1" index="0" bw="1" slack="2147483647"/>
</pin_list>
<bind>
<StgValue><ssdm name=""/></StgValue>
</bind>
</comp>

<comp id="16" class="1001" name="const_16">
<pin_list>
<pin id="17" dir="1" index="0" bw="1" slack="0"/>
</pin_list>
<bind>
<StgValue><ssdm name="_ssdm_op_Read.ap_auto.i3"/></StgValue>
</bind>
</comp>

<comp id="18" class="1001" name="const_18">
<pin_list>
<pin id="19" dir="1" index="0" bw="1" slack="0"/>
</pin_list>
<bind>
<StgValue><ssdm name=""/></StgValue>
</bind>
</comp>

<comp id="20" class="1001" name="const_20">
<pin_list>
<pin id="21" dir="1" index="0" bw="1" slack="0"/>
</pin_list>
<bind>
<StgValue><ssdm name=""/></StgValue>
</bind>
</comp>

<comp id="22" class="1001" name="const_22">
<pin_list>
<pin id="23" dir="1" index="0" bw="1" slack="0"/>
</pin_list>
<bind>
<StgValue><ssdm name=""/></StgValue>
</bind>
</comp>

<comp id="24" class="1001" name="const_24">
<pin_list>
<pin id="25" dir="1" index="0" bw="1" slack="0"/>
</pin_list>
<bind>
<StgValue><ssdm name=""/></StgValue>
</bind>
</comp>

<comp id="26" class="1001" name="const_26">
<pin_list>
<pin id="27" dir="1" index="0" bw="1" slack="0"/>
</pin_list>
<bind>
<StgValue><ssdm name=""/></StgValue>
</bind>
</comp>

<comp id="28" class="1001" name="const_28">
<pin_list>
<pin id="29" dir="1" index="0" bw="1" slack="0"/>
</pin_list>
<bind>
<StgValue><ssdm name=""/></StgValue>
</bind>
</comp>

<comp id="30" class="1001" name="const_30">
<pin_list>
<pin id="31" dir="1" index="0" bw="1" slack="0"/>
</pin_list>
<bind>
<StgValue><ssdm name=""/></StgValue>
</bind>
</comp>

<comp id="32" class="1001" name="const_32">
<pin_list>
<pin id="33" dir="1" index="0" bw="1" slack="0"/>
</pin_list>
<bind>
<StgValue><ssdm name="_ssdm_op_BitConcatenate.i15.i10.i5"/></StgValue>
</bind>
</comp>

<comp id="34" class="1001" name="const_34">
<pin_list>
<pin id="35" dir="1" index="0" bw="1" slack="0"/>
</pin_list>
<bind>
<StgValue><ssdm name=""/></StgValue>
</bind>
</comp>

<comp id="36" class="1001" name="const_36">
<pin_list>
<pin id="37" dir="1" index="0" bw="1" slack="0"/>
</pin_list>
<bind>
<StgValue><ssdm name="_ssdm_op_BitConcatenate.i19.i10.i3.i6"/></StgValue>
</bind>
</comp>

<comp id="38" class="1001" name="const_38">
<pin_list>
<pin id="39" dir="1" index="0" bw="1" slack="0"/>
</pin_list>
<bind>
<StgValue><ssdm name=""/></StgValue>
</bind>
</comp>

<comp id="40" class="1001" name="const_40">
<pin_list>
<pin id="41" dir="1" index="0" bw="1" slack="0"/>
</pin_list>
<bind>
<StgValue><ssdm name=""/></StgValue>
</bind>
</comp>

<comp id="42" class="1001" name="const_42">
<pin_list>
<pin id="43" dir="1" index="0" bw="1" slack="2147483647"/>
</pin_list>
<bind>
<StgValue><ssdm name="_ssdm_op_SpecLoopName"/></StgValue>
</bind>
</comp>

<comp id="44" class="1001" name="const_44">
<pin_list>
<pin id="45" dir="1" index="0" bw="1" slack="2147483647"/>
</pin_list>
<bind>
<StgValue><ssdm name="l_rope_split_1_i6_l_j4_str"/></StgValue>
</bind>
</comp>

<comp id="46" class="1001" name="const_46">
<pin_list>
<pin id="47" dir="1" index="0" bw="1" slack="2147483647"/>
</pin_list>
<bind>
<StgValue><ssdm name="_ssdm_op_SpecLoopTripCount"/></StgValue>
</bind>
</comp>

<comp id="48" class="1001" name="const_48">
<pin_list>
<pin id="49" dir="1" index="0" bw="1" slack="2147483647"/>
</pin_list>
<bind>
<StgValue><ssdm name=""/></StgValue>
</bind>
</comp>

<comp id="50" class="1001" name="const_50">
<pin_list>
<pin id="51" dir="1" index="0" bw="1" slack="2147483647"/>
</pin_list>
<bind>
<StgValue><ssdm name="_ssdm_op_SpecPipeline"/></StgValue>
</bind>
</comp>

<comp id="52" class="1001" name="const_52">
<pin_list>
<pin id="53" dir="1" index="0" bw="1" slack="2147483647"/>
</pin_list>
<bind>
<StgValue><ssdm name=""/></StgValue>
</bind>
</comp>

<comp id="54" class="1001" name="const_54">
<pin_list>
<pin id="55" dir="1" index="0" bw="1" slack="2147483647"/>
</pin_list>
<bind>
<StgValue><ssdm name=""/></StgValue>
</bind>
</comp>

<comp id="56" class="1001" name="const_56">
<pin_list>
<pin id="57" dir="1" index="0" bw="1" slack="2147483647"/>
</pin_list>
<bind>
<StgValue><ssdm name="empty_191"/></StgValue>
</bind>
</comp>

<comp id="58" class="1004" name="j4_fu_58">
<pin_list>
<pin id="59" dir="0" index="0" bw="1" slack="0"/>
<pin id="60" dir="1" index="1" bw="6" slack="0"/>
</pin_list>
<bind>
<opcode="alloca(26) " fcode="alloca"/>
<opset="j4/1 "/>
</bind>
</comp>

<comp id="62" class="1004" name="i6_fu_62">
<pin_list>
<pin id="63" dir="0" index="0" bw="1" slack="0"/>
<pin id="64" dir="1" index="1" bw="11" slack="0"/>
</pin_list>
<bind>
<opcode="alloca(26) " fcode="alloca"/>
<opset="i6/1 "/>
</bind>
</comp>

<comp id="66" class="1004" name="indvar_flatten_fu_66">
<pin_list>
<pin id="67" dir="0" index="0" bw="1" slack="0"/>
<pin id="68" dir="1" index="1" bw="16" slack="0"/>
</pin_list>
<bind>
<opcode="alloca(26) " fcode="alloca"/>
<opset="indvar_flatten/1 "/>
</bind>
</comp>

<comp id="70" class="1004" name="tmp_read_fu_70">
<pin_list>
<pin id="71" dir="0" index="0" bw="3" slack="0"/>
<pin id="72" dir="0" index="1" bw="3" slack="0"/>
<pin id="73" dir="1" index="2" bw="3" slack="1"/>
</pin_list>
<bind>
<opcode="read(1150) " fcode="read"/>
<opset="tmp/1 "/>
</bind>
</comp>

<comp id="76" class="1004" name="v5222_addr_gep_fu_76">
<pin_list>
<pin id="77" dir="0" index="0" bw="32" slack="0"/>
<pin id="78" dir="0" index="1" bw="1" slack="0"/>
<pin id="79" dir="0" index="2" bw="19" slack="0"/>
<pin id="80" dir="1" index="3" bw="19" slack="0"/>
</pin_list>
<bind>
<opcode="getelementptr(29) " fcode="getelementptr"/>
<opset="v5222_addr/2 "/>
</bind>
</comp>

<comp id="83" class="1004" name="grp_access_fu_83">
<pin_list>
<pin id="84" dir="0" index="0" bw="19" slack="0"/>
<pin id="85" dir="0" index="1" bw="32" slack="2147483647"/>
<pin id="86" dir="0" index="2" bw="0" slack="2147483647"/>
<pin id="87" dir="1" index="3" bw="32" slack="0"/>
</pin_list>
<bind>
<opcode="load(27) " fcode="load"/>
<opset="v5231/2 "/>
</bind>
</comp>

<comp id="89" class="1004" name="X_1_h_addr_gep_fu_89">
<pin_list>
<pin id="90" dir="0" index="0" bw="32" slack="0"/>
<pin id="91" dir="0" index="1" bw="1" slack="0"/>
<pin id="92" dir="0" index="2" bw="15" slack="0"/>
<pin id="93" dir="1" index="3" bw="15" slack="0"/>
</pin_list>
<bind>
<opcode="getelementptr(29) " fcode="getelementptr"/>
<opset="X_1_h_addr/3 "/>
</bind>
</comp>

<comp id="96" class="1004" name="store_ln9477_access_fu_96">
<pin_list>
<pin id="97" dir="0" index="0" bw="15" slack="0"/>
<pin id="98" dir="0" index="1" bw="32" slack="0"/>
<pin id="99" dir="0" index="2" bw="0" slack="2147483647"/>
<pin id="100" dir="1" index="3" bw="32" slack="2147483647"/>
</pin_list>
<bind>
<opcode="store(28) " fcode="store"/>
<opset="store_ln9477/3 "/>
</bind>
</comp>

<comp id="103" class="1004" name="store_ln0_store_fu_103">
<pin_list>
<pin id="104" dir="0" index="0" bw="1" slack="0"/>
<pin id="105" dir="0" index="1" bw="16" slack="0"/>
<pin id="106" dir="1" index="2" bw="0" slack="2147483647"/>
</pin_list>
<bind>
<opcode="store(28) " fcode="store"/>
<opset="store_ln0/1 "/>
</bind>
</comp>

<comp id="108" class="1004" name="store_ln9474_store_fu_108">
<pin_list>
<pin id="109" dir="0" index="0" bw="1" slack="0"/>
<pin id="110" dir="0" index="1" bw="11" slack="0"/>
<pin id="111" dir="1" index="2" bw="0" slack="2147483647"/>
</pin_list>
<bind>
<opcode="store(28) " fcode="store"/>
<opset="store_ln9474/1 "/>
</bind>
</comp>

<comp id="113" class="1004" name="store_ln9475_store_fu_113">
<pin_list>
<pin id="114" dir="0" index="0" bw="1" slack="0"/>
<pin id="115" dir="0" index="1" bw="6" slack="0"/>
<pin id="116" dir="1" index="2" bw="0" slack="2147483647"/>
</pin_list>
<bind>
<opcode="store(28) " fcode="store"/>
<opset="store_ln9475/1 "/>
</bind>
</comp>

<comp id="118" class="1004" name="indvar_flatten_load_load_fu_118">
<pin_list>
<pin id="119" dir="0" index="0" bw="16" slack="1"/>
<pin id="120" dir="1" index="1" bw="16" slack="0"/>
</pin_list>
<bind>
<opcode="load(27) " fcode="load"/>
<opset="indvar_flatten_load/2 "/>
</bind>
</comp>

<comp id="121" class="1004" name="icmp_ln9474_fu_121">
<pin_list>
<pin id="122" dir="0" index="0" bw="16" slack="0"/>
<pin id="123" dir="0" index="1" bw="16" slack="0"/>
<pin id="124" dir="1" index="2" bw="1" slack="2147483647"/>
</pin_list>
<bind>
<opcode="icmp(45) " fcode="icmp"/>
<opset="icmp_ln9474/2 "/>
</bind>
</comp>

<comp id="127" class="1004" name="add_ln9474_1_fu_127">
<pin_list>
<pin id="128" dir="0" index="0" bw="16" slack="0"/>
<pin id="129" dir="0" index="1" bw="1" slack="0"/>
<pin id="130" dir="1" index="2" bw="16" slack="0"/>
</pin_list>
<bind>
<opcode="add(8) " fcode="add"/>
<opset="add_ln9474_1/2 "/>
</bind>
</comp>

<comp id="133" class="1004" name="j4_load_load_fu_133">
<pin_list>
<pin id="134" dir="0" index="0" bw="6" slack="1"/>
<pin id="135" dir="1" index="1" bw="6" slack="0"/>
</pin_list>
<bind>
<opcode="load(27) " fcode="load"/>
<opset="j4_load/2 "/>
</bind>
</comp>

<comp id="136" class="1004" name="i6_load_load_fu_136">
<pin_list>
<pin id="137" dir="0" index="0" bw="11" slack="1"/>
<pin id="138" dir="1" index="1" bw="11" slack="0"/>
</pin_list>
<bind>
<opcode="load(27) " fcode="load"/>
<opset="i6_load/2 "/>
</bind>
</comp>

<comp id="139" class="1004" name="add_ln9474_fu_139">
<pin_list>
<pin id="140" dir="0" index="0" bw="11" slack="0"/>
<pin id="141" dir="0" index="1" bw="1" slack="0"/>
<pin id="142" dir="1" index="2" bw="11" slack="0"/>
</pin_list>
<bind>
<opcode="add(8) " fcode="add"/>
<opset="add_ln9474/2 "/>
</bind>
</comp>

<comp id="145" class="1004" name="icmp_ln9475_fu_145">
<pin_list>
<pin id="146" dir="0" index="0" bw="6" slack="0"/>
<pin id="147" dir="0" index="1" bw="6" slack="0"/>
<pin id="148" dir="1" index="2" bw="1" slack="0"/>
</pin_list>
<bind>
<opcode="icmp(45) " fcode="icmp"/>
<opset="icmp_ln9475/2 "/>
</bind>
</comp>

<comp id="151" class="1004" name="select_ln9474_fu_151">
<pin_list>
<pin id="152" dir="0" index="0" bw="1" slack="0"/>
<pin id="153" dir="0" index="1" bw="6" slack="0"/>
<pin id="154" dir="0" index="2" bw="6" slack="0"/>
<pin id="155" dir="1" index="3" bw="6" slack="0"/>
</pin_list>
<bind>
<opcode="select(49) " fcode="select"/>
<opset="select_ln9474/2 "/>
</bind>
</comp>

<comp id="159" class="1004" name="select_ln9474_1_fu_159">
<pin_list>
<pin id="160" dir="0" index="0" bw="1" slack="0"/>
<pin id="161" dir="0" index="1" bw="11" slack="0"/>
<pin id="162" dir="0" index="2" bw="11" slack="0"/>
<pin id="163" dir="1" index="3" bw="11" slack="0"/>
</pin_list>
<bind>
<opcode="select(49) " fcode="select"/>
<opset="select_ln9474_1/2 "/>
</bind>
</comp>

<comp id="167" class="1004" name="trunc_ln9477_fu_167">
<pin_list>
<pin id="168" dir="0" index="0" bw="11" slack="0"/>
<pin id="169" dir="1" index="1" bw="10" slack="0"/>
</pin_list>
<bind>
<opcode="trunc(33) " fcode="trunc"/>
<opset="trunc_ln9477/2 "/>
</bind>
</comp>

<comp id="171" class="1004" name="tmp_s_fu_171">
<pin_list>
<pin id="172" dir="0" index="0" bw="15" slack="0"/>
<pin id="173" dir="0" index="1" bw="10" slack="0"/>
<pin id="174" dir="0" index="2" bw="1" slack="0"/>
<pin id="175" dir="1" index="3" bw="15" slack="0"/>
</pin_list>
<bind>
<opcode="bitconcatenate(1004) " fcode="bitconcatenate"/>
<opset="tmp_s/2 "/>
</bind>
</comp>

<comp id="179" class="1004" name="zext_ln9477_fu_179">
<pin_list>
<pin id="180" dir="0" index="0" bw="6" slack="0"/>
<pin id="181" dir="1" index="1" bw="15" slack="0"/>
</pin_list>
<bind>
<opcode="zext(34) " fcode="zext"/>
<opset="zext_ln9477/2 "/>
</bind>
</comp>

<comp id="183" class="1004" name="add_ln9477_fu_183">
<pin_list>
<pin id="184" dir="0" index="0" bw="15" slack="0"/>
<pin id="185" dir="0" index="1" bw="6" slack="0"/>
<pin id="186" dir="1" index="2" bw="15" slack="1"/>
</pin_list>
<bind>
<opcode="add(8) " fcode="add"/>
<opset="add_ln9477/2 "/>
</bind>
</comp>

<comp id="189" class="1004" name="tmp_30_fu_189">
<pin_list>
<pin id="190" dir="0" index="0" bw="19" slack="0"/>
<pin id="191" dir="0" index="1" bw="10" slack="0"/>
<pin id="192" dir="0" index="2" bw="3" slack="1"/>
<pin id="193" dir="0" index="3" bw="6" slack="0"/>
<pin id="194" dir="1" index="4" bw="19" slack="0"/>
</pin_list>
<bind>
<opcode="bitconcatenate(1004) " fcode="bitconcatenate"/>
<opset="tmp_30/2 "/>
</bind>
</comp>

<comp id="198" class="1004" name="zext_ln9476_fu_198">
<pin_list>
<pin id="199" dir="0" index="0" bw="19" slack="0"/>
<pin id="200" dir="1" index="1" bw="64" slack="0"/>
</pin_list>
<bind>
<opcode="zext(34) " fcode="zext"/>
<opset="zext_ln9476/2 "/>
</bind>
</comp>

<comp id="203" class="1004" name="add_ln9475_fu_203">
<pin_list>
<pin id="204" dir="0" index="0" bw="6" slack="0"/>
<pin id="205" dir="0" index="1" bw="1" slack="0"/>
<pin id="206" dir="1" index="2" bw="6" slack="0"/>
</pin_list>
<bind>
<opcode="add(8) " fcode="add"/>
<opset="add_ln9475/2 "/>
</bind>
</comp>

<comp id="209" class="1004" name="store_ln9474_store_fu_209">
<pin_list>
<pin id="210" dir="0" index="0" bw="16" slack="0"/>
<pin id="211" dir="0" index="1" bw="16" slack="1"/>
<pin id="212" dir="1" index="2" bw="0" slack="2147483647"/>
</pin_list>
<bind>
<opcode="store(28) " fcode="store"/>
<opset="store_ln9474/2 "/>
</bind>
</comp>

<comp id="214" class="1004" name="store_ln9474_store_fu_214">
<pin_list>
<pin id="215" dir="0" index="0" bw="11" slack="0"/>
<pin id="216" dir="0" index="1" bw="11" slack="1"/>
<pin id="217" dir="1" index="2" bw="0" slack="2147483647"/>
</pin_list>
<bind>
<opcode="store(28) " fcode="store"/>
<opset="store_ln9474/2 "/>
</bind>
</comp>

<comp id="219" class="1004" name="store_ln9475_store_fu_219">
<pin_list>
<pin id="220" dir="0" index="0" bw="6" slack="0"/>
<pin id="221" dir="0" index="1" bw="6" slack="1"/>
<pin id="222" dir="1" index="2" bw="0" slack="2147483647"/>
</pin_list>
<bind>
<opcode="store(28) " fcode="store"/>
<opset="store_ln9475/2 "/>
</bind>
</comp>

<comp id="224" class="1004" name="zext_ln9477_1_fu_224">
<pin_list>
<pin id="225" dir="0" index="0" bw="15" slack="1"/>
<pin id="226" dir="1" index="1" bw="64" slack="0"/>
</pin_list>
<bind>
<opcode="zext(34) " fcode="zext"/>
<opset="zext_ln9477_1/3 "/>
</bind>
</comp>

<comp id="228" class="1005" name="j4_reg_228">
<pin_list>
<pin id="229" dir="0" index="0" bw="6" slack="0"/>
<pin id="230" dir="1" index="1" bw="6" slack="0"/>
</pin_list>
<bind>
<opset="j4 "/>
</bind>
</comp>

<comp id="235" class="1005" name="i6_reg_235">
<pin_list>
<pin id="236" dir="0" index="0" bw="11" slack="0"/>
<pin id="237" dir="1" index="1" bw="11" slack="0"/>
</pin_list>
<bind>
<opset="i6 "/>
</bind>
</comp>

<comp id="242" class="1005" name="indvar_flatten_reg_242">
<pin_list>
<pin id="243" dir="0" index="0" bw="16" slack="0"/>
<pin id="244" dir="1" index="1" bw="16" slack="0"/>
</pin_list>
<bind>
<opset="indvar_flatten "/>
</bind>
</comp>

<comp id="249" class="1005" name="tmp_reg_249">
<pin_list>
<pin id="250" dir="0" index="0" bw="3" slack="1"/>
<pin id="251" dir="1" index="1" bw="3" slack="1"/>
</pin_list>
<bind>
<opset="tmp "/>
</bind>
</comp>

<comp id="257" class="1005" name="add_ln9477_reg_257">
<pin_list>
<pin id="258" dir="0" index="0" bw="15" slack="1"/>
<pin id="259" dir="1" index="1" bw="15" slack="1"/>
</pin_list>
<bind>
<opset="add_ln9477 "/>
</bind>
</comp>

<comp id="262" class="1005" name="v5222_addr_reg_262">
<pin_list>
<pin id="263" dir="0" index="0" bw="19" slack="1"/>
<pin id="264" dir="1" index="1" bw="19" slack="1"/>
</pin_list>
<bind>
<opset="v5222_addr "/>
</bind>
</comp>

</comp_list>

<net_list>
<net id="61"><net_src comp="6" pin="0"/><net_sink comp="58" pin=0"/></net>

<net id="65"><net_src comp="6" pin="0"/><net_sink comp="62" pin=0"/></net>

<net id="69"><net_src comp="6" pin="0"/><net_sink comp="66" pin=0"/></net>

<net id="74"><net_src comp="16" pin="0"/><net_sink comp="70" pin=0"/></net>

<net id="75"><net_src comp="2" pin="0"/><net_sink comp="70" pin=1"/></net>

<net id="81"><net_src comp="4" pin="0"/><net_sink comp="76" pin=0"/></net>

<net id="82"><net_src comp="38" pin="0"/><net_sink comp="76" pin=1"/></net>

<net id="88"><net_src comp="76" pin="3"/><net_sink comp="83" pin=0"/></net>

<net id="94"><net_src comp="0" pin="0"/><net_sink comp="89" pin=0"/></net>

<net id="95"><net_src comp="38" pin="0"/><net_sink comp="89" pin=1"/></net>

<net id="101"><net_src comp="83" pin="3"/><net_sink comp="96" pin=1"/></net>

<net id="102"><net_src comp="89" pin="3"/><net_sink comp="96" pin=0"/></net>

<net id="107"><net_src comp="18" pin="0"/><net_sink comp="103" pin=0"/></net>

<net id="112"><net_src comp="20" pin="0"/><net_sink comp="108" pin=0"/></net>

<net id="117"><net_src comp="22" pin="0"/><net_sink comp="113" pin=0"/></net>

<net id="125"><net_src comp="118" pin="1"/><net_sink comp="121" pin=0"/></net>

<net id="126"><net_src comp="24" pin="0"/><net_sink comp="121" pin=1"/></net>

<net id="131"><net_src comp="118" pin="1"/><net_sink comp="127" pin=0"/></net>

<net id="132"><net_src comp="26" pin="0"/><net_sink comp="127" pin=1"/></net>

<net id="143"><net_src comp="136" pin="1"/><net_sink comp="139" pin=0"/></net>

<net id="144"><net_src comp="28" pin="0"/><net_sink comp="139" pin=1"/></net>

<net id="149"><net_src comp="133" pin="1"/><net_sink comp="145" pin=0"/></net>

<net id="150"><net_src comp="30" pin="0"/><net_sink comp="145" pin=1"/></net>

<net id="156"><net_src comp="145" pin="2"/><net_sink comp="151" pin=0"/></net>

<net id="157"><net_src comp="22" pin="0"/><net_sink comp="151" pin=1"/></net>

<net id="158"><net_src comp="133" pin="1"/><net_sink comp="151" pin=2"/></net>

<net id="164"><net_src comp="145" pin="2"/><net_sink comp="159" pin=0"/></net>

<net id="165"><net_src comp="139" pin="2"/><net_sink comp="159" pin=1"/></net>

<net id="166"><net_src comp="136" pin="1"/><net_sink comp="159" pin=2"/></net>

<net id="170"><net_src comp="159" pin="3"/><net_sink comp="167" pin=0"/></net>

<net id="176"><net_src comp="32" pin="0"/><net_sink comp="171" pin=0"/></net>

<net id="177"><net_src comp="167" pin="1"/><net_sink comp="171" pin=1"/></net>

<net id="178"><net_src comp="34" pin="0"/><net_sink comp="171" pin=2"/></net>

<net id="182"><net_src comp="151" pin="3"/><net_sink comp="179" pin=0"/></net>

<net id="187"><net_src comp="171" pin="3"/><net_sink comp="183" pin=0"/></net>

<net id="188"><net_src comp="179" pin="1"/><net_sink comp="183" pin=1"/></net>

<net id="195"><net_src comp="36" pin="0"/><net_sink comp="189" pin=0"/></net>

<net id="196"><net_src comp="167" pin="1"/><net_sink comp="189" pin=1"/></net>

<net id="197"><net_src comp="151" pin="3"/><net_sink comp="189" pin=3"/></net>

<net id="201"><net_src comp="189" pin="4"/><net_sink comp="198" pin=0"/></net>

<net id="202"><net_src comp="198" pin="1"/><net_sink comp="76" pin=2"/></net>

<net id="207"><net_src comp="151" pin="3"/><net_sink comp="203" pin=0"/></net>

<net id="208"><net_src comp="40" pin="0"/><net_sink comp="203" pin=1"/></net>

<net id="213"><net_src comp="127" pin="2"/><net_sink comp="209" pin=0"/></net>

<net id="218"><net_src comp="159" pin="3"/><net_sink comp="214" pin=0"/></net>

<net id="223"><net_src comp="203" pin="2"/><net_sink comp="219" pin=0"/></net>

<net id="227"><net_src comp="224" pin="1"/><net_sink comp="89" pin=2"/></net>

<net id="231"><net_src comp="58" pin="1"/><net_sink comp="228" pin=0"/></net>

<net id="232"><net_src comp="228" pin="1"/><net_sink comp="113" pin=1"/></net>

<net id="233"><net_src comp="228" pin="1"/><net_sink comp="133" pin=0"/></net>

<net id="234"><net_src comp="228" pin="1"/><net_sink comp="219" pin=1"/></net>

<net id="238"><net_src comp="62" pin="1"/><net_sink comp="235" pin=0"/></net>

<net id="239"><net_src comp="235" pin="1"/><net_sink comp="108" pin=1"/></net>

<net id="240"><net_src comp="235" pin="1"/><net_sink comp="136" pin=0"/></net>

<net id="241"><net_src comp="235" pin="1"/><net_sink comp="214" pin=1"/></net>

<net id="245"><net_src comp="66" pin="1"/><net_sink comp="242" pin=0"/></net>

<net id="246"><net_src comp="242" pin="1"/><net_sink comp="103" pin=1"/></net>

<net id="247"><net_src comp="242" pin="1"/><net_sink comp="118" pin=0"/></net>

<net id="248"><net_src comp="242" pin="1"/><net_sink comp="209" pin=1"/></net>

<net id="252"><net_src comp="70" pin="2"/><net_sink comp="249" pin=0"/></net>

<net id="253"><net_src comp="249" pin="1"/><net_sink comp="189" pin=2"/></net>

<net id="260"><net_src comp="183" pin="2"/><net_sink comp="257" pin=0"/></net>

<net id="261"><net_src comp="257" pin="1"/><net_sink comp="224" pin=0"/></net>

<net id="265"><net_src comp="76" pin="3"/><net_sink comp="262" pin=0"/></net>

<net id="266"><net_src comp="262" pin="1"/><net_sink comp="83" pin=0"/></net>

</net_list>

</model> 
---------------- Datapath Model END ------------------

* FSMD analyzer results:
  - Output states:
	Port: X_1_h | {3 }
	Port: v5222 | {}
 - Input state : 
	Port: RoPE_Pipeline_l_rope_split_1_i6_l_j4 : empty | {1 }
	Port: RoPE_Pipeline_l_rope_split_1_i6_l_j4 : v5222 | {2 3 }
  - Chain level:
	State 1
		store_ln0 : 1
		store_ln9474 : 1
		store_ln9475 : 1
	State 2
		icmp_ln9474 : 1
		add_ln9474_1 : 1
		br_ln9474 : 2
		add_ln9474 : 1
		icmp_ln9475 : 1
		select_ln9474 : 2
		select_ln9474_1 : 2
		trunc_ln9477 : 3
		tmp_s : 4
		zext_ln9477 : 3
		add_ln9477 : 5
		tmp_30 : 4
		zext_ln9476 : 5
		v5222_addr : 6
		v5231 : 7
		add_ln9475 : 3
		store_ln9474 : 2
		store_ln9474 : 3
		store_ln9475 : 4
	State 3
		X_1_h_addr : 1
		store_ln9477 : 2


============================================================
+ Verbose Summary: Datapath Resource usage 
============================================================

* Functional unit list:
|----------|------------------------|---------|---------|
| Operation|     Functional Unit    |    FF   |   LUT   |
|----------|------------------------|---------|---------|
|          |   add_ln9474_1_fu_127  |    0    |    23   |
|    add   |    add_ln9474_fu_139   |    0    |    18   |
|          |    add_ln9477_fu_183   |    0    |    22   |
|          |    add_ln9475_fu_203   |    0    |    13   |
|----------|------------------------|---------|---------|
|   icmp   |   icmp_ln9474_fu_121   |    0    |    23   |
|          |   icmp_ln9475_fu_145   |    0    |    13   |
|----------|------------------------|---------|---------|
|  select  |  select_ln9474_fu_151  |    0    |    6    |
|          | select_ln9474_1_fu_159 |    0    |    11   |
|----------|------------------------|---------|---------|
|   read   |     tmp_read_fu_70     |    0    |    0    |
|----------|------------------------|---------|---------|
|   trunc  |   trunc_ln9477_fu_167  |    0    |    0    |
|----------|------------------------|---------|---------|
|bitconcatenate|      tmp_s_fu_171      |    0    |    0    |
|          |      tmp_30_fu_189     |    0    |    0    |
|----------|------------------------|---------|---------|
|          |   zext_ln9477_fu_179   |    0    |    0    |
|   zext   |   zext_ln9476_fu_198   |    0    |    0    |
|          |  zext_ln9477_1_fu_224  |    0    |    0    |
|----------|------------------------|---------|---------|
|   Total  |                        |    0    |   129   |
|----------|------------------------|---------|---------|

Memories:
N/A

* Register list:
+----------------------+--------+
|                      |   FF   |
+----------------------+--------+
|  add_ln9477_reg_257  |   15   |
|      i6_reg_235      |   11   |
|indvar_flatten_reg_242|   16   |
|      j4_reg_228      |    6   |
|      tmp_reg_249     |    3   |
|  v5222_addr_reg_262  |   19   |
+----------------------+--------+
|         Total        |   70   |
+----------------------+--------+

* Multiplexer (MUX) list: 
|------------------|------|------|------|--------||---------||---------|
|       Comp       |  Pin | Size |  BW  | S x BW ||  Delay  ||   LUT   |
|------------------|------|------|------|--------||---------||---------|
| grp_access_fu_83 |  p0  |   2  |  19  |   38   ||    9    |
|------------------|------|------|------|--------||---------||---------|
|       Total      |      |      |      |   38   ||  0.387  ||    9    |
|------------------|------|------|------|--------||---------||---------|



* Summary:
+-----------+--------+--------+--------+
|           |  Delay |   FF   |   LUT  |
+-----------+--------+--------+--------+
|  Function |    -   |    0   |   129  |
|   Memory  |    -   |    -   |    -   |
|Multiplexer|    0   |    -   |    9   |
|  Register |    -   |   70   |    -   |
+-----------+--------+--------+--------+
|   Total   |    0   |   70   |   138  |
+-----------+--------+--------+--------+
