

================================================================
== Vitis HLS Report for 'scaled_dot_product_attention_Pipeline_l_mha_split_i15_l_j13'
================================================================
* Date:           Mon Feb 17 20:36:27 2025

* Version:        2023.2 (Build 4023990 on Oct 11 2023)
* Project:        DitBlock
* Solution:       hls (Vivado IP Flow Target)
* Product family: virtexuplusHBM
* Target device:  xcu280-fsvh2892-2L-e


================================================================
== Performance Estimates
================================================================
+ Timing: 
    * Summary: 
    +--------+----------+----------+------------+
    |  Clock |  Target  | Estimated| Uncertainty|
    +--------+----------+----------+------------+
    |ap_clk  |  10.00 ns|  4.393 ns|     2.70 ns|
    +--------+----------+----------+------------+

+ Latency: 
    * Summary: 
    +---------+---------+----------+----------+-------+-------+---------+
    |  Latency (cycles) |  Latency (absolute) |    Interval   | Pipeline|
    |   min   |   max   |    min   |    max   |  min  |  max  |   Type  |
    +---------+---------+----------+----------+-------+-------+---------+
    |    65538|    65538|  0.655 ms|  0.655 ms|  65538|  65538|       no|
    +---------+---------+----------+----------+-------+-------+---------+

    + Detail: 
        * Instance: 
        N/A

        * Loop: 
        +-------------------------+---------+---------+----------+-----------+-----------+-------+----------+
        |                         |  Latency (cycles) | Iteration|  Initiation Interval  |  Trip |          |
        |        Loop Name        |   min   |   max   |  Latency |  achieved |   target  | Count | Pipelined|
        +-------------------------+---------+---------+----------+-----------+-----------+-------+----------+
        |- l_mha_split_i15_l_j13  |    65536|    65536|         2|          1|          1|  65536|       yes|
        +-------------------------+---------+---------+----------+-----------+-----------+-------+----------+

============================================================
+ Verbose Summary: Synthesis Manager
============================================================
InlineROM: 1
ExposeGlobal: 0
============================================================
+ Verbose Summary: CDFG Model
============================================================
IsTopModel: 0
ResetActiveHigh: 1
IsCombinational: 0
IsDatapathOnly: 0
HasWiredReturn: 1
HasMFsm: 2
HasVarLatency: 1
IsPipeline: 0
IsRtlPipelined: 0
IsInstanceOverlapped: 0
IsDontTouch: 0
HasImplIP: 0
IsGatedGlobalClock: 0

+ Individual pipeline summary: 
  * Pipeline-0: initiation interval (II) = 1, depth = 3


============================================================
+ Verbose Summary: Schedule
============================================================
* Number of FSM states : 3
* Pipeline : 1
  Pipeline-0 : II = 1, D = 3, States = { 1 2 3 }
* Dataflow Pipeline: 0

* FSM state transitions: 
1 --> 2 
2 --> 3 
3 --> 

* FSM state operations: 

State 1 <SV = 0> <Delay = 0.38>
ST_1 : Operation 5 [1/1] (0.00ns)   --->   "%j13 = alloca i32 1" [/home/silvenchen/Desktop/DitBlock/WorkDCT/DitBlock/kernel.cpp:15578]   --->   Operation 5 'alloca' 'j13' <Predicate = true> <Delay = 0.00>
ST_1 : Operation 6 [1/1] (0.00ns)   --->   "%i15 = alloca i32 1" [/home/silvenchen/Desktop/DitBlock/WorkDCT/DitBlock/kernel.cpp:15577]   --->   Operation 6 'alloca' 'i15' <Predicate = true> <Delay = 0.00>
ST_1 : Operation 7 [1/1] (0.00ns)   --->   "%indvar_flatten = alloca i32 1"   --->   Operation 7 'alloca' 'indvar_flatten' <Predicate = true> <Delay = 0.00>
ST_1 : Operation 8 [1/1] (0.00ns)   --->   "%specmemcore_ln0 = specmemcore void @_ssdm_op_SpecMemCore, i32 %v8564, i64 666, i64 24, i64 18446744073709551615"   --->   Operation 8 'specmemcore' 'specmemcore_ln0' <Predicate = true> <Delay = 0.00>
ST_1 : Operation 9 [1/1] (0.00ns)   --->   "%specmemcore_ln0 = specmemcore void @_ssdm_op_SpecMemCore, i32 %v8565, i64 666, i64 24, i64 18446744073709551615"   --->   Operation 9 'specmemcore' 'specmemcore_ln0' <Predicate = true> <Delay = 0.00>
ST_1 : Operation 10 [1/1] (0.00ns)   --->   "%specmemcore_ln0 = specmemcore void @_ssdm_op_SpecMemCore, i32 %v8566, i64 666, i64 24, i64 18446744073709551615"   --->   Operation 10 'specmemcore' 'specmemcore_ln0' <Predicate = true> <Delay = 0.00>
ST_1 : Operation 11 [1/1] (0.00ns)   --->   "%tmp_4_read = read i9 @_ssdm_op_Read.ap_auto.i9, i9 %tmp_4"   --->   Operation 11 'read' 'tmp_4_read' <Predicate = true> <Delay = 0.00>
ST_1 : Operation 12 [1/1] (0.38ns)   --->   "%store_ln0 = store i17 0, i17 %indvar_flatten"   --->   Operation 12 'store' 'store_ln0' <Predicate = true> <Delay = 0.38>
ST_1 : Operation 13 [1/1] (0.38ns)   --->   "%store_ln15577 = store i11 0, i11 %i15" [/home/silvenchen/Desktop/DitBlock/WorkDCT/DitBlock/kernel.cpp:15577]   --->   Operation 13 'store' 'store_ln15577' <Predicate = true> <Delay = 0.38>
ST_1 : Operation 14 [1/1] (0.38ns)   --->   "%store_ln15578 = store i7 0, i7 %j13" [/home/silvenchen/Desktop/DitBlock/WorkDCT/DitBlock/kernel.cpp:15578]   --->   Operation 14 'store' 'store_ln15578' <Predicate = true> <Delay = 0.38>
ST_1 : Operation 15 [1/1] (0.00ns)   --->   "%br_ln0 = br void %for.inc"   --->   Operation 15 'br' 'br_ln0' <Predicate = true> <Delay = 0.00>

State 2 <SV = 1> <Delay = 4.39>
ST_2 : Operation 16 [1/1] (0.00ns)   --->   "%indvar_flatten_load = load i17 %indvar_flatten" [/home/silvenchen/Desktop/DitBlock/WorkDCT/DitBlock/kernel.cpp:15577]   --->   Operation 16 'load' 'indvar_flatten_load' <Predicate = true> <Delay = 0.00>
ST_2 : Operation 17 [1/1] (0.79ns)   --->   "%icmp_ln15577 = icmp_eq  i17 %indvar_flatten_load, i17 65536" [/home/silvenchen/Desktop/DitBlock/WorkDCT/DitBlock/kernel.cpp:15577]   --->   Operation 17 'icmp' 'icmp_ln15577' <Predicate = true> <Delay = 0.79> <CoreInst = "Cmp">   --->   Core 9 'Cmp' <Latency = 0> <II = 1> <Delay = 0.79> <FuncUnit> <Opcode : 'icmp'> <InPorts = 2> <OutPorts = 1>
ST_2 : Operation 18 [1/1] (0.79ns)   --->   "%add_ln15577_1 = add i17 %indvar_flatten_load, i17 1" [/home/silvenchen/Desktop/DitBlock/WorkDCT/DitBlock/kernel.cpp:15577]   --->   Operation 18 'add' 'add_ln15577_1' <Predicate = true> <Delay = 0.79> <CoreInst = "Adder">   --->   Core 1 'Adder' <Latency = 0> <II = 1> <Delay = 0.79> <FuncUnit> <Opcode : 'add' 'sub'> <InPorts = 2> <OutPorts = 1>
ST_2 : Operation 19 [1/1] (0.00ns)   --->   "%br_ln15577 = br i1 %icmp_ln15577, void %for.inc35, void %for.inc50.preheader.exitStub" [/home/silvenchen/Desktop/DitBlock/WorkDCT/DitBlock/kernel.cpp:15577]   --->   Operation 19 'br' 'br_ln15577' <Predicate = true> <Delay = 0.00>
ST_2 : Operation 20 [1/1] (0.00ns)   --->   "%j13_load = load i7 %j13" [/home/silvenchen/Desktop/DitBlock/WorkDCT/DitBlock/kernel.cpp:15578]   --->   Operation 20 'load' 'j13_load' <Predicate = (!icmp_ln15577)> <Delay = 0.00>
ST_2 : Operation 21 [1/1] (0.00ns)   --->   "%i15_load = load i11 %i15" [/home/silvenchen/Desktop/DitBlock/WorkDCT/DitBlock/kernel.cpp:15577]   --->   Operation 21 'load' 'i15_load' <Predicate = (!icmp_ln15577)> <Delay = 0.00>
ST_2 : Operation 22 [1/1] (0.73ns)   --->   "%add_ln15577 = add i11 %i15_load, i11 1" [/home/silvenchen/Desktop/DitBlock/WorkDCT/DitBlock/kernel.cpp:15577]   --->   Operation 22 'add' 'add_ln15577' <Predicate = (!icmp_ln15577)> <Delay = 0.73> <CoreInst = "Adder">   --->   Core 1 'Adder' <Latency = 0> <II = 1> <Delay = 0.73> <FuncUnit> <Opcode : 'add' 'sub'> <InPorts = 2> <OutPorts = 1>
ST_2 : Operation 23 [1/1] (0.70ns)   --->   "%icmp_ln15578 = icmp_eq  i7 %j13_load, i7 64" [/home/silvenchen/Desktop/DitBlock/WorkDCT/DitBlock/kernel.cpp:15578]   --->   Operation 23 'icmp' 'icmp_ln15578' <Predicate = (!icmp_ln15577)> <Delay = 0.70> <CoreInst = "Cmp">   --->   Core 9 'Cmp' <Latency = 0> <II = 1> <Delay = 0.70> <FuncUnit> <Opcode : 'icmp'> <InPorts = 2> <OutPorts = 1>
ST_2 : Operation 24 [1/1] (0.30ns)   --->   "%select_ln15577 = select i1 %icmp_ln15578, i7 0, i7 %j13_load" [/home/silvenchen/Desktop/DitBlock/WorkDCT/DitBlock/kernel.cpp:15577]   --->   Operation 24 'select' 'select_ln15577' <Predicate = (!icmp_ln15577)> <Delay = 0.30> <CoreInst = "Sel">   --->   Core 73 'Sel' <Latency = 0> <II = 1> <Delay = 0.30> <FuncUnit> <Opcode : 'select'> <InPorts = 3> <OutPorts = 1>
ST_2 : Operation 25 [1/1] (0.00ns)   --->   "%trunc_ln15577 = trunc i7 %select_ln15577" [/home/silvenchen/Desktop/DitBlock/WorkDCT/DitBlock/kernel.cpp:15577]   --->   Operation 25 'trunc' 'trunc_ln15577' <Predicate = (!icmp_ln15577)> <Delay = 0.00>
ST_2 : Operation 26 [1/1] (0.30ns)   --->   "%select_ln15577_1 = select i1 %icmp_ln15578, i11 %add_ln15577, i11 %i15_load" [/home/silvenchen/Desktop/DitBlock/WorkDCT/DitBlock/kernel.cpp:15577]   --->   Operation 26 'select' 'select_ln15577_1' <Predicate = (!icmp_ln15577)> <Delay = 0.30> <CoreInst = "Sel">   --->   Core 73 'Sel' <Latency = 0> <II = 1> <Delay = 0.30> <FuncUnit> <Opcode : 'select'> <InPorts = 3> <OutPorts = 1>
ST_2 : Operation 27 [1/1] (0.00ns)   --->   "%trunc_ln15577_1 = trunc i11 %select_ln15577_1" [/home/silvenchen/Desktop/DitBlock/WorkDCT/DitBlock/kernel.cpp:15577]   --->   Operation 27 'trunc' 'trunc_ln15577_1' <Predicate = (!icmp_ln15577)> <Delay = 0.00>
ST_2 : Operation 28 [1/1] (0.00ns)   --->   "%zext_ln15580 = zext i11 %select_ln15577_1" [/home/silvenchen/Desktop/DitBlock/WorkDCT/DitBlock/kernel.cpp:15580]   --->   Operation 28 'zext' 'zext_ln15580' <Predicate = (!icmp_ln15577)> <Delay = 0.00>
ST_2 : Operation 29 [1/1] (0.00ns)   --->   "%tmp_5 = bitconcatenate i16 @_ssdm_op_BitConcatenate.i16.i10.i6, i10 %trunc_ln15577_1, i6 0" [/home/silvenchen/Desktop/DitBlock/WorkDCT/DitBlock/kernel.cpp:15580]   --->   Operation 29 'bitconcatenate' 'tmp_5' <Predicate = (!icmp_ln15577)> <Delay = 0.00>
ST_2 : Operation 30 [1/1] (0.00ns)   --->   "%zext_ln15580_1 = zext i7 %select_ln15577" [/home/silvenchen/Desktop/DitBlock/WorkDCT/DitBlock/kernel.cpp:15580]   --->   Operation 30 'zext' 'zext_ln15580_1' <Predicate = (!icmp_ln15577)> <Delay = 0.00>
ST_2 : Operation 31 [1/1] (0.78ns)   --->   "%add_ln15580 = add i16 %tmp_5, i16 %zext_ln15580_1" [/home/silvenchen/Desktop/DitBlock/WorkDCT/DitBlock/kernel.cpp:15580]   --->   Operation 31 'add' 'add_ln15580' <Predicate = (!icmp_ln15577)> <Delay = 0.78> <CoreInst = "Adder">   --->   Core 1 'Adder' <Latency = 0> <II = 1> <Delay = 0.78> <FuncUnit> <Opcode : 'add' 'sub'> <InPorts = 2> <OutPorts = 1>
ST_2 : Operation 32 [1/1] (0.00ns)   --->   "%tmp_6 = bitconcatenate i16 @_ssdm_op_BitConcatenate.i16.i6.i10, i6 %trunc_ln15577, i10 0" [/home/silvenchen/Desktop/DitBlock/WorkDCT/DitBlock/kernel.cpp:15582]   --->   Operation 32 'bitconcatenate' 'tmp_6' <Predicate = (!icmp_ln15577)> <Delay = 0.00>
ST_2 : Operation 33 [1/1] (0.78ns)   --->   "%add_ln15582 = add i16 %tmp_6, i16 %zext_ln15580" [/home/silvenchen/Desktop/DitBlock/WorkDCT/DitBlock/kernel.cpp:15582]   --->   Operation 33 'add' 'add_ln15582' <Predicate = (!icmp_ln15577)> <Delay = 0.78> <CoreInst = "Adder">   --->   Core 1 'Adder' <Latency = 0> <II = 1> <Delay = 0.78> <FuncUnit> <Opcode : 'add' 'sub'> <InPorts = 2> <OutPorts = 1>
ST_2 : Operation 34 [1/1] (0.00ns)   --->   "%zext_ln15578 = zext i7 %select_ln15577" [/home/silvenchen/Desktop/DitBlock/WorkDCT/DitBlock/kernel.cpp:15578]   --->   Operation 34 'zext' 'zext_ln15578' <Predicate = (!icmp_ln15577)> <Delay = 0.00>
ST_2 : Operation 35 [1/1] (0.71ns)   --->   "%add_ln15579 = add i9 %tmp_4_read, i9 %zext_ln15578" [/home/silvenchen/Desktop/DitBlock/WorkDCT/DitBlock/kernel.cpp:15579]   --->   Operation 35 'add' 'add_ln15579' <Predicate = (!icmp_ln15577)> <Delay = 0.71> <CoreInst = "Adder">   --->   Core 1 'Adder' <Latency = 0> <II = 1> <Delay = 0.71> <FuncUnit> <Opcode : 'add' 'sub'> <InPorts = 2> <OutPorts = 1>
ST_2 : Operation 36 [1/1] (0.00ns)   --->   "%tmp_7 = bitconcatenate i19 @_ssdm_op_BitConcatenate.i19.i10.i9, i10 %trunc_ln15577_1, i9 %add_ln15579" [/home/silvenchen/Desktop/DitBlock/WorkDCT/DitBlock/kernel.cpp:15579]   --->   Operation 36 'bitconcatenate' 'tmp_7' <Predicate = (!icmp_ln15577)> <Delay = 0.00>
ST_2 : Operation 37 [1/1] (0.00ns)   --->   "%zext_ln15579 = zext i19 %tmp_7" [/home/silvenchen/Desktop/DitBlock/WorkDCT/DitBlock/kernel.cpp:15579]   --->   Operation 37 'zext' 'zext_ln15579' <Predicate = (!icmp_ln15577)> <Delay = 0.00>
ST_2 : Operation 38 [1/1] (0.00ns)   --->   "%v8564_addr = getelementptr i32 %v8564, i64 0, i64 %zext_ln15579" [/home/silvenchen/Desktop/DitBlock/WorkDCT/DitBlock/kernel.cpp:15579]   --->   Operation 38 'getelementptr' 'v8564_addr' <Predicate = (!icmp_ln15577)> <Delay = 0.00>
ST_2 : Operation 39 [1/1] (0.00ns)   --->   "%v8565_addr = getelementptr i32 %v8565, i64 0, i64 %zext_ln15579" [/home/silvenchen/Desktop/DitBlock/WorkDCT/DitBlock/kernel.cpp:15581]   --->   Operation 39 'getelementptr' 'v8565_addr' <Predicate = (!icmp_ln15577)> <Delay = 0.00>
ST_2 : Operation 40 [1/1] (0.00ns)   --->   "%v8566_addr = getelementptr i32 %v8566, i64 0, i64 %zext_ln15579" [/home/silvenchen/Desktop/DitBlock/WorkDCT/DitBlock/kernel.cpp:15583]   --->   Operation 40 'getelementptr' 'v8566_addr' <Predicate = (!icmp_ln15577)> <Delay = 0.00>
ST_2 : Operation 41 [2/2] (2.66ns)   --->   "%v8574 = load i19 %v8564_addr" [/home/silvenchen/Desktop/DitBlock/WorkDCT/DitBlock/kernel.cpp:15579]   --->   Operation 41 'load' 'v8574' <Predicate = (!icmp_ln15577)> <Delay = 2.66> <CoreInst = "RAM_2P_URAM">   --->   Core 95 'RAM_2P_URAM' <Latency = 1> <II = 1> <Delay = 2.66> <Storage> <Opcode : 'load' 'store'> <Ports = 2> <Width = 32> <Depth = 524288> <RAM>
ST_2 : Operation 42 [2/2] (2.66ns)   --->   "%v8575 = load i19 %v8565_addr" [/home/silvenchen/Desktop/DitBlock/WorkDCT/DitBlock/kernel.cpp:15581]   --->   Operation 42 'load' 'v8575' <Predicate = (!icmp_ln15577)> <Delay = 2.66> <CoreInst = "RAM_2P_URAM">   --->   Core 95 'RAM_2P_URAM' <Latency = 1> <II = 1> <Delay = 2.66> <Storage> <Opcode : 'load' 'store'> <Ports = 2> <Width = 32> <Depth = 524288> <RAM>
ST_2 : Operation 43 [2/2] (2.66ns)   --->   "%v8576 = load i19 %v8566_addr" [/home/silvenchen/Desktop/DitBlock/WorkDCT/DitBlock/kernel.cpp:15583]   --->   Operation 43 'load' 'v8576' <Predicate = (!icmp_ln15577)> <Delay = 2.66> <CoreInst = "RAM_2P_URAM">   --->   Core 95 'RAM_2P_URAM' <Latency = 1> <II = 1> <Delay = 2.66> <Storage> <Opcode : 'load' 'store'> <Ports = 2> <Width = 32> <Depth = 524288> <RAM>
ST_2 : Operation 44 [1/1] (0.70ns)   --->   "%add_ln15578 = add i7 %select_ln15577, i7 1" [/home/silvenchen/Desktop/DitBlock/WorkDCT/DitBlock/kernel.cpp:15578]   --->   Operation 44 'add' 'add_ln15578' <Predicate = (!icmp_ln15577)> <Delay = 0.70> <CoreInst = "Adder">   --->   Core 1 'Adder' <Latency = 0> <II = 1> <Delay = 0.70> <FuncUnit> <Opcode : 'add' 'sub'> <InPorts = 2> <OutPorts = 1>
ST_2 : Operation 45 [1/1] (0.38ns)   --->   "%store_ln15577 = store i17 %add_ln15577_1, i17 %indvar_flatten" [/home/silvenchen/Desktop/DitBlock/WorkDCT/DitBlock/kernel.cpp:15577]   --->   Operation 45 'store' 'store_ln15577' <Predicate = (!icmp_ln15577)> <Delay = 0.38>
ST_2 : Operation 46 [1/1] (0.38ns)   --->   "%store_ln15577 = store i11 %select_ln15577_1, i11 %i15" [/home/silvenchen/Desktop/DitBlock/WorkDCT/DitBlock/kernel.cpp:15577]   --->   Operation 46 'store' 'store_ln15577' <Predicate = (!icmp_ln15577)> <Delay = 0.38>
ST_2 : Operation 47 [1/1] (0.38ns)   --->   "%store_ln15578 = store i7 %add_ln15578, i7 %j13" [/home/silvenchen/Desktop/DitBlock/WorkDCT/DitBlock/kernel.cpp:15578]   --->   Operation 47 'store' 'store_ln15578' <Predicate = (!icmp_ln15577)> <Delay = 0.38>
ST_2 : Operation 63 [1/1] (0.00ns)   --->   "%ret_ln0 = ret"   --->   Operation 63 'ret' 'ret_ln0' <Predicate = (icmp_ln15577)> <Delay = 0.00>

State 3 <SV = 2> <Delay = 3.91>
ST_3 : Operation 48 [1/1] (0.00ns)   --->   "%specloopname_ln0 = specloopname void @_ssdm_op_SpecLoopName, void @l_mha_split_i15_l_j13_str"   --->   Operation 48 'specloopname' 'specloopname_ln0' <Predicate = true> <Delay = 0.00>
ST_3 : Operation 49 [1/1] (0.00ns)   --->   "%speclooptripcount_ln0 = speclooptripcount void @_ssdm_op_SpecLoopTripCount, i64 65536, i64 65536, i64 65536"   --->   Operation 49 'speclooptripcount' 'speclooptripcount_ln0' <Predicate = true> <Delay = 0.00>
ST_3 : Operation 50 [1/1] (0.00ns)   --->   "%zext_ln15580_2 = zext i16 %add_ln15580" [/home/silvenchen/Desktop/DitBlock/WorkDCT/DitBlock/kernel.cpp:15580]   --->   Operation 50 'zext' 'zext_ln15580_2' <Predicate = true> <Delay = 0.00>
ST_3 : Operation 51 [1/1] (0.00ns)   --->   "%Q_h_addr = getelementptr i32 %Q_h, i64 0, i64 %zext_ln15580_2" [/home/silvenchen/Desktop/DitBlock/WorkDCT/DitBlock/kernel.cpp:15580]   --->   Operation 51 'getelementptr' 'Q_h_addr' <Predicate = true> <Delay = 0.00>
ST_3 : Operation 52 [1/1] (0.00ns)   --->   "%zext_ln15582 = zext i16 %add_ln15582" [/home/silvenchen/Desktop/DitBlock/WorkDCT/DitBlock/kernel.cpp:15582]   --->   Operation 52 'zext' 'zext_ln15582' <Predicate = true> <Delay = 0.00>
ST_3 : Operation 53 [1/1] (0.00ns)   --->   "%K_h_addr = getelementptr i32 %K_h, i64 0, i64 %zext_ln15582" [/home/silvenchen/Desktop/DitBlock/WorkDCT/DitBlock/kernel.cpp:15582]   --->   Operation 53 'getelementptr' 'K_h_addr' <Predicate = true> <Delay = 0.00>
ST_3 : Operation 54 [1/1] (0.00ns)   --->   "%V_h_addr = getelementptr i32 %V_h, i64 0, i64 %zext_ln15580_2" [/home/silvenchen/Desktop/DitBlock/WorkDCT/DitBlock/kernel.cpp:15584]   --->   Operation 54 'getelementptr' 'V_h_addr' <Predicate = true> <Delay = 0.00>
ST_3 : Operation 55 [1/1] (0.00ns)   --->   "%specpipeline_ln15578 = specpipeline void @_ssdm_op_SpecPipeline, i32 4294967295, i32 0, i32 0, i32 0, void @empty_191" [/home/silvenchen/Desktop/DitBlock/WorkDCT/DitBlock/kernel.cpp:15578]   --->   Operation 55 'specpipeline' 'specpipeline_ln15578' <Predicate = true> <Delay = 0.00>
ST_3 : Operation 56 [1/2] (2.66ns)   --->   "%v8574 = load i19 %v8564_addr" [/home/silvenchen/Desktop/DitBlock/WorkDCT/DitBlock/kernel.cpp:15579]   --->   Operation 56 'load' 'v8574' <Predicate = true> <Delay = 2.66> <CoreInst = "RAM_2P_URAM">   --->   Core 95 'RAM_2P_URAM' <Latency = 1> <II = 1> <Delay = 2.66> <Storage> <Opcode : 'load' 'store'> <Ports = 2> <Width = 32> <Depth = 524288> <RAM>
ST_3 : Operation 57 [1/1] (1.24ns)   --->   "%store_ln15580 = store i32 %v8574, i16 %Q_h_addr" [/home/silvenchen/Desktop/DitBlock/WorkDCT/DitBlock/kernel.cpp:15580]   --->   Operation 57 'store' 'store_ln15580' <Predicate = true> <Delay = 1.24> <CoreInst = "RAM">   --->   Core 83 'RAM' <Latency = 1> <II = 1> <Delay = 1.24> <Storage> <Opcode : 'load' 'store'> <Ports = 2> <Width = 32> <Depth = 65536> <RAM>
ST_3 : Operation 58 [1/2] (2.66ns)   --->   "%v8575 = load i19 %v8565_addr" [/home/silvenchen/Desktop/DitBlock/WorkDCT/DitBlock/kernel.cpp:15581]   --->   Operation 58 'load' 'v8575' <Predicate = true> <Delay = 2.66> <CoreInst = "RAM_2P_URAM">   --->   Core 95 'RAM_2P_URAM' <Latency = 1> <II = 1> <Delay = 2.66> <Storage> <Opcode : 'load' 'store'> <Ports = 2> <Width = 32> <Depth = 524288> <RAM>
ST_3 : Operation 59 [1/1] (1.24ns)   --->   "%store_ln15582 = store i32 %v8575, i16 %K_h_addr" [/home/silvenchen/Desktop/DitBlock/WorkDCT/DitBlock/kernel.cpp:15582]   --->   Operation 59 'store' 'store_ln15582' <Predicate = true> <Delay = 1.24> <CoreInst = "RAM">   --->   Core 83 'RAM' <Latency = 1> <II = 1> <Delay = 1.24> <Storage> <Opcode : 'load' 'store'> <Ports = 2> <Width = 32> <Depth = 65536> <RAM>
ST_3 : Operation 60 [1/2] (2.66ns)   --->   "%v8576 = load i19 %v8566_addr" [/home/silvenchen/Desktop/DitBlock/WorkDCT/DitBlock/kernel.cpp:15583]   --->   Operation 60 'load' 'v8576' <Predicate = true> <Delay = 2.66> <CoreInst = "RAM_2P_URAM">   --->   Core 95 'RAM_2P_URAM' <Latency = 1> <II = 1> <Delay = 2.66> <Storage> <Opcode : 'load' 'store'> <Ports = 2> <Width = 32> <Depth = 524288> <RAM>
ST_3 : Operation 61 [1/1] (1.24ns)   --->   "%store_ln15584 = store i32 %v8576, i16 %V_h_addr" [/home/silvenchen/Desktop/DitBlock/WorkDCT/DitBlock/kernel.cpp:15584]   --->   Operation 61 'store' 'store_ln15584' <Predicate = true> <Delay = 1.24> <CoreInst = "RAM">   --->   Core 83 'RAM' <Latency = 1> <II = 1> <Delay = 1.24> <Storage> <Opcode : 'load' 'store'> <Ports = 2> <Width = 32> <Depth = 65536> <RAM>
ST_3 : Operation 62 [1/1] (0.00ns)   --->   "%br_ln15578 = br void %for.inc" [/home/silvenchen/Desktop/DitBlock/WorkDCT/DitBlock/kernel.cpp:15578]   --->   Operation 62 'br' 'br_ln15578' <Predicate = true> <Delay = 0.00>


============================================================
+ Verbose Summary: Binding
============================================================
STG Binding: 
---------------- STG Properties BEGIN ----------------
- Is combinational: 0
- Is one-state seq: 0
- Is datapath-only: 0
- Is pipelined: 0
- Is top level: 0
Port [ Return ] is wired: 1; IO mode=ap_ctrl_hs:ce=0
Port [ Q_h]:  wired=1; compound=1; hidden=0; nouse=0; global=0; static=0; extern=0; dir=1; type=1; pingpong=0; private_global=0; MemPort=[03]; IO mode=ap_memory:ce=0
Port [ K_h]:  wired=1; compound=1; hidden=0; nouse=0; global=0; static=0; extern=0; dir=1; type=1; pingpong=0; private_global=0; MemPort=[03]; IO mode=ap_memory:ce=0
Port [ V_h]:  wired=1; compound=1; hidden=0; nouse=0; global=0; static=0; extern=0; dir=1; type=1; pingpong=0; private_global=0; MemPort=[03]; IO mode=ap_memory:ce=0
Port [ tmp_4]:  wired=1; compound=0; hidden=0; nouse=0; global=0; static=0; extern=0; dir=0; type=0; pingpong=0; private_global=0; IO mode=ap_none:ce=0
Port [ v8564]:  wired=1; compound=1; hidden=0; nouse=0; global=0; static=0; extern=0; dir=0; type=1; pingpong=0; private_global=0; MemPort=[13]; IO mode=ap_memory:ce=0
Port [ v8565]:  wired=1; compound=1; hidden=0; nouse=0; global=0; static=0; extern=0; dir=0; type=1; pingpong=0; private_global=0; MemPort=[13]; IO mode=ap_memory:ce=0
Port [ v8566]:  wired=1; compound=1; hidden=0; nouse=0; global=0; static=0; extern=0; dir=0; type=1; pingpong=0; private_global=0; MemPort=[13]; IO mode=ap_memory:ce=0
---------------- STG Properties END ------------------

---------------- Datapath Model BEGIN ----------------

<LifeTime>
<method=bitvector/>
j13                   (alloca           ) [ 0110]
i15                   (alloca           ) [ 0110]
indvar_flatten        (alloca           ) [ 0110]
specmemcore_ln0       (specmemcore      ) [ 0000]
specmemcore_ln0       (specmemcore      ) [ 0000]
specmemcore_ln0       (specmemcore      ) [ 0000]
tmp_4_read            (read             ) [ 0110]
store_ln0             (store            ) [ 0000]
store_ln15577         (store            ) [ 0000]
store_ln15578         (store            ) [ 0000]
br_ln0                (br               ) [ 0000]
indvar_flatten_load   (load             ) [ 0000]
icmp_ln15577          (icmp             ) [ 0110]
add_ln15577_1         (add              ) [ 0000]
br_ln15577            (br               ) [ 0000]
j13_load              (load             ) [ 0000]
i15_load              (load             ) [ 0000]
add_ln15577           (add              ) [ 0000]
icmp_ln15578          (icmp             ) [ 0000]
select_ln15577        (select           ) [ 0000]
trunc_ln15577         (trunc            ) [ 0000]
select_ln15577_1      (select           ) [ 0000]
trunc_ln15577_1       (trunc            ) [ 0000]
zext_ln15580          (zext             ) [ 0000]
tmp_5                 (bitconcatenate   ) [ 0000]
zext_ln15580_1        (zext             ) [ 0000]
add_ln15580           (add              ) [ 0101]
tmp_6                 (bitconcatenate   ) [ 0000]
add_ln15582           (add              ) [ 0101]
zext_ln15578          (zext             ) [ 0000]
add_ln15579           (add              ) [ 0000]
tmp_7                 (bitconcatenate   ) [ 0000]
zext_ln15579          (zext             ) [ 0000]
v8564_addr            (getelementptr    ) [ 0101]
v8565_addr            (getelementptr    ) [ 0101]
v8566_addr            (getelementptr    ) [ 0101]
add_ln15578           (add              ) [ 0000]
store_ln15577         (store            ) [ 0000]
store_ln15577         (store            ) [ 0000]
store_ln15578         (store            ) [ 0000]
specloopname_ln0      (specloopname     ) [ 0000]
speclooptripcount_ln0 (speclooptripcount) [ 0000]
zext_ln15580_2        (zext             ) [ 0000]
Q_h_addr              (getelementptr    ) [ 0000]
zext_ln15582          (zext             ) [ 0000]
K_h_addr              (getelementptr    ) [ 0000]
V_h_addr              (getelementptr    ) [ 0000]
specpipeline_ln15578  (specpipeline     ) [ 0000]
v8574                 (load             ) [ 0000]
store_ln15580         (store            ) [ 0000]
v8575                 (load             ) [ 0000]
store_ln15582         (store            ) [ 0000]
v8576                 (load             ) [ 0000]
store_ln15584         (store            ) [ 0000]
br_ln15578            (br               ) [ 0000]
ret_ln0               (ret              ) [ 0000]
</LifeTime>

<model>

<comp_list>
<comp id="0" class="1000" name="Q_h">
<pin_list>
<pin id="1" dir="1" index="0" bw="1" slack="0"/>
</pin_list>
<bind>
<StgValue><ssdm name="Q_h"/><MemPortTyVec>0 3 </MemPortTyVec>
</StgValue>
</bind>
</comp>

<comp id="2" class="1000" name="K_h">
<pin_list>
<pin id="3" dir="1" index="0" bw="1" slack="0"/>
</pin_list>
<bind>
<StgValue><ssdm name="K_h"/><MemPortTyVec>0 3 </MemPortTyVec>
</StgValue>
</bind>
</comp>

<comp id="4" class="1000" name="V_h">
<pin_list>
<pin id="5" dir="1" index="0" bw="1" slack="0"/>
</pin_list>
<bind>
<StgValue><ssdm name="V_h"/><MemPortTyVec>0 3 </MemPortTyVec>
</StgValue>
</bind>
</comp>

<comp id="6" class="1000" name="tmp_4">
<pin_list>
<pin id="7" dir="1" index="0" bw="1" slack="0"/>
</pin_list>
<bind>
<StgValue><ssdm name="tmp_4"/></StgValue>
</bind>
</comp>

<comp id="8" class="1000" name="v8564">
<pin_list>
<pin id="9" dir="1" index="0" bw="1" slack="0"/>
</pin_list>
<bind>
<StgValue><ssdm name="v8564"/><MemPortTyVec>1 3 </MemPortTyVec>
</StgValue>
</bind>
</comp>

<comp id="10" class="1000" name="v8565">
<pin_list>
<pin id="11" dir="1" index="0" bw="1" slack="0"/>
</pin_list>
<bind>
<StgValue><ssdm name="v8565"/><MemPortTyVec>1 3 </MemPortTyVec>
</StgValue>
</bind>
</comp>

<comp id="12" class="1000" name="v8566">
<pin_list>
<pin id="13" dir="1" index="0" bw="1" slack="0"/>
</pin_list>
<bind>
<StgValue><ssdm name="v8566"/><MemPortTyVec>1 3 </MemPortTyVec>
</StgValue>
</bind>
</comp>

<comp id="14" class="1001" name="const_14">
<pin_list>
<pin id="15" dir="1" index="0" bw="1" slack="0"/>
</pin_list>
<bind>
<StgValue><ssdm name=""/></StgValue>
</bind>
</comp>

<comp id="16" class="1001" name="const_16">
<pin_list>
<pin id="17" dir="1" index="0" bw="1" slack="2147483647"/>
</pin_list>
<bind>
<StgValue><ssdm name="_ssdm_op_SpecMemCore"/></StgValue>
</bind>
</comp>

<comp id="18" class="1001" name="const_18">
<pin_list>
<pin id="19" dir="1" index="0" bw="1" slack="2147483647"/>
</pin_list>
<bind>
<StgValue><ssdm name=""/></StgValue>
</bind>
</comp>

<comp id="20" class="1001" name="const_20">
<pin_list>
<pin id="21" dir="1" index="0" bw="1" slack="2147483647"/>
</pin_list>
<bind>
<StgValue><ssdm name=""/></StgValue>
</bind>
</comp>

<comp id="22" class="1001" name="const_22">
<pin_list>
<pin id="23" dir="1" index="0" bw="1" slack="2147483647"/>
</pin_list>
<bind>
<StgValue><ssdm name=""/></StgValue>
</bind>
</comp>

<comp id="24" class="1001" name="const_24">
<pin_list>
<pin id="25" dir="1" index="0" bw="1" slack="0"/>
</pin_list>
<bind>
<StgValue><ssdm name="_ssdm_op_Read.ap_auto.i9"/></StgValue>
</bind>
</comp>

<comp id="26" class="1001" name="const_26">
<pin_list>
<pin id="27" dir="1" index="0" bw="1" slack="0"/>
</pin_list>
<bind>
<StgValue><ssdm name=""/></StgValue>
</bind>
</comp>

<comp id="28" class="1001" name="const_28">
<pin_list>
<pin id="29" dir="1" index="0" bw="1" slack="0"/>
</pin_list>
<bind>
<StgValue><ssdm name=""/></StgValue>
</bind>
</comp>

<comp id="30" class="1001" name="const_30">
<pin_list>
<pin id="31" dir="1" index="0" bw="1" slack="0"/>
</pin_list>
<bind>
<StgValue><ssdm name=""/></StgValue>
</bind>
</comp>

<comp id="32" class="1001" name="const_32">
<pin_list>
<pin id="33" dir="1" index="0" bw="1" slack="0"/>
</pin_list>
<bind>
<StgValue><ssdm name=""/></StgValue>
</bind>
</comp>

<comp id="34" class="1001" name="const_34">
<pin_list>
<pin id="35" dir="1" index="0" bw="1" slack="0"/>
</pin_list>
<bind>
<StgValue><ssdm name=""/></StgValue>
</bind>
</comp>

<comp id="36" class="1001" name="const_36">
<pin_list>
<pin id="37" dir="1" index="0" bw="1" slack="0"/>
</pin_list>
<bind>
<StgValue><ssdm name=""/></StgValue>
</bind>
</comp>

<comp id="38" class="1001" name="const_38">
<pin_list>
<pin id="39" dir="1" index="0" bw="1" slack="0"/>
</pin_list>
<bind>
<StgValue><ssdm name=""/></StgValue>
</bind>
</comp>

<comp id="40" class="1001" name="const_40">
<pin_list>
<pin id="41" dir="1" index="0" bw="1" slack="0"/>
</pin_list>
<bind>
<StgValue><ssdm name="_ssdm_op_BitConcatenate.i16.i10.i6"/></StgValue>
</bind>
</comp>

<comp id="42" class="1001" name="const_42">
<pin_list>
<pin id="43" dir="1" index="0" bw="1" slack="0"/>
</pin_list>
<bind>
<StgValue><ssdm name=""/></StgValue>
</bind>
</comp>

<comp id="44" class="1001" name="const_44">
<pin_list>
<pin id="45" dir="1" index="0" bw="1" slack="0"/>
</pin_list>
<bind>
<StgValue><ssdm name="_ssdm_op_BitConcatenate.i16.i6.i10"/></StgValue>
</bind>
</comp>

<comp id="46" class="1001" name="const_46">
<pin_list>
<pin id="47" dir="1" index="0" bw="1" slack="0"/>
</pin_list>
<bind>
<StgValue><ssdm name=""/></StgValue>
</bind>
</comp>

<comp id="48" class="1001" name="const_48">
<pin_list>
<pin id="49" dir="1" index="0" bw="1" slack="0"/>
</pin_list>
<bind>
<StgValue><ssdm name="_ssdm_op_BitConcatenate.i19.i10.i9"/></StgValue>
</bind>
</comp>

<comp id="50" class="1001" name="const_50">
<pin_list>
<pin id="51" dir="1" index="0" bw="1" slack="0"/>
</pin_list>
<bind>
<StgValue><ssdm name=""/></StgValue>
</bind>
</comp>

<comp id="52" class="1001" name="const_52">
<pin_list>
<pin id="53" dir="1" index="0" bw="1" slack="0"/>
</pin_list>
<bind>
<StgValue><ssdm name=""/></StgValue>
</bind>
</comp>

<comp id="54" class="1001" name="const_54">
<pin_list>
<pin id="55" dir="1" index="0" bw="1" slack="2147483647"/>
</pin_list>
<bind>
<StgValue><ssdm name="_ssdm_op_SpecLoopName"/></StgValue>
</bind>
</comp>

<comp id="56" class="1001" name="const_56">
<pin_list>
<pin id="57" dir="1" index="0" bw="1" slack="2147483647"/>
</pin_list>
<bind>
<StgValue><ssdm name="l_mha_split_i15_l_j13_str"/></StgValue>
</bind>
</comp>

<comp id="58" class="1001" name="const_58">
<pin_list>
<pin id="59" dir="1" index="0" bw="1" slack="2147483647"/>
</pin_list>
<bind>
<StgValue><ssdm name="_ssdm_op_SpecLoopTripCount"/></StgValue>
</bind>
</comp>

<comp id="60" class="1001" name="const_60">
<pin_list>
<pin id="61" dir="1" index="0" bw="1" slack="2147483647"/>
</pin_list>
<bind>
<StgValue><ssdm name=""/></StgValue>
</bind>
</comp>

<comp id="62" class="1001" name="const_62">
<pin_list>
<pin id="63" dir="1" index="0" bw="1" slack="2147483647"/>
</pin_list>
<bind>
<StgValue><ssdm name="_ssdm_op_SpecPipeline"/></StgValue>
</bind>
</comp>

<comp id="64" class="1001" name="const_64">
<pin_list>
<pin id="65" dir="1" index="0" bw="1" slack="2147483647"/>
</pin_list>
<bind>
<StgValue><ssdm name=""/></StgValue>
</bind>
</comp>

<comp id="66" class="1001" name="const_66">
<pin_list>
<pin id="67" dir="1" index="0" bw="1" slack="2147483647"/>
</pin_list>
<bind>
<StgValue><ssdm name=""/></StgValue>
</bind>
</comp>

<comp id="68" class="1001" name="const_68">
<pin_list>
<pin id="69" dir="1" index="0" bw="1" slack="2147483647"/>
</pin_list>
<bind>
<StgValue><ssdm name="empty_191"/></StgValue>
</bind>
</comp>

<comp id="70" class="1004" name="j13_fu_70">
<pin_list>
<pin id="71" dir="0" index="0" bw="1" slack="0"/>
<pin id="72" dir="1" index="1" bw="7" slack="0"/>
</pin_list>
<bind>
<opcode="alloca(26) " fcode="alloca"/>
<opset="j13/1 "/>
</bind>
</comp>

<comp id="74" class="1004" name="i15_fu_74">
<pin_list>
<pin id="75" dir="0" index="0" bw="1" slack="0"/>
<pin id="76" dir="1" index="1" bw="11" slack="0"/>
</pin_list>
<bind>
<opcode="alloca(26) " fcode="alloca"/>
<opset="i15/1 "/>
</bind>
</comp>

<comp id="78" class="1004" name="indvar_flatten_fu_78">
<pin_list>
<pin id="79" dir="0" index="0" bw="1" slack="0"/>
<pin id="80" dir="1" index="1" bw="17" slack="0"/>
</pin_list>
<bind>
<opcode="alloca(26) " fcode="alloca"/>
<opset="indvar_flatten/1 "/>
</bind>
</comp>

<comp id="82" class="1004" name="tmp_4_read_read_fu_82">
<pin_list>
<pin id="83" dir="0" index="0" bw="9" slack="0"/>
<pin id="84" dir="0" index="1" bw="9" slack="0"/>
<pin id="85" dir="1" index="2" bw="9" slack="1"/>
</pin_list>
<bind>
<opcode="read(1150) " fcode="read"/>
<opset="tmp_4_read/1 "/>
</bind>
</comp>

<comp id="88" class="1004" name="v8564_addr_gep_fu_88">
<pin_list>
<pin id="89" dir="0" index="0" bw="32" slack="0"/>
<pin id="90" dir="0" index="1" bw="1" slack="0"/>
<pin id="91" dir="0" index="2" bw="19" slack="0"/>
<pin id="92" dir="1" index="3" bw="19" slack="0"/>
</pin_list>
<bind>
<opcode="getelementptr(29) " fcode="getelementptr"/>
<opset="v8564_addr/2 "/>
</bind>
</comp>

<comp id="95" class="1004" name="v8565_addr_gep_fu_95">
<pin_list>
<pin id="96" dir="0" index="0" bw="32" slack="0"/>
<pin id="97" dir="0" index="1" bw="1" slack="0"/>
<pin id="98" dir="0" index="2" bw="19" slack="0"/>
<pin id="99" dir="1" index="3" bw="19" slack="0"/>
</pin_list>
<bind>
<opcode="getelementptr(29) " fcode="getelementptr"/>
<opset="v8565_addr/2 "/>
</bind>
</comp>

<comp id="102" class="1004" name="v8566_addr_gep_fu_102">
<pin_list>
<pin id="103" dir="0" index="0" bw="32" slack="0"/>
<pin id="104" dir="0" index="1" bw="1" slack="0"/>
<pin id="105" dir="0" index="2" bw="19" slack="0"/>
<pin id="106" dir="1" index="3" bw="19" slack="0"/>
</pin_list>
<bind>
<opcode="getelementptr(29) " fcode="getelementptr"/>
<opset="v8566_addr/2 "/>
</bind>
</comp>

<comp id="109" class="1004" name="grp_access_fu_109">
<pin_list>
<pin id="110" dir="0" index="0" bw="19" slack="0"/>
<pin id="111" dir="0" index="1" bw="32" slack="2147483647"/>
<pin id="112" dir="0" index="2" bw="0" slack="2147483647"/>
<pin id="113" dir="1" index="3" bw="32" slack="0"/>
</pin_list>
<bind>
<opcode="load(27) " fcode="load"/>
<opset="v8574/2 "/>
</bind>
</comp>

<comp id="115" class="1004" name="grp_access_fu_115">
<pin_list>
<pin id="116" dir="0" index="0" bw="19" slack="0"/>
<pin id="117" dir="0" index="1" bw="32" slack="2147483647"/>
<pin id="118" dir="0" index="2" bw="0" slack="2147483647"/>
<pin id="119" dir="1" index="3" bw="32" slack="0"/>
</pin_list>
<bind>
<opcode="load(27) " fcode="load"/>
<opset="v8575/2 "/>
</bind>
</comp>

<comp id="121" class="1004" name="grp_access_fu_121">
<pin_list>
<pin id="122" dir="0" index="0" bw="19" slack="0"/>
<pin id="123" dir="0" index="1" bw="32" slack="2147483647"/>
<pin id="124" dir="0" index="2" bw="0" slack="2147483647"/>
<pin id="125" dir="1" index="3" bw="32" slack="0"/>
</pin_list>
<bind>
<opcode="load(27) " fcode="load"/>
<opset="v8576/2 "/>
</bind>
</comp>

<comp id="127" class="1004" name="Q_h_addr_gep_fu_127">
<pin_list>
<pin id="128" dir="0" index="0" bw="32" slack="0"/>
<pin id="129" dir="0" index="1" bw="1" slack="0"/>
<pin id="130" dir="0" index="2" bw="16" slack="0"/>
<pin id="131" dir="1" index="3" bw="16" slack="0"/>
</pin_list>
<bind>
<opcode="getelementptr(29) " fcode="getelementptr"/>
<opset="Q_h_addr/3 "/>
</bind>
</comp>

<comp id="134" class="1004" name="K_h_addr_gep_fu_134">
<pin_list>
<pin id="135" dir="0" index="0" bw="32" slack="0"/>
<pin id="136" dir="0" index="1" bw="1" slack="0"/>
<pin id="137" dir="0" index="2" bw="16" slack="0"/>
<pin id="138" dir="1" index="3" bw="16" slack="0"/>
</pin_list>
<bind>
<opcode="getelementptr(29) " fcode="getelementptr"/>
<opset="K_h_addr/3 "/>
</bind>
</comp>

<comp id="141" class="1004" name="V_h_addr_gep_fu_141">
<pin_list>
<pin id="142" dir="0" index="0" bw="32" slack="0"/>
<pin id="143" dir="0" index="1" bw="1" slack="0"/>
<pin id="144" dir="0" index="2" bw="16" slack="0"/>
<pin id="145" dir="1" index="3" bw="16" slack="0"/>
</pin_list>
<bind>
<opcode="getelementptr(29) " fcode="getelementptr"/>
<opset="V_h_addr/3 "/>
</bind>
</comp>

<comp id="148" class="1004" name="store_ln15580_access_fu_148">
<pin_list>
<pin id="149" dir="0" index="0" bw="16" slack="0"/>
<pin id="150" dir="0" index="1" bw="32" slack="0"/>
<pin id="151" dir="0" index="2" bw="0" slack="2147483647"/>
<pin id="152" dir="1" index="3" bw="32" slack="2147483647"/>
</pin_list>
<bind>
<opcode="store(28) " fcode="store"/>
<opset="store_ln15580/3 "/>
</bind>
</comp>

<comp id="155" class="1004" name="store_ln15582_access_fu_155">
<pin_list>
<pin id="156" dir="0" index="0" bw="16" slack="0"/>
<pin id="157" dir="0" index="1" bw="32" slack="0"/>
<pin id="158" dir="0" index="2" bw="0" slack="2147483647"/>
<pin id="159" dir="1" index="3" bw="32" slack="2147483647"/>
</pin_list>
<bind>
<opcode="store(28) " fcode="store"/>
<opset="store_ln15582/3 "/>
</bind>
</comp>

<comp id="162" class="1004" name="store_ln15584_access_fu_162">
<pin_list>
<pin id="163" dir="0" index="0" bw="16" slack="0"/>
<pin id="164" dir="0" index="1" bw="32" slack="0"/>
<pin id="165" dir="0" index="2" bw="0" slack="2147483647"/>
<pin id="166" dir="1" index="3" bw="32" slack="2147483647"/>
</pin_list>
<bind>
<opcode="store(28) " fcode="store"/>
<opset="store_ln15584/3 "/>
</bind>
</comp>

<comp id="169" class="1004" name="store_ln0_store_fu_169">
<pin_list>
<pin id="170" dir="0" index="0" bw="1" slack="0"/>
<pin id="171" dir="0" index="1" bw="17" slack="0"/>
<pin id="172" dir="1" index="2" bw="0" slack="2147483647"/>
</pin_list>
<bind>
<opcode="store(28) " fcode="store"/>
<opset="store_ln0/1 "/>
</bind>
</comp>

<comp id="174" class="1004" name="store_ln15577_store_fu_174">
<pin_list>
<pin id="175" dir="0" index="0" bw="1" slack="0"/>
<pin id="176" dir="0" index="1" bw="11" slack="0"/>
<pin id="177" dir="1" index="2" bw="0" slack="2147483647"/>
</pin_list>
<bind>
<opcode="store(28) " fcode="store"/>
<opset="store_ln15577/1 "/>
</bind>
</comp>

<comp id="179" class="1004" name="store_ln15578_store_fu_179">
<pin_list>
<pin id="180" dir="0" index="0" bw="1" slack="0"/>
<pin id="181" dir="0" index="1" bw="7" slack="0"/>
<pin id="182" dir="1" index="2" bw="0" slack="2147483647"/>
</pin_list>
<bind>
<opcode="store(28) " fcode="store"/>
<opset="store_ln15578/1 "/>
</bind>
</comp>

<comp id="184" class="1004" name="indvar_flatten_load_load_fu_184">
<pin_list>
<pin id="185" dir="0" index="0" bw="17" slack="1"/>
<pin id="186" dir="1" index="1" bw="17" slack="0"/>
</pin_list>
<bind>
<opcode="load(27) " fcode="load"/>
<opset="indvar_flatten_load/2 "/>
</bind>
</comp>

<comp id="187" class="1004" name="icmp_ln15577_fu_187">
<pin_list>
<pin id="188" dir="0" index="0" bw="17" slack="0"/>
<pin id="189" dir="0" index="1" bw="17" slack="0"/>
<pin id="190" dir="1" index="2" bw="1" slack="2147483647"/>
</pin_list>
<bind>
<opcode="icmp(45) " fcode="icmp"/>
<opset="icmp_ln15577/2 "/>
</bind>
</comp>

<comp id="193" class="1004" name="add_ln15577_1_fu_193">
<pin_list>
<pin id="194" dir="0" index="0" bw="17" slack="0"/>
<pin id="195" dir="0" index="1" bw="1" slack="0"/>
<pin id="196" dir="1" index="2" bw="17" slack="0"/>
</pin_list>
<bind>
<opcode="add(8) " fcode="add"/>
<opset="add_ln15577_1/2 "/>
</bind>
</comp>

<comp id="199" class="1004" name="j13_load_load_fu_199">
<pin_list>
<pin id="200" dir="0" index="0" bw="7" slack="1"/>
<pin id="201" dir="1" index="1" bw="7" slack="0"/>
</pin_list>
<bind>
<opcode="load(27) " fcode="load"/>
<opset="j13_load/2 "/>
</bind>
</comp>

<comp id="202" class="1004" name="i15_load_load_fu_202">
<pin_list>
<pin id="203" dir="0" index="0" bw="11" slack="1"/>
<pin id="204" dir="1" index="1" bw="11" slack="0"/>
</pin_list>
<bind>
<opcode="load(27) " fcode="load"/>
<opset="i15_load/2 "/>
</bind>
</comp>

<comp id="205" class="1004" name="add_ln15577_fu_205">
<pin_list>
<pin id="206" dir="0" index="0" bw="11" slack="0"/>
<pin id="207" dir="0" index="1" bw="1" slack="0"/>
<pin id="208" dir="1" index="2" bw="11" slack="0"/>
</pin_list>
<bind>
<opcode="add(8) " fcode="add"/>
<opset="add_ln15577/2 "/>
</bind>
</comp>

<comp id="211" class="1004" name="icmp_ln15578_fu_211">
<pin_list>
<pin id="212" dir="0" index="0" bw="7" slack="0"/>
<pin id="213" dir="0" index="1" bw="7" slack="0"/>
<pin id="214" dir="1" index="2" bw="1" slack="0"/>
</pin_list>
<bind>
<opcode="icmp(45) " fcode="icmp"/>
<opset="icmp_ln15578/2 "/>
</bind>
</comp>

<comp id="217" class="1004" name="select_ln15577_fu_217">
<pin_list>
<pin id="218" dir="0" index="0" bw="1" slack="0"/>
<pin id="219" dir="0" index="1" bw="1" slack="0"/>
<pin id="220" dir="0" index="2" bw="7" slack="0"/>
<pin id="221" dir="1" index="3" bw="7" slack="0"/>
</pin_list>
<bind>
<opcode="select(49) " fcode="select"/>
<opset="select_ln15577/2 "/>
</bind>
</comp>

<comp id="225" class="1004" name="trunc_ln15577_fu_225">
<pin_list>
<pin id="226" dir="0" index="0" bw="7" slack="0"/>
<pin id="227" dir="1" index="1" bw="6" slack="0"/>
</pin_list>
<bind>
<opcode="trunc(33) " fcode="trunc"/>
<opset="trunc_ln15577/2 "/>
</bind>
</comp>

<comp id="229" class="1004" name="select_ln15577_1_fu_229">
<pin_list>
<pin id="230" dir="0" index="0" bw="1" slack="0"/>
<pin id="231" dir="0" index="1" bw="11" slack="0"/>
<pin id="232" dir="0" index="2" bw="11" slack="0"/>
<pin id="233" dir="1" index="3" bw="11" slack="0"/>
</pin_list>
<bind>
<opcode="select(49) " fcode="select"/>
<opset="select_ln15577_1/2 "/>
</bind>
</comp>

<comp id="237" class="1004" name="trunc_ln15577_1_fu_237">
<pin_list>
<pin id="238" dir="0" index="0" bw="11" slack="0"/>
<pin id="239" dir="1" index="1" bw="10" slack="0"/>
</pin_list>
<bind>
<opcode="trunc(33) " fcode="trunc"/>
<opset="trunc_ln15577_1/2 "/>
</bind>
</comp>

<comp id="241" class="1004" name="zext_ln15580_fu_241">
<pin_list>
<pin id="242" dir="0" index="0" bw="11" slack="0"/>
<pin id="243" dir="1" index="1" bw="16" slack="0"/>
</pin_list>
<bind>
<opcode="zext(34) " fcode="zext"/>
<opset="zext_ln15580/2 "/>
</bind>
</comp>

<comp id="245" class="1004" name="tmp_5_fu_245">
<pin_list>
<pin id="246" dir="0" index="0" bw="16" slack="0"/>
<pin id="247" dir="0" index="1" bw="10" slack="0"/>
<pin id="248" dir="0" index="2" bw="1" slack="0"/>
<pin id="249" dir="1" index="3" bw="16" slack="0"/>
</pin_list>
<bind>
<opcode="bitconcatenate(1004) " fcode="bitconcatenate"/>
<opset="tmp_5/2 "/>
</bind>
</comp>

<comp id="253" class="1004" name="zext_ln15580_1_fu_253">
<pin_list>
<pin id="254" dir="0" index="0" bw="7" slack="0"/>
<pin id="255" dir="1" index="1" bw="16" slack="0"/>
</pin_list>
<bind>
<opcode="zext(34) " fcode="zext"/>
<opset="zext_ln15580_1/2 "/>
</bind>
</comp>

<comp id="257" class="1004" name="add_ln15580_fu_257">
<pin_list>
<pin id="258" dir="0" index="0" bw="16" slack="0"/>
<pin id="259" dir="0" index="1" bw="7" slack="0"/>
<pin id="260" dir="1" index="2" bw="16" slack="1"/>
</pin_list>
<bind>
<opcode="add(8) " fcode="add"/>
<opset="add_ln15580/2 "/>
</bind>
</comp>

<comp id="263" class="1004" name="tmp_6_fu_263">
<pin_list>
<pin id="264" dir="0" index="0" bw="16" slack="0"/>
<pin id="265" dir="0" index="1" bw="6" slack="0"/>
<pin id="266" dir="0" index="2" bw="1" slack="0"/>
<pin id="267" dir="1" index="3" bw="16" slack="0"/>
</pin_list>
<bind>
<opcode="bitconcatenate(1004) " fcode="bitconcatenate"/>
<opset="tmp_6/2 "/>
</bind>
</comp>

<comp id="271" class="1004" name="add_ln15582_fu_271">
<pin_list>
<pin id="272" dir="0" index="0" bw="16" slack="0"/>
<pin id="273" dir="0" index="1" bw="11" slack="0"/>
<pin id="274" dir="1" index="2" bw="16" slack="1"/>
</pin_list>
<bind>
<opcode="add(8) " fcode="add"/>
<opset="add_ln15582/2 "/>
</bind>
</comp>

<comp id="277" class="1004" name="zext_ln15578_fu_277">
<pin_list>
<pin id="278" dir="0" index="0" bw="7" slack="0"/>
<pin id="279" dir="1" index="1" bw="9" slack="0"/>
</pin_list>
<bind>
<opcode="zext(34) " fcode="zext"/>
<opset="zext_ln15578/2 "/>
</bind>
</comp>

<comp id="281" class="1004" name="add_ln15579_fu_281">
<pin_list>
<pin id="282" dir="0" index="0" bw="9" slack="1"/>
<pin id="283" dir="0" index="1" bw="7" slack="0"/>
<pin id="284" dir="1" index="2" bw="9" slack="0"/>
</pin_list>
<bind>
<opcode="add(8) " fcode="add"/>
<opset="add_ln15579/2 "/>
</bind>
</comp>

<comp id="286" class="1004" name="tmp_7_fu_286">
<pin_list>
<pin id="287" dir="0" index="0" bw="19" slack="0"/>
<pin id="288" dir="0" index="1" bw="10" slack="0"/>
<pin id="289" dir="0" index="2" bw="9" slack="0"/>
<pin id="290" dir="1" index="3" bw="19" slack="0"/>
</pin_list>
<bind>
<opcode="bitconcatenate(1004) " fcode="bitconcatenate"/>
<opset="tmp_7/2 "/>
</bind>
</comp>

<comp id="294" class="1004" name="zext_ln15579_fu_294">
<pin_list>
<pin id="295" dir="0" index="0" bw="19" slack="0"/>
<pin id="296" dir="1" index="1" bw="64" slack="0"/>
</pin_list>
<bind>
<opcode="zext(34) " fcode="zext"/>
<opset="zext_ln15579/2 "/>
</bind>
</comp>

<comp id="301" class="1004" name="add_ln15578_fu_301">
<pin_list>
<pin id="302" dir="0" index="0" bw="7" slack="0"/>
<pin id="303" dir="0" index="1" bw="1" slack="0"/>
<pin id="304" dir="1" index="2" bw="7" slack="0"/>
</pin_list>
<bind>
<opcode="add(8) " fcode="add"/>
<opset="add_ln15578/2 "/>
</bind>
</comp>

<comp id="307" class="1004" name="store_ln15577_store_fu_307">
<pin_list>
<pin id="308" dir="0" index="0" bw="17" slack="0"/>
<pin id="309" dir="0" index="1" bw="17" slack="1"/>
<pin id="310" dir="1" index="2" bw="0" slack="2147483647"/>
</pin_list>
<bind>
<opcode="store(28) " fcode="store"/>
<opset="store_ln15577/2 "/>
</bind>
</comp>

<comp id="312" class="1004" name="store_ln15577_store_fu_312">
<pin_list>
<pin id="313" dir="0" index="0" bw="11" slack="0"/>
<pin id="314" dir="0" index="1" bw="11" slack="1"/>
<pin id="315" dir="1" index="2" bw="0" slack="2147483647"/>
</pin_list>
<bind>
<opcode="store(28) " fcode="store"/>
<opset="store_ln15577/2 "/>
</bind>
</comp>

<comp id="317" class="1004" name="store_ln15578_store_fu_317">
<pin_list>
<pin id="318" dir="0" index="0" bw="7" slack="0"/>
<pin id="319" dir="0" index="1" bw="7" slack="1"/>
<pin id="320" dir="1" index="2" bw="0" slack="2147483647"/>
</pin_list>
<bind>
<opcode="store(28) " fcode="store"/>
<opset="store_ln15578/2 "/>
</bind>
</comp>

<comp id="322" class="1004" name="zext_ln15580_2_fu_322">
<pin_list>
<pin id="323" dir="0" index="0" bw="16" slack="1"/>
<pin id="324" dir="1" index="1" bw="64" slack="0"/>
</pin_list>
<bind>
<opcode="zext(34) " fcode="zext"/>
<opset="zext_ln15580_2/3 "/>
</bind>
</comp>

<comp id="327" class="1004" name="zext_ln15582_fu_327">
<pin_list>
<pin id="328" dir="0" index="0" bw="16" slack="1"/>
<pin id="329" dir="1" index="1" bw="64" slack="0"/>
</pin_list>
<bind>
<opcode="zext(34) " fcode="zext"/>
<opset="zext_ln15582/3 "/>
</bind>
</comp>

<comp id="331" class="1005" name="j13_reg_331">
<pin_list>
<pin id="332" dir="0" index="0" bw="7" slack="0"/>
<pin id="333" dir="1" index="1" bw="7" slack="0"/>
</pin_list>
<bind>
<opset="j13 "/>
</bind>
</comp>

<comp id="338" class="1005" name="i15_reg_338">
<pin_list>
<pin id="339" dir="0" index="0" bw="11" slack="0"/>
<pin id="340" dir="1" index="1" bw="11" slack="0"/>
</pin_list>
<bind>
<opset="i15 "/>
</bind>
</comp>

<comp id="345" class="1005" name="indvar_flatten_reg_345">
<pin_list>
<pin id="346" dir="0" index="0" bw="17" slack="0"/>
<pin id="347" dir="1" index="1" bw="17" slack="0"/>
</pin_list>
<bind>
<opset="indvar_flatten "/>
</bind>
</comp>

<comp id="352" class="1005" name="tmp_4_read_reg_352">
<pin_list>
<pin id="353" dir="0" index="0" bw="9" slack="1"/>
<pin id="354" dir="1" index="1" bw="9" slack="1"/>
</pin_list>
<bind>
<opset="tmp_4_read "/>
</bind>
</comp>

<comp id="360" class="1005" name="add_ln15580_reg_360">
<pin_list>
<pin id="361" dir="0" index="0" bw="16" slack="1"/>
<pin id="362" dir="1" index="1" bw="16" slack="1"/>
</pin_list>
<bind>
<opset="add_ln15580 "/>
</bind>
</comp>

<comp id="365" class="1005" name="add_ln15582_reg_365">
<pin_list>
<pin id="366" dir="0" index="0" bw="16" slack="1"/>
<pin id="367" dir="1" index="1" bw="16" slack="1"/>
</pin_list>
<bind>
<opset="add_ln15582 "/>
</bind>
</comp>

<comp id="370" class="1005" name="v8564_addr_reg_370">
<pin_list>
<pin id="371" dir="0" index="0" bw="19" slack="1"/>
<pin id="372" dir="1" index="1" bw="19" slack="1"/>
</pin_list>
<bind>
<opset="v8564_addr "/>
</bind>
</comp>

<comp id="375" class="1005" name="v8565_addr_reg_375">
<pin_list>
<pin id="376" dir="0" index="0" bw="19" slack="1"/>
<pin id="377" dir="1" index="1" bw="19" slack="1"/>
</pin_list>
<bind>
<opset="v8565_addr "/>
</bind>
</comp>

<comp id="380" class="1005" name="v8566_addr_reg_380">
<pin_list>
<pin id="381" dir="0" index="0" bw="19" slack="1"/>
<pin id="382" dir="1" index="1" bw="19" slack="1"/>
</pin_list>
<bind>
<opset="v8566_addr "/>
</bind>
</comp>

</comp_list>

<net_list>
<net id="73"><net_src comp="14" pin="0"/><net_sink comp="70" pin=0"/></net>

<net id="77"><net_src comp="14" pin="0"/><net_sink comp="74" pin=0"/></net>

<net id="81"><net_src comp="14" pin="0"/><net_sink comp="78" pin=0"/></net>

<net id="86"><net_src comp="24" pin="0"/><net_sink comp="82" pin=0"/></net>

<net id="87"><net_src comp="6" pin="0"/><net_sink comp="82" pin=1"/></net>

<net id="93"><net_src comp="8" pin="0"/><net_sink comp="88" pin=0"/></net>

<net id="94"><net_src comp="50" pin="0"/><net_sink comp="88" pin=1"/></net>

<net id="100"><net_src comp="10" pin="0"/><net_sink comp="95" pin=0"/></net>

<net id="101"><net_src comp="50" pin="0"/><net_sink comp="95" pin=1"/></net>

<net id="107"><net_src comp="12" pin="0"/><net_sink comp="102" pin=0"/></net>

<net id="108"><net_src comp="50" pin="0"/><net_sink comp="102" pin=1"/></net>

<net id="114"><net_src comp="88" pin="3"/><net_sink comp="109" pin=0"/></net>

<net id="120"><net_src comp="95" pin="3"/><net_sink comp="115" pin=0"/></net>

<net id="126"><net_src comp="102" pin="3"/><net_sink comp="121" pin=0"/></net>

<net id="132"><net_src comp="0" pin="0"/><net_sink comp="127" pin=0"/></net>

<net id="133"><net_src comp="50" pin="0"/><net_sink comp="127" pin=1"/></net>

<net id="139"><net_src comp="2" pin="0"/><net_sink comp="134" pin=0"/></net>

<net id="140"><net_src comp="50" pin="0"/><net_sink comp="134" pin=1"/></net>

<net id="146"><net_src comp="4" pin="0"/><net_sink comp="141" pin=0"/></net>

<net id="147"><net_src comp="50" pin="0"/><net_sink comp="141" pin=1"/></net>

<net id="153"><net_src comp="109" pin="3"/><net_sink comp="148" pin=1"/></net>

<net id="154"><net_src comp="127" pin="3"/><net_sink comp="148" pin=0"/></net>

<net id="160"><net_src comp="115" pin="3"/><net_sink comp="155" pin=1"/></net>

<net id="161"><net_src comp="134" pin="3"/><net_sink comp="155" pin=0"/></net>

<net id="167"><net_src comp="121" pin="3"/><net_sink comp="162" pin=1"/></net>

<net id="168"><net_src comp="141" pin="3"/><net_sink comp="162" pin=0"/></net>

<net id="173"><net_src comp="26" pin="0"/><net_sink comp="169" pin=0"/></net>

<net id="178"><net_src comp="28" pin="0"/><net_sink comp="174" pin=0"/></net>

<net id="183"><net_src comp="30" pin="0"/><net_sink comp="179" pin=0"/></net>

<net id="191"><net_src comp="184" pin="1"/><net_sink comp="187" pin=0"/></net>

<net id="192"><net_src comp="32" pin="0"/><net_sink comp="187" pin=1"/></net>

<net id="197"><net_src comp="184" pin="1"/><net_sink comp="193" pin=0"/></net>

<net id="198"><net_src comp="34" pin="0"/><net_sink comp="193" pin=1"/></net>

<net id="209"><net_src comp="202" pin="1"/><net_sink comp="205" pin=0"/></net>

<net id="210"><net_src comp="36" pin="0"/><net_sink comp="205" pin=1"/></net>

<net id="215"><net_src comp="199" pin="1"/><net_sink comp="211" pin=0"/></net>

<net id="216"><net_src comp="38" pin="0"/><net_sink comp="211" pin=1"/></net>

<net id="222"><net_src comp="211" pin="2"/><net_sink comp="217" pin=0"/></net>

<net id="223"><net_src comp="30" pin="0"/><net_sink comp="217" pin=1"/></net>

<net id="224"><net_src comp="199" pin="1"/><net_sink comp="217" pin=2"/></net>

<net id="228"><net_src comp="217" pin="3"/><net_sink comp="225" pin=0"/></net>

<net id="234"><net_src comp="211" pin="2"/><net_sink comp="229" pin=0"/></net>

<net id="235"><net_src comp="205" pin="2"/><net_sink comp="229" pin=1"/></net>

<net id="236"><net_src comp="202" pin="1"/><net_sink comp="229" pin=2"/></net>

<net id="240"><net_src comp="229" pin="3"/><net_sink comp="237" pin=0"/></net>

<net id="244"><net_src comp="229" pin="3"/><net_sink comp="241" pin=0"/></net>

<net id="250"><net_src comp="40" pin="0"/><net_sink comp="245" pin=0"/></net>

<net id="251"><net_src comp="237" pin="1"/><net_sink comp="245" pin=1"/></net>

<net id="252"><net_src comp="42" pin="0"/><net_sink comp="245" pin=2"/></net>

<net id="256"><net_src comp="217" pin="3"/><net_sink comp="253" pin=0"/></net>

<net id="261"><net_src comp="245" pin="3"/><net_sink comp="257" pin=0"/></net>

<net id="262"><net_src comp="253" pin="1"/><net_sink comp="257" pin=1"/></net>

<net id="268"><net_src comp="44" pin="0"/><net_sink comp="263" pin=0"/></net>

<net id="269"><net_src comp="225" pin="1"/><net_sink comp="263" pin=1"/></net>

<net id="270"><net_src comp="46" pin="0"/><net_sink comp="263" pin=2"/></net>

<net id="275"><net_src comp="263" pin="3"/><net_sink comp="271" pin=0"/></net>

<net id="276"><net_src comp="241" pin="1"/><net_sink comp="271" pin=1"/></net>

<net id="280"><net_src comp="217" pin="3"/><net_sink comp="277" pin=0"/></net>

<net id="285"><net_src comp="277" pin="1"/><net_sink comp="281" pin=1"/></net>

<net id="291"><net_src comp="48" pin="0"/><net_sink comp="286" pin=0"/></net>

<net id="292"><net_src comp="237" pin="1"/><net_sink comp="286" pin=1"/></net>

<net id="293"><net_src comp="281" pin="2"/><net_sink comp="286" pin=2"/></net>

<net id="297"><net_src comp="286" pin="3"/><net_sink comp="294" pin=0"/></net>

<net id="298"><net_src comp="294" pin="1"/><net_sink comp="88" pin=2"/></net>

<net id="299"><net_src comp="294" pin="1"/><net_sink comp="95" pin=2"/></net>

<net id="300"><net_src comp="294" pin="1"/><net_sink comp="102" pin=2"/></net>

<net id="305"><net_src comp="217" pin="3"/><net_sink comp="301" pin=0"/></net>

<net id="306"><net_src comp="52" pin="0"/><net_sink comp="301" pin=1"/></net>

<net id="311"><net_src comp="193" pin="2"/><net_sink comp="307" pin=0"/></net>

<net id="316"><net_src comp="229" pin="3"/><net_sink comp="312" pin=0"/></net>

<net id="321"><net_src comp="301" pin="2"/><net_sink comp="317" pin=0"/></net>

<net id="325"><net_src comp="322" pin="1"/><net_sink comp="127" pin=2"/></net>

<net id="326"><net_src comp="322" pin="1"/><net_sink comp="141" pin=2"/></net>

<net id="330"><net_src comp="327" pin="1"/><net_sink comp="134" pin=2"/></net>

<net id="334"><net_src comp="70" pin="1"/><net_sink comp="331" pin=0"/></net>

<net id="335"><net_src comp="331" pin="1"/><net_sink comp="179" pin=1"/></net>

<net id="336"><net_src comp="331" pin="1"/><net_sink comp="199" pin=0"/></net>

<net id="337"><net_src comp="331" pin="1"/><net_sink comp="317" pin=1"/></net>

<net id="341"><net_src comp="74" pin="1"/><net_sink comp="338" pin=0"/></net>

<net id="342"><net_src comp="338" pin="1"/><net_sink comp="174" pin=1"/></net>

<net id="343"><net_src comp="338" pin="1"/><net_sink comp="202" pin=0"/></net>

<net id="344"><net_src comp="338" pin="1"/><net_sink comp="312" pin=1"/></net>

<net id="348"><net_src comp="78" pin="1"/><net_sink comp="345" pin=0"/></net>

<net id="349"><net_src comp="345" pin="1"/><net_sink comp="169" pin=1"/></net>

<net id="350"><net_src comp="345" pin="1"/><net_sink comp="184" pin=0"/></net>

<net id="351"><net_src comp="345" pin="1"/><net_sink comp="307" pin=1"/></net>

<net id="355"><net_src comp="82" pin="2"/><net_sink comp="352" pin=0"/></net>

<net id="356"><net_src comp="352" pin="1"/><net_sink comp="281" pin=0"/></net>

<net id="363"><net_src comp="257" pin="2"/><net_sink comp="360" pin=0"/></net>

<net id="364"><net_src comp="360" pin="1"/><net_sink comp="322" pin=0"/></net>

<net id="368"><net_src comp="271" pin="2"/><net_sink comp="365" pin=0"/></net>

<net id="369"><net_src comp="365" pin="1"/><net_sink comp="327" pin=0"/></net>

<net id="373"><net_src comp="88" pin="3"/><net_sink comp="370" pin=0"/></net>

<net id="374"><net_src comp="370" pin="1"/><net_sink comp="109" pin=0"/></net>

<net id="378"><net_src comp="95" pin="3"/><net_sink comp="375" pin=0"/></net>

<net id="379"><net_src comp="375" pin="1"/><net_sink comp="115" pin=0"/></net>

<net id="383"><net_src comp="102" pin="3"/><net_sink comp="380" pin=0"/></net>

<net id="384"><net_src comp="380" pin="1"/><net_sink comp="121" pin=0"/></net>

</net_list>

</model> 
---------------- Datapath Model END ------------------

* FSMD analyzer results:
  - Output states:
	Port: Q_h | {3 }
	Port: K_h | {3 }
	Port: V_h | {3 }
 - Input state : 
	Port: scaled_dot_product_attention_Pipeline_l_mha_split_i15_l_j13 : tmp_4 | {1 }
	Port: scaled_dot_product_attention_Pipeline_l_mha_split_i15_l_j13 : v8564 | {2 3 }
	Port: scaled_dot_product_attention_Pipeline_l_mha_split_i15_l_j13 : v8565 | {2 3 }
	Port: scaled_dot_product_attention_Pipeline_l_mha_split_i15_l_j13 : v8566 | {2 3 }
  - Chain level:
	State 1
		store_ln0 : 1
		store_ln15577 : 1
		store_ln15578 : 1
	State 2
		icmp_ln15577 : 1
		add_ln15577_1 : 1
		br_ln15577 : 2
		add_ln15577 : 1
		icmp_ln15578 : 1
		select_ln15577 : 2
		trunc_ln15577 : 3
		select_ln15577_1 : 2
		trunc_ln15577_1 : 3
		zext_ln15580 : 3
		tmp_5 : 4
		zext_ln15580_1 : 3
		add_ln15580 : 5
		tmp_6 : 4
		add_ln15582 : 5
		zext_ln15578 : 3
		add_ln15579 : 4
		tmp_7 : 5
		zext_ln15579 : 6
		v8564_addr : 7
		v8565_addr : 7
		v8566_addr : 7
		v8574 : 8
		v8575 : 8
		v8576 : 8
		add_ln15578 : 3
		store_ln15577 : 2
		store_ln15577 : 3
		store_ln15578 : 4
	State 3
		Q_h_addr : 1
		K_h_addr : 1
		V_h_addr : 1
		store_ln15580 : 2
		store_ln15582 : 2
		store_ln15584 : 2


============================================================
+ Verbose Summary: Datapath Resource usage 
============================================================

* Functional unit list:
|----------|-------------------------|---------|---------|
| Operation|     Functional Unit     |    FF   |   LUT   |
|----------|-------------------------|---------|---------|
|          |   add_ln15577_1_fu_193  |    0    |    24   |
|          |    add_ln15577_fu_205   |    0    |    18   |
|    add   |    add_ln15580_fu_257   |    0    |    23   |
|          |    add_ln15582_fu_271   |    0    |    23   |
|          |    add_ln15579_fu_281   |    0    |    16   |
|          |    add_ln15578_fu_301   |    0    |    14   |
|----------|-------------------------|---------|---------|
|   icmp   |   icmp_ln15577_fu_187   |    0    |    24   |
|          |   icmp_ln15578_fu_211   |    0    |    14   |
|----------|-------------------------|---------|---------|
|  select  |  select_ln15577_fu_217  |    0    |    7    |
|          | select_ln15577_1_fu_229 |    0    |    11   |
|----------|-------------------------|---------|---------|
|   read   |  tmp_4_read_read_fu_82  |    0    |    0    |
|----------|-------------------------|---------|---------|
|   trunc  |   trunc_ln15577_fu_225  |    0    |    0    |
|          |  trunc_ln15577_1_fu_237 |    0    |    0    |
|----------|-------------------------|---------|---------|
|          |   zext_ln15580_fu_241   |    0    |    0    |
|          |  zext_ln15580_1_fu_253  |    0    |    0    |
|   zext   |   zext_ln15578_fu_277   |    0    |    0    |
|          |   zext_ln15579_fu_294   |    0    |    0    |
|          |  zext_ln15580_2_fu_322  |    0    |    0    |
|          |   zext_ln15582_fu_327   |    0    |    0    |
|----------|-------------------------|---------|---------|
|          |       tmp_5_fu_245      |    0    |    0    |
|bitconcatenate|       tmp_6_fu_263      |    0    |    0    |
|          |       tmp_7_fu_286      |    0    |    0    |
|----------|-------------------------|---------|---------|
|   Total  |                         |    0    |   174   |
|----------|-------------------------|---------|---------|

Memories:
N/A

* Register list:
+----------------------+--------+
|                      |   FF   |
+----------------------+--------+
|  add_ln15580_reg_360 |   16   |
|  add_ln15582_reg_365 |   16   |
|      i15_reg_338     |   11   |
|indvar_flatten_reg_345|   17   |
|      j13_reg_331     |    7   |
|  tmp_4_read_reg_352  |    9   |
|  v8564_addr_reg_370  |   19   |
|  v8565_addr_reg_375  |   19   |
|  v8566_addr_reg_380  |   19   |
+----------------------+--------+
|         Total        |   133  |
+----------------------+--------+

* Multiplexer (MUX) list: 
|-------------------|------|------|------|--------||---------||---------|
|        Comp       |  Pin | Size |  BW  | S x BW ||  Delay  ||   LUT   |
|-------------------|------|------|------|--------||---------||---------|
| grp_access_fu_109 |  p0  |   2  |  19  |   38   ||    9    |
| grp_access_fu_115 |  p0  |   2  |  19  |   38   ||    9    |
| grp_access_fu_121 |  p0  |   2  |  19  |   38   ||    9    |
|-------------------|------|------|------|--------||---------||---------|
|       Total       |      |      |      |   114  ||  1.161  ||    27   |
|-------------------|------|------|------|--------||---------||---------|



* Summary:
+-----------+--------+--------+--------+
|           |  Delay |   FF   |   LUT  |
+-----------+--------+--------+--------+
|  Function |    -   |    0   |   174  |
|   Memory  |    -   |    -   |    -   |
|Multiplexer|    1   |    -   |   27   |
|  Register |    -   |   133  |    -   |
+-----------+--------+--------+--------+
|   Total   |    1   |   133  |   201  |
+-----------+--------+--------+--------+
