

================================================================
== Vitis HLS Report for 'scaled_dot_product_attention_Pipeline_l_row_max_i12_l_j10'
================================================================
* Date:           Mon Feb 17 20:36:50 2025

* Version:        2023.2 (Build 4023990 on Oct 11 2023)
* Project:        DitBlock
* Solution:       hls (Vivado IP Flow Target)
* Product family: virtexuplusHBM
* Target device:  xcu280-fsvh2892-2L-e


================================================================
== Performance Estimates
================================================================
+ Timing: 
    * Summary: 
    +--------+----------+----------+------------+
    |  Clock |  Target  | Estimated| Uncertainty|
    +--------+----------+----------+------------+
    |ap_clk  |  10.00 ns|  6.870 ns|     2.70 ns|
    +--------+----------+----------+------------+

+ Latency: 
    * Summary: 
    +---------+---------+-----------+-----------+---------+---------+---------+
    |  Latency (cycles) |   Latency (absolute)  |      Interval     | Pipeline|
    |   min   |   max   |    min    |    max    |   min   |   max   |   Type  |
    +---------+---------+-----------+-----------+---------+---------+---------+
    |  2097155|  2097155|  20.972 ms|  20.972 ms|  2097155|  2097155|       no|
    +---------+---------+-----------+-----------+---------+---------+---------+

    + Detail: 
        * Instance: 
        N/A

        * Loop: 
        +-----------------------+---------+---------+----------+-----------+-----------+---------+----------+
        |                       |  Latency (cycles) | Iteration|  Initiation Interval  |   Trip  |          |
        |       Loop Name       |   min   |   max   |  Latency |  achieved |   target  |  Count  | Pipelined|
        +-----------------------+---------+---------+----------+-----------+-----------+---------+----------+
        |- l_row_max_i12_l_j10  |  2097153|  2097153|         4|          2|          1|  1048576|       yes|
        +-----------------------+---------+---------+----------+-----------+-----------+---------+----------+

============================================================
+ Verbose Summary: Synthesis Manager
============================================================
InlineROM: 1
ExposeGlobal: 0
============================================================
+ Verbose Summary: CDFG Model
============================================================
IsTopModel: 0
ResetActiveHigh: 1
IsCombinational: 0
IsDatapathOnly: 0
HasWiredReturn: 1
HasMFsm: 2
HasVarLatency: 1
IsPipeline: 0
IsRtlPipelined: 0
IsInstanceOverlapped: 0
IsDontTouch: 0
HasImplIP: 0
IsGatedGlobalClock: 0

+ Individual pipeline summary: 
  * Pipeline-0: initiation interval (II) = 2, depth = 5


============================================================
+ Verbose Summary: Schedule
============================================================
* Number of FSM states : 5
* Pipeline : 1
  Pipeline-0 : II = 2, D = 5, States = { 1 2 3 4 5 }
* Dataflow Pipeline: 0

* FSM state transitions: 
1 --> 2 
2 --> 3 
3 --> 4 
4 --> 5 
5 --> 

* FSM state operations: 

State 1 <SV = 0> <Delay = 0.38>
ST_1 : Operation 7 [1/1] (0.00ns)   --->   "%j10 = alloca i32 1" [/home/silvenchen/Desktop/DitBlock/WorkDCT/DitBlock/kernel.cpp:12565->/home/silvenchen/Desktop/DitBlock/WorkDCT/DitBlock/kernel.cpp:15624]   --->   Operation 7 'alloca' 'j10' <Predicate = true> <Delay = 0.00>
ST_1 : Operation 8 [1/1] (0.00ns)   --->   "%i12 = alloca i32 1" [/home/silvenchen/Desktop/DitBlock/WorkDCT/DitBlock/kernel.cpp:12564->/home/silvenchen/Desktop/DitBlock/WorkDCT/DitBlock/kernel.cpp:15624]   --->   Operation 8 'alloca' 'i12' <Predicate = true> <Delay = 0.00>
ST_1 : Operation 9 [1/1] (0.00ns)   --->   "%indvar_flatten24 = alloca i32 1"   --->   Operation 9 'alloca' 'indvar_flatten24' <Predicate = true> <Delay = 0.00>
ST_1 : Operation 10 [1/1] (0.00ns)   --->   "%v6911 = alloca i32 1" [/home/silvenchen/Desktop/DitBlock/WorkDCT/DitBlock/kernel.cpp:12567->/home/silvenchen/Desktop/DitBlock/WorkDCT/DitBlock/kernel.cpp:15624]   --->   Operation 10 'alloca' 'v6911' <Predicate = true> <Delay = 0.00>
ST_1 : Operation 11 [1/1] (0.00ns)   --->   "%specmemcore_ln0 = specmemcore void @_ssdm_op_SpecMemCore, i32 %Y1, i64 666, i64 24, i64 18446744073709551615"   --->   Operation 11 'specmemcore' 'specmemcore_ln0' <Predicate = true> <Delay = 0.00>
ST_1 : Operation 12 [1/1] (0.38ns)   --->   "%store_ln0 = store i21 0, i21 %indvar_flatten24"   --->   Operation 12 'store' 'store_ln0' <Predicate = true> <Delay = 0.38>
ST_1 : Operation 13 [1/1] (0.38ns)   --->   "%store_ln12564 = store i11 0, i11 %i12" [/home/silvenchen/Desktop/DitBlock/WorkDCT/DitBlock/kernel.cpp:12564->/home/silvenchen/Desktop/DitBlock/WorkDCT/DitBlock/kernel.cpp:15624]   --->   Operation 13 'store' 'store_ln12564' <Predicate = true> <Delay = 0.38>
ST_1 : Operation 14 [1/1] (0.38ns)   --->   "%store_ln12565 = store i11 0, i11 %j10" [/home/silvenchen/Desktop/DitBlock/WorkDCT/DitBlock/kernel.cpp:12565->/home/silvenchen/Desktop/DitBlock/WorkDCT/DitBlock/kernel.cpp:15624]   --->   Operation 14 'store' 'store_ln12565' <Predicate = true> <Delay = 0.38>
ST_1 : Operation 15 [1/1] (0.38ns)   --->   "%br_ln0 = br void %for.body17.i"   --->   Operation 15 'br' 'br_ln0' <Predicate = true> <Delay = 0.38>

State 2 <SV = 1> <Delay = 4.50>
ST_2 : Operation 16 [1/1] (0.00ns)   --->   "%first_iter_3 = phi i1 0, void %new.latch.for.body17.i.split, i1 1, void %newFuncRoot"   --->   Operation 16 'phi' 'first_iter_3' <Predicate = true> <Delay = 0.00>
ST_2 : Operation 17 [1/1] (0.00ns)   --->   "%indvar_flatten24_load = load i21 %indvar_flatten24" [/home/silvenchen/Desktop/DitBlock/WorkDCT/DitBlock/kernel.cpp:12564->/home/silvenchen/Desktop/DitBlock/WorkDCT/DitBlock/kernel.cpp:15624]   --->   Operation 17 'load' 'indvar_flatten24_load' <Predicate = true> <Delay = 0.00>
ST_2 : Operation 18 [1/1] (0.81ns)   --->   "%icmp_ln12564 = icmp_eq  i21 %indvar_flatten24_load, i21 1048576" [/home/silvenchen/Desktop/DitBlock/WorkDCT/DitBlock/kernel.cpp:12564->/home/silvenchen/Desktop/DitBlock/WorkDCT/DitBlock/kernel.cpp:15624]   --->   Operation 18 'icmp' 'icmp_ln12564' <Predicate = true> <Delay = 0.81> <CoreInst = "Cmp">   --->   Core 9 'Cmp' <Latency = 0> <II = 1> <Delay = 0.81> <FuncUnit> <Opcode : 'icmp'> <InPorts = 2> <OutPorts = 1>
ST_2 : Operation 19 [1/1] (0.81ns)   --->   "%add_ln12564_1 = add i21 %indvar_flatten24_load, i21 1" [/home/silvenchen/Desktop/DitBlock/WorkDCT/DitBlock/kernel.cpp:12564->/home/silvenchen/Desktop/DitBlock/WorkDCT/DitBlock/kernel.cpp:15624]   --->   Operation 19 'add' 'add_ln12564_1' <Predicate = true> <Delay = 0.81> <CoreInst = "Adder">   --->   Core 1 'Adder' <Latency = 0> <II = 1> <Delay = 0.81> <FuncUnit> <Opcode : 'add' 'sub'> <InPorts = 2> <OutPorts = 1>
ST_2 : Operation 20 [1/1] (0.00ns)   --->   "%br_ln12564 = br i1 %icmp_ln12564, void %for.inc34.i, void %for.inc59.i.preheader.exitStub" [/home/silvenchen/Desktop/DitBlock/WorkDCT/DitBlock/kernel.cpp:12564->/home/silvenchen/Desktop/DitBlock/WorkDCT/DitBlock/kernel.cpp:15624]   --->   Operation 20 'br' 'br_ln12564' <Predicate = true> <Delay = 0.00>
ST_2 : Operation 21 [1/1] (0.00ns)   --->   "%j10_load = load i11 %j10" [/home/silvenchen/Desktop/DitBlock/WorkDCT/DitBlock/kernel.cpp:12565->/home/silvenchen/Desktop/DitBlock/WorkDCT/DitBlock/kernel.cpp:15624]   --->   Operation 21 'load' 'j10_load' <Predicate = (!icmp_ln12564)> <Delay = 0.00>
ST_2 : Operation 22 [1/1] (0.00ns)   --->   "%i12_load = load i11 %i12" [/home/silvenchen/Desktop/DitBlock/WorkDCT/DitBlock/kernel.cpp:12564->/home/silvenchen/Desktop/DitBlock/WorkDCT/DitBlock/kernel.cpp:15624]   --->   Operation 22 'load' 'i12_load' <Predicate = (!icmp_ln12564)> <Delay = 0.00>
ST_2 : Operation 23 [1/1] (0.73ns)   --->   "%add_ln12564 = add i11 %i12_load, i11 1" [/home/silvenchen/Desktop/DitBlock/WorkDCT/DitBlock/kernel.cpp:12564->/home/silvenchen/Desktop/DitBlock/WorkDCT/DitBlock/kernel.cpp:15624]   --->   Operation 23 'add' 'add_ln12564' <Predicate = (!icmp_ln12564)> <Delay = 0.73> <CoreInst = "Adder">   --->   Core 1 'Adder' <Latency = 0> <II = 1> <Delay = 0.73> <FuncUnit> <Opcode : 'add' 'sub'> <InPorts = 2> <OutPorts = 1>
ST_2 : Operation 24 [1/1] (0.00ns)   --->   "%specloopname_ln0 = specloopname void @_ssdm_op_SpecLoopName, void @l_row_max_i12_l_j10_str"   --->   Operation 24 'specloopname' 'specloopname_ln0' <Predicate = (!icmp_ln12564)> <Delay = 0.00>
ST_2 : Operation 25 [1/1] (0.00ns)   --->   "%speclooptripcount_ln0 = speclooptripcount void @_ssdm_op_SpecLoopTripCount, i64 1048576, i64 1048576, i64 1048576"   --->   Operation 25 'speclooptripcount' 'speclooptripcount_ln0' <Predicate = (!icmp_ln12564)> <Delay = 0.00>
ST_2 : Operation 26 [1/1] (0.73ns)   --->   "%icmp_ln12565 = icmp_eq  i11 %j10_load, i11 1024" [/home/silvenchen/Desktop/DitBlock/WorkDCT/DitBlock/kernel.cpp:12565->/home/silvenchen/Desktop/DitBlock/WorkDCT/DitBlock/kernel.cpp:15624]   --->   Operation 26 'icmp' 'icmp_ln12565' <Predicate = (!icmp_ln12564)> <Delay = 0.73> <CoreInst = "Cmp">   --->   Core 9 'Cmp' <Latency = 0> <II = 1> <Delay = 0.73> <FuncUnit> <Opcode : 'icmp'> <InPorts = 2> <OutPorts = 1>
ST_2 : Operation 27 [1/1] (0.12ns)   --->   "%or_ln12564 = or i1 %icmp_ln12565, i1 %first_iter_3" [/home/silvenchen/Desktop/DitBlock/WorkDCT/DitBlock/kernel.cpp:12564->/home/silvenchen/Desktop/DitBlock/WorkDCT/DitBlock/kernel.cpp:15624]   --->   Operation 27 'or' 'or_ln12564' <Predicate = (!icmp_ln12564)> <Delay = 0.12> <CoreInst = "LogicGate">   --->   Core 74 'LogicGate' <Latency = 0> <II = 1> <Delay = 0.12> <FuncUnit> <Opcode : 'and' 'or' 'xor'> <InPorts = 2> <OutPorts = 1>
ST_2 : Operation 28 [1/1] (0.30ns)   --->   "%select_ln12564 = select i1 %icmp_ln12565, i11 0, i11 %j10_load" [/home/silvenchen/Desktop/DitBlock/WorkDCT/DitBlock/kernel.cpp:12564->/home/silvenchen/Desktop/DitBlock/WorkDCT/DitBlock/kernel.cpp:15624]   --->   Operation 28 'select' 'select_ln12564' <Predicate = (!icmp_ln12564)> <Delay = 0.30> <CoreInst = "Sel">   --->   Core 73 'Sel' <Latency = 0> <II = 1> <Delay = 0.30> <FuncUnit> <Opcode : 'select'> <InPorts = 3> <OutPorts = 1>
ST_2 : Operation 29 [1/1] (0.30ns)   --->   "%select_ln12564_1 = select i1 %icmp_ln12565, i11 %add_ln12564, i11 %i12_load" [/home/silvenchen/Desktop/DitBlock/WorkDCT/DitBlock/kernel.cpp:12564->/home/silvenchen/Desktop/DitBlock/WorkDCT/DitBlock/kernel.cpp:15624]   --->   Operation 29 'select' 'select_ln12564_1' <Predicate = (!icmp_ln12564)> <Delay = 0.30> <CoreInst = "Sel">   --->   Core 73 'Sel' <Latency = 0> <II = 1> <Delay = 0.30> <FuncUnit> <Opcode : 'select'> <InPorts = 3> <OutPorts = 1>
ST_2 : Operation 30 [1/1] (0.00ns)   --->   "%trunc_ln12564 = trunc i11 %select_ln12564_1" [/home/silvenchen/Desktop/DitBlock/WorkDCT/DitBlock/kernel.cpp:12564->/home/silvenchen/Desktop/DitBlock/WorkDCT/DitBlock/kernel.cpp:15624]   --->   Operation 30 'trunc' 'trunc_ln12564' <Predicate = (!icmp_ln12564)> <Delay = 0.00>
ST_2 : Operation 31 [1/1] (0.00ns)   --->   "%zext_ln12564 = zext i11 %select_ln12564_1" [/home/silvenchen/Desktop/DitBlock/WorkDCT/DitBlock/kernel.cpp:12564->/home/silvenchen/Desktop/DitBlock/WorkDCT/DitBlock/kernel.cpp:15624]   --->   Operation 31 'zext' 'zext_ln12564' <Predicate = (!icmp_ln12564)> <Delay = 0.00>
ST_2 : Operation 32 [1/1] (0.00ns)   --->   "%tmp_s = bitconcatenate i20 @_ssdm_op_BitConcatenate.i20.i10.i10, i10 %trunc_ln12564, i10 0" [/home/silvenchen/Desktop/DitBlock/WorkDCT/DitBlock/kernel.cpp:12566->/home/silvenchen/Desktop/DitBlock/WorkDCT/DitBlock/kernel.cpp:15624]   --->   Operation 32 'bitconcatenate' 'tmp_s' <Predicate = (!icmp_ln12564)> <Delay = 0.00>
ST_2 : Operation 33 [1/1] (0.00ns)   --->   "%M_addr = getelementptr i32 %M, i64 0, i64 %zext_ln12564" [/home/silvenchen/Desktop/DitBlock/WorkDCT/DitBlock/kernel.cpp:12564->/home/silvenchen/Desktop/DitBlock/WorkDCT/DitBlock/kernel.cpp:15624]   --->   Operation 33 'getelementptr' 'M_addr' <Predicate = (!icmp_ln12564)> <Delay = 0.00>
ST_2 : Operation 34 [1/1] (0.00ns)   --->   "%br_ln12565 = br i1 %or_ln12564, void %for.body17.i.split, void %for.first.iter.for.body17.i" [/home/silvenchen/Desktop/DitBlock/WorkDCT/DitBlock/kernel.cpp:12565->/home/silvenchen/Desktop/DitBlock/WorkDCT/DitBlock/kernel.cpp:15624]   --->   Operation 34 'br' 'br_ln12565' <Predicate = (!icmp_ln12564)> <Delay = 0.00>
ST_2 : Operation 35 [2/2] (1.20ns)   --->   "%M_load = load i10 %M_addr" [/home/silvenchen/Desktop/DitBlock/WorkDCT/DitBlock/kernel.cpp:12567->/home/silvenchen/Desktop/DitBlock/WorkDCT/DitBlock/kernel.cpp:15624]   --->   Operation 35 'load' 'M_load' <Predicate = (!icmp_ln12564 & or_ln12564)> <Delay = 1.20> <CoreInst = "RAM">   --->   Core 83 'RAM' <Latency = 1> <II = 1> <Delay = 1.20> <Storage> <Opcode : 'load' 'store'> <Ports = 2> <Width = 32> <Depth = 1024> <RAM>
ST_2 : Operation 36 [1/1] (0.00ns)   --->   "%zext_ln12566 = zext i11 %select_ln12564" [/home/silvenchen/Desktop/DitBlock/WorkDCT/DitBlock/kernel.cpp:12566->/home/silvenchen/Desktop/DitBlock/WorkDCT/DitBlock/kernel.cpp:15624]   --->   Operation 36 'zext' 'zext_ln12566' <Predicate = (!icmp_ln12564)> <Delay = 0.00>
ST_2 : Operation 37 [1/1] (0.80ns)   --->   "%add_ln12566 = add i20 %tmp_s, i20 %zext_ln12566" [/home/silvenchen/Desktop/DitBlock/WorkDCT/DitBlock/kernel.cpp:12566->/home/silvenchen/Desktop/DitBlock/WorkDCT/DitBlock/kernel.cpp:15624]   --->   Operation 37 'add' 'add_ln12566' <Predicate = (!icmp_ln12564)> <Delay = 0.80> <CoreInst = "Adder">   --->   Core 1 'Adder' <Latency = 0> <II = 1> <Delay = 0.80> <FuncUnit> <Opcode : 'add' 'sub'> <InPorts = 2> <OutPorts = 1>
ST_2 : Operation 38 [1/1] (0.00ns)   --->   "%zext_ln12566_1 = zext i20 %add_ln12566" [/home/silvenchen/Desktop/DitBlock/WorkDCT/DitBlock/kernel.cpp:12566->/home/silvenchen/Desktop/DitBlock/WorkDCT/DitBlock/kernel.cpp:15624]   --->   Operation 38 'zext' 'zext_ln12566_1' <Predicate = (!icmp_ln12564)> <Delay = 0.00>
ST_2 : Operation 39 [1/1] (0.00ns)   --->   "%Y1_addr = getelementptr i32 %Y1, i64 0, i64 %zext_ln12566_1" [/home/silvenchen/Desktop/DitBlock/WorkDCT/DitBlock/kernel.cpp:12566->/home/silvenchen/Desktop/DitBlock/WorkDCT/DitBlock/kernel.cpp:15624]   --->   Operation 39 'getelementptr' 'Y1_addr' <Predicate = (!icmp_ln12564)> <Delay = 0.00>
ST_2 : Operation 40 [2/2] (2.66ns)   --->   "%v6910 = load i20 %Y1_addr" [/home/silvenchen/Desktop/DitBlock/WorkDCT/DitBlock/kernel.cpp:12566->/home/silvenchen/Desktop/DitBlock/WorkDCT/DitBlock/kernel.cpp:15624]   --->   Operation 40 'load' 'v6910' <Predicate = (!icmp_ln12564)> <Delay = 2.66> <CoreInst = "RAM_2P_URAM">   --->   Core 95 'RAM_2P_URAM' <Latency = 1> <II = 1> <Delay = 2.66> <Storage> <Opcode : 'load' 'store'> <Ports = 2> <Width = 32> <Depth = 1048576> <RAM>
ST_2 : Operation 41 [1/1] (0.73ns)   --->   "%add_ln12565 = add i11 %select_ln12564, i11 1" [/home/silvenchen/Desktop/DitBlock/WorkDCT/DitBlock/kernel.cpp:12565->/home/silvenchen/Desktop/DitBlock/WorkDCT/DitBlock/kernel.cpp:15624]   --->   Operation 41 'add' 'add_ln12565' <Predicate = (!icmp_ln12564)> <Delay = 0.73> <CoreInst = "Adder">   --->   Core 1 'Adder' <Latency = 0> <II = 1> <Delay = 0.73> <FuncUnit> <Opcode : 'add' 'sub'> <InPorts = 2> <OutPorts = 1>
ST_2 : Operation 42 [1/1] (0.73ns)   --->   "%icmp_ln12565_1 = icmp_eq  i11 %add_ln12565, i11 1024" [/home/silvenchen/Desktop/DitBlock/WorkDCT/DitBlock/kernel.cpp:12565->/home/silvenchen/Desktop/DitBlock/WorkDCT/DitBlock/kernel.cpp:15624]   --->   Operation 42 'icmp' 'icmp_ln12565_1' <Predicate = (!icmp_ln12564)> <Delay = 0.73> <CoreInst = "Cmp">   --->   Core 9 'Cmp' <Latency = 0> <II = 1> <Delay = 0.73> <FuncUnit> <Opcode : 'icmp'> <InPorts = 2> <OutPorts = 1>
ST_2 : Operation 43 [1/1] (0.00ns)   --->   "%br_ln12565 = br i1 %icmp_ln12565_1, void %new.latch.for.body17.i.split, void %last.iter.for.body17.i.split" [/home/silvenchen/Desktop/DitBlock/WorkDCT/DitBlock/kernel.cpp:12565->/home/silvenchen/Desktop/DitBlock/WorkDCT/DitBlock/kernel.cpp:15624]   --->   Operation 43 'br' 'br_ln12565' <Predicate = (!icmp_ln12564)> <Delay = 0.00>
ST_2 : Operation 44 [1/1] (0.38ns)   --->   "%store_ln12564 = store i21 %add_ln12564_1, i21 %indvar_flatten24" [/home/silvenchen/Desktop/DitBlock/WorkDCT/DitBlock/kernel.cpp:12564->/home/silvenchen/Desktop/DitBlock/WorkDCT/DitBlock/kernel.cpp:15624]   --->   Operation 44 'store' 'store_ln12564' <Predicate = (!icmp_ln12564)> <Delay = 0.38>
ST_2 : Operation 45 [1/1] (0.38ns)   --->   "%store_ln12564 = store i11 %select_ln12564_1, i11 %i12" [/home/silvenchen/Desktop/DitBlock/WorkDCT/DitBlock/kernel.cpp:12564->/home/silvenchen/Desktop/DitBlock/WorkDCT/DitBlock/kernel.cpp:15624]   --->   Operation 45 'store' 'store_ln12564' <Predicate = (!icmp_ln12564)> <Delay = 0.38>
ST_2 : Operation 46 [1/1] (0.38ns)   --->   "%store_ln12565 = store i11 %add_ln12565, i11 %j10" [/home/silvenchen/Desktop/DitBlock/WorkDCT/DitBlock/kernel.cpp:12565->/home/silvenchen/Desktop/DitBlock/WorkDCT/DitBlock/kernel.cpp:15624]   --->   Operation 46 'store' 'store_ln12565' <Predicate = (!icmp_ln12564)> <Delay = 0.38>
ST_2 : Operation 47 [1/1] (0.00ns)   --->   "%br_ln12565 = br void %for.body17.i" [/home/silvenchen/Desktop/DitBlock/WorkDCT/DitBlock/kernel.cpp:12565->/home/silvenchen/Desktop/DitBlock/WorkDCT/DitBlock/kernel.cpp:15624]   --->   Operation 47 'br' 'br_ln12565' <Predicate = (!icmp_ln12564)> <Delay = 0.00>

State 3 <SV = 2> <Delay = 2.66>
ST_3 : Operation 48 [1/2] (1.20ns)   --->   "%M_load = load i10 %M_addr" [/home/silvenchen/Desktop/DitBlock/WorkDCT/DitBlock/kernel.cpp:12567->/home/silvenchen/Desktop/DitBlock/WorkDCT/DitBlock/kernel.cpp:15624]   --->   Operation 48 'load' 'M_load' <Predicate = (!icmp_ln12564 & or_ln12564)> <Delay = 1.20> <CoreInst = "RAM">   --->   Core 83 'RAM' <Latency = 1> <II = 1> <Delay = 1.20> <Storage> <Opcode : 'load' 'store'> <Ports = 2> <Width = 32> <Depth = 1024> <RAM>
ST_3 : Operation 49 [1/1] (0.38ns)   --->   "%store_ln12567 = store i32 %M_load, i32 %v6911" [/home/silvenchen/Desktop/DitBlock/WorkDCT/DitBlock/kernel.cpp:12567->/home/silvenchen/Desktop/DitBlock/WorkDCT/DitBlock/kernel.cpp:15624]   --->   Operation 49 'store' 'store_ln12567' <Predicate = (!icmp_ln12564 & or_ln12564)> <Delay = 0.38>
ST_3 : Operation 50 [1/1] (0.00ns)   --->   "%br_ln12565 = br void %for.body17.i.split" [/home/silvenchen/Desktop/DitBlock/WorkDCT/DitBlock/kernel.cpp:12565->/home/silvenchen/Desktop/DitBlock/WorkDCT/DitBlock/kernel.cpp:15624]   --->   Operation 50 'br' 'br_ln12565' <Predicate = (!icmp_ln12564 & or_ln12564)> <Delay = 0.00>
ST_3 : Operation 51 [1/2] (2.66ns)   --->   "%v6910 = load i20 %Y1_addr" [/home/silvenchen/Desktop/DitBlock/WorkDCT/DitBlock/kernel.cpp:12566->/home/silvenchen/Desktop/DitBlock/WorkDCT/DitBlock/kernel.cpp:15624]   --->   Operation 51 'load' 'v6910' <Predicate = (!icmp_ln12564)> <Delay = 2.66> <CoreInst = "RAM_2P_URAM">   --->   Core 95 'RAM_2P_URAM' <Latency = 1> <II = 1> <Delay = 2.66> <Storage> <Opcode : 'load' 'store'> <Ports = 2> <Width = 32> <Depth = 1048576> <RAM>
ST_3 : Operation 73 [1/1] (0.00ns)   --->   "%ret_ln0 = ret"   --->   Operation 73 'ret' 'ret_ln0' <Predicate = (icmp_ln12564)> <Delay = 0.00>

State 4 <SV = 3> <Delay = 6.87>
ST_4 : Operation 52 [1/1] (0.00ns)   --->   "%v6911_load = load i32 %v6911" [/home/silvenchen/Desktop/DitBlock/WorkDCT/DitBlock/kernel.cpp:12569->/home/silvenchen/Desktop/DitBlock/WorkDCT/DitBlock/kernel.cpp:15624]   --->   Operation 52 'load' 'v6911_load' <Predicate = true> <Delay = 0.00>
ST_4 : Operation 53 [1/1] (6.87ns)   --->   "%tmp_2 = fcmp_ogt  i32 %v6910, i32 %v6911_load" [/home/silvenchen/Desktop/DitBlock/WorkDCT/DitBlock/kernel.cpp:12568->/home/silvenchen/Desktop/DitBlock/WorkDCT/DitBlock/kernel.cpp:15624]   --->   Operation 53 'fcmp' 'tmp_2' <Predicate = true> <Delay = 6.87> <CoreInst = "FCompare">   --->   Core 19 'FCompare' <Latency = 0> <II = 1> <Delay = 6.87> <FuncUnit> <Opcode : 'fcmp'> <InPorts = 2> <OutPorts = 1>

State 5 <SV = 4> <Delay = 2.37>
ST_5 : Operation 54 [1/1] (0.00ns)   --->   "%specpipeline_ln12565 = specpipeline void @_ssdm_op_SpecPipeline, i32 4294967295, i32 0, i32 0, i32 0, void @empty_191" [/home/silvenchen/Desktop/DitBlock/WorkDCT/DitBlock/kernel.cpp:12565->/home/silvenchen/Desktop/DitBlock/WorkDCT/DitBlock/kernel.cpp:15624]   --->   Operation 54 'specpipeline' 'specpipeline_ln12565' <Predicate = true> <Delay = 0.00>
ST_5 : Operation 55 [1/1] (0.00ns)   --->   "%bitcast_ln12568 = bitcast i32 %v6910" [/home/silvenchen/Desktop/DitBlock/WorkDCT/DitBlock/kernel.cpp:12568->/home/silvenchen/Desktop/DitBlock/WorkDCT/DitBlock/kernel.cpp:15624]   --->   Operation 55 'bitcast' 'bitcast_ln12568' <Predicate = true> <Delay = 0.00>
ST_5 : Operation 56 [1/1] (0.00ns)   --->   "%tmp = partselect i8 @_ssdm_op_PartSelect.i8.i32.i32.i32, i32 %bitcast_ln12568, i32 23, i32 30" [/home/silvenchen/Desktop/DitBlock/WorkDCT/DitBlock/kernel.cpp:12568->/home/silvenchen/Desktop/DitBlock/WorkDCT/DitBlock/kernel.cpp:15624]   --->   Operation 56 'partselect' 'tmp' <Predicate = true> <Delay = 0.00>
ST_5 : Operation 57 [1/1] (0.00ns)   --->   "%trunc_ln12568 = trunc i32 %bitcast_ln12568" [/home/silvenchen/Desktop/DitBlock/WorkDCT/DitBlock/kernel.cpp:12568->/home/silvenchen/Desktop/DitBlock/WorkDCT/DitBlock/kernel.cpp:15624]   --->   Operation 57 'trunc' 'trunc_ln12568' <Predicate = true> <Delay = 0.00>
ST_5 : Operation 58 [1/1] (0.00ns)   --->   "%bitcast_ln12568_1 = bitcast i32 %v6911_load" [/home/silvenchen/Desktop/DitBlock/WorkDCT/DitBlock/kernel.cpp:12568->/home/silvenchen/Desktop/DitBlock/WorkDCT/DitBlock/kernel.cpp:15624]   --->   Operation 58 'bitcast' 'bitcast_ln12568_1' <Predicate = true> <Delay = 0.00>
ST_5 : Operation 59 [1/1] (0.00ns)   --->   "%tmp_1 = partselect i8 @_ssdm_op_PartSelect.i8.i32.i32.i32, i32 %bitcast_ln12568_1, i32 23, i32 30" [/home/silvenchen/Desktop/DitBlock/WorkDCT/DitBlock/kernel.cpp:12568->/home/silvenchen/Desktop/DitBlock/WorkDCT/DitBlock/kernel.cpp:15624]   --->   Operation 59 'partselect' 'tmp_1' <Predicate = true> <Delay = 0.00>
ST_5 : Operation 60 [1/1] (0.00ns)   --->   "%trunc_ln12568_1 = trunc i32 %bitcast_ln12568_1" [/home/silvenchen/Desktop/DitBlock/WorkDCT/DitBlock/kernel.cpp:12568->/home/silvenchen/Desktop/DitBlock/WorkDCT/DitBlock/kernel.cpp:15624]   --->   Operation 60 'trunc' 'trunc_ln12568_1' <Predicate = true> <Delay = 0.00>
ST_5 : Operation 61 [1/1] (0.70ns)   --->   "%icmp_ln12568 = icmp_ne  i8 %tmp, i8 255" [/home/silvenchen/Desktop/DitBlock/WorkDCT/DitBlock/kernel.cpp:12568->/home/silvenchen/Desktop/DitBlock/WorkDCT/DitBlock/kernel.cpp:15624]   --->   Operation 61 'icmp' 'icmp_ln12568' <Predicate = true> <Delay = 0.70> <CoreInst = "Cmp">   --->   Core 9 'Cmp' <Latency = 0> <II = 1> <Delay = 0.70> <FuncUnit> <Opcode : 'icmp'> <InPorts = 2> <OutPorts = 1>
ST_5 : Operation 62 [1/1] (0.82ns)   --->   "%icmp_ln12568_1 = icmp_eq  i23 %trunc_ln12568, i23 0" [/home/silvenchen/Desktop/DitBlock/WorkDCT/DitBlock/kernel.cpp:12568->/home/silvenchen/Desktop/DitBlock/WorkDCT/DitBlock/kernel.cpp:15624]   --->   Operation 62 'icmp' 'icmp_ln12568_1' <Predicate = true> <Delay = 0.82> <CoreInst = "Cmp">   --->   Core 9 'Cmp' <Latency = 0> <II = 1> <Delay = 0.82> <FuncUnit> <Opcode : 'icmp'> <InPorts = 2> <OutPorts = 1>
ST_5 : Operation 63 [1/1] (0.00ns) (grouped into LUT with out node v6912)   --->   "%or_ln12568 = or i1 %icmp_ln12568_1, i1 %icmp_ln12568" [/home/silvenchen/Desktop/DitBlock/WorkDCT/DitBlock/kernel.cpp:12568->/home/silvenchen/Desktop/DitBlock/WorkDCT/DitBlock/kernel.cpp:15624]   --->   Operation 63 'or' 'or_ln12568' <Predicate = true> <Delay = 0.00> <CoreInst = "LogicGate">   --->   Core 74 'LogicGate' <Latency = 0> <II = 1> <Delay = 0.12> <FuncUnit> <Opcode : 'and' 'or' 'xor'> <InPorts = 2> <OutPorts = 1>
ST_5 : Operation 64 [1/1] (0.70ns)   --->   "%icmp_ln12568_2 = icmp_ne  i8 %tmp_1, i8 255" [/home/silvenchen/Desktop/DitBlock/WorkDCT/DitBlock/kernel.cpp:12568->/home/silvenchen/Desktop/DitBlock/WorkDCT/DitBlock/kernel.cpp:15624]   --->   Operation 64 'icmp' 'icmp_ln12568_2' <Predicate = true> <Delay = 0.70> <CoreInst = "Cmp">   --->   Core 9 'Cmp' <Latency = 0> <II = 1> <Delay = 0.70> <FuncUnit> <Opcode : 'icmp'> <InPorts = 2> <OutPorts = 1>
ST_5 : Operation 65 [1/1] (0.82ns)   --->   "%icmp_ln12568_3 = icmp_eq  i23 %trunc_ln12568_1, i23 0" [/home/silvenchen/Desktop/DitBlock/WorkDCT/DitBlock/kernel.cpp:12568->/home/silvenchen/Desktop/DitBlock/WorkDCT/DitBlock/kernel.cpp:15624]   --->   Operation 65 'icmp' 'icmp_ln12568_3' <Predicate = true> <Delay = 0.82> <CoreInst = "Cmp">   --->   Core 9 'Cmp' <Latency = 0> <II = 1> <Delay = 0.82> <FuncUnit> <Opcode : 'icmp'> <InPorts = 2> <OutPorts = 1>
ST_5 : Operation 66 [1/1] (0.00ns) (grouped into LUT with out node v6912)   --->   "%or_ln12568_1 = or i1 %icmp_ln12568_3, i1 %icmp_ln12568_2" [/home/silvenchen/Desktop/DitBlock/WorkDCT/DitBlock/kernel.cpp:12568->/home/silvenchen/Desktop/DitBlock/WorkDCT/DitBlock/kernel.cpp:15624]   --->   Operation 66 'or' 'or_ln12568_1' <Predicate = true> <Delay = 0.00> <CoreInst = "LogicGate">   --->   Core 74 'LogicGate' <Latency = 0> <II = 1> <Delay = 0.12> <FuncUnit> <Opcode : 'and' 'or' 'xor'> <InPorts = 2> <OutPorts = 1>
ST_5 : Operation 67 [1/1] (0.00ns) (grouped into LUT with out node v6912)   --->   "%and_ln12568 = and i1 %or_ln12568, i1 %tmp_2" [/home/silvenchen/Desktop/DitBlock/WorkDCT/DitBlock/kernel.cpp:12568->/home/silvenchen/Desktop/DitBlock/WorkDCT/DitBlock/kernel.cpp:15624]   --->   Operation 67 'and' 'and_ln12568' <Predicate = true> <Delay = 0.00> <CoreInst = "LogicGate">   --->   Core 74 'LogicGate' <Latency = 0> <II = 1> <Delay = 0.12> <FuncUnit> <Opcode : 'and' 'or' 'xor'> <InPorts = 2> <OutPorts = 1>
ST_5 : Operation 68 [1/1] (0.12ns) (out node of the LUT)   --->   "%v6912 = and i1 %and_ln12568, i1 %or_ln12568_1" [/home/silvenchen/Desktop/DitBlock/WorkDCT/DitBlock/kernel.cpp:12568->/home/silvenchen/Desktop/DitBlock/WorkDCT/DitBlock/kernel.cpp:15624]   --->   Operation 68 'and' 'v6912' <Predicate = true> <Delay = 0.12> <CoreInst = "LogicGate">   --->   Core 74 'LogicGate' <Latency = 0> <II = 1> <Delay = 0.12> <FuncUnit> <Opcode : 'and' 'or' 'xor'> <InPorts = 2> <OutPorts = 1>
ST_5 : Operation 69 [1/1] (0.22ns) (out node of the LUT)   --->   "%select_ln12569 = select i1 %v6912, i32 %v6910, i32 %v6911_load" [/home/silvenchen/Desktop/DitBlock/WorkDCT/DitBlock/kernel.cpp:12569->/home/silvenchen/Desktop/DitBlock/WorkDCT/DitBlock/kernel.cpp:15624]   --->   Operation 69 'select' 'select_ln12569' <Predicate = true> <Delay = 0.22> <CoreInst = "Sel">   --->   Core 73 'Sel' <Latency = 0> <II = 1> <Delay = 0.22> <FuncUnit> <Opcode : 'select'> <InPorts = 3> <OutPorts = 1>
ST_5 : Operation 70 [1/1] (1.20ns)   --->   "%store_ln12567 = store i32 %select_ln12569, i10 %M_addr" [/home/silvenchen/Desktop/DitBlock/WorkDCT/DitBlock/kernel.cpp:12567->/home/silvenchen/Desktop/DitBlock/WorkDCT/DitBlock/kernel.cpp:15624]   --->   Operation 70 'store' 'store_ln12567' <Predicate = (icmp_ln12565_1)> <Delay = 1.20> <CoreInst = "RAM">   --->   Core 83 'RAM' <Latency = 1> <II = 1> <Delay = 1.20> <Storage> <Opcode : 'load' 'store'> <Ports = 2> <Width = 32> <Depth = 1024> <RAM>
ST_5 : Operation 71 [1/1] (0.00ns)   --->   "%br_ln12565 = br void %new.latch.for.body17.i.split" [/home/silvenchen/Desktop/DitBlock/WorkDCT/DitBlock/kernel.cpp:12565->/home/silvenchen/Desktop/DitBlock/WorkDCT/DitBlock/kernel.cpp:15624]   --->   Operation 71 'br' 'br_ln12565' <Predicate = (icmp_ln12565_1)> <Delay = 0.00>
ST_5 : Operation 72 [1/1] (0.38ns)   --->   "%store_ln12567 = store i32 %select_ln12569, i32 %v6911" [/home/silvenchen/Desktop/DitBlock/WorkDCT/DitBlock/kernel.cpp:12567->/home/silvenchen/Desktop/DitBlock/WorkDCT/DitBlock/kernel.cpp:15624]   --->   Operation 72 'store' 'store_ln12567' <Predicate = (!icmp_ln12564)> <Delay = 0.38>


============================================================
+ Verbose Summary: Timing violations
============================================================
Target clock period: 10.000ns, clock uncertainty: 2.700ns.

 <State 1>: 0.387ns
The critical path consists of the following:
	'alloca' operation 21 bit ('indvar_flatten24') [5]  (0.000 ns)
	'store' operation 0 bit ('store_ln0') of constant 0 on local variable 'indvar_flatten24' [8]  (0.387 ns)

 <State 2>: 4.509ns
The critical path consists of the following:
	'load' operation 11 bit ('j10_load', /home/silvenchen/Desktop/DitBlock/WorkDCT/DitBlock/kernel.cpp:12565->/home/silvenchen/Desktop/DitBlock/WorkDCT/DitBlock/kernel.cpp:15624) on local variable 'j10', /home/silvenchen/Desktop/DitBlock/WorkDCT/DitBlock/kernel.cpp:12565->/home/silvenchen/Desktop/DitBlock/WorkDCT/DitBlock/kernel.cpp:15624 [19]  (0.000 ns)
	'icmp' operation 1 bit ('icmp_ln12565', /home/silvenchen/Desktop/DitBlock/WorkDCT/DitBlock/kernel.cpp:12565->/home/silvenchen/Desktop/DitBlock/WorkDCT/DitBlock/kernel.cpp:15624) [24]  (0.735 ns)
	'select' operation 11 bit ('select_ln12564', /home/silvenchen/Desktop/DitBlock/WorkDCT/DitBlock/kernel.cpp:12564->/home/silvenchen/Desktop/DitBlock/WorkDCT/DitBlock/kernel.cpp:15624) [26]  (0.301 ns)
	'add' operation 20 bit ('add_ln12566', /home/silvenchen/Desktop/DitBlock/WorkDCT/DitBlock/kernel.cpp:12566->/home/silvenchen/Desktop/DitBlock/WorkDCT/DitBlock/kernel.cpp:15624) [40]  (0.809 ns)
	'getelementptr' operation 20 bit ('Y1_addr', /home/silvenchen/Desktop/DitBlock/WorkDCT/DitBlock/kernel.cpp:12566->/home/silvenchen/Desktop/DitBlock/WorkDCT/DitBlock/kernel.cpp:15624) [42]  (0.000 ns)
	'load' operation 32 bit ('v6910', /home/silvenchen/Desktop/DitBlock/WorkDCT/DitBlock/kernel.cpp:12566->/home/silvenchen/Desktop/DitBlock/WorkDCT/DitBlock/kernel.cpp:15624) on array 'Y1' [44]  (2.664 ns)

 <State 3>: 2.664ns
The critical path consists of the following:
	'load' operation 32 bit ('v6910', /home/silvenchen/Desktop/DitBlock/WorkDCT/DitBlock/kernel.cpp:12566->/home/silvenchen/Desktop/DitBlock/WorkDCT/DitBlock/kernel.cpp:15624) on array 'Y1' [44]  (2.664 ns)

 <State 4>: 6.870ns
The critical path consists of the following:
	'load' operation 32 bit ('v6911_load', /home/silvenchen/Desktop/DitBlock/WorkDCT/DitBlock/kernel.cpp:12569->/home/silvenchen/Desktop/DitBlock/WorkDCT/DitBlock/kernel.cpp:15624) on local variable 'v6911', /home/silvenchen/Desktop/DitBlock/WorkDCT/DitBlock/kernel.cpp:12567->/home/silvenchen/Desktop/DitBlock/WorkDCT/DitBlock/kernel.cpp:15624 [38]  (0.000 ns)
	'fcmp' operation 1 bit ('tmp_2', /home/silvenchen/Desktop/DitBlock/WorkDCT/DitBlock/kernel.cpp:12568->/home/silvenchen/Desktop/DitBlock/WorkDCT/DitBlock/kernel.cpp:15624) [57]  (6.870 ns)

 <State 5>: 2.376ns
The critical path consists of the following:
	'icmp' operation 1 bit ('icmp_ln12568_1', /home/silvenchen/Desktop/DitBlock/WorkDCT/DitBlock/kernel.cpp:12568->/home/silvenchen/Desktop/DitBlock/WorkDCT/DitBlock/kernel.cpp:15624) [52]  (0.827 ns)
	'or' operation 1 bit ('or_ln12568', /home/silvenchen/Desktop/DitBlock/WorkDCT/DitBlock/kernel.cpp:12568->/home/silvenchen/Desktop/DitBlock/WorkDCT/DitBlock/kernel.cpp:15624) [53]  (0.000 ns)
	'and' operation 1 bit ('and_ln12568', /home/silvenchen/Desktop/DitBlock/WorkDCT/DitBlock/kernel.cpp:12568->/home/silvenchen/Desktop/DitBlock/WorkDCT/DitBlock/kernel.cpp:15624) [58]  (0.000 ns)
	'and' operation 1 bit ('v6912', /home/silvenchen/Desktop/DitBlock/WorkDCT/DitBlock/kernel.cpp:12568->/home/silvenchen/Desktop/DitBlock/WorkDCT/DitBlock/kernel.cpp:15624) [59]  (0.122 ns)
	'select' operation 32 bit ('select_ln12569', /home/silvenchen/Desktop/DitBlock/WorkDCT/DitBlock/kernel.cpp:12569->/home/silvenchen/Desktop/DitBlock/WorkDCT/DitBlock/kernel.cpp:15624) [60]  (0.227 ns)
	'store' operation 0 bit ('store_ln12567', /home/silvenchen/Desktop/DitBlock/WorkDCT/DitBlock/kernel.cpp:12567->/home/silvenchen/Desktop/DitBlock/WorkDCT/DitBlock/kernel.cpp:15624) of variable 'select_ln12569', /home/silvenchen/Desktop/DitBlock/WorkDCT/DitBlock/kernel.cpp:12569->/home/silvenchen/Desktop/DitBlock/WorkDCT/DitBlock/kernel.cpp:15624 on array 'M' [65]  (1.200 ns)


============================================================
+ Verbose Summary: Binding
============================================================
N/A
* FSMD analyzer results:
  - Output states:
 - Input state : 
  - Chain level:
	State 1
	State 2
	State 3
	State 4
	State 5


============================================================
+ Verbose Summary: Datapath Resource usage 
============================================================
N/A
