

================================================================
== Vitis HLS Report for 'systolic_QKT'
================================================================
* Date:           Mon Feb 17 20:36:49 2025

* Version:        2023.2 (Build 4023990 on Oct 11 2023)
* Project:        DitBlock
* Solution:       hls (Vivado IP Flow Target)
* Product family: virtexuplusHBM
* Target device:  xcu280-fsvh2892-2L-e


================================================================
== Performance Estimates
================================================================
+ Timing: 
    * Summary: 
    +--------+----------+----------+------------+
    |  Clock |  Target  | Estimated| Uncertainty|
    +--------+----------+----------+------------+
    |ap_clk  |  10.00 ns|  6.536 ns|     2.70 ns|
    +--------+----------+----------+------------+

+ Latency: 
    * Summary: 
    +---------+---------+-----------+-----------+---------+---------+---------+
    |  Latency (cycles) |   Latency (absolute)  |      Interval     | Pipeline|
    |   min   |   max   |    min    |    max    |   min   |   max   |   Type  |
    +---------+---------+-----------+-----------+---------+---------+---------+
    |  8482177|  8482177|  84.822 ms|  84.822 ms|  8482177|  8482177|       no|
    +---------+---------+-----------+-----------+---------+---------+---------+

    + Detail: 
        * Instance: 
        N/A

        * Loop: 
        +--------------------+---------+---------+----------+-----------+-----------+------+----------+
        |                    |  Latency (cycles) | Iteration|  Initiation Interval  | Trip |          |
        |      Loop Name     |   min   |   max   |  Latency |  achieved |   target  | Count| Pipelined|
        +--------------------+---------+---------+----------+-----------+-----------+------+----------+
        |- l_outer_tile_mi4  |  8482176|  8482176|     66268|          -|          -|   128|        no|
        +--------------------+---------+---------+----------+-----------+-----------+------+----------+

============================================================
+ Verbose Summary: Synthesis Manager
============================================================
InlineROM: 1
ExposeGlobal: 0
============================================================
+ Verbose Summary: CDFG Model
============================================================
IsTopModel: 0
ResetActiveHigh: 1
IsCombinational: 2
IsDatapathOnly: 0
HasWiredReturn: 1
HasMFsm: 0
HasVarLatency: 1
IsPipeline: 0
IsRtlPipelined: 0
IsInstanceOverlapped: 0
IsDontTouch: 0
HasImplIP: 0
IsGatedGlobalClock: 0


============================================================
+ Verbose Summary: Schedule
============================================================
* Number of FSM states : 3
* Pipeline : 0
* Dataflow Pipeline: 1
  DF-Pipeline-0: Size = 2, States = { 2 3 }

* FSM state transitions: 
1 --> 2 
2 --> 3 
3 --> 2 

* FSM state operations: 

State 1 <SV = 0> <Delay = 0.38>
ST_1 : Operation 4 [1/1] (0.00ns)   --->   "%specmemcore_ln0 = specmemcore void @_ssdm_op_SpecMemCore, i32 %v6884, i64 666, i64 24, i64 18446744073709551615"   --->   Operation 4 'specmemcore' 'specmemcore_ln0' <Predicate = true> <Delay = 0.00>
ST_1 : Operation 5 [1/1] (0.38ns)   --->   "%br_ln12473 = br void %l_ni4" [/home/silvenchen/Desktop/DitBlock/WorkDCT/DitBlock/kernel.cpp:12473]   --->   Operation 5 'br' 'br_ln12473' <Predicate = true> <Delay = 0.38>

State 2 <SV = 1> <Delay = 0.70>
ST_2 : Operation 6 [1/1] (0.00ns)   --->   "%mi4 = phi i8 %add_ln12473, void %l_ni4.split, i8 0, void %entry" [/home/silvenchen/Desktop/DitBlock/WorkDCT/DitBlock/kernel.cpp:12473]   --->   Operation 6 'phi' 'mi4' <Predicate = true> <Delay = 0.00>
ST_2 : Operation 7 [1/1] (0.70ns)   --->   "%icmp_ln12473 = icmp_eq  i8 %mi4, i8 128" [/home/silvenchen/Desktop/DitBlock/WorkDCT/DitBlock/kernel.cpp:12473]   --->   Operation 7 'icmp' 'icmp_ln12473' <Predicate = true> <Delay = 0.70> <CoreInst = "Cmp">   --->   Core 9 'Cmp' <Latency = 0> <II = 1> <Delay = 0.70> <FuncUnit> <Opcode : 'icmp'> <InPorts = 2> <OutPorts = 1>
ST_2 : Operation 8 [1/1] (0.00ns)   --->   "%specdataflowpipeline_ln12473 = specdataflowpipeline void @_ssdm_op_SpecDataflowPipeline, i32 4294967295, i32 0, void @dataflow_parent_loop_str, i8 %mi4, i8 128, i32 0" [/home/silvenchen/Desktop/DitBlock/WorkDCT/DitBlock/kernel.cpp:12473]   --->   Operation 8 'specdataflowpipeline' 'specdataflowpipeline_ln12473' <Predicate = true> <Delay = 0.00>
ST_2 : Operation 9 [1/1] (0.70ns)   --->   "%add_ln12473 = add i8 %mi4, i8 1" [/home/silvenchen/Desktop/DitBlock/WorkDCT/DitBlock/kernel.cpp:12473]   --->   Operation 9 'add' 'add_ln12473' <Predicate = true> <Delay = 0.70> <CoreInst = "Adder">   --->   Core 1 'Adder' <Latency = 0> <II = 1> <Delay = 0.70> <FuncUnit> <Opcode : 'add' 'sub'> <InPorts = 2> <OutPorts = 1>
ST_2 : Operation 10 [1/1] (0.00ns)   --->   "%br_ln12473 = br i1 %icmp_ln12473, void %l_ni4.split, void %for.end79" [/home/silvenchen/Desktop/DitBlock/WorkDCT/DitBlock/kernel.cpp:12473]   --->   Operation 10 'br' 'br_ln12473' <Predicate = true> <Delay = 0.00>
ST_2 : Operation 11 [2/2] (0.00ns)   --->   "%call_ln12473 = call void @dataflow_parent_loop_proc42, i8 %mi4, i32 %v6884, i32 %v6883, i32 %v6882" [/home/silvenchen/Desktop/DitBlock/WorkDCT/DitBlock/kernel.cpp:12473]   --->   Operation 11 'call' 'call_ln12473' <Predicate = (!icmp_ln12473)> <Delay = 0.00> <CoreType = "Generic">   --->   Core 0 '' <Latency = 0> <II = 1> <Delay = 1.00> <Generic> <Opcode : >
ST_2 : Operation 12 [1/1] (0.00ns)   --->   "%ret_ln12504 = ret" [/home/silvenchen/Desktop/DitBlock/WorkDCT/DitBlock/kernel.cpp:12504]   --->   Operation 12 'ret' 'ret_ln12504' <Predicate = (icmp_ln12473)> <Delay = 0.00>

State 3 <SV = 2> <Delay = 0.00>
ST_3 : Operation 13 [1/1] (0.00ns)   --->   "%speclooptripcount_ln12473 = speclooptripcount void @_ssdm_op_SpecLoopTripCount, i64 128, i64 128, i64 128" [/home/silvenchen/Desktop/DitBlock/WorkDCT/DitBlock/kernel.cpp:12473]   --->   Operation 13 'speclooptripcount' 'speclooptripcount_ln12473' <Predicate = (!icmp_ln12473)> <Delay = 0.00>
ST_3 : Operation 14 [1/1] (0.00ns)   --->   "%specloopname_ln12473 = specloopname void @_ssdm_op_SpecLoopName, void @empty_182" [/home/silvenchen/Desktop/DitBlock/WorkDCT/DitBlock/kernel.cpp:12473]   --->   Operation 14 'specloopname' 'specloopname_ln12473' <Predicate = (!icmp_ln12473)> <Delay = 0.00>
ST_3 : Operation 15 [1/2] (0.00ns)   --->   "%call_ln12473 = call void @dataflow_parent_loop_proc42, i8 %mi4, i32 %v6884, i32 %v6883, i32 %v6882" [/home/silvenchen/Desktop/DitBlock/WorkDCT/DitBlock/kernel.cpp:12473]   --->   Operation 15 'call' 'call_ln12473' <Predicate = (!icmp_ln12473)> <Delay = 0.00> <CoreType = "Generic">   --->   Core 0 '' <Latency = 0> <II = 1> <Delay = 1.00> <Generic> <Opcode : >
ST_3 : Operation 16 [1/1] (0.00ns)   --->   "%br_ln12473 = br void %l_ni4" [/home/silvenchen/Desktop/DitBlock/WorkDCT/DitBlock/kernel.cpp:12473]   --->   Operation 16 'br' 'br_ln12473' <Predicate = (!icmp_ln12473)> <Delay = 0.00>


============================================================
+ Verbose Summary: Timing violations
============================================================
Target clock period: 10.000ns, clock uncertainty: 2.700ns.

 <State 1>: 0.387ns
The critical path consists of the following:
	multiplexor before 'phi' operation 8 bit ('mi4', /home/silvenchen/Desktop/DitBlock/WorkDCT/DitBlock/kernel.cpp:12473) with incoming values : ('add_ln12473', /home/silvenchen/Desktop/DitBlock/WorkDCT/DitBlock/kernel.cpp:12473) [7]  (0.387 ns)

 <State 2>: 0.705ns
The critical path consists of the following:
	'phi' operation 8 bit ('mi4', /home/silvenchen/Desktop/DitBlock/WorkDCT/DitBlock/kernel.cpp:12473) with incoming values : ('add_ln12473', /home/silvenchen/Desktop/DitBlock/WorkDCT/DitBlock/kernel.cpp:12473) [7]  (0.000 ns)
	'icmp' operation 1 bit ('icmp_ln12473', /home/silvenchen/Desktop/DitBlock/WorkDCT/DitBlock/kernel.cpp:12473) [8]  (0.705 ns)

 <State 3>: 0.000ns
The critical path consists of the following:


============================================================
+ Verbose Summary: Binding
============================================================
N/A
* FSMD analyzer results:
  - Output states:
 - Input state : 
  - Chain level:
	State 1
	State 2
	State 3


============================================================
+ Verbose Summary: Datapath Resource usage 
============================================================
N/A
