

================================================================
== Vitis HLS Report for 'systolic_tile_QKT_Loop_l_data_load_k272_proc35122'
================================================================
* Date:           Mon Feb 17 20:36:28 2025

* Version:        2023.2 (Build 4023990 on Oct 11 2023)
* Project:        DitBlock
* Solution:       hls (Vivado IP Flow Target)
* Product family: virtexuplusHBM
* Target device:  xcu280-fsvh2892-2L-e


================================================================
== Performance Estimates
================================================================
+ Timing: 
    * Summary: 
    +--------+----------+----------+------------+
    |  Clock |  Target  | Estimated| Uncertainty|
    +--------+----------+----------+------------+
    |ap_clk  |  10.00 ns|  2.131 ns|     2.70 ns|
    +--------+----------+----------+------------+

+ Latency: 
    * Summary: 
    +---------+---------+----------+----------+-----+-----+---------+
    |  Latency (cycles) |  Latency (absolute) |  Interval | Pipeline|
    |   min   |   max   |    min   |    max   | min | max |   Type  |
    +---------+---------+----------+----------+-----+-----+---------+
    |       66|       66|  0.660 us|  0.660 us|   66|   66|       no|
    +---------+---------+----------+----------+-----+-----+---------+

    + Detail: 
        * Instance: 
        N/A

        * Loop: 
        +--------------------+---------+---------+----------+-----------+-----------+------+----------+
        |                    |  Latency (cycles) | Iteration|  Initiation Interval  | Trip |          |
        |      Loop Name     |   min   |   max   |  Latency |  achieved |   target  | Count| Pipelined|
        +--------------------+---------+---------+----------+-----------+-----------+------+----------+
        |- l_data_load_k272  |       64|       64|         2|          1|          1|    64|       yes|
        +--------------------+---------+---------+----------+-----------+-----------+------+----------+

============================================================
+ Verbose Summary: Synthesis Manager
============================================================
InlineROM: 1
ExposeGlobal: 0
============================================================
+ Verbose Summary: CDFG Model
============================================================
IsTopModel: 0
ResetActiveHigh: 1
IsCombinational: 2
IsDatapathOnly: 0
HasWiredReturn: 1
HasMFsm: 2
HasVarLatency: 1
IsPipeline: 0
IsRtlPipelined: 0
IsInstanceOverlapped: 0
IsDontTouch: 0
HasImplIP: 0
IsGatedGlobalClock: 0

+ Individual pipeline summary: 
  * Pipeline-0: initiation interval (II) = 1, depth = 2


============================================================
+ Verbose Summary: Schedule
============================================================
* Number of FSM states : 2
* Pipeline : 1
  Pipeline-0 : II = 1, D = 2, States = { 1 2 }
* Dataflow Pipeline: 0

* FSM state transitions: 
1 --> 2 
2 --> 

* FSM state operations: 

State 1 <SV = 0> <Delay = 1.47>
ST_1 : Operation 5 [1/1] (0.00ns)   --->   "%k272 = alloca i32 1" [/home/silvenchen/Desktop/DitBlock/WorkDCT/DitBlock/kernel.cpp:12116]   --->   Operation 5 'alloca' 'k272' <Predicate = true> <Delay = 0.00>
ST_1 : Operation 6 [1/1] (0.00ns)   --->   "%specinterface_ln0 = specinterface void @_ssdm_op_SpecInterface, i32 %B_fifo4_63, void @empty_234, i32 0, i32 0, void @empty_191, i32 0, i32 0, void @empty_191, void @empty_191, void @empty_191, i32 0, i32 0, i32 0, i32 0, void @empty_191, void @empty_191, i32 4294967295, i32 0"   --->   Operation 6 'specinterface' 'specinterface_ln0' <Predicate = true> <Delay = 0.00>
ST_1 : Operation 7 [1/1] (0.00ns)   --->   "%specinterface_ln0 = specinterface void @_ssdm_op_SpecInterface, i32 %B_fifo4_54, void @empty_234, i32 0, i32 0, void @empty_191, i32 0, i32 0, void @empty_191, void @empty_191, void @empty_191, i32 0, i32 0, i32 0, i32 0, void @empty_191, void @empty_191, i32 4294967295, i32 0"   --->   Operation 7 'specinterface' 'specinterface_ln0' <Predicate = true> <Delay = 0.00>
ST_1 : Operation 8 [1/1] (0.00ns)   --->   "%specinterface_ln0 = specinterface void @_ssdm_op_SpecInterface, i32 %B_fifo4_45, void @empty_234, i32 0, i32 0, void @empty_191, i32 0, i32 0, void @empty_191, void @empty_191, void @empty_191, i32 0, i32 0, i32 0, i32 0, void @empty_191, void @empty_191, i32 4294967295, i32 0"   --->   Operation 8 'specinterface' 'specinterface_ln0' <Predicate = true> <Delay = 0.00>
ST_1 : Operation 9 [1/1] (0.00ns)   --->   "%specinterface_ln0 = specinterface void @_ssdm_op_SpecInterface, i32 %B_fifo4_36, void @empty_234, i32 0, i32 0, void @empty_191, i32 0, i32 0, void @empty_191, void @empty_191, void @empty_191, i32 0, i32 0, i32 0, i32 0, void @empty_191, void @empty_191, i32 4294967295, i32 0"   --->   Operation 9 'specinterface' 'specinterface_ln0' <Predicate = true> <Delay = 0.00>
ST_1 : Operation 10 [1/1] (0.00ns)   --->   "%specinterface_ln0 = specinterface void @_ssdm_op_SpecInterface, i32 %B_fifo4_27, void @empty_234, i32 0, i32 0, void @empty_191, i32 0, i32 0, void @empty_191, void @empty_191, void @empty_191, i32 0, i32 0, i32 0, i32 0, void @empty_191, void @empty_191, i32 4294967295, i32 0"   --->   Operation 10 'specinterface' 'specinterface_ln0' <Predicate = true> <Delay = 0.00>
ST_1 : Operation 11 [1/1] (0.00ns)   --->   "%specinterface_ln0 = specinterface void @_ssdm_op_SpecInterface, i32 %B_fifo4_18, void @empty_234, i32 0, i32 0, void @empty_191, i32 0, i32 0, void @empty_191, void @empty_191, void @empty_191, i32 0, i32 0, i32 0, i32 0, void @empty_191, void @empty_191, i32 4294967295, i32 0"   --->   Operation 11 'specinterface' 'specinterface_ln0' <Predicate = true> <Delay = 0.00>
ST_1 : Operation 12 [1/1] (0.00ns)   --->   "%specinterface_ln0 = specinterface void @_ssdm_op_SpecInterface, i32 %B_fifo4_9, void @empty_234, i32 0, i32 0, void @empty_191, i32 0, i32 0, void @empty_191, void @empty_191, void @empty_191, i32 0, i32 0, i32 0, i32 0, void @empty_191, void @empty_191, i32 4294967295, i32 0"   --->   Operation 12 'specinterface' 'specinterface_ln0' <Predicate = true> <Delay = 0.00>
ST_1 : Operation 13 [1/1] (0.00ns)   --->   "%specinterface_ln0 = specinterface void @_ssdm_op_SpecInterface, i32 %B_fifo4, void @empty_234, i32 0, i32 0, void @empty_191, i32 0, i32 0, void @empty_191, void @empty_191, void @empty_191, i32 0, i32 0, i32 0, i32 0, void @empty_191, void @empty_191, i32 4294967295, i32 0"   --->   Operation 13 'specinterface' 'specinterface_ln0' <Predicate = true> <Delay = 0.00>
ST_1 : Operation 14 [1/1] (0.00ns)   --->   "%specinterface_ln0 = specinterface void @_ssdm_op_SpecInterface, i32 %A_fifo4_63, void @empty_234, i32 0, i32 0, void @empty_191, i32 0, i32 0, void @empty_191, void @empty_191, void @empty_191, i32 0, i32 0, i32 0, i32 0, void @empty_191, void @empty_191, i32 4294967295, i32 0"   --->   Operation 14 'specinterface' 'specinterface_ln0' <Predicate = true> <Delay = 0.00>
ST_1 : Operation 15 [1/1] (0.00ns)   --->   "%specinterface_ln0 = specinterface void @_ssdm_op_SpecInterface, i32 %A_fifo4_54, void @empty_234, i32 0, i32 0, void @empty_191, i32 0, i32 0, void @empty_191, void @empty_191, void @empty_191, i32 0, i32 0, i32 0, i32 0, void @empty_191, void @empty_191, i32 4294967295, i32 0"   --->   Operation 15 'specinterface' 'specinterface_ln0' <Predicate = true> <Delay = 0.00>
ST_1 : Operation 16 [1/1] (0.00ns)   --->   "%specinterface_ln0 = specinterface void @_ssdm_op_SpecInterface, i32 %A_fifo4_45, void @empty_234, i32 0, i32 0, void @empty_191, i32 0, i32 0, void @empty_191, void @empty_191, void @empty_191, i32 0, i32 0, i32 0, i32 0, void @empty_191, void @empty_191, i32 4294967295, i32 0"   --->   Operation 16 'specinterface' 'specinterface_ln0' <Predicate = true> <Delay = 0.00>
ST_1 : Operation 17 [1/1] (0.00ns)   --->   "%specinterface_ln0 = specinterface void @_ssdm_op_SpecInterface, i32 %A_fifo4_36, void @empty_234, i32 0, i32 0, void @empty_191, i32 0, i32 0, void @empty_191, void @empty_191, void @empty_191, i32 0, i32 0, i32 0, i32 0, void @empty_191, void @empty_191, i32 4294967295, i32 0"   --->   Operation 17 'specinterface' 'specinterface_ln0' <Predicate = true> <Delay = 0.00>
ST_1 : Operation 18 [1/1] (0.00ns)   --->   "%specinterface_ln0 = specinterface void @_ssdm_op_SpecInterface, i32 %A_fifo4_27, void @empty_234, i32 0, i32 0, void @empty_191, i32 0, i32 0, void @empty_191, void @empty_191, void @empty_191, i32 0, i32 0, i32 0, i32 0, void @empty_191, void @empty_191, i32 4294967295, i32 0"   --->   Operation 18 'specinterface' 'specinterface_ln0' <Predicate = true> <Delay = 0.00>
ST_1 : Operation 19 [1/1] (0.00ns)   --->   "%specinterface_ln0 = specinterface void @_ssdm_op_SpecInterface, i32 %A_fifo4_18, void @empty_234, i32 0, i32 0, void @empty_191, i32 0, i32 0, void @empty_191, void @empty_191, void @empty_191, i32 0, i32 0, i32 0, i32 0, void @empty_191, void @empty_191, i32 4294967295, i32 0"   --->   Operation 19 'specinterface' 'specinterface_ln0' <Predicate = true> <Delay = 0.00>
ST_1 : Operation 20 [1/1] (0.00ns)   --->   "%specinterface_ln0 = specinterface void @_ssdm_op_SpecInterface, i32 %A_fifo4_9, void @empty_234, i32 0, i32 0, void @empty_191, i32 0, i32 0, void @empty_191, void @empty_191, void @empty_191, i32 0, i32 0, i32 0, i32 0, void @empty_191, void @empty_191, i32 4294967295, i32 0"   --->   Operation 20 'specinterface' 'specinterface_ln0' <Predicate = true> <Delay = 0.00>
ST_1 : Operation 21 [1/1] (0.00ns)   --->   "%specinterface_ln0 = specinterface void @_ssdm_op_SpecInterface, i32 %A_fifo4, void @empty_234, i32 0, i32 0, void @empty_191, i32 0, i32 0, void @empty_191, void @empty_191, void @empty_191, i32 0, i32 0, i32 0, i32 0, void @empty_191, void @empty_191, i32 4294967295, i32 0"   --->   Operation 21 'specinterface' 'specinterface_ln0' <Predicate = true> <Delay = 0.00>
ST_1 : Operation 22 [1/1] (0.38ns)   --->   "%store_ln12116 = store i7 0, i7 %k272" [/home/silvenchen/Desktop/DitBlock/WorkDCT/DitBlock/kernel.cpp:12116]   --->   Operation 22 'store' 'store_ln12116' <Predicate = true> <Delay = 0.38>
ST_1 : Operation 23 [1/1] (0.00ns)   --->   "%br_ln0 = br void %for.cond"   --->   Operation 23 'br' 'br_ln0' <Predicate = true> <Delay = 0.00>
ST_1 : Operation 24 [1/1] (0.00ns)   --->   "%k272_1 = load i7 %k272" [/home/silvenchen/Desktop/DitBlock/WorkDCT/DitBlock/kernel.cpp:12116]   --->   Operation 24 'load' 'k272_1' <Predicate = true> <Delay = 0.00>
ST_1 : Operation 25 [1/1] (0.70ns)   --->   "%icmp_ln12116 = icmp_eq  i7 %k272_1, i7 64" [/home/silvenchen/Desktop/DitBlock/WorkDCT/DitBlock/kernel.cpp:12116]   --->   Operation 25 'icmp' 'icmp_ln12116' <Predicate = true> <Delay = 0.70> <CoreInst = "Cmp">   --->   Core 9 'Cmp' <Latency = 0> <II = 1> <Delay = 0.70> <FuncUnit> <Opcode : 'icmp'> <InPorts = 2> <OutPorts = 1>
ST_1 : Operation 26 [1/1] (0.70ns)   --->   "%add_ln12116 = add i7 %k272_1, i7 1" [/home/silvenchen/Desktop/DitBlock/WorkDCT/DitBlock/kernel.cpp:12116]   --->   Operation 26 'add' 'add_ln12116' <Predicate = true> <Delay = 0.70> <CoreInst = "Adder">   --->   Core 1 'Adder' <Latency = 0> <II = 1> <Delay = 0.70> <FuncUnit> <Opcode : 'add' 'sub'> <InPorts = 2> <OutPorts = 1>
ST_1 : Operation 27 [1/1] (0.00ns)   --->   "%br_ln12116 = br i1 %icmp_ln12116, void %l_S_m_0_m8, void %for.end47.exitStub" [/home/silvenchen/Desktop/DitBlock/WorkDCT/DitBlock/kernel.cpp:12116]   --->   Operation 27 'br' 'br_ln12116' <Predicate = true> <Delay = 0.00>
ST_1 : Operation 28 [1/1] (0.00ns)   --->   "%zext_ln12116 = zext i7 %k272_1" [/home/silvenchen/Desktop/DitBlock/WorkDCT/DitBlock/kernel.cpp:12116]   --->   Operation 28 'zext' 'zext_ln12116' <Predicate = (!icmp_ln12116)> <Delay = 0.00>
ST_1 : Operation 29 [1/1] (0.00ns)   --->   "%v6609_0_addr = getelementptr i32 %v6609_0, i64 0, i64 %zext_ln12116" [/home/silvenchen/Desktop/DitBlock/WorkDCT/DitBlock/kernel.cpp:12116]   --->   Operation 29 'getelementptr' 'v6609_0_addr' <Predicate = (!icmp_ln12116)> <Delay = 0.00>
ST_1 : Operation 30 [2/2] (0.69ns)   --->   "%v6618 = load i6 %v6609_0_addr" [/home/silvenchen/Desktop/DitBlock/WorkDCT/DitBlock/kernel.cpp:12116]   --->   Operation 30 'load' 'v6618' <Predicate = (!icmp_ln12116)> <Delay = 0.69> <CoreInst = "RAM">   --->   Core 83 'RAM' <Latency = 1> <II = 1> <Delay = 0.69> <Storage> <Opcode : 'load' 'store'> <Ports = 2> <Width = 32> <Depth = 64> <RAM>
ST_1 : Operation 31 [1/1] (0.00ns)   --->   "%v6609_1_addr = getelementptr i32 %v6609_1, i64 0, i64 %zext_ln12116" [/home/silvenchen/Desktop/DitBlock/WorkDCT/DitBlock/kernel.cpp:12116]   --->   Operation 31 'getelementptr' 'v6609_1_addr' <Predicate = (!icmp_ln12116)> <Delay = 0.00>
ST_1 : Operation 32 [2/2] (0.69ns)   --->   "%v6618_1 = load i6 %v6609_1_addr" [/home/silvenchen/Desktop/DitBlock/WorkDCT/DitBlock/kernel.cpp:12116]   --->   Operation 32 'load' 'v6618_1' <Predicate = (!icmp_ln12116)> <Delay = 0.69> <CoreInst = "RAM">   --->   Core 83 'RAM' <Latency = 1> <II = 1> <Delay = 0.69> <Storage> <Opcode : 'load' 'store'> <Ports = 2> <Width = 32> <Depth = 64> <RAM>
ST_1 : Operation 33 [1/1] (0.00ns)   --->   "%v6609_2_addr = getelementptr i32 %v6609_2, i64 0, i64 %zext_ln12116" [/home/silvenchen/Desktop/DitBlock/WorkDCT/DitBlock/kernel.cpp:12116]   --->   Operation 33 'getelementptr' 'v6609_2_addr' <Predicate = (!icmp_ln12116)> <Delay = 0.00>
ST_1 : Operation 34 [2/2] (0.69ns)   --->   "%v6618_2 = load i6 %v6609_2_addr" [/home/silvenchen/Desktop/DitBlock/WorkDCT/DitBlock/kernel.cpp:12116]   --->   Operation 34 'load' 'v6618_2' <Predicate = (!icmp_ln12116)> <Delay = 0.69> <CoreInst = "RAM">   --->   Core 83 'RAM' <Latency = 1> <II = 1> <Delay = 0.69> <Storage> <Opcode : 'load' 'store'> <Ports = 2> <Width = 32> <Depth = 64> <RAM>
ST_1 : Operation 35 [1/1] (0.00ns)   --->   "%v6609_3_addr = getelementptr i32 %v6609_3, i64 0, i64 %zext_ln12116" [/home/silvenchen/Desktop/DitBlock/WorkDCT/DitBlock/kernel.cpp:12116]   --->   Operation 35 'getelementptr' 'v6609_3_addr' <Predicate = (!icmp_ln12116)> <Delay = 0.00>
ST_1 : Operation 36 [2/2] (0.69ns)   --->   "%v6618_3 = load i6 %v6609_3_addr" [/home/silvenchen/Desktop/DitBlock/WorkDCT/DitBlock/kernel.cpp:12116]   --->   Operation 36 'load' 'v6618_3' <Predicate = (!icmp_ln12116)> <Delay = 0.69> <CoreInst = "RAM">   --->   Core 83 'RAM' <Latency = 1> <II = 1> <Delay = 0.69> <Storage> <Opcode : 'load' 'store'> <Ports = 2> <Width = 32> <Depth = 64> <RAM>
ST_1 : Operation 37 [1/1] (0.00ns)   --->   "%v6609_4_addr = getelementptr i32 %v6609_4, i64 0, i64 %zext_ln12116" [/home/silvenchen/Desktop/DitBlock/WorkDCT/DitBlock/kernel.cpp:12116]   --->   Operation 37 'getelementptr' 'v6609_4_addr' <Predicate = (!icmp_ln12116)> <Delay = 0.00>
ST_1 : Operation 38 [2/2] (0.69ns)   --->   "%v6618_4 = load i6 %v6609_4_addr" [/home/silvenchen/Desktop/DitBlock/WorkDCT/DitBlock/kernel.cpp:12116]   --->   Operation 38 'load' 'v6618_4' <Predicate = (!icmp_ln12116)> <Delay = 0.69> <CoreInst = "RAM">   --->   Core 83 'RAM' <Latency = 1> <II = 1> <Delay = 0.69> <Storage> <Opcode : 'load' 'store'> <Ports = 2> <Width = 32> <Depth = 64> <RAM>
ST_1 : Operation 39 [1/1] (0.00ns)   --->   "%v6609_5_addr = getelementptr i32 %v6609_5, i64 0, i64 %zext_ln12116" [/home/silvenchen/Desktop/DitBlock/WorkDCT/DitBlock/kernel.cpp:12116]   --->   Operation 39 'getelementptr' 'v6609_5_addr' <Predicate = (!icmp_ln12116)> <Delay = 0.00>
ST_1 : Operation 40 [2/2] (0.69ns)   --->   "%v6618_5 = load i6 %v6609_5_addr" [/home/silvenchen/Desktop/DitBlock/WorkDCT/DitBlock/kernel.cpp:12116]   --->   Operation 40 'load' 'v6618_5' <Predicate = (!icmp_ln12116)> <Delay = 0.69> <CoreInst = "RAM">   --->   Core 83 'RAM' <Latency = 1> <II = 1> <Delay = 0.69> <Storage> <Opcode : 'load' 'store'> <Ports = 2> <Width = 32> <Depth = 64> <RAM>
ST_1 : Operation 41 [1/1] (0.00ns)   --->   "%v6609_6_addr = getelementptr i32 %v6609_6, i64 0, i64 %zext_ln12116" [/home/silvenchen/Desktop/DitBlock/WorkDCT/DitBlock/kernel.cpp:12116]   --->   Operation 41 'getelementptr' 'v6609_6_addr' <Predicate = (!icmp_ln12116)> <Delay = 0.00>
ST_1 : Operation 42 [2/2] (0.69ns)   --->   "%v6618_6 = load i6 %v6609_6_addr" [/home/silvenchen/Desktop/DitBlock/WorkDCT/DitBlock/kernel.cpp:12116]   --->   Operation 42 'load' 'v6618_6' <Predicate = (!icmp_ln12116)> <Delay = 0.69> <CoreInst = "RAM">   --->   Core 83 'RAM' <Latency = 1> <II = 1> <Delay = 0.69> <Storage> <Opcode : 'load' 'store'> <Ports = 2> <Width = 32> <Depth = 64> <RAM>
ST_1 : Operation 43 [1/1] (0.00ns)   --->   "%v6609_7_addr = getelementptr i32 %v6609_7, i64 0, i64 %zext_ln12116" [/home/silvenchen/Desktop/DitBlock/WorkDCT/DitBlock/kernel.cpp:12116]   --->   Operation 43 'getelementptr' 'v6609_7_addr' <Predicate = (!icmp_ln12116)> <Delay = 0.00>
ST_1 : Operation 44 [2/2] (0.69ns)   --->   "%v6618_7 = load i6 %v6609_7_addr" [/home/silvenchen/Desktop/DitBlock/WorkDCT/DitBlock/kernel.cpp:12116]   --->   Operation 44 'load' 'v6618_7' <Predicate = (!icmp_ln12116)> <Delay = 0.69> <CoreInst = "RAM">   --->   Core 83 'RAM' <Latency = 1> <II = 1> <Delay = 0.69> <Storage> <Opcode : 'load' 'store'> <Ports = 2> <Width = 32> <Depth = 64> <RAM>
ST_1 : Operation 45 [1/1] (0.00ns)   --->   "%v6610_0_addr = getelementptr i32 %v6610_0, i64 0, i64 %zext_ln12116" [/home/silvenchen/Desktop/DitBlock/WorkDCT/DitBlock/kernel.cpp:12116]   --->   Operation 45 'getelementptr' 'v6610_0_addr' <Predicate = (!icmp_ln12116)> <Delay = 0.00>
ST_1 : Operation 46 [2/2] (0.69ns)   --->   "%v6620 = load i6 %v6610_0_addr" [/home/silvenchen/Desktop/DitBlock/WorkDCT/DitBlock/kernel.cpp:12116]   --->   Operation 46 'load' 'v6620' <Predicate = (!icmp_ln12116)> <Delay = 0.69> <CoreInst = "RAM">   --->   Core 83 'RAM' <Latency = 1> <II = 1> <Delay = 0.69> <Storage> <Opcode : 'load' 'store'> <Ports = 2> <Width = 32> <Depth = 64> <RAM>
ST_1 : Operation 47 [1/1] (0.00ns)   --->   "%v6610_1_addr = getelementptr i32 %v6610_1, i64 0, i64 %zext_ln12116" [/home/silvenchen/Desktop/DitBlock/WorkDCT/DitBlock/kernel.cpp:12116]   --->   Operation 47 'getelementptr' 'v6610_1_addr' <Predicate = (!icmp_ln12116)> <Delay = 0.00>
ST_1 : Operation 48 [2/2] (0.69ns)   --->   "%v6620_1 = load i6 %v6610_1_addr" [/home/silvenchen/Desktop/DitBlock/WorkDCT/DitBlock/kernel.cpp:12116]   --->   Operation 48 'load' 'v6620_1' <Predicate = (!icmp_ln12116)> <Delay = 0.69> <CoreInst = "RAM">   --->   Core 83 'RAM' <Latency = 1> <II = 1> <Delay = 0.69> <Storage> <Opcode : 'load' 'store'> <Ports = 2> <Width = 32> <Depth = 64> <RAM>
ST_1 : Operation 49 [1/1] (0.00ns)   --->   "%v6610_2_addr = getelementptr i32 %v6610_2, i64 0, i64 %zext_ln12116" [/home/silvenchen/Desktop/DitBlock/WorkDCT/DitBlock/kernel.cpp:12116]   --->   Operation 49 'getelementptr' 'v6610_2_addr' <Predicate = (!icmp_ln12116)> <Delay = 0.00>
ST_1 : Operation 50 [2/2] (0.69ns)   --->   "%v6620_2 = load i6 %v6610_2_addr" [/home/silvenchen/Desktop/DitBlock/WorkDCT/DitBlock/kernel.cpp:12116]   --->   Operation 50 'load' 'v6620_2' <Predicate = (!icmp_ln12116)> <Delay = 0.69> <CoreInst = "RAM">   --->   Core 83 'RAM' <Latency = 1> <II = 1> <Delay = 0.69> <Storage> <Opcode : 'load' 'store'> <Ports = 2> <Width = 32> <Depth = 64> <RAM>
ST_1 : Operation 51 [1/1] (0.00ns)   --->   "%v6610_3_addr = getelementptr i32 %v6610_3, i64 0, i64 %zext_ln12116" [/home/silvenchen/Desktop/DitBlock/WorkDCT/DitBlock/kernel.cpp:12116]   --->   Operation 51 'getelementptr' 'v6610_3_addr' <Predicate = (!icmp_ln12116)> <Delay = 0.00>
ST_1 : Operation 52 [2/2] (0.69ns)   --->   "%v6620_3 = load i6 %v6610_3_addr" [/home/silvenchen/Desktop/DitBlock/WorkDCT/DitBlock/kernel.cpp:12116]   --->   Operation 52 'load' 'v6620_3' <Predicate = (!icmp_ln12116)> <Delay = 0.69> <CoreInst = "RAM">   --->   Core 83 'RAM' <Latency = 1> <II = 1> <Delay = 0.69> <Storage> <Opcode : 'load' 'store'> <Ports = 2> <Width = 32> <Depth = 64> <RAM>
ST_1 : Operation 53 [1/1] (0.00ns)   --->   "%v6610_4_addr = getelementptr i32 %v6610_4, i64 0, i64 %zext_ln12116" [/home/silvenchen/Desktop/DitBlock/WorkDCT/DitBlock/kernel.cpp:12116]   --->   Operation 53 'getelementptr' 'v6610_4_addr' <Predicate = (!icmp_ln12116)> <Delay = 0.00>
ST_1 : Operation 54 [2/2] (0.69ns)   --->   "%v6620_4 = load i6 %v6610_4_addr" [/home/silvenchen/Desktop/DitBlock/WorkDCT/DitBlock/kernel.cpp:12116]   --->   Operation 54 'load' 'v6620_4' <Predicate = (!icmp_ln12116)> <Delay = 0.69> <CoreInst = "RAM">   --->   Core 83 'RAM' <Latency = 1> <II = 1> <Delay = 0.69> <Storage> <Opcode : 'load' 'store'> <Ports = 2> <Width = 32> <Depth = 64> <RAM>
ST_1 : Operation 55 [1/1] (0.00ns)   --->   "%v6610_5_addr = getelementptr i32 %v6610_5, i64 0, i64 %zext_ln12116" [/home/silvenchen/Desktop/DitBlock/WorkDCT/DitBlock/kernel.cpp:12116]   --->   Operation 55 'getelementptr' 'v6610_5_addr' <Predicate = (!icmp_ln12116)> <Delay = 0.00>
ST_1 : Operation 56 [2/2] (0.69ns)   --->   "%v6620_5 = load i6 %v6610_5_addr" [/home/silvenchen/Desktop/DitBlock/WorkDCT/DitBlock/kernel.cpp:12116]   --->   Operation 56 'load' 'v6620_5' <Predicate = (!icmp_ln12116)> <Delay = 0.69> <CoreInst = "RAM">   --->   Core 83 'RAM' <Latency = 1> <II = 1> <Delay = 0.69> <Storage> <Opcode : 'load' 'store'> <Ports = 2> <Width = 32> <Depth = 64> <RAM>
ST_1 : Operation 57 [1/1] (0.00ns)   --->   "%v6610_6_addr = getelementptr i32 %v6610_6, i64 0, i64 %zext_ln12116" [/home/silvenchen/Desktop/DitBlock/WorkDCT/DitBlock/kernel.cpp:12116]   --->   Operation 57 'getelementptr' 'v6610_6_addr' <Predicate = (!icmp_ln12116)> <Delay = 0.00>
ST_1 : Operation 58 [2/2] (0.69ns)   --->   "%v6620_6 = load i6 %v6610_6_addr" [/home/silvenchen/Desktop/DitBlock/WorkDCT/DitBlock/kernel.cpp:12116]   --->   Operation 58 'load' 'v6620_6' <Predicate = (!icmp_ln12116)> <Delay = 0.69> <CoreInst = "RAM">   --->   Core 83 'RAM' <Latency = 1> <II = 1> <Delay = 0.69> <Storage> <Opcode : 'load' 'store'> <Ports = 2> <Width = 32> <Depth = 64> <RAM>
ST_1 : Operation 59 [1/1] (0.00ns)   --->   "%v6610_7_addr = getelementptr i32 %v6610_7, i64 0, i64 %zext_ln12116" [/home/silvenchen/Desktop/DitBlock/WorkDCT/DitBlock/kernel.cpp:12116]   --->   Operation 59 'getelementptr' 'v6610_7_addr' <Predicate = (!icmp_ln12116)> <Delay = 0.00>
ST_1 : Operation 60 [2/2] (0.69ns)   --->   "%v6620_7 = load i6 %v6610_7_addr" [/home/silvenchen/Desktop/DitBlock/WorkDCT/DitBlock/kernel.cpp:12116]   --->   Operation 60 'load' 'v6620_7' <Predicate = (!icmp_ln12116)> <Delay = 0.69> <CoreInst = "RAM">   --->   Core 83 'RAM' <Latency = 1> <II = 1> <Delay = 0.69> <Storage> <Opcode : 'load' 'store'> <Ports = 2> <Width = 32> <Depth = 64> <RAM>
ST_1 : Operation 61 [1/1] (0.38ns)   --->   "%store_ln12116 = store i7 %add_ln12116, i7 %k272" [/home/silvenchen/Desktop/DitBlock/WorkDCT/DitBlock/kernel.cpp:12116]   --->   Operation 61 'store' 'store_ln12116' <Predicate = (!icmp_ln12116)> <Delay = 0.38>
ST_1 : Operation 114 [1/1] (0.00ns)   --->   "%ret_ln0 = ret"   --->   Operation 114 'ret' 'ret_ln0' <Predicate = (icmp_ln12116)> <Delay = 0.00>

State 2 <SV = 1> <Delay = 2.13>
ST_2 : Operation 62 [1/1] (0.00ns)   --->   "%specpipeline_ln0 = specpipeline void @_ssdm_op_SpecPipeline, i32 4294967295, i32 0, i32 0, i32 0, void @empty_191"   --->   Operation 62 'specpipeline' 'specpipeline_ln0' <Predicate = true> <Delay = 0.00>
ST_2 : Operation 63 [1/1] (0.00ns)   --->   "%speclooptripcount_ln0 = speclooptripcount void @_ssdm_op_SpecLoopTripCount, i64 64, i64 64, i64 64"   --->   Operation 63 'speclooptripcount' 'speclooptripcount_ln0' <Predicate = true> <Delay = 0.00>
ST_2 : Operation 64 [1/1] (0.00ns)   --->   "%specloopname_ln12116 = specloopname void @_ssdm_op_SpecLoopName, void @empty_178" [/home/silvenchen/Desktop/DitBlock/WorkDCT/DitBlock/kernel.cpp:12116]   --->   Operation 64 'specloopname' 'specloopname_ln12116' <Predicate = true> <Delay = 0.00>
ST_2 : Operation 65 [1/2] (0.69ns)   --->   "%v6618 = load i6 %v6609_0_addr" [/home/silvenchen/Desktop/DitBlock/WorkDCT/DitBlock/kernel.cpp:12116]   --->   Operation 65 'load' 'v6618' <Predicate = true> <Delay = 0.69> <CoreInst = "RAM">   --->   Core 83 'RAM' <Latency = 1> <II = 1> <Delay = 0.69> <Storage> <Opcode : 'load' 'store'> <Ports = 2> <Width = 32> <Depth = 64> <RAM>
ST_2 : Operation 66 [1/1] (0.00ns)   --->   "%bitcast_ln12119 = bitcast i32 %v6618" [/home/silvenchen/Desktop/DitBlock/WorkDCT/DitBlock/kernel.cpp:12119]   --->   Operation 66 'bitcast' 'bitcast_ln12119' <Predicate = true> <Delay = 0.00>
ST_2 : Operation 67 [1/2] (0.69ns)   --->   "%v6618_1 = load i6 %v6609_1_addr" [/home/silvenchen/Desktop/DitBlock/WorkDCT/DitBlock/kernel.cpp:12116]   --->   Operation 67 'load' 'v6618_1' <Predicate = true> <Delay = 0.69> <CoreInst = "RAM">   --->   Core 83 'RAM' <Latency = 1> <II = 1> <Delay = 0.69> <Storage> <Opcode : 'load' 'store'> <Ports = 2> <Width = 32> <Depth = 64> <RAM>
ST_2 : Operation 68 [1/1] (0.00ns)   --->   "%bitcast_ln12119_1 = bitcast i32 %v6618_1" [/home/silvenchen/Desktop/DitBlock/WorkDCT/DitBlock/kernel.cpp:12119]   --->   Operation 68 'bitcast' 'bitcast_ln12119_1' <Predicate = true> <Delay = 0.00>
ST_2 : Operation 69 [1/2] (0.69ns)   --->   "%v6618_2 = load i6 %v6609_2_addr" [/home/silvenchen/Desktop/DitBlock/WorkDCT/DitBlock/kernel.cpp:12116]   --->   Operation 69 'load' 'v6618_2' <Predicate = true> <Delay = 0.69> <CoreInst = "RAM">   --->   Core 83 'RAM' <Latency = 1> <II = 1> <Delay = 0.69> <Storage> <Opcode : 'load' 'store'> <Ports = 2> <Width = 32> <Depth = 64> <RAM>
ST_2 : Operation 70 [1/1] (0.00ns)   --->   "%bitcast_ln12119_2 = bitcast i32 %v6618_2" [/home/silvenchen/Desktop/DitBlock/WorkDCT/DitBlock/kernel.cpp:12119]   --->   Operation 70 'bitcast' 'bitcast_ln12119_2' <Predicate = true> <Delay = 0.00>
ST_2 : Operation 71 [1/2] (0.69ns)   --->   "%v6618_3 = load i6 %v6609_3_addr" [/home/silvenchen/Desktop/DitBlock/WorkDCT/DitBlock/kernel.cpp:12116]   --->   Operation 71 'load' 'v6618_3' <Predicate = true> <Delay = 0.69> <CoreInst = "RAM">   --->   Core 83 'RAM' <Latency = 1> <II = 1> <Delay = 0.69> <Storage> <Opcode : 'load' 'store'> <Ports = 2> <Width = 32> <Depth = 64> <RAM>
ST_2 : Operation 72 [1/1] (0.00ns)   --->   "%bitcast_ln12119_3 = bitcast i32 %v6618_3" [/home/silvenchen/Desktop/DitBlock/WorkDCT/DitBlock/kernel.cpp:12119]   --->   Operation 72 'bitcast' 'bitcast_ln12119_3' <Predicate = true> <Delay = 0.00>
ST_2 : Operation 73 [1/2] (0.69ns)   --->   "%v6618_4 = load i6 %v6609_4_addr" [/home/silvenchen/Desktop/DitBlock/WorkDCT/DitBlock/kernel.cpp:12116]   --->   Operation 73 'load' 'v6618_4' <Predicate = true> <Delay = 0.69> <CoreInst = "RAM">   --->   Core 83 'RAM' <Latency = 1> <II = 1> <Delay = 0.69> <Storage> <Opcode : 'load' 'store'> <Ports = 2> <Width = 32> <Depth = 64> <RAM>
ST_2 : Operation 74 [1/1] (0.00ns)   --->   "%bitcast_ln12119_4 = bitcast i32 %v6618_4" [/home/silvenchen/Desktop/DitBlock/WorkDCT/DitBlock/kernel.cpp:12119]   --->   Operation 74 'bitcast' 'bitcast_ln12119_4' <Predicate = true> <Delay = 0.00>
ST_2 : Operation 75 [1/2] (0.69ns)   --->   "%v6618_5 = load i6 %v6609_5_addr" [/home/silvenchen/Desktop/DitBlock/WorkDCT/DitBlock/kernel.cpp:12116]   --->   Operation 75 'load' 'v6618_5' <Predicate = true> <Delay = 0.69> <CoreInst = "RAM">   --->   Core 83 'RAM' <Latency = 1> <II = 1> <Delay = 0.69> <Storage> <Opcode : 'load' 'store'> <Ports = 2> <Width = 32> <Depth = 64> <RAM>
ST_2 : Operation 76 [1/1] (0.00ns)   --->   "%bitcast_ln12119_5 = bitcast i32 %v6618_5" [/home/silvenchen/Desktop/DitBlock/WorkDCT/DitBlock/kernel.cpp:12119]   --->   Operation 76 'bitcast' 'bitcast_ln12119_5' <Predicate = true> <Delay = 0.00>
ST_2 : Operation 77 [1/2] (0.69ns)   --->   "%v6618_6 = load i6 %v6609_6_addr" [/home/silvenchen/Desktop/DitBlock/WorkDCT/DitBlock/kernel.cpp:12116]   --->   Operation 77 'load' 'v6618_6' <Predicate = true> <Delay = 0.69> <CoreInst = "RAM">   --->   Core 83 'RAM' <Latency = 1> <II = 1> <Delay = 0.69> <Storage> <Opcode : 'load' 'store'> <Ports = 2> <Width = 32> <Depth = 64> <RAM>
ST_2 : Operation 78 [1/1] (0.00ns)   --->   "%bitcast_ln12119_6 = bitcast i32 %v6618_6" [/home/silvenchen/Desktop/DitBlock/WorkDCT/DitBlock/kernel.cpp:12119]   --->   Operation 78 'bitcast' 'bitcast_ln12119_6' <Predicate = true> <Delay = 0.00>
ST_2 : Operation 79 [1/2] (0.69ns)   --->   "%v6618_7 = load i6 %v6609_7_addr" [/home/silvenchen/Desktop/DitBlock/WorkDCT/DitBlock/kernel.cpp:12116]   --->   Operation 79 'load' 'v6618_7' <Predicate = true> <Delay = 0.69> <CoreInst = "RAM">   --->   Core 83 'RAM' <Latency = 1> <II = 1> <Delay = 0.69> <Storage> <Opcode : 'load' 'store'> <Ports = 2> <Width = 32> <Depth = 64> <RAM>
ST_2 : Operation 80 [1/1] (0.00ns)   --->   "%bitcast_ln12119_7 = bitcast i32 %v6618_7" [/home/silvenchen/Desktop/DitBlock/WorkDCT/DitBlock/kernel.cpp:12119]   --->   Operation 80 'bitcast' 'bitcast_ln12119_7' <Predicate = true> <Delay = 0.00>
ST_2 : Operation 81 [1/1] (1.43ns)   --->   "%write_ln12119 = write void @_ssdm_op_Write.ap_fifo.volatile.i32P0A, i32 %A_fifo4, i32 %bitcast_ln12119" [/home/silvenchen/Desktop/DitBlock/WorkDCT/DitBlock/kernel.cpp:12119]   --->   Operation 81 'write' 'write_ln12119' <Predicate = true> <Delay = 1.43> <CoreInst = "FIFO_SRL">   --->   Core 81 'FIFO_SRL' <Latency = 0> <II = 1> <Delay = 1.43> <Storage> <Opcode : 'read' 'write' 'nbread' 'nbwrite'> <Ports = 0> <Width = 32> <Depth = 9> <FIFO>
ST_2 : Operation 82 [1/1] (1.43ns)   --->   "%write_ln12119 = write void @_ssdm_op_Write.ap_fifo.volatile.i32P0A, i32 %A_fifo4_9, i32 %bitcast_ln12119_1" [/home/silvenchen/Desktop/DitBlock/WorkDCT/DitBlock/kernel.cpp:12119]   --->   Operation 82 'write' 'write_ln12119' <Predicate = true> <Delay = 1.43> <CoreInst = "FIFO_SRL">   --->   Core 81 'FIFO_SRL' <Latency = 0> <II = 1> <Delay = 1.43> <Storage> <Opcode : 'read' 'write' 'nbread' 'nbwrite'> <Ports = 0> <Width = 32> <Depth = 9> <FIFO>
ST_2 : Operation 83 [1/1] (1.43ns)   --->   "%write_ln12119 = write void @_ssdm_op_Write.ap_fifo.volatile.i32P0A, i32 %A_fifo4_18, i32 %bitcast_ln12119_2" [/home/silvenchen/Desktop/DitBlock/WorkDCT/DitBlock/kernel.cpp:12119]   --->   Operation 83 'write' 'write_ln12119' <Predicate = true> <Delay = 1.43> <CoreInst = "FIFO_SRL">   --->   Core 81 'FIFO_SRL' <Latency = 0> <II = 1> <Delay = 1.43> <Storage> <Opcode : 'read' 'write' 'nbread' 'nbwrite'> <Ports = 0> <Width = 32> <Depth = 9> <FIFO>
ST_2 : Operation 84 [1/1] (1.43ns)   --->   "%write_ln12119 = write void @_ssdm_op_Write.ap_fifo.volatile.i32P0A, i32 %A_fifo4_27, i32 %bitcast_ln12119_3" [/home/silvenchen/Desktop/DitBlock/WorkDCT/DitBlock/kernel.cpp:12119]   --->   Operation 84 'write' 'write_ln12119' <Predicate = true> <Delay = 1.43> <CoreInst = "FIFO_SRL">   --->   Core 81 'FIFO_SRL' <Latency = 0> <II = 1> <Delay = 1.43> <Storage> <Opcode : 'read' 'write' 'nbread' 'nbwrite'> <Ports = 0> <Width = 32> <Depth = 9> <FIFO>
ST_2 : Operation 85 [1/1] (1.43ns)   --->   "%write_ln12119 = write void @_ssdm_op_Write.ap_fifo.volatile.i32P0A, i32 %A_fifo4_36, i32 %bitcast_ln12119_4" [/home/silvenchen/Desktop/DitBlock/WorkDCT/DitBlock/kernel.cpp:12119]   --->   Operation 85 'write' 'write_ln12119' <Predicate = true> <Delay = 1.43> <CoreInst = "FIFO_SRL">   --->   Core 81 'FIFO_SRL' <Latency = 0> <II = 1> <Delay = 1.43> <Storage> <Opcode : 'read' 'write' 'nbread' 'nbwrite'> <Ports = 0> <Width = 32> <Depth = 9> <FIFO>
ST_2 : Operation 86 [1/1] (1.43ns)   --->   "%write_ln12119 = write void @_ssdm_op_Write.ap_fifo.volatile.i32P0A, i32 %A_fifo4_45, i32 %bitcast_ln12119_5" [/home/silvenchen/Desktop/DitBlock/WorkDCT/DitBlock/kernel.cpp:12119]   --->   Operation 86 'write' 'write_ln12119' <Predicate = true> <Delay = 1.43> <CoreInst = "FIFO_SRL">   --->   Core 81 'FIFO_SRL' <Latency = 0> <II = 1> <Delay = 1.43> <Storage> <Opcode : 'read' 'write' 'nbread' 'nbwrite'> <Ports = 0> <Width = 32> <Depth = 9> <FIFO>
ST_2 : Operation 87 [1/1] (1.43ns)   --->   "%write_ln12119 = write void @_ssdm_op_Write.ap_fifo.volatile.i32P0A, i32 %A_fifo4_54, i32 %bitcast_ln12119_6" [/home/silvenchen/Desktop/DitBlock/WorkDCT/DitBlock/kernel.cpp:12119]   --->   Operation 87 'write' 'write_ln12119' <Predicate = true> <Delay = 1.43> <CoreInst = "FIFO_SRL">   --->   Core 81 'FIFO_SRL' <Latency = 0> <II = 1> <Delay = 1.43> <Storage> <Opcode : 'read' 'write' 'nbread' 'nbwrite'> <Ports = 0> <Width = 32> <Depth = 9> <FIFO>
ST_2 : Operation 88 [1/1] (1.43ns)   --->   "%write_ln12119 = write void @_ssdm_op_Write.ap_fifo.volatile.i32P0A, i32 %A_fifo4_63, i32 %bitcast_ln12119_7" [/home/silvenchen/Desktop/DitBlock/WorkDCT/DitBlock/kernel.cpp:12119]   --->   Operation 88 'write' 'write_ln12119' <Predicate = true> <Delay = 1.43> <CoreInst = "FIFO_SRL">   --->   Core 81 'FIFO_SRL' <Latency = 0> <II = 1> <Delay = 1.43> <Storage> <Opcode : 'read' 'write' 'nbread' 'nbwrite'> <Ports = 0> <Width = 32> <Depth = 9> <FIFO>
ST_2 : Operation 89 [1/2] (0.69ns)   --->   "%v6620 = load i6 %v6610_0_addr" [/home/silvenchen/Desktop/DitBlock/WorkDCT/DitBlock/kernel.cpp:12116]   --->   Operation 89 'load' 'v6620' <Predicate = true> <Delay = 0.69> <CoreInst = "RAM">   --->   Core 83 'RAM' <Latency = 1> <II = 1> <Delay = 0.69> <Storage> <Opcode : 'load' 'store'> <Ports = 2> <Width = 32> <Depth = 64> <RAM>
ST_2 : Operation 90 [1/1] (0.00ns)   --->   "%bitcast_ln12123 = bitcast i32 %v6620" [/home/silvenchen/Desktop/DitBlock/WorkDCT/DitBlock/kernel.cpp:12123]   --->   Operation 90 'bitcast' 'bitcast_ln12123' <Predicate = true> <Delay = 0.00>
ST_2 : Operation 91 [1/2] (0.69ns)   --->   "%v6620_1 = load i6 %v6610_1_addr" [/home/silvenchen/Desktop/DitBlock/WorkDCT/DitBlock/kernel.cpp:12116]   --->   Operation 91 'load' 'v6620_1' <Predicate = true> <Delay = 0.69> <CoreInst = "RAM">   --->   Core 83 'RAM' <Latency = 1> <II = 1> <Delay = 0.69> <Storage> <Opcode : 'load' 'store'> <Ports = 2> <Width = 32> <Depth = 64> <RAM>
ST_2 : Operation 92 [1/1] (0.00ns)   --->   "%bitcast_ln12123_1 = bitcast i32 %v6620_1" [/home/silvenchen/Desktop/DitBlock/WorkDCT/DitBlock/kernel.cpp:12123]   --->   Operation 92 'bitcast' 'bitcast_ln12123_1' <Predicate = true> <Delay = 0.00>
ST_2 : Operation 93 [1/2] (0.69ns)   --->   "%v6620_2 = load i6 %v6610_2_addr" [/home/silvenchen/Desktop/DitBlock/WorkDCT/DitBlock/kernel.cpp:12116]   --->   Operation 93 'load' 'v6620_2' <Predicate = true> <Delay = 0.69> <CoreInst = "RAM">   --->   Core 83 'RAM' <Latency = 1> <II = 1> <Delay = 0.69> <Storage> <Opcode : 'load' 'store'> <Ports = 2> <Width = 32> <Depth = 64> <RAM>
ST_2 : Operation 94 [1/1] (0.00ns)   --->   "%bitcast_ln12123_2 = bitcast i32 %v6620_2" [/home/silvenchen/Desktop/DitBlock/WorkDCT/DitBlock/kernel.cpp:12123]   --->   Operation 94 'bitcast' 'bitcast_ln12123_2' <Predicate = true> <Delay = 0.00>
ST_2 : Operation 95 [1/2] (0.69ns)   --->   "%v6620_3 = load i6 %v6610_3_addr" [/home/silvenchen/Desktop/DitBlock/WorkDCT/DitBlock/kernel.cpp:12116]   --->   Operation 95 'load' 'v6620_3' <Predicate = true> <Delay = 0.69> <CoreInst = "RAM">   --->   Core 83 'RAM' <Latency = 1> <II = 1> <Delay = 0.69> <Storage> <Opcode : 'load' 'store'> <Ports = 2> <Width = 32> <Depth = 64> <RAM>
ST_2 : Operation 96 [1/1] (0.00ns)   --->   "%bitcast_ln12123_3 = bitcast i32 %v6620_3" [/home/silvenchen/Desktop/DitBlock/WorkDCT/DitBlock/kernel.cpp:12123]   --->   Operation 96 'bitcast' 'bitcast_ln12123_3' <Predicate = true> <Delay = 0.00>
ST_2 : Operation 97 [1/2] (0.69ns)   --->   "%v6620_4 = load i6 %v6610_4_addr" [/home/silvenchen/Desktop/DitBlock/WorkDCT/DitBlock/kernel.cpp:12116]   --->   Operation 97 'load' 'v6620_4' <Predicate = true> <Delay = 0.69> <CoreInst = "RAM">   --->   Core 83 'RAM' <Latency = 1> <II = 1> <Delay = 0.69> <Storage> <Opcode : 'load' 'store'> <Ports = 2> <Width = 32> <Depth = 64> <RAM>
ST_2 : Operation 98 [1/1] (0.00ns)   --->   "%bitcast_ln12123_4 = bitcast i32 %v6620_4" [/home/silvenchen/Desktop/DitBlock/WorkDCT/DitBlock/kernel.cpp:12123]   --->   Operation 98 'bitcast' 'bitcast_ln12123_4' <Predicate = true> <Delay = 0.00>
ST_2 : Operation 99 [1/2] (0.69ns)   --->   "%v6620_5 = load i6 %v6610_5_addr" [/home/silvenchen/Desktop/DitBlock/WorkDCT/DitBlock/kernel.cpp:12116]   --->   Operation 99 'load' 'v6620_5' <Predicate = true> <Delay = 0.69> <CoreInst = "RAM">   --->   Core 83 'RAM' <Latency = 1> <II = 1> <Delay = 0.69> <Storage> <Opcode : 'load' 'store'> <Ports = 2> <Width = 32> <Depth = 64> <RAM>
ST_2 : Operation 100 [1/1] (0.00ns)   --->   "%bitcast_ln12123_5 = bitcast i32 %v6620_5" [/home/silvenchen/Desktop/DitBlock/WorkDCT/DitBlock/kernel.cpp:12123]   --->   Operation 100 'bitcast' 'bitcast_ln12123_5' <Predicate = true> <Delay = 0.00>
ST_2 : Operation 101 [1/2] (0.69ns)   --->   "%v6620_6 = load i6 %v6610_6_addr" [/home/silvenchen/Desktop/DitBlock/WorkDCT/DitBlock/kernel.cpp:12116]   --->   Operation 101 'load' 'v6620_6' <Predicate = true> <Delay = 0.69> <CoreInst = "RAM">   --->   Core 83 'RAM' <Latency = 1> <II = 1> <Delay = 0.69> <Storage> <Opcode : 'load' 'store'> <Ports = 2> <Width = 32> <Depth = 64> <RAM>
ST_2 : Operation 102 [1/1] (0.00ns)   --->   "%bitcast_ln12123_6 = bitcast i32 %v6620_6" [/home/silvenchen/Desktop/DitBlock/WorkDCT/DitBlock/kernel.cpp:12123]   --->   Operation 102 'bitcast' 'bitcast_ln12123_6' <Predicate = true> <Delay = 0.00>
ST_2 : Operation 103 [1/2] (0.69ns)   --->   "%v6620_7 = load i6 %v6610_7_addr" [/home/silvenchen/Desktop/DitBlock/WorkDCT/DitBlock/kernel.cpp:12116]   --->   Operation 103 'load' 'v6620_7' <Predicate = true> <Delay = 0.69> <CoreInst = "RAM">   --->   Core 83 'RAM' <Latency = 1> <II = 1> <Delay = 0.69> <Storage> <Opcode : 'load' 'store'> <Ports = 2> <Width = 32> <Depth = 64> <RAM>
ST_2 : Operation 104 [1/1] (0.00ns)   --->   "%bitcast_ln12123_7 = bitcast i32 %v6620_7" [/home/silvenchen/Desktop/DitBlock/WorkDCT/DitBlock/kernel.cpp:12123]   --->   Operation 104 'bitcast' 'bitcast_ln12123_7' <Predicate = true> <Delay = 0.00>
ST_2 : Operation 105 [1/1] (1.43ns)   --->   "%write_ln12123 = write void @_ssdm_op_Write.ap_fifo.volatile.i32P0A, i32 %B_fifo4, i32 %bitcast_ln12123" [/home/silvenchen/Desktop/DitBlock/WorkDCT/DitBlock/kernel.cpp:12123]   --->   Operation 105 'write' 'write_ln12123' <Predicate = true> <Delay = 1.43> <CoreInst = "FIFO_SRL">   --->   Core 81 'FIFO_SRL' <Latency = 0> <II = 1> <Delay = 1.43> <Storage> <Opcode : 'read' 'write' 'nbread' 'nbwrite'> <Ports = 0> <Width = 32> <Depth = 9> <FIFO>
ST_2 : Operation 106 [1/1] (1.43ns)   --->   "%write_ln12123 = write void @_ssdm_op_Write.ap_fifo.volatile.i32P0A, i32 %B_fifo4_9, i32 %bitcast_ln12123_1" [/home/silvenchen/Desktop/DitBlock/WorkDCT/DitBlock/kernel.cpp:12123]   --->   Operation 106 'write' 'write_ln12123' <Predicate = true> <Delay = 1.43> <CoreInst = "FIFO_SRL">   --->   Core 81 'FIFO_SRL' <Latency = 0> <II = 1> <Delay = 1.43> <Storage> <Opcode : 'read' 'write' 'nbread' 'nbwrite'> <Ports = 0> <Width = 32> <Depth = 9> <FIFO>
ST_2 : Operation 107 [1/1] (1.43ns)   --->   "%write_ln12123 = write void @_ssdm_op_Write.ap_fifo.volatile.i32P0A, i32 %B_fifo4_18, i32 %bitcast_ln12123_2" [/home/silvenchen/Desktop/DitBlock/WorkDCT/DitBlock/kernel.cpp:12123]   --->   Operation 107 'write' 'write_ln12123' <Predicate = true> <Delay = 1.43> <CoreInst = "FIFO_SRL">   --->   Core 81 'FIFO_SRL' <Latency = 0> <II = 1> <Delay = 1.43> <Storage> <Opcode : 'read' 'write' 'nbread' 'nbwrite'> <Ports = 0> <Width = 32> <Depth = 9> <FIFO>
ST_2 : Operation 108 [1/1] (1.43ns)   --->   "%write_ln12123 = write void @_ssdm_op_Write.ap_fifo.volatile.i32P0A, i32 %B_fifo4_27, i32 %bitcast_ln12123_3" [/home/silvenchen/Desktop/DitBlock/WorkDCT/DitBlock/kernel.cpp:12123]   --->   Operation 108 'write' 'write_ln12123' <Predicate = true> <Delay = 1.43> <CoreInst = "FIFO_SRL">   --->   Core 81 'FIFO_SRL' <Latency = 0> <II = 1> <Delay = 1.43> <Storage> <Opcode : 'read' 'write' 'nbread' 'nbwrite'> <Ports = 0> <Width = 32> <Depth = 9> <FIFO>
ST_2 : Operation 109 [1/1] (1.43ns)   --->   "%write_ln12123 = write void @_ssdm_op_Write.ap_fifo.volatile.i32P0A, i32 %B_fifo4_36, i32 %bitcast_ln12123_4" [/home/silvenchen/Desktop/DitBlock/WorkDCT/DitBlock/kernel.cpp:12123]   --->   Operation 109 'write' 'write_ln12123' <Predicate = true> <Delay = 1.43> <CoreInst = "FIFO_SRL">   --->   Core 81 'FIFO_SRL' <Latency = 0> <II = 1> <Delay = 1.43> <Storage> <Opcode : 'read' 'write' 'nbread' 'nbwrite'> <Ports = 0> <Width = 32> <Depth = 9> <FIFO>
ST_2 : Operation 110 [1/1] (1.43ns)   --->   "%write_ln12123 = write void @_ssdm_op_Write.ap_fifo.volatile.i32P0A, i32 %B_fifo4_45, i32 %bitcast_ln12123_5" [/home/silvenchen/Desktop/DitBlock/WorkDCT/DitBlock/kernel.cpp:12123]   --->   Operation 110 'write' 'write_ln12123' <Predicate = true> <Delay = 1.43> <CoreInst = "FIFO_SRL">   --->   Core 81 'FIFO_SRL' <Latency = 0> <II = 1> <Delay = 1.43> <Storage> <Opcode : 'read' 'write' 'nbread' 'nbwrite'> <Ports = 0> <Width = 32> <Depth = 9> <FIFO>
ST_2 : Operation 111 [1/1] (1.43ns)   --->   "%write_ln12123 = write void @_ssdm_op_Write.ap_fifo.volatile.i32P0A, i32 %B_fifo4_54, i32 %bitcast_ln12123_6" [/home/silvenchen/Desktop/DitBlock/WorkDCT/DitBlock/kernel.cpp:12123]   --->   Operation 111 'write' 'write_ln12123' <Predicate = true> <Delay = 1.43> <CoreInst = "FIFO_SRL">   --->   Core 81 'FIFO_SRL' <Latency = 0> <II = 1> <Delay = 1.43> <Storage> <Opcode : 'read' 'write' 'nbread' 'nbwrite'> <Ports = 0> <Width = 32> <Depth = 9> <FIFO>
ST_2 : Operation 112 [1/1] (1.43ns)   --->   "%write_ln12123 = write void @_ssdm_op_Write.ap_fifo.volatile.i32P0A, i32 %B_fifo4_63, i32 %bitcast_ln12123_7" [/home/silvenchen/Desktop/DitBlock/WorkDCT/DitBlock/kernel.cpp:12123]   --->   Operation 112 'write' 'write_ln12123' <Predicate = true> <Delay = 1.43> <CoreInst = "FIFO_SRL">   --->   Core 81 'FIFO_SRL' <Latency = 0> <II = 1> <Delay = 1.43> <Storage> <Opcode : 'read' 'write' 'nbread' 'nbwrite'> <Ports = 0> <Width = 32> <Depth = 9> <FIFO>
ST_2 : Operation 113 [1/1] (0.00ns)   --->   "%br_ln12116 = br void %for.cond" [/home/silvenchen/Desktop/DitBlock/WorkDCT/DitBlock/kernel.cpp:12116]   --->   Operation 113 'br' 'br_ln12116' <Predicate = true> <Delay = 0.00>


============================================================
+ Verbose Summary: Timing violations
============================================================
Target clock period: 10.000ns, clock uncertainty: 2.700ns.

 <State 1>: 1.480ns
The critical path consists of the following:
	'store' operation 0 bit ('store_ln12116', /home/silvenchen/Desktop/DitBlock/WorkDCT/DitBlock/kernel.cpp:12116) of constant 0 on local variable 'k272', /home/silvenchen/Desktop/DitBlock/WorkDCT/DitBlock/kernel.cpp:12116 [50]  (0.387 ns)
	'load' operation 7 bit ('k272', /home/silvenchen/Desktop/DitBlock/WorkDCT/DitBlock/kernel.cpp:12116) on local variable 'k272', /home/silvenchen/Desktop/DitBlock/WorkDCT/DitBlock/kernel.cpp:12116 [53]  (0.000 ns)
	'icmp' operation 1 bit ('icmp_ln12116', /home/silvenchen/Desktop/DitBlock/WorkDCT/DitBlock/kernel.cpp:12116) [54]  (0.706 ns)
	'store' operation 0 bit ('store_ln12116', /home/silvenchen/Desktop/DitBlock/WorkDCT/DitBlock/kernel.cpp:12116) of variable 'add_ln12116', /home/silvenchen/Desktop/DitBlock/WorkDCT/DitBlock/kernel.cpp:12116 on local variable 'k272', /home/silvenchen/Desktop/DitBlock/WorkDCT/DitBlock/kernel.cpp:12116 [126]  (0.387 ns)

 <State 2>: 2.131ns
The critical path consists of the following:
	'load' operation 32 bit ('v6618', /home/silvenchen/Desktop/DitBlock/WorkDCT/DitBlock/kernel.cpp:12116) on array 'v6609_0' [63]  (0.699 ns)
	fifo write operation ('write_ln12119', /home/silvenchen/Desktop/DitBlock/WorkDCT/DitBlock/kernel.cpp:12119) on port 'A_fifo4' (/home/silvenchen/Desktop/DitBlock/WorkDCT/DitBlock/kernel.cpp:12119) [86]  (1.432 ns)


============================================================
+ Verbose Summary: Binding
============================================================
N/A
* FSMD analyzer results:
  - Output states:
 - Input state : 
  - Chain level:
	State 1
	State 2


============================================================
+ Verbose Summary: Datapath Resource usage 
============================================================
N/A
